[0.004s][info][gc] Min heap equals to max heap, disabling ShenandoahUncommit
[0.009s][info][gc] Heuristics ergonomically sets -XX:+ExplicitGCInvokesConcurrent
[0.009s][info][gc] Heuristics ergonomically sets -XX:+ShenandoahImplicitGCInvokesConcurrent
[0.009s][info][gc] Using Shenandoah
[0.019s][info][gc,ergo] Pacer for Idle. Initial: 163M, Alloc Tax Rate: 1.0x
[0.019s][info][gc,init] Version: 22.0.2+9 (release)
[0.019s][info][gc,init] CPUs: 16 total, 8 available
[0.019s][info][gc,init] Memory: 16099M
[0.019s][info][gc,init] Large Page Support: Disabled
[0.019s][info][gc,init] NUMA Support: Disabled
[0.019s][info][gc,init] Compressed Oops: Enabled (Zero based)
[0.019s][info][gc,init] Heap Min Capacity: 8G
[0.019s][info][gc,init] Heap Initial Capacity: 8G
[0.019s][info][gc,init] Heap Max Capacity: 8G
[0.019s][info][gc,init] Pre-touch: Disabled
[0.019s][info][gc,init] Mode: Incremental-Update (IU)
[0.019s][info][gc,init] Heuristics: Adaptive
[0.019s][info][gc,init] Heap Region Count: 2048
[0.019s][info][gc,init] Heap Region Size: 4M
[0.019s][info][gc,init] TLAB Size Max: 4M
[0.019s][info][gc,init] Humongous Object Threshold: 4M
[0.019s][info][gc,init] Parallel Workers: 4
[0.019s][info][gc,init] Concurrent Workers: 2
[0.041s][info][gc,metaspace] CDS archive(s) mapped at: [0x000001f1e0000000-0x000001f1e0c60000-0x000001f1e0c60000), size 12976128, SharedBaseAddress: 0x000001f1e0000000, ArchiveRelocationMode: 1.
[0.041s][info][gc,metaspace] Compressed class space mapped at: 0x000001f1e1000000-0x000001f221000000, reserved size: 1073741824
[0.041s][info][gc,metaspace] Narrow klass base: 0x000001f1e0000000, Narrow klass shift: 0, Narrow klass range: 0x41000000
[2.165s][info][gc          ] Trigger: Metadata GC Threshold
[2.165s][info][gc,ergo     ] Free: 7036M, Max: 4096K regular, 7036M humongous, Frag: 0% external, 0% internal; Reserve: 412M, Max: 4096K
[2.165s][info][gc,start    ] GC(0) Concurrent reset
[2.165s][info][gc,task     ] GC(0) Using 2 of 4 workers for concurrent reset
[2.165s][info][gc,ergo     ] GC(0) Pacer for Reset. Non-Taxable: 8192M
[2.165s][info][gc          ] GC(0) Concurrent reset 0.144ms
[2.166s][info][gc,start    ] GC(0) Pause Init Mark (unload classes)
[2.166s][info][gc,task     ] GC(0) Using 4 of 4 workers for init marking
[2.166s][info][gc,ergo     ] GC(0) Pacer for Mark. Expected Live: 819M, Free: 7036M, Non-Taxable: 703M, Alloc Tax Rate: 0.1x
[2.166s][info][gc          ] GC(0) Pause Init Mark (unload classes) 0.092ms
[2.166s][info][gc,start    ] GC(0) Concurrent marking roots
[2.166s][info][gc,task     ] GC(0) Using 2 of 4 workers for concurrent marking roots
[2.166s][info][gc          ] GC(0) Concurrent marking roots 0.549ms
[2.166s][info][gc,start    ] GC(0) Concurrent marking (unload classes)
[2.166s][info][gc,task     ] GC(0) Using 2 of 4 workers for concurrent marking
[2.174s][info][gc          ] GC(0) Concurrent marking (unload classes) 8.227ms
[2.175s][info][gc,start    ] GC(0) Pause Final Mark (unload classes)
[2.175s][info][gc,task     ] GC(0) Using 4 of 4 workers for final marking
[2.175s][info][gc,ergo     ] GC(0) Adaptive CSet Selection. Target Free: 1160M, Actual Free: 7881M, Max CSet: 341M, Min Garbage: 0B
[2.175s][info][gc,ergo     ] GC(0) Collectable Garbage: 627M (100%), Immediate: 441M (70%), CSet: 186M (29%)
[2.175s][info][gc,ergo     ] GC(0) Pacer for Evacuation. Used CSet: 200M, Free: 7572M, Non-Taxable: 757M, Alloc Tax Rate: 1.1x
[2.175s][info][gc          ] GC(0) Pause Final Mark (unload classes) 0.560ms
[2.175s][info][gc,start    ] GC(0) Concurrent thread roots
[2.175s][info][gc,task     ] GC(0) Using 2 of 4 workers for Concurrent thread roots
[2.175s][info][gc          ] GC(0) Concurrent thread roots 0.395ms
[2.175s][info][gc,start    ] GC(0) Concurrent weak references
[2.176s][info][gc,task     ] GC(0) Using 2 of 4 workers for concurrent weak references
[2.176s][info][gc,ref      ] GC(0) Encountered references: Soft: 4265, Weak: 4522, Final: 35, Phantom: 1728
[2.176s][info][gc,ref      ] GC(0) Discovered  references: Soft: 0, Weak: 2486, Final: 2, Phantom: 1649
[2.176s][info][gc,ref      ] GC(0) Enqueued    references: Soft: 0, Weak: 2130, Final: 2, Phantom: 1306
[2.176s][info][gc          ] GC(0) Concurrent weak references 0.547ms
[2.176s][info][gc,start    ] GC(0) Concurrent weak roots
[2.176s][info][gc,task     ] GC(0) Using 2 of 4 workers for concurrent weak root
[2.178s][info][gc          ] GC(0) Concurrent weak roots 1.953ms
[2.178s][info][gc,start    ] GC(0) Concurrent cleanup
[2.178s][info][gc          ] GC(0) Concurrent cleanup 658M->216M(8192M) 0.039ms
[2.178s][info][gc,ergo     ] GC(0) Free: 7564M, Max: 4096K regular, 7020M humongous, Frag: 8% external, 0% internal; Reserve: 411M, Max: 4096K
[2.178s][info][gc,start    ] GC(0) Concurrent class unloading
[2.178s][info][gc,task     ] GC(0) Using 2 of 4 workers for concurrent class unloading
[2.181s][info][gc          ] GC(0) Concurrent class unloading 2.406ms
[2.181s][info][gc,start    ] GC(0) Concurrent strong roots
[2.181s][info][gc,task     ] GC(0) Using 2 of 4 workers for concurrent strong root
[2.182s][info][gc          ] GC(0) Concurrent strong roots 0.973ms
[2.182s][info][gc,start    ] GC(0) Concurrent evacuation
[2.182s][info][gc,task     ] GC(0) Using 2 of 4 workers for concurrent evacuation
[2.189s][info][gc          ] GC(0) Concurrent evacuation 7.834ms
[2.189s][info][gc,start    ] GC(0) Pause Init Update Refs
[2.189s][info][gc,ergo     ] GC(0) Pacer for Update Refs. Used: 235M, Free: 7564M, Non-Taxable: 756M, Alloc Tax Rate: 1.1x
[2.189s][info][gc          ] GC(0) Pause Init Update Refs 0.044ms
[2.190s][info][gc,start    ] GC(0) Concurrent update references
[2.190s][info][gc,task     ] GC(0) Using 2 of 4 workers for concurrent reference update
[2.195s][info][gc          ] GC(0) Concurrent update references 5.971ms
[2.196s][info][gc,start    ] GC(0) Concurrent update thread roots
[2.196s][info][gc          ] GC(0) Concurrent update thread roots 0.453ms
[2.196s][info][gc,start    ] GC(0) Pause Final Update Refs
[2.196s][info][gc,task     ] GC(0) Using 4 of 4 workers for final reference update
[2.196s][info][gc          ] GC(0) Pause Final Update Refs 0.089ms
[2.196s][info][gc,start    ] GC(0) Concurrent cleanup
[2.196s][info][gc          ] GC(0) Concurrent cleanup 235M->35M(8192M) 0.025ms
[2.196s][info][gc,ergo     ] Free: 7744M, Max: 4096K regular, 7000M humongous, Frag: 10% external, 0% internal; Reserve: 412M, Max: 4096K
[2.196s][info][gc,stats    ] 
[2.196s][info][gc,stats    ] All times are wall-clock times, except per-root-class counters, that are sum over
[2.196s][info][gc,stats    ] all workers. Dividing the <total> over the root stage time estimates parallelism.
[2.196s][info][gc,stats    ] 
[2.196s][info][gc,stats    ] Concurrent Reset                    165 us
[2.196s][info][gc,stats    ] Pause Init Mark (G)                 276 us
[2.196s][info][gc,stats    ] Pause Init Mark (N)                 113 us
[2.196s][info][gc,stats    ]   Update Region States               12 us
[2.196s][info][gc,stats    ] Concurrent Mark Roots               567 us, parallelism: 1.53x
[2.196s][info][gc,stats    ]   CMR: <total>                      868 us
[2.196s][info][gc,stats    ]   CMR: Thread Roots                 506 us, workers (us): 121, 385, ---, ---, 
[2.196s][info][gc,stats    ]   CMR: VM Strong Roots               80 us, workers (us):  62,  18, ---, ---, 
[2.196s][info][gc,stats    ]   CMR: CLDG Roots                   283 us, workers (us): 283, ---, ---, ---, 
[2.196s][info][gc,stats    ] Concurrent Marking                 8260 us
[2.196s][info][gc,stats    ] Pause Final Mark (G)                629 us
[2.196s][info][gc,stats    ] Pause Final Mark (N)                570 us
[2.196s][info][gc,stats    ]   Finish Mark                       409 us
[2.197s][info][gc,stats    ]   Update Region States               39 us
[2.197s][info][gc,stats    ]   Choose Collection Set              48 us
[2.197s][info][gc,stats    ]   Rebuild Free Set                    8 us
[2.197s][info][gc,stats    ] Concurrent Thread Roots             416 us, parallelism: 1.16x
[2.197s][info][gc,stats    ]   CTR: <total>                      482 us
[2.197s][info][gc,stats    ]   CTR: Thread Roots                 482 us, workers (us): 323, 159, ---, ---, 
[2.197s][info][gc,stats    ] Concurrent Weak References          559 us, parallelism: 1.02x
[2.197s][info][gc,stats    ]   CWRF: <total>                     568 us
[2.197s][info][gc,stats    ]   CWRF: Weak References             568 us, workers (us): 426, 142, ---, ---, 
[2.197s][info][gc,stats    ] Concurrent Weak Roots              1977 us
[2.197s][info][gc,stats    ]   Roots                            1660 us, parallelism: 1.88x
[2.197s][info][gc,stats    ]     CWR: <total>                   3119 us
[2.197s][info][gc,stats    ]     CWR: Code Cache Roots          1294 us, workers (us): 664, 630, ---, ---, 
[2.197s][info][gc,stats    ]     CWR: VM Weak Roots             1795 us, workers (us): 914, 881, ---, ---, 
[2.197s][info][gc,stats    ]     CWR: CLDG Roots                  30 us, workers (us):  30, ---, ---, ---, 
[2.197s][info][gc,stats    ]   Rendezvous                        272 us
[2.197s][info][gc,stats    ] Concurrent Cleanup                   53 us
[2.197s][info][gc,stats    ] Concurrent Class Unloading         2432 us
[2.197s][info][gc,stats    ]   Unlink Stale                     1664 us
[2.197s][info][gc,stats    ]     System Dictionary                21 us
[2.197s][info][gc,stats    ]     Code Roots                     1642 us
[2.197s][info][gc,stats    ]   Rendezvous                         15 us
[2.197s][info][gc,stats    ]   Purge Unlinked                    704 us
[2.197s][info][gc,stats    ]     Code Roots                      687 us
[2.197s][info][gc,stats    ]     CLDG                             17 us
[2.197s][info][gc,stats    ]     Exception Caches                  0 us
[2.197s][info][gc,stats    ] Concurrent Strong Roots             995 us, parallelism: 0.95x
[2.197s][info][gc,stats    ]   CSR: <total>                      940 us
[2.197s][info][gc,stats    ]   CSR: VM Strong Roots               35 us, workers (us):  27,   8, ---, ---, 
[2.197s][info][gc,stats    ]   CSR: CLDG Roots                   905 us, workers (us): ---, 905, ---, ---, 
[2.197s][info][gc,stats    ] Concurrent Evacuation              7871 us
[2.197s][info][gc,stats    ] Pause Init Update Refs (G)           89 us
[2.197s][info][gc,stats    ] Pause Init Update Refs (N)           55 us
[2.197s][info][gc,stats    ]   Manage GCLABs                       3 us
[2.197s][info][gc,stats    ] Concurrent Update Refs             5999 us
[2.197s][info][gc,stats    ] Concurrent Update Thread Roots      469 us
[2.197s][info][gc,stats    ] Pause Final Update Refs (G)         275 us
[2.197s][info][gc,stats    ] Pause Final Update Refs (N)         113 us
[2.197s][info][gc,stats    ]   Update Region States               40 us
[2.197s][info][gc,stats    ]   Trash Collection Set                2 us
[2.197s][info][gc,stats    ]   Rebuild Free Set                   11 us
[2.197s][info][gc,stats    ] Concurrent Cleanup                   37 us
[2.197s][info][gc,stats    ] 
[2.197s][info][gc,stats    ] Allocation pacing accrued:
[2.197s][info][gc,stats    ]       0 of  2178 ms (  0.0%): <total>
[2.197s][info][gc,stats    ]       0 of  2178 ms (  0.0%): <average total>
[2.197s][info][gc,stats    ] 
[2.197s][info][gc,metaspace] Metaspace: 21295K(21824K)->21885K(22400K) NonClass: 18815K(19136K)->19343K(19648K) Class: 2480K(2688K)->2542K(2752K)
[2.197s][info][gc,ergo     ] Pacer for Idle. Initial: 163M, Alloc Tax Rate: 1.0x
[3.106s][info][gc          ] Trigger: Metadata GC Threshold
[3.106s][info][gc,ergo     ] Free: 7420M, Max: 4096K regular, 7000M humongous, Frag: 6% external, 0% internal; Reserve: 412M, Max: 4096K
[3.106s][info][gc,start    ] GC(1) Concurrent reset
[3.106s][info][gc,task     ] GC(1) Using 2 of 4 workers for concurrent reset
[3.106s][info][gc,ergo     ] GC(1) Pacer for Reset. Non-Taxable: 8192M
[3.107s][info][gc          ] GC(1) Concurrent reset 0.715ms
[3.107s][info][gc,start    ] GC(1) Pause Init Mark (unload classes)
[3.107s][info][gc,task     ] GC(1) Using 4 of 4 workers for init marking
[3.107s][info][gc,ergo     ] GC(1) Pacer for Mark. Expected Live: 13939K, Free: 7420M, Non-Taxable: 742M, Alloc Tax Rate: 0.0x
[3.107s][info][gc          ] GC(1) Pause Init Mark (unload classes) 0.166ms
[3.107s][info][gc,start    ] GC(1) Concurrent marking roots
[3.107s][info][gc,task     ] GC(1) Using 2 of 4 workers for concurrent marking roots
[3.110s][info][gc          ] GC(1) Concurrent marking roots 2.852ms
[3.110s][info][gc,start    ] GC(1) Concurrent marking (unload classes)
[3.110s][info][gc,task     ] GC(1) Using 2 of 4 workers for concurrent marking
[3.171s][info][gc          ] GC(1) Concurrent marking (unload classes) 61.495ms
[3.171s][info][gc,start    ] GC(1) Pause Final Mark (unload classes)
[3.171s][info][gc,task     ] GC(1) Using 4 of 4 workers for final marking
[3.173s][info][gc,ergo     ] GC(1) Adaptive CSet Selection. Target Free: 1160M, Actual Free: 7876M, Max CSet: 341M, Min Garbage: 0B
[3.173s][info][gc,ergo     ] GC(1) Collectable Garbage: 294M (99%), Immediate: 69632K (23%), CSet: 226M (76%)
[3.173s][info][gc,ergo     ] GC(1) Pacer for Evacuation. Used CSet: 275M, Free: 7464M, Non-Taxable: 746M, Alloc Tax Rate: 1.1x
[3.173s][info][gc          ] GC(1) Pause Final Mark (unload classes) 1.775ms
[3.173s][info][gc,start    ] GC(1) Concurrent thread roots
[3.173s][info][gc,task     ] GC(1) Using 2 of 4 workers for Concurrent thread roots
[3.175s][info][gc          ] GC(1) Concurrent thread roots 1.579ms
[3.175s][info][gc,start    ] GC(1) Concurrent weak references
[3.175s][info][gc,task     ] GC(1) Using 2 of 4 workers for concurrent weak references
[3.175s][info][gc,ref      ] GC(1) Encountered references: Soft: 4464, Weak: 6050, Final: 33, Phantom: 966
[3.175s][info][gc,ref      ] GC(1) Discovered  references: Soft: 0, Weak: 1548, Final: 0, Phantom: 885
[3.175s][info][gc,ref      ] GC(1) Enqueued    references: Soft: 0, Weak: 674, Final: 0, Phantom: 534
[3.175s][info][gc          ] GC(1) Concurrent weak references 0.325ms
[3.175s][info][gc,start    ] GC(1) Concurrent weak roots
[3.175s][info][gc,task     ] GC(1) Using 2 of 4 workers for concurrent weak root
[3.177s][info][gc          ] GC(1) Concurrent weak roots 1.969ms
[3.177s][info][gc,start    ] GC(1) Concurrent cleanup
[3.177s][info][gc          ] GC(1) Concurrent cleanup 392M->324M(8192M) 0.057ms
[3.177s][info][gc,ergo     ] GC(1) Free: 7456M, Max: 4096K regular, 7000M humongous, Frag: 7% external, 0% internal; Reserve: 410M, Max: 4096K
[3.177s][info][gc,start    ] GC(1) Concurrent class unloading
[3.177s][info][gc,task     ] GC(1) Using 2 of 4 workers for concurrent class unloading
[3.187s][info][gc          ] GC(1) Concurrent class unloading 9.538ms
[3.187s][info][gc,start    ] GC(1) Concurrent strong roots
[3.187s][info][gc,task     ] GC(1) Using 2 of 4 workers for concurrent strong root
[3.188s][info][gc          ] GC(1) Concurrent strong roots 0.975ms
[3.188s][info][gc,start    ] GC(1) Concurrent evacuation
[3.188s][info][gc,task     ] GC(1) Using 2 of 4 workers for concurrent evacuation
[3.226s][info][gc          ] GC(1) Concurrent evacuation 37.667ms
[3.226s][info][gc,start    ] GC(1) Pause Init Update Refs
[3.226s][info][gc,ergo     ] GC(1) Pacer for Update Refs. Used: 391M, Free: 7444M, Non-Taxable: 744M, Alloc Tax Rate: 1.1x
[3.226s][info][gc          ] GC(1) Pause Init Update Refs 0.043ms
[3.226s][info][gc,start    ] GC(1) Concurrent update references
[3.226s][info][gc,task     ] GC(1) Using 2 of 4 workers for concurrent reference update
[3.274s][info][gc          ] GC(1) Concurrent update references 48.014ms
[3.274s][info][gc,start    ] GC(1) Concurrent update thread roots
[3.290s][info][gc          ] GC(1) Concurrent update thread roots 16.256ms
[3.290s][info][gc,start    ] GC(1) Pause Final Update Refs
[3.290s][info][gc,task     ] GC(1) Using 4 of 4 workers for final reference update
[3.290s][info][gc          ] GC(1) Pause Final Update Refs 0.096ms
[3.291s][info][gc,start    ] GC(1) Concurrent cleanup
[3.291s][info][gc          ] GC(1) Concurrent cleanup 407M->131M(8192M) 0.098ms
[3.291s][info][gc,ergo     ] Free: 7648M, Max: 4096K regular, 7356M humongous, Frag: 4% external, 0% internal; Reserve: 412M, Max: 4096K
[3.291s][info][gc,stats    ] 
[3.291s][info][gc,stats    ] All times are wall-clock times, except per-root-class counters, that are sum over
[3.291s][info][gc,stats    ] all workers. Dividing the <total> over the root stage time estimates parallelism.
[3.291s][info][gc,stats    ] 
[3.291s][info][gc,stats    ] Concurrent Reset                    750 us
[3.291s][info][gc,stats    ] Pause Init Mark (G)                 311 us
[3.291s][info][gc,stats    ] Pause Init Mark (N)                 179 us
[3.291s][info][gc,stats    ]   Update Region States               83 us
[3.291s][info][gc,stats    ] Concurrent Mark Roots              2888 us, parallelism: 1.14x
[3.291s][info][gc,stats    ]   CMR: <total>                     3306 us
[3.291s][info][gc,stats    ]   CMR: Thread Roots                3050 us, workers (us): 2710, 340, ---, ---, 
[3.291s][info][gc,stats    ]   CMR: VM Strong Roots               39 us, workers (us):  22,  17, ---, ---, 
[3.291s][info][gc,stats    ]   CMR: CLDG Roots                   217 us, workers (us): ---, 217, ---, ---, 
[3.291s][info][gc,stats    ] Concurrent Marking                61552 us
[3.291s][info][gc,stats    ] Pause Final Mark (G)               1907 us
[3.291s][info][gc,stats    ] Pause Final Mark (N)               1786 us
[3.291s][info][gc,stats    ]   Finish Mark                      1617 us
[3.291s][info][gc,stats    ]   Update Region States               52 us
[3.291s][info][gc,stats    ]   Choose Collection Set              44 us
[3.291s][info][gc,stats    ]   Rebuild Free Set                    8 us
[3.291s][info][gc,stats    ] Concurrent Thread Roots            1599 us, parallelism: 1.14x
[3.291s][info][gc,stats    ]   CTR: <total>                     1818 us
[3.291s][info][gc,stats    ]   CTR: Thread Roots                1818 us, workers (us): 1535, 282, ---, ---, 
[3.291s][info][gc,stats    ] Concurrent Weak References          336 us, parallelism: 1.11x
[3.291s][info][gc,stats    ]   CWRF: <total>                     374 us
[3.291s][info][gc,stats    ]   CWRF: Weak References             374 us, workers (us): 216, 157, ---, ---, 
[3.291s][info][gc,stats    ] Concurrent Weak Roots              2015 us
[3.291s][info][gc,stats    ]   Roots                            1912 us, parallelism: 1.93x
[3.291s][info][gc,stats    ]     CWR: <total>                   3695 us
[3.291s][info][gc,stats    ]     CWR: Code Cache Roots          1659 us, workers (us): 845, 814, ---, ---, 
[3.291s][info][gc,stats    ]     CWR: VM Weak Roots             1991 us, workers (us): 1018, 973, ---, ---, 
[3.291s][info][gc,stats    ]     CWR: CLDG Roots                  44 us, workers (us): ---,  44, ---, ---, 
[3.291s][info][gc,stats    ]   Rendezvous                         35 us
[3.291s][info][gc,stats    ] Concurrent Cleanup                   70 us
[3.291s][info][gc,stats    ] Concurrent Class Unloading         9595 us
[3.291s][info][gc,stats    ]   Unlink Stale                     8003 us
[3.291s][info][gc,stats    ]     System Dictionary               172 us
[3.291s][info][gc,stats    ]     Weak Class Links               4562 us
[3.291s][info][gc,stats    ]     Code Roots                     3267 us
[3.291s][info][gc,stats    ]   Rendezvous                         45 us
[3.291s][info][gc,stats    ]   Purge Unlinked                   1465 us
[3.291s][info][gc,stats    ]     Code Roots                     1433 us
[3.291s][info][gc,stats    ]     CLDG                             32 us
[3.291s][info][gc,stats    ]     Exception Caches                  0 us
[3.291s][info][gc,stats    ] Concurrent Strong Roots             997 us, parallelism: 0.93x
[3.291s][info][gc,stats    ]   CSR: <total>                      923 us
[3.291s][info][gc,stats    ]   CSR: VM Strong Roots               21 us, workers (us):  10,  11, ---, ---, 
[3.291s][info][gc,stats    ]   CSR: CLDG Roots                   901 us, workers (us): 901, ---, ---, ---, 
[3.291s][info][gc,stats    ] Concurrent Evacuation             37708 us
[3.291s][info][gc,stats    ] Pause Init Update Refs (G)          153 us
[3.291s][info][gc,stats    ] Pause Init Update Refs (N)           54 us
[3.291s][info][gc,stats    ]   Manage GCLABs                       3 us
[3.291s][info][gc,stats    ] Concurrent Update Refs            48089 us
[3.291s][info][gc,stats    ] Concurrent Update Thread Roots    16402 us
[3.291s][info][gc,stats    ] Pause Final Update Refs (G)         310 us
[3.291s][info][gc,stats    ] Pause Final Update Refs (N)         111 us
[3.291s][info][gc,stats    ]   Update Region States               39 us
[3.291s][info][gc,stats    ]   Trash Collection Set                2 us
[3.291s][info][gc,stats    ]   Rebuild Free Set                   11 us
[3.291s][info][gc,stats    ] Concurrent Cleanup                  119 us
[3.291s][info][gc,stats    ] 
[3.291s][info][gc,stats    ] Allocation pacing accrued:
[3.291s][info][gc,stats    ]       0 of  1094 ms (  0.0%): <total>
[3.291s][info][gc,stats    ]       0 of  1094 ms (  0.0%): <average total>
[3.291s][info][gc,stats    ] 
[3.291s][info][gc,metaspace] Metaspace: 36862K(37440K)->37431K(38016K) NonClass: 32391K(32704K)->32820K(33152K) Class: 4471K(4736K)->4610K(4864K)
[3.291s][info][gc,ergo     ] Pacer for Idle. Initial: 163M, Alloc Tax Rate: 1.0x
[5.214s][info][gc          ] Trigger: Metadata GC Threshold
[5.214s][info][gc,ergo     ] Free: 7104M, Max: 4096K regular, 7104M humongous, Frag: 0% external, 0% internal; Reserve: 412M, Max: 4096K
[5.214s][info][gc,start    ] GC(2) Concurrent reset
[5.214s][info][gc,task     ] GC(2) Using 2 of 4 workers for concurrent reset
[5.215s][info][gc,ergo     ] GC(2) Pacer for Reset. Non-Taxable: 8192M
[5.215s][info][gc          ] GC(2) Concurrent reset 0.764ms
[5.230s][info][gc,start    ] GC(2) Pause Init Mark (unload classes)
[5.230s][info][gc,task     ] GC(2) Using 4 of 4 workers for init marking
[5.230s][info][gc,ergo     ] GC(2) Pacer for Mark. Expected Live: 39623K, Free: 7104M, Non-Taxable: 710M, Alloc Tax Rate: 0.0x
[5.230s][info][gc          ] GC(2) Pause Init Mark (unload classes) 0.159ms
[5.230s][info][gc,start    ] GC(2) Concurrent marking roots
[5.230s][info][gc,task     ] GC(2) Using 2 of 4 workers for concurrent marking roots
[5.231s][info][gc          ] GC(2) Concurrent marking roots 0.678ms
[5.231s][info][gc,start    ] GC(2) Concurrent marking (unload classes)
[5.231s][info][gc,task     ] GC(2) Using 2 of 4 workers for concurrent marking
[5.353s][info][gc          ] GC(2) Concurrent marking (unload classes) 121.890ms
[5.353s][info][gc,start    ] GC(2) Pause Final Mark (unload classes)
[5.353s][info][gc,task     ] GC(2) Using 4 of 4 workers for final marking
[5.353s][info][gc,ergo     ] GC(2) Adaptive CSet Selection. Target Free: 1160M, Actual Free: 7500M, Max CSet: 341M, Min Garbage: 0B
[5.353s][info][gc,ergo     ] GC(2) Collectable Garbage: 502M (99%), Immediate: 0B (0%), CSet: 502M (99%)
[5.353s][info][gc,ergo     ] GC(2) Pacer for Evacuation. Used CSet: 616M, Free: 7088M, Non-Taxable: 708M, Alloc Tax Rate: 1.1x
[5.353s][info][gc          ] GC(2) Pause Final Mark (unload classes) 0.365ms
[5.353s][info][gc,start    ] GC(2) Concurrent thread roots
[5.353s][info][gc,task     ] GC(2) Using 2 of 4 workers for Concurrent thread roots
[5.354s][info][gc          ] GC(2) Concurrent thread roots 0.402ms
[5.354s][info][gc,start    ] GC(2) Concurrent weak references
[5.354s][info][gc,task     ] GC(2) Using 2 of 4 workers for concurrent weak references
[5.356s][info][gc,ref      ] GC(2) Encountered references: Soft: 4727, Weak: 17070, Final: 33, Phantom: 4072
[5.356s][info][gc,ref      ] GC(2) Discovered  references: Soft: 0, Weak: 11651, Final: 0, Phantom: 3930
[5.356s][info][gc,ref      ] GC(2) Enqueued    references: Soft: 0, Weak: 3757, Final: 0, Phantom: 3640
[5.356s][info][gc          ] GC(2) Concurrent weak references 2.723ms
[5.356s][info][gc,start    ] GC(2) Concurrent weak roots
[5.356s][info][gc,task     ] GC(2) Using 2 of 4 workers for concurrent weak root
[5.361s][info][gc          ] GC(2) Concurrent weak roots 4.194ms
[5.361s][info][gc,start    ] GC(2) Concurrent cleanup
[5.361s][info][gc          ] GC(2) Concurrent cleanup 702M->702M(8192M) 0.037ms
[5.361s][info][gc,ergo     ] GC(2) Free: 7080M, Max: 4096K regular, 7080M humongous, Frag: 0% external, 0% internal; Reserve: 408M, Max: 4096K
[5.361s][info][gc,start    ] GC(2) Concurrent class unloading
[5.361s][info][gc,task     ] GC(2) Using 2 of 4 workers for concurrent class unloading
[5.369s][info][gc          ] GC(2) Concurrent class unloading 8.510ms
[5.369s][info][gc,start    ] GC(2) Concurrent strong roots
[5.369s][info][gc,task     ] GC(2) Using 2 of 4 workers for concurrent strong root
[5.371s][info][gc          ] GC(2) Concurrent strong roots 1.944ms
[5.371s][info][gc,start    ] GC(2) Concurrent evacuation
[5.371s][info][gc,task     ] GC(2) Using 2 of 4 workers for concurrent evacuation
[5.459s][info][gc          ] GC(2) Concurrent evacuation 88.010ms
[5.459s][info][gc,start    ] GC(2) Pause Init Update Refs
[5.459s][info][gc,ergo     ] GC(2) Pacer for Update Refs. Used: 823M, Free: 7076M, Non-Taxable: 707M, Alloc Tax Rate: 1.1x
[5.459s][info][gc          ] GC(2) Pause Init Update Refs 0.045ms
[5.459s][info][gc,start    ] GC(2) Concurrent update references
[5.459s][info][gc,task     ] GC(2) Using 2 of 4 workers for concurrent reference update
[5.570s][info][gc          ] GC(2) Concurrent update references 110.649ms
[5.570s][info][gc,start    ] GC(2) Concurrent update thread roots
[5.571s][info][gc          ] GC(2) Concurrent update thread roots 0.695ms
[5.571s][info][gc,start    ] GC(2) Pause Final Update Refs
[5.571s][info][gc,task     ] GC(2) Using 4 of 4 workers for final reference update
[5.571s][info][gc          ] GC(2) Pause Final Update Refs 0.097ms
[5.571s][info][gc,start    ] GC(2) Concurrent cleanup
[5.571s][info][gc          ] GC(2) Concurrent cleanup 839M->223M(8192M) 0.035ms
[5.571s][info][gc,ergo     ] Free: 7556M, Max: 4096K regular, 6952M humongous, Frag: 8% external, 0% internal; Reserve: 412M, Max: 4096K
[5.571s][info][gc,stats    ] 
[5.571s][info][gc,stats    ] All times are wall-clock times, except per-root-class counters, that are sum over
[5.571s][info][gc,stats    ] all workers. Dividing the <total> over the root stage time estimates parallelism.
[5.571s][info][gc,stats    ] 
[5.571s][info][gc,stats    ] Concurrent Reset                    808 us
[5.571s][info][gc,stats    ] Pause Init Mark (G)               14771 us
[5.571s][info][gc,stats    ] Pause Init Mark (N)                 170 us
[5.571s][info][gc,stats    ]   Update Region States               78 us
[5.571s][info][gc,stats    ] Concurrent Mark Roots               704 us, parallelism: 1.29x
[5.571s][info][gc,stats    ]   CMR: <total>                      908 us
[5.571s][info][gc,stats    ]   CMR: Thread Roots                 662 us, workers (us): 403, 259, ---, ---, 
[5.571s][info][gc,stats    ]   CMR: VM Strong Roots               42 us, workers (us):  39,   3, ---, ---, 
[5.571s][info][gc,stats    ]   CMR: CLDG Roots                   204 us, workers (us): ---, 204, ---, ---, 
[5.571s][info][gc,stats    ] Concurrent Marking               121958 us
[5.571s][info][gc,stats    ] Pause Final Mark (G)                448 us
[5.571s][info][gc,stats    ] Pause Final Mark (N)                376 us
[5.571s][info][gc,stats    ]   Finish Mark                       165 us
[5.571s][info][gc,stats    ]   Update Region States               40 us
[5.571s][info][gc,stats    ]   Choose Collection Set              82 us
[5.571s][info][gc,stats    ]   Rebuild Free Set                   14 us
[5.571s][info][gc,stats    ] Concurrent Thread Roots             424 us, parallelism: 1.47x
[5.571s][info][gc,stats    ]   CTR: <total>                      624 us
[5.571s][info][gc,stats    ]   CTR: Thread Roots                 624 us, workers (us): 356, 268, ---, ---, 
[5.571s][info][gc,stats    ] Concurrent Weak References         2736 us, parallelism: 1.56x
[5.571s][info][gc,stats    ]   CWRF: <total>                    4276 us
[5.571s][info][gc,stats    ]   CWRF: Weak References            4276 us, workers (us): 2609, 1667, ---, ---, 
[5.571s][info][gc,stats    ] Concurrent Weak Roots              4226 us
[5.572s][info][gc,stats    ]   Roots                            3360 us, parallelism: 1.93x
[5.572s][info][gc,stats    ]     CWR: <total>                   6495 us
[5.572s][info][gc,stats    ]     CWR: Code Cache Roots          2326 us, workers (us): 1118, 1208, ---, ---, 
[5.572s][info][gc,stats    ]     CWR: VM Weak Roots             4086 us, workers (us): 2035, 2051, ---, ---, 
[5.572s][info][gc,stats    ]     CWR: CLDG Roots                  83 us, workers (us):  83, ---, ---, ---, 
[5.572s][info][gc,stats    ]   Rendezvous                        745 us
[5.572s][info][gc,stats    ] Concurrent Cleanup                   50 us
[5.572s][info][gc,stats    ] Concurrent Class Unloading         8549 us
[5.572s][info][gc,stats    ]   Unlink Stale                     3292 us
[5.572s][info][gc,stats    ]     System Dictionary                45 us
[5.572s][info][gc,stats    ]     Weak Class Links                  0 us
[5.572s][info][gc,stats    ]     Code Roots                     3247 us
[5.572s][info][gc,stats    ]   Rendezvous                         25 us
[5.572s][info][gc,stats    ]   Purge Unlinked                   5164 us
[5.572s][info][gc,stats    ]     Code Roots                     5118 us
[5.572s][info][gc,stats    ]     CLDG                             45 us
[5.572s][info][gc,stats    ]     Exception Caches                  0 us
[5.572s][info][gc,stats    ] Concurrent Strong Roots            1980 us, parallelism: 0.95x
[5.572s][info][gc,stats    ]   CSR: <total>                     1884 us
[5.572s][info][gc,stats    ]   CSR: VM Strong Roots               21 us, workers (us):  17,   4, ---, ---, 
[5.572s][info][gc,stats    ]   CSR: CLDG Roots                  1863 us, workers (us): ---, 1863, ---, ---, 
[5.572s][info][gc,stats    ] Concurrent Evacuation             88063 us
[5.572s][info][gc,stats    ] Pause Init Update Refs (G)          166 us
[5.572s][info][gc,stats    ] Pause Init Update Refs (N)           56 us
[5.572s][info][gc,stats    ]   Manage GCLABs                       4 us
[5.572s][info][gc,stats    ] Concurrent Update Refs           110689 us
[5.572s][info][gc,stats    ] Concurrent Update Thread Roots      731 us
[5.572s][info][gc,stats    ] Pause Final Update Refs (G)         215 us
[5.572s][info][gc,stats    ] Pause Final Update Refs (N)         122 us
[5.572s][info][gc,stats    ]   Update Region States               37 us
[5.572s][info][gc,stats    ]   Trash Collection Set                3 us
[5.572s][info][gc,stats    ]   Rebuild Free Set                   11 us
[5.572s][info][gc,stats    ] Concurrent Cleanup                   49 us
[5.572s][info][gc,stats    ] 
[5.572s][info][gc,stats    ] Allocation pacing accrued:
[5.572s][info][gc,stats    ]       0 of  2281 ms (  0.0%): <total>
[5.572s][info][gc,stats    ]       0 of  2281 ms (  0.0%): <average total>
[5.572s][info][gc,stats    ] 
[5.572s][info][gc,metaspace] Metaspace: 62780K(63616K)->67342K(68224K) NonClass: 53538K(54016K)->57111K(57600K) Class: 9242K(9600K)->10231K(10624K)
[5.572s][info][gc,ergo     ] Pacer for Idle. Initial: 163M, Alloc Tax Rate: 1.0x
[12.140s][info][gc          ] Trigger: Metadata GC Threshold
[12.141s][info][gc,ergo     ] Free: 6400M, Max: 4096K regular, 6400M humongous, Frag: 0% external, 0% internal; Reserve: 412M, Max: 4096K
[12.141s][info][gc,start    ] GC(3) Concurrent reset
[12.141s][info][gc,task     ] GC(3) Using 2 of 4 workers for concurrent reset
[12.141s][info][gc,ergo     ] GC(3) Pacer for Reset. Non-Taxable: 8192M
[12.144s][info][gc          ] GC(3) Concurrent reset 3.217ms
[12.144s][info][gc,start    ] GC(3) Pause Init Mark (unload classes)
[12.144s][info][gc,task     ] GC(3) Using 4 of 4 workers for init marking
[12.144s][info][gc,ergo     ] GC(3) Pacer for Mark. Expected Live: 85039K, Free: 6400M, Non-Taxable: 640M, Alloc Tax Rate: 0.0x
[12.144s][info][gc          ] GC(3) Pause Init Mark (unload classes) 0.190ms
[12.144s][info][gc,start    ] GC(3) Concurrent marking roots
[12.144s][info][gc,task     ] GC(3) Using 2 of 4 workers for concurrent marking roots
[12.146s][info][gc          ] GC(3) Concurrent marking roots 2.171ms
[12.146s][info][gc,start    ] GC(3) Concurrent marking (unload classes)
[12.146s][info][gc,task     ] GC(3) Using 2 of 4 workers for concurrent marking
[12.348s][info][gc          ] GC(3) Concurrent marking (unload classes) 201.880ms
[12.348s][info][gc,start    ] GC(3) Pause Final Mark (unload classes)
[12.348s][info][gc,task     ] GC(3) Using 4 of 4 workers for final marking
[12.349s][info][gc,ergo     ] GC(3) Adaptive CSet Selection. Target Free: 1160M, Actual Free: 6868M, Max CSet: 341M, Min Garbage: 0B
[12.349s][info][gc,ergo     ] GC(3) Collectable Garbage: 1132M (99%), Immediate: 148M (12%), CSet: 984M (86%)
[12.349s][info][gc,ergo     ] GC(3) Pacer for Evacuation. Used CSet: 1060M, Free: 6456M, Non-Taxable: 645M, Alloc Tax Rate: 1.1x
[12.349s][info][gc          ] GC(3) Pause Final Mark (unload classes) 0.732ms
[12.349s][info][gc,start    ] GC(3) Concurrent thread roots
[12.349s][info][gc,task     ] GC(3) Using 2 of 4 workers for Concurrent thread roots
[12.350s][info][gc          ] GC(3) Concurrent thread roots 1.118ms
[12.350s][info][gc,start    ] GC(3) Concurrent weak references
[12.350s][info][gc,task     ] GC(3) Using 2 of 4 workers for concurrent weak references
[12.352s][info][gc,ref      ] GC(3) Encountered references: Soft: 5696, Weak: 24642, Final: 34, Phantom: 4586
[12.352s][info][gc,ref      ] GC(3) Discovered  references: Soft: 0, Weak: 19365, Final: 0, Phantom: 4441
[12.352s][info][gc,ref      ] GC(3) Enqueued    references: Soft: 0, Weak: 4477, Final: 0, Phantom: 4130
[12.352s][info][gc          ] GC(3) Concurrent weak references 2.015ms
[12.352s][info][gc,start    ] GC(3) Concurrent weak roots
[12.352s][info][gc,task     ] GC(3) Using 2 of 4 workers for concurrent weak root
[12.358s][info][gc          ] GC(3) Concurrent weak roots 5.523ms
[12.358s][info][gc,start    ] GC(3) Concurrent cleanup
[12.358s][info][gc          ] GC(3) Concurrent cleanup 1486M->1338M(8192M) 0.043ms
[12.358s][info][gc,ergo     ] GC(3) Free: 6444M, Max: 4096K regular, 6296M humongous, Frag: 3% external, 0% internal; Reserve: 408M, Max: 4096K
[12.358s][info][gc,start    ] GC(3) Concurrent class unloading
[12.358s][info][gc,task     ] GC(3) Using 2 of 4 workers for concurrent class unloading
[12.399s][info][gc          ] GC(3) Concurrent class unloading 41.425ms
[12.399s][info][gc,start    ] GC(3) Concurrent strong roots
[12.399s][info][gc,task     ] GC(3) Using 2 of 4 workers for concurrent strong root
[12.402s][info][gc          ] GC(3) Concurrent strong roots 2.422ms
[12.402s][info][gc,start    ] GC(3) Concurrent evacuation
[12.402s][info][gc,task     ] GC(3) Using 2 of 4 workers for concurrent evacuation
[12.453s][info][gc          ] GC(3) Concurrent evacuation 51.268ms
[12.453s][info][gc,start    ] GC(3) Pause Init Update Refs
[12.453s][info][gc,ergo     ] GC(3) Pacer for Update Refs. Used: 1462M, Free: 6397M, Non-Taxable: 639M, Alloc Tax Rate: 1.1x
[12.453s][info][gc          ] GC(3) Pause Init Update Refs 0.069ms
[12.453s][info][gc,start    ] GC(3) Concurrent update references
[12.453s][info][gc,task     ] GC(3) Using 2 of 4 workers for concurrent reference update
[12.558s][info][gc          ] GC(3) Concurrent update references 105.103ms
[12.559s][info][gc,start    ] GC(3) Concurrent update thread roots
[12.560s][info][gc          ] GC(3) Concurrent update thread roots 1.311ms
[12.560s][info][gc,start    ] GC(3) Pause Final Update Refs
[12.560s][info][gc,task     ] GC(3) Using 4 of 4 workers for final reference update
[12.560s][info][gc          ] GC(3) Pause Final Update Refs 0.124ms
[12.560s][info][gc,start    ] GC(3) Concurrent cleanup
[12.560s][info][gc          ] GC(3) Concurrent cleanup 1527M->467M(8192M) 0.057ms
[12.560s][info][gc,ergo     ] Free: 7312M, Max: 4096K regular, 6228M humongous, Frag: 15% external, 0% internal; Reserve: 412M, Max: 4096K
[12.560s][info][gc,stats    ] 
[12.560s][info][gc,stats    ] All times are wall-clock times, except per-root-class counters, that are sum over
[12.560s][info][gc,stats    ] all workers. Dividing the <total> over the root stage time estimates parallelism.
[12.560s][info][gc,stats    ] 
[12.560s][info][gc,stats    ] Concurrent Reset                   3298 us
[12.560s][info][gc,stats    ] Pause Init Mark (G)                 356 us
[12.560s][info][gc,stats    ] Pause Init Mark (N)                 207 us
[12.560s][info][gc,stats    ]   Update Region States               54 us
[12.560s][info][gc,stats    ] Concurrent Mark Roots              2199 us, parallelism: 1.62x
[12.560s][info][gc,stats    ]   CMR: <total>                     3562 us
[12.560s][info][gc,stats    ]   CMR: Thread Roots                2966 us, workers (us): 1744, 1222, ---, ---, 
[12.560s][info][gc,stats    ]   CMR: VM Strong Roots              164 us, workers (us): 124,  39, ---, ---, 
[12.561s][info][gc,stats    ]   CMR: CLDG Roots                   433 us, workers (us): ---, 433, ---, ---, 
[12.561s][info][gc,stats    ] Concurrent Marking               201930 us
[12.561s][info][gc,stats    ] Pause Final Mark (G)                814 us
[12.561s][info][gc,stats    ] Pause Final Mark (N)                743 us
[12.561s][info][gc,stats    ]   Finish Mark                       549 us
[12.561s][info][gc,stats    ]   Update Region States               44 us
[12.561s][info][gc,stats    ]   Choose Collection Set              68 us
[12.561s][info][gc,stats    ]   Rebuild Free Set                   11 us
[12.561s][info][gc,stats    ] Concurrent Thread Roots            1139 us, parallelism: 1.77x
[12.561s][info][gc,stats    ]   CTR: <total>                     2019 us
[12.561s][info][gc,stats    ]   CTR: Thread Roots                2019 us, workers (us): 952, 1067, ---, ---, 
[12.561s][info][gc,stats    ] Concurrent Weak References         2026 us, parallelism: 1.59x
[12.561s][info][gc,stats    ]   CWRF: <total>                    3217 us
[12.561s][info][gc,stats    ]   CWRF: Weak References            3217 us, workers (us): 1301, 1916, ---, ---, 
[12.561s][info][gc,stats    ] Concurrent Weak Roots              5559 us
[12.561s][info][gc,stats    ]   Roots                            5424 us, parallelism: 1.95x
[12.561s][info][gc,stats    ]     CWR: <total>                  10592 us
[12.561s][info][gc,stats    ]     CWR: Code Cache Roots          4458 us, workers (us): 2200, 2258, ---, ---, 
[12.561s][info][gc,stats    ]     CWR: VM Weak Roots             6036 us, workers (us): 3015, 3022, ---, ---, 
[12.561s][info][gc,stats    ]     CWR: CLDG Roots                  97 us, workers (us):  97, ---, ---, ---, 
[12.561s][info][gc,stats    ]   Rendezvous                         78 us
[12.561s][info][gc,stats    ] Concurrent Cleanup                   56 us
[12.561s][info][gc,stats    ] Concurrent Class Unloading        41484 us
[12.561s][info][gc,stats    ]   Unlink Stale                    26331 us
[12.561s][info][gc,stats    ]     System Dictionary               264 us
[12.561s][info][gc,stats    ]     Weak Class Links              13974 us
[12.561s][info][gc,stats    ]     Code Roots                    12091 us
[12.561s][info][gc,stats    ]   Rendezvous                         28 us
[12.561s][info][gc,stats    ]   Purge Unlinked                  15037 us
[12.561s][info][gc,stats    ]     Code Roots                    14908 us
[12.561s][info][gc,stats    ]     CLDG                            129 us
[12.561s][info][gc,stats    ]     Exception Caches                  0 us
[12.561s][info][gc,stats    ] Concurrent Strong Roots            2460 us, parallelism: 0.95x
[12.561s][info][gc,stats    ]   CSR: <total>                     2334 us
[12.561s][info][gc,stats    ]   CSR: VM Strong Roots               42 us, workers (us):  22,  20, ---, ---, 
[12.561s][info][gc,stats    ]   CSR: CLDG Roots                  2292 us, workers (us): ---, 2292, ---, ---, 
[12.561s][info][gc,stats    ] Concurrent Evacuation             51310 us
[12.561s][info][gc,stats    ] Pause Init Update Refs (G)          146 us
[12.561s][info][gc,stats    ] Pause Init Update Refs (N)           82 us
[12.561s][info][gc,stats    ]   Manage GCLABs                      13 us
[12.561s][info][gc,stats    ] Concurrent Update Refs           105160 us
[12.561s][info][gc,stats    ] Concurrent Update Thread Roots     1372 us
[12.561s][info][gc,stats    ] Pause Final Update Refs (G)         209 us
[12.561s][info][gc,stats    ] Pause Final Update Refs (N)         146 us
[12.561s][info][gc,stats    ]   Update Region States               57 us
[12.561s][info][gc,stats    ]   Trash Collection Set                5 us
[12.561s][info][gc,stats    ]   Rebuild Free Set                   15 us
[12.561s][info][gc,stats    ] Concurrent Cleanup                   89 us
[12.561s][info][gc,stats    ] 
[12.561s][info][gc,stats    ] Allocation pacing accrued:
[12.561s][info][gc,stats    ]       0 of  6989 ms (  0.0%): <total>
[12.561s][info][gc,stats    ]       0 of  6989 ms (  0.0%): <average total>
[12.561s][info][gc,stats    ] 
[12.561s][info][gc,metaspace] Metaspace: 112625K(113792K)->113742K(114880K) NonClass: 97359K(98048K)->98278K(98944K) Class: 15265K(15744K)->15464K(15936K)
[12.561s][info][gc,ergo     ] Pacer for Idle. Initial: 163M, Alloc Tax Rate: 1.0x
[17.473s][info][gc          ] Trigger: Learning 5 of 5. Free (5732M) is below initial threshold (5734M)
[17.473s][info][gc,ergo     ] Free: 5732M, Max: 4096K regular, 5732M humongous, Frag: 0% external, 0% internal; Reserve: 412M, Max: 4096K
[17.473s][info][gc,start    ] GC(4) Concurrent reset
[17.473s][info][gc,task     ] GC(4) Using 2 of 4 workers for concurrent reset
[17.473s][info][gc,ergo     ] GC(4) Pacer for Reset. Non-Taxable: 8192M
[17.476s][info][gc          ] GC(4) Concurrent reset 3.294ms
[17.477s][info][gc,start    ] GC(4) Pause Init Mark
[17.477s][info][gc,task     ] GC(4) Using 4 of 4 workers for init marking
[17.477s][info][gc,ergo     ] GC(4) Pacer for Mark. Expected Live: 122M, Free: 5728M, Non-Taxable: 572M, Alloc Tax Rate: 0.0x
[17.477s][info][gc          ] GC(4) Pause Init Mark 0.150ms
[17.477s][info][gc,start    ] GC(4) Concurrent marking roots
[17.477s][info][gc,task     ] GC(4) Using 2 of 4 workers for concurrent marking roots
[17.482s][info][gc          ] GC(4) Concurrent marking roots 5.511ms
[17.482s][info][gc,start    ] GC(4) Concurrent marking
[17.482s][info][gc,task     ] GC(4) Using 2 of 4 workers for concurrent marking
[17.642s][info][gc          ] GC(4) Concurrent marking 160.062ms
[17.642s][info][gc,start    ] GC(4) Pause Final Mark
[17.643s][info][gc,task     ] GC(4) Using 4 of 4 workers for final marking
[17.643s][info][gc,ergo     ] GC(4) Adaptive CSet Selection. Target Free: 1160M, Actual Free: 6272M, Max CSet: 341M, Min Garbage: 0B
[17.643s][info][gc,ergo     ] GC(4) Collectable Garbage: 1731M (99%), Immediate: 200M (11%), CSet: 1531M (87%)
[17.643s][info][gc,ergo     ] GC(4) Pacer for Evacuation. Used CSet: 1601M, Free: 5861M, Non-Taxable: 586M, Alloc Tax Rate: 1.1x
[17.643s][info][gc          ] GC(4) Pause Final Mark 0.506ms
[17.643s][info][gc,start    ] GC(4) Concurrent thread roots
[17.643s][info][gc,task     ] GC(4) Using 2 of 4 workers for Concurrent thread roots
[17.644s][info][gc          ] GC(4) Concurrent thread roots 0.866ms
[17.644s][info][gc,start    ] GC(4) Concurrent weak references
[17.644s][info][gc,task     ] GC(4) Using 2 of 4 workers for concurrent weak references
[17.645s][info][gc,ref      ] GC(4) Encountered references: Soft: 5773, Weak: 22167, Final: 34, Phantom: 1126
[17.645s][info][gc,ref      ] GC(4) Discovered  references: Soft: 0, Weak: 11365, Final: 0, Phantom: 1060
[17.645s][info][gc,ref      ] GC(4) Enqueued    references: Soft: 0, Weak: 777, Final: 0, Phantom: 663
[17.645s][info][gc          ] GC(4) Concurrent weak references 0.663ms
[17.645s][info][gc,start    ] GC(4) Concurrent weak roots
[17.645s][info][gc,task     ] GC(4) Using 2 of 4 workers for concurrent weak root
[17.646s][info][gc          ] GC(4) Concurrent weak roots 1.185ms
[17.646s][info][gc,start    ] GC(4) Concurrent cleanup
[17.646s][info][gc          ] GC(4) Concurrent cleanup 2125M->1925M(8192M) 0.029ms
[17.646s][info][gc,ergo     ] GC(4) Free: 5853M, Max: 4096K regular, 5652M humongous, Frag: 4% external, 0% internal; Reserve: 411M, Max: 4096K
[17.646s][info][gc,start    ] GC(4) Concurrent strong roots
[17.646s][info][gc,task     ] GC(4) Using 2 of 4 workers for concurrent strong root
[17.649s][info][gc          ] GC(4) Concurrent strong roots 3.242ms
[17.649s][info][gc,start    ] GC(4) Concurrent evacuation
[17.649s][info][gc,task     ] GC(4) Using 2 of 4 workers for concurrent evacuation
[17.687s][info][gc          ] GC(4) Concurrent evacuation 37.699ms
[17.687s][info][gc,start    ] GC(4) Pause Init Update Refs
[17.687s][info][gc,ergo     ] GC(4) Pacer for Update Refs. Used: 2023M, Free: 5830M, Non-Taxable: 583M, Alloc Tax Rate: 1.1x
[17.687s][info][gc          ] GC(4) Pause Init Update Refs 0.044ms
[17.687s][info][gc,start    ] GC(4) Concurrent update references
[17.687s][info][gc,task     ] GC(4) Using 2 of 4 workers for concurrent reference update
[17.800s][info][gc          ] GC(4) Concurrent update references 112.988ms
[17.800s][info][gc,start    ] GC(4) Concurrent update thread roots
[17.802s][info][gc          ] GC(4) Concurrent update thread roots 2.065ms
[17.802s][info][gc,start    ] GC(4) Pause Final Update Refs
[17.802s][info][gc,task     ] GC(4) Using 4 of 4 workers for final reference update
[17.802s][info][gc          ] GC(4) Pause Final Update Refs 0.140ms
[17.803s][info][gc,start    ] GC(4) Concurrent cleanup
[17.803s][info][gc          ] GC(4) Concurrent cleanup 2103M->501M(8192M) 0.043ms
[17.803s][info][gc,ergo     ] Free: 7278M, Max: 4096K regular, 5592M humongous, Frag: 24% external, 0% internal; Reserve: 412M, Max: 4096K
[17.803s][info][gc,stats    ] 
[17.803s][info][gc,stats    ] All times are wall-clock times, except per-root-class counters, that are sum over
[17.803s][info][gc,stats    ] all workers. Dividing the <total> over the root stage time estimates parallelism.
[17.803s][info][gc,stats    ] 
[17.803s][info][gc,stats    ] Concurrent Reset                   3363 us
[17.803s][info][gc,stats    ] Pause Init Mark (G)                 299 us
[17.803s][info][gc,stats    ] Pause Init Mark (N)                 161 us
[17.803s][info][gc,stats    ]   Update Region States               82 us
[17.803s][info][gc,stats    ] Concurrent Mark Roots              5550 us, parallelism: 1.89x
[17.803s][info][gc,stats    ]   CMR: <total>                    10493 us
[17.803s][info][gc,stats    ]   CMR: Thread Roots                1520 us, workers (us): 624, 896, ---, ---, 
[17.803s][info][gc,stats    ]   CMR: Code Cache Roots            7902 us, workers (us): 3477, 4425, ---, ---, 
[17.803s][info][gc,stats    ]   CMR: VM Strong Roots               19 us, workers (us):  19,   0, ---, ---, 
[17.803s][info][gc,stats    ]   CMR: CLDG Roots                  1052 us, workers (us): 1052, ---, ---, ---, 
[17.803s][info][gc,stats    ] Concurrent Marking               160109 us
[17.803s][info][gc,stats    ] Pause Final Mark (G)                631 us
[17.803s][info][gc,stats    ] Pause Final Mark (N)                518 us
[17.803s][info][gc,stats    ]   Finish Mark                       285 us
[17.803s][info][gc,stats    ]   Update Region States               68 us
[17.803s][info][gc,stats    ]   Choose Collection Set              81 us
[17.803s][info][gc,stats    ]   Rebuild Free Set                   17 us
[17.803s][info][gc,stats    ] Concurrent Thread Roots             888 us, parallelism: 1.61x
[17.803s][info][gc,stats    ]   CTR: <total>                     1429 us
[17.803s][info][gc,stats    ]   CTR: Thread Roots                1429 us, workers (us): 822, 606, ---, ---, 
[17.803s][info][gc,stats    ] Concurrent Weak References          674 us, parallelism: 1.08x
[17.803s][info][gc,stats    ]   CWRF: <total>                     730 us
[17.803s][info][gc,stats    ]   CWRF: Weak References             730 us, workers (us): 130, 599, ---, ---, 
[17.803s][info][gc,stats    ] Concurrent Weak Roots              1209 us
[17.803s][info][gc,stats    ]   Roots                            1106 us, parallelism: 1.83x
[17.803s][info][gc,stats    ]     CWR: <total>                   2022 us
[17.803s][info][gc,stats    ]     CWR: VM Weak Roots             2022 us, workers (us): 1030, 992, ---, ---, 
[17.803s][info][gc,stats    ]   Rendezvous                         51 us
[17.803s][info][gc,stats    ] Concurrent Cleanup                   42 us
[17.803s][info][gc,stats    ] Concurrent Strong Roots            3274 us, parallelism: 1.91x
[17.803s][info][gc,stats    ]   CSR: <total>                     6261 us
[17.803s][info][gc,stats    ]   CSR: Code Cache Roots            5677 us, workers (us): 3104, 2573, ---, ---, 
[17.803s][info][gc,stats    ]   CSR: VM Strong Roots               10 us, workers (us):   5,   5, ---, ---, 
[17.803s][info][gc,stats    ]   CSR: CLDG Roots                   575 us, workers (us): ---, 575, ---, ---, 
[17.803s][info][gc,stats    ] Concurrent Evacuation             37767 us
[17.803s][info][gc,stats    ] Pause Init Update Refs (G)          107 us
[17.803s][info][gc,stats    ] Pause Init Update Refs (N)           55 us
[17.803s][info][gc,stats    ]   Manage GCLABs                       3 us
[17.803s][info][gc,stats    ] Concurrent Update Refs           113109 us
[17.803s][info][gc,stats    ] Concurrent Update Thread Roots     2097 us
[17.803s][info][gc,stats    ] Pause Final Update Refs (G)         291 us
[17.803s][info][gc,stats    ] Pause Final Update Refs (N)         166 us
[17.803s][info][gc,stats    ]   Update Region States               88 us
[17.803s][info][gc,stats    ]   Trash Collection Set                4 us
[17.803s][info][gc,stats    ]   Rebuild Free Set                   11 us
[17.803s][info][gc,stats    ] Concurrent Cleanup                   57 us
[17.803s][info][gc,stats    ] 
[17.803s][info][gc,stats    ] Allocation pacing accrued:
[17.803s][info][gc,stats    ]       0 of  5242 ms (  0.0%): <total>
[17.803s][info][gc,stats    ]       0 of  5242 ms (  0.0%): <average total>
[17.803s][info][gc,stats    ] 
[17.803s][info][gc,metaspace] Metaspace: 123128K(124352K)->123154K(124352K) NonClass: 103677K(104384K)->103703K(104384K) Class: 19451K(19968K)->19451K(19968K)
[17.803s][info][gc,ergo     ] Pacer for Idle. Initial: 163M, Alloc Tax Rate: 1.0x
[30.660s][info][gc          ] Trigger: Free (816M) is below minimum threshold (819M)
[30.661s][info][gc,ergo     ] Free: 816M, Max: 4096K regular, 816M humongous, Frag: 0% external, 0% internal; Reserve: 412M, Max: 4096K
[30.661s][info][gc,start    ] GC(5) Concurrent reset
[30.661s][info][gc,task     ] GC(5) Using 2 of 4 workers for concurrent reset
[30.661s][info][gc,ergo     ] GC(5) Pacer for Reset. Non-Taxable: 8192M
[30.665s][info][gc          ] GC(5) Concurrent reset 4.711ms
[30.665s][info][gc,start    ] GC(5) Pause Init Mark
[30.665s][info][gc,task     ] GC(5) Using 4 of 4 workers for init marking
[30.665s][info][gc,ergo     ] GC(5) Pacer for Mark. Expected Live: 158M, Free: 813M, Non-Taxable: 83263K, Alloc Tax Rate: 0.2x
[30.665s][info][gc          ] GC(5) Pause Init Mark 0.116ms
[30.666s][info][gc,start    ] GC(5) Concurrent marking roots
[30.666s][info][gc,task     ] GC(5) Using 2 of 4 workers for concurrent marking roots
[30.673s][info][gc          ] GC(5) Concurrent marking roots 7.412ms
[30.673s][info][gc,start    ] GC(5) Concurrent marking
[30.673s][info][gc,task     ] GC(5) Using 2 of 4 workers for concurrent marking
[30.872s][info][gc          ] GC(5) Concurrent marking 198.621ms
[30.872s][info][gc,start    ] GC(5) Pause Final Mark
[30.872s][info][gc,task     ] GC(5) Using 4 of 4 workers for final marking
[30.872s][info][gc,ergo     ] GC(5) Adaptive CSet Selection. Target Free: 1160M, Actual Free: 1564M, Max CSet: 341M, Min Garbage: 0B
[30.872s][info][gc,ergo     ] GC(5) Collectable Garbage: 6579M (99%), Immediate: 456M (6%), CSet: 6123M (92%)
[30.872s][info][gc,ergo     ] GC(5) Pacer for Evacuation. Used CSet: 6260M, Free: 1152M, Non-Taxable: 115M, Alloc Tax Rate: 13.3x
[30.872s][info][gc          ] GC(5) Pause Final Mark 0.491ms
[30.872s][info][gc,start    ] GC(5) Concurrent thread roots
[30.872s][info][gc,task     ] GC(5) Using 2 of 4 workers for Concurrent thread roots
[30.873s][info][gc          ] GC(5) Concurrent thread roots 1.145ms
[30.873s][info][gc,start    ] GC(5) Concurrent weak references
[30.873s][info][gc,task     ] GC(5) Using 2 of 4 workers for concurrent weak references
[30.874s][info][gc,ref      ] GC(5) Encountered references: Soft: 6486, Weak: 23718, Final: 34, Phantom: 1204
[30.874s][info][gc,ref      ] GC(5) Discovered  references: Soft: 0, Weak: 9720, Final: 33, Phantom: 1080
[30.874s][info][gc,ref      ] GC(5) Enqueued    references: Soft: 0, Weak: 859, Final: 0, Phantom: 722
[30.874s][info][gc          ] GC(5) Concurrent weak references 0.650ms
[30.874s][info][gc,start    ] GC(5) Concurrent weak roots
[30.874s][info][gc,task     ] GC(5) Using 2 of 4 workers for concurrent weak root
[30.875s][info][gc          ] GC(5) Concurrent weak roots 1.087ms
[30.875s][info][gc,start    ] GC(5) Concurrent cleanup
[30.875s][info][gc          ] GC(5) Concurrent cleanup 7092M->6636M(8192M) 0.026ms
[30.875s][info][gc,ergo     ] GC(5) Free: 1144M, Max: 4096K regular, 696M humongous, Frag: 40% external, 0% internal; Reserve: 411M, Max: 4096K
[30.875s][info][gc,start    ] GC(5) Concurrent strong roots
[30.875s][info][gc,task     ] GC(5) Using 2 of 4 workers for concurrent strong root
[30.879s][info][gc          ] GC(5) Concurrent strong roots 4.091ms
[30.879s][info][gc,start    ] GC(5) Concurrent evacuation
[30.879s][info][gc,task     ] GC(5) Using 2 of 4 workers for concurrent evacuation
[30.968s][info][gc          ] GC(5) Concurrent evacuation 88.977ms
[30.968s][info][gc,start    ] GC(5) Pause Init Update Refs
[30.968s][info][gc,ergo     ] GC(5) Pacer for Update Refs. Used: 6795M, Free: 1128M, Non-Taxable: 112M, Alloc Tax Rate: 7.4x
[30.968s][info][gc          ] GC(5) Pause Init Update Refs 0.045ms
[30.968s][info][gc,start    ] GC(5) Concurrent update references
[30.968s][info][gc,task     ] GC(5) Using 2 of 4 workers for concurrent reference update
[31.094s][info][gc          ] GC(5) Concurrent update references 125.452ms
[31.094s][info][gc,start    ] GC(5) Concurrent update thread roots
[31.096s][info][gc          ] GC(5) Concurrent update thread roots 2.305ms
[31.096s][info][gc,start    ] GC(5) Pause Final Update Refs
[31.096s][info][gc,task     ] GC(5) Using 4 of 4 workers for final reference update
[31.097s][info][gc          ] GC(5) Pause Final Update Refs 0.108ms
[31.097s][info][gc,start    ] GC(5) Concurrent cleanup
[31.097s][info][gc          ] GC(5) Concurrent cleanup 6843M->583M(8192M) 0.084ms
[31.097s][info][gc,ergo     ] Free: 7196M, Max: 4096K regular, 5552M humongous, Frag: 23% external, 0% internal; Reserve: 412M, Max: 4096K
[31.097s][info][gc,stats    ] 
[31.097s][info][gc,stats    ] All times are wall-clock times, except per-root-class counters, that are sum over
[31.097s][info][gc,stats    ] all workers. Dividing the <total> over the root stage time estimates parallelism.
[31.097s][info][gc,stats    ] 
[31.097s][info][gc,stats    ] Concurrent Reset                   4775 us
[31.097s][info][gc,stats    ] Pause Init Mark (G)                 174 us
[31.097s][info][gc,stats    ] Pause Init Mark (N)                 128 us
[31.097s][info][gc,stats    ]   Update Region States               45 us
[31.097s][info][gc,stats    ] Concurrent Mark Roots              7444 us, parallelism: 1.93x
[31.097s][info][gc,stats    ]   CMR: <total>                    14372 us
[31.097s][info][gc,stats    ]   CMR: Thread Roots                2507 us, workers (us): 1192, 1315, ---, ---, 
[31.097s][info][gc,stats    ]   CMR: Code Cache Roots           10895 us, workers (us): 5059, 5836, ---, ---, 
[31.097s][info][gc,stats    ]   CMR: VM Strong Roots               25 us, workers (us):  25,   0, ---, ---, 
[31.097s][info][gc,stats    ]   CMR: CLDG Roots                   946 us, workers (us): 946, ---, ---, ---, 
[31.097s][info][gc,stats    ] Concurrent Marking               198666 us
[31.097s][info][gc,stats    ] Pause Final Mark (G)                528 us
[31.097s][info][gc,stats    ] Pause Final Mark (N)                501 us
[31.097s][info][gc,stats    ]   Finish Mark                       199 us
[31.097s][info][gc,stats    ]   Update Region States               49 us
[31.097s][info][gc,stats    ]   Choose Collection Set             178 us
[31.097s][info][gc,stats    ]   Rebuild Free Set                    7 us
[31.097s][info][gc,stats    ] Concurrent Thread Roots            1168 us, parallelism: 1.83x
[31.097s][info][gc,stats    ]   CTR: <total>                     2134 us
[31.097s][info][gc,stats    ]   CTR: Thread Roots                2134 us, workers (us): 1100, 1033, ---, ---, 
[31.097s][info][gc,stats    ] Concurrent Weak References          661 us, parallelism: 1.08x
[31.097s][info][gc,stats    ]   CWRF: <total>                     714 us
[31.097s][info][gc,stats    ]   CWRF: Weak References             714 us, workers (us): 139, 574, ---, ---, 
[31.097s][info][gc,stats    ] Concurrent Weak Roots              1109 us
[31.097s][info][gc,stats    ]   Roots                            1039 us, parallelism: 1.85x
[31.097s][info][gc,stats    ]     CWR: <total>                   1919 us
[31.097s][info][gc,stats    ]     CWR: VM Weak Roots             1919 us, workers (us): 960, 960, ---, ---, 
[31.097s][info][gc,stats    ]   Rendezvous                         26 us
[31.097s][info][gc,stats    ] Concurrent Cleanup                   38 us
[31.097s][info][gc,stats    ] Concurrent Strong Roots            4114 us, parallelism: 1.92x
[31.097s][info][gc,stats    ]   CSR: <total>                     7907 us
[31.097s][info][gc,stats    ]   CSR: Code Cache Roots            7442 us, workers (us): 3493, 3950, ---, ---, 
[31.097s][info][gc,stats    ]   CSR: VM Strong Roots               11 us, workers (us):  11,   0, ---, ---, 
[31.097s][info][gc,stats    ]   CSR: CLDG Roots                   454 us, workers (us): 454, ---, ---, ---, 
[31.097s][info][gc,stats    ] Concurrent Evacuation             89018 us
[31.097s][info][gc,stats    ] Pause Init Update Refs (G)          111 us
[31.097s][info][gc,stats    ] Pause Init Update Refs (N)           56 us
[31.097s][info][gc,stats    ]   Manage GCLABs                       6 us
[31.097s][info][gc,stats    ] Concurrent Update Refs           125524 us
[31.097s][info][gc,stats    ] Concurrent Update Thread Roots     2335 us
[31.097s][info][gc,stats    ] Pause Final Update Refs (G)         328 us
[31.097s][info][gc,stats    ] Pause Final Update Refs (N)         130 us
[31.097s][info][gc,stats    ]   Update Region States               48 us
[31.097s][info][gc,stats    ]   Trash Collection Set               11 us
[31.097s][info][gc,stats    ]   Rebuild Free Set                    9 us
[31.097s][info][gc,stats    ] Concurrent Cleanup                   99 us
[31.097s][info][gc,stats    ] 
[31.097s][info][gc,stats    ] Allocation pacing accrued:
[31.097s][info][gc,stats    ]       0 of 13294 ms (  0.0%): <total>
[31.097s][info][gc,stats    ]       0 of 13294 ms (  0.0%): <average total>
[31.097s][info][gc,stats    ] 
[31.097s][info][gc,metaspace] Metaspace: 131819K(133184K)->131833K(133248K) NonClass: 111146K(111936K)->111160K(112000K) Class: 20673K(21248K)->20673K(21248K)
[31.097s][info][gc,ergo     ] Pacer for Idle. Initial: 163M, Alloc Tax Rate: 1.0x
[42.222s][info][gc          ] Trigger: Free (816M) is below minimum threshold (819M)
[42.223s][info][gc,ergo     ] Free: 816M, Max: 4096K regular, 616M humongous, Frag: 25% external, 0% internal; Reserve: 412M, Max: 4096K
[42.223s][info][gc,start    ] GC(6) Concurrent reset
[42.223s][info][gc,task     ] GC(6) Using 2 of 4 workers for concurrent reset
[42.223s][info][gc,ergo     ] GC(6) Pacer for Reset. Non-Taxable: 8192M
[42.246s][info][gc          ] GC(6) Concurrent reset 23.498ms
[42.246s][info][gc,start    ] GC(6) Pause Init Mark
[42.246s][info][gc,task     ] GC(6) Using 4 of 4 workers for init marking
[42.246s][info][gc,ergo     ] GC(6) Pacer for Mark. Expected Live: 230M, Free: 804M, Non-Taxable: 82352K, Alloc Tax Rate: 0.4x
[42.246s][info][gc          ] GC(6) Pause Init Mark 0.176ms
[42.246s][info][gc,start    ] GC(6) Concurrent marking roots
[42.246s][info][gc,task     ] GC(6) Using 2 of 4 workers for concurrent marking roots
[42.255s][info][gc          ] GC(6) Concurrent marking roots 8.548ms
[42.255s][info][gc,start    ] GC(6) Concurrent marking
[42.255s][info][gc,task     ] GC(6) Using 2 of 4 workers for concurrent marking
[42.468s][info][gc          ] GC(6) Concurrent marking 212.542ms
[42.468s][info][gc,start    ] GC(6) Pause Final Mark
[42.468s][info][gc,task     ] GC(6) Using 4 of 4 workers for final marking
[42.468s][info][gc,ergo     ] GC(6) Adaptive CSet Selection. Target Free: 1160M, Actual Free: 2388M, Max CSet: 341M, Min Garbage: 0B
[42.468s][info][gc,ergo     ] GC(6) Collectable Garbage: 6562M (99%), Immediate: 1320M (20%), CSet: 5242M (79%)
[42.468s][info][gc,ergo     ] GC(6) Pacer for Evacuation. Used CSet: 5320M, Free: 1976M, Non-Taxable: 197M, Alloc Tax Rate: 6.6x
[42.468s][info][gc          ] GC(6) Pause Final Mark 0.342ms
[42.468s][info][gc,start    ] GC(6) Concurrent thread roots
[42.468s][info][gc,task     ] GC(6) Using 2 of 4 workers for Concurrent thread roots
[42.469s][info][gc          ] GC(6) Concurrent thread roots 1.256ms
[42.469s][info][gc,start    ] GC(6) Concurrent weak references
[42.469s][info][gc,task     ] GC(6) Using 2 of 4 workers for concurrent weak references
[42.470s][info][gc,ref      ] GC(6) Encountered references: Soft: 6493, Weak: 22976, Final: 34, Phantom: 537
[42.470s][info][gc,ref      ] GC(6) Discovered  references: Soft: 0, Weak: 3752, Final: 0, Phantom: 456
[42.470s][info][gc,ref      ] GC(6) Enqueued    references: Soft: 0, Weak: 55, Final: 0, Phantom: 40
[42.470s][info][gc          ] GC(6) Concurrent weak references 0.302ms
[42.470s][info][gc,start    ] GC(6) Concurrent weak roots
[42.470s][info][gc,task     ] GC(6) Using 2 of 4 workers for concurrent weak root
[42.470s][info][gc          ] GC(6) Concurrent weak roots 0.867ms
[42.470s][info][gc,start    ] GC(6) Concurrent cleanup
[42.471s][info][gc          ] GC(6) Concurrent cleanup 7132M->5812M(8192M) 0.030ms
[42.471s][info][gc,ergo     ] GC(6) Free: 1967M, Max: 4096K regular, 616M humongous, Frag: 69% external, 0% internal; Reserve: 411M, Max: 4096K
[42.471s][info][gc,start    ] GC(6) Concurrent strong roots
[42.471s][info][gc,task     ] GC(6) Using 2 of 4 workers for concurrent strong root
[42.475s][info][gc          ] GC(6) Concurrent strong roots 4.624ms
[42.475s][info][gc,start    ] GC(6) Concurrent evacuation
[42.475s][info][gc,task     ] GC(6) Using 2 of 4 workers for concurrent evacuation
[42.529s][info][gc          ] GC(6) Concurrent evacuation 54.127ms
[42.529s][info][gc,start    ] GC(6) Pause Init Update Refs
[42.529s][info][gc,ergo     ] GC(6) Pacer for Update Refs. Used: 5928M, Free: 1935M, Non-Taxable: 193M, Alloc Tax Rate: 3.7x
[42.529s][info][gc          ] GC(6) Pause Init Update Refs 0.045ms
[42.529s][info][gc,start    ] GC(6) Concurrent update references
[42.529s][info][gc,task     ] GC(6) Using 2 of 4 workers for concurrent reference update
[42.654s][info][gc          ] GC(6) Concurrent update references 124.656ms
[42.654s][info][gc,start    ] GC(6) Concurrent update thread roots
[42.656s][info][gc          ] GC(6) Concurrent update thread roots 2.292ms
[42.657s][info][gc,start    ] GC(6) Pause Final Update Refs
[42.657s][info][gc,task     ] GC(6) Using 4 of 4 workers for final reference update
[42.657s][info][gc          ] GC(6) Pause Final Update Refs 0.090ms
[42.657s][info][gc,start    ] GC(6) Concurrent cleanup
[42.657s][info][gc          ] GC(6) Concurrent cleanup 5984M->664M(8192M) 0.069ms
[42.657s][info][gc,ergo     ] Free: 7115M, Max: 4096K regular, 5364M humongous, Frag: 25% external, 0% internal; Reserve: 412M, Max: 4096K
[42.657s][info][gc,stats    ] 
[42.657s][info][gc,stats    ] All times are wall-clock times, except per-root-class counters, that are sum over
[42.657s][info][gc,stats    ] all workers. Dividing the <total> over the root stage time estimates parallelism.
[42.657s][info][gc,stats    ] 
[42.657s][info][gc,stats    ] Concurrent Reset                  23578 us
[42.657s][info][gc,stats    ] Pause Init Mark (G)                 307 us
[42.657s][info][gc,stats    ] Pause Init Mark (N)                 188 us
[42.657s][info][gc,stats    ]   Update Region States               94 us
[42.657s][info][gc,stats    ] Concurrent Mark Roots              8597 us, parallelism: 1.93x
[42.657s][info][gc,stats    ]   CMR: <total>                    16628 us
[42.657s][info][gc,stats    ]   CMR: Thread Roots                3474 us, workers (us): 1636, 1838, ---, ---, 
[42.657s][info][gc,stats    ]   CMR: Code Cache Roots           11923 us, workers (us): 5466, 6457, ---, ---, 
[42.657s][info][gc,stats    ]   CMR: VM Strong Roots               13 us, workers (us):  13,   0, ---, ---, 
[42.657s][info][gc,stats    ]   CMR: CLDG Roots                  1219 us, workers (us): 1219, ---, ---, ---, 
[42.657s][info][gc,stats    ] Concurrent Marking               212588 us
[42.657s][info][gc,stats    ] Pause Final Mark (G)                378 us
[42.657s][info][gc,stats    ] Pause Final Mark (N)                353 us
[42.657s][info][gc,stats    ]   Finish Mark                        66 us
[42.657s][info][gc,stats    ]   Update Region States               15 us
[42.657s][info][gc,stats    ]   Choose Collection Set             194 us
[42.657s][info][gc,stats    ]   Rebuild Free Set                    9 us
[42.657s][info][gc,stats    ] Concurrent Thread Roots            1274 us, parallelism: 1.87x
[42.657s][info][gc,stats    ]   CTR: <total>                     2388 us
[42.657s][info][gc,stats    ]   CTR: Thread Roots                2388 us, workers (us): 1219, 1169, ---, ---, 
[42.657s][info][gc,stats    ] Concurrent Weak References          312 us, parallelism: 0.87x
[42.657s][info][gc,stats    ]   CWRF: <total>                     270 us
[42.657s][info][gc,stats    ]   CWRF: Weak References             270 us, workers (us):  32, 239, ---, ---, 
[42.657s][info][gc,stats    ] Concurrent Weak Roots               883 us
[42.657s][info][gc,stats    ]   Roots                             824 us, parallelism: 1.79x
[42.657s][info][gc,stats    ]     CWR: <total>                   1480 us
[42.657s][info][gc,stats    ]     CWR: VM Weak Roots             1480 us, workers (us): 739, 740, ---, ---, 
[42.657s][info][gc,stats    ]   Rendezvous                         22 us
[42.657s][info][gc,stats    ] Concurrent Cleanup                   42 us
[42.657s][info][gc,stats    ] Concurrent Strong Roots            4658 us, parallelism: 1.92x
[42.657s][info][gc,stats    ]   CSR: <total>                     8948 us
[42.657s][info][gc,stats    ]   CSR: Code Cache Roots            8722 us, workers (us): 4432, 4291, ---, ---, 
[42.657s][info][gc,stats    ]   CSR: VM Strong Roots                6 us, workers (us):   3,   3, ---, ---, 
[42.657s][info][gc,stats    ]   CSR: CLDG Roots                   219 us, workers (us): ---, 219, ---, ---, 
[42.657s][info][gc,stats    ] Concurrent Evacuation             54177 us
[42.657s][info][gc,stats    ] Pause Init Update Refs (G)           82 us
[42.657s][info][gc,stats    ] Pause Init Update Refs (N)           57 us
[42.657s][info][gc,stats    ]   Manage GCLABs                       5 us
[42.657s][info][gc,stats    ] Concurrent Update Refs           124713 us
[42.657s][info][gc,stats    ] Concurrent Update Thread Roots     2319 us
[42.657s][info][gc,stats    ] Pause Final Update Refs (G)         143 us
[42.657s][info][gc,stats    ] Pause Final Update Refs (N)         105 us
[42.657s][info][gc,stats    ]   Update Region States               26 us
[42.657s][info][gc,stats    ]   Trash Collection Set               15 us
[42.657s][info][gc,stats    ]   Rebuild Free Set                   10 us
[42.657s][info][gc,stats    ] Concurrent Cleanup                   83 us
[42.657s][info][gc,stats    ] 
[42.657s][info][gc,stats    ] Allocation pacing accrued:
[42.657s][info][gc,stats    ]       0 of 11560 ms (  0.0%): <total>
[42.657s][info][gc,stats    ]       0 of 11560 ms (  0.0%): <average total>
[42.657s][info][gc,stats    ] 
[42.657s][info][gc,metaspace] Metaspace: 132573K(134080K)->132599K(134080K) NonClass: 111846K(112704K)->111872K(112704K) Class: 20727K(21376K)->20727K(21376K)
[42.657s][info][gc,ergo     ] Pacer for Idle. Initial: 163M, Alloc Tax Rate: 1.0x
[54.314s][info][gc          ] Trigger: Average GC time (527.43 ms) is above the time for average allocation rate (841 MB/s) to deplete free headroom (442M) (margin of error = 1.80)
[54.314s][info][gc,ergo     ] Free headroom: 851M (free) - 409M (spike) - 0B (penalties) = 442M
[54.314s][info][gc,ergo     ] Free: 851M, Max: 4096K regular, 744M humongous, Frag: 13% external, 0% internal; Reserve: 412M, Max: 4096K
[54.314s][info][gc,start    ] GC(7) Concurrent reset
[54.314s][info][gc,task     ] GC(7) Using 2 of 4 workers for concurrent reset
[54.314s][info][gc,ergo     ] GC(7) Pacer for Reset. Non-Taxable: 8192M
[54.330s][info][gc          ] GC(7) Concurrent reset 16.145ms
[54.331s][info][gc,start    ] GC(7) Pause Init Mark
[54.331s][info][gc,task     ] GC(7) Using 4 of 4 workers for init marking
[54.331s][info][gc,ergo     ] GC(7) Pacer for Mark. Expected Live: 296M, Free: 843M, Non-Taxable: 86418K, Alloc Tax Rate: 0.4x
[54.331s][info][gc          ] GC(7) Pause Init Mark 0.112ms
[54.331s][info][gc,start    ] GC(7) Concurrent marking roots
[54.331s][info][gc,task     ] GC(7) Using 2 of 4 workers for concurrent marking roots
[54.338s][info][gc          ] GC(7) Concurrent marking roots 6.920ms
[54.338s][info][gc,start    ] GC(7) Concurrent marking
[54.338s][info][gc,task     ] GC(7) Using 2 of 4 workers for concurrent marking
[54.546s][info][gc          ] GC(7) Concurrent marking 208.247ms
[54.546s][info][gc,start    ] GC(7) Pause Final Mark
[54.546s][info][gc,task     ] GC(7) Using 4 of 4 workers for final marking
[54.546s][info][gc,ergo     ] GC(7) Adaptive CSet Selection. Target Free: 1160M, Actual Free: 2404M, Max CSet: 341M, Min Garbage: 0B
[54.546s][info][gc,ergo     ] GC(7) Collectable Garbage: 6501M (99%), Immediate: 1308M (20%), CSet: 5193M (79%)
[54.546s][info][gc,ergo     ] GC(7) Pacer for Evacuation. Used CSet: 5292M, Free: 1992M, Non-Taxable: 199M, Alloc Tax Rate: 6.5x
[54.546s][info][gc          ] GC(7) Pause Final Mark 0.360ms
[54.546s][info][gc,start    ] GC(7) Concurrent thread roots
[54.546s][info][gc,task     ] GC(7) Using 2 of 4 workers for Concurrent thread roots
[54.548s][info][gc          ] GC(7) Concurrent thread roots 1.226ms
[54.548s][info][gc,start    ] GC(7) Concurrent weak references
[54.548s][info][gc,task     ] GC(7) Using 2 of 4 workers for concurrent weak references
[54.548s][info][gc,ref      ] GC(7) Encountered references: Soft: 6493, Weak: 22957, Final: 34, Phantom: 512
[54.548s][info][gc,ref      ] GC(7) Discovered  references: Soft: 0, Weak: 13196, Final: 0, Phantom: 434
[54.548s][info][gc,ref      ] GC(7) Enqueued    references: Soft: 0, Weak: 17, Final: 0, Phantom: 12
[54.548s][info][gc          ] GC(7) Concurrent weak references 0.664ms
[54.548s][info][gc,start    ] GC(7) Concurrent weak roots
[54.548s][info][gc,task     ] GC(7) Using 2 of 4 workers for concurrent weak root
[54.549s][info][gc          ] GC(7) Concurrent weak roots 0.927ms
[54.549s][info][gc,start    ] GC(7) Concurrent cleanup
[54.549s][info][gc          ] GC(7) Concurrent cleanup 7103M->5795M(8192M) 0.046ms
[54.549s][info][gc,ergo     ] GC(7) Free: 1984M, Max: 4096K regular, 672M humongous, Frag: 67% external, 0% internal; Reserve: 411M, Max: 4096K
[54.549s][info][gc,start    ] GC(7) Concurrent strong roots
[54.549s][info][gc,task     ] GC(7) Using 2 of 4 workers for concurrent strong root
[54.554s][info][gc          ] GC(7) Concurrent strong roots 4.774ms
[54.554s][info][gc,start    ] GC(7) Concurrent evacuation
[54.554s][info][gc,task     ] GC(7) Using 2 of 4 workers for concurrent evacuation
[54.628s][info][gc          ] GC(7) Concurrent evacuation 73.973ms
[54.628s][info][gc,start    ] GC(7) Pause Init Update Refs
[54.628s][info][gc,ergo     ] GC(7) Pacer for Update Refs. Used: 5956M, Free: 1927M, Non-Taxable: 192M, Alloc Tax Rate: 3.8x
[54.628s][info][gc          ] GC(7) Pause Init Update Refs 0.081ms
[54.628s][info][gc,start    ] GC(7) Concurrent update references
[54.628s][info][gc,task     ] GC(7) Using 2 of 4 workers for concurrent reference update
[54.774s][info][gc          ] GC(7) Concurrent update references 146.123ms
[54.774s][info][gc,start    ] GC(7) Concurrent update thread roots
[54.777s][info][gc          ] GC(7) Concurrent update thread roots 2.006ms
[54.777s][info][gc,start    ] GC(7) Pause Final Update Refs
[54.777s][info][gc,task     ] GC(7) Using 4 of 4 workers for final reference update
[54.777s][info][gc          ] GC(7) Pause Final Update Refs 0.104ms
[54.777s][info][gc,start    ] GC(7) Concurrent cleanup
[54.777s][info][gc          ] GC(7) Concurrent cleanup 6059M->771M(8192M) 0.071ms
[54.777s][info][gc,ergo     ] Free: 7008M, Max: 4096K regular, 5268M humongous, Frag: 25% external, 0% internal; Reserve: 412M, Max: 4096K
[54.777s][info][gc,stats    ] 
[54.777s][info][gc,stats    ] All times are wall-clock times, except per-root-class counters, that are sum over
[54.777s][info][gc,stats    ] all workers. Dividing the <total> over the root stage time estimates parallelism.
[54.777s][info][gc,stats    ] 
[54.777s][info][gc,stats    ] Concurrent Reset                  16256 us
[54.777s][info][gc,stats    ] Pause Init Mark (G)                 177 us
[54.777s][info][gc,stats    ] Pause Init Mark (N)                 124 us
[54.777s][info][gc,stats    ]   Update Region States               37 us
[54.777s][info][gc,stats    ] Concurrent Mark Roots              6943 us, parallelism: 1.93x
[54.777s][info][gc,stats    ]   CMR: <total>                    13395 us
[54.777s][info][gc,stats    ]   CMR: Thread Roots                2007 us, workers (us): 1014, 993, ---, ---, 
[54.777s][info][gc,stats    ]   CMR: Code Cache Roots           10538 us, workers (us): 4860, 5678, ---, ---, 
[54.777s][info][gc,stats    ]   CMR: VM Strong Roots               15 us, workers (us):  15,   0, ---, ---, 
[54.777s][info][gc,stats    ]   CMR: CLDG Roots                   834 us, workers (us): 834, ---, ---, ---, 
[54.777s][info][gc,stats    ] Concurrent Marking               208287 us
[54.777s][info][gc,stats    ] Pause Final Mark (G)                428 us
[54.777s][info][gc,stats    ] Pause Final Mark (N)                371 us
[54.777s][info][gc,stats    ]   Finish Mark                        88 us
[54.777s][info][gc,stats    ]   Update Region States               55 us
[54.777s][info][gc,stats    ]   Choose Collection Set             151 us
[54.777s][info][gc,stats    ]   Rebuild Free Set                    9 us
[54.777s][info][gc,stats    ] Concurrent Thread Roots            1249 us, parallelism: 1.81x
[54.777s][info][gc,stats    ]   CTR: <total>                     2259 us
[54.777s][info][gc,stats    ]   CTR: Thread Roots                2259 us, workers (us): 1135, 1124, ---, ---, 
[54.777s][info][gc,stats    ] Concurrent Weak References          675 us, parallelism: 0.89x
[54.777s][info][gc,stats    ]   CWRF: <total>                     601 us
[54.777s][info][gc,stats    ]   CWRF: Weak References             601 us, workers (us):  26, 575, ---, ---, 
[54.777s][info][gc,stats    ] Concurrent Weak Roots               948 us
[54.777s][info][gc,stats    ]   Roots                             852 us, parallelism: 1.76x
[54.777s][info][gc,stats    ]     CWR: <total>                   1499 us
[54.777s][info][gc,stats    ]     CWR: VM Weak Roots             1499 us, workers (us): 763, 736, ---, ---, 
[54.777s][info][gc,stats    ]   Rendezvous                         53 us
[54.777s][info][gc,stats    ] Concurrent Cleanup                   65 us
[54.777s][info][gc,stats    ] Concurrent Strong Roots            4813 us, parallelism: 1.93x
[54.777s][info][gc,stats    ]   CSR: <total>                     9285 us
[54.777s][info][gc,stats    ]   CSR: Code Cache Roots            9048 us, workers (us): 4371, 4677, ---, ---, 
[54.777s][info][gc,stats    ]   CSR: VM Strong Roots                9 us, workers (us):   5,   4, ---, ---, 
[54.777s][info][gc,stats    ]   CSR: CLDG Roots                   228 us, workers (us): 228, ---, ---, ---, 
[54.777s][info][gc,stats    ] Concurrent Evacuation             74043 us
[54.777s][info][gc,stats    ] Pause Init Update Refs (G)          155 us
[54.777s][info][gc,stats    ] Pause Init Update Refs (N)           97 us
[54.777s][info][gc,stats    ]   Manage GCLABs                      21 us
[54.777s][info][gc,stats    ] Concurrent Update Refs           146168 us
[54.777s][info][gc,stats    ] Concurrent Update Thread Roots     2029 us
[54.777s][info][gc,stats    ] Pause Final Update Refs (G)         239 us
[54.777s][info][gc,stats    ] Pause Final Update Refs (N)         128 us
[54.777s][info][gc,stats    ]   Update Region States               42 us
[54.777s][info][gc,stats    ]   Trash Collection Set               16 us
[54.777s][info][gc,stats    ]   Rebuild Free Set                   11 us
[54.777s][info][gc,stats    ] Concurrent Cleanup                   85 us
[54.777s][info][gc,stats    ] 
[54.777s][info][gc,stats    ] Allocation pacing accrued:
[54.777s][info][gc,stats    ]       0 of 12120 ms (  0.0%): <total>
[54.777s][info][gc,stats    ]       0 of 12120 ms (  0.0%): <average total>
[54.777s][info][gc,stats    ] 
[54.777s][info][gc,metaspace] Metaspace: 132835K(134272K)->132865K(134336K) NonClass: 112099K(112896K)->112128K(112960K) Class: 20736K(21376K)->20736K(21376K)
[54.778s][info][gc,ergo     ] Pacer for Idle. Initial: 163M, Alloc Tax Rate: 1.0x
[64.096s][info][gc          ] Trigger: Free (816M) is below minimum threshold (819M)
[64.096s][info][gc,ergo     ] Free: 816M, Max: 4096K regular, 652M humongous, Frag: 20% external, 0% internal; Reserve: 412M, Max: 4096K
[64.096s][info][gc,start    ] GC(8) Concurrent reset
[64.096s][info][gc,task     ] GC(8) Using 2 of 4 workers for concurrent reset
[64.096s][info][gc,ergo     ] GC(8) Pacer for Reset. Non-Taxable: 8192M
[64.126s][info][gc          ] GC(8) Concurrent reset 30.289ms
[64.126s][info][gc,start    ] GC(8) Pause Init Mark
[64.127s][info][gc,task     ] GC(8) Using 4 of 4 workers for init marking
[64.127s][info][gc,ergo     ] GC(8) Pacer for Mark. Expected Live: 345M, Free: 796M, Non-Taxable: 81530K, Alloc Tax Rate: 0.5x
[64.127s][info][gc          ] GC(8) Pause Init Mark 0.111ms
[64.127s][info][gc,start    ] GC(8) Concurrent marking roots
[64.127s][info][gc,task     ] GC(8) Using 2 of 4 workers for concurrent marking roots
[64.134s][info][gc          ] GC(8) Concurrent marking roots 7.673ms
[64.134s][info][gc,start    ] GC(8) Concurrent marking
[64.134s][info][gc,task     ] GC(8) Using 2 of 4 workers for concurrent marking
[64.343s][info][gc          ] GC(8) Concurrent marking 208.690ms
[64.343s][info][gc,start    ] GC(8) Pause Final Mark
[64.343s][info][gc,task     ] GC(8) Using 4 of 4 workers for final marking
[64.343s][info][gc,ergo     ] GC(8) Adaptive CSet Selection. Target Free: 1160M, Actual Free: 2252M, Max CSet: 341M, Min Garbage: 0B
[64.343s][info][gc,ergo     ] GC(8) Collectable Garbage: 6554M (99%), Immediate: 1244M (18%), CSet: 5310M (80%)
[64.343s][info][gc,ergo     ] GC(8) Pacer for Evacuation. Used CSet: 5384M, Free: 1840M, Non-Taxable: 184M, Alloc Tax Rate: 7.2x
[64.343s][info][gc          ] GC(8) Pause Final Mark 0.311ms
[64.343s][info][gc,start    ] GC(8) Concurrent thread roots
[64.343s][info][gc,task     ] GC(8) Using 2 of 4 workers for Concurrent thread roots
[64.344s][info][gc          ] GC(8) Concurrent thread roots 1.082ms
[64.344s][info][gc,start    ] GC(8) Concurrent weak references
[64.344s][info][gc,task     ] GC(8) Using 2 of 4 workers for concurrent weak references
[64.345s][info][gc,ref      ] GC(8) Encountered references: Soft: 6506, Weak: 23064, Final: 34, Phantom: 553
[64.345s][info][gc,ref      ] GC(8) Discovered  references: Soft: 0, Weak: 11676, Final: 0, Phantom: 403
[64.345s][info][gc,ref      ] GC(8) Enqueued    references: Soft: 0, Weak: 57, Final: 0, Phantom: 44
[64.345s][info][gc          ] GC(8) Concurrent weak references 0.521ms
[64.345s][info][gc,start    ] GC(8) Concurrent weak roots
[64.345s][info][gc,task     ] GC(8) Using 2 of 4 workers for concurrent weak root
[64.346s][info][gc          ] GC(8) Concurrent weak roots 0.860ms
[64.346s][info][gc,start    ] GC(8) Concurrent cleanup
[64.346s][info][gc          ] GC(8) Concurrent cleanup 7193M->5949M(8192M) 0.029ms
[64.346s][info][gc,ergo     ] GC(8) Free: 1830M, Max: 4096K regular, 584M humongous, Frag: 69% external, 0% internal; Reserve: 411M, Max: 4096K
[64.346s][info][gc,start    ] GC(8) Concurrent strong roots
[64.346s][info][gc,task     ] GC(8) Using 2 of 4 workers for concurrent strong root
[64.350s][info][gc          ] GC(8) Concurrent strong roots 4.242ms
[64.350s][info][gc,start    ] GC(8) Concurrent evacuation
[64.350s][info][gc,task     ] GC(8) Using 2 of 4 workers for concurrent evacuation
[64.388s][info][gc          ] GC(8) Concurrent evacuation 37.860ms
[64.388s][info][gc,start    ] GC(8) Pause Init Update Refs
[64.388s][info][gc,ergo     ] GC(8) Pacer for Update Refs. Used: 6041M, Free: 1818M, Non-Taxable: 181M, Alloc Tax Rate: 4.1x
[64.388s][info][gc          ] GC(8) Pause Init Update Refs 0.044ms
[64.388s][info][gc,start    ] GC(8) Concurrent update references
[64.388s][info][gc,task     ] GC(8) Using 2 of 4 workers for concurrent reference update
[64.517s][info][gc          ] GC(8) Concurrent update references 129.080ms
[64.517s][info][gc,start    ] GC(8) Concurrent update thread roots
[64.519s][info][gc          ] GC(8) Concurrent update thread roots 1.975ms
[64.519s][info][gc,start    ] GC(8) Pause Final Update Refs
[64.519s][info][gc,task     ] GC(8) Using 4 of 4 workers for final reference update
[64.519s][info][gc          ] GC(8) Pause Final Update Refs 0.100ms
[64.520s][info][gc,start    ] GC(8) Concurrent cleanup
[64.520s][info][gc          ] GC(8) Concurrent cleanup 6101M->717M(8192M) 0.069ms
[64.520s][info][gc,ergo     ] Free: 7062M, Max: 4096K regular, 5380M humongous, Frag: 24% external, 0% internal; Reserve: 412M, Max: 4096K
[64.520s][info][gc,stats    ] 
[64.520s][info][gc,stats    ] All times are wall-clock times, except per-root-class counters, that are sum over
[64.520s][info][gc,stats    ] all workers. Dividing the <total> over the root stage time estimates parallelism.
[64.520s][info][gc,stats    ] 
[64.520s][info][gc,stats    ] Concurrent Reset                  30359 us
[64.520s][info][gc,stats    ] Pause Init Mark (G)                 161 us
[64.520s][info][gc,stats    ] Pause Init Mark (N)                 122 us
[64.520s][info][gc,stats    ]   Update Region States               48 us
[64.520s][info][gc,stats    ] Concurrent Mark Roots              7711 us, parallelism: 1.94x
[64.520s][info][gc,stats    ]   CMR: <total>                    14975 us
[64.520s][info][gc,stats    ]   CMR: Thread Roots                2245 us, workers (us): 1137, 1108, ---, ---, 
[64.520s][info][gc,stats    ]   CMR: Code Cache Roots           11988 us, workers (us): 5638, 6350, ---, ---, 
[64.520s][info][gc,stats    ]   CMR: VM Strong Roots               10 us, workers (us):  10,   0, ---, ---, 
[64.520s][info][gc,stats    ]   CMR: CLDG Roots                   731 us, workers (us): 731, ---, ---, ---, 
[64.520s][info][gc,stats    ] Concurrent Marking               208725 us
[64.520s][info][gc,stats    ] Pause Final Mark (G)                339 us
[64.520s][info][gc,stats    ] Pause Final Mark (N)                322 us
[64.520s][info][gc,stats    ]   Finish Mark                        59 us
[64.520s][info][gc,stats    ]   Update Region States               43 us
[64.520s][info][gc,stats    ]   Choose Collection Set             145 us
[64.520s][info][gc,stats    ]   Rebuild Free Set                   10 us
[64.520s][info][gc,stats    ] Concurrent Thread Roots            1096 us, parallelism: 1.90x
[64.520s][info][gc,stats    ]   CTR: <total>                     2078 us
[64.520s][info][gc,stats    ]   CTR: Thread Roots                2078 us, workers (us): 1033, 1045, ---, ---, 
[64.520s][info][gc,stats    ] Concurrent Weak References          531 us, parallelism: 0.91x
[64.520s][info][gc,stats    ]   CWRF: <total>                     481 us
[64.520s][info][gc,stats    ]   CWRF: Weak References             481 us, workers (us):  31, 450, ---, ---, 
[64.520s][info][gc,stats    ] Concurrent Weak Roots               874 us
[64.520s][info][gc,stats    ]   Roots                             818 us, parallelism: 1.79x
[64.520s][info][gc,stats    ]     CWR: <total>                   1465 us
[64.520s][info][gc,stats    ]     CWR: VM Weak Roots             1465 us, workers (us): 733, 732, ---, ---, 
[64.520s][info][gc,stats    ]   Rendezvous                         22 us
[64.520s][info][gc,stats    ] Concurrent Cleanup                   41 us
[64.520s][info][gc,stats    ] Concurrent Strong Roots            4261 us, parallelism: 1.94x
[64.520s][info][gc,stats    ]   CSR: <total>                     8281 us
[64.520s][info][gc,stats    ]   CSR: Code Cache Roots            8048 us, workers (us): 3935, 4113, ---, ---, 
[64.520s][info][gc,stats    ]   CSR: VM Strong Roots                7 us, workers (us):   3,   4, ---, ---, 
[64.520s][info][gc,stats    ]   CSR: CLDG Roots                   226 us, workers (us): 226, ---, ---, ---, 
[64.520s][info][gc,stats    ] Concurrent Evacuation             37914 us
[64.520s][info][gc,stats    ] Pause Init Update Refs (G)           83 us
[64.520s][info][gc,stats    ] Pause Init Update Refs (N)           55 us
[64.520s][info][gc,stats    ]   Manage GCLABs                       5 us
[64.520s][info][gc,stats    ] Concurrent Update Refs           129126 us
[64.520s][info][gc,stats    ] Concurrent Update Thread Roots     2005 us
[64.520s][info][gc,stats    ] Pause Final Update Refs (G)         155 us
[64.520s][info][gc,stats    ] Pause Final Update Refs (N)         129 us
[64.520s][info][gc,stats    ]   Update Region States               39 us
[64.520s][info][gc,stats    ]   Trash Collection Set               12 us
[64.520s][info][gc,stats    ]   Rebuild Free Set                   10 us
[64.520s][info][gc,stats    ] Concurrent Cleanup                   83 us
[64.520s][info][gc,stats    ] 
[64.520s][info][gc,stats    ] Allocation pacing accrued:
[64.520s][info][gc,stats    ]       0 of  9743 ms (  0.0%): <total>
[64.520s][info][gc,stats    ]       0 of  9743 ms (  0.0%): <average total>
[64.520s][info][gc,stats    ] 
[64.520s][info][gc,metaspace] Metaspace: 133177K(134656K)->133178K(134656K) NonClass: 112392K(113216K)->112394K(113216K) Class: 20784K(21440K)->20784K(21440K)
[64.520s][info][gc,ergo     ] Pacer for Idle. Initial: 163M, Alloc Tax Rate: 1.0x
[74.272s][info][gc          ] Trigger: Free (818M) is below minimum threshold (819M)
[74.272s][info][gc,ergo     ] Free: 818M, Max: 4096K regular, 588M humongous, Frag: 28% external, 0% internal; Reserve: 412M, Max: 4096K
[74.272s][info][gc,start    ] GC(9) Concurrent reset
[74.272s][info][gc,task     ] GC(9) Using 2 of 4 workers for concurrent reset
[74.272s][info][gc,ergo     ] GC(9) Pacer for Reset. Non-Taxable: 8192M
[74.293s][info][gc          ] GC(9) Concurrent reset 20.488ms
[74.293s][info][gc,start    ] GC(9) Pause Init Mark
[74.293s][info][gc,task     ] GC(9) Using 4 of 4 workers for init marking
[74.293s][info][gc,ergo     ] GC(9) Pacer for Mark. Expected Live: 378M, Free: 802M, Non-Taxable: 82219K, Alloc Tax Rate: 0.6x
[74.293s][info][gc          ] GC(9) Pause Init Mark 0.170ms
[74.293s][info][gc,start    ] GC(9) Concurrent marking roots
[74.293s][info][gc,task     ] GC(9) Using 2 of 4 workers for concurrent marking roots
[74.301s][info][gc          ] GC(9) Concurrent marking roots 7.721ms
[74.301s][info][gc,start    ] GC(9) Concurrent marking
[74.301s][info][gc,task     ] GC(9) Using 2 of 4 workers for concurrent marking
[74.513s][info][gc          ] GC(9) Concurrent marking 212.304ms
[74.513s][info][gc,start    ] GC(9) Pause Final Mark
[74.513s][info][gc,task     ] GC(9) Using 4 of 4 workers for final marking
[74.513s][info][gc,ergo     ] GC(9) Adaptive CSet Selection. Target Free: 1160M, Actual Free: 2988M, Max CSet: 341M, Min Garbage: 0B
[74.514s][info][gc,ergo     ] GC(9) Collectable Garbage: 6539M (99%), Immediate: 1892M (28%), CSet: 4647M (70%)
[74.514s][info][gc,ergo     ] GC(9) Pacer for Evacuation. Used CSet: 4721M, Free: 2576M, Non-Taxable: 257M, Alloc Tax Rate: 4.5x
[74.514s][info][gc          ] GC(9) Pause Final Mark 0.317ms
[74.514s][info][gc,start    ] GC(9) Concurrent thread roots
[74.514s][info][gc,task     ] GC(9) Using 2 of 4 workers for Concurrent thread roots
[74.515s][info][gc          ] GC(9) Concurrent thread roots 1.066ms
[74.515s][info][gc,start    ] GC(9) Concurrent weak references
[74.515s][info][gc,task     ] GC(9) Using 2 of 4 workers for concurrent weak references
[74.515s][info][gc,ref      ] GC(9) Encountered references: Soft: 6511, Weak: 23059, Final: 34, Phantom: 532
[74.515s][info][gc,ref      ] GC(9) Discovered  references: Soft: 0, Weak: 2460, Final: 0, Phantom: 464
[74.515s][info][gc,ref      ] GC(9) Enqueued    references: Soft: 0, Weak: 19, Final: 0, Phantom: 14
[74.515s][info][gc          ] GC(9) Concurrent weak references 0.256ms
[74.515s][info][gc,start    ] GC(9) Concurrent weak roots
[74.515s][info][gc,task     ] GC(9) Using 2 of 4 workers for concurrent weak root
[74.516s][info][gc          ] GC(9) Concurrent weak roots 0.869ms
[74.516s][info][gc,start    ] GC(9) Concurrent cleanup
[74.516s][info][gc          ] GC(9) Concurrent cleanup 7102M->5210M(8192M) 0.037ms
[74.516s][info][gc,ergo     ] GC(9) Free: 2567M, Max: 4096K regular, 588M humongous, Frag: 78% external, 0% internal; Reserve: 411M, Max: 4096K
[74.516s][info][gc,start    ] GC(9) Concurrent strong roots
[74.516s][info][gc,task     ] GC(9) Using 2 of 4 workers for concurrent strong root
[74.521s][info][gc          ] GC(9) Concurrent strong roots 4.640ms
[74.521s][info][gc,start    ] GC(9) Concurrent evacuation
[74.521s][info][gc,task     ] GC(9) Using 2 of 4 workers for concurrent evacuation
[74.565s][info][gc          ] GC(9) Concurrent evacuation 44.590ms
[74.565s][info][gc,start    ] GC(9) Pause Init Update Refs
[74.565s][info][gc,ergo     ] GC(9) Pacer for Update Refs. Used: 5317M, Free: 2539M, Non-Taxable: 253M, Alloc Tax Rate: 2.6x
[74.565s][info][gc          ] GC(9) Pause Init Update Refs 0.046ms
[74.565s][info][gc,start    ] GC(9) Concurrent update references
[74.565s][info][gc,task     ] GC(9) Using 2 of 4 workers for concurrent reference update
[74.694s][info][gc          ] GC(9) Concurrent update references 128.675ms
[74.694s][info][gc,start    ] GC(9) Concurrent update thread roots
[74.696s][info][gc          ] GC(9) Concurrent update thread roots 1.908ms
[74.696s][info][gc,start    ] GC(9) Pause Final Update Refs
[74.696s][info][gc,task     ] GC(9) Using 4 of 4 workers for final reference update
[74.696s][info][gc          ] GC(9) Pause Final Update Refs 0.097ms
[74.696s][info][gc,start    ] GC(9) Concurrent cleanup
[74.696s][info][gc          ] GC(9) Concurrent cleanup 5369M->648M(8192M) 0.062ms
[74.696s][info][gc,ergo     ] Free: 7131M, Max: 4096K regular, 4144M humongous, Frag: 42% external, 0% internal; Reserve: 412M, Max: 4096K
[74.696s][info][gc,stats    ] 
[74.696s][info][gc,stats    ] All times are wall-clock times, except per-root-class counters, that are sum over
[74.696s][info][gc,stats    ] all workers. Dividing the <total> over the root stage time estimates parallelism.
[74.696s][info][gc,stats    ] 
[74.696s][info][gc,stats    ] Concurrent Reset                  20556 us
[74.696s][info][gc,stats    ] Pause Init Mark (G)                 313 us
[74.696s][info][gc,stats    ] Pause Init Mark (N)                 182 us
[74.696s][info][gc,stats    ]   Update Region States              101 us
[74.696s][info][gc,stats    ] Concurrent Mark Roots              7757 us, parallelism: 1.93x
[74.696s][info][gc,stats    ]   CMR: <total>                    15007 us
[74.696s][info][gc,stats    ]   CMR: Thread Roots                2217 us, workers (us): 1148, 1069, ---, ---, 
[74.696s][info][gc,stats    ]   CMR: Code Cache Roots           11937 us, workers (us): 6373, 5563, ---, ---, 
[74.696s][info][gc,stats    ]   CMR: VM Strong Roots               14 us, workers (us):   7,   7, ---, ---, 
[74.696s][info][gc,stats    ]   CMR: CLDG Roots                   840 us, workers (us): ---, 840, ---, ---, 
[74.696s][info][gc,stats    ] Concurrent Marking               212350 us
[74.697s][info][gc,stats    ] Pause Final Mark (G)                365 us
[74.697s][info][gc,stats    ] Pause Final Mark (N)                327 us
[74.697s][info][gc,stats    ]   Finish Mark                        70 us
[74.697s][info][gc,stats    ]   Update Region States               43 us
[74.697s][info][gc,stats    ]   Choose Collection Set             139 us
[74.697s][info][gc,stats    ]   Rebuild Free Set                   10 us
[74.697s][info][gc,stats    ] Concurrent Thread Roots            1089 us, parallelism: 1.85x
[74.697s][info][gc,stats    ]   CTR: <total>                     2014 us
[74.697s][info][gc,stats    ]   CTR: Thread Roots                2014 us, workers (us): 1021, 993, ---, ---, 
[74.697s][info][gc,stats    ] Concurrent Weak References          266 us, parallelism: 0.73x
[74.697s][info][gc,stats    ]   CWRF: <total>                     195 us
[74.697s][info][gc,stats    ]   CWRF: Weak References             195 us, workers (us): 189,   6, ---, ---, 
[74.697s][info][gc,stats    ] Concurrent Weak Roots               882 us
[74.697s][info][gc,stats    ]   Roots                             827 us, parallelism: 1.77x
[74.697s][info][gc,stats    ]     CWR: <total>                   1460 us
[74.697s][info][gc,stats    ]     CWR: VM Weak Roots             1460 us, workers (us): 730, 730, ---, ---, 
[74.697s][info][gc,stats    ]   Rendezvous                         21 us
[74.697s][info][gc,stats    ] Concurrent Cleanup                   49 us
[74.697s][info][gc,stats    ] Concurrent Strong Roots            4668 us, parallelism: 1.95x
[74.697s][info][gc,stats    ]   CSR: <total>                     9110 us
[74.697s][info][gc,stats    ]   CSR: Code Cache Roots            8852 us, workers (us): 4549, 4303, ---, ---, 
[74.697s][info][gc,stats    ]   CSR: VM Strong Roots                7 us, workers (us):   4,   3, ---, ---, 
[74.697s][info][gc,stats    ]   CSR: CLDG Roots                   250 us, workers (us): ---, 250, ---, ---, 
[74.697s][info][gc,stats    ] Concurrent Evacuation             44643 us
[74.697s][info][gc,stats    ] Pause Init Update Refs (G)           92 us
[74.697s][info][gc,stats    ] Pause Init Update Refs (N)           57 us
[74.697s][info][gc,stats    ]   Manage GCLABs                       6 us
[74.697s][info][gc,stats    ] Concurrent Update Refs           128727 us
[74.697s][info][gc,stats    ] Concurrent Update Thread Roots     1943 us
[74.697s][info][gc,stats    ] Pause Final Update Refs (G)         178 us
[74.697s][info][gc,stats    ] Pause Final Update Refs (N)         123 us
[74.697s][info][gc,stats    ]   Update Region States               37 us
[74.697s][info][gc,stats    ]   Trash Collection Set               11 us
[74.697s][info][gc,stats    ]   Rebuild Free Set                   11 us
[74.697s][info][gc,stats    ] Concurrent Cleanup                   75 us
[74.697s][info][gc,stats    ] 
[74.697s][info][gc,stats    ] Allocation pacing accrued:
[74.697s][info][gc,stats    ]       0 of 10177 ms (  0.0%): <total>
[74.697s][info][gc,stats    ]       0 of 10177 ms (  0.0%): <average total>
[74.697s][info][gc,stats    ] 
[74.697s][info][gc,metaspace] Metaspace: 133311K(134784K)->133317K(134784K) NonClass: 112515K(113344K)->112521K(113344K) Class: 20796K(21440K)->20796K(21440K)
[74.697s][info][gc,ergo     ] Pacer for Idle. Initial: 163M, Alloc Tax Rate: 1.0x
[85.426s][info][gc          ] Trigger: Free (816M) is below minimum threshold (819M)
[85.427s][info][gc,ergo     ] Free: 816M, Max: 4096K regular, 816M humongous, Frag: 0% external, 0% internal; Reserve: 412M, Max: 4096K
[85.427s][info][gc,start    ] GC(10) Concurrent reset
[85.427s][info][gc,task     ] GC(10) Using 2 of 4 workers for concurrent reset
[85.427s][info][gc,ergo     ] GC(10) Pacer for Reset. Non-Taxable: 8192M
[85.443s][info][gc          ] GC(10) Concurrent reset 16.291ms
[85.443s][info][gc,start    ] GC(10) Pause Init Mark
[85.443s][info][gc,task     ] GC(10) Using 4 of 4 workers for init marking
[85.443s][info][gc,ergo     ] GC(10) Pacer for Mark. Expected Live: 400M, Free: 816M, Non-Taxable: 83580K, Alloc Tax Rate: 0.6x
[85.443s][info][gc          ] GC(10) Pause Init Mark 0.125ms
[85.443s][info][gc,start    ] GC(10) Concurrent marking roots
[85.443s][info][gc,task     ] GC(10) Using 2 of 4 workers for concurrent marking roots
[85.450s][info][gc          ] GC(10) Concurrent marking roots 6.988ms
[85.450s][info][gc,start    ] GC(10) Concurrent marking
[85.450s][info][gc,task     ] GC(10) Using 2 of 4 workers for concurrent marking
[85.668s][info][gc          ] GC(10) Concurrent marking 217.717ms
[85.668s][info][gc,start    ] GC(10) Pause Final Mark
[85.668s][info][gc,task     ] GC(10) Using 4 of 4 workers for final marking
[85.668s][info][gc,ergo     ] GC(10) Adaptive CSet Selection. Target Free: 1160M, Actual Free: 2412M, Max CSet: 341M, Min Garbage: 0B
[85.668s][info][gc,ergo     ] GC(10) Collectable Garbage: 6500M (99%), Immediate: 1348M (20%), CSet: 5152M (78%)
[85.668s][info][gc,ergo     ] GC(10) Pacer for Evacuation. Used CSet: 5256M, Free: 2000M, Non-Taxable: 200M, Alloc Tax Rate: 6.4x
[85.668s][info][gc          ] GC(10) Pause Final Mark 0.333ms
[85.668s][info][gc,start    ] GC(10) Concurrent thread roots
[85.668s][info][gc,task     ] GC(10) Using 2 of 4 workers for Concurrent thread roots
[85.669s][info][gc          ] GC(10) Concurrent thread roots 1.080ms
[85.669s][info][gc,start    ] GC(10) Concurrent weak references
[85.669s][info][gc,task     ] GC(10) Using 2 of 4 workers for concurrent weak references
[85.670s][info][gc,ref      ] GC(10) Encountered references: Soft: 6511, Weak: 23043, Final: 34, Phantom: 527
[85.670s][info][gc,ref      ] GC(10) Discovered  references: Soft: 0, Weak: 2538, Final: 1, Phantom: 442
[85.670s][info][gc,ref      ] GC(10) Enqueued    references: Soft: 0, Weak: 4, Final: 0, Phantom: 0
[85.670s][info][gc          ] GC(10) Concurrent weak references 0.236ms
[85.670s][info][gc,start    ] GC(10) Concurrent weak roots
[85.670s][info][gc,task     ] GC(10) Using 2 of 4 workers for concurrent weak root
[85.671s][info][gc          ] GC(10) Concurrent weak roots 0.845ms
[85.671s][info][gc,start    ] GC(10) Concurrent cleanup
[85.671s][info][gc          ] GC(10) Concurrent cleanup 7137M->5789M(8192M) 0.033ms
[85.671s][info][gc,ergo     ] GC(10) Free: 1990M, Max: 4096K regular, 640M humongous, Frag: 68% external, 0% internal; Reserve: 411M, Max: 4096K
[85.671s][info][gc,start    ] GC(10) Concurrent strong roots
[85.671s][info][gc,task     ] GC(10) Using 2 of 4 workers for concurrent strong root
[85.675s][info][gc          ] GC(10) Concurrent strong roots 4.587ms
[85.675s][info][gc,start    ] GC(10) Concurrent evacuation
[85.675s][info][gc,task     ] GC(10) Using 2 of 4 workers for concurrent evacuation
[85.732s][info][gc          ] GC(10) Concurrent evacuation 56.574ms
[85.732s][info][gc,start    ] GC(10) Pause Init Update Refs
[85.732s][info][gc,ergo     ] GC(10) Pacer for Update Refs. Used: 5929M, Free: 1958M, Non-Taxable: 195M, Alloc Tax Rate: 3.7x
[85.732s][info][gc          ] GC(10) Pause Init Update Refs 0.045ms
[85.732s][info][gc,start    ] GC(10) Concurrent update references
[85.732s][info][gc,task     ] GC(10) Using 2 of 4 workers for concurrent reference update
[85.872s][info][gc          ] GC(10) Concurrent update references 140.318ms
[85.872s][info][gc,start    ] GC(10) Concurrent update thread roots
[85.874s][info][gc          ] GC(10) Concurrent update thread roots 1.825ms
[85.874s][info][gc,start    ] GC(10) Pause Final Update Refs
[85.874s][info][gc,task     ] GC(10) Using 4 of 4 workers for final reference update
[85.874s][info][gc          ] GC(10) Pause Final Update Refs 0.118ms
[85.874s][info][gc,start    ] GC(10) Concurrent cleanup
[85.874s][info][gc          ] GC(10) Concurrent cleanup 6009M->753M(8192M) 0.064ms
[85.874s][info][gc,ergo     ] Free: 7026M, Max: 4096K regular, 5432M humongous, Frag: 23% external, 0% internal; Reserve: 412M, Max: 4096K
[85.874s][info][gc,stats    ] 
[85.874s][info][gc,stats    ] All times are wall-clock times, except per-root-class counters, that are sum over
[85.874s][info][gc,stats    ] all workers. Dividing the <total> over the root stage time estimates parallelism.
[85.874s][info][gc,stats    ] 
[85.875s][info][gc,stats    ] Concurrent Reset                  16382 us
[85.875s][info][gc,stats    ] Pause Init Mark (G)                 270 us
[85.875s][info][gc,stats    ] Pause Init Mark (N)                 139 us
[85.875s][info][gc,stats    ]   Update Region States               44 us
[85.875s][info][gc,stats    ] Concurrent Mark Roots              7013 us, parallelism: 1.93x
[85.875s][info][gc,stats    ]   CMR: <total>                    13502 us
[85.875s][info][gc,stats    ]   CMR: Thread Roots                1952 us, workers (us): 971, 982, ---, ---, 
[85.875s][info][gc,stats    ]   CMR: Code Cache Roots           10640 us, workers (us): 4881, 5759, ---, ---, 
[85.875s][info][gc,stats    ]   CMR: VM Strong Roots               14 us, workers (us):  14,   0, ---, ---, 
[85.875s][info][gc,stats    ]   CMR: CLDG Roots                   896 us, workers (us): 896, ---, ---, ---, 
[85.875s][info][gc,stats    ] Concurrent Marking               217752 us
[85.875s][info][gc,stats    ] Pause Final Mark (G)                412 us
[85.875s][info][gc,stats    ] Pause Final Mark (N)                344 us
[85.875s][info][gc,stats    ]   Finish Mark                        75 us
[85.875s][info][gc,stats    ]   Update Region States               52 us
[85.875s][info][gc,stats    ]   Choose Collection Set             142 us
[85.875s][info][gc,stats    ]   Rebuild Free Set                   10 us
[85.875s][info][gc,stats    ] Concurrent Thread Roots            1101 us, parallelism: 1.80x
[85.875s][info][gc,stats    ]   CTR: <total>                     1982 us
[85.875s][info][gc,stats    ]   CTR: Thread Roots                1982 us, workers (us): 984, 998, ---, ---, 
[85.875s][info][gc,stats    ] Concurrent Weak References          247 us, parallelism: 0.73x
[85.875s][info][gc,stats    ]   CWRF: <total>                     181 us
[85.875s][info][gc,stats    ]   CWRF: Weak References             181 us, workers (us): 131,  49, ---, ---, 
[85.875s][info][gc,stats    ] Concurrent Weak Roots               866 us
[85.875s][info][gc,stats    ]   Roots                             802 us, parallelism: 1.79x
[85.875s][info][gc,stats    ]     CWR: <total>                   1438 us
[85.875s][info][gc,stats    ]     CWR: VM Weak Roots             1438 us, workers (us): 719, 719, ---, ---, 
[85.875s][info][gc,stats    ]   Rendezvous                         22 us
[85.875s][info][gc,stats    ] Concurrent Cleanup                   45 us
[85.875s][info][gc,stats    ] Concurrent Strong Roots            4604 us, parallelism: 1.95x
[85.875s][info][gc,stats    ]   CSR: <total>                     8995 us
[85.875s][info][gc,stats    ]   CSR: Code Cache Roots            8702 us, workers (us): 4225, 4477, ---, ---, 
[85.875s][info][gc,stats    ]   CSR: VM Strong Roots                9 us, workers (us):   5,   4, ---, ---, 
[85.875s][info][gc,stats    ]   CSR: CLDG Roots                   284 us, workers (us): 284, ---, ---, ---, 
[85.875s][info][gc,stats    ] Concurrent Evacuation             56613 us
[85.875s][info][gc,stats    ] Pause Init Update Refs (G)          118 us
[85.875s][info][gc,stats    ] Pause Init Update Refs (N)           55 us
[85.875s][info][gc,stats    ]   Manage GCLABs                       5 us
[85.875s][info][gc,stats    ] Concurrent Update Refs           140357 us
[85.875s][info][gc,stats    ] Concurrent Update Thread Roots     1846 us
[85.875s][info][gc,stats    ] Pause Final Update Refs (G)         162 us
[85.875s][info][gc,stats    ] Pause Final Update Refs (N)         135 us
[85.875s][info][gc,stats    ]   Update Region States               54 us
[85.875s][info][gc,stats    ]   Trash Collection Set               16 us
[85.875s][info][gc,stats    ]   Rebuild Free Set                   10 us
[85.875s][info][gc,stats    ] Concurrent Cleanup                   77 us
[85.875s][info][gc,stats    ] 
[85.875s][info][gc,stats    ] Allocation pacing accrued:
[85.875s][info][gc,stats    ]       0 of 11178 ms (  0.0%): <total>
[85.875s][info][gc,stats    ]       0 of 11178 ms (  0.0%): <average total>
[85.875s][info][gc,stats    ] 
[85.875s][info][gc,metaspace] Metaspace: 133365K(134848K)->133365K(134848K) NonClass: 112568K(113408K)->112569K(113408K) Class: 20796K(21440K)->20796K(21440K)
[85.875s][info][gc,ergo     ] Pacer for Idle. Initial: 163M, Alloc Tax Rate: 1.0x
[94.914s][info][gc          ] Trigger: Free (818M) is below minimum threshold (819M)
[94.914s][info][gc,ergo     ] Free: 818M, Max: 4096K regular, 612M humongous, Frag: 25% external, 0% internal; Reserve: 412M, Max: 4096K
[94.914s][info][gc,start    ] GC(11) Concurrent reset
[94.914s][info][gc,task     ] GC(11) Using 2 of 4 workers for concurrent reset
[94.914s][info][gc,ergo     ] GC(11) Pacer for Reset. Non-Taxable: 8192M
[94.927s][info][gc          ] GC(11) Concurrent reset 13.310ms
[94.927s][info][gc,start    ] GC(11) Pause Init Mark
[94.927s][info][gc,task     ] GC(11) Using 4 of 4 workers for init marking
[94.927s][info][gc,ergo     ] GC(11) Pacer for Mark. Expected Live: 413M, Free: 814M, Non-Taxable: 83418K, Alloc Tax Rate: 0.6x
[94.927s][info][gc          ] GC(11) Pause Init Mark 0.126ms
[94.927s][info][gc,start    ] GC(11) Concurrent marking roots
[94.927s][info][gc,task     ] GC(11) Using 2 of 4 workers for concurrent marking roots
[94.936s][info][gc          ] GC(11) Concurrent marking roots 8.111ms
[94.936s][info][gc,start    ] GC(11) Concurrent marking
[94.936s][info][gc,task     ] GC(11) Using 2 of 4 workers for concurrent marking
[95.152s][info][gc          ] GC(11) Concurrent marking 216.132ms
[95.152s][info][gc,start    ] GC(11) Pause Final Mark
[95.152s][info][gc,task     ] GC(11) Using 4 of 4 workers for final marking
[95.152s][info][gc,ergo     ] GC(11) Adaptive CSet Selection. Target Free: 1160M, Actual Free: 2636M, Max CSet: 341M, Min Garbage: 0B
[95.152s][info][gc,ergo     ] GC(11) Collectable Garbage: 6520M (99%), Immediate: 1576M (24%), CSet: 4944M (75%)
[95.152s][info][gc,ergo     ] GC(11) Pacer for Evacuation. Used CSet: 5033M, Free: 2224M, Non-Taxable: 222M, Alloc Tax Rate: 5.5x
[95.152s][info][gc          ] GC(11) Pause Final Mark 0.316ms
[95.152s][info][gc,start    ] GC(11) Concurrent thread roots
[95.152s][info][gc,task     ] GC(11) Using 2 of 4 workers for Concurrent thread roots
[95.153s][info][gc          ] GC(11) Concurrent thread roots 1.127ms
[95.153s][info][gc,start    ] GC(11) Concurrent weak references
[95.153s][info][gc,task     ] GC(11) Using 2 of 4 workers for concurrent weak references
[95.154s][info][gc,ref      ] GC(11) Encountered references: Soft: 6514, Weak: 23108, Final: 34, Phantom: 558
[95.154s][info][gc,ref      ] GC(11) Discovered  references: Soft: 0, Weak: 10171, Final: 0, Phantom: 471
[95.154s][info][gc,ref      ] GC(11) Enqueued    references: Soft: 0, Weak: 36, Final: 0, Phantom: 31
[95.154s][info][gc          ] GC(11) Concurrent weak references 0.483ms
[95.154s][info][gc,start    ] GC(11) Concurrent weak roots
[95.154s][info][gc,task     ] GC(11) Using 2 of 4 workers for concurrent weak root
[95.155s][info][gc          ] GC(11) Concurrent weak roots 0.897ms
[95.155s][info][gc,start    ] GC(11) Concurrent cleanup
[95.155s][info][gc          ] GC(11) Concurrent cleanup 7138M->5562M(8192M) 0.038ms
[95.155s][info][gc,ergo     ] GC(11) Free: 2215M, Max: 4096K regular, 612M humongous, Frag: 73% external, 0% internal; Reserve: 411M, Max: 4096K
[95.155s][info][gc,start    ] GC(11) Concurrent strong roots
[95.155s][info][gc,task     ] GC(11) Using 2 of 4 workers for concurrent strong root
[95.160s][info][gc          ] GC(11) Concurrent strong roots 4.845ms
[95.160s][info][gc,start    ] GC(11) Concurrent evacuation
[95.160s][info][gc,task     ] GC(11) Using 2 of 4 workers for concurrent evacuation
[95.205s][info][gc          ] GC(11) Concurrent evacuation 45.316ms
[95.205s][info][gc,start    ] GC(11) Pause Init Update Refs
[95.205s][info][gc,ergo     ] GC(11) Pacer for Update Refs. Used: 5681M, Free: 2191M, Non-Taxable: 219M, Alloc Tax Rate: 3.2x
[95.205s][info][gc          ] GC(11) Pause Init Update Refs 0.045ms
[95.205s][info][gc,start    ] GC(11) Concurrent update references
[95.205s][info][gc,task     ] GC(11) Using 2 of 4 workers for concurrent reference update
[95.337s][info][gc          ] GC(11) Concurrent update references 132.186ms
[95.337s][info][gc,start    ] GC(11) Concurrent update thread roots
[95.339s][info][gc          ] GC(11) Concurrent update thread roots 1.839ms
[95.339s][info][gc,start    ] GC(11) Pause Final Update Refs
[95.339s][info][gc,task     ] GC(11) Using 4 of 4 workers for final reference update
[95.339s][info][gc          ] GC(11) Pause Final Update Refs 0.092ms
[95.339s][info][gc,start    ] GC(11) Concurrent cleanup
[95.339s][info][gc          ] GC(11) Concurrent cleanup 5765M->732M(8192M) 0.072ms
[95.339s][info][gc,ergo     ] Free: 7047M, Max: 4096K regular, 5232M humongous, Frag: 26% external, 0% internal; Reserve: 412M, Max: 4096K
[95.340s][info][gc,stats    ] 
[95.340s][info][gc,stats    ] All times are wall-clock times, except per-root-class counters, that are sum over
[95.340s][info][gc,stats    ] all workers. Dividing the <total> over the root stage time estimates parallelism.
[95.340s][info][gc,stats    ] 
[95.340s][info][gc,stats    ] Concurrent Reset                  13387 us
[95.340s][info][gc,stats    ] Pause Init Mark (G)                 234 us
[95.340s][info][gc,stats    ] Pause Init Mark (N)                 139 us
[95.340s][info][gc,stats    ]   Update Region States               53 us
[95.340s][info][gc,stats    ] Concurrent Mark Roots              8155 us, parallelism: 1.94x
[95.340s][info][gc,stats    ]   CMR: <total>                    15799 us
[95.340s][info][gc,stats    ]   CMR: Thread Roots                1857 us, workers (us): 971, 886, ---, ---, 
[95.340s][info][gc,stats    ]   CMR: Code Cache Roots           13245 us, workers (us): 6269, 6976, ---, ---, 
[95.340s][info][gc,stats    ]   CMR: VM Strong Roots               14 us, workers (us):  14,   0, ---, ---, 
[95.340s][info][gc,stats    ]   CMR: CLDG Roots                   683 us, workers (us): 683, ---, ---, ---, 
[95.340s][info][gc,stats    ] Concurrent Marking               216180 us
[95.340s][info][gc,stats    ] Pause Final Mark (G)                381 us
[95.340s][info][gc,stats    ] Pause Final Mark (N)                326 us
[95.340s][info][gc,stats    ]   Finish Mark                        62 us
[95.340s][info][gc,stats    ]   Update Region States               44 us
[95.340s][info][gc,stats    ]   Choose Collection Set             146 us
[95.340s][info][gc,stats    ]   Rebuild Free Set                   10 us
[95.340s][info][gc,stats    ] Concurrent Thread Roots            1148 us, parallelism: 1.80x
[95.340s][info][gc,stats    ]   CTR: <total>                     2067 us
[95.340s][info][gc,stats    ]   CTR: Thread Roots                2067 us, workers (us): 1045, 1022, ---, ---, 
[95.340s][info][gc,stats    ] Concurrent Weak References          494 us, parallelism: 1.05x
[95.340s][info][gc,stats    ]   CWRF: <total>                     518 us
[95.340s][info][gc,stats    ]   CWRF: Weak References             518 us, workers (us): 382, 137, ---, ---, 
[95.340s][info][gc,stats    ] Concurrent Weak Roots               918 us
[95.340s][info][gc,stats    ]   Roots                             854 us, parallelism: 1.70x
[95.340s][info][gc,stats    ]     CWR: <total>                   1453 us
[95.340s][info][gc,stats    ]     CWR: VM Weak Roots             1453 us, workers (us): 727, 726, ---, ---, 
[95.340s][info][gc,stats    ]   Rendezvous                         22 us
[95.340s][info][gc,stats    ] Concurrent Cleanup                   56 us
[95.340s][info][gc,stats    ] Concurrent Strong Roots            4874 us, parallelism: 1.95x
[95.340s][info][gc,stats    ]   CSR: <total>                     9491 us
[95.340s][info][gc,stats    ]   CSR: Code Cache Roots            9270 us, workers (us): 4702, 4568, ---, ---, 
[95.340s][info][gc,stats    ]   CSR: VM Strong Roots                8 us, workers (us):   4,   4, ---, ---, 
[95.340s][info][gc,stats    ]   CSR: CLDG Roots                   213 us, workers (us): ---, 213, ---, ---, 
[95.340s][info][gc,stats    ] Concurrent Evacuation             45362 us
[95.340s][info][gc,stats    ] Pause Init Update Refs (G)          115 us
[95.340s][info][gc,stats    ] Pause Init Update Refs (N)           56 us
[95.340s][info][gc,stats    ]   Manage GCLABs                       6 us
[95.340s][info][gc,stats    ] Concurrent Update Refs           132232 us
[95.340s][info][gc,stats    ] Concurrent Update Thread Roots     1864 us
[95.340s][info][gc,stats    ] Pause Final Update Refs (G)         171 us
[95.340s][info][gc,stats    ] Pause Final Update Refs (N)         115 us
[95.340s][info][gc,stats    ]   Update Region States               30 us
[95.340s][info][gc,stats    ]   Trash Collection Set               15 us
[95.340s][info][gc,stats    ]   Rebuild Free Set                   12 us
[95.340s][info][gc,stats    ] Concurrent Cleanup                   86 us
[95.340s][info][gc,stats    ] 
[95.340s][info][gc,stats    ] Allocation pacing accrued:
[95.340s][info][gc,stats    ]       0 of  9465 ms (  0.0%): <total>
[95.340s][info][gc,stats    ]       0 of  9465 ms (  0.0%): <average total>
[95.340s][info][gc,stats    ] 
[95.340s][info][gc,metaspace] Metaspace: 133604K(135040K)->133605K(135040K) NonClass: 112786K(113600K)->112787K(113600K) Class: 20817K(21440K)->20817K(21440K)
[95.340s][info][gc,ergo     ] Pacer for Idle. Initial: 163M, Alloc Tax Rate: 1.0x
[105.436s][info][gc          ] Trigger: Average GC time (461.85 ms) is above the time for average allocation rate (1073 MB/s) to deplete free headroom (494M) (margin of error = 1.81)
[105.437s][info][gc,ergo     ] Free headroom: 903M (free) - 409M (spike) - 0B (penalties) = 494M
[105.437s][info][gc,ergo     ] Free: 903M, Max: 4096K regular, 828M humongous, Frag: 8% external, 0% internal; Reserve: 412M, Max: 4096K
[105.437s][info][gc,start    ] GC(12) Concurrent reset
[105.437s][info][gc,task     ] GC(12) Using 2 of 4 workers for concurrent reset
[105.437s][info][gc,ergo     ] GC(12) Pacer for Reset. Non-Taxable: 8192M
[105.454s][info][gc          ] GC(12) Concurrent reset 17.556ms
[105.454s][info][gc,start    ] GC(12) Pause Init Mark
[105.454s][info][gc,task     ] GC(12) Using 4 of 4 workers for init marking
[105.454s][info][gc,ergo     ] GC(12) Pacer for Mark. Expected Live: 419M, Free: 887M, Non-Taxable: 90898K, Alloc Tax Rate: 0.6x
[105.454s][info][gc          ] GC(12) Pause Init Mark 0.091ms
[105.454s][info][gc,start    ] GC(12) Concurrent marking roots
[105.454s][info][gc,task     ] GC(12) Using 2 of 4 workers for concurrent marking roots
[105.461s][info][gc          ] GC(12) Concurrent marking roots 6.901ms
[105.461s][info][gc,start    ] GC(12) Concurrent marking
[105.461s][info][gc,task     ] GC(12) Using 2 of 4 workers for concurrent marking
[105.658s][info][gc          ] GC(12) Concurrent marking 196.799ms
[105.658s][info][gc,start    ] GC(12) Pause Final Mark
[105.658s][info][gc,task     ] GC(12) Using 4 of 4 workers for final marking
[105.658s][info][gc,ergo     ] GC(12) Adaptive CSet Selection. Target Free: 1160M, Actual Free: 4072M, Max CSet: 341M, Min Garbage: 0B
[105.658s][info][gc,ergo     ] GC(12) Collectable Garbage: 6477M (99%), Immediate: 2960M (45%), CSet: 3517M (54%)
[105.658s][info][gc,ergo     ] GC(12) Pacer for Evacuation. Used CSet: 3572M, Free: 3660M, Non-Taxable: 366M, Alloc Tax Rate: 2.4x
[105.659s][info][gc          ] GC(12) Pause Final Mark 0.297ms
[105.659s][info][gc,start    ] GC(12) Concurrent thread roots
[105.659s][info][gc,task     ] GC(12) Using 2 of 4 workers for Concurrent thread roots
[105.660s][info][gc          ] GC(12) Concurrent thread roots 1.269ms
[105.660s][info][gc,start    ] GC(12) Concurrent weak references
[105.660s][info][gc,task     ] GC(12) Using 2 of 4 workers for concurrent weak references
[105.660s][info][gc,ref      ] GC(12) Encountered references: Soft: 6515, Weak: 23134, Final: 34, Phantom: 563
[105.660s][info][gc,ref      ] GC(12) Discovered  references: Soft: 0, Weak: 4953, Final: 1, Phantom: 479
[105.660s][info][gc,ref      ] GC(12) Enqueued    references: Soft: 0, Weak: 37, Final: 0, Phantom: 33
[105.660s][info][gc          ] GC(12) Concurrent weak references 0.332ms
[105.660s][info][gc,start    ] GC(12) Concurrent weak roots
[105.660s][info][gc,task     ] GC(12) Using 2 of 4 workers for concurrent weak root
[105.661s][info][gc          ] GC(12) Concurrent weak roots 0.986ms
[105.661s][info][gc,start    ] GC(12) Concurrent cleanup
[105.661s][info][gc          ] GC(12) Concurrent cleanup 7089M->4129M(8192M) 0.048ms
[105.661s][info][gc,ergo     ] GC(12) Free: 3651M, Max: 4096K regular, 688M humongous, Frag: 82% external, 0% internal; Reserve: 411M, Max: 4096K
[105.661s][info][gc,start    ] GC(12) Concurrent strong roots
[105.661s][info][gc,task     ] GC(12) Using 2 of 4 workers for concurrent strong root
[105.666s][info][gc          ] GC(12) Concurrent strong roots 4.714ms
[105.666s][info][gc,start    ] GC(12) Concurrent evacuation
[105.666s][info][gc,task     ] GC(12) Using 2 of 4 workers for concurrent evacuation
[105.694s][info][gc          ] GC(12) Concurrent evacuation 28.355ms
[105.694s][info][gc,start    ] GC(12) Pause Init Update Refs
[105.694s][info][gc,ergo     ] GC(12) Pacer for Update Refs. Used: 4200M, Free: 3639M, Non-Taxable: 363M, Alloc Tax Rate: 1.4x
[105.694s][info][gc          ] GC(12) Pause Init Update Refs 0.043ms
[105.695s][info][gc,start    ] GC(12) Concurrent update references
[105.695s][info][gc,task     ] GC(12) Using 2 of 4 workers for concurrent reference update
[105.818s][info][gc          ] GC(12) Concurrent update references 123.021ms
[105.818s][info][gc,start    ] GC(12) Concurrent update thread roots
[105.820s][info][gc          ] GC(12) Concurrent update thread roots 2.027ms
[105.820s][info][gc,start    ] GC(12) Pause Final Update Refs
[105.820s][info][gc,task     ] GC(12) Using 4 of 4 workers for final reference update
[105.820s][info][gc          ] GC(12) Pause Final Update Refs 0.092ms
[105.820s][info][gc,start    ] GC(12) Concurrent cleanup
[105.820s][info][gc          ] GC(12) Concurrent cleanup 4252M->684M(8192M) 0.055ms
[105.820s][info][gc,ergo     ] Free: 7095M, Max: 4096K regular, 3020M humongous, Frag: 58% external, 0% internal; Reserve: 412M, Max: 4096K
[105.820s][info][gc,stats    ] 
[105.820s][info][gc,stats    ] All times are wall-clock times, except per-root-class counters, that are sum over
[105.820s][info][gc,stats    ] all workers. Dividing the <total> over the root stage time estimates parallelism.
[105.820s][info][gc,stats    ] 
[105.820s][info][gc,stats    ] Concurrent Reset                  17678 us
[105.820s][info][gc,stats    ] Pause Init Mark (G)                 190 us
[105.820s][info][gc,stats    ] Pause Init Mark (N)                 104 us
[105.820s][info][gc,stats    ]   Update Region States               23 us
[105.820s][info][gc,stats    ] Concurrent Mark Roots              6933 us, parallelism: 1.95x
[105.820s][info][gc,stats    ]   CMR: <total>                    13500 us
[105.820s][info][gc,stats    ]   CMR: Thread Roots                2122 us, workers (us): 1116, 1006, ---, ---, 
[105.820s][info][gc,stats    ]   CMR: Code Cache Roots           10678 us, workers (us): 4944, 5733, ---, ---, 
[105.820s][info][gc,stats    ]   CMR: VM Strong Roots               15 us, workers (us):   7,   7, ---, ---, 
[105.820s][info][gc,stats    ]   CMR: CLDG Roots                   686 us, workers (us): 686, ---, ---, ---, 
[105.820s][info][gc,stats    ] Concurrent Marking               196844 us
[105.820s][info][gc,stats    ] Pause Final Mark (G)                328 us
[105.820s][info][gc,stats    ] Pause Final Mark (N)                309 us
[105.820s][info][gc,stats    ]   Finish Mark                        62 us
[105.820s][info][gc,stats    ]   Update Region States               18 us
[105.820s][info][gc,stats    ]   Choose Collection Set             134 us
[105.820s][info][gc,stats    ]   Rebuild Free Set                   14 us
[105.820s][info][gc,stats    ] Concurrent Thread Roots            1291 us, parallelism: 1.88x
[105.820s][info][gc,stats    ]   CTR: <total>                     2428 us
[105.820s][info][gc,stats    ]   CTR: Thread Roots                2428 us, workers (us): 1210, 1218, ---, ---, 
[105.820s][info][gc,stats    ] Concurrent Weak References          344 us, parallelism: 1.33x
[105.820s][info][gc,stats    ]   CWRF: <total>                     457 us
[105.820s][info][gc,stats    ]   CWRF: Weak References             457 us, workers (us): 230, 227, ---, ---, 
[105.820s][info][gc,stats    ] Concurrent Weak Roots              1002 us
[105.820s][info][gc,stats    ]   Roots                             942 us, parallelism: 1.71x
[105.820s][info][gc,stats    ]     CWR: <total>                   1610 us
[105.820s][info][gc,stats    ]     CWR: VM Weak Roots             1610 us, workers (us): 819, 791, ---, ---, 
[105.820s][info][gc,stats    ]   Rendezvous                         24 us
[105.820s][info][gc,stats    ] Concurrent Cleanup                   60 us
[105.820s][info][gc,stats    ] Concurrent Strong Roots            4741 us, parallelism: 1.94x
[105.820s][info][gc,stats    ]   CSR: <total>                     9210 us
[105.820s][info][gc,stats    ]   CSR: Code Cache Roots            8980 us, workers (us): 4622, 4359, ---, ---, 
[105.820s][info][gc,stats    ]   CSR: VM Strong Roots                8 us, workers (us):   4,   4, ---, ---, 
[105.820s][info][gc,stats    ]   CSR: CLDG Roots                   222 us, workers (us): ---, 222, ---, ---, 
[105.820s][info][gc,stats    ] Concurrent Evacuation             28393 us
[105.820s][info][gc,stats    ] Pause Init Update Refs (G)          108 us
[105.820s][info][gc,stats    ] Pause Init Update Refs (N)           54 us
[105.820s][info][gc,stats    ]   Manage GCLABs                       5 us
[105.820s][info][gc,stats    ] Concurrent Update Refs           123068 us
[105.820s][info][gc,stats    ] Concurrent Update Thread Roots     2053 us
[105.820s][info][gc,stats    ] Pause Final Update Refs (G)         140 us
[105.820s][info][gc,stats    ] Pause Final Update Refs (N)         116 us
[105.820s][info][gc,stats    ]   Update Region States               30 us
[105.820s][info][gc,stats    ]   Trash Collection Set               12 us
[105.820s][info][gc,stats    ]   Rebuild Free Set                   12 us
[105.820s][info][gc,stats    ] Concurrent Cleanup                   68 us
[105.820s][info][gc,stats    ] 
[105.820s][info][gc,stats    ] Allocation pacing accrued:
[105.820s][info][gc,stats    ]       0 of 10480 ms (  0.0%): <total>
[105.820s][info][gc,stats    ]       0 of 10480 ms (  0.0%): <average total>
[105.820s][info][gc,stats    ] 
[105.820s][info][gc,metaspace] Metaspace: 133759K(135232K)->133759K(135232K) NonClass: 112917K(113728K)->112917K(113728K) Class: 20842K(21504K)->20842K(21504K)
[105.820s][info][gc,ergo     ] Pacer for Idle. Initial: 163M, Alloc Tax Rate: 1.0x
[115.509s][info][gc          ] Trigger: Free (819M) is below minimum threshold (819M)
[115.509s][info][gc,ergo     ] Free: 819M, Max: 4096K regular, 724M humongous, Frag: 12% external, 0% internal; Reserve: 412M, Max: 4096K
[115.509s][info][gc,start    ] GC(13) Concurrent reset
[115.509s][info][gc,task     ] GC(13) Using 2 of 4 workers for concurrent reset
[115.509s][info][gc,ergo     ] GC(13) Pacer for Reset. Non-Taxable: 8192M
[115.522s][info][gc          ] GC(13) Concurrent reset 13.000ms
[115.522s][info][gc,start    ] GC(13) Pause Init Mark
[115.522s][info][gc,task     ] GC(13) Using 4 of 4 workers for init marking
[115.522s][info][gc,ergo     ] GC(13) Pacer for Mark. Expected Live: 414M, Free: 815M, Non-Taxable: 83459K, Alloc Tax Rate: 0.6x
[115.522s][info][gc          ] GC(13) Pause Init Mark 0.126ms
[115.522s][info][gc,start    ] GC(13) Concurrent marking roots
[115.522s][info][gc,task     ] GC(13) Using 2 of 4 workers for concurrent marking roots
[115.529s][info][gc          ] GC(13) Concurrent marking roots 6.890ms
[115.529s][info][gc,start    ] GC(13) Concurrent marking
[115.529s][info][gc,task     ] GC(13) Using 2 of 4 workers for concurrent marking
[115.736s][info][gc          ] GC(13) Concurrent marking 207.605ms
[115.736s][info][gc,start    ] GC(13) Pause Final Mark
[115.736s][info][gc,task     ] GC(13) Using 4 of 4 workers for final marking
[115.737s][info][gc,ergo     ] GC(13) Adaptive CSet Selection. Target Free: 1160M, Actual Free: 2692M, Max CSet: 341M, Min Garbage: 0B
[115.737s][info][gc,ergo     ] GC(13) Collectable Garbage: 6531M (99%), Immediate: 1640M (25%), CSet: 4891M (74%)
[115.737s][info][gc,ergo     ] GC(13) Pacer for Evacuation. Used CSet: 4984M, Free: 2280M, Non-Taxable: 228M, Alloc Tax Rate: 5.3x
[115.737s][info][gc          ] GC(13) Pause Final Mark 0.297ms
[115.737s][info][gc,start    ] GC(13) Concurrent thread roots
[115.737s][info][gc,task     ] GC(13) Using 2 of 4 workers for Concurrent thread roots
[115.738s][info][gc          ] GC(13) Concurrent thread roots 1.078ms
[115.738s][info][gc,start    ] GC(13) Concurrent weak references
[115.738s][info][gc,task     ] GC(13) Using 2 of 4 workers for concurrent weak references
[115.738s][info][gc,ref      ] GC(13) Encountered references: Soft: 6515, Weak: 23105, Final: 34, Phantom: 545
[115.738s][info][gc,ref      ] GC(13) Discovered  references: Soft: 0, Weak: 11745, Final: 33, Phantom: 452
[115.738s][info][gc,ref      ] GC(13) Enqueued    references: Soft: 0, Weak: 4, Final: 0, Phantom: 0
[115.738s][info][gc          ] GC(13) Concurrent weak references 0.549ms
[115.738s][info][gc,start    ] GC(13) Concurrent weak roots
[115.738s][info][gc,task     ] GC(13) Using 2 of 4 workers for concurrent weak root
[115.739s][info][gc          ] GC(13) Concurrent weak roots 0.891ms
[115.739s][info][gc,start    ] GC(13) Concurrent cleanup
[115.739s][info][gc          ] GC(13) Concurrent cleanup 7148M->5508M(8192M) 0.032ms
[115.739s][info][gc,ergo     ] GC(13) Free: 2271M, Max: 4096K regular, 628M humongous, Frag: 73% external, 0% internal; Reserve: 411M, Max: 4096K
[115.739s][info][gc,start    ] GC(13) Concurrent strong roots
[115.739s][info][gc,task     ] GC(13) Using 2 of 4 workers for concurrent strong root
[115.744s][info][gc          ] GC(13) Concurrent strong roots 4.650ms
[115.744s][info][gc,start    ] GC(13) Concurrent evacuation
[115.744s][info][gc,task     ] GC(13) Using 2 of 4 workers for concurrent evacuation
[115.789s][info][gc          ] GC(13) Concurrent evacuation 44.677ms
[115.789s][info][gc,start    ] GC(13) Pause Init Update Refs
[115.789s][info][gc,ergo     ] GC(13) Pacer for Update Refs. Used: 5620M, Free: 2255M, Non-Taxable: 225M, Alloc Tax Rate: 3.0x
[115.789s][info][gc          ] GC(13) Pause Init Update Refs 0.043ms
[115.789s][info][gc,start    ] GC(13) Concurrent update references
[115.789s][info][gc,task     ] GC(13) Using 2 of 4 workers for concurrent reference update
[115.921s][info][gc          ] GC(13) Concurrent update references 131.915ms
[115.921s][info][gc,start    ] GC(13) Concurrent update thread roots
[115.923s][info][gc          ] GC(13) Concurrent update thread roots 2.045ms
[115.923s][info][gc,start    ] GC(13) Pause Final Update Refs
[115.923s][info][gc,task     ] GC(13) Using 4 of 4 workers for final reference update
[115.923s][info][gc          ] GC(13) Pause Final Update Refs 0.130ms
[115.923s][info][gc,start    ] GC(13) Concurrent cleanup
[115.923s][info][gc          ] GC(13) Concurrent cleanup 5692M->708M(8192M) 0.105ms
[115.923s][info][gc,ergo     ] Free: 7071M, Max: 4096K regular, 5316M humongous, Frag: 25% external, 0% internal; Reserve: 412M, Max: 4096K
[115.923s][info][gc,stats    ] 
[115.923s][info][gc,stats    ] All times are wall-clock times, except per-root-class counters, that are sum over
[115.923s][info][gc,stats    ] all workers. Dividing the <total> over the root stage time estimates parallelism.
[115.923s][info][gc,stats    ] 
[115.923s][info][gc,stats    ] Concurrent Reset                  13072 us
[115.923s][info][gc,stats    ] Pause Init Mark (G)                 177 us
[115.923s][info][gc,stats    ] Pause Init Mark (N)                 138 us
[115.923s][info][gc,stats    ]   Update Region States               41 us
[115.923s][info][gc,stats    ] Concurrent Mark Roots              6913 us, parallelism: 1.94x
[115.923s][info][gc,stats    ]   CMR: <total>                    13422 us
[115.923s][info][gc,stats    ]   CMR: Thread Roots                2099 us, workers (us): 1075, 1024, ---, ---, 
[115.923s][info][gc,stats    ]   CMR: Code Cache Roots           10534 us, workers (us): 4857, 5678, ---, ---, 
[115.923s][info][gc,stats    ]   CMR: VM Strong Roots               15 us, workers (us):  14,   0, ---, ---, 
[115.923s][info][gc,stats    ]   CMR: CLDG Roots                   774 us, workers (us): 774, ---, ---, ---, 
[115.923s][info][gc,stats    ] Concurrent Marking               207654 us
[115.923s][info][gc,stats    ] Pause Final Mark (G)                334 us
[115.923s][info][gc,stats    ] Pause Final Mark (N)                308 us
[115.923s][info][gc,stats    ]   Finish Mark                        69 us
[115.923s][info][gc,stats    ]   Update Region States               15 us
[115.923s][info][gc,stats    ]   Choose Collection Set             148 us
[115.924s][info][gc,stats    ]   Rebuild Free Set                   10 us
[115.924s][info][gc,stats    ] Concurrent Thread Roots            1099 us, parallelism: 1.85x
[115.924s][info][gc,stats    ]   CTR: <total>                     2031 us
[115.924s][info][gc,stats    ]   CTR: Thread Roots                2031 us, workers (us): 1038, 994, ---, ---, 
[115.924s][info][gc,stats    ] Concurrent Weak References          560 us, parallelism: 0.90x
[115.924s][info][gc,stats    ]   CWRF: <total>                     507 us
[115.924s][info][gc,stats    ]   CWRF: Weak References             507 us, workers (us): 476,  31, ---, ---, 
[115.924s][info][gc,stats    ] Concurrent Weak Roots               904 us
[115.924s][info][gc,stats    ]   Roots                             849 us, parallelism: 1.78x
[115.924s][info][gc,stats    ]     CWR: <total>                   1508 us
[115.924s][info][gc,stats    ]     CWR: VM Weak Roots             1508 us, workers (us): 767, 741, ---, ---, 
[115.924s][info][gc,stats    ]   Rendezvous                         21 us
[115.924s][info][gc,stats    ] Concurrent Cleanup                   44 us
[115.924s][info][gc,stats    ] Concurrent Strong Roots            4670 us, parallelism: 1.96x
[115.924s][info][gc,stats    ]   CSR: <total>                     9143 us
[115.924s][info][gc,stats    ]   CSR: Code Cache Roots            8919 us, workers (us): 4361, 4558, ---, ---, 
[115.924s][info][gc,stats    ]   CSR: VM Strong Roots                7 us, workers (us):   3,   3, ---, ---, 
[115.924s][info][gc,stats    ]   CSR: CLDG Roots                   218 us, workers (us): 218, ---, ---, ---, 
[115.924s][info][gc,stats    ] Concurrent Evacuation             44714 us
[115.924s][info][gc,stats    ] Pause Init Update Refs (G)          103 us
[115.924s][info][gc,stats    ] Pause Init Update Refs (N)           53 us
[115.924s][info][gc,stats    ]   Manage GCLABs                       5 us
[115.924s][info][gc,stats    ] Concurrent Update Refs           131993 us
[115.924s][info][gc,stats    ] Concurrent Update Thread Roots     2058 us
[115.924s][info][gc,stats    ] Pause Final Update Refs (G)         211 us
[115.924s][info][gc,stats    ] Pause Final Update Refs (N)         152 us
[115.924s][info][gc,stats    ]   Update Region States               65 us
[115.924s][info][gc,stats    ]   Trash Collection Set               13 us
[115.924s][info][gc,stats    ]   Rebuild Free Set                   11 us
[115.924s][info][gc,stats    ] Concurrent Cleanup                  122 us
[115.924s][info][gc,stats    ] 
[115.924s][info][gc,stats    ] Allocation pacing accrued:
[115.924s][info][gc,stats    ]       0 of 10103 ms (  0.0%): <total>
[115.924s][info][gc,stats    ]       0 of 10103 ms (  0.0%): <average total>
[115.924s][info][gc,stats    ] 
[115.924s][info][gc,metaspace] Metaspace: 133779K(135296K)->133779K(135296K) NonClass: 112936K(113792K)->112936K(113792K) Class: 20843K(21504K)->20843K(21504K)
[115.924s][info][gc,ergo     ] Pacer for Idle. Initial: 163M, Alloc Tax Rate: 1.0x
[124.603s][info][gc          ] Trigger: Free (815M) is below minimum threshold (819M)
[124.604s][info][gc,ergo     ] Free: 815M, Max: 4096K regular, 604M humongous, Frag: 26% external, 0% internal; Reserve: 412M, Max: 4096K
[124.604s][info][gc,start    ] GC(14) Concurrent reset
[124.604s][info][gc,task     ] GC(14) Using 2 of 4 workers for concurrent reset
[124.604s][info][gc,ergo     ] GC(14) Pacer for Reset. Non-Taxable: 8192M
[124.616s][info][gc          ] GC(14) Concurrent reset 12.365ms
[124.616s][info][gc,start    ] GC(14) Pause Init Mark
[124.616s][info][gc,task     ] GC(14) Using 4 of 4 workers for init marking
[124.616s][info][gc,ergo     ] GC(14) Pacer for Mark. Expected Live: 415M, Free: 811M, Non-Taxable: 83131K, Alloc Tax Rate: 0.6x
[124.616s][info][gc          ] GC(14) Pause Init Mark 0.129ms
[124.616s][info][gc,start    ] GC(14) Concurrent marking roots
[124.616s][info][gc,task     ] GC(14) Using 2 of 4 workers for concurrent marking roots
[124.623s][info][gc          ] GC(14) Concurrent marking roots 7.079ms
[124.623s][info][gc,start    ] GC(14) Concurrent marking
[124.623s][info][gc,task     ] GC(14) Using 2 of 4 workers for concurrent marking
[124.852s][info][gc          ] GC(14) Concurrent marking 229.147ms
[124.853s][info][gc,start    ] GC(14) Pause Final Mark
[124.853s][info][gc,task     ] GC(14) Using 4 of 4 workers for final marking
[124.853s][info][gc,ergo     ] GC(14) Adaptive CSet Selection. Target Free: 1160M, Actual Free: 2712M, Max CSet: 341M, Min Garbage: 0B
[124.853s][info][gc,ergo     ] GC(14) Collectable Garbage: 6486M (99%), Immediate: 1684M (25%), CSet: 4802M (73%)
[124.853s][info][gc,ergo     ] GC(14) Pacer for Evacuation. Used CSet: 4928M, Free: 2303M, Non-Taxable: 230M, Alloc Tax Rate: 5.2x
[124.853s][info][gc          ] GC(14) Pause Final Mark 0.320ms
[124.853s][info][gc,start    ] GC(14) Concurrent thread roots
[124.853s][info][gc,task     ] GC(14) Using 2 of 4 workers for Concurrent thread roots
[124.854s][info][gc          ] GC(14) Concurrent thread roots 1.052ms
[124.854s][info][gc,start    ] GC(14) Concurrent weak references
[124.854s][info][gc,task     ] GC(14) Using 2 of 4 workers for concurrent weak references
[124.854s][info][gc,ref      ] GC(14) Encountered references: Soft: 6515, Weak: 23104, Final: 34, Phantom: 545
[124.854s][info][gc,ref      ] GC(14) Discovered  references: Soft: 0, Weak: 4740, Final: 1, Phantom: 452
[124.854s][info][gc,ref      ] GC(14) Enqueued    references: Soft: 0, Weak: 3, Final: 0, Phantom: 0
[124.854s][info][gc          ] GC(14) Concurrent weak references 0.244ms
[124.854s][info][gc,start    ] GC(14) Concurrent weak roots
[124.854s][info][gc,task     ] GC(14) Using 2 of 4 workers for concurrent weak root
[124.855s][info][gc          ] GC(14) Concurrent weak roots 0.873ms
[124.855s][info][gc,start    ] GC(14) Concurrent cleanup
[124.855s][info][gc          ] GC(14) Concurrent cleanup 7168M->5484M(8192M) 0.036ms
[124.855s][info][gc,ergo     ] GC(14) Free: 2295M, Max: 4096K regular, 604M humongous, Frag: 74% external, 0% internal; Reserve: 411M, Max: 4096K
[124.855s][info][gc,start    ] GC(14) Concurrent strong roots
[124.855s][info][gc,task     ] GC(14) Using 2 of 4 workers for concurrent strong root
[124.861s][info][gc          ] GC(14) Concurrent strong roots 5.706ms
[124.861s][info][gc,start    ] GC(14) Concurrent evacuation
[124.861s][info][gc,task     ] GC(14) Using 2 of 4 workers for concurrent evacuation
[124.919s][info][gc          ] GC(14) Concurrent evacuation 58.326ms
[124.919s][info][gc,start    ] GC(14) Pause Init Update Refs
[124.919s][info][gc,ergo     ] GC(14) Pacer for Update Refs. Used: 5656M, Free: 2255M, Non-Taxable: 225M, Alloc Tax Rate: 3.1x
[124.919s][info][gc          ] GC(14) Pause Init Update Refs 0.044ms
[124.919s][info][gc,start    ] GC(14) Concurrent update references
[124.919s][info][gc,task     ] GC(14) Using 2 of 4 workers for concurrent reference update
[125.076s][info][gc          ] GC(14) Concurrent update references 156.592ms
[125.076s][info][gc,start    ] GC(14) Concurrent update thread roots
[125.078s][info][gc          ] GC(14) Concurrent update thread roots 1.837ms
[125.078s][info][gc,start    ] GC(14) Pause Final Update Refs
[125.078s][info][gc,task     ] GC(14) Using 4 of 4 workers for final reference update
[125.078s][info][gc          ] GC(14) Pause Final Update Refs 0.097ms
[125.078s][info][gc,start    ] GC(14) Concurrent cleanup
[125.078s][info][gc          ] GC(14) Concurrent cleanup 5784M->856M(8192M) 0.069ms
[125.078s][info][gc,ergo     ] Free: 6923M, Max: 4096K regular, 4716M humongous, Frag: 32% external, 0% internal; Reserve: 412M, Max: 4096K
[125.078s][info][gc,stats    ] 
[125.078s][info][gc,stats    ] All times are wall-clock times, except per-root-class counters, that are sum over
[125.078s][info][gc,stats    ] all workers. Dividing the <total> over the root stage time estimates parallelism.
[125.078s][info][gc,stats    ] 
[125.078s][info][gc,stats    ] Concurrent Reset                  12434 us
[125.078s][info][gc,stats    ] Pause Init Mark (G)                 216 us
[125.078s][info][gc,stats    ] Pause Init Mark (N)                 142 us
[125.078s][info][gc,stats    ]   Update Region States               38 us
[125.078s][info][gc,stats    ] Concurrent Mark Roots              7106 us, parallelism: 1.92x
[125.078s][info][gc,stats    ]   CMR: <total>                    13665 us
[125.078s][info][gc,stats    ]   CMR: Thread Roots                1945 us, workers (us): 978, 967, ---, ---, 
[125.078s][info][gc,stats    ]   CMR: Code Cache Roots           11025 us, workers (us): 5177, 5848, ---, ---, 
[125.078s][info][gc,stats    ]   CMR: VM Strong Roots               14 us, workers (us):  14,   0, ---, ---, 
[125.078s][info][gc,stats    ]   CMR: CLDG Roots                   681 us, workers (us): 681, ---, ---, ---, 
[125.078s][info][gc,stats    ] Concurrent Marking               229187 us
[125.078s][info][gc,stats    ] Pause Final Mark (G)                379 us
[125.078s][info][gc,stats    ] Pause Final Mark (N)                331 us
[125.078s][info][gc,stats    ]   Finish Mark                        88 us
[125.078s][info][gc,stats    ]   Update Region States               18 us
[125.078s][info][gc,stats    ]   Choose Collection Set             148 us
[125.078s][info][gc,stats    ]   Rebuild Free Set                   11 us
[125.078s][info][gc,stats    ] Concurrent Thread Roots            1074 us, parallelism: 1.87x
[125.078s][info][gc,stats    ]   CTR: <total>                     2012 us
[125.078s][info][gc,stats    ]   CTR: Thread Roots                2012 us, workers (us): 1007, 1004, ---, ---, 
[125.078s][info][gc,stats    ] Concurrent Weak References          255 us, parallelism: 1.22x
[125.078s][info][gc,stats    ]   CWRF: <total>                     311 us
[125.078s][info][gc,stats    ]   CWRF: Weak References             311 us, workers (us): 145, 166, ---, ---, 
[125.078s][info][gc,stats    ] Concurrent Weak Roots               894 us
[125.078s][info][gc,stats    ]   Roots                             827 us, parallelism: 1.78x
[125.078s][info][gc,stats    ]     CWR: <total>                   1474 us
[125.078s][info][gc,stats    ]     CWR: VM Weak Roots             1474 us, workers (us): 737, 737, ---, ---, 
[125.078s][info][gc,stats    ]   Rendezvous                         24 us
[125.078s][info][gc,stats    ] Concurrent Cleanup                   49 us
[125.079s][info][gc,stats    ] Concurrent Strong Roots            5747 us, parallelism: 1.94x
[125.079s][info][gc,stats    ]   CSR: <total>                    11134 us
[125.079s][info][gc,stats    ]   CSR: Code Cache Roots           10892 us, workers (us): 5579, 5313, ---, ---, 
[125.079s][info][gc,stats    ]   CSR: VM Strong Roots                7 us, workers (us):   4,   3, ---, ---, 
[125.079s][info][gc,stats    ]   CSR: CLDG Roots                   235 us, workers (us): ---, 235, ---, ---, 
[125.079s][info][gc,stats    ] Concurrent Evacuation             58374 us
[125.079s][info][gc,stats    ] Pause Init Update Refs (G)          103 us
[125.079s][info][gc,stats    ] Pause Init Update Refs (N)           56 us
[125.079s][info][gc,stats    ]   Manage GCLABs                       5 us
[125.079s][info][gc,stats    ] Concurrent Update Refs           156627 us
[125.079s][info][gc,stats    ] Concurrent Update Thread Roots     1860 us
[125.079s][info][gc,stats    ] Pause Final Update Refs (G)         174 us
[125.079s][info][gc,stats    ] Pause Final Update Refs (N)         121 us
[125.079s][info][gc,stats    ]   Update Region States               38 us
[125.079s][info][gc,stats    ]   Trash Collection Set               14 us
[125.079s][info][gc,stats    ]   Rebuild Free Set                   11 us
[125.079s][info][gc,stats    ] Concurrent Cleanup                   83 us
[125.079s][info][gc,stats    ] 
[125.079s][info][gc,stats    ] Allocation pacing accrued:
[125.079s][info][gc,stats    ]       0 of  9155 ms (  0.0%): <total>
[125.079s][info][gc,stats    ]       0 of  9155 ms (  0.0%): <average total>
[125.079s][info][gc,stats    ] 
[125.079s][info][gc,metaspace] Metaspace: 133809K(135296K)->133809K(135296K) NonClass: 112965K(113792K)->112965K(113792K) Class: 20843K(21504K)->20843K(21504K)
[125.079s][info][gc,ergo     ] Pacer for Idle. Initial: 163M, Alloc Tax Rate: 1.0x
[136.268s][info][gc          ] Trigger: Free (815M) is below minimum threshold (819M)
[136.268s][info][gc,ergo     ] Free: 815M, Max: 4096K regular, 560M humongous, Frag: 32% external, 0% internal; Reserve: 412M, Max: 4096K
[136.268s][info][gc,start    ] GC(15) Concurrent reset
[136.268s][info][gc,task     ] GC(15) Using 2 of 4 workers for concurrent reset
[136.268s][info][gc,ergo     ] GC(15) Pacer for Reset. Non-Taxable: 8192M
[136.279s][info][gc          ] GC(15) Concurrent reset 11.193ms
[136.279s][info][gc,start    ] GC(15) Pause Init Mark
[136.279s][info][gc,task     ] GC(15) Using 4 of 4 workers for init marking
[136.279s][info][gc,ergo     ] GC(15) Pacer for Mark. Expected Live: 424M, Free: 815M, Non-Taxable: 83539K, Alloc Tax Rate: 0.6x
[136.279s][info][gc          ] GC(15) Pause Init Mark 0.118ms
[136.279s][info][gc,start    ] GC(15) Concurrent marking roots
[136.279s][info][gc,task     ] GC(15) Using 2 of 4 workers for concurrent marking roots
[136.287s][info][gc          ] GC(15) Concurrent marking roots 8.253ms
[136.288s][info][gc,start    ] GC(15) Concurrent marking
[136.288s][info][gc,task     ] GC(15) Using 2 of 4 workers for concurrent marking
[136.493s][info][gc          ] GC(15) Concurrent marking 205.341ms
[136.493s][info][gc,start    ] GC(15) Pause Final Mark
[136.493s][info][gc,task     ] GC(15) Using 4 of 4 workers for final marking
[136.493s][info][gc,ergo     ] GC(15) Adaptive CSet Selection. Target Free: 1160M, Actual Free: 3184M, Max CSet: 341M, Min Garbage: 0B
[136.493s][info][gc,ergo     ] GC(15) Collectable Garbage: 6530M (99%), Immediate: 2092M (31%), CSet: 4438M (67%)
[136.493s][info][gc,ergo     ] GC(15) Pacer for Evacuation. Used CSet: 4504M, Free: 2775M, Non-Taxable: 277M, Alloc Tax Rate: 4.0x
[136.493s][info][gc          ] GC(15) Pause Final Mark 0.357ms
[136.493s][info][gc,start    ] GC(15) Concurrent thread roots
[136.493s][info][gc,task     ] GC(15) Using 2 of 4 workers for Concurrent thread roots
[136.494s][info][gc          ] GC(15) Concurrent thread roots 1.022ms
[136.494s][info][gc,start    ] GC(15) Concurrent weak references
[136.494s][info][gc,task     ] GC(15) Using 2 of 4 workers for concurrent weak references
[136.495s][info][gc,ref      ] GC(15) Encountered references: Soft: 6521, Weak: 23118, Final: 34, Phantom: 553
[136.495s][info][gc,ref      ] GC(15) Discovered  references: Soft: 0, Weak: 11622, Final: 1, Phantom: 486
[136.495s][info][gc,ref      ] GC(15) Enqueued    references: Soft: 0, Weak: 8, Final: 0, Phantom: 2
[136.495s][info][gc          ] GC(15) Concurrent weak references 0.423ms
[136.495s][info][gc,start    ] GC(15) Concurrent weak roots
[136.495s][info][gc,task     ] GC(15) Using 2 of 4 workers for concurrent weak root
[136.496s][info][gc          ] GC(15) Concurrent weak roots 0.964ms
[136.496s][info][gc,start    ] GC(15) Concurrent cleanup
[136.496s][info][gc          ] GC(15) Concurrent cleanup 7104M->5012M(8192M) 0.037ms
[136.496s][info][gc,ergo     ] GC(15) Free: 2767M, Max: 4096K regular, 560M humongous, Frag: 80% external, 0% internal; Reserve: 411M, Max: 4096K
[136.496s][info][gc,start    ] GC(15) Concurrent strong roots
[136.496s][info][gc,task     ] GC(15) Using 2 of 4 workers for concurrent strong root
[136.501s][info][gc          ] GC(15) Concurrent strong roots 5.089ms
[136.501s][info][gc,start    ] GC(15) Concurrent evacuation
[136.501s][info][gc,task     ] GC(15) Using 2 of 4 workers for concurrent evacuation
[136.535s][info][gc          ] GC(15) Concurrent evacuation 33.589ms
[136.535s][info][gc,start    ] GC(15) Pause Init Update Refs
[136.535s][info][gc,ergo     ] GC(15) Pacer for Update Refs. Used: 5096M, Free: 2755M, Non-Taxable: 275M, Alloc Tax Rate: 2.3x
[136.535s][info][gc          ] GC(15) Pause Init Update Refs 0.047ms
[136.535s][info][gc,start    ] GC(15) Concurrent update references
[136.535s][info][gc,task     ] GC(15) Using 2 of 4 workers for concurrent reference update
[136.656s][info][gc          ] GC(15) Concurrent update references 121.315ms
[136.656s][info][gc,start    ] GC(15) Concurrent update thread roots
[136.658s][info][gc          ] GC(15) Concurrent update thread roots 1.905ms
[136.658s][info][gc,start    ] GC(15) Pause Final Update Refs
[136.658s][info][gc,task     ] GC(15) Using 4 of 4 workers for final reference update
[136.658s][info][gc          ] GC(15) Pause Final Update Refs 0.095ms
[136.658s][info][gc,start    ] GC(15) Concurrent cleanup
[136.658s][info][gc          ] GC(15) Concurrent cleanup 5212M->708M(8192M) 0.059ms
[136.658s][info][gc,ergo     ] Free: 7071M, Max: 4096K regular, 5188M humongous, Frag: 27% external, 0% internal; Reserve: 412M, Max: 4096K
[136.658s][info][gc,stats    ] 
[136.658s][info][gc,stats    ] All times are wall-clock times, except per-root-class counters, that are sum over
[136.658s][info][gc,stats    ] all workers. Dividing the <total> over the root stage time estimates parallelism.
[136.658s][info][gc,stats    ] 
[136.658s][info][gc,stats    ] Concurrent Reset                  11258 us
[136.658s][info][gc,stats    ] Pause Init Mark (G)                 278 us
[136.658s][info][gc,stats    ] Pause Init Mark (N)                 130 us
[136.658s][info][gc,stats    ]   Update Region States               52 us
[136.658s][info][gc,stats    ] Concurrent Mark Roots              8287 us, parallelism: 1.95x
[136.658s][info][gc,stats    ]   CMR: <total>                    16118 us
[136.658s][info][gc,stats    ]   CMR: Thread Roots                1886 us, workers (us): 931, 955, ---, ---, 
[136.658s][info][gc,stats    ]   CMR: Code Cache Roots           13371 us, workers (us): 6280, 7091, ---, ---, 
[136.658s][info][gc,stats    ]   CMR: VM Strong Roots               13 us, workers (us):  12,   0, ---, ---, 
[136.658s][info][gc,stats    ]   CMR: CLDG Roots                   849 us, workers (us): 849, ---, ---, ---, 
[136.658s][info][gc,stats    ] Concurrent Marking               205389 us
[136.658s][info][gc,stats    ] Pause Final Mark (G)                395 us
[136.658s][info][gc,stats    ] Pause Final Mark (N)                368 us
[136.658s][info][gc,stats    ]   Finish Mark                        93 us
[136.658s][info][gc,stats    ]   Update Region States               63 us
[136.658s][info][gc,stats    ]   Choose Collection Set             135 us
[136.658s][info][gc,stats    ]   Rebuild Free Set                   10 us
[136.658s][info][gc,stats    ] Concurrent Thread Roots            1045 us, parallelism: 1.83x
[136.658s][info][gc,stats    ]   CTR: <total>                     1914 us
[136.658s][info][gc,stats    ]   CTR: Thread Roots                1914 us, workers (us): 972, 942, ---, ---, 
[136.658s][info][gc,stats    ] Concurrent Weak References          433 us, parallelism: 0.88x
[136.658s][info][gc,stats    ]   CWRF: <total>                     380 us
[136.658s][info][gc,stats    ]   CWRF: Weak References             380 us, workers (us): 356,  24, ---, ---, 
[136.659s][info][gc,stats    ] Concurrent Weak Roots               982 us
[136.659s][info][gc,stats    ]   Roots                             921 us, parallelism: 1.78x
[136.659s][info][gc,stats    ]     CWR: <total>                   1637 us
[136.659s][info][gc,stats    ]     CWR: VM Weak Roots             1637 us, workers (us): 833, 804, ---, ---, 
[136.659s][info][gc,stats    ]   Rendezvous                         22 us
[136.659s][info][gc,stats    ] Concurrent Cleanup                   49 us
[136.659s][info][gc,stats    ] Concurrent Strong Roots            5121 us, parallelism: 1.92x
[136.659s][info][gc,stats    ]   CSR: <total>                     9830 us
[136.659s][info][gc,stats    ]   CSR: Code Cache Roots            9540 us, workers (us): 4627, 4913, ---, ---, 
[136.659s][info][gc,stats    ]   CSR: VM Strong Roots               11 us, workers (us):  11,   0, ---, ---, 
[136.659s][info][gc,stats    ]   CSR: CLDG Roots                   278 us, workers (us): 278, ---, ---, ---, 
[136.659s][info][gc,stats    ] Concurrent Evacuation             33637 us
[136.659s][info][gc,stats    ] Pause Init Update Refs (G)           90 us
[136.659s][info][gc,stats    ] Pause Init Update Refs (N)           58 us
[136.659s][info][gc,stats    ]   Manage GCLABs                       5 us
[136.659s][info][gc,stats    ] Concurrent Update Refs           121361 us
[136.659s][info][gc,stats    ] Concurrent Update Thread Roots     1930 us
[136.659s][info][gc,stats    ] Pause Final Update Refs (G)         141 us
[136.659s][info][gc,stats    ] Pause Final Update Refs (N)         116 us
[136.659s][info][gc,stats    ]   Update Region States               36 us
[136.659s][info][gc,stats    ]   Trash Collection Set               11 us
[136.659s][info][gc,stats    ]   Rebuild Free Set                   11 us
[136.659s][info][gc,stats    ] Concurrent Cleanup                   72 us
[136.659s][info][gc,stats    ] 
[136.659s][info][gc,stats    ] Allocation pacing accrued:
[136.659s][info][gc,stats    ]       0 of 11580 ms (  0.0%): <total>
[136.659s][info][gc,stats    ]       0 of 11580 ms (  0.0%): <average total>
[136.659s][info][gc,stats    ] 
[136.659s][info][gc,metaspace] Metaspace: 133871K(135360K)->133874K(135360K) NonClass: 113017K(113856K)->113019K(113856K) Class: 20854K(21504K)->20854K(21504K)
[136.659s][info][gc,ergo     ] Pacer for Idle. Initial: 163M, Alloc Tax Rate: 1.0x
[145.511s][info][gc          ] Trigger: Average GC time (481.63 ms) is above the time for average allocation rate (1143 MB/s) to deplete free headroom (514M) (margin of error = 1.81)
[145.511s][info][gc,ergo     ] Free headroom: 923M (free) - 409M (spike) - 0B (penalties) = 514M
[145.511s][info][gc,ergo     ] Free: 923M, Max: 4096K regular, 604M humongous, Frag: 34% external, 0% internal; Reserve: 412M, Max: 4096K
[145.511s][info][gc,start    ] GC(16) Concurrent reset
[145.511s][info][gc,task     ] GC(16) Using 2 of 4 workers for concurrent reset
[145.511s][info][gc,ergo     ] GC(16) Pacer for Reset. Non-Taxable: 8192M
[145.523s][info][gc          ] GC(16) Concurrent reset 11.997ms
[145.523s][info][gc,start    ] GC(16) Pause Init Mark
[145.523s][info][gc,task     ] GC(16) Using 4 of 4 workers for init marking
[145.523s][info][gc,ergo     ] GC(16) Pacer for Mark. Expected Live: 418M, Free: 915M, Non-Taxable: 93780K, Alloc Tax Rate: 0.6x
[145.523s][info][gc          ] GC(16) Pause Init Mark 0.124ms
[145.523s][info][gc,start    ] GC(16) Concurrent marking roots
[145.523s][info][gc,task     ] GC(16) Using 2 of 4 workers for concurrent marking roots
[145.530s][info][gc          ] GC(16) Concurrent marking roots 7.349ms
[145.530s][info][gc,start    ] GC(16) Concurrent marking
[145.530s][info][gc,task     ] GC(16) Using 2 of 4 workers for concurrent marking
[145.738s][info][gc          ] GC(16) Concurrent marking 207.550ms
[145.738s][info][gc,start    ] GC(16) Pause Final Mark
[145.738s][info][gc,task     ] GC(16) Using 4 of 4 workers for final marking
[145.738s][info][gc,ergo     ] GC(16) Adaptive CSet Selection. Target Free: 1160M, Actual Free: 2888M, Max CSet: 341M, Min Garbage: 0B
[145.738s][info][gc,ergo     ] GC(16) Collectable Garbage: 6404M (99%), Immediate: 1700M (26%), CSet: 4704M (73%)
[145.738s][info][gc,ergo     ] GC(16) Pacer for Evacuation. Used CSet: 4800M, Free: 2479M, Non-Taxable: 247M, Alloc Tax Rate: 4.7x
[145.738s][info][gc          ] GC(16) Pause Final Mark 0.285ms
[145.738s][info][gc,start    ] GC(16) Concurrent thread roots
[145.738s][info][gc,task     ] GC(16) Using 2 of 4 workers for Concurrent thread roots
[145.739s][info][gc          ] GC(16) Concurrent thread roots 1.025ms
[145.739s][info][gc,start    ] GC(16) Concurrent weak references
[145.739s][info][gc,task     ] GC(16) Using 2 of 4 workers for concurrent weak references
[145.740s][info][gc,ref      ] GC(16) Encountered references: Soft: 6521, Weak: 23130, Final: 34, Phantom: 562
[145.740s][info][gc,ref      ] GC(16) Discovered  references: Soft: 0, Weak: 11690, Final: 33, Phantom: 405
[145.740s][info][gc,ref      ] GC(16) Enqueued    references: Soft: 0, Weak: 8, Final: 0, Phantom: 5
[145.740s][info][gc          ] GC(16) Concurrent weak references 0.575ms
[145.740s][info][gc,start    ] GC(16) Concurrent weak roots
[145.740s][info][gc,task     ] GC(16) Using 2 of 4 workers for concurrent weak root
[145.742s][info][gc          ] GC(16) Concurrent weak roots 1.616ms
[145.742s][info][gc,start    ] GC(16) Concurrent cleanup
[145.742s][info][gc          ] GC(16) Concurrent cleanup 7008M->5308M(8192M) 0.037ms
[145.742s][info][gc,ergo     ] GC(16) Free: 2471M, Max: 4096K regular, 604M humongous, Frag: 76% external, 0% internal; Reserve: 411M, Max: 4096K
[145.742s][info][gc,start    ] GC(16) Concurrent strong roots
[145.742s][info][gc,task     ] GC(16) Using 2 of 4 workers for concurrent strong root
[145.746s][info][gc          ] GC(16) Concurrent strong roots 4.743ms
[145.746s][info][gc,start    ] GC(16) Concurrent evacuation
[145.746s][info][gc,task     ] GC(16) Using 2 of 4 workers for concurrent evacuation
[145.800s][info][gc          ] GC(16) Concurrent evacuation 53.744ms
[145.800s][info][gc,start    ] GC(16) Pause Init Update Refs
[145.800s][info][gc,ergo     ] GC(16) Pacer for Update Refs. Used: 5484M, Free: 2395M, Non-Taxable: 239M, Alloc Tax Rate: 2.8x
[145.800s][info][gc          ] GC(16) Pause Init Update Refs 0.044ms
[145.800s][info][gc,start    ] GC(16) Concurrent update references
[145.800s][info][gc,task     ] GC(16) Using 2 of 4 workers for concurrent reference update
[145.930s][info][gc          ] GC(16) Concurrent update references 129.583ms
[145.930s][info][gc,start    ] GC(16) Concurrent update thread roots
[145.932s][info][gc          ] GC(16) Concurrent update thread roots 1.870ms
[145.932s][info][gc,start    ] GC(16) Pause Final Update Refs
[145.932s][info][gc,task     ] GC(16) Using 4 of 4 workers for final reference update
[145.932s][info][gc          ] GC(16) Pause Final Update Refs 0.096ms
[145.932s][info][gc,start    ] GC(16) Concurrent cleanup
[145.932s][info][gc          ] GC(16) Concurrent cleanup 5556M->756M(8192M) 0.069ms
[145.932s][info][gc,ergo     ] Free: 7023M, Max: 4096K regular, 5260M humongous, Frag: 25% external, 0% internal; Reserve: 412M, Max: 4096K
[145.932s][info][gc,stats    ] 
[145.932s][info][gc,stats    ] All times are wall-clock times, except per-root-class counters, that are sum over
[145.932s][info][gc,stats    ] all workers. Dividing the <total> over the root stage time estimates parallelism.
[145.932s][info][gc,stats    ] 
[145.932s][info][gc,stats    ] Concurrent Reset                  12066 us
[145.932s][info][gc,stats    ] Pause Init Mark (G)                 212 us
[145.932s][info][gc,stats    ] Pause Init Mark (N)                 136 us
[145.932s][info][gc,stats    ]   Update Region States               36 us
[145.932s][info][gc,stats    ] Concurrent Mark Roots              7384 us, parallelism: 1.93x
[145.932s][info][gc,stats    ]   CMR: <total>                    14240 us
[145.932s][info][gc,stats    ]   CMR: Thread Roots                1914 us, workers (us): 944, 970, ---, ---, 
[145.932s][info][gc,stats    ]   CMR: Code Cache Roots           11333 us, workers (us): 6199, 5133, ---, ---, 
[145.932s][info][gc,stats    ]   CMR: VM Strong Roots               17 us, workers (us):   9,   8, ---, ---, 
[145.932s][info][gc,stats    ]   CMR: CLDG Roots                   976 us, workers (us): ---, 976, ---, ---, 
[145.932s][info][gc,stats    ] Concurrent Marking               207596 us
[145.932s][info][gc,stats    ] Pause Final Mark (G)                321 us
[145.932s][info][gc,stats    ] Pause Final Mark (N)                295 us
[145.932s][info][gc,stats    ]   Finish Mark                        73 us
[145.932s][info][gc,stats    ]   Update Region States               15 us
[145.932s][info][gc,stats    ]   Choose Collection Set             131 us
[145.932s][info][gc,stats    ]   Rebuild Free Set                   10 us
[145.932s][info][gc,stats    ] Concurrent Thread Roots            1047 us, parallelism: 1.81x
[145.932s][info][gc,stats    ]   CTR: <total>                     1894 us
[145.932s][info][gc,stats    ]   CTR: Thread Roots                1894 us, workers (us): 951, 943, ---, ---, 
[145.932s][info][gc,stats    ] Concurrent Weak References          585 us, parallelism: 0.91x
[145.932s][info][gc,stats    ]   CWRF: <total>                     533 us
[145.932s][info][gc,stats    ]   CWRF: Weak References             533 us, workers (us):  36, 497, ---, ---, 
[145.932s][info][gc,stats    ] Concurrent Weak Roots              1641 us
[145.932s][info][gc,stats    ]   Roots                            1575 us, parallelism: 0.90x
[145.932s][info][gc,stats    ]     CWR: <total>                   1422 us
[145.933s][info][gc,stats    ]     CWR: VM Weak Roots             1422 us, workers (us): 1421,   0, ---, ---, 
[145.933s][info][gc,stats    ]   Rendezvous                         19 us
[145.933s][info][gc,stats    ] Concurrent Cleanup                   50 us
[145.933s][info][gc,stats    ] Concurrent Strong Roots            4767 us, parallelism: 1.95x
[145.933s][info][gc,stats    ]   CSR: <total>                     9307 us
[145.933s][info][gc,stats    ]   CSR: Code Cache Roots            9086 us, workers (us): 4449, 4637, ---, ---, 
[145.933s][info][gc,stats    ]   CSR: VM Strong Roots                6 us, workers (us):   6,   0, ---, ---, 
[145.933s][info][gc,stats    ]   CSR: CLDG Roots                   215 us, workers (us): 215, ---, ---, ---, 
[145.933s][info][gc,stats    ] Concurrent Evacuation             53777 us
[145.933s][info][gc,stats    ] Pause Init Update Refs (G)          112 us
[145.933s][info][gc,stats    ] Pause Init Update Refs (N)           56 us
[145.933s][info][gc,stats    ]   Manage GCLABs                       5 us
[145.933s][info][gc,stats    ] Concurrent Update Refs           129630 us
[145.933s][info][gc,stats    ] Concurrent Update Thread Roots     1896 us
[145.933s][info][gc,stats    ] Pause Final Update Refs (G)         199 us
[145.933s][info][gc,stats    ] Pause Final Update Refs (N)         123 us
[145.933s][info][gc,stats    ]   Update Region States               38 us
[145.933s][info][gc,stats    ]   Trash Collection Set               12 us
[145.933s][info][gc,stats    ]   Rebuild Free Set                   11 us
[145.933s][info][gc,stats    ] Concurrent Cleanup                   83 us
[145.933s][info][gc,stats    ] 
[145.933s][info][gc,stats    ] Allocation pacing accrued:
[145.933s][info][gc,stats    ]       0 of  9274 ms (  0.0%): <total>
[145.933s][info][gc,stats    ]       0 of  9274 ms (  0.0%): <average total>
[145.933s][info][gc,stats    ] 
[145.933s][info][gc,metaspace] Metaspace: 133940K(135424K)->133940K(135424K) NonClass: 113081K(113920K)->113081K(113920K) Class: 20858K(21504K)->20858K(21504K)
[145.933s][info][gc,ergo     ] Pacer for Idle. Initial: 163M, Alloc Tax Rate: 1.0x
[156.541s][info][gc          ] Trigger: Free (811M) is below minimum threshold (819M)
[156.541s][info][gc,ergo     ] Free: 811M, Max: 4096K regular, 580M humongous, Frag: 28% external, 0% internal; Reserve: 412M, Max: 4096K
[156.541s][info][gc,start    ] GC(17) Concurrent reset
[156.541s][info][gc,task     ] GC(17) Using 2 of 4 workers for concurrent reset
[156.541s][info][gc,ergo     ] GC(17) Pacer for Reset. Non-Taxable: 8192M
[156.554s][info][gc          ] GC(17) Concurrent reset 13.661ms
[156.555s][info][gc,start    ] GC(17) Pause Init Mark
[156.555s][info][gc,task     ] GC(17) Using 4 of 4 workers for init marking
[156.555s][info][gc,ergo     ] GC(17) Pacer for Mark. Expected Live: 420M, Free: 803M, Non-Taxable: 82308K, Alloc Tax Rate: 0.6x
[156.555s][info][gc          ] GC(17) Pause Init Mark 0.106ms
[156.555s][info][gc,start    ] GC(17) Concurrent marking roots
[156.555s][info][gc,task     ] GC(17) Using 2 of 4 workers for concurrent marking roots
[156.562s][info][gc          ] GC(17) Concurrent marking roots 7.123ms
[156.562s][info][gc,start    ] GC(17) Concurrent marking
[156.562s][info][gc,task     ] GC(17) Using 2 of 4 workers for concurrent marking
[156.765s][info][gc          ] GC(17) Concurrent marking 203.156ms
[156.765s][info][gc,start    ] GC(17) Pause Final Mark
[156.765s][info][gc,task     ] GC(17) Using 4 of 4 workers for final marking
[156.765s][info][gc,ergo     ] GC(17) Adaptive CSet Selection. Target Free: 1160M, Actual Free: 3484M, Max CSet: 341M, Min Garbage: 0B
[156.765s][info][gc,ergo     ] GC(17) Collectable Garbage: 6536M (99%), Immediate: 2400M (36%), CSet: 4136M (63%)
[156.765s][info][gc,ergo     ] GC(17) Pacer for Evacuation. Used CSet: 4204M, Free: 3079M, Non-Taxable: 307M, Alloc Tax Rate: 3.3x
[156.765s][info][gc          ] GC(17) Pause Final Mark 0.280ms
[156.765s][info][gc,start    ] GC(17) Concurrent thread roots
[156.765s][info][gc,task     ] GC(17) Using 2 of 4 workers for Concurrent thread roots
[156.766s][info][gc          ] GC(17) Concurrent thread roots 1.007ms
[156.766s][info][gc,start    ] GC(17) Concurrent weak references
[156.766s][info][gc,task     ] GC(17) Using 2 of 4 workers for concurrent weak references
[156.767s][info][gc,ref      ] GC(17) Encountered references: Soft: 6521, Weak: 23127, Final: 34, Phantom: 558
[156.767s][info][gc,ref      ] GC(17) Discovered  references: Soft: 0, Weak: 11618, Final: 0, Phantom: 464
[156.767s][info][gc,ref      ] GC(17) Enqueued    references: Soft: 0, Weak: 4, Final: 0, Phantom: 1
[156.767s][info][gc          ] GC(17) Concurrent weak references 0.465ms
[156.767s][info][gc,start    ] GC(17) Concurrent weak roots
[156.767s][info][gc,task     ] GC(17) Using 2 of 4 workers for concurrent weak root
[156.768s][info][gc          ] GC(17) Concurrent weak roots 0.879ms
[156.768s][info][gc,start    ] GC(17) Concurrent cleanup
[156.768s][info][gc          ] GC(17) Concurrent cleanup 7108M->4708M(8192M) 0.037ms
[156.768s][info][gc,ergo     ] GC(17) Free: 3071M, Max: 4096K regular, 580M humongous, Frag: 82% external, 0% internal; Reserve: 411M, Max: 4096K
[156.768s][info][gc,start    ] GC(17) Concurrent strong roots
[156.768s][info][gc,task     ] GC(17) Using 2 of 4 workers for concurrent strong root
[156.773s][info][gc          ] GC(17) Concurrent strong roots 4.968ms
[156.773s][info][gc,start    ] GC(17) Concurrent evacuation
[156.773s][info][gc,task     ] GC(17) Using 2 of 4 workers for concurrent evacuation
[156.807s][info][gc          ] GC(17) Concurrent evacuation 34.125ms
[156.807s][info][gc,start    ] GC(17) Pause Init Update Refs
[156.807s][info][gc,ergo     ] GC(17) Pacer for Update Refs. Used: 4796M, Free: 3055M, Non-Taxable: 305M, Alloc Tax Rate: 1.9x
[156.807s][info][gc          ] GC(17) Pause Init Update Refs 0.044ms
[156.807s][info][gc,start    ] GC(17) Concurrent update references
[156.807s][info][gc,task     ] GC(17) Using 2 of 4 workers for concurrent reference update
[156.926s][info][gc          ] GC(17) Concurrent update references 119.141ms
[156.926s][info][gc,start    ] GC(17) Concurrent update thread roots
[156.928s][info][gc          ] GC(17) Concurrent update thread roots 1.839ms
[156.928s][info][gc,start    ] GC(17) Pause Final Update Refs
[156.928s][info][gc,task     ] GC(17) Using 4 of 4 workers for final reference update
[156.928s][info][gc          ] GC(17) Pause Final Update Refs 0.092ms
[156.928s][info][gc,start    ] GC(17) Concurrent cleanup
[156.928s][info][gc          ] GC(17) Concurrent cleanup 4872M->668M(8192M) 0.055ms
[156.928s][info][gc,ergo     ] Free: 7111M, Max: 4096K regular, 5332M humongous, Frag: 25% external, 0% internal; Reserve: 412M, Max: 4096K
[156.928s][info][gc,stats    ] 
[156.928s][info][gc,stats    ] All times are wall-clock times, except per-root-class counters, that are sum over
[156.928s][info][gc,stats    ] all workers. Dividing the <total> over the root stage time estimates parallelism.
[156.928s][info][gc,stats    ] 
[156.928s][info][gc,stats    ] Concurrent Reset                  13718 us
[156.928s][info][gc,stats    ] Pause Init Mark (G)                 214 us
[156.928s][info][gc,stats    ] Pause Init Mark (N)                 119 us
[156.928s][info][gc,stats    ]   Update Region States               36 us
[156.929s][info][gc,stats    ] Concurrent Mark Roots              7149 us, parallelism: 1.95x
[156.929s][info][gc,stats    ]   CMR: <total>                    13914 us
[156.929s][info][gc,stats    ]   CMR: Thread Roots                1843 us, workers (us): 890, 953, ---, ---, 
[156.929s][info][gc,stats    ]   CMR: Code Cache Roots           11378 us, workers (us): 5381, 5997, ---, ---, 
[156.929s][info][gc,stats    ]   CMR: VM Strong Roots               16 us, workers (us):   8,   9, ---, ---, 
[156.929s][info][gc,stats    ]   CMR: CLDG Roots                   677 us, workers (us): 677, ---, ---, ---, 
[156.929s][info][gc,stats    ] Concurrent Marking               203198 us
[156.929s][info][gc,stats    ] Pause Final Mark (G)                318 us
[156.929s][info][gc,stats    ] Pause Final Mark (N)                291 us
[156.929s][info][gc,stats    ]   Finish Mark                        60 us
[156.929s][info][gc,stats    ]   Update Region States               17 us
[156.929s][info][gc,stats    ]   Choose Collection Set             134 us
[156.929s][info][gc,stats    ]   Rebuild Free Set                   10 us
[156.929s][info][gc,stats    ] Concurrent Thread Roots            1021 us, parallelism: 1.90x
[156.929s][info][gc,stats    ]   CTR: <total>                     1939 us
[156.929s][info][gc,stats    ]   CTR: Thread Roots                1939 us, workers (us): 972, 967, ---, ---, 
[156.929s][info][gc,stats    ] Concurrent Weak References          475 us, parallelism: 0.90x
[156.929s][info][gc,stats    ]   CWRF: <total>                     429 us
[156.929s][info][gc,stats    ]   CWRF: Weak References             429 us, workers (us):  26, 403, ---, ---, 
[156.929s][info][gc,stats    ] Concurrent Weak Roots               894 us
[156.929s][info][gc,stats    ]   Roots                             810 us, parallelism: 1.78x
[156.929s][info][gc,stats    ]     CWR: <total>                   1445 us
[156.929s][info][gc,stats    ]     CWR: VM Weak Roots             1445 us, workers (us): 723, 722, ---, ---, 
[156.929s][info][gc,stats    ]   Rendezvous                         48 us
[156.929s][info][gc,stats    ] Concurrent Cleanup                   49 us
[156.929s][info][gc,stats    ] Concurrent Strong Roots            4993 us, parallelism: 1.96x
[156.929s][info][gc,stats    ]   CSR: <total>                     9762 us
[156.929s][info][gc,stats    ]   CSR: Code Cache Roots            9532 us, workers (us): 4886, 4647, ---, ---, 
[156.929s][info][gc,stats    ]   CSR: VM Strong Roots                7 us, workers (us):   4,   3, ---, ---, 
[156.929s][info][gc,stats    ]   CSR: CLDG Roots                   223 us, workers (us): ---, 223, ---, ---, 
[156.929s][info][gc,stats    ] Concurrent Evacuation             34156 us
[156.929s][info][gc,stats    ] Pause Init Update Refs (G)          105 us
[156.929s][info][gc,stats    ] Pause Init Update Refs (N)           55 us
[156.929s][info][gc,stats    ]   Manage GCLABs                       5 us
[156.929s][info][gc,stats    ] Concurrent Update Refs           119182 us
[156.929s][info][gc,stats    ] Concurrent Update Thread Roots     1855 us
[156.929s][info][gc,stats    ] Pause Final Update Refs (G)         164 us
[156.929s][info][gc,stats    ] Pause Final Update Refs (N)         119 us
[156.929s][info][gc,stats    ]   Update Region States               28 us
[156.929s][info][gc,stats    ]   Trash Collection Set               13 us
[156.929s][info][gc,stats    ]   Rebuild Free Set                   10 us
[156.929s][info][gc,stats    ] Concurrent Cleanup                   67 us
[156.929s][info][gc,stats    ] 
[156.929s][info][gc,stats    ] Allocation pacing accrued:
[156.929s][info][gc,stats    ]       0 of 10996 ms (  0.0%): <total>
[156.929s][info][gc,stats    ]       0 of 10996 ms (  0.0%): <average total>
[156.929s][info][gc,stats    ] 
[156.929s][info][gc,metaspace] Metaspace: 134006K(135488K)->134006K(135488K) NonClass: 113144K(113984K)->113144K(113984K) Class: 20862K(21504K)->20862K(21504K)
[156.929s][info][gc,ergo     ] Pacer for Idle. Initial: 163M, Alloc Tax Rate: 1.0x
[166.557s][info][gc          ] Trigger: Free (815M) is below minimum threshold (819M)
[166.558s][info][gc,ergo     ] Free: 815M, Max: 4096K regular, 600M humongous, Frag: 26% external, 0% internal; Reserve: 412M, Max: 4096K
[166.558s][info][gc,start    ] GC(18) Concurrent reset
[166.558s][info][gc,task     ] GC(18) Using 2 of 4 workers for concurrent reset
[166.558s][info][gc,ergo     ] GC(18) Pacer for Reset. Non-Taxable: 8192M
[166.572s][info][gc          ] GC(18) Concurrent reset 14.805ms
[166.573s][info][gc,start    ] GC(18) Pause Init Mark
[166.573s][info][gc,task     ] GC(18) Using 4 of 4 workers for init marking
[166.573s][info][gc,ergo     ] GC(18) Pacer for Mark. Expected Live: 425M, Free: 803M, Non-Taxable: 82275K, Alloc Tax Rate: 0.6x
[166.573s][info][gc          ] GC(18) Pause Init Mark 0.129ms
[166.573s][info][gc,start    ] GC(18) Concurrent marking roots
[166.573s][info][gc,task     ] GC(18) Using 2 of 4 workers for concurrent marking roots
[166.580s][info][gc          ] GC(18) Concurrent marking roots 7.616ms
[166.580s][info][gc,start    ] GC(18) Concurrent marking
[166.580s][info][gc,task     ] GC(18) Using 2 of 4 workers for concurrent marking
[166.786s][info][gc          ] GC(18) Concurrent marking 206.019ms
[166.786s][info][gc,start    ] GC(18) Pause Final Mark
[166.786s][info][gc,task     ] GC(18) Using 4 of 4 workers for final marking
[166.787s][info][gc,ergo     ] GC(18) Adaptive CSet Selection. Target Free: 1160M, Actual Free: 2812M, Max CSet: 341M, Min Garbage: 0B
[166.787s][info][gc,ergo     ] GC(18) Collectable Garbage: 6527M (99%), Immediate: 1740M (26%), CSet: 4787M (73%)
[166.787s][info][gc,ergo     ] GC(18) Pacer for Evacuation. Used CSet: 4856M, Free: 2403M, Non-Taxable: 240M, Alloc Tax Rate: 4.9x
[166.787s][info][gc          ] GC(18) Pause Final Mark 0.338ms
[166.787s][info][gc,start    ] GC(18) Concurrent thread roots
[166.787s][info][gc,task     ] GC(18) Using 2 of 4 workers for Concurrent thread roots
[166.788s][info][gc          ] GC(18) Concurrent thread roots 1.055ms
[166.788s][info][gc,start    ] GC(18) Concurrent weak references
[166.788s][info][gc,task     ] GC(18) Using 2 of 4 workers for concurrent weak references
[166.789s][info][gc,ref      ] GC(18) Encountered references: Soft: 6521, Weak: 23130, Final: 34, Phantom: 566
[166.789s][info][gc,ref      ] GC(18) Discovered  references: Soft: 0, Weak: 11867, Final: 0, Phantom: 474
[166.789s][info][gc,ref      ] GC(18) Enqueued    references: Soft: 0, Weak: 4, Final: 0, Phantom: 0
[166.789s][info][gc          ] GC(18) Concurrent weak references 0.688ms
[166.789s][info][gc,start    ] GC(18) Concurrent weak roots
[166.789s][info][gc,task     ] GC(18) Using 2 of 4 workers for concurrent weak root
[166.789s][info][gc          ] GC(18) Concurrent weak roots 0.855ms
[166.789s][info][gc,start    ] GC(18) Concurrent cleanup
[166.789s][info][gc          ] GC(18) Concurrent cleanup 7124M->5384M(8192M) 0.035ms
[166.789s][info][gc,ergo     ] GC(18) Free: 2395M, Max: 4096K regular, 600M humongous, Frag: 75% external, 0% internal; Reserve: 411M, Max: 4096K
[166.790s][info][gc,start    ] GC(18) Concurrent strong roots
[166.790s][info][gc,task     ] GC(18) Using 2 of 4 workers for concurrent strong root
[166.795s][info][gc          ] GC(18) Concurrent strong roots 5.055ms
[166.795s][info][gc,start    ] GC(18) Concurrent evacuation
[166.795s][info][gc,task     ] GC(18) Using 2 of 4 workers for concurrent evacuation
[166.832s][info][gc          ] GC(18) Concurrent evacuation 36.923ms
[166.832s][info][gc,start    ] GC(18) Pause Init Update Refs
[166.832s][info][gc,ergo     ] GC(18) Pacer for Update Refs. Used: 5484M, Free: 2367M, Non-Taxable: 236M, Alloc Tax Rate: 2.8x
[166.832s][info][gc          ] GC(18) Pause Init Update Refs 0.044ms
[166.832s][info][gc,start    ] GC(18) Concurrent update references
[166.832s][info][gc,task     ] GC(18) Using 2 of 4 workers for concurrent reference update
[166.958s][info][gc          ] GC(18) Concurrent update references 126.360ms
[166.958s][info][gc,start    ] GC(18) Concurrent update thread roots
[166.960s][info][gc          ] GC(18) Concurrent update thread roots 1.828ms
[166.960s][info][gc,start    ] GC(18) Pause Final Update Refs
[166.960s][info][gc,task     ] GC(18) Using 4 of 4 workers for final reference update
[166.960s][info][gc          ] GC(18) Pause Final Update Refs 0.094ms
[166.960s][info][gc,start    ] GC(18) Concurrent cleanup
[166.960s][info][gc          ] GC(18) Concurrent cleanup 5552M->696M(8192M) 0.061ms
[166.960s][info][gc,ergo     ] Free: 7083M, Max: 4096K regular, 5308M humongous, Frag: 25% external, 0% internal; Reserve: 412M, Max: 4096K
[166.960s][info][gc,stats    ] 
[166.960s][info][gc,stats    ] All times are wall-clock times, except per-root-class counters, that are sum over
[166.960s][info][gc,stats    ] all workers. Dividing the <total> over the root stage time estimates parallelism.
[166.960s][info][gc,stats    ] 
[166.960s][info][gc,stats    ] Concurrent Reset                  14905 us
[166.960s][info][gc,stats    ] Pause Init Mark (G)                 204 us
[166.960s][info][gc,stats    ] Pause Init Mark (N)                 141 us
[166.960s][info][gc,stats    ]   Update Region States               55 us
[166.960s][info][gc,stats    ] Concurrent Mark Roots              7646 us, parallelism: 1.93x
[166.960s][info][gc,stats    ]   CMR: <total>                    14738 us
[166.960s][info][gc,stats    ]   CMR: Thread Roots                1827 us, workers (us): 994, 833, ---, ---, 
[166.960s][info][gc,stats    ]   CMR: Code Cache Roots           12102 us, workers (us): 5585, 6518, ---, ---, 
[166.960s][info][gc,stats    ]   CMR: VM Strong Roots               12 us, workers (us):  12,   0, ---, ---, 
[166.960s][info][gc,stats    ]   CMR: CLDG Roots                   797 us, workers (us): 797, ---, ---, ---, 
[166.960s][info][gc,stats    ] Concurrent Marking               206065 us
[166.960s][info][gc,stats    ] Pause Final Mark (G)                417 us
[166.960s][info][gc,stats    ] Pause Final Mark (N)                349 us
[166.960s][info][gc,stats    ]   Finish Mark                        73 us
[166.960s][info][gc,stats    ]   Update Region States               48 us
[166.960s][info][gc,stats    ]   Choose Collection Set             149 us
[166.960s][info][gc,stats    ]   Rebuild Free Set                   10 us
[166.960s][info][gc,stats    ] Concurrent Thread Roots            1076 us, parallelism: 1.87x
[166.960s][info][gc,stats    ]   CTR: <total>                     2012 us
[166.960s][info][gc,stats    ]   CTR: Thread Roots                2012 us, workers (us): 1004, 1007, ---, ---, 
[166.960s][info][gc,stats    ] Concurrent Weak References          699 us, parallelism: 0.90x
[166.960s][info][gc,stats    ]   CWRF: <total>                     628 us
[166.960s][info][gc,stats    ]   CWRF: Weak References             628 us, workers (us):  21, 607, ---, ---, 
[166.960s][info][gc,stats    ] Concurrent Weak Roots               869 us
[166.960s][info][gc,stats    ]   Roots                             812 us, parallelism: 1.79x
[166.960s][info][gc,stats    ]     CWR: <total>                   1457 us
[166.961s][info][gc,stats    ]     CWR: VM Weak Roots             1457 us, workers (us): 730, 727, ---, ---, 
[166.961s][info][gc,stats    ]   Rendezvous                         22 us
[166.961s][info][gc,stats    ] Concurrent Cleanup                   47 us
[166.961s][info][gc,stats    ] Concurrent Strong Roots            5075 us, parallelism: 1.96x
[166.961s][info][gc,stats    ]   CSR: <total>                     9951 us
[166.961s][info][gc,stats    ]   CSR: Code Cache Roots            9712 us, workers (us): 4759, 4953, ---, ---, 
[166.961s][info][gc,stats    ]   CSR: VM Strong Roots                7 us, workers (us):   4,   3, ---, ---, 
[166.961s][info][gc,stats    ]   CSR: CLDG Roots                   232 us, workers (us): 232, ---, ---, ---, 
[166.961s][info][gc,stats    ] Concurrent Evacuation             36965 us
[166.961s][info][gc,stats    ] Pause Init Update Refs (G)          144 us
[166.961s][info][gc,stats    ] Pause Init Update Refs (N)           55 us
[166.961s][info][gc,stats    ]   Manage GCLABs                       5 us
[166.961s][info][gc,stats    ] Concurrent Update Refs           126398 us
[166.961s][info][gc,stats    ] Concurrent Update Thread Roots     1848 us
[166.961s][info][gc,stats    ] Pause Final Update Refs (G)         147 us
[166.961s][info][gc,stats    ] Pause Final Update Refs (N)         120 us
[166.961s][info][gc,stats    ]   Update Region States               34 us
[166.961s][info][gc,stats    ]   Trash Collection Set               11 us
[166.961s][info][gc,stats    ]   Rebuild Free Set                   11 us
[166.961s][info][gc,stats    ] Concurrent Cleanup                   74 us
[166.961s][info][gc,stats    ] 
[166.961s][info][gc,stats    ] Allocation pacing accrued:
[166.961s][info][gc,stats    ]       0 of 10032 ms (  0.0%): <total>
[166.961s][info][gc,stats    ]       0 of 10032 ms (  0.0%): <average total>
[166.961s][info][gc,stats    ] 
[166.961s][info][gc,metaspace] Metaspace: 134028K(135488K)->134028K(135488K) NonClass: 113166K(113984K)->113166K(113984K) Class: 20862K(21504K)->20862K(21504K)
[166.961s][info][gc,ergo     ] Pacer for Idle. Initial: 163M, Alloc Tax Rate: 1.0x
[175.346s][info][gc          ] Trigger: Free (815M) is below minimum threshold (819M)
[175.346s][info][gc,ergo     ] Free: 815M, Max: 4096K regular, 592M humongous, Frag: 27% external, 0% internal; Reserve: 412M, Max: 4096K
[175.346s][info][gc,start    ] GC(19) Concurrent reset
[175.346s][info][gc,task     ] GC(19) Using 2 of 4 workers for concurrent reset
[175.346s][info][gc,ergo     ] GC(19) Pacer for Reset. Non-Taxable: 8192M
[175.364s][info][gc          ] GC(19) Concurrent reset 18.359ms
[175.364s][info][gc,start    ] GC(19) Pause Init Mark
[175.364s][info][gc,task     ] GC(19) Using 4 of 4 workers for init marking
[175.364s][info][gc,ergo     ] GC(19) Pacer for Mark. Expected Live: 427M, Free: 807M, Non-Taxable: 82695K, Alloc Tax Rate: 0.6x
[175.364s][info][gc          ] GC(19) Pause Init Mark 0.142ms
[175.364s][info][gc,start    ] GC(19) Concurrent marking roots
[175.364s][info][gc,task     ] GC(19) Using 2 of 4 workers for concurrent marking roots
[175.372s][info][gc          ] GC(19) Concurrent marking roots 7.801ms
[175.372s][info][gc,start    ] GC(19) Concurrent marking
[175.372s][info][gc,task     ] GC(19) Using 2 of 4 workers for concurrent marking
[175.576s][info][gc          ] GC(19) Concurrent marking 203.422ms
[175.576s][info][gc,start    ] GC(19) Pause Final Mark
[175.576s][info][gc,task     ] GC(19) Using 4 of 4 workers for final marking
[175.576s][info][gc,ergo     ] GC(19) Adaptive CSet Selection. Target Free: 1160M, Actual Free: 2868M, Max CSet: 341M, Min Garbage: 0B
[175.576s][info][gc,ergo     ] GC(19) Collectable Garbage: 6532M (99%), Immediate: 1768M (26%), CSet: 4764M (72%)
[175.576s][info][gc,ergo     ] GC(19) Pacer for Evacuation. Used CSet: 4852M, Free: 2463M, Non-Taxable: 246M, Alloc Tax Rate: 4.8x
[175.576s][info][gc          ] GC(19) Pause Final Mark 0.340ms
[175.576s][info][gc,start    ] GC(19) Concurrent thread roots
[175.576s][info][gc,task     ] GC(19) Using 2 of 4 workers for Concurrent thread roots
[175.577s][info][gc          ] GC(19) Concurrent thread roots 0.902ms
[175.577s][info][gc,start    ] GC(19) Concurrent weak references
[175.577s][info][gc,task     ] GC(19) Using 2 of 4 workers for concurrent weak references
[175.578s][info][gc,ref      ] GC(19) Encountered references: Soft: 6521, Weak: 23127, Final: 34, Phantom: 566
[175.578s][info][gc,ref      ] GC(19) Discovered  references: Soft: 0, Weak: 12791, Final: 0, Phantom: 469
[175.578s][info][gc,ref      ] GC(19) Enqueued    references: Soft: 0, Weak: 1, Final: 0, Phantom: 0
[175.578s][info][gc          ] GC(19) Concurrent weak references 0.542ms
[175.578s][info][gc,start    ] GC(19) Concurrent weak roots
[175.578s][info][gc,task     ] GC(19) Using 2 of 4 workers for concurrent weak root
[175.578s][info][gc          ] GC(19) Concurrent weak roots 0.892ms
[175.579s][info][gc,start    ] GC(19) Concurrent cleanup
[175.579s][info][gc          ] GC(19) Concurrent cleanup 7092M->5324M(8192M) 0.033ms
[175.579s][info][gc,ergo     ] GC(19) Free: 2455M, Max: 4096K regular, 592M humongous, Frag: 76% external, 0% internal; Reserve: 411M, Max: 4096K
[175.579s][info][gc,start    ] GC(19) Concurrent strong roots
[175.579s][info][gc,task     ] GC(19) Using 2 of 4 workers for concurrent strong root
[175.584s][info][gc          ] GC(19) Concurrent strong roots 5.153ms
[175.584s][info][gc,start    ] GC(19) Concurrent evacuation
[175.584s][info][gc,task     ] GC(19) Using 2 of 4 workers for concurrent evacuation
[175.622s][info][gc          ] GC(19) Concurrent evacuation 38.244ms
[175.622s][info][gc,start    ] GC(19) Pause Init Update Refs
[175.622s][info][gc,ergo     ] GC(19) Pacer for Update Refs. Used: 5416M, Free: 2455M, Non-Taxable: 245M, Alloc Tax Rate: 2.7x
[175.622s][info][gc          ] GC(19) Pause Init Update Refs 0.047ms
[175.622s][info][gc,start    ] GC(19) Concurrent update references
[175.622s][info][gc,task     ] GC(19) Using 2 of 4 workers for concurrent reference update
[175.740s][info][gc          ] GC(19) Concurrent update references 118.048ms
[175.740s][info][gc,start    ] GC(19) Concurrent update thread roots
[175.742s][info][gc          ] GC(19) Concurrent update thread roots 1.651ms
[175.742s][info][gc,start    ] GC(19) Pause Final Update Refs
[175.742s][info][gc,task     ] GC(19) Using 4 of 4 workers for final reference update
[175.742s][info][gc          ] GC(19) Pause Final Update Refs 0.087ms
[175.742s][info][gc,start    ] GC(19) Concurrent cleanup
[175.742s][info][gc          ] GC(19) Concurrent cleanup 5436M->584M(8192M) 0.061ms
[175.742s][info][gc,ergo     ] Free: 7195M, Max: 4096K regular, 5280M humongous, Frag: 27% external, 0% internal; Reserve: 412M, Max: 4096K
[175.742s][info][gc,stats    ] 
[175.742s][info][gc,stats    ] All times are wall-clock times, except per-root-class counters, that are sum over
[175.742s][info][gc,stats    ] all workers. Dividing the <total> over the root stage time estimates parallelism.
[175.742s][info][gc,stats    ] 
[175.742s][info][gc,stats    ] Concurrent Reset                  18468 us
[175.742s][info][gc,stats    ] Pause Init Mark (G)                 242 us
[175.742s][info][gc,stats    ] Pause Init Mark (N)                 155 us
[175.742s][info][gc,stats    ]   Update Region States               35 us
[175.742s][info][gc,stats    ] Concurrent Mark Roots              7836 us, parallelism: 1.91x
[175.742s][info][gc,stats    ]   CMR: <total>                    14963 us
[175.742s][info][gc,stats    ]   CMR: Thread Roots                1467 us, workers (us): 741, 726, ---, ---, 
[175.742s][info][gc,stats    ]   CMR: Code Cache Roots           12469 us, workers (us): 5725, 6744, ---, ---, 
[175.742s][info][gc,stats    ]   CMR: VM Strong Roots               29 us, workers (us):  15,  14, ---, ---, 
[175.742s][info][gc,stats    ]   CMR: CLDG Roots                   997 us, workers (us): 997, ---, ---, ---, 
[175.742s][info][gc,stats    ] Concurrent Marking               203471 us
[175.742s][info][gc,stats    ] Pause Final Mark (G)                378 us
[175.742s][info][gc,stats    ] Pause Final Mark (N)                350 us
[175.742s][info][gc,stats    ]   Finish Mark                        66 us
[175.742s][info][gc,stats    ]   Update Region States               58 us
[175.742s][info][gc,stats    ]   Choose Collection Set             148 us
[175.742s][info][gc,stats    ]   Rebuild Free Set                   11 us
[175.742s][info][gc,stats    ] Concurrent Thread Roots             920 us, parallelism: 1.82x
[175.742s][info][gc,stats    ]   CTR: <total>                     1678 us
[175.742s][info][gc,stats    ]   CTR: Thread Roots                1678 us, workers (us): 852, 826, ---, ---, 
[175.742s][info][gc,stats    ] Concurrent Weak References          553 us, parallelism: 1.14x
[175.742s][info][gc,stats    ]   CWRF: <total>                     631 us
[175.742s][info][gc,stats    ]   CWRF: Weak References             631 us, workers (us): 466, 166, ---, ---, 
[175.742s][info][gc,stats    ] Concurrent Weak Roots               906 us
[175.742s][info][gc,stats    ]   Roots                             814 us, parallelism: 1.79x
[175.742s][info][gc,stats    ]     CWR: <total>                   1459 us
[175.742s][info][gc,stats    ]     CWR: VM Weak Roots             1459 us, workers (us): 730, 730, ---, ---, 
[175.742s][info][gc,stats    ]   Rendezvous                         57 us
[175.742s][info][gc,stats    ] Concurrent Cleanup                   45 us
[175.743s][info][gc,stats    ] Concurrent Strong Roots            5180 us, parallelism: 1.95x
[175.743s][info][gc,stats    ]   CSR: <total>                    10103 us
[175.743s][info][gc,stats    ]   CSR: Code Cache Roots            9805 us, workers (us): 4744, 5061, ---, ---, 
[175.743s][info][gc,stats    ]   CSR: VM Strong Roots                6 us, workers (us):   6,   0, ---, ---, 
[175.743s][info][gc,stats    ]   CSR: CLDG Roots                   292 us, workers (us): 292, ---, ---, ---, 
[175.743s][info][gc,stats    ] Concurrent Evacuation             38278 us
[175.743s][info][gc,stats    ] Pause Init Update Refs (G)          123 us
[175.743s][info][gc,stats    ] Pause Init Update Refs (N)           58 us
[175.743s][info][gc,stats    ]   Manage GCLABs                       5 us
[175.743s][info][gc,stats    ] Concurrent Update Refs           118094 us
[175.743s][info][gc,stats    ] Concurrent Update Thread Roots     1675 us
[175.743s][info][gc,stats    ] Pause Final Update Refs (G)         139 us
[175.743s][info][gc,stats    ] Pause Final Update Refs (N)         112 us
[175.743s][info][gc,stats    ]   Update Region States               25 us
[175.743s][info][gc,stats    ]   Trash Collection Set               14 us
[175.743s][info][gc,stats    ]   Rebuild Free Set                   11 us
[175.743s][info][gc,stats    ] Concurrent Cleanup                   74 us
[175.743s][info][gc,stats    ] 
[175.743s][info][gc,stats    ] Allocation pacing accrued:
[175.743s][info][gc,stats    ]       0 of  8782 ms (  0.0%): <total>
[175.743s][info][gc,stats    ]       0 of  8782 ms (  0.0%): <average total>
[175.743s][info][gc,stats    ] 
[175.743s][info][gc,metaspace] Metaspace: 134039K(135552K)->134039K(135552K) NonClass: 113176K(114048K)->113176K(114048K) Class: 20862K(21504K)->20862K(21504K)
[175.743s][info][gc,ergo     ] Pacer for Idle. Initial: 163M, Alloc Tax Rate: 1.0x
[188.123s][info][gc          ] Trigger: Free (815M) is below minimum threshold (819M)
[188.123s][info][gc,ergo     ] Free: 815M, Max: 4096K regular, 600M humongous, Frag: 26% external, 0% internal; Reserve: 412M, Max: 4096K
[188.123s][info][gc,start    ] GC(20) Concurrent reset
[188.123s][info][gc,task     ] GC(20) Using 2 of 4 workers for concurrent reset
[188.123s][info][gc,ergo     ] GC(20) Pacer for Reset. Non-Taxable: 8192M
[188.139s][info][gc          ] GC(20) Concurrent reset 15.460ms
[188.139s][info][gc,start    ] GC(20) Pause Init Mark
[188.139s][info][gc,task     ] GC(20) Using 4 of 4 workers for init marking
[188.139s][info][gc,ergo     ] GC(20) Pacer for Mark. Expected Live: 418M, Free: 803M, Non-Taxable: 82286K, Alloc Tax Rate: 0.6x
[188.139s][info][gc          ] GC(20) Pause Init Mark 0.122ms
[188.139s][info][gc,start    ] GC(20) Concurrent marking roots
[188.139s][info][gc,task     ] GC(20) Using 2 of 4 workers for concurrent marking roots
[188.149s][info][gc          ] GC(20) Concurrent marking roots 10.190ms
[188.149s][info][gc,start    ] GC(20) Concurrent marking
[188.149s][info][gc,task     ] GC(20) Using 2 of 4 workers for concurrent marking
[188.353s][info][gc          ] GC(20) Concurrent marking 204.258ms
[188.354s][info][gc,start    ] GC(20) Pause Final Mark
[188.354s][info][gc,task     ] GC(20) Using 4 of 4 workers for final marking
[188.354s][info][gc,ergo     ] GC(20) Adaptive CSet Selection. Target Free: 1160M, Actual Free: 2700M, Max CSet: 341M, Min Garbage: 0B
[188.354s][info][gc,ergo     ] GC(20) Collectable Garbage: 6524M (99%), Immediate: 1592M (24%), CSet: 4932M (75%)
[188.354s][info][gc,ergo     ] GC(20) Pacer for Evacuation. Used CSet: 5000M, Free: 2295M, Non-Taxable: 229M, Alloc Tax Rate: 5.3x
[188.354s][info][gc          ] GC(20) Pause Final Mark 0.307ms
[188.354s][info][gc,start    ] GC(20) Concurrent thread roots
[188.354s][info][gc,task     ] GC(20) Using 2 of 4 workers for Concurrent thread roots
[188.355s][info][gc          ] GC(20) Concurrent thread roots 0.829ms
[188.355s][info][gc,start    ] GC(20) Concurrent weak references
[188.355s][info][gc,task     ] GC(20) Using 2 of 4 workers for concurrent weak references
[188.355s][info][gc,ref      ] GC(20) Encountered references: Soft: 6521, Weak: 23137, Final: 34, Phantom: 579
[188.355s][info][gc,ref      ] GC(20) Discovered  references: Soft: 0, Weak: 6832, Final: 1, Phantom: 478
[188.355s][info][gc,ref      ] GC(20) Enqueued    references: Soft: 0, Weak: 7, Final: 0, Phantom: 1
[188.355s][info][gc          ] GC(20) Concurrent weak references 0.319ms
[188.355s][info][gc,start    ] GC(20) Concurrent weak roots
[188.355s][info][gc,task     ] GC(20) Using 2 of 4 workers for concurrent weak root
[188.356s][info][gc          ] GC(20) Concurrent weak roots 0.876ms
[188.356s][info][gc,start    ] GC(20) Concurrent cleanup
[188.356s][info][gc          ] GC(20) Concurrent cleanup 7084M->5492M(8192M) 0.034ms
[188.356s][info][gc,ergo     ] GC(20) Free: 2287M, Max: 4096K regular, 600M humongous, Frag: 74% external, 0% internal; Reserve: 411M, Max: 4096K
[188.356s][info][gc,start    ] GC(20) Concurrent strong roots
[188.356s][info][gc,task     ] GC(20) Using 2 of 4 workers for concurrent strong root
[188.362s][info][gc          ] GC(20) Concurrent strong roots 5.555ms
[188.362s][info][gc,start    ] GC(20) Concurrent evacuation
[188.362s][info][gc,task     ] GC(20) Using 2 of 4 workers for concurrent evacuation
[188.398s][info][gc          ] GC(20) Concurrent evacuation 36.274ms
[188.398s][info][gc,start    ] GC(20) Pause Init Update Refs
[188.398s][info][gc,ergo     ] GC(20) Pacer for Update Refs. Used: 5588M, Free: 2263M, Non-Taxable: 226M, Alloc Tax Rate: 3.0x
[188.398s][info][gc          ] GC(20) Pause Init Update Refs 0.085ms
[188.398s][info][gc,start    ] GC(20) Concurrent update references
[188.398s][info][gc,task     ] GC(20) Using 2 of 4 workers for concurrent reference update
[188.521s][info][gc          ] GC(20) Concurrent update references 122.672ms
[188.521s][info][gc,start    ] GC(20) Concurrent update thread roots
[188.522s][info][gc          ] GC(20) Concurrent update thread roots 1.705ms
[188.523s][info][gc,start    ] GC(20) Pause Final Update Refs
[188.523s][info][gc,task     ] GC(20) Using 4 of 4 workers for final reference update
[188.523s][info][gc          ] GC(20) Pause Final Update Refs 0.098ms
[188.523s][info][gc,start    ] GC(20) Concurrent cleanup
[188.523s][info][gc          ] GC(20) Concurrent cleanup 5648M->648M(8192M) 0.084ms
[188.523s][info][gc,ergo     ] Free: 7131M, Max: 4096K regular, 5404M humongous, Frag: 25% external, 0% internal; Reserve: 412M, Max: 4096K
[188.523s][info][gc,stats    ] 
[188.523s][info][gc,stats    ] All times are wall-clock times, except per-root-class counters, that are sum over
[188.523s][info][gc,stats    ] all workers. Dividing the <total> over the root stage time estimates parallelism.
[188.523s][info][gc,stats    ] 
[188.523s][info][gc,stats    ] Concurrent Reset                  15570 us
[188.523s][info][gc,stats    ] Pause Init Mark (G)                 247 us
[188.523s][info][gc,stats    ] Pause Init Mark (N)                 134 us
[188.523s][info][gc,stats    ]   Update Region States               44 us
[188.523s][info][gc,stats    ] Concurrent Mark Roots             10234 us, parallelism: 1.95x
[188.523s][info][gc,stats    ]   CMR: <total>                    19970 us
[188.523s][info][gc,stats    ]   CMR: Thread Roots                1565 us, workers (us): 741, 824, ---, ---, 
[188.523s][info][gc,stats    ]   CMR: Code Cache Roots           16457 us, workers (us): 7306, 9151, ---, ---, 
[188.523s][info][gc,stats    ]   CMR: VM Strong Roots               19 us, workers (us):   9,  10, ---, ---, 
[188.523s][info][gc,stats    ]   CMR: CLDG Roots                  1929 us, workers (us): 1929, ---, ---, ---, 
[188.523s][info][gc,stats    ] Concurrent Marking               204306 us
[188.523s][info][gc,stats    ] Pause Final Mark (G)                422 us
[188.523s][info][gc,stats    ] Pause Final Mark (N)                323 us
[188.523s][info][gc,stats    ]   Finish Mark                        59 us
[188.523s][info][gc,stats    ]   Update Region States               29 us
[188.523s][info][gc,stats    ]   Choose Collection Set             147 us
[188.523s][info][gc,stats    ]   Rebuild Free Set                   13 us
[188.523s][info][gc,stats    ] Concurrent Thread Roots             853 us, parallelism: 1.80x
[188.523s][info][gc,stats    ]   CTR: <total>                     1535 us
[188.523s][info][gc,stats    ]   CTR: Thread Roots                1535 us, workers (us): 783, 752, ---, ---, 
[188.523s][info][gc,stats    ] Concurrent Weak References          330 us, parallelism: 1.18x
[188.523s][info][gc,stats    ]   CWRF: <total>                     388 us
[188.523s][info][gc,stats    ]   CWRF: Weak References             388 us, workers (us): 148, 240, ---, ---, 
[188.523s][info][gc,stats    ] Concurrent Weak Roots               891 us
[188.523s][info][gc,stats    ]   Roots                             804 us, parallelism: 1.78x
[188.523s][info][gc,stats    ]     CWR: <total>                   1435 us
[188.523s][info][gc,stats    ]     CWR: VM Weak Roots             1435 us, workers (us): 717, 718, ---, ---, 
[188.523s][info][gc,stats    ]   Rendezvous                         50 us
[188.523s][info][gc,stats    ] Concurrent Cleanup                   46 us
[188.523s][info][gc,stats    ] Concurrent Strong Roots            5582 us, parallelism: 1.95x
[188.523s][info][gc,stats    ]   CSR: <total>                    10886 us
[188.523s][info][gc,stats    ]   CSR: Code Cache Roots           10544 us, workers (us): 5461, 5083, ---, ---, 
[188.523s][info][gc,stats    ]   CSR: VM Strong Roots                7 us, workers (us):   4,   3, ---, ---, 
[188.523s][info][gc,stats    ]   CSR: CLDG Roots                   336 us, workers (us): ---, 336, ---, ---, 
[188.523s][info][gc,stats    ] Concurrent Evacuation             36326 us
[188.523s][info][gc,stats    ] Pause Init Update Refs (G)          131 us
[188.523s][info][gc,stats    ] Pause Init Update Refs (N)          101 us
[188.523s][info][gc,stats    ]   Manage GCLABs                       5 us
[188.523s][info][gc,stats    ] Concurrent Update Refs           122723 us
[188.523s][info][gc,stats    ] Concurrent Update Thread Roots     1734 us
[188.523s][info][gc,stats    ] Pause Final Update Refs (G)         165 us
[188.523s][info][gc,stats    ] Pause Final Update Refs (N)         130 us
[188.523s][info][gc,stats    ]   Update Region States               31 us
[188.523s][info][gc,stats    ]   Trash Collection Set               16 us
[188.523s][info][gc,stats    ]   Rebuild Free Set                   12 us
[188.523s][info][gc,stats    ] Concurrent Cleanup                  100 us
[188.523s][info][gc,stats    ] 
[188.523s][info][gc,stats    ] Allocation pacing accrued:
[188.523s][info][gc,stats    ]       0 of 12781 ms (  0.0%): <total>
[188.523s][info][gc,stats    ]       0 of 12781 ms (  0.0%): <average total>
[188.523s][info][gc,stats    ] 
[188.523s][info][gc,metaspace] Metaspace: 134096K(135552K)->134098K(135552K) NonClass: 113232K(114048K)->113234K(114048K) Class: 20864K(21504K)->20864K(21504K)
[188.523s][info][gc,ergo     ] Pacer for Idle. Initial: 163M, Alloc Tax Rate: 1.0x
[199.077s][info][gc          ] Trigger: Free (815M) is below minimum threshold (819M)
[199.077s][info][gc,ergo     ] Free: 815M, Max: 4096K regular, 588M humongous, Frag: 27% external, 0% internal; Reserve: 412M, Max: 4096K
[199.077s][info][gc,start    ] GC(21) Concurrent reset
[199.077s][info][gc,task     ] GC(21) Using 2 of 4 workers for concurrent reset
[199.077s][info][gc,ergo     ] GC(21) Pacer for Reset. Non-Taxable: 8192M
[199.095s][info][gc          ] GC(21) Concurrent reset 17.784ms
[199.095s][info][gc,start    ] GC(21) Pause Init Mark
[199.095s][info][gc,task     ] GC(21) Using 4 of 4 workers for init marking
[199.095s][info][gc,ergo     ] GC(21) Pacer for Mark. Expected Live: 420M, Free: 807M, Non-Taxable: 82669K, Alloc Tax Rate: 0.6x
[199.095s][info][gc          ] GC(21) Pause Init Mark 0.120ms
[199.096s][info][gc,start    ] GC(21) Concurrent marking roots
[199.096s][info][gc,task     ] GC(21) Using 2 of 4 workers for concurrent marking roots
[199.104s][info][gc          ] GC(21) Concurrent marking roots 8.818ms
[199.104s][info][gc,start    ] GC(21) Concurrent marking
[199.104s][info][gc,task     ] GC(21) Using 2 of 4 workers for concurrent marking
[199.315s][info][gc          ] GC(21) Concurrent marking 210.544ms
[199.315s][info][gc,start    ] GC(21) Pause Final Mark
[199.315s][info][gc,task     ] GC(21) Using 4 of 4 workers for final marking
[199.315s][info][gc,ergo     ] GC(21) Adaptive CSet Selection. Target Free: 1160M, Actual Free: 3256M, Max CSet: 341M, Min Garbage: 0B
[199.315s][info][gc,ergo     ] GC(21) Collectable Garbage: 6520M (99%), Immediate: 2268M (34%), CSet: 4252M (64%)
[199.315s][info][gc,ergo     ] GC(21) Pacer for Evacuation. Used CSet: 4320M, Free: 2844M, Non-Taxable: 284M, Alloc Tax Rate: 3.7x
[199.315s][info][gc          ] GC(21) Pause Final Mark 0.356ms
[199.315s][info][gc,start    ] GC(21) Concurrent thread roots
[199.315s][info][gc,task     ] GC(21) Using 2 of 4 workers for Concurrent thread roots
[199.316s][info][gc          ] GC(21) Concurrent thread roots 0.888ms
[199.316s][info][gc,start    ] GC(21) Concurrent weak references
[199.316s][info][gc,task     ] GC(21) Using 2 of 4 workers for concurrent weak references
[199.317s][info][gc,ref      ] GC(21) Encountered references: Soft: 6521, Weak: 23137, Final: 34, Phantom: 583
[199.317s][info][gc,ref      ] GC(21) Discovered  references: Soft: 0, Weak: 11608, Final: 0, Phantom: 477
[199.317s][info][gc,ref      ] GC(21) Enqueued    references: Soft: 0, Weak: 3, Final: 0, Phantom: 2
[199.317s][info][gc          ] GC(21) Concurrent weak references 0.546ms
[199.317s][info][gc,start    ] GC(21) Concurrent weak roots
[199.317s][info][gc,task     ] GC(21) Using 2 of 4 workers for concurrent weak root
[199.318s][info][gc          ] GC(21) Concurrent weak roots 0.843ms
[199.318s][info][gc,start    ] GC(21) Concurrent cleanup
[199.318s][info][gc          ] GC(21) Concurrent cleanup 7212M->4944M(8192M) 0.037ms
[199.318s][info][gc,ergo     ] GC(21) Free: 2835M, Max: 4096K regular, 564M humongous, Frag: 81% external, 0% internal; Reserve: 411M, Max: 4096K
[199.318s][info][gc,start    ] GC(21) Concurrent strong roots
[199.318s][info][gc,task     ] GC(21) Using 2 of 4 workers for concurrent strong root
[199.323s][info][gc          ] GC(21) Concurrent strong roots 4.782ms
[199.323s][info][gc,start    ] GC(21) Concurrent evacuation
[199.323s][info][gc,task     ] GC(21) Using 2 of 4 workers for concurrent evacuation
[199.356s][info][gc          ] GC(21) Concurrent evacuation 33.196ms
[199.356s][info][gc,start    ] GC(21) Pause Init Update Refs
[199.356s][info][gc,ergo     ] GC(21) Pacer for Update Refs. Used: 5032M, Free: 2819M, Non-Taxable: 281M, Alloc Tax Rate: 2.2x
[199.356s][info][gc          ] GC(21) Pause Init Update Refs 0.047ms
[199.356s][info][gc,start    ] GC(21) Concurrent update references
[199.356s][info][gc,task     ] GC(21) Using 2 of 4 workers for concurrent reference update
[199.494s][info][gc          ] GC(21) Concurrent update references 138.142ms
[199.494s][info][gc,start    ] GC(21) Concurrent update thread roots
[199.496s][info][gc          ] GC(21) Concurrent update thread roots 1.659ms
[199.496s][info][gc,start    ] GC(21) Pause Final Update Refs
[199.496s][info][gc,task     ] GC(21) Using 4 of 4 workers for final reference update
[199.496s][info][gc          ] GC(21) Pause Final Update Refs 0.091ms
[199.496s][info][gc,start    ] GC(21) Concurrent cleanup
[199.496s][info][gc          ] GC(21) Concurrent cleanup 5152M->832M(8192M) 0.056ms
[199.496s][info][gc,ergo     ] Free: 6947M, Max: 4096K regular, 5316M humongous, Frag: 24% external, 0% internal; Reserve: 412M, Max: 4096K
[199.496s][info][gc,stats    ] 
[199.496s][info][gc,stats    ] All times are wall-clock times, except per-root-class counters, that are sum over
[199.496s][info][gc,stats    ] all workers. Dividing the <total> over the root stage time estimates parallelism.
[199.496s][info][gc,stats    ] 
[199.496s][info][gc,stats    ] Concurrent Reset                  17908 us
[199.496s][info][gc,stats    ] Pause Init Mark (G)                 199 us
[199.496s][info][gc,stats    ] Pause Init Mark (N)                 133 us
[199.496s][info][gc,stats    ]   Update Region States               38 us
[199.496s][info][gc,stats    ] Concurrent Mark Roots              8869 us, parallelism: 1.93x
[199.496s][info][gc,stats    ]   CMR: <total>                    17110 us
[199.496s][info][gc,stats    ]   CMR: Thread Roots                1657 us, workers (us): 765, 892, ---, ---, 
[199.496s][info][gc,stats    ]   CMR: Code Cache Roots           14337 us, workers (us): 6691, 7646, ---, ---, 
[199.496s][info][gc,stats    ]   CMR: VM Strong Roots               18 us, workers (us):  18,   0, ---, ---, 
[199.496s][info][gc,stats    ]   CMR: CLDG Roots                  1098 us, workers (us): 1098, ---, ---, ---, 
[199.496s][info][gc,stats    ] Concurrent Marking               210591 us
[199.496s][info][gc,stats    ] Pause Final Mark (G)                422 us
[199.496s][info][gc,stats    ] Pause Final Mark (N)                368 us
[199.496s][info][gc,stats    ]   Finish Mark                        60 us
[199.496s][info][gc,stats    ]   Update Region States               28 us
[199.496s][info][gc,stats    ]   Choose Collection Set             200 us
[199.496s][info][gc,stats    ]   Rebuild Free Set                   11 us
[199.496s][info][gc,stats    ] Concurrent Thread Roots             908 us, parallelism: 1.84x
[199.496s][info][gc,stats    ]   CTR: <total>                     1674 us
[199.496s][info][gc,stats    ]   CTR: Thread Roots                1674 us, workers (us): 845, 829, ---, ---, 
[199.496s][info][gc,stats    ] Concurrent Weak References          561 us, parallelism: 0.80x
[199.496s][info][gc,stats    ]   CWRF: <total>                     448 us
[199.496s][info][gc,stats    ]   CWRF: Weak References             448 us, workers (us): 448,   0, ---, ---, 
[199.496s][info][gc,stats    ] Concurrent Weak Roots               857 us
[199.496s][info][gc,stats    ]   Roots                             800 us, parallelism: 1.79x
[199.496s][info][gc,stats    ]     CWR: <total>                   1435 us
[199.496s][info][gc,stats    ]     CWR: VM Weak Roots             1435 us, workers (us): 718, 718, ---, ---, 
[199.496s][info][gc,stats    ]   Rendezvous                         21 us
[199.496s][info][gc,stats    ] Concurrent Cleanup                   49 us
[199.496s][info][gc,stats    ] Concurrent Strong Roots            4800 us, parallelism: 1.95x
[199.496s][info][gc,stats    ]   CSR: <total>                     9365 us
[199.496s][info][gc,stats    ]   CSR: Code Cache Roots            9144 us, workers (us): 4441, 4703, ---, ---, 
[199.496s][info][gc,stats    ]   CSR: VM Strong Roots                8 us, workers (us):   4,   4, ---, ---, 
[199.496s][info][gc,stats    ]   CSR: CLDG Roots                   214 us, workers (us): 214, ---, ---, ---, 
[199.496s][info][gc,stats    ] Concurrent Evacuation             33245 us
[199.496s][info][gc,stats    ] Pause Init Update Refs (G)           87 us
[199.497s][info][gc,stats    ] Pause Init Update Refs (N)           61 us
[199.497s][info][gc,stats    ]   Manage GCLABs                       5 us
[199.497s][info][gc,stats    ] Concurrent Update Refs           138190 us
[199.497s][info][gc,stats    ] Concurrent Update Thread Roots     1674 us
[199.497s][info][gc,stats    ] Pause Final Update Refs (G)         164 us
[199.497s][info][gc,stats    ] Pause Final Update Refs (N)         117 us
[199.497s][info][gc,stats    ]   Update Region States               29 us
[199.497s][info][gc,stats    ]   Trash Collection Set               11 us
[199.497s][info][gc,stats    ]   Rebuild Free Set                   11 us
[199.497s][info][gc,stats    ] Concurrent Cleanup                   69 us
[199.497s][info][gc,stats    ] 
[199.497s][info][gc,stats    ] Allocation pacing accrued:
[199.497s][info][gc,stats    ]       0 of 10973 ms (  0.0%): <total>
[199.497s][info][gc,stats    ]       0 of 10973 ms (  0.0%): <average total>
[199.497s][info][gc,stats    ] 
[199.497s][info][gc,metaspace] Metaspace: 134129K(135616K)->134129K(135616K) NonClass: 113264K(114112K)->113264K(114112K) Class: 20865K(21504K)->20865K(21504K)
[199.497s][info][gc,ergo     ] Pacer for Idle. Initial: 163M, Alloc Tax Rate: 1.0x
[209.077s][info][gc          ] Trigger: Free (815M) is below minimum threshold (819M)
[209.077s][info][gc,ergo     ] Free: 815M, Max: 4096K regular, 564M humongous, Frag: 31% external, 0% internal; Reserve: 412M, Max: 4096K
[209.077s][info][gc,start    ] GC(22) Concurrent reset
[209.077s][info][gc,task     ] GC(22) Using 2 of 4 workers for concurrent reset
[209.077s][info][gc,ergo     ] GC(22) Pacer for Reset. Non-Taxable: 8192M
[209.089s][info][gc          ] GC(22) Concurrent reset 12.441ms
[209.089s][info][gc,start    ] GC(22) Pause Init Mark
[209.089s][info][gc,task     ] GC(22) Using 4 of 4 workers for init marking
[209.089s][info][gc,ergo     ] GC(22) Pacer for Mark. Expected Live: 418M, Free: 815M, Non-Taxable: 83548K, Alloc Tax Rate: 0.6x
[209.090s][info][gc          ] GC(22) Pause Init Mark 0.106ms
[209.090s][info][gc,start    ] GC(22) Concurrent marking roots
[209.090s][info][gc,task     ] GC(22) Using 2 of 4 workers for concurrent marking roots
[209.098s][info][gc          ] GC(22) Concurrent marking roots 8.707ms
[209.098s][info][gc,start    ] GC(22) Concurrent marking
[209.098s][info][gc,task     ] GC(22) Using 2 of 4 workers for concurrent marking
[209.311s][info][gc          ] GC(22) Concurrent marking 212.918ms
[209.311s][info][gc,start    ] GC(22) Pause Final Mark
[209.311s][info][gc,task     ] GC(22) Using 4 of 4 workers for final marking
[209.312s][info][gc,ergo     ] GC(22) Adaptive CSet Selection. Target Free: 1160M, Actual Free: 2688M, Max CSet: 341M, Min Garbage: 0B
[209.312s][info][gc,ergo     ] GC(22) Collectable Garbage: 6504M (99%), Immediate: 1604M (24%), CSet: 4900M (75%)
[209.312s][info][gc,ergo     ] GC(22) Pacer for Evacuation. Used CSet: 4976M, Free: 2279M, Non-Taxable: 227M, Alloc Tax Rate: 5.3x
[209.312s][info][gc          ] GC(22) Pause Final Mark 0.336ms
[209.312s][info][gc,start    ] GC(22) Concurrent thread roots
[209.312s][info][gc,task     ] GC(22) Using 2 of 4 workers for Concurrent thread roots
[209.313s][info][gc          ] GC(22) Concurrent thread roots 0.846ms
[209.313s][info][gc,start    ] GC(22) Concurrent weak references
[209.313s][info][gc,task     ] GC(22) Using 2 of 4 workers for concurrent weak references
[209.313s][info][gc,ref      ] GC(22) Encountered references: Soft: 6521, Weak: 23138, Final: 34, Phantom: 587
[209.313s][info][gc,ref      ] GC(22) Discovered  references: Soft: 0, Weak: 2416, Final: 33, Phantom: 485
[209.313s][info][gc,ref      ] GC(22) Enqueued    references: Soft: 0, Weak: 3, Final: 0, Phantom: 0
[209.313s][info][gc          ] GC(22) Concurrent weak references 0.282ms
[209.313s][info][gc,start    ] GC(22) Concurrent weak roots
[209.313s][info][gc,task     ] GC(22) Using 2 of 4 workers for concurrent weak root
[209.314s][info][gc          ] GC(22) Concurrent weak roots 0.960ms
[209.314s][info][gc,start    ] GC(22) Concurrent cleanup
[209.314s][info][gc          ] GC(22) Concurrent cleanup 7112M->5508M(8192M) 0.032ms
[209.314s][info][gc,ergo     ] GC(22) Free: 2271M, Max: 4096K regular, 564M humongous, Frag: 76% external, 0% internal; Reserve: 411M, Max: 4096K
[209.314s][info][gc,start    ] GC(22) Concurrent strong roots
[209.314s][info][gc,task     ] GC(22) Using 2 of 4 workers for concurrent strong root
[209.319s][info][gc          ] GC(22) Concurrent strong roots 5.088ms
[209.319s][info][gc,start    ] GC(22) Concurrent evacuation
[209.319s][info][gc,task     ] GC(22) Using 2 of 4 workers for concurrent evacuation
[209.358s][info][gc          ] GC(22) Concurrent evacuation 38.908ms
[209.358s][info][gc,start    ] GC(22) Pause Init Update Refs
[209.358s][info][gc,ergo     ] GC(22) Pacer for Update Refs. Used: 5608M, Free: 2251M, Non-Taxable: 225M, Alloc Tax Rate: 3.0x
[209.358s][info][gc          ] GC(22) Pause Init Update Refs 0.044ms
[209.358s][info][gc,start    ] GC(22) Concurrent update references
[209.358s][info][gc,task     ] GC(22) Using 2 of 4 workers for concurrent reference update
[209.489s][info][gc          ] GC(22) Concurrent update references 130.551ms
[209.489s][info][gc,start    ] GC(22) Concurrent update thread roots
[209.490s][info][gc          ] GC(22) Concurrent update thread roots 1.695ms
[209.490s][info][gc,start    ] GC(22) Pause Final Update Refs
[209.491s][info][gc,task     ] GC(22) Using 4 of 4 workers for final reference update
[209.491s][info][gc          ] GC(22) Pause Final Update Refs 0.232ms
[209.491s][info][gc,start    ] GC(22) Concurrent cleanup
[209.491s][info][gc          ] GC(22) Concurrent cleanup 5664M->688M(8192M) 0.102ms
[209.491s][info][gc,ergo     ] Free: 7091M, Max: 4096K regular, 5176M humongous, Frag: 27% external, 0% internal; Reserve: 412M, Max: 4096K
[209.491s][info][gc,stats    ] 
[209.491s][info][gc,stats    ] All times are wall-clock times, except per-root-class counters, that are sum over
[209.491s][info][gc,stats    ] all workers. Dividing the <total> over the root stage time estimates parallelism.
[209.491s][info][gc,stats    ] 
[209.491s][info][gc,stats    ] Concurrent Reset                  12495 us
[209.491s][info][gc,stats    ] Pause Init Mark (G)                 181 us
[209.491s][info][gc,stats    ] Pause Init Mark (N)                 119 us
[209.491s][info][gc,stats    ]   Update Region States               38 us
[209.491s][info][gc,stats    ] Concurrent Mark Roots              8764 us, parallelism: 1.95x
[209.491s][info][gc,stats    ]   CMR: <total>                    17058 us
[209.491s][info][gc,stats    ]   CMR: Thread Roots                1665 us, workers (us): 896, 769, ---, ---, 
[209.491s][info][gc,stats    ]   CMR: Code Cache Roots           14406 us, workers (us): 6657, 7749, ---, ---, 
[209.491s][info][gc,stats    ]   CMR: VM Strong Roots               14 us, workers (us):   7,   7, ---, ---, 
[209.491s][info][gc,stats    ]   CMR: CLDG Roots                   973 us, workers (us): 973, ---, ---, ---, 
[209.491s][info][gc,stats    ] Concurrent Marking               213001 us
[209.491s][info][gc,stats    ] Pause Final Mark (G)                416 us
[209.491s][info][gc,stats    ] Pause Final Mark (N)                346 us
[209.491s][info][gc,stats    ]   Finish Mark                        77 us
[209.491s][info][gc,stats    ]   Update Region States               55 us
[209.491s][info][gc,stats    ]   Choose Collection Set             136 us
[209.491s][info][gc,stats    ]   Rebuild Free Set                   10 us
[209.491s][info][gc,stats    ] Concurrent Thread Roots             867 us, parallelism: 1.75x
[209.491s][info][gc,stats    ]   CTR: <total>                     1517 us
[209.491s][info][gc,stats    ]   CTR: Thread Roots                1517 us, workers (us): 772, 745, ---, ---, 
[209.491s][info][gc,stats    ] Concurrent Weak References          294 us, parallelism: 0.61x
[209.491s][info][gc,stats    ]   CWRF: <total>                     180 us
[209.491s][info][gc,stats    ]   CWRF: Weak References             180 us, workers (us): 178,   1, ---, ---, 
[209.491s][info][gc,stats    ] Concurrent Weak Roots               977 us
[209.491s][info][gc,stats    ]   Roots                             855 us, parallelism: 1.76x
[209.491s][info][gc,stats    ]     CWR: <total>                   1504 us
[209.491s][info][gc,stats    ]     CWR: VM Weak Roots             1504 us, workers (us): 753, 750, ---, ---, 
[209.491s][info][gc,stats    ]   Rendezvous                         84 us
[209.491s][info][gc,stats    ] Concurrent Cleanup                   45 us
[209.491s][info][gc,stats    ] Concurrent Strong Roots            5116 us, parallelism: 1.95x
[209.491s][info][gc,stats    ]   CSR: <total>                     9974 us
[209.492s][info][gc,stats    ]   CSR: Code Cache Roots            9737 us, workers (us): 4987, 4750, ---, ---, 
[209.492s][info][gc,stats    ]   CSR: VM Strong Roots                7 us, workers (us):   4,   3, ---, ---, 
[209.492s][info][gc,stats    ]   CSR: CLDG Roots                   230 us, workers (us): ---, 230, ---, ---, 
[209.492s][info][gc,stats    ] Concurrent Evacuation             38942 us
[209.492s][info][gc,stats    ] Pause Init Update Refs (G)          126 us
[209.492s][info][gc,stats    ] Pause Init Update Refs (N)           55 us
[209.492s][info][gc,stats    ]   Manage GCLABs                       5 us
[209.492s][info][gc,stats    ] Concurrent Update Refs           130603 us
[209.492s][info][gc,stats    ] Concurrent Update Thread Roots     1717 us
[209.492s][info][gc,stats    ] Pause Final Update Refs (G)         358 us
[209.492s][info][gc,stats    ] Pause Final Update Refs (N)         260 us
[209.492s][info][gc,stats    ]   Update Region States              119 us
[209.492s][info][gc,stats    ]   Trash Collection Set               39 us
[209.492s][info][gc,stats    ]   Rebuild Free Set                   25 us
[209.492s][info][gc,stats    ] Concurrent Cleanup                  128 us
[209.492s][info][gc,stats    ] 
[209.492s][info][gc,stats    ] Allocation pacing accrued:
[209.492s][info][gc,stats    ]       0 of  9995 ms (  0.0%): <total>
[209.492s][info][gc,stats    ]       0 of  9995 ms (  0.0%): <average total>
[209.492s][info][gc,stats    ] 
[209.492s][info][gc,metaspace] Metaspace: 134139K(135616K)->134141K(135616K) NonClass: 113274K(114112K)->113275K(114112K) Class: 20865K(21504K)->20865K(21504K)
[209.492s][info][gc,ergo     ] Pacer for Idle. Initial: 163M, Alloc Tax Rate: 1.0x
[218.338s][info][gc          ] Trigger: Average GC time (426.79 ms) is above the time for average allocation rate (1105 MB/s) to deplete free headroom (458M) (margin of error = 1.81)
[218.338s][info][gc,ergo     ] Free headroom: 867M (free) - 409M (spike) - 0B (penalties) = 458M
[218.338s][info][gc,ergo     ] Free: 867M, Max: 4096K regular, 556M humongous, Frag: 36% external, 0% internal; Reserve: 412M, Max: 4096K
[218.338s][info][gc,start    ] GC(23) Concurrent reset
[218.338s][info][gc,task     ] GC(23) Using 2 of 4 workers for concurrent reset
[218.338s][info][gc,ergo     ] GC(23) Pacer for Reset. Non-Taxable: 8192M
[218.352s][info][gc          ] GC(23) Concurrent reset 13.214ms
[218.352s][info][gc,start    ] GC(23) Pause Init Mark
[218.352s][info][gc,task     ] GC(23) Using 4 of 4 workers for init marking
[218.352s][info][gc,ergo     ] GC(23) Pacer for Mark. Expected Live: 422M, Free: 867M, Non-Taxable: 88846K, Alloc Tax Rate: 0.6x
[218.352s][info][gc          ] GC(23) Pause Init Mark 0.113ms
[218.352s][info][gc,start    ] GC(23) Concurrent marking roots
[218.352s][info][gc,task     ] GC(23) Using 2 of 4 workers for concurrent marking roots
[218.359s][info][gc          ] GC(23) Concurrent marking roots 7.285ms
[218.359s][info][gc,start    ] GC(23) Concurrent marking
[218.359s][info][gc,task     ] GC(23) Using 2 of 4 workers for concurrent marking
[218.581s][info][gc          ] GC(23) Concurrent marking 222.079ms
[218.581s][info][gc,start    ] GC(23) Pause Final Mark
[218.581s][info][gc,task     ] GC(23) Using 4 of 4 workers for final marking
[218.582s][info][gc,ergo     ] GC(23) Adaptive CSet Selection. Target Free: 1160M, Actual Free: 2388M, Max CSet: 341M, Min Garbage: 0B
[218.582s][info][gc,ergo     ] GC(23) Collectable Garbage: 6426M (99%), Immediate: 1328M (20%), CSet: 5098M (78%)
[218.582s][info][gc,ergo     ] GC(23) Pacer for Evacuation. Used CSet: 5200M, Free: 1983M, Non-Taxable: 198M, Alloc Tax Rate: 6.4x
[218.582s][info][gc          ] GC(23) Pause Final Mark 0.365ms
[218.582s][info][gc,start    ] GC(23) Concurrent thread roots
[218.582s][info][gc,task     ] GC(23) Using 2 of 4 workers for Concurrent thread roots
[218.583s][info][gc          ] GC(23) Concurrent thread roots 0.892ms
[218.583s][info][gc,start    ] GC(23) Concurrent weak references
[218.583s][info][gc,task     ] GC(23) Using 2 of 4 workers for concurrent weak references
[218.583s][info][gc,ref      ] GC(23) Encountered references: Soft: 6521, Weak: 23140, Final: 34, Phantom: 590
[218.583s][info][gc,ref      ] GC(23) Discovered  references: Soft: 0, Weak: 3626, Final: 34, Phantom: 485
[218.583s][info][gc,ref      ] GC(23) Enqueued    references: Soft: 0, Weak: 4, Final: 0, Phantom: 0
[218.583s][info][gc          ] GC(23) Concurrent weak references 0.258ms
[218.583s][info][gc,start    ] GC(23) Concurrent weak roots
[218.583s][info][gc,task     ] GC(23) Using 2 of 4 workers for concurrent weak root
[218.584s][info][gc          ] GC(23) Concurrent weak roots 0.898ms
[218.584s][info][gc,start    ] GC(23) Concurrent cleanup
[218.584s][info][gc          ] GC(23) Concurrent cleanup 7132M->5804M(8192M) 0.031ms
[218.584s][info][gc,ergo     ] GC(23) Free: 1975M, Max: 4096K regular, 556M humongous, Frag: 72% external, 0% internal; Reserve: 411M, Max: 4096K
[218.584s][info][gc,start    ] GC(23) Concurrent strong roots
[218.584s][info][gc,task     ] GC(23) Using 2 of 4 workers for concurrent strong root
[218.590s][info][gc          ] GC(23) Concurrent strong roots 6.022ms
[218.590s][info][gc,start    ] GC(23) Concurrent evacuation
[218.590s][info][gc,task     ] GC(23) Using 2 of 4 workers for concurrent evacuation
[218.647s][info][gc          ] GC(23) Concurrent evacuation 56.976ms
[218.647s][info][gc,start    ] GC(23) Pause Init Update Refs
[218.647s][info][gc,ergo     ] GC(23) Pacer for Update Refs. Used: 5952M, Free: 1935M, Non-Taxable: 193M, Alloc Tax Rate: 3.8x
[218.647s][info][gc          ] GC(23) Pause Init Update Refs 0.060ms
[218.647s][info][gc,start    ] GC(23) Concurrent update references
[218.647s][info][gc,task     ] GC(23) Using 2 of 4 workers for concurrent reference update
[218.796s][info][gc          ] GC(23) Concurrent update references 148.338ms
[218.796s][info][gc,start    ] GC(23) Concurrent update thread roots
[218.797s][info][gc          ] GC(23) Concurrent update thread roots 1.437ms
[218.797s][info][gc,start    ] GC(23) Pause Final Update Refs
[218.797s][info][gc,task     ] GC(23) Using 4 of 4 workers for final reference update
[218.797s][info][gc          ] GC(23) Pause Final Update Refs 0.105ms
[218.797s][info][gc,start    ] GC(23) Concurrent cleanup
[218.797s][info][gc          ] GC(23) Concurrent cleanup 6044M->844M(8192M) 0.074ms
[218.797s][info][gc,ergo     ] Free: 6935M, Max: 4096K regular, 5348M humongous, Frag: 23% external, 0% internal; Reserve: 412M, Max: 4096K
[218.797s][info][gc,stats    ] 
[218.797s][info][gc,stats    ] All times are wall-clock times, except per-root-class counters, that are sum over
[218.797s][info][gc,stats    ] all workers. Dividing the <total> over the root stage time estimates parallelism.
[218.797s][info][gc,stats    ] 
[218.797s][info][gc,stats    ] Concurrent Reset                  13273 us
[218.797s][info][gc,stats    ] Pause Init Mark (G)                 219 us
[218.797s][info][gc,stats    ] Pause Init Mark (N)                 126 us
[218.797s][info][gc,stats    ]   Update Region States               51 us
[218.797s][info][gc,stats    ] Concurrent Mark Roots              7314 us, parallelism: 1.94x
[218.797s][info][gc,stats    ]   CMR: <total>                    14183 us
[218.797s][info][gc,stats    ]   CMR: Thread Roots                1482 us, workers (us): 772, 711, ---, ---, 
[218.797s][info][gc,stats    ]   CMR: Code Cache Roots           12015 us, workers (us): 5641, 6374, ---, ---, 
[218.797s][info][gc,stats    ]   CMR: VM Strong Roots               13 us, workers (us):  12,   0, ---, ---, 
[218.797s][info][gc,stats    ]   CMR: CLDG Roots                   673 us, workers (us): 673, ---, ---, ---, 
[218.797s][info][gc,stats    ] Concurrent Marking               222143 us
[218.797s][info][gc,stats    ] Pause Final Mark (G)                406 us
[218.797s][info][gc,stats    ] Pause Final Mark (N)                376 us
[218.797s][info][gc,stats    ]   Finish Mark                        86 us
[218.797s][info][gc,stats    ]   Update Region States               56 us
[218.797s][info][gc,stats    ]   Choose Collection Set             153 us
[218.797s][info][gc,stats    ]   Rebuild Free Set                   11 us
[218.797s][info][gc,stats    ] Concurrent Thread Roots             910 us, parallelism: 1.86x
[218.797s][info][gc,stats    ]   CTR: <total>                     1689 us
[218.797s][info][gc,stats    ]   CTR: Thread Roots                1689 us, workers (us): 846, 843, ---, ---, 
[218.798s][info][gc,stats    ] Concurrent Weak References          269 us, parallelism: 0.82x
[218.798s][info][gc,stats    ]   CWRF: <total>                     220 us
[218.798s][info][gc,stats    ]   CWRF: Weak References             220 us, workers (us): 144,  76, ---, ---, 
[218.798s][info][gc,stats    ] Concurrent Weak Roots               913 us
[218.798s][info][gc,stats    ]   Roots                             851 us, parallelism: 1.77x
[218.798s][info][gc,stats    ]     CWR: <total>                   1509 us
[218.798s][info][gc,stats    ]     CWR: VM Weak Roots             1509 us, workers (us): 770, 739, ---, ---, 
[218.798s][info][gc,stats    ]   Rendezvous                         26 us
[218.798s][info][gc,stats    ] Concurrent Cleanup                   45 us
[218.798s][info][gc,stats    ] Concurrent Strong Roots            6059 us, parallelism: 1.96x
[218.798s][info][gc,stats    ]   CSR: <total>                    11898 us
[218.798s][info][gc,stats    ]   CSR: Code Cache Roots           11647 us, workers (us): 5965, 5682, ---, ---, 
[218.798s][info][gc,stats    ]   CSR: VM Strong Roots                9 us, workers (us):   5,   4, ---, ---, 
[218.798s][info][gc,stats    ]   CSR: CLDG Roots                   243 us, workers (us): ---, 243, ---, ---, 
[218.798s][info][gc,stats    ] Concurrent Evacuation             57032 us
[218.798s][info][gc,stats    ] Pause Init Update Refs (G)          112 us
[218.798s][info][gc,stats    ] Pause Init Update Refs (N)           71 us
[218.798s][info][gc,stats    ]   Manage GCLABs                      14 us
[218.798s][info][gc,stats    ] Concurrent Update Refs           148373 us
[218.798s][info][gc,stats    ] Concurrent Update Thread Roots     1458 us
[218.798s][info][gc,stats    ] Pause Final Update Refs (G)         147 us
[218.798s][info][gc,stats    ] Pause Final Update Refs (N)         119 us
[218.798s][info][gc,stats    ]   Update Region States               41 us
[218.798s][info][gc,stats    ]   Trash Collection Set               15 us
[218.798s][info][gc,stats    ]   Rebuild Free Set                   11 us
[218.798s][info][gc,stats    ] Concurrent Cleanup                   89 us
[218.798s][info][gc,stats    ] 
[218.798s][info][gc,stats    ] Allocation pacing accrued:
[218.798s][info][gc,stats    ]       0 of  9306 ms (  0.0%): <total>
[218.798s][info][gc,stats    ]       0 of  9306 ms (  0.0%): <average total>
[218.798s][info][gc,stats    ] 
[218.798s][info][gc,metaspace] Metaspace: 134162K(135616K)->134162K(135616K) NonClass: 113296K(114112K)->113296K(114112K) Class: 20865K(21504K)->20865K(21504K)
[218.798s][info][gc,ergo     ] Pacer for Idle. Initial: 163M, Alloc Tax Rate: 1.0x
[229.572s][info][gc          ] Trigger: Free (815M) is below minimum threshold (819M)
[229.572s][info][gc,ergo     ] Free: 815M, Max: 4096K regular, 528M humongous, Frag: 35% external, 0% internal; Reserve: 412M, Max: 4096K
[229.572s][info][gc,start    ] GC(24) Concurrent reset
[229.572s][info][gc,task     ] GC(24) Using 2 of 4 workers for concurrent reset
[229.572s][info][gc,ergo     ] GC(24) Pacer for Reset. Non-Taxable: 8192M
[229.587s][info][gc          ] GC(24) Concurrent reset 14.794ms
[229.587s][info][gc,start    ] GC(24) Pause Init Mark
[229.587s][info][gc,task     ] GC(24) Using 4 of 4 workers for init marking
[229.587s][info][gc,ergo     ] GC(24) Pacer for Mark. Expected Live: 429M, Free: 811M, Non-Taxable: 83120K, Alloc Tax Rate: 0.6x
[229.587s][info][gc          ] GC(24) Pause Init Mark 0.115ms
[229.587s][info][gc,start    ] GC(24) Concurrent marking roots
[229.587s][info][gc,task     ] GC(24) Using 2 of 4 workers for concurrent marking roots
[229.596s][info][gc          ] GC(24) Concurrent marking roots 8.865ms
[229.596s][info][gc,start    ] GC(24) Concurrent marking
[229.596s][info][gc,task     ] GC(24) Using 2 of 4 workers for concurrent marking
[229.796s][info][gc          ] GC(24) Concurrent marking 200.245ms
[229.796s][info][gc,start    ] GC(24) Pause Final Mark
[229.796s][info][gc,task     ] GC(24) Using 4 of 4 workers for final marking
[229.796s][info][gc,ergo     ] GC(24) Adaptive CSet Selection. Target Free: 1160M, Actual Free: 3236M, Max CSet: 341M, Min Garbage: 0B
[229.796s][info][gc,ergo     ] GC(24) Collectable Garbage: 6520M (99%), Immediate: 2172M (33%), CSet: 4347M (66%)
[229.797s][info][gc,ergo     ] GC(24) Pacer for Evacuation. Used CSet: 4412M, Free: 2831M, Non-Taxable: 283M, Alloc Tax Rate: 3.8x
[229.797s][info][gc          ] GC(24) Pause Final Mark 0.307ms
[229.797s][info][gc,start    ] GC(24) Concurrent thread roots
[229.797s][info][gc,task     ] GC(24) Using 2 of 4 workers for Concurrent thread roots
[229.797s][info][gc          ] GC(24) Concurrent thread roots 0.870ms
[229.797s][info][gc,start    ] GC(24) Concurrent weak references
[229.797s][info][gc,task     ] GC(24) Using 2 of 4 workers for concurrent weak references
[229.798s][info][gc,ref      ] GC(24) Encountered references: Soft: 6521, Weak: 23141, Final: 34, Phantom: 596
[229.798s][info][gc,ref      ] GC(24) Discovered  references: Soft: 0, Weak: 12341, Final: 0, Phantom: 519
[229.798s][info][gc,ref      ] GC(24) Enqueued    references: Soft: 0, Weak: 3, Final: 0, Phantom: 0
[229.798s][info][gc          ] GC(24) Concurrent weak references 0.609ms
[229.798s][info][gc,start    ] GC(24) Concurrent weak roots
[229.798s][info][gc,task     ] GC(24) Using 2 of 4 workers for concurrent weak root
[229.799s][info][gc          ] GC(24) Concurrent weak roots 0.913ms
[229.799s][info][gc,start    ] GC(24) Concurrent cleanup
[229.799s][info][gc          ] GC(24) Concurrent cleanup 7128M->4956M(8192M) 0.038ms
[229.799s][info][gc,ergo     ] GC(24) Free: 2823M, Max: 4096K regular, 528M humongous, Frag: 82% external, 0% internal; Reserve: 411M, Max: 4096K
[229.799s][info][gc,start    ] GC(24) Concurrent strong roots
[229.799s][info][gc,task     ] GC(24) Using 2 of 4 workers for concurrent strong root
[229.804s][info][gc          ] GC(24) Concurrent strong roots 4.899ms
[229.804s][info][gc,start    ] GC(24) Concurrent evacuation
[229.804s][info][gc,task     ] GC(24) Using 2 of 4 workers for concurrent evacuation
[229.839s][info][gc          ] GC(24) Concurrent evacuation 34.556ms
[229.839s][info][gc,start    ] GC(24) Pause Init Update Refs
[229.839s][info][gc,ergo     ] GC(24) Pacer for Update Refs. Used: 5040M, Free: 2807M, Non-Taxable: 280M, Alloc Tax Rate: 2.2x
[229.839s][info][gc          ] GC(24) Pause Init Update Refs 0.050ms
[229.839s][info][gc,start    ] GC(24) Concurrent update references
[229.839s][info][gc,task     ] GC(24) Using 2 of 4 workers for concurrent reference update
[229.965s][info][gc          ] GC(24) Concurrent update references 125.803ms
[229.965s][info][gc,start    ] GC(24) Concurrent update thread roots
[229.966s][info][gc          ] GC(24) Concurrent update thread roots 1.475ms
[229.966s][info][gc,start    ] GC(24) Pause Final Update Refs
[229.966s][info][gc,task     ] GC(24) Using 4 of 4 workers for final reference update
[229.966s][info][gc          ] GC(24) Pause Final Update Refs 0.102ms
[229.966s][info][gc,start    ] GC(24) Concurrent cleanup
[229.966s][info][gc          ] GC(24) Concurrent cleanup 5100M->688M(8192M) 0.066ms
[229.966s][info][gc,ergo     ] Free: 7091M, Max: 4096K regular, 5164M humongous, Frag: 28% external, 0% internal; Reserve: 412M, Max: 4096K
[229.966s][info][gc,stats    ] 
[229.966s][info][gc,stats    ] All times are wall-clock times, except per-root-class counters, that are sum over
[229.966s][info][gc,stats    ] all workers. Dividing the <total> over the root stage time estimates parallelism.
[229.966s][info][gc,stats    ] 
[229.966s][info][gc,stats    ] Concurrent Reset                  14879 us
[229.966s][info][gc,stats    ] Pause Init Mark (G)                 246 us
[229.966s][info][gc,stats    ] Pause Init Mark (N)                 128 us
[229.966s][info][gc,stats    ]   Update Region States               43 us
[229.966s][info][gc,stats    ] Concurrent Mark Roots              8897 us, parallelism: 1.92x
[229.966s][info][gc,stats    ]   CMR: <total>                    17116 us
[229.967s][info][gc,stats    ]   CMR: Thread Roots                1557 us, workers (us): 766, 791, ---, ---, 
[229.967s][info][gc,stats    ]   CMR: Code Cache Roots           14450 us, workers (us): 6702, 7749, ---, ---, 
[229.967s][info][gc,stats    ]   CMR: VM Strong Roots               21 us, workers (us):  21,   0, ---, ---, 
[229.967s][info][gc,stats    ]   CMR: CLDG Roots                  1087 us, workers (us): 1087, ---, ---, ---, 
[229.967s][info][gc,stats    ] Concurrent Marking               200287 us
[229.967s][info][gc,stats    ] Pause Final Mark (G)                426 us
[229.967s][info][gc,stats    ] Pause Final Mark (N)                318 us
[229.967s][info][gc,stats    ]   Finish Mark                        63 us
[229.967s][info][gc,stats    ]   Update Region States               53 us
[229.967s][info][gc,stats    ]   Choose Collection Set             126 us
[229.967s][info][gc,stats    ]   Rebuild Free Set                   11 us
[229.967s][info][gc,stats    ] Concurrent Thread Roots             892 us, parallelism: 1.85x
[229.967s][info][gc,stats    ]   CTR: <total>                     1651 us
[229.967s][info][gc,stats    ]   CTR: Thread Roots                1651 us, workers (us): 824, 827, ---, ---, 
[229.967s][info][gc,stats    ] Concurrent Weak References          624 us, parallelism: 0.89x
[229.967s][info][gc,stats    ]   CWRF: <total>                     554 us
[229.967s][info][gc,stats    ]   CWRF: Weak References             554 us, workers (us): 545,   9, ---, ---, 
[229.967s][info][gc,stats    ] Concurrent Weak Roots               929 us
[229.967s][info][gc,stats    ]   Roots                             861 us, parallelism: 1.77x
[229.967s][info][gc,stats    ]     CWR: <total>                   1526 us
[229.967s][info][gc,stats    ]     CWR: VM Weak Roots             1526 us, workers (us): 777, 749, ---, ---, 
[229.967s][info][gc,stats    ]   Rendezvous                         28 us
[229.967s][info][gc,stats    ] Concurrent Cleanup                   50 us
[229.967s][info][gc,stats    ] Concurrent Strong Roots            4919 us, parallelism: 1.95x
[229.967s][info][gc,stats    ]   CSR: <total>                     9586 us
[229.967s][info][gc,stats    ]   CSR: Code Cache Roots            9361 us, workers (us): 4581, 4780, ---, ---, 
[229.967s][info][gc,stats    ]   CSR: VM Strong Roots                9 us, workers (us):   5,   4, ---, ---, 
[229.967s][info][gc,stats    ]   CSR: CLDG Roots                   217 us, workers (us): 217, ---, ---, ---, 
[229.967s][info][gc,stats    ] Concurrent Evacuation             34634 us
[229.967s][info][gc,stats    ] Pause Init Update Refs (G)           94 us
[229.967s][info][gc,stats    ] Pause Init Update Refs (N)           62 us
[229.967s][info][gc,stats    ]   Manage GCLABs                       7 us
[229.967s][info][gc,stats    ] Concurrent Update Refs           125849 us
[229.967s][info][gc,stats    ] Concurrent Update Thread Roots     1500 us
[229.967s][info][gc,stats    ] Pause Final Update Refs (G)         175 us
[229.967s][info][gc,stats    ] Pause Final Update Refs (N)         118 us
[229.967s][info][gc,stats    ]   Update Region States               36 us
[229.967s][info][gc,stats    ]   Trash Collection Set               13 us
[229.967s][info][gc,stats    ]   Rebuild Free Set                   11 us
[229.967s][info][gc,stats    ] Concurrent Cleanup                   80 us
[229.967s][info][gc,stats    ] 
[229.967s][info][gc,stats    ] Allocation pacing accrued:
[229.967s][info][gc,stats    ]       0 of 11169 ms (  0.0%): <total>
[229.967s][info][gc,stats    ]       0 of 11169 ms (  0.0%): <average total>
[229.967s][info][gc,stats    ] 
[229.967s][info][gc,metaspace] Metaspace: 134187K(135616K)->134191K(135616K) NonClass: 113321K(114112K)->113325K(114112K) Class: 20865K(21504K)->20865K(21504K)
[229.967s][info][gc,ergo     ] Pacer for Idle. Initial: 163M, Alloc Tax Rate: 1.0x
[239.248s][info][gc          ] Trigger: Free (817M) is below minimum threshold (819M)
[239.248s][info][gc,ergo     ] Free: 817M, Max: 4096K regular, 568M humongous, Frag: 31% external, 0% internal; Reserve: 412M, Max: 4096K
[239.248s][info][gc,start    ] GC(25) Concurrent reset
[239.248s][info][gc,task     ] GC(25) Using 2 of 4 workers for concurrent reset
[239.248s][info][gc,ergo     ] GC(25) Pacer for Reset. Non-Taxable: 8192M
[239.266s][info][gc          ] GC(25) Concurrent reset 17.942ms
[239.266s][info][gc,start    ] GC(25) Pause Init Mark
[239.266s][info][gc,task     ] GC(25) Using 4 of 4 workers for init marking
[239.266s][info][gc,ergo     ] GC(25) Pacer for Mark. Expected Live: 430M, Free: 799M, Non-Taxable: 81909K, Alloc Tax Rate: 0.7x
[239.266s][info][gc          ] GC(25) Pause Init Mark 0.127ms
[239.266s][info][gc,start    ] GC(25) Concurrent marking roots
[239.266s][info][gc,task     ] GC(25) Using 2 of 4 workers for concurrent marking roots
[239.274s][info][gc          ] GC(25) Concurrent marking roots 7.800ms
[239.274s][info][gc,start    ] GC(25) Concurrent marking
[239.274s][info][gc,task     ] GC(25) Using 2 of 4 workers for concurrent marking
[239.486s][info][gc          ] GC(25) Concurrent marking 211.942ms
[239.486s][info][gc,start    ] GC(25) Pause Final Mark
[239.486s][info][gc,task     ] GC(25) Using 4 of 4 workers for final marking
[239.486s][info][gc,ergo     ] GC(25) Adaptive CSet Selection. Target Free: 1160M, Actual Free: 2584M, Max CSet: 341M, Min Garbage: 0B
[239.487s][info][gc,ergo     ] GC(25) Collectable Garbage: 6514M (99%), Immediate: 1604M (24%), CSet: 4910M (75%)
[239.487s][info][gc,ergo     ] GC(25) Pacer for Evacuation. Used CSet: 4988M, Free: 2172M, Non-Taxable: 217M, Alloc Tax Rate: 5.6x
[239.487s][info][gc          ] GC(25) Pause Final Mark 0.331ms
[239.487s][info][gc,start    ] GC(25) Concurrent thread roots
[239.487s][info][gc,task     ] GC(25) Using 2 of 4 workers for Concurrent thread roots
[239.488s][info][gc          ] GC(25) Concurrent thread roots 0.890ms
[239.488s][info][gc,start    ] GC(25) Concurrent weak references
[239.488s][info][gc,task     ] GC(25) Using 2 of 4 workers for concurrent weak references
[239.488s][info][gc,ref      ] GC(25) Encountered references: Soft: 6521, Weak: 23144, Final: 34, Phantom: 600
[239.488s][info][gc,ref      ] GC(25) Discovered  references: Soft: 0, Weak: 12903, Final: 1, Phantom: 496
[239.488s][info][gc,ref      ] GC(25) Enqueued    references: Soft: 0, Weak: 3, Final: 0, Phantom: 1
[239.488s][info][gc          ] GC(25) Concurrent weak references 0.695ms
[239.488s][info][gc,start    ] GC(25) Concurrent weak roots
[239.488s][info][gc,task     ] GC(25) Using 2 of 4 workers for concurrent weak root
[239.489s][info][gc          ] GC(25) Concurrent weak roots 0.911ms
[239.489s][info][gc,start    ] GC(25) Concurrent cleanup
[239.489s][info][gc          ] GC(25) Concurrent cleanup 7220M->5616M(8192M) 0.034ms
[239.489s][info][gc,ergo     ] GC(25) Free: 2163M, Max: 4096K regular, 556M humongous, Frag: 75% external, 0% internal; Reserve: 411M, Max: 4096K
[239.489s][info][gc,start    ] GC(25) Concurrent strong roots
[239.489s][info][gc,task     ] GC(25) Using 2 of 4 workers for concurrent strong root
[239.495s][info][gc          ] GC(25) Concurrent strong roots 5.539ms
[239.495s][info][gc,start    ] GC(25) Concurrent evacuation
[239.495s][info][gc,task     ] GC(25) Using 2 of 4 workers for concurrent evacuation
[239.535s][info][gc          ] GC(25) Concurrent evacuation 40.179ms
[239.535s][info][gc,start    ] GC(25) Pause Init Update Refs
[239.535s][info][gc,ergo     ] GC(25) Pacer for Update Refs. Used: 5736M, Free: 2127M, Non-Taxable: 212M, Alloc Tax Rate: 3.3x
[239.535s][info][gc          ] GC(25) Pause Init Update Refs 0.044ms
[239.535s][info][gc,start    ] GC(25) Concurrent update references
[239.535s][info][gc,task     ] GC(25) Using 2 of 4 workers for concurrent reference update
[239.670s][info][gc          ] GC(25) Concurrent update references 135.069ms
[239.670s][info][gc,start    ] GC(25) Concurrent update thread roots
[239.672s][info][gc          ] GC(25) Concurrent update thread roots 1.447ms
[239.672s][info][gc,start    ] GC(25) Pause Final Update Refs
[239.672s][info][gc,task     ] GC(25) Using 4 of 4 workers for final reference update
[239.672s][info][gc          ] GC(25) Pause Final Update Refs 0.101ms
[239.672s][info][gc,start    ] GC(25) Concurrent cleanup
[239.672s][info][gc          ] GC(25) Concurrent cleanup 5808M->820M(8192M) 0.067ms
[239.672s][info][gc,ergo     ] Free: 6959M, Max: 4096K regular, 5408M humongous, Frag: 23% external, 0% internal; Reserve: 412M, Max: 4096K
[239.672s][info][gc,stats    ] 
[239.672s][info][gc,stats    ] All times are wall-clock times, except per-root-class counters, that are sum over
[239.672s][info][gc,stats    ] all workers. Dividing the <total> over the root stage time estimates parallelism.
[239.672s][info][gc,stats    ] 
[239.672s][info][gc,stats    ] Concurrent Reset                  18026 us
[239.672s][info][gc,stats    ] Pause Init Mark (G)                 214 us
[239.672s][info][gc,stats    ] Pause Init Mark (N)                 140 us
[239.672s][info][gc,stats    ]   Update Region States               52 us
[239.672s][info][gc,stats    ] Concurrent Mark Roots              7826 us, parallelism: 1.94x
[239.672s][info][gc,stats    ]   CMR: <total>                    15160 us
[239.672s][info][gc,stats    ]   CMR: Thread Roots                1546 us, workers (us): 799, 746, ---, ---, 
[239.672s][info][gc,stats    ]   CMR: Code Cache Roots           12855 us, workers (us): 6040, 6814, ---, ---, 
[239.672s][info][gc,stats    ]   CMR: VM Strong Roots               12 us, workers (us):  12,   0, ---, ---, 
[239.672s][info][gc,stats    ]   CMR: CLDG Roots                   747 us, workers (us): 747, ---, ---, ---, 
[239.672s][info][gc,stats    ] Concurrent Marking               211978 us
[239.672s][info][gc,stats    ] Pause Final Mark (G)                410 us
[239.672s][info][gc,stats    ] Pause Final Mark (N)                342 us
[239.672s][info][gc,stats    ]   Finish Mark                        64 us
[239.672s][info][gc,stats    ]   Update Region States               54 us
[239.672s][info][gc,stats    ]   Choose Collection Set             141 us
[239.672s][info][gc,stats    ]   Rebuild Free Set                   10 us
[239.672s][info][gc,stats    ] Concurrent Thread Roots             909 us, parallelism: 1.83x
[239.672s][info][gc,stats    ]   CTR: <total>                     1659 us
[239.672s][info][gc,stats    ]   CTR: Thread Roots                1659 us, workers (us): 846, 813, ---, ---, 
[239.672s][info][gc,stats    ] Concurrent Weak References          706 us, parallelism: 0.89x
[239.672s][info][gc,stats    ]   CWRF: <total>                     628 us
[239.672s][info][gc,stats    ]   CWRF: Weak References             628 us, workers (us):   9, 619, ---, ---, 
[239.672s][info][gc,stats    ] Concurrent Weak Roots               924 us
[239.672s][info][gc,stats    ]   Roots                             823 us, parallelism: 1.77x
[239.672s][info][gc,stats    ]     CWR: <total>                   1457 us
[239.672s][info][gc,stats    ]     CWR: VM Weak Roots             1457 us, workers (us): 730, 726, ---, ---, 
[239.672s][info][gc,stats    ]   Rendezvous                         65 us
[239.672s][info][gc,stats    ] Concurrent Cleanup                   46 us
[239.672s][info][gc,stats    ] Concurrent Strong Roots            5565 us, parallelism: 1.92x
[239.672s][info][gc,stats    ]   CSR: <total>                    10704 us
[239.672s][info][gc,stats    ]   CSR: Code Cache Roots           10418 us, workers (us): 5028, 5390, ---, ---, 
[239.672s][info][gc,stats    ]   CSR: VM Strong Roots               11 us, workers (us):  11,   0, ---, ---, 
[239.672s][info][gc,stats    ]   CSR: CLDG Roots                   275 us, workers (us): 275, ---, ---, ---, 
[239.672s][info][gc,stats    ] Concurrent Evacuation             40227 us
[239.672s][info][gc,stats    ] Pause Init Update Refs (G)          106 us
[239.672s][info][gc,stats    ] Pause Init Update Refs (N)           55 us
[239.672s][info][gc,stats    ]   Manage GCLABs                       5 us
[239.672s][info][gc,stats    ] Concurrent Update Refs           135116 us
[239.672s][info][gc,stats    ] Concurrent Update Thread Roots     1465 us
[239.672s][info][gc,stats    ] Pause Final Update Refs (G)         162 us
[239.672s][info][gc,stats    ] Pause Final Update Refs (N)         126 us
[239.673s][info][gc,stats    ]   Update Region States               40 us
[239.673s][info][gc,stats    ]   Trash Collection Set               11 us
[239.673s][info][gc,stats    ]   Rebuild Free Set                   11 us
[239.673s][info][gc,stats    ] Concurrent Cleanup                   81 us
[239.673s][info][gc,stats    ] 
[239.673s][info][gc,stats    ] Allocation pacing accrued:
[239.673s][info][gc,stats    ]       0 of  9706 ms (  0.0%): <total>
[239.673s][info][gc,stats    ]       0 of  9706 ms (  0.0%): <average total>
[239.673s][info][gc,stats    ] 
[239.673s][info][gc,metaspace] Metaspace: 134219K(135680K)->134219K(135680K) NonClass: 113353K(114176K)->113353K(114176K) Class: 20866K(21504K)->20866K(21504K)
[239.673s][info][gc,ergo     ] Pacer for Idle. Initial: 163M, Alloc Tax Rate: 1.0x
[249.765s][info][gc          ] Trigger: Free (815M) is below minimum threshold (819M)
[249.765s][info][gc,ergo     ] Free: 815M, Max: 4096K regular, 540M humongous, Frag: 34% external, 0% internal; Reserve: 412M, Max: 4096K
[249.765s][info][gc,start    ] GC(26) Concurrent reset
[249.765s][info][gc,task     ] GC(26) Using 2 of 4 workers for concurrent reset
[249.765s][info][gc,ergo     ] GC(26) Pacer for Reset. Non-Taxable: 8192M
[249.781s][info][gc          ] GC(26) Concurrent reset 15.817ms
[249.781s][info][gc,start    ] GC(26) Pause Init Mark
[249.781s][info][gc,task     ] GC(26) Using 4 of 4 workers for init marking
[249.781s][info][gc,ergo     ] GC(26) Pacer for Mark. Expected Live: 433M, Free: 811M, Non-Taxable: 83126K, Alloc Tax Rate: 0.7x
[249.781s][info][gc          ] GC(26) Pause Init Mark 0.109ms
[249.782s][info][gc,start    ] GC(26) Concurrent marking roots
[249.782s][info][gc,task     ] GC(26) Using 2 of 4 workers for concurrent marking roots
[249.791s][info][gc          ] GC(26) Concurrent marking roots 9.831ms
[249.791s][info][gc,start    ] GC(26) Concurrent marking
[249.791s][info][gc,task     ] GC(26) Using 2 of 4 workers for concurrent marking
[250.001s][info][gc          ] GC(26) Concurrent marking 209.298ms
[250.001s][info][gc,start    ] GC(26) Pause Final Mark
[250.001s][info][gc,task     ] GC(26) Using 4 of 4 workers for final marking
[250.001s][info][gc,ergo     ] GC(26) Adaptive CSet Selection. Target Free: 1160M, Actual Free: 2884M, Max CSet: 341M, Min Garbage: 0B
[250.001s][info][gc,ergo     ] GC(26) Collectable Garbage: 6499M (99%), Immediate: 1848M (28%), CSet: 4651M (71%)
[250.001s][info][gc,ergo     ] GC(26) Pacer for Evacuation. Used CSet: 4736M, Free: 2475M, Non-Taxable: 247M, Alloc Tax Rate: 4.7x
[250.001s][info][gc          ] GC(26) Pause Final Mark 0.326ms
[250.001s][info][gc,start    ] GC(26) Concurrent thread roots
[250.001s][info][gc,task     ] GC(26) Using 2 of 4 workers for Concurrent thread roots
[250.002s][info][gc          ] GC(26) Concurrent thread roots 0.890ms
[250.002s][info][gc,start    ] GC(26) Concurrent weak references
[250.002s][info][gc,task     ] GC(26) Using 2 of 4 workers for concurrent weak references
[250.003s][info][gc,ref      ] GC(26) Encountered references: Soft: 6521, Weak: 23148, Final: 34, Phantom: 599
[250.003s][info][gc,ref      ] GC(26) Discovered  references: Soft: 0, Weak: 11509, Final: 1, Phantom: 491
[250.003s][info][gc,ref      ] GC(26) Enqueued    references: Soft: 0, Weak: 5, Final: 0, Phantom: 0
[250.003s][info][gc          ] GC(26) Concurrent weak references 0.513ms
[250.003s][info][gc,start    ] GC(26) Concurrent weak roots
[250.003s][info][gc,task     ] GC(26) Using 2 of 4 workers for concurrent weak root
[250.003s][info][gc          ] GC(26) Concurrent weak roots 0.841ms
[250.003s][info][gc,start    ] GC(26) Concurrent cleanup
[250.004s][info][gc          ] GC(26) Concurrent cleanup 7160M->5312M(8192M) 0.036ms
[250.004s][info][gc,ergo     ] GC(26) Free: 2467M, Max: 4096K regular, 540M humongous, Frag: 79% external, 0% internal; Reserve: 411M, Max: 4096K
[250.004s][info][gc,start    ] GC(26) Concurrent strong roots
[250.004s][info][gc,task     ] GC(26) Using 2 of 4 workers for concurrent strong root
[250.009s][info][gc          ] GC(26) Concurrent strong roots 5.378ms
[250.009s][info][gc,start    ] GC(26) Concurrent evacuation
[250.009s][info][gc,task     ] GC(26) Using 2 of 4 workers for concurrent evacuation
[250.049s][info][gc          ] GC(26) Concurrent evacuation 39.745ms
[250.049s][info][gc,start    ] GC(26) Pause Init Update Refs
[250.049s][info][gc,ergo     ] GC(26) Pacer for Update Refs. Used: 5424M, Free: 2443M, Non-Taxable: 244M, Alloc Tax Rate: 2.7x
[250.049s][info][gc          ] GC(26) Pause Init Update Refs 0.044ms
[250.049s][info][gc,start    ] GC(26) Concurrent update references
[250.049s][info][gc,task     ] GC(26) Using 2 of 4 workers for concurrent reference update
[250.185s][info][gc          ] GC(26) Concurrent update references 136.587ms
[250.186s][info][gc,start    ] GC(26) Concurrent update thread roots
[250.187s][info][gc          ] GC(26) Concurrent update thread roots 1.585ms
[250.187s][info][gc,start    ] GC(26) Pause Final Update Refs
[250.187s][info][gc,task     ] GC(26) Using 4 of 4 workers for final reference update
[250.187s][info][gc          ] GC(26) Pause Final Update Refs 0.102ms
[250.187s][info][gc,start    ] GC(26) Concurrent cleanup
[250.187s][info][gc          ] GC(26) Concurrent cleanup 5492M->756M(8192M) 0.060ms
[250.187s][info][gc,ergo     ] Free: 7023M, Max: 4096K regular, 5164M humongous, Frag: 27% external, 0% internal; Reserve: 412M, Max: 4096K
[250.187s][info][gc,stats    ] 
[250.187s][info][gc,stats    ] All times are wall-clock times, except per-root-class counters, that are sum over
[250.187s][info][gc,stats    ] all workers. Dividing the <total> over the root stage time estimates parallelism.
[250.187s][info][gc,stats    ] 
[250.187s][info][gc,stats    ] Concurrent Reset                  15921 us
[250.187s][info][gc,stats    ] Pause Init Mark (G)                 239 us
[250.187s][info][gc,stats    ] Pause Init Mark (N)                 121 us
[250.187s][info][gc,stats    ]   Update Region States               38 us
[250.187s][info][gc,stats    ] Concurrent Mark Roots              9899 us, parallelism: 1.95x
[250.187s][info][gc,stats    ]   CMR: <total>                    19320 us
[250.187s][info][gc,stats    ]   CMR: Thread Roots                1993 us, workers (us): 996, 997, ---, ---, 
[250.187s][info][gc,stats    ]   CMR: Code Cache Roots           16441 us, workers (us): 7791, 8650, ---, ---, 
[250.188s][info][gc,stats    ]   CMR: VM Strong Roots               16 us, workers (us):   7,   8, ---, ---, 
[250.188s][info][gc,stats    ]   CMR: CLDG Roots                   870 us, workers (us): 870, ---, ---, ---, 
[250.188s][info][gc,stats    ] Concurrent Marking               209344 us
[250.188s][info][gc,stats    ] Pause Final Mark (G)                405 us
[250.188s][info][gc,stats    ] Pause Final Mark (N)                337 us
[250.188s][info][gc,stats    ]   Finish Mark                        75 us
[250.188s][info][gc,stats    ]   Update Region States               53 us
[250.188s][info][gc,stats    ]   Choose Collection Set             132 us
[250.188s][info][gc,stats    ]   Rebuild Free Set                    9 us
[250.188s][info][gc,stats    ] Concurrent Thread Roots             909 us, parallelism: 1.86x
[250.188s][info][gc,stats    ]   CTR: <total>                     1692 us
[250.188s][info][gc,stats    ]   CTR: Thread Roots                1692 us, workers (us): 847, 845, ---, ---, 
[250.188s][info][gc,stats    ] Concurrent Weak References          524 us, parallelism: 0.91x
[250.188s][info][gc,stats    ]   CWRF: <total>                     479 us
[250.188s][info][gc,stats    ]   CWRF: Weak References             479 us, workers (us): 451,  27, ---, ---, 
[250.188s][info][gc,stats    ] Concurrent Weak Roots               856 us
[250.188s][info][gc,stats    ]   Roots                             798 us, parallelism: 1.79x
[250.188s][info][gc,stats    ]     CWR: <total>                   1430 us
[250.188s][info][gc,stats    ]     CWR: VM Weak Roots             1430 us, workers (us): 715, 715, ---, ---, 
[250.188s][info][gc,stats    ]   Rendezvous                         23 us
[250.188s][info][gc,stats    ] Concurrent Cleanup                   48 us
[250.188s][info][gc,stats    ] Concurrent Strong Roots            5412 us, parallelism: 1.96x
[250.188s][info][gc,stats    ]   CSR: <total>                    10582 us
[250.188s][info][gc,stats    ]   CSR: Code Cache Roots           10366 us, workers (us): 5275, 5090, ---, ---, 
[250.188s][info][gc,stats    ]   CSR: VM Strong Roots                6 us, workers (us):   4,   3, ---, ---, 
[250.188s][info][gc,stats    ]   CSR: CLDG Roots                   210 us, workers (us): ---, 210, ---, ---, 
[250.188s][info][gc,stats    ] Concurrent Evacuation             39789 us
[250.188s][info][gc,stats    ] Pause Init Update Refs (G)          127 us
[250.188s][info][gc,stats    ] Pause Init Update Refs (N)           55 us
[250.188s][info][gc,stats    ]   Manage GCLABs                       5 us
[250.188s][info][gc,stats    ] Concurrent Update Refs           136625 us
[250.188s][info][gc,stats    ] Concurrent Update Thread Roots     1611 us
[250.188s][info][gc,stats    ] Pause Final Update Refs (G)         144 us
[250.188s][info][gc,stats    ] Pause Final Update Refs (N)         116 us
[250.188s][info][gc,stats    ]   Update Region States               40 us
[250.188s][info][gc,stats    ]   Trash Collection Set               13 us
[250.188s][info][gc,stats    ]   Rebuild Free Set                   10 us
[250.188s][info][gc,stats    ] Concurrent Cleanup                   74 us
[250.188s][info][gc,stats    ] 
[250.188s][info][gc,stats    ] Allocation pacing accrued:
[250.188s][info][gc,stats    ]       0 of 10515 ms (  0.0%): <total>
[250.188s][info][gc,stats    ]       0 of 10515 ms (  0.0%): <average total>
[250.188s][info][gc,stats    ] 
[250.188s][info][gc,metaspace] Metaspace: 134236K(135744K)->134239K(135744K) NonClass: 113370K(114240K)->113373K(114240K) Class: 20866K(21504K)->20866K(21504K)
[250.188s][info][gc,ergo     ] Pacer for Idle. Initial: 163M, Alloc Tax Rate: 1.0x
[259.646s][info][gc          ] Trigger: Free (815M) is below minimum threshold (819M)
[259.646s][info][gc,ergo     ] Free: 815M, Max: 4096K regular, 536M humongous, Frag: 34% external, 0% internal; Reserve: 412M, Max: 4096K
[259.646s][info][gc,start    ] GC(27) Concurrent reset
[259.646s][info][gc,task     ] GC(27) Using 2 of 4 workers for concurrent reset
[259.646s][info][gc,ergo     ] GC(27) Pacer for Reset. Non-Taxable: 8192M
[259.664s][info][gc          ] GC(27) Concurrent reset 17.812ms
[259.664s][info][gc,start    ] GC(27) Pause Init Mark
[259.664s][info][gc,task     ] GC(27) Using 4 of 4 workers for init marking
[259.664s][info][gc,ergo     ] GC(27) Pacer for Mark. Expected Live: 436M, Free: 806M, Non-Taxable: 82584K, Alloc Tax Rate: 0.7x
[259.664s][info][gc          ] GC(27) Pause Init Mark 0.120ms
[259.664s][info][gc,start    ] GC(27) Concurrent marking roots
[259.664s][info][gc,task     ] GC(27) Using 2 of 4 workers for concurrent marking roots
[259.672s][info][gc          ] GC(27) Concurrent marking roots 7.532ms
[259.672s][info][gc,start    ] GC(27) Concurrent marking
[259.672s][info][gc,task     ] GC(27) Using 2 of 4 workers for concurrent marking
[259.878s][info][gc          ] GC(27) Concurrent marking 206.124ms
[259.878s][info][gc,start    ] GC(27) Pause Final Mark
[259.878s][info][gc,task     ] GC(27) Using 4 of 4 workers for final marking
[259.878s][info][gc,ergo     ] GC(27) Adaptive CSet Selection. Target Free: 1160M, Actual Free: 2812M, Max CSet: 341M, Min Garbage: 0B
[259.878s][info][gc,ergo     ] GC(27) Collectable Garbage: 6522M (99%), Immediate: 1716M (26%), CSet: 4806M (73%)
[259.878s][info][gc,ergo     ] GC(27) Pacer for Evacuation. Used CSet: 4876M, Free: 2403M, Non-Taxable: 240M, Alloc Tax Rate: 5.0x
[259.878s][info][gc          ] GC(27) Pause Final Mark 0.295ms
[259.878s][info][gc,start    ] GC(27) Concurrent thread roots
[259.878s][info][gc,task     ] GC(27) Using 2 of 4 workers for Concurrent thread roots
[259.879s][info][gc          ] GC(27) Concurrent thread roots 0.873ms
[259.879s][info][gc,start    ] GC(27) Concurrent weak references
[259.879s][info][gc,task     ] GC(27) Using 2 of 4 workers for concurrent weak references
[259.880s][info][gc,ref      ] GC(27) Encountered references: Soft: 6521, Weak: 23150, Final: 34, Phantom: 608
[259.880s][info][gc,ref      ] GC(27) Discovered  references: Soft: 0, Weak: 11885, Final: 0, Phantom: 524
[259.880s][info][gc,ref      ] GC(27) Enqueued    references: Soft: 0, Weak: 4, Final: 0, Phantom: 0
[259.880s][info][gc          ] GC(27) Concurrent weak references 0.512ms
[259.880s][info][gc,start    ] GC(27) Concurrent weak roots
[259.880s][info][gc,task     ] GC(27) Using 2 of 4 workers for concurrent weak root
[259.880s][info][gc          ] GC(27) Concurrent weak roots 0.870ms
[259.880s][info][gc,start    ] GC(27) Concurrent cleanup
[259.881s][info][gc          ] GC(27) Concurrent cleanup 7100M->5384M(8192M) 0.033ms
[259.881s][info][gc,ergo     ] GC(27) Free: 2395M, Max: 4096K regular, 536M humongous, Frag: 78% external, 0% internal; Reserve: 411M, Max: 4096K
[259.881s][info][gc,start    ] GC(27) Concurrent strong roots
[259.881s][info][gc,task     ] GC(27) Using 2 of 4 workers for concurrent strong root
[259.886s][info][gc          ] GC(27) Concurrent strong roots 5.145ms
[259.886s][info][gc,start    ] GC(27) Concurrent evacuation
[259.886s][info][gc,task     ] GC(27) Using 2 of 4 workers for concurrent evacuation
[259.921s][info][gc          ] GC(27) Concurrent evacuation 35.583ms
[259.921s][info][gc,start    ] GC(27) Pause Init Update Refs
[259.921s][info][gc,ergo     ] GC(27) Pacer for Update Refs. Used: 5468M, Free: 2387M, Non-Taxable: 238M, Alloc Tax Rate: 2.8x
[259.921s][info][gc          ] GC(27) Pause Init Update Refs 0.046ms
[259.922s][info][gc,start    ] GC(27) Concurrent update references
[259.922s][info][gc,task     ] GC(27) Using 2 of 4 workers for concurrent reference update
[260.049s][info][gc          ] GC(27) Concurrent update references 127.421ms
[260.049s][info][gc,start    ] GC(27) Concurrent update thread roots
[260.050s][info][gc          ] GC(27) Concurrent update thread roots 1.455ms
[260.051s][info][gc,start    ] GC(27) Pause Final Update Refs
[260.051s][info][gc,task     ] GC(27) Using 4 of 4 workers for final reference update
[260.051s][info][gc          ] GC(27) Pause Final Update Refs 0.126ms
[260.051s][info][gc,start    ] GC(27) Concurrent cleanup
[260.051s][info][gc          ] GC(27) Concurrent cleanup 5564M->688M(8192M) 0.059ms
[260.051s][info][gc,ergo     ] Free: 7091M, Max: 4096K regular, 5412M humongous, Frag: 24% external, 0% internal; Reserve: 412M, Max: 4096K
[260.051s][info][gc,stats    ] 
[260.051s][info][gc,stats    ] All times are wall-clock times, except per-root-class counters, that are sum over
[260.051s][info][gc,stats    ] all workers. Dividing the <total> over the root stage time estimates parallelism.
[260.051s][info][gc,stats    ] 
[260.051s][info][gc,stats    ] Concurrent Reset                  17879 us
[260.051s][info][gc,stats    ] Pause Init Mark (G)                 208 us
[260.051s][info][gc,stats    ] Pause Init Mark (N)                 131 us
[260.051s][info][gc,stats    ]   Update Region States               50 us
[260.051s][info][gc,stats    ] Concurrent Mark Roots              7559 us, parallelism: 1.91x
[260.051s][info][gc,stats    ]   CMR: <total>                    14439 us
[260.051s][info][gc,stats    ]   CMR: Thread Roots                1555 us, workers (us): 754, 802, ---, ---, 
[260.051s][info][gc,stats    ]   CMR: Code Cache Roots           11949 us, workers (us): 6452, 5497, ---, ---, 
[260.051s][info][gc,stats    ]   CMR: VM Strong Roots               16 us, workers (us):  16,   0, ---, ---, 
[260.051s][info][gc,stats    ]   CMR: CLDG Roots                   919 us, workers (us): ---, 919, ---, ---, 
[260.051s][info][gc,stats    ] Concurrent Marking               206174 us
[260.051s][info][gc,stats    ] Pause Final Mark (G)                336 us
[260.051s][info][gc,stats    ] Pause Final Mark (N)                307 us
[260.051s][info][gc,stats    ]   Finish Mark                        61 us
[260.051s][info][gc,stats    ]   Update Region States               17 us
[260.051s][info][gc,stats    ]   Choose Collection Set             148 us
[260.051s][info][gc,stats    ]   Rebuild Free Set                   11 us
[260.051s][info][gc,stats    ] Concurrent Thread Roots             893 us, parallelism: 1.86x
[260.051s][info][gc,stats    ]   CTR: <total>                     1663 us
[260.051s][info][gc,stats    ]   CTR: Thread Roots                1663 us, workers (us): 826, 837, ---, ---, 
[260.051s][info][gc,stats    ] Concurrent Weak References          523 us, parallelism: 0.93x
[260.051s][info][gc,stats    ]   CWRF: <total>                     488 us
[260.051s][info][gc,stats    ]   CWRF: Weak References             488 us, workers (us): 437,  51, ---, ---, 
[260.051s][info][gc,stats    ] Concurrent Weak Roots               884 us
[260.051s][info][gc,stats    ]   Roots                             802 us, parallelism: 1.79x
[260.051s][info][gc,stats    ]     CWR: <total>                   1436 us
[260.051s][info][gc,stats    ]     CWR: VM Weak Roots             1436 us, workers (us): 718, 718, ---, ---, 
[260.051s][info][gc,stats    ]   Rendezvous                         47 us
[260.051s][info][gc,stats    ] Concurrent Cleanup                   71 us
[260.051s][info][gc,stats    ] Concurrent Strong Roots            5175 us, parallelism: 1.94x
[260.051s][info][gc,stats    ]   CSR: <total>                    10062 us
[260.051s][info][gc,stats    ]   CSR: Code Cache Roots            9806 us, workers (us): 4775, 5031, ---, ---, 
[260.051s][info][gc,stats    ]   CSR: VM Strong Roots                7 us, workers (us):   7,   0, ---, ---, 
[260.051s][info][gc,stats    ]   CSR: CLDG Roots                   249 us, workers (us): 249, ---, ---, ---, 
[260.051s][info][gc,stats    ] Concurrent Evacuation             35645 us
[260.051s][info][gc,stats    ] Pause Init Update Refs (G)          147 us
[260.051s][info][gc,stats    ] Pause Init Update Refs (N)           57 us
[260.051s][info][gc,stats    ]   Manage GCLABs                       6 us
[260.051s][info][gc,stats    ] Concurrent Update Refs           127462 us
[260.051s][info][gc,stats    ] Concurrent Update Thread Roots     1475 us
[260.051s][info][gc,stats    ] Pause Final Update Refs (G)         205 us
[260.051s][info][gc,stats    ] Pause Final Update Refs (N)         148 us
[260.051s][info][gc,stats    ]   Update Region States               64 us
[260.051s][info][gc,stats    ]   Trash Collection Set               15 us
[260.051s][info][gc,stats    ]   Rebuild Free Set                   11 us
[260.051s][info][gc,stats    ] Concurrent Cleanup                   73 us
[260.051s][info][gc,stats    ] 
[260.051s][info][gc,stats    ] Allocation pacing accrued:
[260.051s][info][gc,stats    ]       0 of  9863 ms (  0.0%): <total>
[260.051s][info][gc,stats    ]       0 of  9863 ms (  0.0%): <average total>
[260.051s][info][gc,stats    ] 
[260.051s][info][gc,metaspace] Metaspace: 134249K(135744K)->134249K(135744K) NonClass: 113383K(114240K)->113383K(114240K) Class: 20866K(21504K)->20866K(21504K)
[260.051s][info][gc,ergo     ] Pacer for Idle. Initial: 163M, Alloc Tax Rate: 1.0x
[269.261s][info][gc          ] Trigger: Free (815M) is below minimum threshold (819M)
[269.261s][info][gc,ergo     ] Free: 815M, Max: 4096K regular, 548M humongous, Frag: 33% external, 0% internal; Reserve: 412M, Max: 4096K
[269.261s][info][gc,start    ] GC(28) Concurrent reset
[269.261s][info][gc,task     ] GC(28) Using 2 of 4 workers for concurrent reset
[269.261s][info][gc,ergo     ] GC(28) Pacer for Reset. Non-Taxable: 8192M
[269.276s][info][gc          ] GC(28) Concurrent reset 14.959ms
[269.276s][info][gc,start    ] GC(28) Pause Init Mark
[269.276s][info][gc,task     ] GC(28) Using 4 of 4 workers for init marking
[269.276s][info][gc,ergo     ] GC(28) Pacer for Mark. Expected Live: 434M, Free: 803M, Non-Taxable: 82301K, Alloc Tax Rate: 0.7x
[269.276s][info][gc          ] GC(28) Pause Init Mark 0.118ms
[269.276s][info][gc,start    ] GC(28) Concurrent marking roots
[269.276s][info][gc,task     ] GC(28) Using 2 of 4 workers for concurrent marking roots
[269.283s][info][gc          ] GC(28) Concurrent marking roots 7.442ms
[269.283s][info][gc,start    ] GC(28) Concurrent marking
[269.283s][info][gc,task     ] GC(28) Using 2 of 4 workers for concurrent marking
[269.515s][info][gc          ] GC(28) Concurrent marking 231.441ms
[269.515s][info][gc,start    ] GC(28) Pause Final Mark
[269.515s][info][gc,task     ] GC(28) Using 4 of 4 workers for final marking
[269.515s][info][gc,ergo     ] GC(28) Adaptive CSet Selection. Target Free: 1160M, Actual Free: 2352M, Max CSet: 341M, Min Garbage: 0B
[269.515s][info][gc,ergo     ] GC(28) Collectable Garbage: 6485M (99%), Immediate: 1288M (19%), CSet: 5197M (79%)
[269.515s][info][gc,ergo     ] GC(28) Pacer for Evacuation. Used CSet: 5300M, Free: 1943M, Non-Taxable: 194M, Alloc Tax Rate: 6.7x
[269.515s][info][gc          ] GC(28) Pause Final Mark 0.323ms
[269.515s][info][gc,start    ] GC(28) Concurrent thread roots
[269.515s][info][gc,task     ] GC(28) Using 2 of 4 workers for Concurrent thread roots
[269.516s][info][gc          ] GC(28) Concurrent thread roots 0.863ms
[269.516s][info][gc,start    ] GC(28) Concurrent weak references
[269.516s][info][gc,task     ] GC(28) Using 2 of 4 workers for concurrent weak references
[269.516s][info][gc,ref      ] GC(28) Encountered references: Soft: 6521, Weak: 23160, Final: 34, Phantom: 617
[269.516s][info][gc,ref      ] GC(28) Discovered  references: Soft: 0, Weak: 5248, Final: 0, Phantom: 507
[269.516s][info][gc,ref      ] GC(28) Enqueued    references: Soft: 0, Weak: 6, Final: 0, Phantom: 3
[269.516s][info][gc          ] GC(28) Concurrent weak references 0.289ms
[269.516s][info][gc,start    ] GC(28) Concurrent weak roots
[269.516s][info][gc,task     ] GC(28) Using 2 of 4 workers for concurrent weak root
[269.517s][info][gc          ] GC(28) Concurrent weak roots 0.883ms
[269.517s][info][gc,start    ] GC(28) Concurrent cleanup
[269.517s][info][gc          ] GC(28) Concurrent cleanup 7132M->5844M(8192M) 0.029ms
[269.517s][info][gc,ergo     ] GC(28) Free: 1935M, Max: 4096K regular, 548M humongous, Frag: 72% external, 0% internal; Reserve: 411M, Max: 4096K
[269.517s][info][gc,start    ] GC(28) Concurrent strong roots
[269.517s][info][gc,task     ] GC(28) Using 2 of 4 workers for concurrent strong root
[269.522s][info][gc          ] GC(28) Concurrent strong roots 5.095ms
[269.522s][info][gc,start    ] GC(28) Concurrent evacuation
[269.522s][info][gc,task     ] GC(28) Using 2 of 4 workers for concurrent evacuation
[269.572s][info][gc          ] GC(28) Concurrent evacuation 49.758ms
[269.572s][info][gc,start    ] GC(28) Pause Init Update Refs
[269.572s][info][gc,ergo     ] GC(28) Pacer for Update Refs. Used: 5964M, Free: 1919M, Non-Taxable: 191M, Alloc Tax Rate: 3.8x
[269.572s][info][gc          ] GC(28) Pause Init Update Refs 0.045ms
[269.572s][info][gc,start    ] GC(28) Concurrent update references
[269.572s][info][gc,task     ] GC(28) Using 2 of 4 workers for concurrent reference update
[269.716s][info][gc          ] GC(28) Concurrent update references 143.879ms
[269.716s][info][gc,start    ] GC(28) Concurrent update thread roots
[269.718s][info][gc          ] GC(28) Concurrent update thread roots 1.451ms
[269.718s][info][gc,start    ] GC(28) Pause Final Update Refs
[269.718s][info][gc,task     ] GC(28) Using 4 of 4 workers for final reference update
[269.718s][info][gc          ] GC(28) Pause Final Update Refs 0.100ms
[269.718s][info][gc,start    ] GC(28) Concurrent cleanup
[269.718s][info][gc          ] GC(28) Concurrent cleanup 6060M->760M(8192M) 0.074ms
[269.718s][info][gc,ergo     ] Free: 7019M, Max: 4096K regular, 5300M humongous, Frag: 25% external, 0% internal; Reserve: 412M, Max: 4096K
[269.718s][info][gc,stats    ] 
[269.718s][info][gc,stats    ] All times are wall-clock times, except per-root-class counters, that are sum over
[269.718s][info][gc,stats    ] all workers. Dividing the <total> over the root stage time estimates parallelism.
[269.718s][info][gc,stats    ] 
[269.718s][info][gc,stats    ] Concurrent Reset                  15017 us
[269.718s][info][gc,stats    ] Pause Init Mark (G)                 177 us
[269.718s][info][gc,stats    ] Pause Init Mark (N)                 130 us
[269.718s][info][gc,stats    ]   Update Region States               44 us
[269.718s][info][gc,stats    ] Concurrent Mark Roots              7468 us, parallelism: 1.94x
[269.718s][info][gc,stats    ]   CMR: <total>                    14459 us
[269.718s][info][gc,stats    ]   CMR: Thread Roots                1477 us, workers (us): 707, 770, ---, ---, 
[269.718s][info][gc,stats    ]   CMR: Code Cache Roots           12261 us, workers (us): 5816, 6445, ---, ---, 
[269.718s][info][gc,stats    ]   CMR: VM Strong Roots               14 us, workers (us):  14,   0, ---, ---, 
[269.718s][info][gc,stats    ]   CMR: CLDG Roots                   708 us, workers (us): 708, ---, ---, ---, 
[269.718s][info][gc,stats    ] Concurrent Marking               231490 us
[269.718s][info][gc,stats    ] Pause Final Mark (G)                362 us
[269.718s][info][gc,stats    ] Pause Final Mark (N)                334 us
[269.718s][info][gc,stats    ]   Finish Mark                        67 us
[269.718s][info][gc,stats    ]   Update Region States               32 us
[269.718s][info][gc,stats    ]   Choose Collection Set             154 us
[269.718s][info][gc,stats    ]   Rebuild Free Set                    9 us
[269.718s][info][gc,stats    ] Concurrent Thread Roots             878 us, parallelism: 1.88x
[269.718s][info][gc,stats    ]   CTR: <total>                     1652 us
[269.718s][info][gc,stats    ]   CTR: Thread Roots                1652 us, workers (us): 828, 825, ---, ---, 
[269.718s][info][gc,stats    ] Concurrent Weak References          299 us, parallelism: 1.13x
[269.718s][info][gc,stats    ]   CWRF: <total>                     338 us
[269.718s][info][gc,stats    ]   CWRF: Weak References             338 us, workers (us): 162, 175, ---, ---, 
[269.718s][info][gc,stats    ] Concurrent Weak Roots               896 us
[269.718s][info][gc,stats    ]   Roots                             842 us, parallelism: 1.76x
[269.718s][info][gc,stats    ]     CWR: <total>                   1485 us
[269.718s][info][gc,stats    ]     CWR: VM Weak Roots             1485 us, workers (us): 757, 728, ---, ---, 
[269.718s][info][gc,stats    ]   Rendezvous                         21 us
[269.718s][info][gc,stats    ] Concurrent Cleanup                   41 us
[269.718s][info][gc,stats    ] Concurrent Strong Roots            5113 us, parallelism: 1.96x
[269.718s][info][gc,stats    ]   CSR: <total>                    10017 us
[269.718s][info][gc,stats    ]   CSR: Code Cache Roots            9805 us, workers (us): 4802, 5003, ---, ---, 
[269.718s][info][gc,stats    ]   CSR: VM Strong Roots                7 us, workers (us):   6,   0, ---, ---, 
[269.718s][info][gc,stats    ]   CSR: CLDG Roots                   205 us, workers (us): 205, ---, ---, ---, 
[269.718s][info][gc,stats    ] Concurrent Evacuation             49800 us
[269.718s][info][gc,stats    ] Pause Init Update Refs (G)           85 us
[269.718s][info][gc,stats    ] Pause Init Update Refs (N)           56 us
[269.718s][info][gc,stats    ]   Manage GCLABs                       5 us
[269.718s][info][gc,stats    ] Concurrent Update Refs           143923 us
[269.718s][info][gc,stats    ] Concurrent Update Thread Roots     1476 us
[269.718s][info][gc,stats    ] Pause Final Update Refs (G)         184 us
[269.718s][info][gc,stats    ] Pause Final Update Refs (N)         127 us
[269.718s][info][gc,stats    ]   Update Region States               37 us
[269.718s][info][gc,stats    ]   Trash Collection Set               15 us
[269.719s][info][gc,stats    ]   Rebuild Free Set                   10 us
[269.719s][info][gc,stats    ] Concurrent Cleanup                   89 us
[269.719s][info][gc,stats    ] 
[269.719s][info][gc,stats    ] Allocation pacing accrued:
[269.719s][info][gc,stats    ]       0 of  9667 ms (  0.0%): <total>
[269.719s][info][gc,stats    ]       0 of  9667 ms (  0.0%): <average total>
[269.719s][info][gc,stats    ] 
[269.719s][info][gc,metaspace] Metaspace: 134275K(135744K)->134275K(135744K) NonClass: 113407K(114240K)->113407K(114240K) Class: 20867K(21504K)->20867K(21504K)
[269.719s][info][gc,ergo     ] Pacer for Idle. Initial: 163M, Alloc Tax Rate: 1.0x
[278.382s][info][gc          ] Trigger: Free (815M) is below minimum threshold (819M)
[278.383s][info][gc,ergo     ] Free: 815M, Max: 4096K regular, 516M humongous, Frag: 37% external, 0% internal; Reserve: 412M, Max: 4096K
[278.383s][info][gc,start    ] GC(29) Concurrent reset
[278.383s][info][gc,task     ] GC(29) Using 2 of 4 workers for concurrent reset
[278.383s][info][gc,ergo     ] GC(29) Pacer for Reset. Non-Taxable: 8192M
[278.398s][info][gc          ] GC(29) Concurrent reset 15.027ms
[278.398s][info][gc,start    ] GC(29) Pause Init Mark
[278.398s][info][gc,task     ] GC(29) Using 4 of 4 workers for init marking
[278.398s][info][gc,ergo     ] GC(29) Pacer for Mark. Expected Live: 435M, Free: 807M, Non-Taxable: 82711K, Alloc Tax Rate: 0.7x
[278.398s][info][gc          ] GC(29) Pause Init Mark 0.265ms
[278.398s][info][gc,start    ] GC(29) Concurrent marking roots
[278.398s][info][gc,task     ] GC(29) Using 2 of 4 workers for concurrent marking roots
[278.406s][info][gc          ] GC(29) Concurrent marking roots 8.111ms
[278.406s][info][gc,start    ] GC(29) Concurrent marking
[278.406s][info][gc,task     ] GC(29) Using 2 of 4 workers for concurrent marking
[278.622s][info][gc          ] GC(29) Concurrent marking 215.487ms
[278.622s][info][gc,start    ] GC(29) Pause Final Mark
[278.622s][info][gc,task     ] GC(29) Using 4 of 4 workers for final marking
[278.622s][info][gc,ergo     ] GC(29) Adaptive CSet Selection. Target Free: 1160M, Actual Free: 2596M, Max CSet: 341M, Min Garbage: 0B
[278.622s][info][gc,ergo     ] GC(29) Collectable Garbage: 6484M (99%), Immediate: 1532M (23%), CSet: 4952M (76%)
[278.622s][info][gc,ergo     ] GC(29) Pacer for Evacuation. Used CSet: 5052M, Free: 2191M, Non-Taxable: 219M, Alloc Tax Rate: 5.6x
[278.622s][info][gc          ] GC(29) Pause Final Mark 0.339ms
[278.622s][info][gc,start    ] GC(29) Concurrent thread roots
[278.622s][info][gc,task     ] GC(29) Using 2 of 4 workers for Concurrent thread roots
[278.623s][info][gc          ] GC(29) Concurrent thread roots 1.128ms
[278.623s][info][gc,start    ] GC(29) Concurrent weak references
[278.623s][info][gc,task     ] GC(29) Using 2 of 4 workers for concurrent weak references
[278.624s][info][gc,ref      ] GC(29) Encountered references: Soft: 6521, Weak: 23159, Final: 34, Phantom: 617
[278.624s][info][gc,ref      ] GC(29) Discovered  references: Soft: 0, Weak: 12803, Final: 0, Phantom: 503
[278.624s][info][gc,ref      ] GC(29) Enqueued    references: Soft: 0, Weak: 4, Final: 0, Phantom: 0
[278.624s][info][gc          ] GC(29) Concurrent weak references 0.569ms
[278.624s][info][gc,start    ] GC(29) Concurrent weak roots
[278.624s][info][gc,task     ] GC(29) Using 2 of 4 workers for concurrent weak root
[278.625s][info][gc          ] GC(29) Concurrent weak roots 0.993ms
[278.625s][info][gc,start    ] GC(29) Concurrent cleanup
[278.625s][info][gc          ] GC(29) Concurrent cleanup 7128M->5596M(8192M) 0.035ms
[278.625s][info][gc,ergo     ] GC(29) Free: 2183M, Max: 4096K regular, 516M humongous, Frag: 77% external, 0% internal; Reserve: 411M, Max: 4096K
[278.625s][info][gc,start    ] GC(29) Concurrent strong roots
[278.625s][info][gc,task     ] GC(29) Using 2 of 4 workers for concurrent strong root
[278.630s][info][gc          ] GC(29) Concurrent strong roots 5.308ms
[278.630s][info][gc,start    ] GC(29) Concurrent evacuation
[278.630s][info][gc,task     ] GC(29) Using 2 of 4 workers for concurrent evacuation
[278.681s][info][gc          ] GC(29) Concurrent evacuation 50.379ms
[278.681s][info][gc,start    ] GC(29) Pause Init Update Refs
[278.681s][info][gc,ergo     ] GC(29) Pacer for Update Refs. Used: 5724M, Free: 2159M, Non-Taxable: 215M, Alloc Tax Rate: 3.2x
[278.681s][info][gc          ] GC(29) Pause Init Update Refs 0.047ms
[278.681s][info][gc,start    ] GC(29) Concurrent update references
[278.681s][info][gc,task     ] GC(29) Using 2 of 4 workers for concurrent reference update
[278.815s][info][gc          ] GC(29) Concurrent update references 134.492ms
[278.815s][info][gc,start    ] GC(29) Concurrent update thread roots
[278.817s][info][gc          ] GC(29) Concurrent update thread roots 1.423ms
[278.817s][info][gc,start    ] GC(29) Pause Final Update Refs
[278.817s][info][gc,task     ] GC(29) Using 4 of 4 workers for final reference update
[278.817s][info][gc          ] GC(29) Pause Final Update Refs 0.147ms
[278.817s][info][gc,start    ] GC(29) Concurrent cleanup
[278.817s][info][gc          ] GC(29) Concurrent cleanup 5784M->732M(8192M) 0.063ms
[278.817s][info][gc,ergo     ] Free: 7047M, Max: 4096K regular, 5232M humongous, Frag: 26% external, 0% internal; Reserve: 412M, Max: 4096K
[278.817s][info][gc,stats    ] 
[278.817s][info][gc,stats    ] All times are wall-clock times, except per-root-class counters, that are sum over
[278.817s][info][gc,stats    ] all workers. Dividing the <total> over the root stage time estimates parallelism.
[278.817s][info][gc,stats    ] 
[278.817s][info][gc,stats    ] Concurrent Reset                  15114 us
[278.817s][info][gc,stats    ] Pause Init Mark (G)                 391 us
[278.817s][info][gc,stats    ] Pause Init Mark (N)                 279 us
[278.817s][info][gc,stats    ]   Update Region States              158 us
[278.817s][info][gc,stats    ] Concurrent Mark Roots              8141 us, parallelism: 1.90x
[278.817s][info][gc,stats    ]   CMR: <total>                    15430 us
[278.817s][info][gc,stats    ]   CMR: Thread Roots                1533 us, workers (us): 715, 818, ---, ---, 
[278.817s][info][gc,stats    ]   CMR: Code Cache Roots           13002 us, workers (us): 6983, 6019, ---, ---, 
[278.817s][info][gc,stats    ]   CMR: VM Strong Roots               28 us, workers (us):  20,   7, ---, ---, 
[278.817s][info][gc,stats    ]   CMR: CLDG Roots                   867 us, workers (us): ---, 867, ---, ---, 
[278.817s][info][gc,stats    ] Concurrent Marking               215533 us
[278.817s][info][gc,stats    ] Pause Final Mark (G)                407 us
[278.817s][info][gc,stats    ] Pause Final Mark (N)                350 us
[278.817s][info][gc,stats    ]   Finish Mark                        83 us
[278.817s][info][gc,stats    ]   Update Region States               54 us
[278.817s][info][gc,stats    ]   Choose Collection Set             138 us
[278.817s][info][gc,stats    ]   Rebuild Free Set                   10 us
[278.817s][info][gc,stats    ] Concurrent Thread Roots            1149 us, parallelism: 1.82x
[278.817s][info][gc,stats    ]   CTR: <total>                     2087 us
[278.817s][info][gc,stats    ]   CTR: Thread Roots                2087 us, workers (us): 1057, 1029, ---, ---, 
[278.817s][info][gc,stats    ] Concurrent Weak References          580 us, parallelism: 1.04x
[278.817s][info][gc,stats    ]   CWRF: <total>                     604 us
[278.817s][info][gc,stats    ]   CWRF: Weak References             604 us, workers (us): 465, 138, ---, ---, 
[278.817s][info][gc,stats    ] Concurrent Weak Roots              1014 us
[278.817s][info][gc,stats    ]   Roots                             903 us, parallelism: 1.73x
[278.817s][info][gc,stats    ]     CWR: <total>                   1566 us
[278.818s][info][gc,stats    ]     CWR: VM Weak Roots             1566 us, workers (us): 783, 783, ---, ---, 
[278.818s][info][gc,stats    ]   Rendezvous                         68 us
[278.818s][info][gc,stats    ] Concurrent Cleanup                   48 us
[278.818s][info][gc,stats    ] Concurrent Strong Roots            5334 us, parallelism: 1.95x
[278.818s][info][gc,stats    ]   CSR: <total>                    10414 us
[278.818s][info][gc,stats    ]   CSR: Code Cache Roots           10172 us, workers (us): 4964, 5208, ---, ---, 
[278.818s][info][gc,stats    ]   CSR: VM Strong Roots                8 us, workers (us):   4,   4, ---, ---, 
[278.818s][info][gc,stats    ]   CSR: CLDG Roots                   234 us, workers (us): 234, ---, ---, ---, 
[278.818s][info][gc,stats    ] Concurrent Evacuation             50434 us
[278.818s][info][gc,stats    ] Pause Init Update Refs (G)          133 us
[278.818s][info][gc,stats    ] Pause Init Update Refs (N)           59 us
[278.818s][info][gc,stats    ]   Manage GCLABs                       6 us
[278.818s][info][gc,stats    ] Concurrent Update Refs           134526 us
[278.818s][info][gc,stats    ] Concurrent Update Thread Roots     1443 us
[278.818s][info][gc,stats    ] Pause Final Update Refs (G)         201 us
[278.818s][info][gc,stats    ] Pause Final Update Refs (N)         170 us
[278.818s][info][gc,stats    ]   Update Region States               82 us
[278.818s][info][gc,stats    ]   Trash Collection Set               16 us
[278.818s][info][gc,stats    ]   Rebuild Free Set                   11 us
[278.818s][info][gc,stats    ] Concurrent Cleanup                   76 us
[278.818s][info][gc,stats    ] 
[278.818s][info][gc,stats    ] Allocation pacing accrued:
[278.818s][info][gc,stats    ]       0 of  9099 ms (  0.0%): <total>
[278.818s][info][gc,stats    ]       0 of  9099 ms (  0.0%): <average total>
[278.818s][info][gc,stats    ] 
[278.818s][info][gc,metaspace] Metaspace: 134333K(135808K)->134333K(135808K) NonClass: 113465K(114304K)->113465K(114304K) Class: 20867K(21504K)->20867K(21504K)
[278.818s][info][gc,ergo     ] Pacer for Idle. Initial: 163M, Alloc Tax Rate: 1.0x
[287.867s][info][gc          ] Trigger: Free (811M) is below minimum threshold (819M)
[287.867s][info][gc,ergo     ] Free: 811M, Max: 4096K regular, 516M humongous, Frag: 36% external, 0% internal; Reserve: 412M, Max: 4096K
[287.867s][info][gc,start    ] GC(30) Concurrent reset
[287.867s][info][gc,task     ] GC(30) Using 2 of 4 workers for concurrent reset
[287.867s][info][gc,ergo     ] GC(30) Pacer for Reset. Non-Taxable: 8192M
[287.885s][info][gc          ] GC(30) Concurrent reset 18.141ms
[287.885s][info][gc,start    ] GC(30) Pause Init Mark
[287.885s][info][gc,task     ] GC(30) Using 4 of 4 workers for init marking
[287.885s][info][gc,ergo     ] GC(30) Pacer for Mark. Expected Live: 443M, Free: 810M, Non-Taxable: 83035K, Alloc Tax Rate: 0.7x
[287.885s][info][gc          ] GC(30) Pause Init Mark 0.100ms
[287.885s][info][gc,start    ] GC(30) Concurrent marking roots
[287.885s][info][gc,task     ] GC(30) Using 2 of 4 workers for concurrent marking roots
[287.893s][info][gc          ] GC(30) Concurrent marking roots 7.914ms
[287.893s][info][gc,start    ] GC(30) Concurrent marking
[287.893s][info][gc,task     ] GC(30) Using 2 of 4 workers for concurrent marking
[288.111s][info][gc          ] GC(30) Concurrent marking 217.564ms
[288.111s][info][gc,start    ] GC(30) Pause Final Mark
[288.111s][info][gc,task     ] GC(30) Using 4 of 4 workers for final marking
[288.111s][info][gc,ergo     ] GC(30) Adaptive CSet Selection. Target Free: 1160M, Actual Free: 2200M, Max CSet: 341M, Min Garbage: 0B
[288.111s][info][gc,ergo     ] GC(30) Collectable Garbage: 6490M (99%), Immediate: 1152M (17%), CSet: 5338M (81%)
[288.111s][info][gc,ergo     ] GC(30) Pacer for Evacuation. Used CSet: 5428M, Free: 1795M, Non-Taxable: 179M, Alloc Tax Rate: 7.4x
[288.111s][info][gc          ] GC(30) Pause Final Mark 0.352ms
[288.111s][info][gc,start    ] GC(30) Concurrent thread roots
[288.111s][info][gc,task     ] GC(30) Using 2 of 4 workers for Concurrent thread roots
[288.112s][info][gc          ] GC(30) Concurrent thread roots 0.812ms
[288.112s][info][gc,start    ] GC(30) Concurrent weak references
[288.112s][info][gc,task     ] GC(30) Using 2 of 4 workers for concurrent weak references
[288.113s][info][gc,ref      ] GC(30) Encountered references: Soft: 6521, Weak: 23171, Final: 34, Phantom: 627
[288.113s][info][gc,ref      ] GC(30) Discovered  references: Soft: 0, Weak: 11658, Final: 0, Phantom: 509
[288.113s][info][gc,ref      ] GC(30) Enqueued    references: Soft: 0, Weak: 9, Final: 0, Phantom: 7
[288.113s][info][gc          ] GC(30) Concurrent weak references 1.012ms
[288.113s][info][gc,start    ] GC(30) Concurrent weak roots
[288.113s][info][gc,task     ] GC(30) Using 2 of 4 workers for concurrent weak root
[288.114s][info][gc          ] GC(30) Concurrent weak roots 0.905ms
[288.114s][info][gc,start    ] GC(30) Concurrent cleanup
[288.114s][info][gc          ] GC(30) Concurrent cleanup 7146M->5994M(8192M) 0.031ms
[288.114s][info][gc,ergo     ] GC(30) Free: 1785M, Max: 4096K regular, 516M humongous, Frag: 71% external, 0% internal; Reserve: 411M, Max: 4096K
[288.114s][info][gc,start    ] GC(30) Concurrent strong roots
[288.114s][info][gc,task     ] GC(30) Using 2 of 4 workers for concurrent strong root
[288.119s][info][gc          ] GC(30) Concurrent strong roots 5.080ms
[288.119s][info][gc,start    ] GC(30) Concurrent evacuation
[288.119s][info][gc,task     ] GC(30) Using 2 of 4 workers for concurrent evacuation
[288.171s][info][gc          ] GC(30) Concurrent evacuation 51.843ms
[288.171s][info][gc,start    ] GC(30) Pause Init Update Refs
[288.171s][info][gc,ergo     ] GC(30) Pacer for Update Refs. Used: 6106M, Free: 1765M, Non-Taxable: 176M, Alloc Tax Rate: 4.2x
[288.171s][info][gc          ] GC(30) Pause Init Update Refs 0.042ms
[288.171s][info][gc,start    ] GC(30) Concurrent update references
[288.171s][info][gc,task     ] GC(30) Using 2 of 4 workers for concurrent reference update
[288.310s][info][gc          ] GC(30) Concurrent update references 139.420ms
[288.311s][info][gc,start    ] GC(30) Concurrent update thread roots
[288.312s][info][gc          ] GC(30) Concurrent update thread roots 1.848ms
[288.312s][info][gc,start    ] GC(30) Pause Final Update Refs
[288.312s][info][gc,task     ] GC(30) Using 4 of 4 workers for final reference update
[288.312s][info][gc          ] GC(30) Pause Final Update Refs 0.098ms
[288.313s][info][gc,start    ] GC(30) Concurrent cleanup
[288.313s][info][gc          ] GC(30) Concurrent cleanup 6178M->750M(8192M) 0.074ms
[288.313s][info][gc,ergo     ] Free: 7029M, Max: 4096K regular, 5228M humongous, Frag: 26% external, 0% internal; Reserve: 412M, Max: 4096K
[288.313s][info][gc,stats    ] 
[288.313s][info][gc,stats    ] All times are wall-clock times, except per-root-class counters, that are sum over
[288.313s][info][gc,stats    ] all workers. Dividing the <total> over the root stage time estimates parallelism.
[288.313s][info][gc,stats    ] 
[288.313s][info][gc,stats    ] Concurrent Reset                  18200 us
[288.313s][info][gc,stats    ] Pause Init Mark (G)                 150 us
[288.313s][info][gc,stats    ] Pause Init Mark (N)                 111 us
[288.313s][info][gc,stats    ]   Update Region States               42 us
[288.313s][info][gc,stats    ] Concurrent Mark Roots              7943 us, parallelism: 1.95x
[288.313s][info][gc,stats    ]   CMR: <total>                    15491 us
[288.313s][info][gc,stats    ]   CMR: Thread Roots                1540 us, workers (us): 805, 735, ---, ---, 
[288.313s][info][gc,stats    ]   CMR: Code Cache Roots           13157 us, workers (us): 6161, 6996, ---, ---, 
[288.313s][info][gc,stats    ]   CMR: VM Strong Roots               14 us, workers (us):  14,   0, ---, ---, 
[288.313s][info][gc,stats    ]   CMR: CLDG Roots                   781 us, workers (us): 781, ---, ---, ---, 
[288.313s][info][gc,stats    ] Concurrent Marking               217597 us
[288.313s][info][gc,stats    ] Pause Final Mark (G)                390 us
[288.313s][info][gc,stats    ] Pause Final Mark (N)                363 us
[288.313s][info][gc,stats    ]   Finish Mark                        80 us
[288.313s][info][gc,stats    ]   Update Region States               55 us
[288.313s][info][gc,stats    ]   Choose Collection Set             154 us
[288.313s][info][gc,stats    ]   Rebuild Free Set                    9 us
[288.313s][info][gc,stats    ] Concurrent Thread Roots             844 us, parallelism: 1.79x
[288.313s][info][gc,stats    ]   CTR: <total>                     1513 us
[288.313s][info][gc,stats    ]   CTR: Thread Roots                1513 us, workers (us): 771, 742, ---, ---, 
[288.313s][info][gc,stats    ] Concurrent Weak References         1025 us, parallelism: 0.95x
[288.313s][info][gc,stats    ]   CWRF: <total>                     974 us
[288.313s][info][gc,stats    ]   CWRF: Weak References             974 us, workers (us): 928,  46, ---, ---, 
[288.313s][info][gc,stats    ] Concurrent Weak Roots               924 us
[288.313s][info][gc,stats    ]   Roots                             862 us, parallelism: 1.73x
[288.313s][info][gc,stats    ]     CWR: <total>                   1490 us
[288.313s][info][gc,stats    ]     CWR: VM Weak Roots             1490 us, workers (us): 759, 731, ---, ---, 
[288.313s][info][gc,stats    ]   Rendezvous                         22 us
[288.313s][info][gc,stats    ] Concurrent Cleanup                   43 us
[288.313s][info][gc,stats    ] Concurrent Strong Roots            5103 us, parallelism: 1.96x
[288.313s][info][gc,stats    ]   CSR: <total>                     9994 us
[288.313s][info][gc,stats    ]   CSR: Code Cache Roots            9737 us, workers (us): 4736, 5000, ---, ---, 
[288.313s][info][gc,stats    ]   CSR: VM Strong Roots                8 us, workers (us):   4,   4, ---, ---, 
[288.313s][info][gc,stats    ]   CSR: CLDG Roots                   249 us, workers (us): 249, ---, ---, ---, 
[288.313s][info][gc,stats    ] Concurrent Evacuation             51883 us
[288.313s][info][gc,stats    ] Pause Init Update Refs (G)          112 us
[288.313s][info][gc,stats    ] Pause Init Update Refs (N)           53 us
[288.313s][info][gc,stats    ]   Manage GCLABs                       5 us
[288.313s][info][gc,stats    ] Concurrent Update Refs           139467 us
[288.313s][info][gc,stats    ] Concurrent Update Thread Roots     1874 us
[288.313s][info][gc,stats    ] Pause Final Update Refs (G)         144 us
[288.313s][info][gc,stats    ] Pause Final Update Refs (N)         113 us
[288.313s][info][gc,stats    ]   Update Region States               33 us
[288.313s][info][gc,stats    ]   Trash Collection Set               16 us
[288.313s][info][gc,stats    ]   Rebuild Free Set                   10 us
[288.313s][info][gc,stats    ] Concurrent Cleanup                   89 us
[288.313s][info][gc,stats    ] 
[288.313s][info][gc,stats    ] Allocation pacing accrued:
[288.313s][info][gc,stats    ]       0 of  9495 ms (  0.0%): <total>
[288.313s][info][gc,stats    ]       0 of  9495 ms (  0.0%): <average total>
[288.313s][info][gc,stats    ] 
[288.313s][info][gc,metaspace] Metaspace: 134376K(135808K)->134376K(135808K) NonClass: 113503K(114304K)->113503K(114304K) Class: 20873K(21504K)->20873K(21504K)
[288.313s][info][gc,ergo     ] Pacer for Idle. Initial: 163M, Alloc Tax Rate: 1.0x
[296.380s][info][gc          ] Trigger: Free (817M) is below minimum threshold (819M)
[296.380s][info][gc,ergo     ] Free: 817M, Max: 4096K regular, 528M humongous, Frag: 35% external, 0% internal; Reserve: 412M, Max: 4096K
[296.380s][info][gc,start    ] GC(31) Concurrent reset
[296.380s][info][gc,task     ] GC(31) Using 2 of 4 workers for concurrent reset
[296.380s][info][gc,ergo     ] GC(31) Pacer for Reset. Non-Taxable: 8192M
[296.394s][info][gc          ] GC(31) Concurrent reset 13.989ms
[296.394s][info][gc,start    ] GC(31) Pause Init Mark
[296.394s][info][gc,task     ] GC(31) Using 4 of 4 workers for init marking
[296.394s][info][gc,ergo     ] GC(31) Pacer for Mark. Expected Live: 445M, Free: 809M, Non-Taxable: 82928K, Alloc Tax Rate: 0.7x
[296.394s][info][gc          ] GC(31) Pause Init Mark 0.136ms
[296.395s][info][gc,start    ] GC(31) Concurrent marking roots
[296.395s][info][gc,task     ] GC(31) Using 2 of 4 workers for concurrent marking roots
[296.402s][info][gc          ] GC(31) Concurrent marking roots 7.172ms
[296.402s][info][gc,start    ] GC(31) Concurrent marking
[296.402s][info][gc,task     ] GC(31) Using 2 of 4 workers for concurrent marking
[296.621s][info][gc          ] GC(31) Concurrent marking 218.779ms
[296.621s][info][gc,start    ] GC(31) Pause Final Mark
[296.621s][info][gc,task     ] GC(31) Using 4 of 4 workers for final marking
[296.621s][info][gc,ergo     ] GC(31) Adaptive CSet Selection. Target Free: 1160M, Actual Free: 3192M, Max CSet: 341M, Min Garbage: 0B
[296.621s][info][gc,ergo     ] GC(31) Collectable Garbage: 6511M (99%), Immediate: 2120M (32%), CSet: 4391M (67%)
[296.621s][info][gc,ergo     ] GC(31) Pacer for Evacuation. Used CSet: 4461M, Free: 2787M, Non-Taxable: 278M, Alloc Tax Rate: 3.9x
[296.621s][info][gc          ] GC(31) Pause Final Mark 0.286ms
[296.621s][info][gc,start    ] GC(31) Concurrent thread roots
[296.621s][info][gc,task     ] GC(31) Using 2 of 4 workers for Concurrent thread roots
[296.622s][info][gc          ] GC(31) Concurrent thread roots 0.881ms
[296.622s][info][gc,start    ] GC(31) Concurrent weak references
[296.622s][info][gc,task     ] GC(31) Using 2 of 4 workers for concurrent weak references
[296.622s][info][gc,ref      ] GC(31) Encountered references: Soft: 6521, Weak: 23165, Final: 34, Phantom: 623
[296.622s][info][gc,ref      ] GC(31) Discovered  references: Soft: 0, Weak: 11731, Final: 0, Phantom: 507
[296.622s][info][gc,ref      ] GC(31) Enqueued    references: Soft: 0, Weak: 2, Final: 0, Phantom: 0
[296.622s][info][gc          ] GC(31) Concurrent weak references 0.540ms
[296.622s][info][gc,start    ] GC(31) Concurrent weak roots
[296.622s][info][gc,task     ] GC(31) Using 2 of 4 workers for concurrent weak root
[296.623s][info][gc          ] GC(31) Concurrent weak roots 0.846ms
[296.623s][info][gc,start    ] GC(31) Concurrent cleanup
[296.623s][info][gc          ] GC(31) Concurrent cleanup 7118M->4998M(8192M) 0.036ms
[296.623s][info][gc,ergo     ] GC(31) Free: 2779M, Max: 4096K regular, 528M humongous, Frag: 81% external, 0% internal; Reserve: 411M, Max: 4096K
[296.623s][info][gc,start    ] GC(31) Concurrent strong roots
[296.623s][info][gc,task     ] GC(31) Using 2 of 4 workers for concurrent strong root
[296.628s][info][gc          ] GC(31) Concurrent strong roots 4.949ms
[296.628s][info][gc,start    ] GC(31) Concurrent evacuation
[296.628s][info][gc,task     ] GC(31) Using 2 of 4 workers for concurrent evacuation
[296.665s][info][gc          ] GC(31) Concurrent evacuation 36.919ms
[296.665s][info][gc,start    ] GC(31) Pause Init Update Refs
[296.665s][info][gc,ergo     ] GC(31) Pacer for Update Refs. Used: 5082M, Free: 2767M, Non-Taxable: 276M, Alloc Tax Rate: 2.2x
[296.665s][info][gc          ] GC(31) Pause Init Update Refs 0.047ms
[296.665s][info][gc,start    ] GC(31) Concurrent update references
[296.665s][info][gc,task     ] GC(31) Using 2 of 4 workers for concurrent reference update
[296.790s][info][gc          ] GC(31) Concurrent update references 125.167ms
[296.790s][info][gc,start    ] GC(31) Concurrent update thread roots
[296.792s][info][gc          ] GC(31) Concurrent update thread roots 1.531ms
[296.792s][info][gc,start    ] GC(31) Pause Final Update Refs
[296.792s][info][gc,task     ] GC(31) Using 4 of 4 workers for final reference update
[296.792s][info][gc          ] GC(31) Pause Final Update Refs 0.101ms
[296.792s][info][gc,start    ] GC(31) Concurrent cleanup
[296.792s][info][gc          ] GC(31) Concurrent cleanup 5150M->688M(8192M) 0.061ms
[296.792s][info][gc,ergo     ] Free: 7091M, Max: 4096K regular, 5220M humongous, Frag: 27% external, 0% internal; Reserve: 412M, Max: 4096K
[296.792s][info][gc,stats    ] 
[296.792s][info][gc,stats    ] All times are wall-clock times, except per-root-class counters, that are sum over
[296.792s][info][gc,stats    ] all workers. Dividing the <total> over the root stage time estimates parallelism.
[296.792s][info][gc,stats    ] 
[296.792s][info][gc,stats    ] Concurrent Reset                  14058 us
[296.792s][info][gc,stats    ] Pause Init Mark (G)                 223 us
[296.792s][info][gc,stats    ] Pause Init Mark (N)                 148 us
[296.792s][info][gc,stats    ]   Update Region States               57 us
[296.792s][info][gc,stats    ] Concurrent Mark Roots              7197 us, parallelism: 1.95x
[296.792s][info][gc,stats    ]   CMR: <total>                    14024 us
[296.792s][info][gc,stats    ]   CMR: Thread Roots                1582 us, workers (us): 791, 791, ---, ---, 
[296.792s][info][gc,stats    ]   CMR: Code Cache Roots           11762 us, workers (us): 5555, 6207, ---, ---, 
[296.792s][info][gc,stats    ]   CMR: VM Strong Roots               14 us, workers (us):  14,   0, ---, ---, 
[296.792s][info][gc,stats    ]   CMR: CLDG Roots                   665 us, workers (us): 665, ---, ---, ---, 
[296.792s][info][gc,stats    ] Concurrent Marking               218823 us
[296.792s][info][gc,stats    ] Pause Final Mark (G)                314 us
[296.792s][info][gc,stats    ] Pause Final Mark (N)                297 us
[296.793s][info][gc,stats    ]   Finish Mark                        61 us
[296.793s][info][gc,stats    ]   Update Region States               17 us
[296.793s][info][gc,stats    ]   Choose Collection Set             140 us
[296.793s][info][gc,stats    ]   Rebuild Free Set                   11 us
[296.793s][info][gc,stats    ] Concurrent Thread Roots             895 us, parallelism: 1.85x
[296.793s][info][gc,stats    ]   CTR: <total>                     1653 us
[296.793s][info][gc,stats    ]   CTR: Thread Roots                1653 us, workers (us): 844, 809, ---, ---, 
[296.793s][info][gc,stats    ] Concurrent Weak References          550 us, parallelism: 0.92x
[296.793s][info][gc,stats    ]   CWRF: <total>                     503 us
[296.793s][info][gc,stats    ]   CWRF: Weak References             503 us, workers (us):  32, 471, ---, ---, 
[296.793s][info][gc,stats    ] Concurrent Weak Roots               861 us
[296.793s][info][gc,stats    ]   Roots                             803 us, parallelism: 1.80x
[296.793s][info][gc,stats    ]     CWR: <total>                   1444 us
[296.793s][info][gc,stats    ]     CWR: VM Weak Roots             1444 us, workers (us): 722, 722, ---, ---, 
[296.793s][info][gc,stats    ]   Rendezvous                         22 us
[296.793s][info][gc,stats    ] Concurrent Cleanup                   47 us
[296.793s][info][gc,stats    ] Concurrent Strong Roots            4968 us, parallelism: 1.96x
[296.793s][info][gc,stats    ]   CSR: <total>                     9724 us
[296.793s][info][gc,stats    ]   CSR: Code Cache Roots            9496 us, workers (us): 4848, 4648, ---, ---, 
[296.793s][info][gc,stats    ]   CSR: VM Strong Roots                7 us, workers (us):   4,   3, ---, ---, 
[296.793s][info][gc,stats    ]   CSR: CLDG Roots                   222 us, workers (us): ---, 222, ---, ---, 
[296.793s][info][gc,stats    ] Concurrent Evacuation             36978 us
[296.793s][info][gc,stats    ] Pause Init Update Refs (G)           85 us
[296.793s][info][gc,stats    ] Pause Init Update Refs (N)           58 us
[296.793s][info][gc,stats    ]   Manage GCLABs                       5 us
[296.793s][info][gc,stats    ] Concurrent Update Refs           125211 us
[296.793s][info][gc,stats    ] Concurrent Update Thread Roots     1548 us
[296.793s][info][gc,stats    ] Pause Final Update Refs (G)         186 us
[296.793s][info][gc,stats    ] Pause Final Update Refs (N)         121 us
[296.793s][info][gc,stats    ]   Update Region States               38 us
[296.793s][info][gc,stats    ]   Trash Collection Set               14 us
[296.793s][info][gc,stats    ]   Rebuild Free Set                   11 us
[296.793s][info][gc,stats    ] Concurrent Cleanup                   79 us
[296.793s][info][gc,stats    ] 
[296.793s][info][gc,stats    ] Allocation pacing accrued:
[296.793s][info][gc,stats    ]       0 of  8480 ms (  0.0%): <total>
[296.793s][info][gc,stats    ]       0 of  8480 ms (  0.0%): <average total>
[296.793s][info][gc,stats    ] 
[296.793s][info][gc,metaspace] Metaspace: 134408K(135872K)->134408K(135872K) NonClass: 113533K(114368K)->113533K(114368K) Class: 20875K(21504K)->20875K(21504K)
[296.793s][info][gc,ergo     ] Pacer for Idle. Initial: 163M, Alloc Tax Rate: 1.0x
[304.623s][info][gc          ] Trigger: Free (815M) is below minimum threshold (819M)
[304.623s][info][gc,ergo     ] Free: 815M, Max: 4096K regular, 548M humongous, Frag: 33% external, 0% internal; Reserve: 412M, Max: 4096K
[304.623s][info][gc,start    ] GC(32) Concurrent reset
[304.623s][info][gc,task     ] GC(32) Using 2 of 4 workers for concurrent reset
[304.623s][info][gc,ergo     ] GC(32) Pacer for Reset. Non-Taxable: 8192M
[304.639s][info][gc          ] GC(32) Concurrent reset 15.856ms
[304.639s][info][gc,start    ] GC(32) Pause Init Mark
[304.639s][info][gc,task     ] GC(32) Using 4 of 4 workers for init marking
[304.640s][info][gc,ergo     ] GC(32) Pacer for Mark. Expected Live: 443M, Free: 812M, Non-Taxable: 83190K, Alloc Tax Rate: 0.7x
[304.640s][info][gc          ] GC(32) Pause Init Mark 0.121ms
[304.640s][info][gc,start    ] GC(32) Concurrent marking roots
[304.640s][info][gc,task     ] GC(32) Using 2 of 4 workers for concurrent marking roots
[304.649s][info][gc          ] GC(32) Concurrent marking roots 8.887ms
[304.649s][info][gc,start    ] GC(32) Concurrent marking
[304.649s][info][gc,task     ] GC(32) Using 2 of 4 workers for concurrent marking
[304.886s][info][gc          ] GC(32) Concurrent marking 236.939ms
[304.886s][info][gc,start    ] GC(32) Pause Final Mark
[304.886s][info][gc,task     ] GC(32) Using 4 of 4 workers for final marking
[304.886s][info][gc,ergo     ] GC(32) Adaptive CSet Selection. Target Free: 1160M, Actual Free: 2136M, Max CSet: 341M, Min Garbage: 0B
[304.886s][info][gc,ergo     ] GC(32) Collectable Garbage: 6482M (99%), Immediate: 1176M (18%), CSet: 5306M (81%)
[304.886s][info][gc,ergo     ] GC(32) Pacer for Evacuation. Used CSet: 5400M, Free: 1727M, Non-Taxable: 172M, Alloc Tax Rate: 7.6x
[304.886s][info][gc          ] GC(32) Pause Final Mark 0.342ms
[304.886s][info][gc,start    ] GC(32) Concurrent thread roots
[304.886s][info][gc,task     ] GC(32) Using 2 of 4 workers for Concurrent thread roots
[304.887s][info][gc          ] GC(32) Concurrent thread roots 0.863ms
[304.887s][info][gc,start    ] GC(32) Concurrent weak references
[304.887s][info][gc,task     ] GC(32) Using 2 of 4 workers for concurrent weak references
[304.887s][info][gc,ref      ] GC(32) Encountered references: Soft: 6521, Weak: 23168, Final: 34, Phantom: 626
[304.887s][info][gc,ref      ] GC(32) Discovered  references: Soft: 0, Weak: 11651, Final: 0, Phantom: 501
[304.887s][info][gc,ref      ] GC(32) Enqueued    references: Soft: 0, Weak: 4, Final: 0, Phantom: 0
[304.887s][info][gc          ] GC(32) Concurrent weak references 0.590ms
[304.888s][info][gc,start    ] GC(32) Concurrent weak roots
[304.888s][info][gc,task     ] GC(32) Using 2 of 4 workers for concurrent weak root
[304.889s][info][gc          ] GC(32) Concurrent weak roots 1.019ms
[304.889s][info][gc,start    ] GC(32) Concurrent cleanup
[304.889s][info][gc          ] GC(32) Concurrent cleanup 7236M->6060M(8192M) 0.034ms
[304.889s][info][gc,ergo     ] GC(32) Free: 1719M, Max: 4096K regular, 540M humongous, Frag: 69% external, 0% internal; Reserve: 411M, Max: 4096K
[304.889s][info][gc,start    ] GC(32) Concurrent strong roots
[304.889s][info][gc,task     ] GC(32) Using 2 of 4 workers for concurrent strong root
[304.894s][info][gc          ] GC(32) Concurrent strong roots 5.269ms
[304.894s][info][gc,start    ] GC(32) Concurrent evacuation
[304.894s][info][gc,task     ] GC(32) Using 2 of 4 workers for concurrent evacuation
[304.944s][info][gc          ] GC(32) Concurrent evacuation 49.590ms
[304.944s][info][gc,start    ] GC(32) Pause Init Update Refs
[304.944s][info][gc,ergo     ] GC(32) Pacer for Update Refs. Used: 6188M, Free: 1687M, Non-Taxable: 168M, Alloc Tax Rate: 4.5x
[304.944s][info][gc          ] GC(32) Pause Init Update Refs 0.044ms
[304.944s][info][gc,start    ] GC(32) Concurrent update references
[304.944s][info][gc,task     ] GC(32) Using 2 of 4 workers for concurrent reference update
[305.105s][info][gc          ] GC(32) Concurrent update references 161.613ms
[305.105s][info][gc,start    ] GC(32) Concurrent update thread roots
[305.107s][info][gc          ] GC(32) Concurrent update thread roots 1.576ms
[305.107s][info][gc,start    ] GC(32) Pause Final Update Refs
[305.107s][info][gc,task     ] GC(32) Using 4 of 4 workers for final reference update
[305.107s][info][gc          ] GC(32) Pause Final Update Refs 0.093ms
[305.107s][info][gc,start    ] GC(32) Concurrent cleanup
[305.107s][info][gc          ] GC(32) Concurrent cleanup 6300M->900M(8192M) 0.073ms
[305.107s][info][gc,ergo     ] Free: 6879M, Max: 4096K regular, 5340M humongous, Frag: 23% external, 0% internal; Reserve: 412M, Max: 4096K
[305.107s][info][gc,stats    ] 
[305.107s][info][gc,stats    ] All times are wall-clock times, except per-root-class counters, that are sum over
[305.107s][info][gc,stats    ] all workers. Dividing the <total> over the root stage time estimates parallelism.
[305.107s][info][gc,stats    ] 
[305.107s][info][gc,stats    ] Concurrent Reset                  15953 us
[305.107s][info][gc,stats    ] Pause Init Mark (G)                 239 us
[305.107s][info][gc,stats    ] Pause Init Mark (N)                 134 us
[305.107s][info][gc,stats    ]   Update Region States               45 us
[305.107s][info][gc,stats    ] Concurrent Mark Roots              8944 us, parallelism: 1.92x
[305.107s][info][gc,stats    ]   CMR: <total>                    17172 us
[305.107s][info][gc,stats    ]   CMR: Thread Roots                1615 us, workers (us): 803, 812, ---, ---, 
[305.107s][info][gc,stats    ]   CMR: Code Cache Roots           14351 us, workers (us): 6591, 7760, ---, ---, 
[305.107s][info][gc,stats    ]   CMR: VM Strong Roots               18 us, workers (us):  18,   0, ---, ---, 
[305.107s][info][gc,stats    ]   CMR: CLDG Roots                  1189 us, workers (us): 1189, ---, ---, ---, 
[305.107s][info][gc,stats    ] Concurrent Marking               236970 us
[305.107s][info][gc,stats    ] Pause Final Mark (G)                459 us
[305.107s][info][gc,stats    ] Pause Final Mark (N)                353 us
[305.107s][info][gc,stats    ]   Finish Mark                        75 us
[305.107s][info][gc,stats    ]   Update Region States               53 us
[305.107s][info][gc,stats    ]   Choose Collection Set             152 us
[305.107s][info][gc,stats    ]   Rebuild Free Set                    9 us
[305.107s][info][gc,stats    ] Concurrent Thread Roots             885 us, parallelism: 1.82x
[305.107s][info][gc,stats    ]   CTR: <total>                     1607 us
[305.107s][info][gc,stats    ]   CTR: Thread Roots                1607 us, workers (us): 819, 788, ---, ---, 
[305.107s][info][gc,stats    ] Concurrent Weak References          601 us, parallelism: 0.91x
[305.107s][info][gc,stats    ]   CWRF: <total>                     550 us
[305.107s][info][gc,stats    ]   CWRF: Weak References             550 us, workers (us):  74, 476, ---, ---, 
[305.107s][info][gc,stats    ] Concurrent Weak Roots              1042 us
[305.108s][info][gc,stats    ]   Roots                             857 us, parallelism: 1.77x
[305.108s][info][gc,stats    ]     CWR: <total>                   1517 us
[305.108s][info][gc,stats    ]     CWR: VM Weak Roots             1517 us, workers (us): 772, 745, ---, ---, 
[305.108s][info][gc,stats    ]   Rendezvous                        141 us
[305.108s][info][gc,stats    ] Concurrent Cleanup                   46 us
[305.108s][info][gc,stats    ] Concurrent Strong Roots            5292 us, parallelism: 1.94x
[305.108s][info][gc,stats    ]   CSR: <total>                    10250 us
[305.108s][info][gc,stats    ]   CSR: Code Cache Roots           10011 us, workers (us): 5154, 4858, ---, ---, 
[305.108s][info][gc,stats    ]   CSR: VM Strong Roots                7 us, workers (us):   4,   3, ---, ---, 
[305.108s][info][gc,stats    ]   CSR: CLDG Roots                   232 us, workers (us): ---, 232, ---, ---, 
[305.108s][info][gc,stats    ] Concurrent Evacuation             49628 us
[305.108s][info][gc,stats    ] Pause Init Update Refs (G)           86 us
[305.108s][info][gc,stats    ] Pause Init Update Refs (N)           55 us
[305.108s][info][gc,stats    ]   Manage GCLABs                       5 us
[305.108s][info][gc,stats    ] Concurrent Update Refs           161658 us
[305.108s][info][gc,stats    ] Concurrent Update Thread Roots     1600 us
[305.108s][info][gc,stats    ] Pause Final Update Refs (G)         213 us
[305.108s][info][gc,stats    ] Pause Final Update Refs (N)         121 us
[305.108s][info][gc,stats    ]   Update Region States               29 us
[305.108s][info][gc,stats    ]   Trash Collection Set               15 us
[305.108s][info][gc,stats    ]   Rebuild Free Set                   10 us
[305.108s][info][gc,stats    ] Concurrent Cleanup                   87 us
[305.108s][info][gc,stats    ] 
[305.108s][info][gc,stats    ] Allocation pacing accrued:
[305.108s][info][gc,stats    ]       0 of  8315 ms (  0.0%): <total>
[305.108s][info][gc,stats    ]       0 of  8315 ms (  0.0%): <average total>
[305.108s][info][gc,stats    ] 
[305.108s][info][gc,metaspace] Metaspace: 134420K(135872K)->134421K(135872K) NonClass: 113545K(114368K)->113545K(114368K) Class: 20875K(21504K)->20875K(21504K)
[305.108s][info][gc,ergo     ] Pacer for Idle. Initial: 163M, Alloc Tax Rate: 1.0x
[313.379s][info][gc          ] Trigger: Average GC time (511.92 ms) is above the time for average allocation rate (802 MB/s) to deplete free headroom (409M) (margin of error = 1.83)
[313.379s][info][gc,ergo     ] Free headroom: 819M (free) - 409M (spike) - 0B (penalties) = 409M
[313.379s][info][gc,ergo     ] Free: 819M, Max: 4096K regular, 516M humongous, Frag: 37% external, 0% internal; Reserve: 412M, Max: 4096K
[313.379s][info][gc,start    ] GC(33) Concurrent reset
[313.379s][info][gc,task     ] GC(33) Using 2 of 4 workers for concurrent reset
[313.379s][info][gc,ergo     ] GC(33) Pacer for Reset. Non-Taxable: 8192M
[313.396s][info][gc          ] GC(33) Concurrent reset 17.078ms
[313.396s][info][gc,start    ] GC(33) Pause Init Mark
[313.396s][info][gc,task     ] GC(33) Using 4 of 4 workers for init marking
[313.396s][info][gc,ergo     ] GC(33) Pacer for Mark. Expected Live: 450M, Free: 811M, Non-Taxable: 83129K, Alloc Tax Rate: 0.7x
[313.396s][info][gc          ] GC(33) Pause Init Mark 0.117ms
[313.396s][info][gc,start    ] GC(33) Concurrent marking roots
[313.396s][info][gc,task     ] GC(33) Using 2 of 4 workers for concurrent marking roots
[313.404s][info][gc          ] GC(33) Concurrent marking roots 7.369ms
[313.404s][info][gc,start    ] GC(33) Concurrent marking
[313.404s][info][gc,task     ] GC(33) Using 2 of 4 workers for concurrent marking
[313.629s][info][gc          ] GC(33) Concurrent marking 225.524ms
[313.629s][info][gc,start    ] GC(33) Pause Final Mark
[313.629s][info][gc,task     ] GC(33) Using 4 of 4 workers for final marking
[313.630s][info][gc,ergo     ] GC(33) Adaptive CSet Selection. Target Free: 1160M, Actual Free: 2880M, Max CSet: 341M, Min Garbage: 0B
[313.630s][info][gc,ergo     ] GC(33) Collectable Garbage: 6486M (99%), Immediate: 1828M (28%), CSet: 4658M (71%)
[313.630s][info][gc,ergo     ] GC(33) Pacer for Evacuation. Used CSet: 4752M, Free: 2471M, Non-Taxable: 247M, Alloc Tax Rate: 4.7x
[313.630s][info][gc          ] GC(33) Pause Final Mark 0.308ms
[313.630s][info][gc,start    ] GC(33) Concurrent thread roots
[313.630s][info][gc,task     ] GC(33) Using 2 of 4 workers for Concurrent thread roots
[313.631s][info][gc          ] GC(33) Concurrent thread roots 0.822ms
[313.631s][info][gc,start    ] GC(33) Concurrent weak references
[313.631s][info][gc,task     ] GC(33) Using 2 of 4 workers for concurrent weak references
[313.631s][info][gc,ref      ] GC(33) Encountered references: Soft: 6521, Weak: 23167, Final: 34, Phantom: 629
[313.631s][info][gc,ref      ] GC(33) Discovered  references: Soft: 0, Weak: 11825, Final: 0, Phantom: 514
[313.631s][info][gc,ref      ] GC(33) Enqueued    references: Soft: 0, Weak: 2, Final: 0, Phantom: 0
[313.631s][info][gc          ] GC(33) Concurrent weak references 0.557ms
[313.631s][info][gc,start    ] GC(33) Concurrent weak roots
[313.631s][info][gc,task     ] GC(33) Using 2 of 4 workers for concurrent weak root
[313.632s][info][gc          ] GC(33) Concurrent weak roots 0.878ms
[313.632s][info][gc,start    ] GC(33) Concurrent cleanup
[313.632s][info][gc          ] GC(33) Concurrent cleanup 7145M->5317M(8192M) 0.036ms
[313.632s][info][gc,ergo     ] GC(33) Free: 2463M, Max: 4096K regular, 516M humongous, Frag: 79% external, 0% internal; Reserve: 411M, Max: 4096K
[313.632s][info][gc,start    ] GC(33) Concurrent strong roots
[313.632s][info][gc,task     ] GC(33) Using 2 of 4 workers for concurrent strong root
[313.638s][info][gc          ] GC(33) Concurrent strong roots 5.335ms
[313.638s][info][gc,start    ] GC(33) Concurrent evacuation
[313.638s][info][gc,task     ] GC(33) Using 2 of 4 workers for concurrent evacuation
[313.684s][info][gc          ] GC(33) Concurrent evacuation 46.796ms
[313.684s][info][gc,start    ] GC(33) Pause Init Update Refs
[313.684s][info][gc,ergo     ] GC(33) Pacer for Update Refs. Used: 5440M, Free: 2439M, Non-Taxable: 243M, Alloc Tax Rate: 2.7x
[313.684s][info][gc          ] GC(33) Pause Init Update Refs 0.044ms
[313.684s][info][gc,start    ] GC(33) Concurrent update references
[313.685s][info][gc,task     ] GC(33) Using 2 of 4 workers for concurrent reference update
[313.831s][info][gc          ] GC(33) Concurrent update references 146.480ms
[313.831s][info][gc,start    ] GC(33) Concurrent update thread roots
[313.832s][info][gc          ] GC(33) Concurrent update thread roots 1.459ms
[313.833s][info][gc,start    ] GC(33) Pause Final Update Refs
[313.833s][info][gc,task     ] GC(33) Using 4 of 4 workers for final reference update
[313.833s][info][gc          ] GC(33) Pause Final Update Refs 0.099ms
[313.833s][info][gc,start    ] GC(33) Concurrent cleanup
[313.833s][info][gc          ] GC(33) Concurrent cleanup 5520M->772M(8192M) 0.063ms
[313.833s][info][gc,ergo     ] Free: 7007M, Max: 4096K regular, 5120M humongous, Frag: 27% external, 0% internal; Reserve: 412M, Max: 4096K
[313.833s][info][gc,stats    ] 
[313.833s][info][gc,stats    ] All times are wall-clock times, except per-root-class counters, that are sum over
[313.833s][info][gc,stats    ] all workers. Dividing the <total> over the root stage time estimates parallelism.
[313.833s][info][gc,stats    ] 
[313.833s][info][gc,stats    ] Concurrent Reset                  17200 us
[313.833s][info][gc,stats    ] Pause Init Mark (G)                 206 us
[313.833s][info][gc,stats    ] Pause Init Mark (N)                 130 us
[313.833s][info][gc,stats    ]   Update Region States               41 us
[313.833s][info][gc,stats    ] Concurrent Mark Roots              7390 us, parallelism: 1.94x
[313.833s][info][gc,stats    ]   CMR: <total>                    14352 us
[313.833s][info][gc,stats    ]   CMR: Thread Roots                1633 us, workers (us): 815, 818, ---, ---, 
[313.833s][info][gc,stats    ]   CMR: Code Cache Roots           11996 us, workers (us): 5650, 6347, ---, ---, 
[313.833s][info][gc,stats    ]   CMR: VM Strong Roots               16 us, workers (us):  16,   0, ---, ---, 
[313.833s][info][gc,stats    ]   CMR: CLDG Roots                   707 us, workers (us): 707, ---, ---, ---, 
[313.833s][info][gc,stats    ] Concurrent Marking               225575 us
[313.833s][info][gc,stats    ] Pause Final Mark (G)                412 us
[313.833s][info][gc,stats    ] Pause Final Mark (N)                318 us
[313.833s][info][gc,stats    ]   Finish Mark                        67 us
[313.833s][info][gc,stats    ]   Update Region States               44 us
[313.833s][info][gc,stats    ]   Choose Collection Set             131 us
[313.833s][info][gc,stats    ]   Rebuild Free Set                   10 us
[313.833s][info][gc,stats    ] Concurrent Thread Roots             845 us, parallelism: 1.80x
[313.833s][info][gc,stats    ]   CTR: <total>                     1521 us
[313.833s][info][gc,stats    ]   CTR: Thread Roots                1521 us, workers (us): 773, 748, ---, ---, 
[313.833s][info][gc,stats    ] Concurrent Weak References          567 us, parallelism: 0.90x
[313.833s][info][gc,stats    ]   CWRF: <total>                     508 us
[313.833s][info][gc,stats    ]   CWRF: Weak References             508 us, workers (us):  47, 461, ---, ---, 
[313.833s][info][gc,stats    ] Concurrent Weak Roots               893 us
[313.833s][info][gc,stats    ]   Roots                             807 us, parallelism: 1.79x
[313.833s][info][gc,stats    ]     CWR: <total>                   1442 us
[313.833s][info][gc,stats    ]     CWR: VM Weak Roots             1442 us, workers (us): 722, 720, ---, ---, 
[313.833s][info][gc,stats    ]   Rendezvous                         50 us
[313.833s][info][gc,stats    ] Concurrent Cleanup                   47 us
[313.833s][info][gc,stats    ] Concurrent Strong Roots            5356 us, parallelism: 1.95x
[313.833s][info][gc,stats    ]   CSR: <total>                    10467 us
[313.833s][info][gc,stats    ]   CSR: Code Cache Roots           10229 us, workers (us): 5203, 5026, ---, ---, 
[313.833s][info][gc,stats    ]   CSR: VM Strong Roots                7 us, workers (us):   3,   3, ---, ---, 
[313.833s][info][gc,stats    ]   CSR: CLDG Roots                   231 us, workers (us): ---, 231, ---, ---, 
[313.833s][info][gc,stats    ] Concurrent Evacuation             46847 us
[313.833s][info][gc,stats    ] Pause Init Update Refs (G)          111 us
[313.833s][info][gc,stats    ] Pause Init Update Refs (N)           55 us
[313.833s][info][gc,stats    ]   Manage GCLABs                       4 us
[313.833s][info][gc,stats    ] Concurrent Update Refs           146526 us
[313.833s][info][gc,stats    ] Concurrent Update Thread Roots     1485 us
[313.833s][info][gc,stats    ] Pause Final Update Refs (G)         151 us
[313.833s][info][gc,stats    ] Pause Final Update Refs (N)         120 us
[313.833s][info][gc,stats    ]   Update Region States               37 us
[313.833s][info][gc,stats    ]   Trash Collection Set               14 us
[313.833s][info][gc,stats    ]   Rebuild Free Set                   12 us
[313.833s][info][gc,stats    ] Concurrent Cleanup                   76 us
[313.833s][info][gc,stats    ] 
[313.833s][info][gc,stats    ] Allocation pacing accrued:
[313.833s][info][gc,stats    ]       0 of  8726 ms (  0.0%): <total>
[313.833s][info][gc,stats    ]       0 of  8726 ms (  0.0%): <average total>
[313.833s][info][gc,stats    ] 
[313.833s][info][gc,metaspace] Metaspace: 134428K(135872K)->134428K(135872K) NonClass: 113552K(114368K)->113552K(114368K) Class: 20875K(21504K)->20875K(21504K)
[313.833s][info][gc,ergo     ] Pacer for Idle. Initial: 163M, Alloc Tax Rate: 1.0x
[324.826s][info][gc          ] Trigger: Free (815M) is below minimum threshold (819M)
[324.826s][info][gc,ergo     ] Free: 815M, Max: 4096K regular, 512M humongous, Frag: 37% external, 0% internal; Reserve: 412M, Max: 4096K
[324.826s][info][gc,start    ] GC(34) Concurrent reset
[324.826s][info][gc,task     ] GC(34) Using 2 of 4 workers for concurrent reset
[324.826s][info][gc,ergo     ] GC(34) Pacer for Reset. Non-Taxable: 8192M
[324.841s][info][gc          ] GC(34) Concurrent reset 14.438ms
[324.841s][info][gc,start    ] GC(34) Pause Init Mark
[324.841s][info][gc,task     ] GC(34) Using 4 of 4 workers for init marking
[324.841s][info][gc,ergo     ] GC(34) Pacer for Mark. Expected Live: 448M, Free: 807M, Non-Taxable: 82720K, Alloc Tax Rate: 0.7x
[324.841s][info][gc          ] GC(34) Pause Init Mark 0.114ms
[324.841s][info][gc,start    ] GC(34) Concurrent marking roots
[324.841s][info][gc,task     ] GC(34) Using 2 of 4 workers for concurrent marking roots
[324.849s][info][gc          ] GC(34) Concurrent marking roots 7.470ms
[324.849s][info][gc,start    ] GC(34) Concurrent marking
[324.849s][info][gc,task     ] GC(34) Using 2 of 4 workers for concurrent marking
[325.049s][info][gc          ] GC(34) Concurrent marking 200.485ms
[325.049s][info][gc,start    ] GC(34) Pause Final Mark
[325.049s][info][gc,task     ] GC(34) Using 4 of 4 workers for final marking
[325.049s][info][gc,ergo     ] GC(34) Adaptive CSet Selection. Target Free: 1160M, Actual Free: 3000M, Max CSet: 341M, Min Garbage: 0B
[325.049s][info][gc,ergo     ] GC(34) Collectable Garbage: 6524M (99%), Immediate: 1924M (29%), CSet: 4600M (70%)
[325.049s][info][gc,ergo     ] GC(34) Pacer for Evacuation. Used CSet: 4660M, Free: 2592M, Non-Taxable: 259M, Alloc Tax Rate: 4.4x
[325.049s][info][gc          ] GC(34) Pause Final Mark 0.291ms
[325.049s][info][gc,start    ] GC(34) Concurrent thread roots
[325.049s][info][gc,task     ] GC(34) Using 2 of 4 workers for Concurrent thread roots
[325.050s][info][gc          ] GC(34) Concurrent thread roots 0.749ms
[325.050s][info][gc,start    ] GC(34) Concurrent weak references
[325.050s][info][gc,task     ] GC(34) Using 2 of 4 workers for concurrent weak references
[325.050s][info][gc,ref      ] GC(34) Encountered references: Soft: 6527, Weak: 23360, Final: 34, Phantom: 747
[325.051s][info][gc,ref      ] GC(34) Discovered  references: Soft: 0, Weak: 4259, Final: 0, Phantom: 612
[325.051s][info][gc,ref      ] GC(34) Enqueued    references: Soft: 0, Weak: 80, Final: 0, Phantom: 61
[325.051s][info][gc          ] GC(34) Concurrent weak references 0.290ms
[325.051s][info][gc,start    ] GC(34) Concurrent weak roots
[325.051s][info][gc,task     ] GC(34) Using 2 of 4 workers for concurrent weak root
[325.051s][info][gc          ] GC(34) Concurrent weak roots 0.861ms
[325.051s][info][gc,start    ] GC(34) Concurrent cleanup
[325.051s][info][gc          ] GC(34) Concurrent cleanup 7122M->5197M(8192M) 0.033ms
[325.051s][info][gc,ergo     ] GC(34) Free: 2582M, Max: 4096K regular, 656M humongous, Frag: 75% external, 0% internal; Reserve: 411M, Max: 4096K
[325.051s][info][gc,start    ] GC(34) Concurrent strong roots
[325.051s][info][gc,task     ] GC(34) Using 2 of 4 workers for concurrent strong root
[325.057s][info][gc          ] GC(34) Concurrent strong roots 5.242ms
[325.057s][info][gc,start    ] GC(34) Concurrent evacuation
[325.057s][info][gc,task     ] GC(34) Using 2 of 4 workers for concurrent evacuation
[325.101s][info][gc          ] GC(34) Concurrent evacuation 44.024ms
[325.101s][info][gc,start    ] GC(34) Pause Init Update Refs
[325.101s][info][gc,ergo     ] GC(34) Pacer for Update Refs. Used: 5285M, Free: 2558M, Non-Taxable: 255M, Alloc Tax Rate: 2.5x
[325.101s][info][gc          ] GC(34) Pause Init Update Refs 0.048ms
[325.101s][info][gc,start    ] GC(34) Concurrent update references
[325.101s][info][gc,task     ] GC(34) Using 2 of 4 workers for concurrent reference update
[325.230s][info][gc          ] GC(34) Concurrent update references 129.179ms
[325.230s][info][gc,start    ] GC(34) Concurrent update thread roots
[325.232s][info][gc          ] GC(34) Concurrent update thread roots 1.382ms
[325.232s][info][gc,start    ] GC(34) Pause Final Update Refs
[325.232s][info][gc,task     ] GC(34) Using 4 of 4 workers for final reference update
[325.232s][info][gc          ] GC(34) Pause Final Update Refs 0.093ms
[325.232s][info][gc,start    ] GC(34) Concurrent cleanup
[325.232s][info][gc          ] GC(34) Concurrent cleanup 5352M->692M(8192M) 0.070ms
[325.232s][info][gc,ergo     ] Free: 7087M, Max: 4096K regular, 5392M humongous, Frag: 24% external, 0% internal; Reserve: 412M, Max: 4096K
[325.232s][info][gc,stats    ] 
[325.232s][info][gc,stats    ] All times are wall-clock times, except per-root-class counters, that are sum over
[325.232s][info][gc,stats    ] all workers. Dividing the <total> over the root stage time estimates parallelism.
[325.232s][info][gc,stats    ] 
[325.232s][info][gc,stats    ] Concurrent Reset                  14506 us
[325.232s][info][gc,stats    ] Pause Init Mark (G)                 154 us
[325.232s][info][gc,stats    ] Pause Init Mark (N)                 126 us
[325.232s][info][gc,stats    ]   Update Region States               42 us
[325.232s][info][gc,stats    ] Concurrent Mark Roots              7496 us, parallelism: 1.95x
[325.232s][info][gc,stats    ]   CMR: <total>                    14635 us
[325.232s][info][gc,stats    ]   CMR: Thread Roots                1538 us, workers (us): 808, 730, ---, ---, 
[325.232s][info][gc,stats    ]   CMR: Code Cache Roots           12431 us, workers (us): 5864, 6567, ---, ---, 
[325.232s][info][gc,stats    ]   CMR: VM Strong Roots               13 us, workers (us):  13,   0, ---, ---, 
[325.232s][info][gc,stats    ]   CMR: CLDG Roots                   653 us, workers (us): 653, ---, ---, ---, 
[325.232s][info][gc,stats    ] Concurrent Marking               200525 us
[325.232s][info][gc,stats    ] Pause Final Mark (G)                328 us
[325.232s][info][gc,stats    ] Pause Final Mark (N)                301 us
[325.232s][info][gc,stats    ]   Finish Mark                        61 us
[325.232s][info][gc,stats    ]   Update Region States               17 us
[325.232s][info][gc,stats    ]   Choose Collection Set             143 us
[325.232s][info][gc,stats    ]   Rebuild Free Set                    9 us
[325.232s][info][gc,stats    ] Concurrent Thread Roots             767 us, parallelism: 1.83x
[325.232s][info][gc,stats    ]   CTR: <total>                     1406 us
[325.232s][info][gc,stats    ]   CTR: Thread Roots                1406 us, workers (us): 711, 695, ---, ---, 
[325.232s][info][gc,stats    ] Concurrent Weak References          300 us, parallelism: 0.98x
[325.232s][info][gc,stats    ]   CWRF: <total>                     294 us
[325.232s][info][gc,stats    ]   CWRF: Weak References             294 us, workers (us): 186, 107, ---, ---, 
[325.232s][info][gc,stats    ] Concurrent Weak Roots               875 us
[325.232s][info][gc,stats    ]   Roots                             818 us, parallelism: 1.79x
[325.232s][info][gc,stats    ]     CWR: <total>                   1464 us
[325.232s][info][gc,stats    ]     CWR: VM Weak Roots             1464 us, workers (us): 734, 730, ---, ---, 
[325.232s][info][gc,stats    ]   Rendezvous                         22 us
[325.232s][info][gc,stats    ] Concurrent Cleanup                   46 us
[325.232s][info][gc,stats    ] Concurrent Strong Roots            5269 us, parallelism: 1.96x
[325.232s][info][gc,stats    ]   CSR: <total>                    10325 us
[325.232s][info][gc,stats    ]   CSR: Code Cache Roots           10098 us, workers (us): 5169, 4929, ---, ---, 
[325.232s][info][gc,stats    ]   CSR: VM Strong Roots                7 us, workers (us):   4,   3, ---, ---, 
[325.232s][info][gc,stats    ]   CSR: CLDG Roots                   220 us, workers (us): ---, 220, ---, ---, 
[325.232s][info][gc,stats    ] Concurrent Evacuation             44076 us
[325.232s][info][gc,stats    ] Pause Init Update Refs (G)           83 us
[325.232s][info][gc,stats    ] Pause Init Update Refs (N)           59 us
[325.232s][info][gc,stats    ]   Manage GCLABs                       6 us
[325.232s][info][gc,stats    ] Concurrent Update Refs           129214 us
[325.232s][info][gc,stats    ] Concurrent Update Thread Roots     1407 us
[325.232s][info][gc,stats    ] Pause Final Update Refs (G)         179 us
[325.232s][info][gc,stats    ] Pause Final Update Refs (N)         120 us
[325.232s][info][gc,stats    ]   Update Region States               36 us
[325.232s][info][gc,stats    ]   Trash Collection Set               10 us
[325.232s][info][gc,stats    ]   Rebuild Free Set                   10 us
[325.232s][info][gc,stats    ] Concurrent Cleanup                   84 us
[325.232s][info][gc,stats    ] 
[325.232s][info][gc,stats    ] Allocation pacing accrued:
[325.232s][info][gc,stats    ]       0 of 11399 ms (  0.0%): <total>
[325.232s][info][gc,stats    ]       0 of 11399 ms (  0.0%): <average total>
[325.232s][info][gc,stats    ] 
[325.232s][info][gc,metaspace] Metaspace: 134730K(136256K)->134730K(136256K) NonClass: 113804K(114688K)->113804K(114688K) Class: 20926K(21568K)->20926K(21568K)
[325.232s][info][gc,ergo     ] Pacer for Idle. Initial: 163M, Alloc Tax Rate: 1.0x
[333.466s][info][gc          ] Trigger: Free (818M) is below minimum threshold (819M)
[333.466s][info][gc,ergo     ] Free: 818M, Max: 4096K regular, 692M humongous, Frag: 16% external, 0% internal; Reserve: 412M, Max: 4096K
[333.466s][info][gc,start    ] GC(35) Concurrent reset
[333.466s][info][gc,task     ] GC(35) Using 2 of 4 workers for concurrent reset
[333.466s][info][gc,ergo     ] GC(35) Pacer for Reset. Non-Taxable: 8192M
[333.483s][info][gc          ] GC(35) Concurrent reset 16.883ms
[333.483s][info][gc,start    ] GC(35) Pause Init Mark
[333.483s][info][gc,task     ] GC(35) Using 4 of 4 workers for init marking
[333.483s][info][gc,ergo     ] GC(35) Pacer for Mark. Expected Live: 440M, Free: 814M, Non-Taxable: 83387K, Alloc Tax Rate: 0.7x
[333.483s][info][gc          ] GC(35) Pause Init Mark 0.128ms
[333.483s][info][gc,start    ] GC(35) Concurrent marking roots
[333.483s][info][gc,task     ] GC(35) Using 2 of 4 workers for concurrent marking roots
[333.491s][info][gc          ] GC(35) Concurrent marking roots 7.708ms
[333.491s][info][gc,start    ] GC(35) Concurrent marking
[333.491s][info][gc,task     ] GC(35) Using 2 of 4 workers for concurrent marking
[333.708s][info][gc          ] GC(35) Concurrent marking 217.655ms
[333.708s][info][gc,start    ] GC(35) Pause Final Mark
[333.708s][info][gc,task     ] GC(35) Using 4 of 4 workers for final marking
[333.709s][info][gc,ergo     ] GC(35) Adaptive CSet Selection. Target Free: 1160M, Actual Free: 2744M, Max CSet: 341M, Min Garbage: 0B
[333.709s][info][gc,ergo     ] GC(35) Collectable Garbage: 6493M (99%), Immediate: 1712M (26%), CSet: 4781M (73%)
[333.709s][info][gc,ergo     ] GC(35) Pacer for Evacuation. Used CSet: 4868M, Free: 2332M, Non-Taxable: 233M, Alloc Tax Rate: 5.1x
[333.709s][info][gc          ] GC(35) Pause Final Mark 0.301ms
[333.709s][info][gc,start    ] GC(35) Concurrent thread roots
[333.709s][info][gc,task     ] GC(35) Using 2 of 4 workers for Concurrent thread roots
[333.710s][info][gc          ] GC(35) Concurrent thread roots 0.730ms
[333.710s][info][gc,start    ] GC(35) Concurrent weak references
[333.710s][info][gc,task     ] GC(35) Using 2 of 4 workers for concurrent weak references
[333.710s][info][gc,ref      ] GC(35) Encountered references: Soft: 6536, Weak: 23318, Final: 34, Phantom: 707
[333.710s][info][gc,ref      ] GC(35) Discovered  references: Soft: 0, Weak: 11842, Final: 0, Phantom: 572
[333.710s][info][gc,ref      ] GC(35) Enqueued    references: Soft: 0, Weak: 17, Final: 0, Phantom: 11
[333.710s][info][gc          ] GC(35) Concurrent weak references 0.515ms
[333.710s][info][gc,start    ] GC(35) Concurrent weak roots
[333.710s][info][gc,task     ] GC(35) Using 2 of 4 workers for concurrent weak root
[333.711s][info][gc          ] GC(35) Concurrent weak roots 0.890ms
[333.711s][info][gc,start    ] GC(35) Concurrent cleanup
[333.711s][info][gc          ] GC(35) Concurrent cleanup 7169M->5457M(8192M) 0.036ms
[333.711s][info][gc,ergo     ] GC(35) Free: 2323M, Max: 4096K regular, 608M humongous, Frag: 74% external, 0% internal; Reserve: 411M, Max: 4096K
[333.711s][info][gc,start    ] GC(35) Concurrent strong roots
[333.711s][info][gc,task     ] GC(35) Using 2 of 4 workers for concurrent strong root
[333.716s][info][gc          ] GC(35) Concurrent strong roots 5.435ms
[333.716s][info][gc,start    ] GC(35) Concurrent evacuation
[333.717s][info][gc,task     ] GC(35) Using 2 of 4 workers for concurrent evacuation
[333.759s][info][gc          ] GC(35) Concurrent evacuation 42.440ms
[333.759s][info][gc,start    ] GC(35) Pause Init Update Refs
[333.759s][info][gc,ergo     ] GC(35) Pacer for Update Refs. Used: 5556M, Free: 2311M, Non-Taxable: 231M, Alloc Tax Rate: 2.9x
[333.759s][info][gc          ] GC(35) Pause Init Update Refs 0.046ms
[333.759s][info][gc,start    ] GC(35) Concurrent update references
[333.759s][info][gc,task     ] GC(35) Using 2 of 4 workers for concurrent reference update
[333.898s][info][gc          ] GC(35) Concurrent update references 139.373ms
[333.898s][info][gc,start    ] GC(35) Concurrent update thread roots
[333.900s][info][gc          ] GC(35) Concurrent update thread roots 1.412ms
[333.900s][info][gc,start    ] GC(35) Pause Final Update Refs
[333.900s][info][gc,task     ] GC(35) Using 4 of 4 workers for final reference update
[333.900s][info][gc          ] GC(35) Pause Final Update Refs 0.092ms
[333.900s][info][gc,start    ] GC(35) Concurrent cleanup
[333.900s][info][gc          ] GC(35) Concurrent cleanup 5651M->783M(8192M) 0.070ms
[333.900s][info][gc,ergo     ] Free: 6996M, Max: 4096K regular, 5272M humongous, Frag: 25% external, 0% internal; Reserve: 412M, Max: 4096K
[333.900s][info][gc,stats    ] 
[333.900s][info][gc,stats    ] All times are wall-clock times, except per-root-class counters, that are sum over
[333.900s][info][gc,stats    ] all workers. Dividing the <total> over the root stage time estimates parallelism.
[333.900s][info][gc,stats    ] 
[333.900s][info][gc,stats    ] Concurrent Reset                  16991 us
[333.900s][info][gc,stats    ] Pause Init Mark (G)                 240 us
[333.900s][info][gc,stats    ] Pause Init Mark (N)                 139 us
[333.900s][info][gc,stats    ]   Update Region States               44 us
[333.900s][info][gc,stats    ] Concurrent Mark Roots              7786 us, parallelism: 1.92x
[333.900s][info][gc,stats    ]   CMR: <total>                    14961 us
[333.900s][info][gc,stats    ]   CMR: Thread Roots                1329 us, workers (us): 652, 677, ---, ---, 
[333.900s][info][gc,stats    ]   CMR: Code Cache Roots           12942 us, workers (us): 6159, 6783, ---, ---, 
[333.900s][info][gc,stats    ]   CMR: VM Strong Roots               16 us, workers (us):  15,   0, ---, ---, 
[333.900s][info][gc,stats    ]   CMR: CLDG Roots                   675 us, workers (us): 675, ---, ---, ---, 
[333.900s][info][gc,stats    ] Concurrent Marking               217693 us
[333.900s][info][gc,stats    ] Pause Final Mark (G)                339 us
[333.900s][info][gc,stats    ] Pause Final Mark (N)                312 us
[333.900s][info][gc,stats    ]   Finish Mark                        72 us
[333.900s][info][gc,stats    ]   Update Region States               17 us
[333.900s][info][gc,stats    ]   Choose Collection Set             146 us
[333.900s][info][gc,stats    ]   Rebuild Free Set                   11 us
[333.900s][info][gc,stats    ] Concurrent Thread Roots             747 us, parallelism: 1.83x
[333.900s][info][gc,stats    ]   CTR: <total>                     1369 us
[333.900s][info][gc,stats    ]   CTR: Thread Roots                1369 us, workers (us): 689, 680, ---, ---, 
[333.900s][info][gc,stats    ] Concurrent Weak References          525 us, parallelism: 0.89x
[333.900s][info][gc,stats    ]   CWRF: <total>                     469 us
[333.900s][info][gc,stats    ]   CWRF: Weak References             469 us, workers (us):  17, 452, ---, ---, 
[333.900s][info][gc,stats    ] Concurrent Weak Roots               906 us
[333.901s][info][gc,stats    ]   Roots                             847 us, parallelism: 1.80x
[333.901s][info][gc,stats    ]     CWR: <total>                   1522 us
[333.901s][info][gc,stats    ]     CWR: VM Weak Roots             1522 us, workers (us): 762, 759, ---, ---, 
[333.901s][info][gc,stats    ]   Rendezvous                         23 us
[333.901s][info][gc,stats    ] Concurrent Cleanup                   51 us
[333.901s][info][gc,stats    ] Concurrent Strong Roots            5460 us, parallelism: 1.95x
[333.901s][info][gc,stats    ]   CSR: <total>                    10627 us
[333.901s][info][gc,stats    ]   CSR: Code Cache Roots           10316 us, workers (us): 5035, 5281, ---, ---, 
[333.901s][info][gc,stats    ]   CSR: VM Strong Roots                8 us, workers (us):   4,   4, ---, ---, 
[333.901s][info][gc,stats    ]   CSR: CLDG Roots                   303 us, workers (us): 303, ---, ---, ---, 
[333.901s][info][gc,stats    ] Concurrent Evacuation             42480 us
[333.901s][info][gc,stats    ] Pause Init Update Refs (G)          114 us
[333.901s][info][gc,stats    ] Pause Init Update Refs (N)           57 us
[333.901s][info][gc,stats    ]   Manage GCLABs                       5 us
[333.901s][info][gc,stats    ] Concurrent Update Refs           139411 us
[333.901s][info][gc,stats    ] Concurrent Update Thread Roots     1430 us
[333.901s][info][gc,stats    ] Pause Final Update Refs (G)         165 us
[333.901s][info][gc,stats    ] Pause Final Update Refs (N)         116 us
[333.901s][info][gc,stats    ]   Update Region States               29 us
[333.901s][info][gc,stats    ]   Trash Collection Set               14 us
[333.901s][info][gc,stats    ]   Rebuild Free Set                   11 us
[333.901s][info][gc,stats    ] Concurrent Cleanup                   85 us
[333.901s][info][gc,stats    ] 
[333.901s][info][gc,stats    ] Allocation pacing accrued:
[333.901s][info][gc,stats    ]       0 of  8668 ms (  0.0%): <total>
[333.901s][info][gc,stats    ]       0 of  8668 ms (  0.0%): <average total>
[333.901s][info][gc,stats    ] 
[333.901s][info][gc,metaspace] Metaspace: 134861K(136320K)->134861K(136320K) NonClass: 113918K(114752K)->113918K(114752K) Class: 20943K(21568K)->20943K(21568K)
[333.901s][info][gc,ergo     ] Pacer for Idle. Initial: 163M, Alloc Tax Rate: 1.0x
[342.373s][info][gc          ] Trigger: Free (819M) is below minimum threshold (819M)
[342.373s][info][gc,ergo     ] Free: 819M, Max: 4096K regular, 584M humongous, Frag: 29% external, 0% internal; Reserve: 412M, Max: 4096K
[342.373s][info][gc,start    ] GC(36) Concurrent reset
[342.373s][info][gc,task     ] GC(36) Using 2 of 4 workers for concurrent reset
[342.373s][info][gc,ergo     ] GC(36) Pacer for Reset. Non-Taxable: 8192M
[342.390s][info][gc          ] GC(36) Concurrent reset 17.011ms
[342.390s][info][gc,start    ] GC(36) Pause Init Mark
[342.391s][info][gc,task     ] GC(36) Using 4 of 4 workers for init marking
[342.391s][info][gc,ergo     ] GC(36) Pacer for Mark. Expected Live: 439M, Free: 806M, Non-Taxable: 82539K, Alloc Tax Rate: 0.7x
[342.391s][info][gc          ] GC(36) Pause Init Mark 0.111ms
[342.391s][info][gc,start    ] GC(36) Concurrent marking roots
[342.391s][info][gc,task     ] GC(36) Using 2 of 4 workers for concurrent marking roots
[342.398s][info][gc          ] GC(36) Concurrent marking roots 7.441ms
[342.398s][info][gc,start    ] GC(36) Concurrent marking
[342.398s][info][gc,task     ] GC(36) Using 2 of 4 workers for concurrent marking
[342.615s][info][gc          ] GC(36) Concurrent marking 216.874ms
[342.615s][info][gc,start    ] GC(36) Pause Final Mark
[342.615s][info][gc,task     ] GC(36) Using 4 of 4 workers for final marking
[342.615s][info][gc,ergo     ] GC(36) Adaptive CSet Selection. Target Free: 1160M, Actual Free: 3112M, Max CSet: 341M, Min Garbage: 0B
[342.615s][info][gc,ergo     ] GC(36) Collectable Garbage: 6507M (99%), Immediate: 2032M (31%), CSet: 4475M (68%)
[342.615s][info][gc,ergo     ] GC(36) Pacer for Evacuation. Used CSet: 4553M, Free: 2700M, Non-Taxable: 270M, Alloc Tax Rate: 4.1x
[342.615s][info][gc          ] GC(36) Pause Final Mark 0.325ms
[342.615s][info][gc,start    ] GC(36) Concurrent thread roots
[342.615s][info][gc,task     ] GC(36) Using 2 of 4 workers for Concurrent thread roots
[342.616s][info][gc          ] GC(36) Concurrent thread roots 0.898ms
[342.616s][info][gc,start    ] GC(36) Concurrent weak references
[342.616s][info][gc,task     ] GC(36) Using 2 of 4 workers for concurrent weak references
[342.617s][info][gc,ref      ] GC(36) Encountered references: Soft: 6536, Weak: 23305, Final: 34, Phantom: 700
[342.617s][info][gc,ref      ] GC(36) Discovered  references: Soft: 0, Weak: 10587, Final: 0, Phantom: 573
[342.617s][info][gc,ref      ] GC(36) Enqueued    references: Soft: 0, Weak: 3, Final: 0, Phantom: 1
[342.617s][info][gc          ] GC(36) Concurrent weak references 0.458ms
[342.617s][info][gc,start    ] GC(36) Concurrent weak roots
[342.617s][info][gc,task     ] GC(36) Using 2 of 4 workers for concurrent weak root
[342.618s][info][gc          ] GC(36) Concurrent weak roots 0.909ms
[342.618s][info][gc,start    ] GC(36) Concurrent cleanup
[342.618s][info][gc          ] GC(36) Concurrent cleanup 7121M->5089M(8192M) 0.036ms
[342.618s][info][gc,ergo     ] GC(36) Free: 2688M, Max: 4096K regular, 584M humongous, Frag: 79% external, 0% internal; Reserve: 411M, Max: 4096K
[342.618s][info][gc,start    ] GC(36) Concurrent strong roots
[342.618s][info][gc,task     ] GC(36) Using 2 of 4 workers for concurrent strong root
[342.623s][info][gc          ] GC(36) Concurrent strong roots 5.315ms
[342.623s][info][gc,start    ] GC(36) Concurrent evacuation
[342.623s][info][gc,task     ] GC(36) Using 2 of 4 workers for concurrent evacuation
[342.663s][info][gc          ] GC(36) Concurrent evacuation 39.966ms
[342.663s][info][gc,start    ] GC(36) Pause Init Update Refs
[342.663s][info][gc,ergo     ] GC(36) Pacer for Update Refs. Used: 5195M, Free: 2665M, Non-Taxable: 266M, Alloc Tax Rate: 2.4x
[342.663s][info][gc          ] GC(36) Pause Init Update Refs 0.043ms
[342.663s][info][gc,start    ] GC(36) Concurrent update references
[342.663s][info][gc,task     ] GC(36) Using 2 of 4 workers for concurrent reference update
[342.790s][info][gc          ] GC(36) Concurrent update references 126.347ms
[342.790s][info][gc,start    ] GC(36) Concurrent update thread roots
[342.791s][info][gc          ] GC(36) Concurrent update thread roots 1.376ms
[342.791s][info][gc,start    ] GC(36) Pause Final Update Refs
[342.791s][info][gc,task     ] GC(36) Using 4 of 4 workers for final reference update
[342.791s][info][gc          ] GC(36) Pause Final Update Refs 0.096ms
[342.791s][info][gc,start    ] GC(36) Concurrent cleanup
[342.791s][info][gc          ] GC(36) Concurrent cleanup 5260M->707M(8192M) 0.070ms
[342.791s][info][gc,ergo     ] Free: 7072M, Max: 4096K regular, 5204M humongous, Frag: 27% external, 0% internal; Reserve: 412M, Max: 4096K
[342.791s][info][gc,stats    ] 
[342.791s][info][gc,stats    ] All times are wall-clock times, except per-root-class counters, that are sum over
[342.791s][info][gc,stats    ] all workers. Dividing the <total> over the root stage time estimates parallelism.
[342.791s][info][gc,stats    ] 
[342.791s][info][gc,stats    ] Concurrent Reset                  17084 us
[342.791s][info][gc,stats    ] Pause Init Mark (G)                 245 us
[342.791s][info][gc,stats    ] Pause Init Mark (N)                 122 us
[342.791s][info][gc,stats    ]   Update Region States               43 us
[342.791s][info][gc,stats    ] Concurrent Mark Roots              7468 us, parallelism: 1.92x
[342.791s][info][gc,stats    ]   CMR: <total>                    14329 us
[342.791s][info][gc,stats    ]   CMR: Thread Roots                1358 us, workers (us): 651, 707, ---, ---, 
[342.791s][info][gc,stats    ]   CMR: Code Cache Roots           12122 us, workers (us): 5669, 6453, ---, ---, 
[342.791s][info][gc,stats    ]   CMR: VM Strong Roots               20 us, workers (us):   9,  10, ---, ---, 
[342.791s][info][gc,stats    ]   CMR: CLDG Roots                   829 us, workers (us): 829, ---, ---, ---, 
[342.791s][info][gc,stats    ] Concurrent Marking               216921 us
[342.792s][info][gc,stats    ] Pause Final Mark (G)                352 us
[342.792s][info][gc,stats    ] Pause Final Mark (N)                336 us
[342.792s][info][gc,stats    ]   Finish Mark                        72 us
[342.792s][info][gc,stats    ]   Update Region States               56 us
[342.792s][info][gc,stats    ]   Choose Collection Set             130 us
[342.792s][info][gc,stats    ]   Rebuild Free Set                   10 us
[342.792s][info][gc,stats    ] Concurrent Thread Roots             917 us, parallelism: 1.82x
[342.792s][info][gc,stats    ]   CTR: <total>                     1671 us
[342.792s][info][gc,stats    ]   CTR: Thread Roots                1671 us, workers (us): 861, 810, ---, ---, 
[342.792s][info][gc,stats    ] Concurrent Weak References          469 us, parallelism: 1.17x
[342.792s][info][gc,stats    ]   CWRF: <total>                     548 us
[342.792s][info][gc,stats    ]   CWRF: Weak References             548 us, workers (us): 392, 156, ---, ---, 
[342.792s][info][gc,stats    ] Concurrent Weak Roots               925 us
[342.792s][info][gc,stats    ]   Roots                             867 us, parallelism: 1.76x
[342.792s][info][gc,stats    ]     CWR: <total>                   1528 us
[342.792s][info][gc,stats    ]     CWR: VM Weak Roots             1528 us, workers (us): 780, 748, ---, ---, 
[342.792s][info][gc,stats    ]   Rendezvous                         21 us
[342.792s][info][gc,stats    ] Concurrent Cleanup                   48 us
[342.792s][info][gc,stats    ] Concurrent Strong Roots            5336 us, parallelism: 1.95x
[342.792s][info][gc,stats    ]   CSR: <total>                    10413 us
[342.792s][info][gc,stats    ]   CSR: Code Cache Roots           10164 us, workers (us): 4961, 5202, ---, ---, 
[342.792s][info][gc,stats    ]   CSR: VM Strong Roots                7 us, workers (us):   6,   0, ---, ---, 
[342.792s][info][gc,stats    ]   CSR: CLDG Roots                   243 us, workers (us): 243, ---, ---, ---, 
[342.792s][info][gc,stats    ] Concurrent Evacuation             40003 us
[342.792s][info][gc,stats    ] Pause Init Update Refs (G)          162 us
[342.792s][info][gc,stats    ] Pause Init Update Refs (N)           54 us
[342.792s][info][gc,stats    ]   Manage GCLABs                       6 us
[342.792s][info][gc,stats    ] Concurrent Update Refs           126398 us
[342.792s][info][gc,stats    ] Concurrent Update Thread Roots     1390 us
[342.792s][info][gc,stats    ] Pause Final Update Refs (G)         137 us
[342.792s][info][gc,stats    ] Pause Final Update Refs (N)         110 us
[342.792s][info][gc,stats    ]   Update Region States               30 us
[342.792s][info][gc,stats    ]   Trash Collection Set               14 us
[342.792s][info][gc,stats    ]   Rebuild Free Set                   11 us
[342.792s][info][gc,stats    ] Concurrent Cleanup                   85 us
[342.792s][info][gc,stats    ] 
[342.792s][info][gc,stats    ] Allocation pacing accrued:
[342.792s][info][gc,stats    ]       0 of  8891 ms (  0.0%): <total>
[342.792s][info][gc,stats    ]       0 of  8891 ms (  0.0%): <average total>
[342.792s][info][gc,stats    ] 
[342.792s][info][gc,metaspace] Metaspace: 134906K(136384K)->134906K(136384K) NonClass: 113958K(114816K)->113958K(114816K) Class: 20948K(21568K)->20948K(21568K)
[342.792s][info][gc,ergo     ] Pacer for Idle. Initial: 163M, Alloc Tax Rate: 1.0x
[352.019s][info][gc          ] Trigger: Free (816M) is below minimum threshold (819M)
[352.019s][info][gc,ergo     ] Free: 816M, Max: 4096K regular, 744M humongous, Frag: 9% external, 0% internal; Reserve: 412M, Max: 4096K
[352.019s][info][gc,start    ] GC(37) Concurrent reset
[352.019s][info][gc,task     ] GC(37) Using 2 of 4 workers for concurrent reset
[352.019s][info][gc,ergo     ] GC(37) Pacer for Reset. Non-Taxable: 8192M
[352.032s][info][gc          ] GC(37) Concurrent reset 12.333ms
[352.032s][info][gc,start    ] GC(37) Pause Init Mark
[352.032s][info][gc,task     ] GC(37) Using 4 of 4 workers for init marking
[352.032s][info][gc,ergo     ] GC(37) Pacer for Mark. Expected Live: 441M, Free: 812M, Non-Taxable: 83204K, Alloc Tax Rate: 0.7x
[352.032s][info][gc          ] GC(37) Pause Init Mark 0.110ms
[352.032s][info][gc,start    ] GC(37) Concurrent marking roots
[352.032s][info][gc,task     ] GC(37) Using 2 of 4 workers for concurrent marking roots
[352.040s][info][gc          ] GC(37) Concurrent marking roots 8.338ms
[352.040s][info][gc,start    ] GC(37) Concurrent marking
[352.040s][info][gc,task     ] GC(37) Using 2 of 4 workers for concurrent marking
[352.254s][info][gc          ] GC(37) Concurrent marking 213.614ms
[352.254s][info][gc,start    ] GC(37) Pause Final Mark
[352.254s][info][gc,task     ] GC(37) Using 4 of 4 workers for final marking
[352.254s][info][gc,ergo     ] GC(37) Adaptive CSet Selection. Target Free: 1160M, Actual Free: 2300M, Max CSet: 341M, Min Garbage: 0B
[352.254s][info][gc,ergo     ] GC(37) Collectable Garbage: 6509M (99%), Immediate: 1236M (18%), CSet: 5273M (80%)
[352.254s][info][gc,ergo     ] GC(37) Pacer for Evacuation. Used CSet: 5344M, Free: 1888M, Non-Taxable: 188M, Alloc Tax Rate: 6.9x
[352.254s][info][gc          ] GC(37) Pause Final Mark 0.332ms
[352.254s][info][gc,start    ] GC(37) Concurrent thread roots
[352.254s][info][gc,task     ] GC(37) Using 2 of 4 workers for Concurrent thread roots
[352.255s][info][gc          ] GC(37) Concurrent thread roots 0.776ms
[352.255s][info][gc,start    ] GC(37) Concurrent weak references
[352.255s][info][gc,task     ] GC(37) Using 2 of 4 workers for concurrent weak references
[352.255s][info][gc,ref      ] GC(37) Encountered references: Soft: 6536, Weak: 23305, Final: 34, Phantom: 702
[352.255s][info][gc,ref      ] GC(37) Discovered  references: Soft: 0, Weak: 580, Final: 0, Phantom: 559
[352.255s][info][gc,ref      ] GC(37) Enqueued    references: Soft: 0, Weak: 2, Final: 0, Phantom: 0
[352.255s][info][gc          ] GC(37) Concurrent weak references 0.123ms
[352.255s][info][gc,start    ] GC(37) Concurrent weak roots
[352.255s][info][gc,task     ] GC(37) Using 2 of 4 workers for concurrent weak root
[352.256s][info][gc          ] GC(37) Concurrent weak roots 0.965ms
[352.256s][info][gc,start    ] GC(37) Concurrent cleanup
[352.256s][info][gc          ] GC(37) Concurrent cleanup 7136M->5900M(8192M) 0.031ms
[352.256s][info][gc,ergo     ] GC(37) Free: 1879M, Max: 4096K regular, 640M humongous, Frag: 66% external, 0% internal; Reserve: 411M, Max: 4096K
[352.256s][info][gc,start    ] GC(37) Concurrent strong roots
[352.256s][info][gc,task     ] GC(37) Using 2 of 4 workers for concurrent strong root
[352.262s][info][gc          ] GC(37) Concurrent strong roots 5.522ms
[352.262s][info][gc,start    ] GC(37) Concurrent evacuation
[352.262s][info][gc,task     ] GC(37) Using 2 of 4 workers for concurrent evacuation
[352.303s][info][gc          ] GC(37) Concurrent evacuation 40.871ms
[352.303s][info][gc,start    ] GC(37) Pause Init Update Refs
[352.303s][info][gc,ergo     ] GC(37) Pacer for Update Refs. Used: 6012M, Free: 1839M, Non-Taxable: 183M, Alloc Tax Rate: 4.0x
[352.303s][info][gc          ] GC(37) Pause Init Update Refs 0.043ms
[352.303s][info][gc,start    ] GC(37) Concurrent update references
[352.303s][info][gc,task     ] GC(37) Using 2 of 4 workers for concurrent reference update
[352.437s][info][gc          ] GC(37) Concurrent update references 134.600ms
[352.437s][info][gc,start    ] GC(37) Concurrent update thread roots
[352.439s][info][gc          ] GC(37) Concurrent update thread roots 1.375ms
[352.439s][info][gc,start    ] GC(37) Pause Final Update Refs
[352.439s][info][gc,task     ] GC(37) Using 4 of 4 workers for final reference update
[352.439s][info][gc          ] GC(37) Pause Final Update Refs 0.103ms
[352.439s][info][gc,start    ] GC(37) Concurrent cleanup
[352.439s][info][gc          ] GC(37) Concurrent cleanup 6128M->784M(8192M) 0.076ms
[352.439s][info][gc,ergo     ] Free: 6995M, Max: 4096K regular, 5324M humongous, Frag: 24% external, 0% internal; Reserve: 412M, Max: 4096K
[352.439s][info][gc,stats    ] 
[352.439s][info][gc,stats    ] All times are wall-clock times, except per-root-class counters, that are sum over
[352.439s][info][gc,stats    ] all workers. Dividing the <total> over the root stage time estimates parallelism.
[352.439s][info][gc,stats    ] 
[352.439s][info][gc,stats    ] Concurrent Reset                  12392 us
[352.439s][info][gc,stats    ] Pause Init Mark (G)                 211 us
[352.439s][info][gc,stats    ] Pause Init Mark (N)                 122 us
[352.439s][info][gc,stats    ]   Update Region States               41 us
[352.439s][info][gc,stats    ] Concurrent Mark Roots              8370 us, parallelism: 1.93x
[352.439s][info][gc,stats    ]   CMR: <total>                    16190 us
[352.439s][info][gc,stats    ]   CMR: Thread Roots                1361 us, workers (us): 707, 653, ---, ---, 
[352.439s][info][gc,stats    ]   CMR: Code Cache Roots           13802 us, workers (us): 6378, 7424, ---, ---, 
[352.439s][info][gc,stats    ]   CMR: VM Strong Roots               13 us, workers (us):  13,   0, ---, ---, 
[352.439s][info][gc,stats    ]   CMR: CLDG Roots                  1015 us, workers (us): 1015, ---, ---, ---, 
[352.439s][info][gc,stats    ] Concurrent Marking               213650 us
[352.439s][info][gc,stats    ] Pause Final Mark (G)                392 us
[352.439s][info][gc,stats    ] Pause Final Mark (N)                343 us
[352.439s][info][gc,stats    ]   Finish Mark                        72 us
[352.439s][info][gc,stats    ]   Update Region States               41 us
[352.439s][info][gc,stats    ]   Choose Collection Set             155 us
[352.439s][info][gc,stats    ]   Rebuild Free Set                    9 us
[352.439s][info][gc,stats    ] Concurrent Thread Roots             797 us, parallelism: 1.80x
[352.439s][info][gc,stats    ]   CTR: <total>                     1432 us
[352.439s][info][gc,stats    ]   CTR: Thread Roots                1432 us, workers (us): 740, 692, ---, ---, 
[352.439s][info][gc,stats    ] Concurrent Weak References          138 us, parallelism: 0.44x
[352.439s][info][gc,stats    ]   CWRF: <total>                      61 us
[352.439s][info][gc,stats    ]   CWRF: Weak References              61 us, workers (us):  61,   0, ---, ---, 
[352.439s][info][gc,stats    ] Concurrent Weak Roots               985 us
[352.439s][info][gc,stats    ]   Roots                             879 us, parallelism: 1.76x
[352.440s][info][gc,stats    ]     CWR: <total>                   1548 us
[352.440s][info][gc,stats    ]     CWR: VM Weak Roots             1548 us, workers (us): 789, 759, ---, ---, 
[352.440s][info][gc,stats    ]   Rendezvous                         62 us
[352.440s][info][gc,stats    ] Concurrent Cleanup                   44 us
[352.440s][info][gc,stats    ] Concurrent Strong Roots            5550 us, parallelism: 1.95x
[352.440s][info][gc,stats    ]   CSR: <total>                    10828 us
[352.440s][info][gc,stats    ]   CSR: Code Cache Roots           10591 us, workers (us): 5190, 5401, ---, ---, 
[352.440s][info][gc,stats    ]   CSR: VM Strong Roots                7 us, workers (us):   7,   0, ---, ---, 
[352.440s][info][gc,stats    ]   CSR: CLDG Roots                   230 us, workers (us): 230, ---, ---, ---, 
[352.440s][info][gc,stats    ] Concurrent Evacuation             40908 us
[352.440s][info][gc,stats    ] Pause Init Update Refs (G)           84 us
[352.440s][info][gc,stats    ] Pause Init Update Refs (N)           54 us
[352.440s][info][gc,stats    ]   Manage GCLABs                       5 us
[352.440s][info][gc,stats    ] Concurrent Update Refs           134649 us
[352.440s][info][gc,stats    ] Concurrent Update Thread Roots     1391 us
[352.440s][info][gc,stats    ] Pause Final Update Refs (G)         199 us
[352.440s][info][gc,stats    ] Pause Final Update Refs (N)         123 us
[352.440s][info][gc,stats    ]   Update Region States               38 us
[352.440s][info][gc,stats    ]   Trash Collection Set               14 us
[352.440s][info][gc,stats    ]   Rebuild Free Set                   11 us
[352.440s][info][gc,stats    ] Concurrent Cleanup                   91 us
[352.440s][info][gc,stats    ] 
[352.440s][info][gc,stats    ] Allocation pacing accrued:
[352.440s][info][gc,stats    ]       0 of  9648 ms (  0.0%): <total>
[352.440s][info][gc,stats    ]       0 of  9648 ms (  0.0%): <average total>
[352.440s][info][gc,stats    ] 
[352.440s][info][gc,metaspace] Metaspace: 134910K(136384K)->134910K(136384K) NonClass: 113962K(114816K)->113962K(114816K) Class: 20948K(21568K)->20948K(21568K)
[352.440s][info][gc,ergo     ] Pacer for Idle. Initial: 163M, Alloc Tax Rate: 1.0x
[360.257s][info][gc          ] Trigger: Average GC time (443.99 ms) is above the time for average allocation rate (992 MB/s) to deplete free headroom (438M) (margin of error = 1.83)
[360.257s][info][gc,ergo     ] Free headroom: 847M (free) - 409M (spike) - 0B (penalties) = 438M
[360.257s][info][gc,ergo     ] Free: 847M, Max: 4096K regular, 652M humongous, Frag: 23% external, 0% internal; Reserve: 412M, Max: 4096K
[360.257s][info][gc,start    ] GC(38) Concurrent reset
[360.257s][info][gc,task     ] GC(38) Using 2 of 4 workers for concurrent reset
[360.257s][info][gc,ergo     ] GC(38) Pacer for Reset. Non-Taxable: 8192M
[360.271s][info][gc          ] GC(38) Concurrent reset 14.124ms
[360.272s][info][gc,start    ] GC(38) Pause Init Mark
[360.272s][info][gc,task     ] GC(38) Using 4 of 4 workers for init marking
[360.272s][info][gc,ergo     ] GC(38) Pacer for Mark. Expected Live: 435M, Free: 843M, Non-Taxable: 86388K, Alloc Tax Rate: 0.6x
[360.272s][info][gc          ] GC(38) Pause Init Mark 0.111ms
[360.272s][info][gc,start    ] GC(38) Concurrent marking roots
[360.272s][info][gc,task     ] GC(38) Using 2 of 4 workers for concurrent marking roots
[360.279s][info][gc          ] GC(38) Concurrent marking roots 6.959ms
[360.279s][info][gc,start    ] GC(38) Concurrent marking
[360.279s][info][gc,task     ] GC(38) Using 2 of 4 workers for concurrent marking
[360.515s][info][gc          ] GC(38) Concurrent marking 236.405ms
[360.515s][info][gc,start    ] GC(38) Pause Final Mark
[360.515s][info][gc,task     ] GC(38) Using 4 of 4 workers for final marking
[360.515s][info][gc,ergo     ] GC(38) Adaptive CSet Selection. Target Free: 1160M, Actual Free: 2408M, Max CSet: 341M, Min Garbage: 0B
[360.515s][info][gc,ergo     ] GC(38) Collectable Garbage: 6422M (99%), Immediate: 1420M (22%), CSet: 5002M (77%)
[360.516s][info][gc,ergo     ] GC(38) Pacer for Evacuation. Used CSet: 5128M, Free: 1996M, Non-Taxable: 199M, Alloc Tax Rate: 6.3x
[360.516s][info][gc          ] GC(38) Pause Final Mark 0.337ms
[360.516s][info][gc,start    ] GC(38) Concurrent thread roots
[360.516s][info][gc,task     ] GC(38) Using 2 of 4 workers for Concurrent thread roots
[360.516s][info][gc          ] GC(38) Concurrent thread roots 0.791ms
[360.516s][info][gc,start    ] GC(38) Concurrent weak references
[360.516s][info][gc,task     ] GC(38) Using 2 of 4 workers for concurrent weak references
[360.517s][info][gc,ref      ] GC(38) Encountered references: Soft: 6536, Weak: 23306, Final: 34, Phantom: 705
[360.517s][info][gc,ref      ] GC(38) Discovered  references: Soft: 0, Weak: 2548, Final: 33, Phantom: 562
[360.517s][info][gc,ref      ] GC(38) Enqueued    references: Soft: 0, Weak: 2, Final: 0, Phantom: 0
[360.517s][info][gc          ] GC(38) Concurrent weak references 0.326ms
[360.517s][info][gc,start    ] GC(38) Concurrent weak roots
[360.517s][info][gc,task     ] GC(38) Using 2 of 4 workers for concurrent weak root
[360.518s][info][gc          ] GC(38) Concurrent weak roots 0.910ms
[360.518s][info][gc,start    ] GC(38) Concurrent cleanup
[360.518s][info][gc          ] GC(38) Concurrent cleanup 7215M->5795M(8192M) 0.032ms
[360.518s][info][gc,ergo     ] GC(38) Free: 1984M, Max: 4096K regular, 564M humongous, Frag: 72% external, 0% internal; Reserve: 411M, Max: 4096K
[360.518s][info][gc,start    ] GC(38) Concurrent strong roots
[360.518s][info][gc,task     ] GC(38) Using 2 of 4 workers for concurrent strong root
[360.523s][info][gc          ] GC(38) Concurrent strong roots 5.267ms
[360.523s][info][gc,start    ] GC(38) Concurrent evacuation
[360.523s][info][gc,task     ] GC(38) Using 2 of 4 workers for concurrent evacuation
[360.581s][info][gc          ] GC(38) Concurrent evacuation 58.072ms
[360.581s][info][gc,start    ] GC(38) Pause Init Update Refs
[360.581s][info][gc,ergo     ] GC(38) Pacer for Update Refs. Used: 5955M, Free: 1952M, Non-Taxable: 195M, Alloc Tax Rate: 3.7x
[360.581s][info][gc          ] GC(38) Pause Init Update Refs 0.044ms
[360.581s][info][gc,start    ] GC(38) Concurrent update references
[360.581s][info][gc,task     ] GC(38) Using 2 of 4 workers for concurrent reference update
[360.749s][info][gc          ] GC(38) Concurrent update references 167.922ms
[360.749s][info][gc,start    ] GC(38) Concurrent update thread roots
[360.751s][info][gc          ] GC(38) Concurrent update thread roots 1.826ms
[360.751s][info][gc,start    ] GC(38) Pause Final Update Refs
[360.751s][info][gc,task     ] GC(38) Using 4 of 4 workers for final reference update
[360.751s][info][gc          ] GC(38) Pause Final Update Refs 0.110ms
[360.751s][info][gc,start    ] GC(38) Concurrent cleanup
[360.751s][info][gc          ] GC(38) Concurrent cleanup 6091M->963M(8192M) 0.063ms
[360.751s][info][gc,ergo     ] Free: 6816M, Max: 4096K regular, 5216M humongous, Frag: 24% external, 0% internal; Reserve: 412M, Max: 4096K
[360.751s][info][gc,stats    ] 
[360.751s][info][gc,stats    ] All times are wall-clock times, except per-root-class counters, that are sum over
[360.751s][info][gc,stats    ] all workers. Dividing the <total> over the root stage time estimates parallelism.
[360.751s][info][gc,stats    ] 
[360.751s][info][gc,stats    ] Concurrent Reset                  14187 us
[360.751s][info][gc,stats    ] Pause Init Mark (G)                 170 us
[360.751s][info][gc,stats    ] Pause Init Mark (N)                 123 us
[360.751s][info][gc,stats    ]   Update Region States               38 us
[360.751s][info][gc,stats    ] Concurrent Mark Roots              6983 us, parallelism: 1.95x
[360.751s][info][gc,stats    ]   CMR: <total>                    13608 us
[360.751s][info][gc,stats    ]   CMR: Thread Roots                1422 us, workers (us): 721, 701, ---, ---, 
[360.751s][info][gc,stats    ]   CMR: Code Cache Roots           11477 us, workers (us): 5384, 6093, ---, ---, 
[360.751s][info][gc,stats    ]   CMR: VM Strong Roots               13 us, workers (us):   6,   7, ---, ---, 
[360.751s][info][gc,stats    ]   CMR: CLDG Roots                   696 us, workers (us): 696, ---, ---, ---, 
[360.751s][info][gc,stats    ] Concurrent Marking               236438 us
[360.751s][info][gc,stats    ] Pause Final Mark (G)                410 us
[360.751s][info][gc,stats    ] Pause Final Mark (N)                348 us
[360.751s][info][gc,stats    ]   Finish Mark                        78 us
[360.751s][info][gc,stats    ]   Update Region States               48 us
[360.751s][info][gc,stats    ]   Choose Collection Set             149 us
[360.751s][info][gc,stats    ]   Rebuild Free Set                   10 us
[360.751s][info][gc,stats    ] Concurrent Thread Roots             815 us, parallelism: 1.81x
[360.751s][info][gc,stats    ]   CTR: <total>                     1477 us
[360.752s][info][gc,stats    ]   CTR: Thread Roots                1477 us, workers (us): 735, 743, ---, ---, 
[360.752s][info][gc,stats    ] Concurrent Weak References          337 us, parallelism: 0.98x
[360.752s][info][gc,stats    ]   CWRF: <total>                     331 us
[360.752s][info][gc,stats    ]   CWRF: Weak References             331 us, workers (us): 249,  82, ---, ---, 
[360.752s][info][gc,stats    ] Concurrent Weak Roots               932 us
[360.752s][info][gc,stats    ]   Roots                             861 us, parallelism: 1.77x
[360.752s][info][gc,stats    ]     CWR: <total>                   1525 us
[360.752s][info][gc,stats    ]     CWR: VM Weak Roots             1525 us, workers (us): 778, 747, ---, ---, 
[360.752s][info][gc,stats    ]   Rendezvous                         27 us
[360.752s][info][gc,stats    ] Concurrent Cleanup                   45 us
[360.752s][info][gc,stats    ] Concurrent Strong Roots            5288 us, parallelism: 1.94x
[360.752s][info][gc,stats    ]   CSR: <total>                    10270 us
[360.752s][info][gc,stats    ]   CSR: Code Cache Roots           10042 us, workers (us): 4893, 5149, ---, ---, 
[360.752s][info][gc,stats    ]   CSR: VM Strong Roots                7 us, workers (us):   6,   0, ---, ---, 
[360.752s][info][gc,stats    ]   CSR: CLDG Roots                   221 us, workers (us): 221, ---, ---, ---, 
[360.752s][info][gc,stats    ] Concurrent Evacuation             58117 us
[360.752s][info][gc,stats    ] Pause Init Update Refs (G)           82 us
[360.752s][info][gc,stats    ] Pause Init Update Refs (N)           56 us
[360.752s][info][gc,stats    ]   Manage GCLABs                       5 us
[360.752s][info][gc,stats    ] Concurrent Update Refs           167968 us
[360.752s][info][gc,stats    ] Concurrent Update Thread Roots     1853 us
[360.752s][info][gc,stats    ] Pause Final Update Refs (G)         152 us
[360.752s][info][gc,stats    ] Pause Final Update Refs (N)         124 us
[360.752s][info][gc,stats    ]   Update Region States               47 us
[360.752s][info][gc,stats    ]   Trash Collection Set               14 us
[360.752s][info][gc,stats    ]   Rebuild Free Set                   10 us
[360.752s][info][gc,stats    ] Concurrent Cleanup                   76 us
[360.752s][info][gc,stats    ] 
[360.752s][info][gc,stats    ] Allocation pacing accrued:
[360.752s][info][gc,stats    ]       0 of  8312 ms (  0.0%): <total>
[360.752s][info][gc,stats    ]       0 of  8312 ms (  0.0%): <average total>
[360.752s][info][gc,stats    ] 
[360.752s][info][gc,metaspace] Metaspace: 134918K(136384K)->135001K(136384K) NonClass: 113969K(114816K)->114037K(114816K) Class: 20948K(21568K)->20963K(21568K)
[360.752s][info][gc,ergo     ] Pacer for Idle. Initial: 163M, Alloc Tax Rate: 1.0x
[369.612s][info][gc          ] Trigger: Free (816M) is below minimum threshold (819M)
[369.612s][info][gc,ergo     ] Free: 816M, Max: 4096K regular, 508M humongous, Frag: 38% external, 0% internal; Reserve: 412M, Max: 4096K
[369.612s][info][gc,start    ] GC(39) Concurrent reset
[369.612s][info][gc,task     ] GC(39) Using 2 of 4 workers for concurrent reset
[369.612s][info][gc,ergo     ] GC(39) Pacer for Reset. Non-Taxable: 8192M
[369.631s][info][gc          ] GC(39) Concurrent reset 19.024ms
[369.632s][info][gc,start    ] GC(39) Pause Init Mark
[369.632s][info][gc,task     ] GC(39) Using 4 of 4 workers for init marking
[369.632s][info][gc,ergo     ] GC(39) Pacer for Mark. Expected Live: 442M, Free: 816M, Non-Taxable: 83615K, Alloc Tax Rate: 0.7x
[369.632s][info][gc          ] GC(39) Pause Init Mark 0.103ms
[369.632s][info][gc,start    ] GC(39) Concurrent marking roots
[369.632s][info][gc,task     ] GC(39) Using 2 of 4 workers for concurrent marking roots
[369.639s][info][gc          ] GC(39) Concurrent marking roots 7.320ms
[369.639s][info][gc,start    ] GC(39) Concurrent marking
[369.639s][info][gc,task     ] GC(39) Using 2 of 4 workers for concurrent marking
[369.831s][info][gc          ] GC(39) Concurrent marking 192.006ms
[369.831s][info][gc,start    ] GC(39) Pause Final Mark
[369.831s][info][gc,task     ] GC(39) Using 4 of 4 workers for final marking
[369.831s][info][gc,ergo     ] GC(39) Adaptive CSet Selection. Target Free: 1160M, Actual Free: 4656M, Max CSet: 341M, Min Garbage: 0B
[369.831s][info][gc,ergo     ] GC(39) Collectable Garbage: 6528M (99%), Immediate: 3468M (52%), CSet: 3060M (46%)
[369.832s][info][gc,ergo     ] GC(39) Pacer for Evacuation. Used CSet: 3103M, Free: 4244M, Non-Taxable: 424M, Alloc Tax Rate: 1.8x
[369.832s][info][gc          ] GC(39) Pause Final Mark 0.327ms
[369.832s][info][gc,start    ] GC(39) Concurrent thread roots
[369.832s][info][gc,task     ] GC(39) Using 2 of 4 workers for Concurrent thread roots
[369.832s][info][gc          ] GC(39) Concurrent thread roots 0.766ms
[369.832s][info][gc,start    ] GC(39) Concurrent weak references
[369.832s][info][gc,task     ] GC(39) Using 2 of 4 workers for concurrent weak references
[369.833s][info][gc,ref      ] GC(39) Encountered references: Soft: 6537, Weak: 23337, Final: 34, Phantom: 717
[369.833s][info][gc,ref      ] GC(39) Discovered  references: Soft: 0, Weak: 9220, Final: 1, Phantom: 573
[369.833s][info][gc,ref      ] GC(39) Enqueued    references: Soft: 0, Weak: 16, Final: 0, Phantom: 11
[369.833s][info][gc          ] GC(39) Concurrent weak references 0.400ms
[369.833s][info][gc,start    ] GC(39) Concurrent weak roots
[369.833s][info][gc,task     ] GC(39) Using 2 of 4 workers for concurrent weak root
[369.834s][info][gc          ] GC(39) Concurrent weak roots 0.902ms
[369.834s][info][gc,start    ] GC(39) Concurrent cleanup
[369.834s][info][gc          ] GC(39) Concurrent cleanup 7012M->3544M(8192M) 0.046ms
[369.834s][info][gc,ergo     ] GC(39) Free: 4235M, Max: 4096K regular, 512M humongous, Frag: 88% external, 0% internal; Reserve: 411M, Max: 4096K
[369.834s][info][gc,start    ] GC(39) Concurrent strong roots
[369.834s][info][gc,task     ] GC(39) Using 2 of 4 workers for concurrent strong root
[369.839s][info][gc          ] GC(39) Concurrent strong roots 5.336ms
[369.839s][info][gc,start    ] GC(39) Concurrent evacuation
[369.839s][info][gc,task     ] GC(39) Using 2 of 4 workers for concurrent evacuation
[369.861s][info][gc          ] GC(39) Concurrent evacuation 22.196ms
[369.861s][info][gc,start    ] GC(39) Pause Init Update Refs
[369.861s][info][gc,ergo     ] GC(39) Pacer for Update Refs. Used: 3600M, Free: 4227M, Non-Taxable: 422M, Alloc Tax Rate: 1.1x
[369.861s][info][gc          ] GC(39) Pause Init Update Refs 0.043ms
[369.861s][info][gc,start    ] GC(39) Concurrent update references
[369.861s][info][gc,task     ] GC(39) Using 2 of 4 workers for concurrent reference update
[369.965s][info][gc          ] GC(39) Concurrent update references 103.269ms
[369.965s][info][gc,start    ] GC(39) Concurrent update thread roots
[369.966s][info][gc          ] GC(39) Concurrent update thread roots 1.608ms
[369.966s][info][gc,start    ] GC(39) Pause Final Update Refs
[369.966s][info][gc,task     ] GC(39) Using 4 of 4 workers for final reference update
[369.967s][info][gc          ] GC(39) Pause Final Update Refs 0.108ms
[369.967s][info][gc,start    ] GC(39) Concurrent cleanup
[369.967s][info][gc          ] GC(39) Concurrent cleanup 3640M->536M(8192M) 0.055ms
[369.967s][info][gc,ergo     ] Free: 7243M, Max: 4096K regular, 2876M humongous, Frag: 61% external, 0% internal; Reserve: 412M, Max: 4096K
[369.967s][info][gc,stats    ] 
[369.967s][info][gc,stats    ] All times are wall-clock times, except per-root-class counters, that are sum over
[369.967s][info][gc,stats    ] all workers. Dividing the <total> over the root stage time estimates parallelism.
[369.967s][info][gc,stats    ] 
[369.967s][info][gc,stats    ] Concurrent Reset                  19152 us
[369.967s][info][gc,stats    ] Pause Init Mark (G)                 183 us
[369.967s][info][gc,stats    ] Pause Init Mark (N)                 116 us
[369.967s][info][gc,stats    ]   Update Region States               18 us
[369.967s][info][gc,stats    ] Concurrent Mark Roots              7343 us, parallelism: 1.91x
[369.967s][info][gc,stats    ]   CMR: <total>                    14000 us
[369.967s][info][gc,stats    ]   CMR: Thread Roots                1398 us, workers (us): 689, 710, ---, ---, 
[369.967s][info][gc,stats    ]   CMR: Code Cache Roots           11881 us, workers (us): 5607, 6275, ---, ---, 
[369.967s][info][gc,stats    ]   CMR: VM Strong Roots               17 us, workers (us):  17,   0, ---, ---, 
[369.967s][info][gc,stats    ]   CMR: CLDG Roots                   703 us, workers (us): 703, ---, ---, ---, 
[369.967s][info][gc,stats    ] Concurrent Marking               192052 us
[369.967s][info][gc,stats    ] Pause Final Mark (G)                365 us
[369.967s][info][gc,stats    ] Pause Final Mark (N)                338 us
[369.967s][info][gc,stats    ]   Finish Mark                        90 us
[369.967s][info][gc,stats    ]   Update Region States               43 us
[369.967s][info][gc,stats    ]   Choose Collection Set             126 us
[369.967s][info][gc,stats    ]   Rebuild Free Set                   12 us
[369.967s][info][gc,stats    ] Concurrent Thread Roots             788 us, parallelism: 1.80x
[369.967s][info][gc,stats    ]   CTR: <total>                     1420 us
[369.967s][info][gc,stats    ]   CTR: Thread Roots                1420 us, workers (us): 728, 692, ---, ---, 
[369.967s][info][gc,stats    ] Concurrent Weak References          410 us, parallelism: 1.06x
[369.967s][info][gc,stats    ]   CWRF: <total>                     433 us
[369.967s][info][gc,stats    ]   CWRF: Weak References             433 us, workers (us): 135, 298, ---, ---, 
[369.967s][info][gc,stats    ] Concurrent Weak Roots               918 us
[369.967s][info][gc,stats    ]   Roots                             861 us, parallelism: 1.77x
[369.967s][info][gc,stats    ]     CWR: <total>                   1527 us
[369.967s][info][gc,stats    ]     CWR: VM Weak Roots             1527 us, workers (us): 779, 748, ---, ---, 
[369.967s][info][gc,stats    ]   Rendezvous                         21 us
[369.967s][info][gc,stats    ] Concurrent Cleanup                   58 us
[369.967s][info][gc,stats    ] Concurrent Strong Roots            5363 us, parallelism: 1.95x
[369.967s][info][gc,stats    ]   CSR: <total>                    10458 us
[369.967s][info][gc,stats    ]   CSR: Code Cache Roots           10239 us, workers (us): 5010, 5229, ---, ---, 
[369.967s][info][gc,stats    ]   CSR: VM Strong Roots                6 us, workers (us):   6,   0, ---, ---, 
[369.967s][info][gc,stats    ]   CSR: CLDG Roots                   212 us, workers (us): 212, ---, ---, ---, 
[369.967s][info][gc,stats    ] Concurrent Evacuation             22235 us
[369.967s][info][gc,stats    ] Pause Init Update Refs (G)          110 us
[369.967s][info][gc,stats    ] Pause Init Update Refs (N)           54 us
[369.967s][info][gc,stats    ]   Manage GCLABs                       4 us
[369.967s][info][gc,stats    ] Concurrent Update Refs           103313 us
[369.967s][info][gc,stats    ] Concurrent Update Thread Roots     1631 us
[369.967s][info][gc,stats    ] Pause Final Update Refs (G)         195 us
[369.967s][info][gc,stats    ] Pause Final Update Refs (N)         135 us
[369.967s][info][gc,stats    ]   Update Region States               50 us
[369.967s][info][gc,stats    ]   Trash Collection Set                9 us
[369.967s][info][gc,stats    ]   Rebuild Free Set                   12 us
[369.967s][info][gc,stats    ] Concurrent Cleanup                   69 us
[369.967s][info][gc,stats    ] 
[369.967s][info][gc,stats    ] Allocation pacing accrued:
[369.967s][info][gc,stats    ]       0 of  9215 ms (  0.0%): <total>
[369.967s][info][gc,stats    ]       0 of  9215 ms (  0.0%): <average total>
[369.967s][info][gc,stats    ] 
[369.967s][info][gc,metaspace] Metaspace: 135082K(136512K)->135082K(136512K) NonClass: 114112K(114944K)->114112K(114944K) Class: 20970K(21568K)->20970K(21568K)
[369.967s][info][gc,ergo     ] Pacer for Idle. Initial: 163M, Alloc Tax Rate: 1.0x
[380.829s][info][gc          ] Trigger: Average GC time (513.62 ms) is above the time for average allocation rate (845 MB/s) to deplete free headroom (418M) (margin of error = 1.85)
[380.830s][info][gc,ergo     ] Free headroom: 828M (free) - 409M (spike) - 0B (penalties) = 418M
[380.830s][info][gc,ergo     ] Free: 828M, Max: 4096K regular, 828M humongous, Frag: 0% external, 0% internal; Reserve: 412M, Max: 4096K
[380.830s][info][gc,start    ] GC(40) Concurrent reset
[380.830s][info][gc,task     ] GC(40) Using 2 of 4 workers for concurrent reset
[380.830s][info][gc,ergo     ] GC(40) Pacer for Reset. Non-Taxable: 8192M
[380.841s][info][gc          ] GC(40) Concurrent reset 11.049ms
[380.841s][info][gc,start    ] GC(40) Pause Init Mark
[380.841s][info][gc,task     ] GC(40) Using 4 of 4 workers for init marking
[380.841s][info][gc,ergo     ] GC(40) Pacer for Mark. Expected Live: 439M, Free: 828M, Non-Taxable: 84808K, Alloc Tax Rate: 0.6x
[380.841s][info][gc          ] GC(40) Pause Init Mark 0.116ms
[380.841s][info][gc,start    ] GC(40) Concurrent marking roots
[380.841s][info][gc,task     ] GC(40) Using 2 of 4 workers for concurrent marking roots
[380.849s][info][gc          ] GC(40) Concurrent marking roots 8.309ms
[380.849s][info][gc,start    ] GC(40) Concurrent marking
[380.849s][info][gc,task     ] GC(40) Using 2 of 4 workers for concurrent marking
[381.076s][info][gc          ] GC(40) Concurrent marking 226.805ms
[381.076s][info][gc,start    ] GC(40) Pause Final Mark
[381.076s][info][gc,task     ] GC(40) Using 4 of 4 workers for final marking
[381.076s][info][gc,ergo     ] GC(40) Adaptive CSet Selection. Target Free: 1160M, Actual Free: 2720M, Max CSet: 341M, Min Garbage: 0B
[381.076s][info][gc,ergo     ] GC(40) Collectable Garbage: 6468M (99%), Immediate: 1684M (25%), CSet: 4784M (73%)
[381.076s][info][gc,ergo     ] GC(40) Pacer for Evacuation. Used CSet: 4880M, Free: 2308M, Non-Taxable: 230M, Alloc Tax Rate: 5.2x
[381.076s][info][gc          ] GC(40) Pause Final Mark 0.318ms
[381.077s][info][gc,start    ] GC(40) Concurrent thread roots
[381.077s][info][gc,task     ] GC(40) Using 2 of 4 workers for Concurrent thread roots
[381.077s][info][gc          ] GC(40) Concurrent thread roots 0.734ms
[381.077s][info][gc,start    ] GC(40) Concurrent weak references
[381.077s][info][gc,task     ] GC(40) Using 2 of 4 workers for concurrent weak references
[381.078s][info][gc,ref      ] GC(40) Encountered references: Soft: 6537, Weak: 23326, Final: 34, Phantom: 712
[381.078s][info][gc,ref      ] GC(40) Discovered  references: Soft: 0, Weak: 11942, Final: 0, Phantom: 569
[381.078s][info][gc,ref      ] GC(40) Enqueued    references: Soft: 0, Weak: 3, Final: 0, Phantom: 0
[381.078s][info][gc          ] GC(40) Concurrent weak references 0.590ms
[381.078s][info][gc,start    ] GC(40) Concurrent weak roots
[381.078s][info][gc,task     ] GC(40) Using 2 of 4 workers for concurrent weak root
[381.079s][info][gc          ] GC(40) Concurrent weak roots 0.883ms
[381.079s][info][gc,start    ] GC(40) Concurrent cleanup
[381.079s][info][gc          ] GC(40) Concurrent cleanup 7164M->5480M(8192M) 0.034ms
[381.079s][info][gc,ergo     ] GC(40) Free: 2299M, Max: 4096K regular, 612M humongous, Frag: 74% external, 0% internal; Reserve: 411M, Max: 4096K
[381.079s][info][gc,start    ] GC(40) Concurrent strong roots
[381.079s][info][gc,task     ] GC(40) Using 2 of 4 workers for concurrent strong root
[381.084s][info][gc          ] GC(40) Concurrent strong roots 5.454ms
[381.084s][info][gc,start    ] GC(40) Concurrent evacuation
[381.084s][info][gc,task     ] GC(40) Using 2 of 4 workers for concurrent evacuation
[381.137s][info][gc          ] GC(40) Concurrent evacuation 52.857ms
[381.137s][info][gc,start    ] GC(40) Pause Init Update Refs
[381.137s][info][gc,ergo     ] GC(40) Pacer for Update Refs. Used: 5604M, Free: 2275M, Non-Taxable: 227M, Alloc Tax Rate: 3.0x
[381.137s][info][gc          ] GC(40) Pause Init Update Refs 0.047ms
[381.137s][info][gc,start    ] GC(40) Concurrent update references
[381.137s][info][gc,task     ] GC(40) Using 2 of 4 workers for concurrent reference update
[381.281s][info][gc          ] GC(40) Concurrent update references 143.457ms
[381.281s][info][gc,start    ] GC(40) Concurrent update thread roots
[381.282s][info][gc          ] GC(40) Concurrent update thread roots 1.282ms
[381.282s][info][gc,start    ] GC(40) Pause Final Update Refs
[381.282s][info][gc,task     ] GC(40) Using 4 of 4 workers for final reference update
[381.282s][info][gc          ] GC(40) Pause Final Update Refs 0.093ms
[381.282s][info][gc,start    ] GC(40) Concurrent cleanup
[381.282s][info][gc          ] GC(40) Concurrent cleanup 5672M->792M(8192M) 0.070ms
[381.282s][info][gc,ergo     ] Free: 6987M, Max: 4096K regular, 5424M humongous, Frag: 23% external, 0% internal; Reserve: 412M, Max: 4096K
[381.282s][info][gc,stats    ] 
[381.282s][info][gc,stats    ] All times are wall-clock times, except per-root-class counters, that are sum over
[381.282s][info][gc,stats    ] all workers. Dividing the <total> over the root stage time estimates parallelism.
[381.282s][info][gc,stats    ] 
[381.282s][info][gc,stats    ] Concurrent Reset                  11123 us
[381.282s][info][gc,stats    ] Pause Init Mark (G)                 234 us
[381.282s][info][gc,stats    ] Pause Init Mark (N)                 129 us
[381.282s][info][gc,stats    ]   Update Region States               45 us
[381.282s][info][gc,stats    ] Concurrent Mark Roots              8347 us, parallelism: 1.95x
[381.282s][info][gc,stats    ]   CMR: <total>                    16244 us
[381.283s][info][gc,stats    ]   CMR: Thread Roots                1412 us, workers (us): 726, 685, ---, ---, 
[381.283s][info][gc,stats    ]   CMR: Code Cache Roots           13676 us, workers (us): 6256, 7420, ---, ---, 
[381.283s][info][gc,stats    ]   CMR: VM Strong Roots               14 us, workers (us):  14,   0, ---, ---, 
[381.283s][info][gc,stats    ]   CMR: CLDG Roots                  1142 us, workers (us): 1142, ---, ---, ---, 
[381.283s][info][gc,stats    ] Concurrent Marking               226845 us
[381.283s][info][gc,stats    ] Pause Final Mark (G)                393 us
[381.283s][info][gc,stats    ] Pause Final Mark (N)                328 us
[381.283s][info][gc,stats    ]   Finish Mark                        66 us
[381.283s][info][gc,stats    ]   Update Region States               43 us
[381.283s][info][gc,stats    ]   Choose Collection Set             148 us
[381.283s][info][gc,stats    ]   Rebuild Free Set                   10 us
[381.283s][info][gc,stats    ] Concurrent Thread Roots             752 us, parallelism: 1.85x
[381.283s][info][gc,stats    ]   CTR: <total>                     1392 us
[381.283s][info][gc,stats    ]   CTR: Thread Roots                1392 us, workers (us): 695, 697, ---, ---, 
[381.283s][info][gc,stats    ] Concurrent Weak References          606 us, parallelism: 0.91x
[381.283s][info][gc,stats    ]   CWRF: <total>                     552 us
[381.283s][info][gc,stats    ]   CWRF: Weak References             552 us, workers (us):  34, 518, ---, ---, 
[381.283s][info][gc,stats    ] Concurrent Weak Roots               896 us
[381.283s][info][gc,stats    ]   Roots                             834 us, parallelism: 1.78x
[381.283s][info][gc,stats    ]     CWR: <total>                   1482 us
[381.283s][info][gc,stats    ]     CWR: VM Weak Roots             1482 us, workers (us): 741, 740, ---, ---, 
[381.283s][info][gc,stats    ]   Rendezvous                         25 us
[381.283s][info][gc,stats    ] Concurrent Cleanup                   47 us
[381.283s][info][gc,stats    ] Concurrent Strong Roots            5486 us, parallelism: 1.95x
[381.283s][info][gc,stats    ]   CSR: <total>                    10706 us
[381.283s][info][gc,stats    ]   CSR: Code Cache Roots           10476 us, workers (us): 5158, 5319, ---, ---, 
[381.283s][info][gc,stats    ]   CSR: VM Strong Roots                7 us, workers (us):   4,   3, ---, ---, 
[381.283s][info][gc,stats    ]   CSR: CLDG Roots                   223 us, workers (us): 223, ---, ---, ---, 
[381.283s][info][gc,stats    ] Concurrent Evacuation             52916 us
[381.283s][info][gc,stats    ] Pause Init Update Refs (G)           92 us
[381.283s][info][gc,stats    ] Pause Init Update Refs (N)           58 us
[381.283s][info][gc,stats    ]   Manage GCLABs                       7 us
[381.283s][info][gc,stats    ] Concurrent Update Refs           143500 us
[381.283s][info][gc,stats    ] Concurrent Update Thread Roots     1307 us
[381.283s][info][gc,stats    ] Pause Final Update Refs (G)         139 us
[381.283s][info][gc,stats    ] Pause Final Update Refs (N)         119 us
[381.283s][info][gc,stats    ]   Update Region States               28 us
[381.283s][info][gc,stats    ]   Trash Collection Set               14 us
[381.283s][info][gc,stats    ]   Rebuild Free Set                   10 us
[381.283s][info][gc,stats    ] Concurrent Cleanup                   84 us
[381.283s][info][gc,stats    ] 
[381.283s][info][gc,stats    ] Allocation pacing accrued:
[381.283s][info][gc,stats    ]       0 of 11316 ms (  0.0%): <total>
[381.283s][info][gc,stats    ]       0 of 11316 ms (  0.0%): <average total>
[381.283s][info][gc,stats    ] 
[381.283s][info][gc,metaspace] Metaspace: 135092K(136512K)->135094K(136512K) NonClass: 114121K(114944K)->114123K(114944K) Class: 20970K(21568K)->20970K(21568K)
[381.283s][info][gc,ergo     ] Pacer for Idle. Initial: 163M, Alloc Tax Rate: 1.0x
[389.551s][info][gc          ] Trigger: Free (817M) is below minimum threshold (819M)
[389.551s][info][gc,ergo     ] Free: 817M, Max: 4096K regular, 560M humongous, Frag: 32% external, 0% internal; Reserve: 412M, Max: 4096K
[389.551s][info][gc,start    ] GC(41) Concurrent reset
[389.551s][info][gc,task     ] GC(41) Using 2 of 4 workers for concurrent reset
[389.551s][info][gc,ergo     ] GC(41) Pacer for Reset. Non-Taxable: 8192M
[389.569s][info][gc          ] GC(41) Concurrent reset 17.351ms
[389.569s][info][gc,start    ] GC(41) Pause Init Mark
[389.569s][info][gc,task     ] GC(41) Using 4 of 4 workers for init marking
[389.569s][info][gc,ergo     ] GC(41) Pacer for Mark. Expected Live: 441M, Free: 795M, Non-Taxable: 81507K, Alloc Tax Rate: 0.7x
[389.569s][info][gc          ] GC(41) Pause Init Mark 0.110ms
[389.569s][info][gc,start    ] GC(41) Concurrent marking roots
[389.569s][info][gc,task     ] GC(41) Using 2 of 4 workers for concurrent marking roots
[389.577s][info][gc          ] GC(41) Concurrent marking roots 8.125ms
[389.577s][info][gc,start    ] GC(41) Concurrent marking
[389.577s][info][gc,task     ] GC(41) Using 2 of 4 workers for concurrent marking
[389.789s][info][gc          ] GC(41) Concurrent marking 212.255ms
[389.789s][info][gc,start    ] GC(41) Pause Final Mark
[389.789s][info][gc,task     ] GC(41) Using 4 of 4 workers for final marking
[389.790s][info][gc,ergo     ] GC(41) Adaptive CSet Selection. Target Free: 1160M, Actual Free: 3272M, Max CSet: 341M, Min Garbage: 0B
[389.790s][info][gc,ergo     ] GC(41) Collectable Garbage: 6508M (99%), Immediate: 2224M (34%), CSet: 4284M (65%)
[389.790s][info][gc,ergo     ] GC(41) Pacer for Evacuation. Used CSet: 4372M, Free: 2863M, Non-Taxable: 286M, Alloc Tax Rate: 3.7x
[389.790s][info][gc          ] GC(41) Pause Final Mark 0.326ms
[389.790s][info][gc,start    ] GC(41) Concurrent thread roots
[389.790s][info][gc,task     ] GC(41) Using 2 of 4 workers for Concurrent thread roots
[389.791s][info][gc          ] GC(41) Concurrent thread roots 0.819ms
[389.791s][info][gc,start    ] GC(41) Concurrent weak references
[389.791s][info][gc,task     ] GC(41) Using 2 of 4 workers for concurrent weak references
[389.791s][info][gc,ref      ] GC(41) Encountered references: Soft: 6543, Weak: 23407, Final: 34, Phantom: 741
[389.791s][info][gc,ref      ] GC(41) Discovered  references: Soft: 0, Weak: 11832, Final: 0, Phantom: 601
[389.791s][info][gc,ref      ] GC(41) Enqueued    references: Soft: 0, Weak: 36, Final: 0, Phantom: 29
[389.791s][info][gc          ] GC(41) Concurrent weak references 0.634ms
[389.791s][info][gc,start    ] GC(41) Concurrent weak roots
[389.791s][info][gc,task     ] GC(41) Using 2 of 4 workers for concurrent weak root
[389.792s][info][gc          ] GC(41) Concurrent weak roots 0.957ms
[389.792s][info][gc,start    ] GC(41) Concurrent cleanup
[389.792s][info][gc          ] GC(41) Concurrent cleanup 7148M->4924M(8192M) 0.039ms
[389.792s][info][gc,ergo     ] GC(41) Free: 2855M, Max: 4096K regular, 564M humongous, Frag: 81% external, 0% internal; Reserve: 411M, Max: 4096K
[389.792s][info][gc,start    ] GC(41) Concurrent strong roots
[389.792s][info][gc,task     ] GC(41) Using 2 of 4 workers for concurrent strong root
[389.798s][info][gc          ] GC(41) Concurrent strong roots 5.692ms
[389.798s][info][gc,start    ] GC(41) Concurrent evacuation
[389.798s][info][gc,task     ] GC(41) Using 2 of 4 workers for concurrent evacuation
[389.840s][info][gc          ] GC(41) Concurrent evacuation 41.677ms
[389.840s][info][gc,start    ] GC(41) Pause Init Update Refs
[389.840s][info][gc,ergo     ] GC(41) Pacer for Update Refs. Used: 5041M, Free: 2830M, Non-Taxable: 283M, Alloc Tax Rate: 2.2x
[389.840s][info][gc          ] GC(41) Pause Init Update Refs 0.044ms
[389.840s][info][gc,start    ] GC(41) Concurrent update references
[389.840s][info][gc,task     ] GC(41) Using 2 of 4 workers for concurrent reference update
[389.976s][info][gc          ] GC(41) Concurrent update references 136.232ms
[389.976s][info][gc,start    ] GC(41) Concurrent update thread roots
[389.978s][info][gc          ] GC(41) Concurrent update thread roots 1.467ms
[389.978s][info][gc,start    ] GC(41) Pause Final Update Refs
[389.978s][info][gc,task     ] GC(41) Using 4 of 4 workers for final reference update
[389.978s][info][gc          ] GC(41) Pause Final Update Refs 0.112ms
[389.978s][info][gc,start    ] GC(41) Concurrent cleanup
[389.978s][info][gc          ] GC(41) Concurrent cleanup 5116M->744M(8192M) 0.066ms
[389.978s][info][gc,ergo     ] Free: 7035M, Max: 4096K regular, 5192M humongous, Frag: 27% external, 0% internal; Reserve: 412M, Max: 4096K
[389.978s][info][gc,stats    ] 
[389.978s][info][gc,stats    ] All times are wall-clock times, except per-root-class counters, that are sum over
[389.978s][info][gc,stats    ] all workers. Dividing the <total> over the root stage time estimates parallelism.
[389.978s][info][gc,stats    ] 
[389.978s][info][gc,stats    ] Concurrent Reset                  17422 us
[389.978s][info][gc,stats    ] Pause Init Mark (G)                 163 us
[389.978s][info][gc,stats    ] Pause Init Mark (N)                 123 us
[389.978s][info][gc,stats    ]   Update Region States               38 us
[389.978s][info][gc,stats    ] Concurrent Mark Roots              8153 us, parallelism: 1.95x
[389.978s][info][gc,stats    ]   CMR: <total>                    15912 us
[389.978s][info][gc,stats    ]   CMR: Thread Roots                1391 us, workers (us): 677, 715, ---, ---, 
[389.978s][info][gc,stats    ]   CMR: Code Cache Roots           13717 us, workers (us): 7274, 6443, ---, ---, 
[389.978s][info][gc,stats    ]   CMR: VM Strong Roots               15 us, workers (us):   9,   6, ---, ---, 
[389.978s][info][gc,stats    ]   CMR: CLDG Roots                   790 us, workers (us): ---, 790, ---, ---, 
[389.978s][info][gc,stats    ] Concurrent Marking               212294 us
[389.978s][info][gc,stats    ] Pause Final Mark (G)                363 us
[389.978s][info][gc,stats    ] Pause Final Mark (N)                337 us
[389.978s][info][gc,stats    ]   Finish Mark                        72 us
[389.978s][info][gc,stats    ]   Update Region States               56 us
[389.978s][info][gc,stats    ]   Choose Collection Set             126 us
[389.978s][info][gc,stats    ]   Rebuild Free Set                   10 us
[389.978s][info][gc,stats    ] Concurrent Thread Roots             838 us, parallelism: 1.83x
[389.978s][info][gc,stats    ]   CTR: <total>                     1530 us
[389.978s][info][gc,stats    ]   CTR: Thread Roots                1530 us, workers (us): 778, 752, ---, ---, 
[389.978s][info][gc,stats    ] Concurrent Weak References          644 us, parallelism: 1.09x
[389.978s][info][gc,stats    ]   CWRF: <total>                     703 us
[389.978s][info][gc,stats    ]   CWRF: Weak References             703 us, workers (us): 180, 523, ---, ---, 
[389.978s][info][gc,stats    ] Concurrent Weak Roots               972 us
[389.978s][info][gc,stats    ]   Roots                             887 us, parallelism: 1.75x
[389.978s][info][gc,stats    ]     CWR: <total>                   1555 us
[389.978s][info][gc,stats    ]     CWR: VM Weak Roots             1555 us, workers (us): 795, 759, ---, ---, 
[389.978s][info][gc,stats    ]   Rendezvous                         49 us
[389.978s][info][gc,stats    ] Concurrent Cleanup                   52 us
[389.978s][info][gc,stats    ] Concurrent Strong Roots            5723 us, parallelism: 1.94x
[389.978s][info][gc,stats    ]   CSR: <total>                    11105 us
[389.978s][info][gc,stats    ]   CSR: Code Cache Roots           10825 us, workers (us): 5548, 5277, ---, ---, 
[389.978s][info][gc,stats    ]   CSR: VM Strong Roots                9 us, workers (us):   5,   4, ---, ---, 
[389.978s][info][gc,stats    ]   CSR: CLDG Roots                   271 us, workers (us): ---, 271, ---, ---, 
[389.978s][info][gc,stats    ] Concurrent Evacuation             41741 us
[389.978s][info][gc,stats    ] Pause Init Update Refs (G)          163 us
[389.978s][info][gc,stats    ] Pause Init Update Refs (N)           55 us
[389.978s][info][gc,stats    ]   Manage GCLABs                       6 us
[389.978s][info][gc,stats    ] Concurrent Update Refs           136278 us
[389.978s][info][gc,stats    ] Concurrent Update Thread Roots     1489 us
[389.978s][info][gc,stats    ] Pause Final Update Refs (G)         205 us
[389.978s][info][gc,stats    ] Pause Final Update Refs (N)         136 us
[389.978s][info][gc,stats    ]   Update Region States               52 us
[389.978s][info][gc,stats    ]   Trash Collection Set               11 us
[389.978s][info][gc,stats    ]   Rebuild Free Set                   11 us
[389.978s][info][gc,stats    ] Concurrent Cleanup                   80 us
[389.978s][info][gc,stats    ] 
[389.978s][info][gc,stats    ] Allocation pacing accrued:
[389.979s][info][gc,stats    ]       0 of  8696 ms (  0.0%): <total>
[389.979s][info][gc,stats    ]       0 of  8696 ms (  0.0%): <average total>
[389.979s][info][gc,stats    ] 
[389.979s][info][gc,metaspace] Metaspace: 135228K(136704K)->135229K(136704K) NonClass: 114234K(115072K)->114235K(115072K) Class: 20994K(21632K)->20994K(21632K)
[389.979s][info][gc,ergo     ] Pacer for Idle. Initial: 163M, Alloc Tax Rate: 1.0x
[400.053s][info][gc          ] Trigger: Free (815M) is below minimum threshold (819M)
[400.053s][info][gc,ergo     ] Free: 815M, Max: 4096K regular, 564M humongous, Frag: 31% external, 0% internal; Reserve: 412M, Max: 4096K
[400.053s][info][gc,start    ] GC(42) Concurrent reset
[400.053s][info][gc,task     ] GC(42) Using 2 of 4 workers for concurrent reset
[400.053s][info][gc,ergo     ] GC(42) Pacer for Reset. Non-Taxable: 8192M
[400.069s][info][gc          ] GC(42) Concurrent reset 15.483ms
[400.069s][info][gc,start    ] GC(42) Pause Init Mark
[400.069s][info][gc,task     ] GC(42) Using 4 of 4 workers for init marking
[400.069s][info][gc,ergo     ] GC(42) Pacer for Mark. Expected Live: 443M, Free: 811M, Non-Taxable: 83144K, Alloc Tax Rate: 0.7x
[400.069s][info][gc          ] GC(42) Pause Init Mark 0.101ms
[400.069s][info][gc,start    ] GC(42) Concurrent marking roots
[400.069s][info][gc,task     ] GC(42) Using 2 of 4 workers for concurrent marking roots
[400.080s][info][gc          ] GC(42) Concurrent marking roots 11.199ms
[400.080s][info][gc,start    ] GC(42) Concurrent marking
[400.080s][info][gc,task     ] GC(42) Using 2 of 4 workers for concurrent marking
[400.304s][info][gc          ] GC(42) Concurrent marking 223.573ms
[400.304s][info][gc,start    ] GC(42) Pause Final Mark
[400.304s][info][gc,task     ] GC(42) Using 4 of 4 workers for final marking
[400.304s][info][gc,ergo     ] GC(42) Adaptive CSet Selection. Target Free: 1160M, Actual Free: 2480M, Max CSet: 341M, Min Garbage: 0B
[400.304s][info][gc,ergo     ] GC(42) Collectable Garbage: 6508M (99%), Immediate: 1444M (22%), CSet: 5064M (77%)
[400.304s][info][gc,ergo     ] GC(42) Pacer for Evacuation. Used CSet: 5136M, Free: 2075M, Non-Taxable: 207M, Alloc Tax Rate: 6.0x
[400.304s][info][gc          ] GC(42) Pause Final Mark 0.298ms
[400.304s][info][gc,start    ] GC(42) Concurrent thread roots
[400.304s][info][gc,task     ] GC(42) Using 2 of 4 workers for Concurrent thread roots
[400.305s][info][gc          ] GC(42) Concurrent thread roots 0.836ms
[400.305s][info][gc,start    ] GC(42) Concurrent weak references
[400.305s][info][gc,task     ] GC(42) Using 2 of 4 workers for concurrent weak references
[400.306s][info][gc,ref      ] GC(42) Encountered references: Soft: 6544, Weak: 23389, Final: 34, Phantom: 720
[400.306s][info][gc,ref      ] GC(42) Discovered  references: Soft: 0, Weak: 11921, Final: 0, Phantom: 572
[400.306s][info][gc,ref      ] GC(42) Enqueued    references: Soft: 0, Weak: 9, Final: 0, Phantom: 5
[400.306s][info][gc          ] GC(42) Concurrent weak references 0.642ms
[400.306s][info][gc,start    ] GC(42) Concurrent weak roots
[400.306s][info][gc,task     ] GC(42) Using 2 of 4 workers for concurrent weak root
[400.307s][info][gc          ] GC(42) Concurrent weak roots 0.947ms
[400.307s][info][gc,start    ] GC(42) Concurrent cleanup
[400.307s][info][gc          ] GC(42) Concurrent cleanup 7156M->5712M(8192M) 0.032ms
[400.307s][info][gc,ergo     ] GC(42) Free: 2067M, Max: 4096K regular, 568M humongous, Frag: 73% external, 0% internal; Reserve: 411M, Max: 4096K
[400.307s][info][gc,start    ] GC(42) Concurrent strong roots
[400.307s][info][gc,task     ] GC(42) Using 2 of 4 workers for concurrent strong root
[400.313s][info][gc          ] GC(42) Concurrent strong roots 5.930ms
[400.313s][info][gc,start    ] GC(42) Concurrent evacuation
[400.313s][info][gc,task     ] GC(42) Using 2 of 4 workers for concurrent evacuation
[400.357s][info][gc          ] GC(42) Concurrent evacuation 44.029ms
[400.357s][info][gc,start    ] GC(42) Pause Init Update Refs
[400.357s][info][gc,ergo     ] GC(42) Pacer for Update Refs. Used: 5852M, Free: 2003M, Non-Taxable: 200M, Alloc Tax Rate: 3.6x
[400.357s][info][gc          ] GC(42) Pause Init Update Refs 0.043ms
[400.357s][info][gc,start    ] GC(42) Concurrent update references
[400.357s][info][gc,task     ] GC(42) Using 2 of 4 workers for concurrent reference update
[400.498s][info][gc          ] GC(42) Concurrent update references 140.754ms
[400.498s][info][gc,start    ] GC(42) Concurrent update thread roots
[400.499s][info][gc          ] GC(42) Concurrent update thread roots 1.333ms
[400.499s][info][gc,start    ] GC(42) Pause Final Update Refs
[400.499s][info][gc,task     ] GC(42) Using 4 of 4 workers for final reference update
[400.499s][info][gc          ] GC(42) Pause Final Update Refs 0.091ms
[400.499s][info][gc,start    ] GC(42) Concurrent cleanup
[400.499s][info][gc          ] GC(42) Concurrent cleanup 5952M->816M(8192M) 0.063ms
[400.499s][info][gc,ergo     ] Free: 6963M, Max: 4096K regular, 5396M humongous, Frag: 23% external, 0% internal; Reserve: 412M, Max: 4096K
[400.499s][info][gc,stats    ] 
[400.499s][info][gc,stats    ] All times are wall-clock times, except per-root-class counters, that are sum over
[400.499s][info][gc,stats    ] all workers. Dividing the <total> over the root stage time estimates parallelism.
[400.499s][info][gc,stats    ] 
[400.499s][info][gc,stats    ] Concurrent Reset                  15596 us
[400.499s][info][gc,stats    ] Pause Init Mark (G)                 184 us
[400.499s][info][gc,stats    ] Pause Init Mark (N)                 113 us
[400.499s][info][gc,stats    ]   Update Region States               26 us
[400.500s][info][gc,stats    ] Concurrent Mark Roots             11244 us, parallelism: 1.95x
[400.500s][info][gc,stats    ]   CMR: <total>                    21891 us
[400.500s][info][gc,stats    ]   CMR: Thread Roots                1393 us, workers (us): 707, 686, ---, ---, 
[400.500s][info][gc,stats    ]   CMR: Code Cache Roots           19463 us, workers (us): 9221, 10242, ---, ---, 
[400.500s][info][gc,stats    ]   CMR: VM Strong Roots               22 us, workers (us):  22,   0, ---, ---, 
[400.500s][info][gc,stats    ]   CMR: CLDG Roots                  1012 us, workers (us): 1012, ---, ---, ---, 
[400.500s][info][gc,stats    ] Concurrent Marking               223625 us
[400.500s][info][gc,stats    ] Pause Final Mark (G)                339 us
[400.500s][info][gc,stats    ] Pause Final Mark (N)                309 us
[400.500s][info][gc,stats    ]   Finish Mark                        63 us
[400.500s][info][gc,stats    ]   Update Region States               17 us
[400.500s][info][gc,stats    ]   Choose Collection Set             154 us
[400.500s][info][gc,stats    ]   Rebuild Free Set                   10 us
[400.500s][info][gc,stats    ] Concurrent Thread Roots             857 us, parallelism: 1.80x
[400.500s][info][gc,stats    ]   CTR: <total>                     1543 us
[400.500s][info][gc,stats    ]   CTR: Thread Roots                1543 us, workers (us): 780, 763, ---, ---, 
[400.500s][info][gc,stats    ] Concurrent Weak References          653 us, parallelism: 0.99x
[400.500s][info][gc,stats    ]   CWRF: <total>                     645 us
[400.500s][info][gc,stats    ]   CWRF: Weak References             645 us, workers (us):  66, 579, ---, ---, 
[400.500s][info][gc,stats    ] Concurrent Weak Roots               962 us
[400.500s][info][gc,stats    ]   Roots                             894 us, parallelism: 1.76x
[400.500s][info][gc,stats    ]     CWR: <total>                   1572 us
[400.500s][info][gc,stats    ]     CWR: VM Weak Roots             1572 us, workers (us): 800, 772, ---, ---, 
[400.500s][info][gc,stats    ]   Rendezvous                         33 us
[400.500s][info][gc,stats    ] Concurrent Cleanup                   44 us
[400.500s][info][gc,stats    ] Concurrent Strong Roots            5958 us, parallelism: 1.94x
[400.500s][info][gc,stats    ]   CSR: <total>                    11540 us
[400.500s][info][gc,stats    ]   CSR: Code Cache Roots           11269 us, workers (us): 5491, 5778, ---, ---, 
[400.500s][info][gc,stats    ]   CSR: VM Strong Roots                9 us, workers (us):   9,   0, ---, ---, 
[400.500s][info][gc,stats    ]   CSR: CLDG Roots                   263 us, workers (us): 263, ---, ---, ---, 
[400.500s][info][gc,stats    ] Concurrent Evacuation             44067 us
[400.500s][info][gc,stats    ] Pause Init Update Refs (G)          130 us
[400.500s][info][gc,stats    ] Pause Init Update Refs (N)           54 us
[400.500s][info][gc,stats    ]   Manage GCLABs                       4 us
[400.500s][info][gc,stats    ] Concurrent Update Refs           140795 us
[400.500s][info][gc,stats    ] Concurrent Update Thread Roots     1356 us
[400.500s][info][gc,stats    ] Pause Final Update Refs (G)         145 us
[400.500s][info][gc,stats    ] Pause Final Update Refs (N)         116 us
[400.500s][info][gc,stats    ]   Update Region States               28 us
[400.500s][info][gc,stats    ]   Trash Collection Set               10 us
[400.500s][info][gc,stats    ]   Rebuild Free Set                   11 us
[400.500s][info][gc,stats    ] Concurrent Cleanup                   76 us
[400.500s][info][gc,stats    ] 
[400.500s][info][gc,stats    ] Allocation pacing accrued:
[400.500s][info][gc,stats    ]       0 of 10521 ms (  0.0%): <total>
[400.500s][info][gc,stats    ]       0 of 10521 ms (  0.0%): <average total>
[400.500s][info][gc,stats    ] 
[400.500s][info][gc,metaspace] Metaspace: 135260K(136704K)->135260K(136704K) NonClass: 114261K(115072K)->114261K(115072K) Class: 20999K(21632K)->20999K(21632K)
[400.500s][info][gc,ergo     ] Pacer for Idle. Initial: 163M, Alloc Tax Rate: 1.0x
[409.493s][info][gc          ] Trigger: Free (818M) is below minimum threshold (819M)
[409.493s][info][gc,ergo     ] Free: 818M, Max: 4096K regular, 580M humongous, Frag: 28% external, 0% internal; Reserve: 412M, Max: 4096K
[409.493s][info][gc,start    ] GC(43) Concurrent reset
[409.493s][info][gc,task     ] GC(43) Using 2 of 4 workers for concurrent reset
[409.493s][info][gc,ergo     ] GC(43) Pacer for Reset. Non-Taxable: 8192M
[409.513s][info][gc          ] GC(43) Concurrent reset 20.192ms
[409.513s][info][gc,start    ] GC(43) Pause Init Mark
[409.513s][info][gc,task     ] GC(43) Using 4 of 4 workers for init marking
[409.513s][info][gc,ergo     ] GC(43) Pacer for Mark. Expected Live: 443M, Free: 803M, Non-Taxable: 82302K, Alloc Tax Rate: 0.7x
[409.513s][info][gc          ] GC(43) Pause Init Mark 0.121ms
[409.513s][info][gc,start    ] GC(43) Concurrent marking roots
[409.513s][info][gc,task     ] GC(43) Using 2 of 4 workers for concurrent marking roots
[409.521s][info][gc          ] GC(43) Concurrent marking roots 8.376ms
[409.521s][info][gc,start    ] GC(43) Concurrent marking
[409.521s][info][gc,task     ] GC(43) Using 2 of 4 workers for concurrent marking
[409.746s][info][gc          ] GC(43) Concurrent marking 224.102ms
[409.746s][info][gc,start    ] GC(43) Pause Final Mark
[409.746s][info][gc,task     ] GC(43) Using 4 of 4 workers for final marking
[409.746s][info][gc,ergo     ] GC(43) Adaptive CSet Selection. Target Free: 1160M, Actual Free: 3048M, Max CSet: 341M, Min Garbage: 0B
[409.746s][info][gc,ergo     ] GC(43) Collectable Garbage: 6496M (99%), Immediate: 2072M (31%), CSet: 4424M (67%)
[409.746s][info][gc,ergo     ] GC(43) Pacer for Evacuation. Used CSet: 4512M, Free: 2644M, Non-Taxable: 264M, Alloc Tax Rate: 4.2x
[409.746s][info][gc          ] GC(43) Pause Final Mark 0.310ms
[409.746s][info][gc,start    ] GC(43) Concurrent thread roots
[409.746s][info][gc,task     ] GC(43) Using 2 of 4 workers for Concurrent thread roots
[409.747s][info][gc          ] GC(43) Concurrent thread roots 0.777ms
[409.747s][info][gc,start    ] GC(43) Concurrent weak references
[409.747s][info][gc,task     ] GC(43) Using 2 of 4 workers for concurrent weak references
[409.747s][info][gc,ref      ] GC(43) Encountered references: Soft: 6544, Weak: 23383, Final: 34, Phantom: 718
[409.747s][info][gc,ref      ] GC(43) Discovered  references: Soft: 0, Weak: 6313, Final: 33, Phantom: 579
[409.747s][info][gc,ref      ] GC(43) Enqueued    references: Soft: 0, Weak: 2, Final: 0, Phantom: 0
[409.747s][info][gc          ] GC(43) Concurrent weak references 0.316ms
[409.747s][info][gc,start    ] GC(43) Concurrent weak roots
[409.747s][info][gc,task     ] GC(43) Using 2 of 4 workers for concurrent weak root
[409.748s][info][gc          ] GC(43) Concurrent weak roots 0.922ms
[409.748s][info][gc,start    ] GC(43) Concurrent cleanup
[409.748s][info][gc          ] GC(43) Concurrent cleanup 7220M->5148M(8192M) 0.038ms
[409.748s][info][gc,ergo     ] GC(43) Free: 2632M, Max: 4096K regular, 552M humongous, Frag: 79% external, 0% internal; Reserve: 411M, Max: 4096K
[409.748s][info][gc,start    ] GC(43) Concurrent strong roots
[409.748s][info][gc,task     ] GC(43) Using 2 of 4 workers for concurrent strong root
[409.754s][info][gc          ] GC(43) Concurrent strong roots 5.438ms
[409.754s][info][gc,start    ] GC(43) Concurrent evacuation
[409.754s][info][gc,task     ] GC(43) Using 2 of 4 workers for concurrent evacuation
[409.802s][info][gc          ] GC(43) Concurrent evacuation 48.606ms
[409.802s][info][gc,start    ] GC(43) Pause Init Update Refs
[409.802s][info][gc,ergo     ] GC(43) Pacer for Update Refs. Used: 5311M, Free: 2560M, Non-Taxable: 256M, Alloc Tax Rate: 2.5x
[409.802s][info][gc          ] GC(43) Pause Init Update Refs 0.044ms
[409.802s][info][gc,start    ] GC(43) Concurrent update references
[409.802s][info][gc,task     ] GC(43) Using 2 of 4 workers for concurrent reference update
[409.948s][info][gc          ] GC(43) Concurrent update references 145.957ms
[409.948s][info][gc,start    ] GC(43) Concurrent update thread roots
[409.950s][info][gc          ] GC(43) Concurrent update thread roots 1.416ms
[409.950s][info][gc,start    ] GC(43) Pause Final Update Refs
[409.950s][info][gc,task     ] GC(43) Using 4 of 4 workers for final reference update
[409.950s][info][gc          ] GC(43) Pause Final Update Refs 0.099ms
[409.950s][info][gc,start    ] GC(43) Concurrent cleanup
[409.950s][info][gc          ] GC(43) Concurrent cleanup 5439M->927M(8192M) 0.057ms
[409.950s][info][gc,ergo     ] Free: 6852M, Max: 4096K regular, 5204M humongous, Frag: 24% external, 0% internal; Reserve: 412M, Max: 4096K
[409.950s][info][gc,stats    ] 
[409.950s][info][gc,stats    ] All times are wall-clock times, except per-root-class counters, that are sum over
[409.950s][info][gc,stats    ] all workers. Dividing the <total> over the root stage time estimates parallelism.
[409.950s][info][gc,stats    ] 
[409.950s][info][gc,stats    ] Concurrent Reset                  20258 us
[409.950s][info][gc,stats    ] Pause Init Mark (G)                 169 us
[409.950s][info][gc,stats    ] Pause Init Mark (N)                 134 us
[409.950s][info][gc,stats    ]   Update Region States               50 us
[409.950s][info][gc,stats    ] Concurrent Mark Roots              8411 us, parallelism: 1.95x
[409.950s][info][gc,stats    ]   CMR: <total>                    16405 us
[409.950s][info][gc,stats    ]   CMR: Thread Roots                1436 us, workers (us): 697, 739, ---, ---, 
[409.950s][info][gc,stats    ]   CMR: Code Cache Roots           14208 us, workers (us): 6757, 7451, ---, ---, 
[409.950s][info][gc,stats    ]   CMR: VM Strong Roots               12 us, workers (us):  12,   0, ---, ---, 
[409.950s][info][gc,stats    ]   CMR: CLDG Roots                   749 us, workers (us): 749, ---, ---, ---, 
[409.950s][info][gc,stats    ] Concurrent Marking               224135 us
[409.950s][info][gc,stats    ] Pause Final Mark (G)                373 us
[409.950s][info][gc,stats    ] Pause Final Mark (N)                322 us
[409.950s][info][gc,stats    ]   Finish Mark                        67 us
[409.950s][info][gc,stats    ]   Update Region States               37 us
[409.950s][info][gc,stats    ]   Choose Collection Set             141 us
[409.950s][info][gc,stats    ]   Rebuild Free Set                   10 us
[409.950s][info][gc,stats    ] Concurrent Thread Roots             802 us, parallelism: 1.82x
[409.950s][info][gc,stats    ]   CTR: <total>                     1459 us
[409.950s][info][gc,stats    ]   CTR: Thread Roots                1459 us, workers (us): 733, 726, ---, ---, 
[409.950s][info][gc,stats    ] Concurrent Weak References          326 us, parallelism: 1.30x
[409.950s][info][gc,stats    ]   CWRF: <total>                     426 us
[409.950s][info][gc,stats    ]   CWRF: Weak References             426 us, workers (us): 249, 176, ---, ---, 
[409.950s][info][gc,stats    ] Concurrent Weak Roots               947 us
[409.950s][info][gc,stats    ]   Roots                             832 us, parallelism: 1.80x
[409.950s][info][gc,stats    ]     CWR: <total>                   1497 us
[409.950s][info][gc,stats    ]     CWR: VM Weak Roots             1497 us, workers (us): 749, 748, ---, ---, 
[409.950s][info][gc,stats    ]   Rendezvous                         68 us
[409.950s][info][gc,stats    ] Concurrent Cleanup                   55 us
[409.950s][info][gc,stats    ] Concurrent Strong Roots            5460 us, parallelism: 1.96x
[409.950s][info][gc,stats    ]   CSR: <total>                    10680 us
[409.950s][info][gc,stats    ]   CSR: Code Cache Roots           10442 us, workers (us): 5342, 5100, ---, ---, 
[409.950s][info][gc,stats    ]   CSR: VM Strong Roots                7 us, workers (us):   4,   3, ---, ---, 
[409.950s][info][gc,stats    ]   CSR: CLDG Roots                   231 us, workers (us): ---, 231, ---, ---, 
[409.950s][info][gc,stats    ] Concurrent Evacuation             48661 us
[409.950s][info][gc,stats    ] Pause Init Update Refs (G)          129 us
[409.950s][info][gc,stats    ] Pause Init Update Refs (N)           58 us
[409.950s][info][gc,stats    ]   Manage GCLABs                       5 us
[409.950s][info][gc,stats    ] Concurrent Update Refs           146005 us
[409.951s][info][gc,stats    ] Concurrent Update Thread Roots     1432 us
[409.951s][info][gc,stats    ] Pause Final Update Refs (G)         139 us
[409.951s][info][gc,stats    ] Pause Final Update Refs (N)         113 us
[409.951s][info][gc,stats    ]   Update Region States               37 us
[409.951s][info][gc,stats    ]   Trash Collection Set               11 us
[409.951s][info][gc,stats    ]   Rebuild Free Set                   11 us
[409.951s][info][gc,stats    ] Concurrent Cleanup                   69 us
[409.951s][info][gc,stats    ] 
[409.951s][info][gc,stats    ] Allocation pacing accrued:
[409.951s][info][gc,stats    ]       0 of  9451 ms (  0.0%): <total>
[409.951s][info][gc,stats    ]       0 of  9451 ms (  0.0%): <average total>
[409.951s][info][gc,stats    ] 
[409.951s][info][gc,metaspace] Metaspace: 135270K(136768K)->135270K(136768K) NonClass: 114271K(115136K)->114271K(115136K) Class: 20999K(21632K)->20999K(21632K)
[409.951s][info][gc,ergo     ] Pacer for Idle. Initial: 163M, Alloc Tax Rate: 1.0x
[419.448s][info][gc          ] Trigger: Free (816M) is below minimum threshold (819M)
[419.448s][info][gc,ergo     ] Free: 816M, Max: 4096K regular, 536M humongous, Frag: 34% external, 0% internal; Reserve: 412M, Max: 4096K
[419.448s][info][gc,start    ] GC(44) Concurrent reset
[419.448s][info][gc,task     ] GC(44) Using 2 of 4 workers for concurrent reset
[419.448s][info][gc,ergo     ] GC(44) Pacer for Reset. Non-Taxable: 8192M
[419.464s][info][gc          ] GC(44) Concurrent reset 15.581ms
[419.464s][info][gc,start    ] GC(44) Pause Init Mark
[419.464s][info][gc,task     ] GC(44) Using 4 of 4 workers for init marking
[419.464s][info][gc,ergo     ] GC(44) Pacer for Mark. Expected Live: 436M, Free: 812M, Non-Taxable: 83168K, Alloc Tax Rate: 0.7x
[419.464s][info][gc          ] GC(44) Pause Init Mark 0.127ms
[419.464s][info][gc,start    ] GC(44) Concurrent marking roots
[419.464s][info][gc,task     ] GC(44) Using 2 of 4 workers for concurrent marking roots
[419.473s][info][gc          ] GC(44) Concurrent marking roots 8.782ms
[419.473s][info][gc,start    ] GC(44) Concurrent marking
[419.473s][info][gc,task     ] GC(44) Using 2 of 4 workers for concurrent marking
[419.688s][info][gc          ] GC(44) Concurrent marking 215.215ms
[419.688s][info][gc,start    ] GC(44) Pause Final Mark
[419.688s][info][gc,task     ] GC(44) Using 4 of 4 workers for final marking
[419.688s][info][gc,ergo     ] GC(44) Adaptive CSet Selection. Target Free: 1160M, Actual Free: 3540M, Max CSet: 341M, Min Garbage: 0B
[419.688s][info][gc,ergo     ] GC(44) Collectable Garbage: 6518M (99%), Immediate: 2504M (38%), CSet: 4014M (61%)
[419.688s][info][gc,ergo     ] GC(44) Pacer for Evacuation. Used CSet: 4076M, Free: 3140M, Non-Taxable: 314M, Alloc Tax Rate: 3.2x
[419.688s][info][gc          ] GC(44) Pause Final Mark 0.279ms
[419.688s][info][gc,start    ] GC(44) Concurrent thread roots
[419.688s][info][gc,task     ] GC(44) Using 2 of 4 workers for Concurrent thread roots
[419.689s][info][gc          ] GC(44) Concurrent thread roots 0.766ms
[419.689s][info][gc,start    ] GC(44) Concurrent weak references
[419.689s][info][gc,task     ] GC(44) Using 2 of 4 workers for concurrent weak references
[419.690s][info][gc,ref      ] GC(44) Encountered references: Soft: 6544, Weak: 23387, Final: 34, Phantom: 727
[419.690s][info][gc,ref      ] GC(44) Discovered  references: Soft: 0, Weak: 9404, Final: 33, Phantom: 577
[419.690s][info][gc,ref      ] GC(44) Enqueued    references: Soft: 0, Weak: 3, Final: 0, Phantom: 0
[419.690s][info][gc          ] GC(44) Concurrent weak references 0.446ms
[419.690s][info][gc,start    ] GC(44) Concurrent weak roots
[419.690s][info][gc,task     ] GC(44) Using 2 of 4 workers for concurrent weak root
[419.691s][info][gc          ] GC(44) Concurrent weak roots 0.970ms
[419.691s][info][gc,start    ] GC(44) Concurrent cleanup
[419.691s][info][gc          ] GC(44) Concurrent cleanup 7153M->4649M(8192M) 0.046ms
[419.691s][info][gc,ergo     ] GC(44) Free: 3130M, Max: 4096K regular, 568M humongous, Frag: 82% external, 0% internal; Reserve: 411M, Max: 4096K
[419.691s][info][gc,start    ] GC(44) Concurrent strong roots
[419.691s][info][gc,task     ] GC(44) Using 2 of 4 workers for concurrent strong root
[419.697s][info][gc          ] GC(44) Concurrent strong roots 6.216ms
[419.697s][info][gc,start    ] GC(44) Concurrent evacuation
[419.697s][info][gc,task     ] GC(44) Using 2 of 4 workers for concurrent evacuation
[419.737s][info][gc          ] GC(44) Concurrent evacuation 39.615ms
[419.737s][info][gc,start    ] GC(44) Pause Init Update Refs
[419.737s][info][gc,ergo     ] GC(44) Pacer for Update Refs. Used: 4729M, Free: 3114M, Non-Taxable: 311M, Alloc Tax Rate: 1.9x
[419.737s][info][gc          ] GC(44) Pause Init Update Refs 0.057ms
[419.737s][info][gc,start    ] GC(44) Concurrent update references
[419.737s][info][gc,task     ] GC(44) Using 2 of 4 workers for concurrent reference update
[419.872s][info][gc          ] GC(44) Concurrent update references 135.582ms
[419.872s][info][gc,start    ] GC(44) Concurrent update thread roots
[419.874s][info][gc          ] GC(44) Concurrent update thread roots 1.435ms
[419.874s][info][gc,start    ] GC(44) Pause Final Update Refs
[419.874s][info][gc,task     ] GC(44) Using 4 of 4 workers for final reference update
[419.874s][info][gc          ] GC(44) Pause Final Update Refs 0.104ms
[419.874s][info][gc,start    ] GC(44) Concurrent cleanup
[419.874s][info][gc          ] GC(44) Concurrent cleanup 4769M->693M(8192M) 0.062ms
[419.874s][info][gc,ergo     ] Free: 7086M, Max: 4096K regular, 5148M humongous, Frag: 28% external, 0% internal; Reserve: 412M, Max: 4096K
[419.874s][info][gc,stats    ] 
[419.874s][info][gc,stats    ] All times are wall-clock times, except per-root-class counters, that are sum over
[419.874s][info][gc,stats    ] all workers. Dividing the <total> over the root stage time estimates parallelism.
[419.874s][info][gc,stats    ] 
[419.874s][info][gc,stats    ] Concurrent Reset                  15657 us
[419.874s][info][gc,stats    ] Pause Init Mark (G)                 282 us
[419.874s][info][gc,stats    ] Pause Init Mark (N)                 140 us
[419.874s][info][gc,stats    ]   Update Region States               42 us
[419.874s][info][gc,stats    ] Concurrent Mark Roots              8838 us, parallelism: 1.93x
[419.874s][info][gc,stats    ]   CMR: <total>                    17102 us
[419.874s][info][gc,stats    ]   CMR: Thread Roots                1632 us, workers (us): 778, 854, ---, ---, 
[419.874s][info][gc,stats    ]   CMR: Code Cache Roots           14562 us, workers (us): 6883, 7678, ---, ---, 
[419.874s][info][gc,stats    ]   CMR: VM Strong Roots               15 us, workers (us):  15,   0, ---, ---, 
[419.874s][info][gc,stats    ]   CMR: CLDG Roots                   893 us, workers (us): 893, ---, ---, ---, 
[419.874s][info][gc,stats    ] Concurrent Marking               215250 us
[419.874s][info][gc,stats    ] Pause Final Mark (G)                346 us
[419.874s][info][gc,stats    ] Pause Final Mark (N)                292 us
[419.874s][info][gc,stats    ]   Finish Mark                        64 us
[419.874s][info][gc,stats    ]   Update Region States               17 us
[419.874s][info][gc,stats    ]   Choose Collection Set             130 us
[419.874s][info][gc,stats    ]   Rebuild Free Set                   10 us
[419.874s][info][gc,stats    ] Concurrent Thread Roots             788 us, parallelism: 1.83x
[419.874s][info][gc,stats    ]   CTR: <total>                     1438 us
[419.874s][info][gc,stats    ]   CTR: Thread Roots                1438 us, workers (us): 715, 723, ---, ---, 
[419.874s][info][gc,stats    ] Concurrent Weak References          457 us, parallelism: 1.29x
[419.874s][info][gc,stats    ]   CWRF: <total>                     589 us
[419.874s][info][gc,stats    ]   CWRF: Weak References             589 us, workers (us): 212, 377, ---, ---, 
[419.874s][info][gc,stats    ] Concurrent Weak Roots               990 us
[419.874s][info][gc,stats    ]   Roots                             916 us, parallelism: 1.76x
[419.874s][info][gc,stats    ]     CWR: <total>                   1611 us
[419.874s][info][gc,stats    ]     CWR: VM Weak Roots             1611 us, workers (us): 806, 805, ---, ---, 
[419.874s][info][gc,stats    ]   Rendezvous                         32 us
[419.875s][info][gc,stats    ] Concurrent Cleanup                   59 us
[419.875s][info][gc,stats    ] Concurrent Strong Roots            6254 us, parallelism: 1.95x
[419.875s][info][gc,stats    ]   CSR: <total>                    12208 us
[419.875s][info][gc,stats    ]   CSR: Code Cache Roots           11918 us, workers (us): 6098, 5820, ---, ---, 
[419.875s][info][gc,stats    ]   CSR: VM Strong Roots                9 us, workers (us):   6,   4, ---, ---, 
[419.875s][info][gc,stats    ]   CSR: CLDG Roots                   281 us, workers (us): ---, 281, ---, ---, 
[419.875s][info][gc,stats    ] Concurrent Evacuation             39673 us
[419.875s][info][gc,stats    ] Pause Init Update Refs (G)          143 us
[419.875s][info][gc,stats    ] Pause Init Update Refs (N)           68 us
[419.875s][info][gc,stats    ]   Manage GCLABs                      10 us
[419.875s][info][gc,stats    ] Concurrent Update Refs           135620 us
[419.875s][info][gc,stats    ] Concurrent Update Thread Roots     1457 us
[419.875s][info][gc,stats    ] Pause Final Update Refs (G)         186 us
[419.875s][info][gc,stats    ] Pause Final Update Refs (N)         129 us
[419.875s][info][gc,stats    ]   Update Region States               45 us
[419.875s][info][gc,stats    ]   Trash Collection Set               10 us
[419.875s][info][gc,stats    ]   Rebuild Free Set                   11 us
[419.875s][info][gc,stats    ] Concurrent Cleanup                   76 us
[419.875s][info][gc,stats    ] 
[419.875s][info][gc,stats    ] Allocation pacing accrued:
[419.875s][info][gc,stats    ]       0 of  9924 ms (  0.0%): <total>
[419.875s][info][gc,stats    ]       0 of  9924 ms (  0.0%): <average total>
[419.875s][info][gc,stats    ] 
[419.875s][info][gc,metaspace] Metaspace: 135288K(136768K)->135289K(136768K) NonClass: 114288K(115136K)->114289K(115136K) Class: 21000K(21632K)->21000K(21632K)
[419.875s][info][gc,ergo     ] Pacer for Idle. Initial: 163M, Alloc Tax Rate: 1.0x
[430.754s][info][gc          ] Trigger: Free (818M) is below minimum threshold (819M)
[430.754s][info][gc,ergo     ] Free: 818M, Max: 4096K regular, 728M humongous, Frag: 11% external, 0% internal; Reserve: 412M, Max: 4096K
[430.754s][info][gc,start    ] GC(45) Concurrent reset
[430.754s][info][gc,task     ] GC(45) Using 2 of 4 workers for concurrent reset
[430.754s][info][gc,ergo     ] GC(45) Pacer for Reset. Non-Taxable: 8192M
[430.766s][info][gc          ] GC(45) Concurrent reset 11.397ms
[430.766s][info][gc,start    ] GC(45) Pause Init Mark
[430.766s][info][gc,task     ] GC(45) Using 4 of 4 workers for init marking
[430.766s][info][gc,ergo     ] GC(45) Pacer for Mark. Expected Live: 439M, Free: 818M, Non-Taxable: 83831K, Alloc Tax Rate: 0.7x
[430.766s][info][gc          ] GC(45) Pause Init Mark 0.130ms
[430.766s][info][gc,start    ] GC(45) Concurrent marking roots
[430.766s][info][gc,task     ] GC(45) Using 2 of 4 workers for concurrent marking roots
[430.774s][info][gc          ] GC(45) Concurrent marking roots 7.634ms
[430.774s][info][gc,start    ] GC(45) Concurrent marking
[430.774s][info][gc,task     ] GC(45) Using 2 of 4 workers for concurrent marking
[430.984s][info][gc          ] GC(45) Concurrent marking 210.578ms
[430.984s][info][gc,start    ] GC(45) Pause Final Mark
[430.984s][info][gc,task     ] GC(45) Using 4 of 4 workers for final marking
[430.984s][info][gc,ergo     ] GC(45) Adaptive CSet Selection. Target Free: 1160M, Actual Free: 2900M, Max CSet: 341M, Min Garbage: 0B
[430.984s][info][gc,ergo     ] GC(45) Collectable Garbage: 6497M (99%), Immediate: 1788M (27%), CSet: 4709M (72%)
[430.985s][info][gc,ergo     ] GC(45) Pacer for Evacuation. Used CSet: 4788M, Free: 2492M, Non-Taxable: 249M, Alloc Tax Rate: 4.7x
[430.985s][info][gc          ] GC(45) Pause Final Mark 0.309ms
[430.985s][info][gc,start    ] GC(45) Concurrent thread roots
[430.985s][info][gc,task     ] GC(45) Using 2 of 4 workers for Concurrent thread roots
[430.985s][info][gc          ] GC(45) Concurrent thread roots 0.821ms
[430.985s][info][gc,start    ] GC(45) Concurrent weak references
[430.985s][info][gc,task     ] GC(45) Using 2 of 4 workers for concurrent weak references
[430.986s][info][gc,ref      ] GC(45) Encountered references: Soft: 6544, Weak: 23393, Final: 34, Phantom: 736
[430.986s][info][gc,ref      ] GC(45) Discovered  references: Soft: 0, Weak: 12100, Final: 1, Phantom: 582
[430.986s][info][gc,ref      ] GC(45) Enqueued    references: Soft: 0, Weak: 6, Final: 0, Phantom: 0
[430.986s][info][gc          ] GC(45) Concurrent weak references 0.617ms
[430.986s][info][gc,start    ] GC(45) Concurrent weak roots
[430.986s][info][gc,task     ] GC(45) Using 2 of 4 workers for concurrent weak root
[430.987s][info][gc          ] GC(45) Concurrent weak roots 0.865ms
[430.987s][info][gc,start    ] GC(45) Concurrent cleanup
[430.987s][info][gc          ] GC(45) Concurrent cleanup 7084M->5296M(8192M) 0.034ms
[430.987s][info][gc,ergo     ] GC(45) Free: 2483M, Max: 4096K regular, 688M humongous, Frag: 73% external, 0% internal; Reserve: 411M, Max: 4096K
[430.987s][info][gc,start    ] GC(45) Concurrent strong roots
[430.987s][info][gc,task     ] GC(45) Using 2 of 4 workers for concurrent strong root
[430.992s][info][gc          ] GC(45) Concurrent strong roots 5.212ms
[430.992s][info][gc,start    ] GC(45) Concurrent evacuation
[430.992s][info][gc,task     ] GC(45) Using 2 of 4 workers for concurrent evacuation
[431.030s][info][gc          ] GC(45) Concurrent evacuation 37.767ms
[431.030s][info][gc,start    ] GC(45) Pause Init Update Refs
[431.030s][info][gc,ergo     ] GC(45) Pacer for Update Refs. Used: 5388M, Free: 2475M, Non-Taxable: 247M, Alloc Tax Rate: 2.7x
[431.030s][info][gc          ] GC(45) Pause Init Update Refs 0.044ms
[431.030s][info][gc,start    ] GC(45) Concurrent update references
[431.030s][info][gc,task     ] GC(45) Using 2 of 4 workers for concurrent reference update
[431.160s][info][gc          ] GC(45) Concurrent update references 129.631ms
[431.160s][info][gc,start    ] GC(45) Concurrent update thread roots
[431.161s][info][gc          ] GC(45) Concurrent update thread roots 1.447ms
[431.161s][info][gc,start    ] GC(45) Pause Final Update Refs
[431.161s][info][gc,task     ] GC(45) Using 4 of 4 workers for final reference update
[431.161s][info][gc          ] GC(45) Pause Final Update Refs 0.092ms
[431.161s][info][gc,start    ] GC(45) Concurrent cleanup
[431.162s][info][gc          ] GC(45) Concurrent cleanup 5452M->664M(8192M) 0.070ms
[431.162s][info][gc,ergo     ] Free: 7115M, Max: 4096K regular, 5312M humongous, Frag: 26% external, 0% internal; Reserve: 412M, Max: 4096K
[431.162s][info][gc,stats    ] 
[431.162s][info][gc,stats    ] All times are wall-clock times, except per-root-class counters, that are sum over
[431.162s][info][gc,stats    ] all workers. Dividing the <total> over the root stage time estimates parallelism.
[431.162s][info][gc,stats    ] 
[431.162s][info][gc,stats    ] Concurrent Reset                  11460 us
[431.162s][info][gc,stats    ] Pause Init Mark (G)                 239 us
[431.162s][info][gc,stats    ] Pause Init Mark (N)                 141 us
[431.162s][info][gc,stats    ]   Update Region States               51 us
[431.162s][info][gc,stats    ] Concurrent Mark Roots              7659 us, parallelism: 1.95x
[431.162s][info][gc,stats    ]   CMR: <total>                    14950 us
[431.162s][info][gc,stats    ]   CMR: Thread Roots                1453 us, workers (us): 666, 787, ---, ---, 
[431.162s][info][gc,stats    ]   CMR: Code Cache Roots           12756 us, workers (us): 6082, 6674, ---, ---, 
[431.162s][info][gc,stats    ]   CMR: VM Strong Roots               13 us, workers (us):  12,   0, ---, ---, 
[431.162s][info][gc,stats    ]   CMR: CLDG Roots                   728 us, workers (us): 728, ---, ---, ---, 
[431.162s][info][gc,stats    ] Concurrent Marking               210623 us
[431.162s][info][gc,stats    ] Pause Final Mark (G)                374 us
[431.162s][info][gc,stats    ] Pause Final Mark (N)                320 us
[431.162s][info][gc,stats    ]   Finish Mark                        62 us
[431.162s][info][gc,stats    ]   Update Region States               45 us
[431.162s][info][gc,stats    ]   Choose Collection Set             134 us
[431.162s][info][gc,stats    ]   Rebuild Free Set                   11 us
[431.162s][info][gc,stats    ] Concurrent Thread Roots             842 us, parallelism: 1.78x
[431.162s][info][gc,stats    ]   CTR: <total>                     1495 us
[431.162s][info][gc,stats    ]   CTR: Thread Roots                1495 us, workers (us): 748, 747, ---, ---, 
[431.162s][info][gc,stats    ] Concurrent Weak References          628 us, parallelism: 0.89x
[431.162s][info][gc,stats    ]   CWRF: <total>                     557 us
[431.162s][info][gc,stats    ]   CWRF: Weak References             557 us, workers (us):  42, 515, ---, ---, 
[431.162s][info][gc,stats    ] Concurrent Weak Roots               881 us
[431.162s][info][gc,stats    ]   Roots                             822 us, parallelism: 1.80x
[431.162s][info][gc,stats    ]     CWR: <total>                   1482 us
[431.162s][info][gc,stats    ]     CWR: VM Weak Roots             1482 us, workers (us): 742, 740, ---, ---, 
[431.162s][info][gc,stats    ]   Rendezvous                         22 us
[431.162s][info][gc,stats    ] Concurrent Cleanup                   50 us
[431.162s][info][gc,stats    ] Concurrent Strong Roots            5233 us, parallelism: 1.95x
[431.162s][info][gc,stats    ]   CSR: <total>                    10214 us
[431.162s][info][gc,stats    ]   CSR: Code Cache Roots            9989 us, workers (us): 5130, 4859, ---, ---, 
[431.162s][info][gc,stats    ]   CSR: VM Strong Roots                7 us, workers (us):   3,   3, ---, ---, 
[431.162s][info][gc,stats    ]   CSR: CLDG Roots                   219 us, workers (us): ---, 219, ---, ---, 
[431.162s][info][gc,stats    ] Concurrent Evacuation             37833 us
[431.162s][info][gc,stats    ] Pause Init Update Refs (G)           93 us
[431.162s][info][gc,stats    ] Pause Init Update Refs (N)           56 us
[431.162s][info][gc,stats    ]   Manage GCLABs                       5 us
[431.162s][info][gc,stats    ] Concurrent Update Refs           129677 us
[431.162s][info][gc,stats    ] Concurrent Update Thread Roots     1475 us
[431.162s][info][gc,stats    ] Pause Final Update Refs (G)         170 us
[431.162s][info][gc,stats    ] Pause Final Update Refs (N)         115 us
[431.162s][info][gc,stats    ]   Update Region States               30 us
[431.162s][info][gc,stats    ]   Trash Collection Set               15 us
[431.162s][info][gc,stats    ]   Rebuild Free Set                   11 us
[431.162s][info][gc,stats    ] Concurrent Cleanup                   88 us
[431.162s][info][gc,stats    ] 
[431.162s][info][gc,stats    ] Allocation pacing accrued:
[431.162s][info][gc,stats    ]       0 of 11287 ms (  0.0%): <total>
[431.162s][info][gc,stats    ]       0 of 11287 ms (  0.0%): <average total>
[431.162s][info][gc,stats    ] 
[431.162s][info][gc,metaspace] Metaspace: 135311K(136768K)->135311K(136768K) NonClass: 114311K(115136K)->114311K(115136K) Class: 21000K(21632K)->21000K(21632K)
[431.162s][info][gc,ergo     ] Pacer for Idle. Initial: 163M, Alloc Tax Rate: 1.0x
[439.351s][info][gc          ] Trigger: Average GC time (457.90 ms) is above the time for average allocation rate (989 MB/s) to deplete free headroom (450M) (margin of error = 1.85)
[439.351s][info][gc,ergo     ] Free headroom: 859M (free) - 409M (spike) - 0B (penalties) = 450M
[439.351s][info][gc,ergo     ] Free: 859M, Max: 4096K regular, 668M humongous, Frag: 22% external, 0% internal; Reserve: 412M, Max: 4096K
[439.351s][info][gc,start    ] GC(46) Concurrent reset
[439.351s][info][gc,task     ] GC(46) Using 2 of 4 workers for concurrent reset
[439.351s][info][gc,ergo     ] GC(46) Pacer for Reset. Non-Taxable: 8192M
[439.377s][info][gc          ] GC(46) Concurrent reset 25.819ms
[439.377s][info][gc,start    ] GC(46) Pause Init Mark
[439.377s][info][gc,task     ] GC(46) Using 4 of 4 workers for init marking
[439.377s][info][gc,ergo     ] GC(46) Pacer for Mark. Expected Live: 436M, Free: 827M, Non-Taxable: 84775K, Alloc Tax Rate: 0.6x
[439.377s][info][gc          ] GC(46) Pause Init Mark 0.118ms
[439.377s][info][gc,start    ] GC(46) Concurrent marking roots
[439.377s][info][gc,task     ] GC(46) Using 2 of 4 workers for concurrent marking roots
[439.390s][info][gc          ] GC(46) Concurrent marking roots 13.420ms
[439.390s][info][gc,start    ] GC(46) Concurrent marking
[439.390s][info][gc,task     ] GC(46) Using 2 of 4 workers for concurrent marking
[439.612s][info][gc          ] GC(46) Concurrent marking 221.932ms
[439.612s][info][gc,start    ] GC(46) Pause Final Mark
[439.612s][info][gc,task     ] GC(46) Using 4 of 4 workers for final marking
[439.612s][info][gc,ergo     ] GC(46) Adaptive CSet Selection. Target Free: 1160M, Actual Free: 3424M, Max CSet: 341M, Min Garbage: 0B
[439.613s][info][gc,ergo     ] GC(46) Collectable Garbage: 6477M (99%), Immediate: 2460M (37%), CSet: 4017M (61%)
[439.613s][info][gc,ergo     ] GC(46) Pacer for Evacuation. Used CSet: 4104M, Free: 3016M, Non-Taxable: 301M, Alloc Tax Rate: 3.3x
[439.613s][info][gc          ] GC(46) Pause Final Mark 0.317ms
[439.613s][info][gc,start    ] GC(46) Concurrent thread roots
[439.613s][info][gc,task     ] GC(46) Using 2 of 4 workers for Concurrent thread roots
[439.613s][info][gc          ] GC(46) Concurrent thread roots 0.807ms
[439.613s][info][gc,start    ] GC(46) Concurrent weak references
[439.613s][info][gc,task     ] GC(46) Using 2 of 4 workers for concurrent weak references
[439.614s][info][gc,ref      ] GC(46) Encountered references: Soft: 6544, Weak: 23388, Final: 34, Phantom: 736
[439.614s][info][gc,ref      ] GC(46) Discovered  references: Soft: 0, Weak: 13387, Final: 0, Phantom: 613
[439.614s][info][gc,ref      ] GC(46) Enqueued    references: Soft: 0, Weak: 1, Final: 0, Phantom: 0
[439.614s][info][gc          ] GC(46) Concurrent weak references 0.591ms
[439.614s][info][gc,start    ] GC(46) Concurrent weak roots
[439.614s][info][gc,task     ] GC(46) Using 2 of 4 workers for concurrent weak root
[439.615s][info][gc          ] GC(46) Concurrent weak roots 0.864ms
[439.615s][info][gc,start    ] GC(46) Concurrent cleanup
[439.615s][info][gc          ] GC(46) Concurrent cleanup 7235M->4775M(8192M) 0.040ms
[439.615s][info][gc,ergo     ] GC(46) Free: 3004M, Max: 4096K regular, 540M humongous, Frag: 82% external, 0% internal; Reserve: 411M, Max: 4096K
[439.615s][info][gc,start    ] GC(46) Concurrent strong roots
[439.615s][info][gc,task     ] GC(46) Using 2 of 4 workers for concurrent strong root
[439.621s][info][gc          ] GC(46) Concurrent strong roots 5.782ms
[439.621s][info][gc,start    ] GC(46) Concurrent evacuation
[439.621s][info][gc,task     ] GC(46) Using 2 of 4 workers for concurrent evacuation
[439.666s][info][gc          ] GC(46) Concurrent evacuation 45.310ms
[439.666s][info][gc,start    ] GC(46) Pause Init Update Refs
[439.666s][info][gc,ergo     ] GC(46) Pacer for Update Refs. Used: 4907M, Free: 2964M, Non-Taxable: 296M, Alloc Tax Rate: 2.0x
[439.666s][info][gc          ] GC(46) Pause Init Update Refs 0.044ms
[439.666s][info][gc,start    ] GC(46) Concurrent update references
[439.666s][info][gc,task     ] GC(46) Using 2 of 4 workers for concurrent reference update
[439.813s][info][gc          ] GC(46) Concurrent update references 146.645ms
[439.813s][info][gc,start    ] GC(46) Concurrent update thread roots
[439.815s][info][gc          ] GC(46) Concurrent update thread roots 1.509ms
[439.815s][info][gc,start    ] GC(46) Pause Final Update Refs
[439.815s][info][gc,task     ] GC(46) Using 4 of 4 workers for final reference update
[439.815s][info][gc          ] GC(46) Pause Final Update Refs 0.109ms
[439.815s][info][gc,start    ] GC(46) Concurrent cleanup
[439.815s][info][gc          ] GC(46) Concurrent cleanup 5059M->955M(8192M) 0.077ms
[439.815s][info][gc,ergo     ] Free: 6824M, Max: 4096K regular, 5268M humongous, Frag: 23% external, 0% internal; Reserve: 412M, Max: 4096K
[439.815s][info][gc,stats    ] 
[439.815s][info][gc,stats    ] All times are wall-clock times, except per-root-class counters, that are sum over
[439.815s][info][gc,stats    ] all workers. Dividing the <total> over the root stage time estimates parallelism.
[439.815s][info][gc,stats    ] 
[439.815s][info][gc,stats    ] Concurrent Reset                  25900 us
[439.815s][info][gc,stats    ] Pause Init Mark (G)                 199 us
[439.815s][info][gc,stats    ] Pause Init Mark (N)                 129 us
[439.815s][info][gc,stats    ]   Update Region States               42 us
[439.815s][info][gc,stats    ] Concurrent Mark Roots             13461 us, parallelism: 1.95x
[439.815s][info][gc,stats    ]   CMR: <total>                    26232 us
[439.815s][info][gc,stats    ]   CMR: Thread Roots                1489 us, workers (us): 666, 823, ---, ---, 
[439.815s][info][gc,stats    ]   CMR: Code Cache Roots           23505 us, workers (us): 11227, 12277, ---, ---, 
[439.815s][info][gc,stats    ]   CMR: VM Strong Roots               21 us, workers (us):  20,   1, ---, ---, 
[439.815s][info][gc,stats    ]   CMR: CLDG Roots                  1217 us, workers (us): 1217, ---, ---, ---, 
[439.815s][info][gc,stats    ] Concurrent Marking               221964 us
[439.815s][info][gc,stats    ] Pause Final Mark (G)                388 us
[439.815s][info][gc,stats    ] Pause Final Mark (N)                328 us
[439.815s][info][gc,stats    ]   Finish Mark                        76 us
[439.815s][info][gc,stats    ]   Update Region States               42 us
[439.815s][info][gc,stats    ]   Choose Collection Set             134 us
[439.815s][info][gc,stats    ]   Rebuild Free Set                   11 us
[439.815s][info][gc,stats    ] Concurrent Thread Roots             827 us, parallelism: 1.80x
[439.815s][info][gc,stats    ]   CTR: <total>                     1490 us
[439.815s][info][gc,stats    ]   CTR: Thread Roots                1490 us, workers (us): 764, 727, ---, ---, 
[439.815s][info][gc,stats    ] Concurrent Weak References          602 us, parallelism: 1.01x
[439.815s][info][gc,stats    ]   CWRF: <total>                     607 us
[439.815s][info][gc,stats    ]   CWRF: Weak References             607 us, workers (us): 110, 497, ---, ---, 
[439.815s][info][gc,stats    ] Concurrent Weak Roots               885 us
[439.815s][info][gc,stats    ]   Roots                             822 us, parallelism: 1.80x
[439.815s][info][gc,stats    ]     CWR: <total>                   1477 us
[439.815s][info][gc,stats    ]     CWR: VM Weak Roots             1477 us, workers (us): 738, 738, ---, ---, 
[439.815s][info][gc,stats    ]   Rendezvous                         21 us
[439.815s][info][gc,stats    ] Concurrent Cleanup                   53 us
[439.815s][info][gc,stats    ] Concurrent Strong Roots            5809 us, parallelism: 1.95x
[439.815s][info][gc,stats    ]   CSR: <total>                    11325 us
[439.815s][info][gc,stats    ]   CSR: Code Cache Roots           11092 us, workers (us): 5395, 5697, ---, ---, 
[439.815s][info][gc,stats    ]   CSR: VM Strong Roots                7 us, workers (us):   4,   3, ---, ---, 
[439.815s][info][gc,stats    ]   CSR: CLDG Roots                   226 us, workers (us): 226, ---, ---, ---, 
[439.815s][info][gc,stats    ] Concurrent Evacuation             45360 us
[439.815s][info][gc,stats    ] Pause Init Update Refs (G)          151 us
[439.815s][info][gc,stats    ] Pause Init Update Refs (N)           55 us
[439.815s][info][gc,stats    ]   Manage GCLABs                       6 us
[439.815s][info][gc,stats    ] Concurrent Update Refs           146676 us
[439.815s][info][gc,stats    ] Concurrent Update Thread Roots     1530 us
[439.816s][info][gc,stats    ] Pause Final Update Refs (G)         148 us
[439.816s][info][gc,stats    ] Pause Final Update Refs (N)         122 us
[439.816s][info][gc,stats    ]   Update Region States               48 us
[439.816s][info][gc,stats    ]   Trash Collection Set               11 us
[439.816s][info][gc,stats    ]   Rebuild Free Set                   11 us
[439.816s][info][gc,stats    ] Concurrent Cleanup                   97 us
[439.816s][info][gc,stats    ] 
[439.816s][info][gc,stats    ] Allocation pacing accrued:
[439.816s][info][gc,stats    ]       0 of  8653 ms (  0.0%): <total>
[439.816s][info][gc,stats    ]       0 of  8653 ms (  0.0%): <average total>
[439.816s][info][gc,stats    ] 
[439.816s][info][gc,metaspace] Metaspace: 135313K(136768K)->135313K(136768K) NonClass: 114313K(115136K)->114313K(115136K) Class: 21000K(21632K)->21000K(21632K)
[439.816s][info][gc,ergo     ] Pacer for Idle. Initial: 163M, Alloc Tax Rate: 1.0x
[450.342s][info][gc          ] Trigger: Free (816M) is below minimum threshold (819M)
[450.342s][info][gc,ergo     ] Free: 816M, Max: 4096K regular, 532M humongous, Frag: 35% external, 0% internal; Reserve: 412M, Max: 4096K
[450.342s][info][gc,start    ] GC(47) Concurrent reset
[450.342s][info][gc,task     ] GC(47) Using 2 of 4 workers for concurrent reset
[450.342s][info][gc,ergo     ] GC(47) Pacer for Reset. Non-Taxable: 8192M
[450.361s][info][gc          ] GC(47) Concurrent reset 19.573ms
[450.361s][info][gc,start    ] GC(47) Pause Init Mark
[450.362s][info][gc,task     ] GC(47) Using 4 of 4 workers for init marking
[450.362s][info][gc,ergo     ] GC(47) Pacer for Mark. Expected Live: 435M, Free: 808M, Non-Taxable: 82761K, Alloc Tax Rate: 0.7x
[450.362s][info][gc          ] GC(47) Pause Init Mark 0.139ms
[450.362s][info][gc,start    ] GC(47) Concurrent marking roots
[450.362s][info][gc,task     ] GC(47) Using 2 of 4 workers for concurrent marking roots
[450.374s][info][gc          ] GC(47) Concurrent marking roots 12.081ms
[450.374s][info][gc,start    ] GC(47) Concurrent marking
[450.374s][info][gc,task     ] GC(47) Using 2 of 4 workers for concurrent marking
[450.584s][info][gc          ] GC(47) Concurrent marking 210.388ms
[450.584s][info][gc,start    ] GC(47) Pause Final Mark
[450.584s][info][gc,task     ] GC(47) Using 4 of 4 workers for final marking
[450.584s][info][gc,ergo     ] GC(47) Adaptive CSet Selection. Target Free: 1160M, Actual Free: 2820M, Max CSet: 341M, Min Garbage: 0B
[450.585s][info][gc,ergo     ] GC(47) Collectable Garbage: 6515M (99%), Immediate: 1776M (27%), CSet: 4739M (72%)
[450.585s][info][gc,ergo     ] GC(47) Pacer for Evacuation. Used CSet: 4812M, Free: 2412M, Non-Taxable: 241M, Alloc Tax Rate: 4.9x
[450.585s][info][gc          ] GC(47) Pause Final Mark 0.317ms
[450.585s][info][gc,start    ] GC(47) Concurrent thread roots
[450.585s][info][gc,task     ] GC(47) Using 2 of 4 workers for Concurrent thread roots
[450.585s][info][gc          ] GC(47) Concurrent thread roots 0.736ms
[450.585s][info][gc,start    ] GC(47) Concurrent weak references
[450.585s][info][gc,task     ] GC(47) Using 2 of 4 workers for concurrent weak references
[450.586s][info][gc,ref      ] GC(47) Encountered references: Soft: 6544, Weak: 23392, Final: 34, Phantom: 742
[450.586s][info][gc,ref      ] GC(47) Discovered  references: Soft: 0, Weak: 11736, Final: 0, Phantom: 585
[450.586s][info][gc,ref      ] GC(47) Enqueued    references: Soft: 0, Weak: 3, Final: 0, Phantom: 0
[450.586s][info][gc          ] GC(47) Concurrent weak references 0.512ms
[450.586s][info][gc,start    ] GC(47) Concurrent weak roots
[450.586s][info][gc,task     ] GC(47) Using 2 of 4 workers for concurrent weak root
[450.587s][info][gc          ] GC(47) Concurrent weak roots 0.874ms
[450.587s][info][gc,start    ] GC(47) Concurrent cleanup
[450.587s][info][gc          ] GC(47) Concurrent cleanup 7152M->5376M(8192M) 0.034ms
[450.587s][info][gc,ergo     ] GC(47) Free: 2403M, Max: 4096K regular, 576M humongous, Frag: 76% external, 0% internal; Reserve: 411M, Max: 4096K
[450.587s][info][gc,start    ] GC(47) Concurrent strong roots
[450.587s][info][gc,task     ] GC(47) Using 2 of 4 workers for concurrent strong root
[450.592s][info][gc          ] GC(47) Concurrent strong roots 5.542ms
[450.592s][info][gc,start    ] GC(47) Concurrent evacuation
[450.592s][info][gc,task     ] GC(47) Using 2 of 4 workers for concurrent evacuation
[450.628s][info][gc          ] GC(47) Concurrent evacuation 36.049ms
[450.629s][info][gc,start    ] GC(47) Pause Init Update Refs
[450.629s][info][gc,ergo     ] GC(47) Pacer for Update Refs. Used: 5464M, Free: 2391M, Non-Taxable: 239M, Alloc Tax Rate: 2.8x
[450.629s][info][gc          ] GC(47) Pause Init Update Refs 0.045ms
[450.629s][info][gc,start    ] GC(47) Concurrent update references
[450.629s][info][gc,task     ] GC(47) Using 2 of 4 workers for concurrent reference update
[450.769s][info][gc          ] GC(47) Concurrent update references 140.031ms
[450.769s][info][gc,start    ] GC(47) Concurrent update thread roots
[450.770s][info][gc          ] GC(47) Concurrent update thread roots 1.479ms
[450.770s][info][gc,start    ] GC(47) Pause Final Update Refs
[450.770s][info][gc,task     ] GC(47) Using 4 of 4 workers for final reference update
[450.770s][info][gc          ] GC(47) Pause Final Update Refs 0.106ms
[450.770s][info][gc,start    ] GC(47) Concurrent cleanup
[450.770s][info][gc          ] GC(47) Concurrent cleanup 5572M->760M(8192M) 0.069ms
[450.770s][info][gc,ergo     ] Free: 7019M, Max: 4096K regular, 5116M humongous, Frag: 27% external, 0% internal; Reserve: 412M, Max: 4096K
[450.770s][info][gc,stats    ] 
[450.770s][info][gc,stats    ] All times are wall-clock times, except per-root-class counters, that are sum over
[450.770s][info][gc,stats    ] all workers. Dividing the <total> over the root stage time estimates parallelism.
[450.770s][info][gc,stats    ] 
[450.770s][info][gc,stats    ] Concurrent Reset                  19673 us
[450.770s][info][gc,stats    ] Pause Init Mark (G)                 273 us
[450.770s][info][gc,stats    ] Pause Init Mark (N)                 151 us
[450.770s][info][gc,stats    ]   Update Region States               54 us
[450.771s][info][gc,stats    ] Concurrent Mark Roots             12131 us, parallelism: 1.95x
[450.771s][info][gc,stats    ]   CMR: <total>                    23671 us
[450.771s][info][gc,stats    ]   CMR: Thread Roots                1416 us, workers (us): 779, 637, ---, ---, 
[450.771s][info][gc,stats    ]   CMR: Code Cache Roots           21046 us, workers (us): 9861, 11185, ---, ---, 
[450.771s][info][gc,stats    ]   CMR: VM Strong Roots               16 us, workers (us):  16,   0, ---, ---, 
[450.771s][info][gc,stats    ]   CMR: CLDG Roots                  1192 us, workers (us): 1192, ---, ---, ---, 
[450.771s][info][gc,stats    ] Concurrent Marking               210419 us
[450.771s][info][gc,stats    ] Pause Final Mark (G)                359 us
[450.771s][info][gc,stats    ] Pause Final Mark (N)                331 us
[450.771s][info][gc,stats    ]   Finish Mark                        64 us
[450.771s][info][gc,stats    ]   Update Region States               43 us
[450.771s][info][gc,stats    ]   Choose Collection Set             146 us
[450.771s][info][gc,stats    ]   Rebuild Free Set                   10 us
[450.771s][info][gc,stats    ] Concurrent Thread Roots             758 us, parallelism: 1.83x
[450.771s][info][gc,stats    ]   CTR: <total>                     1386 us
[450.771s][info][gc,stats    ]   CTR: Thread Roots                1386 us, workers (us): 695, 691, ---, ---, 
[450.771s][info][gc,stats    ] Concurrent Weak References          522 us, parallelism: 0.92x
[450.771s][info][gc,stats    ]   CWRF: <total>                     479 us
[450.771s][info][gc,stats    ]   CWRF: Weak References             479 us, workers (us):  31, 448, ---, ---, 
[450.771s][info][gc,stats    ] Concurrent Weak Roots               893 us
[450.771s][info][gc,stats    ]   Roots                             831 us, parallelism: 1.80x
[450.771s][info][gc,stats    ]     CWR: <total>                   1496 us
[450.771s][info][gc,stats    ]     CWR: VM Weak Roots             1496 us, workers (us): 749, 747, ---, ---, 
[450.771s][info][gc,stats    ]   Rendezvous                         22 us
[450.771s][info][gc,stats    ] Concurrent Cleanup                   46 us
[450.771s][info][gc,stats    ] Concurrent Strong Roots            5568 us, parallelism: 1.95x
[450.771s][info][gc,stats    ]   CSR: <total>                    10841 us
[450.771s][info][gc,stats    ]   CSR: Code Cache Roots           10613 us, workers (us): 5159, 5454, ---, ---, 
[450.771s][info][gc,stats    ]   CSR: VM Strong Roots                7 us, workers (us):   4,   4, ---, ---, 
[450.771s][info][gc,stats    ]   CSR: CLDG Roots                   220 us, workers (us): 220, ---, ---, ---, 
[450.771s][info][gc,stats    ] Concurrent Evacuation             36092 us
[450.771s][info][gc,stats    ] Pause Init Update Refs (G)           83 us
[450.771s][info][gc,stats    ] Pause Init Update Refs (N)           56 us
[450.771s][info][gc,stats    ]   Manage GCLABs                       4 us
[450.771s][info][gc,stats    ] Concurrent Update Refs           140068 us
[450.771s][info][gc,stats    ] Concurrent Update Thread Roots     1493 us
[450.771s][info][gc,stats    ] Pause Final Update Refs (G)         149 us
[450.771s][info][gc,stats    ] Pause Final Update Refs (N)         121 us
[450.771s][info][gc,stats    ]   Update Region States               42 us
[450.771s][info][gc,stats    ]   Trash Collection Set               14 us
[450.771s][info][gc,stats    ]   Rebuild Free Set                   11 us
[450.771s][info][gc,stats    ] Concurrent Cleanup                   84 us
[450.771s][info][gc,stats    ] 
[450.771s][info][gc,stats    ] Allocation pacing accrued:
[450.771s][info][gc,stats    ]       0 of 10955 ms (  0.0%): <total>
[450.771s][info][gc,stats    ]       0 of 10955 ms (  0.0%): <average total>
[450.771s][info][gc,stats    ] 
[450.771s][info][gc,metaspace] Metaspace: 135325K(136768K)->135325K(136768K) NonClass: 114325K(115136K)->114325K(115136K) Class: 21000K(21632K)->21000K(21632K)
[450.771s][info][gc,ergo     ] Pacer for Idle. Initial: 163M, Alloc Tax Rate: 1.0x
[459.013s][info][gc          ] Trigger: Free (816M) is below minimum threshold (819M)
[459.013s][info][gc,ergo     ] Free: 816M, Max: 4096K regular, 812M humongous, Frag: 0% external, 0% internal; Reserve: 412M, Max: 4096K
[459.013s][info][gc,start    ] GC(48) Concurrent reset
[459.013s][info][gc,task     ] GC(48) Using 2 of 4 workers for concurrent reset
[459.013s][info][gc,ergo     ] GC(48) Pacer for Reset. Non-Taxable: 8192M
[459.027s][info][gc          ] GC(48) Concurrent reset 14.564ms
[459.027s][info][gc,start    ] GC(48) Pause Init Mark
[459.027s][info][gc,task     ] GC(48) Using 4 of 4 workers for init marking
[459.027s][info][gc,ergo     ] GC(48) Pacer for Mark. Expected Live: 435M, Free: 812M, Non-Taxable: 83169K, Alloc Tax Rate: 0.7x
[459.027s][info][gc          ] GC(48) Pause Init Mark 0.214ms
[459.028s][info][gc,start    ] GC(48) Concurrent marking roots
[459.028s][info][gc,task     ] GC(48) Using 2 of 4 workers for concurrent marking roots
[459.036s][info][gc          ] GC(48) Concurrent marking roots 8.071ms
[459.036s][info][gc,start    ] GC(48) Concurrent marking
[459.036s][info][gc,task     ] GC(48) Using 2 of 4 workers for concurrent marking
[459.256s][info][gc          ] GC(48) Concurrent marking 220.454ms
[459.256s][info][gc,start    ] GC(48) Pause Final Mark
[459.256s][info][gc,task     ] GC(48) Using 4 of 4 workers for final marking
[459.256s][info][gc,ergo     ] GC(48) Adaptive CSet Selection. Target Free: 1160M, Actual Free: 3052M, Max CSet: 341M, Min Garbage: 0B
[459.256s][info][gc,ergo     ] GC(48) Collectable Garbage: 6480M (99%), Immediate: 2052M (31%), CSet: 4428M (68%)
[459.256s][info][gc,ergo     ] GC(48) Pacer for Evacuation. Used CSet: 4528M, Free: 2644M, Non-Taxable: 264M, Alloc Tax Rate: 4.2x
[459.256s][info][gc          ] GC(48) Pause Final Mark 0.302ms
[459.256s][info][gc,start    ] GC(48) Concurrent thread roots
[459.256s][info][gc,task     ] GC(48) Using 2 of 4 workers for Concurrent thread roots
[459.257s][info][gc          ] GC(48) Concurrent thread roots 0.744ms
[459.257s][info][gc,start    ] GC(48) Concurrent weak references
[459.257s][info][gc,task     ] GC(48) Using 2 of 4 workers for concurrent weak references
[459.258s][info][gc,ref      ] GC(48) Encountered references: Soft: 6544, Weak: 23394, Final: 34, Phantom: 745
[459.258s][info][gc,ref      ] GC(48) Discovered  references: Soft: 0, Weak: 11914, Final: 0, Phantom: 591
[459.258s][info][gc,ref      ] GC(48) Enqueued    references: Soft: 0, Weak: 4, Final: 0, Phantom: 0
[459.258s][info][gc          ] GC(48) Concurrent weak references 0.714ms
[459.258s][info][gc,start    ] GC(48) Concurrent weak roots
[459.258s][info][gc,task     ] GC(48) Using 2 of 4 workers for concurrent weak root
[459.259s][info][gc          ] GC(48) Concurrent weak roots 0.932ms
[459.259s][info][gc,start    ] GC(48) Concurrent cleanup
[459.259s][info][gc          ] GC(48) Concurrent cleanup 7197M->5145M(8192M) 0.038ms
[459.259s][info][gc,ergo     ] GC(48) Free: 2635M, Max: 4096K regular, 576M humongous, Frag: 79% external, 0% internal; Reserve: 410M, Max: 4096K
[459.259s][info][gc,start    ] GC(48) Concurrent strong roots
[459.259s][info][gc,task     ] GC(48) Using 2 of 4 workers for concurrent strong root
[459.264s][info][gc          ] GC(48) Concurrent strong roots 5.342ms
[459.264s][info][gc,start    ] GC(48) Concurrent evacuation
[459.264s][info][gc,task     ] GC(48) Using 2 of 4 workers for concurrent evacuation
[459.311s][info][gc          ] GC(48) Concurrent evacuation 47.058ms
[459.311s][info][gc,start    ] GC(48) Pause Init Update Refs
[459.311s][info][gc,ergo     ] GC(48) Pacer for Update Refs. Used: 5292M, Free: 2591M, Non-Taxable: 259M, Alloc Tax Rate: 2.5x
[459.311s][info][gc          ] GC(48) Pause Init Update Refs 0.048ms
[459.312s][info][gc,start    ] GC(48) Concurrent update references
[459.312s][info][gc,task     ] GC(48) Using 2 of 4 workers for concurrent reference update
[459.449s][info][gc          ] GC(48) Concurrent update references 137.481ms
[459.449s][info][gc,start    ] GC(48) Concurrent update thread roots
[459.450s][info][gc          ] GC(48) Concurrent update thread roots 1.295ms
[459.450s][info][gc,start    ] GC(48) Pause Final Update Refs
[459.450s][info][gc,task     ] GC(48) Using 4 of 4 workers for final reference update
[459.450s][info][gc          ] GC(48) Pause Final Update Refs 0.092ms
[459.451s][info][gc,start    ] GC(48) Concurrent cleanup
[459.451s][info][gc          ] GC(48) Concurrent cleanup 5376M->848M(8192M) 0.059ms
[459.451s][info][gc,ergo     ] Free: 6931M, Max: 4096K regular, 5416M humongous, Frag: 22% external, 0% internal; Reserve: 412M, Max: 4096K
[459.451s][info][gc,stats    ] 
[459.451s][info][gc,stats    ] All times are wall-clock times, except per-root-class counters, that are sum over
[459.451s][info][gc,stats    ] all workers. Dividing the <total> over the root stage time estimates parallelism.
[459.451s][info][gc,stats    ] 
[459.451s][info][gc,stats    ] Concurrent Reset                  14624 us
[459.451s][info][gc,stats    ] Pause Init Mark (G)                 300 us
[459.451s][info][gc,stats    ] Pause Init Mark (N)                 226 us
[459.451s][info][gc,stats    ]   Update Region States               49 us
[459.451s][info][gc,stats    ] Concurrent Mark Roots              8108 us, parallelism: 1.93x
[459.451s][info][gc,stats    ]   CMR: <total>                    15634 us
[459.451s][info][gc,stats    ]   CMR: Thread Roots                1361 us, workers (us): 606, 755, ---, ---, 
[459.451s][info][gc,stats    ]   CMR: Code Cache Roots           13573 us, workers (us): 6525, 7049, ---, ---, 
[459.451s][info][gc,stats    ]   CMR: VM Strong Roots               13 us, workers (us):  13,   0, ---, ---, 
[459.451s][info][gc,stats    ]   CMR: CLDG Roots                   687 us, workers (us): 687, ---, ---, ---, 
[459.451s][info][gc,stats    ] Concurrent Marking               220499 us
[459.451s][info][gc,stats    ] Pause Final Mark (G)                339 us
[459.451s][info][gc,stats    ] Pause Final Mark (N)                313 us
[459.451s][info][gc,stats    ]   Finish Mark                        66 us
[459.451s][info][gc,stats    ]   Update Region States               43 us
[459.451s][info][gc,stats    ]   Choose Collection Set             127 us
[459.451s][info][gc,stats    ]   Rebuild Free Set                   11 us
[459.451s][info][gc,stats    ] Concurrent Thread Roots             759 us, parallelism: 1.85x
[459.451s][info][gc,stats    ]   CTR: <total>                     1406 us
[459.451s][info][gc,stats    ]   CTR: Thread Roots                1406 us, workers (us): 699, 707, ---, ---, 
[459.451s][info][gc,stats    ] Concurrent Weak References          724 us, parallelism: 0.97x
[459.451s][info][gc,stats    ]   CWRF: <total>                     703 us
[459.451s][info][gc,stats    ]   CWRF: Weak References             703 us, workers (us):  53, 650, ---, ---, 
[459.451s][info][gc,stats    ] Concurrent Weak Roots               951 us
[459.451s][info][gc,stats    ]   Roots                             887 us, parallelism: 1.79x
[459.451s][info][gc,stats    ]     CWR: <total>                   1591 us
[459.451s][info][gc,stats    ]     CWR: VM Weak Roots             1591 us, workers (us): 795, 796, ---, ---, 
[459.451s][info][gc,stats    ]   Rendezvous                         24 us
[459.451s][info][gc,stats    ] Concurrent Cleanup                   50 us
[459.451s][info][gc,stats    ] Concurrent Strong Roots            5364 us, parallelism: 1.94x
[459.451s][info][gc,stats    ]   CSR: <total>                    10418 us
[459.451s][info][gc,stats    ]   CSR: Code Cache Roots           10176 us, workers (us): 4934, 5242, ---, ---, 
[459.451s][info][gc,stats    ]   CSR: VM Strong Roots                7 us, workers (us):   3,   3, ---, ---, 
[459.451s][info][gc,stats    ]   CSR: CLDG Roots                   235 us, workers (us): 235, ---, ---, ---, 
[459.451s][info][gc,stats    ] Concurrent Evacuation             47093 us
[459.451s][info][gc,stats    ] Pause Init Update Refs (G)          110 us
[459.451s][info][gc,stats    ] Pause Init Update Refs (N)           59 us
[459.451s][info][gc,stats    ]   Manage GCLABs                       6 us
[459.451s][info][gc,stats    ] Concurrent Update Refs           137521 us
[459.451s][info][gc,stats    ] Concurrent Update Thread Roots     1320 us
[459.451s][info][gc,stats    ] Pause Final Update Refs (G)         132 us
[459.451s][info][gc,stats    ] Pause Final Update Refs (N)         106 us
[459.451s][info][gc,stats    ]   Update Region States               27 us
[459.451s][info][gc,stats    ]   Trash Collection Set               14 us
[459.451s][info][gc,stats    ]   Rebuild Free Set                   11 us
[459.451s][info][gc,stats    ] Concurrent Cleanup                   72 us
[459.451s][info][gc,stats    ] 
[459.451s][info][gc,stats    ] Allocation pacing accrued:
[459.451s][info][gc,stats    ]       0 of  8680 ms (  0.0%): <total>
[459.451s][info][gc,stats    ]       0 of  8680 ms (  0.0%): <average total>
[459.451s][info][gc,stats    ] 
[459.451s][info][gc,metaspace] Metaspace: 135339K(136768K)->135339K(136768K) NonClass: 114339K(115136K)->114339K(115136K) Class: 21000K(21632K)->21000K(21632K)
[459.451s][info][gc,ergo     ] Pacer for Idle. Initial: 163M, Alloc Tax Rate: 1.0x
[469.791s][info][gc          ] Trigger: Free (815M) is below minimum threshold (819M)
[469.791s][info][gc,ergo     ] Free: 815M, Max: 4096K regular, 544M humongous, Frag: 33% external, 0% internal; Reserve: 412M, Max: 4096K
[469.791s][info][gc,start    ] GC(49) Concurrent reset
[469.791s][info][gc,task     ] GC(49) Using 2 of 4 workers for concurrent reset
[469.791s][info][gc,ergo     ] GC(49) Pacer for Reset. Non-Taxable: 8192M
[469.804s][info][gc          ] GC(49) Concurrent reset 12.974ms
[469.804s][info][gc,start    ] GC(49) Pause Init Mark
[469.804s][info][gc,task     ] GC(49) Using 4 of 4 workers for init marking
[469.804s][info][gc,ergo     ] GC(49) Pacer for Mark. Expected Live: 437M, Free: 811M, Non-Taxable: 83138K, Alloc Tax Rate: 0.7x
[469.804s][info][gc          ] GC(49) Pause Init Mark 0.126ms
[469.804s][info][gc,start    ] GC(49) Concurrent marking roots
[469.804s][info][gc,task     ] GC(49) Using 2 of 4 workers for concurrent marking roots
[469.813s][info][gc          ] GC(49) Concurrent marking roots 8.908ms
[469.813s][info][gc,start    ] GC(49) Concurrent marking
[469.813s][info][gc,task     ] GC(49) Using 2 of 4 workers for concurrent marking
[470.026s][info][gc          ] GC(49) Concurrent marking 212.459ms
[470.026s][info][gc,start    ] GC(49) Pause Final Mark
[470.026s][info][gc,task     ] GC(49) Using 4 of 4 workers for final marking
[470.026s][info][gc,ergo     ] GC(49) Adaptive CSet Selection. Target Free: 1160M, Actual Free: 3084M, Max CSet: 341M, Min Garbage: 0B
[470.026s][info][gc,ergo     ] GC(49) Collectable Garbage: 6517M (99%), Immediate: 2020M (30%), CSet: 4497M (68%)
[470.026s][info][gc,ergo     ] GC(49) Pacer for Evacuation. Used CSet: 4556M, Free: 2679M, Non-Taxable: 267M, Alloc Tax Rate: 4.2x
[470.026s][info][gc          ] GC(49) Pause Final Mark 0.296ms
[470.026s][info][gc,start    ] GC(49) Concurrent thread roots
[470.026s][info][gc,task     ] GC(49) Using 2 of 4 workers for Concurrent thread roots
[470.027s][info][gc          ] GC(49) Concurrent thread roots 0.874ms
[470.027s][info][gc,start    ] GC(49) Concurrent weak references
[470.027s][info][gc,task     ] GC(49) Using 2 of 4 workers for concurrent weak references
[470.027s][info][gc,ref      ] GC(49) Encountered references: Soft: 6544, Weak: 23395, Final: 34, Phantom: 751
[470.027s][info][gc,ref      ] GC(49) Discovered  references: Soft: 0, Weak: 11930, Final: 0, Phantom: 595
[470.027s][info][gc,ref      ] GC(49) Enqueued    references: Soft: 0, Weak: 3, Final: 0, Phantom: 0
[470.027s][info][gc          ] GC(49) Concurrent weak references 0.557ms
[470.027s][info][gc,start    ] GC(49) Concurrent weak roots
[470.027s][info][gc,task     ] GC(49) Using 2 of 4 workers for concurrent weak root
[470.028s][info][gc          ] GC(49) Concurrent weak roots 0.871ms
[470.028s][info][gc,start    ] GC(49) Concurrent cleanup
[470.028s][info][gc          ] GC(49) Concurrent cleanup 7129M->5109M(8192M) 0.037ms
[470.028s][info][gc,ergo     ] GC(49) Free: 2670M, Max: 4096K regular, 556M humongous, Frag: 80% external, 0% internal; Reserve: 411M, Max: 4096K
[470.028s][info][gc,start    ] GC(49) Concurrent strong roots
[470.028s][info][gc,task     ] GC(49) Using 2 of 4 workers for concurrent strong root
[470.034s][info][gc          ] GC(49) Concurrent strong roots 5.340ms
[470.034s][info][gc,start    ] GC(49) Concurrent evacuation
[470.034s][info][gc,task     ] GC(49) Using 2 of 4 workers for concurrent evacuation
[470.065s][info][gc          ] GC(49) Concurrent evacuation 31.433ms
[470.065s][info][gc,start    ] GC(49) Pause Init Update Refs
[470.065s][info][gc,ergo     ] GC(49) Pacer for Update Refs. Used: 5189M, Free: 2654M, Non-Taxable: 265M, Alloc Tax Rate: 2.4x
[470.065s][info][gc          ] GC(49) Pause Init Update Refs 0.045ms
[470.065s][info][gc,start    ] GC(49) Concurrent update references
[470.065s][info][gc,task     ] GC(49) Using 2 of 4 workers for concurrent reference update
[470.192s][info][gc          ] GC(49) Concurrent update references 126.302ms
[470.192s][info][gc,start    ] GC(49) Concurrent update thread roots
[470.193s][info][gc          ] GC(49) Concurrent update thread roots 1.535ms
[470.193s][info][gc,start    ] GC(49) Pause Final Update Refs
[470.193s][info][gc,task     ] GC(49) Using 4 of 4 workers for final reference update
[470.193s][info][gc          ] GC(49) Pause Final Update Refs 0.100ms
[470.193s][info][gc,start    ] GC(49) Concurrent cleanup
[470.194s][info][gc          ] GC(49) Concurrent cleanup 5257M->701M(8192M) 0.068ms
[470.194s][info][gc,ergo     ] Free: 7078M, Max: 4096K regular, 5156M humongous, Frag: 28% external, 0% internal; Reserve: 412M, Max: 4096K
[470.194s][info][gc,stats    ] 
[470.194s][info][gc,stats    ] All times are wall-clock times, except per-root-class counters, that are sum over
[470.194s][info][gc,stats    ] all workers. Dividing the <total> over the root stage time estimates parallelism.
[470.194s][info][gc,stats    ] 
[470.194s][info][gc,stats    ] Concurrent Reset                  13037 us
[470.194s][info][gc,stats    ] Pause Init Mark (G)                 184 us
[470.194s][info][gc,stats    ] Pause Init Mark (N)                 138 us
[470.194s][info][gc,stats    ]   Update Region States               48 us
[470.194s][info][gc,stats    ] Concurrent Mark Roots              8952 us, parallelism: 1.94x
[470.194s][info][gc,stats    ]   CMR: <total>                    17340 us
[470.194s][info][gc,stats    ]   CMR: Thread Roots                1443 us, workers (us): 788, 656, ---, ---, 
[470.194s][info][gc,stats    ]   CMR: Code Cache Roots           15128 us, workers (us): 7135, 7993, ---, ---, 
[470.194s][info][gc,stats    ]   CMR: VM Strong Roots               16 us, workers (us):  16,   0, ---, ---, 
[470.194s][info][gc,stats    ]   CMR: CLDG Roots                   752 us, workers (us): 752, ---, ---, ---, 
[470.194s][info][gc,stats    ] Concurrent Marking               212510 us
[470.194s][info][gc,stats    ] Pause Final Mark (G)                367 us
[470.194s][info][gc,stats    ] Pause Final Mark (N)                307 us
[470.194s][info][gc,stats    ]   Finish Mark                        69 us
[470.194s][info][gc,stats    ]   Update Region States               21 us
[470.194s][info][gc,stats    ]   Choose Collection Set             140 us
[470.194s][info][gc,stats    ]   Rebuild Free Set                   10 us
[470.194s][info][gc,stats    ] Concurrent Thread Roots             896 us, parallelism: 1.78x
[470.194s][info][gc,stats    ]   CTR: <total>                     1592 us
[470.194s][info][gc,stats    ]   CTR: Thread Roots                1592 us, workers (us): 790, 802, ---, ---, 
[470.194s][info][gc,stats    ] Concurrent Weak References          568 us, parallelism: 0.92x
[470.194s][info][gc,stats    ]   CWRF: <total>                     525 us
[470.194s][info][gc,stats    ]   CWRF: Weak References             525 us, workers (us):  46, 479, ---, ---, 
[470.194s][info][gc,stats    ] Concurrent Weak Roots               894 us
[470.194s][info][gc,stats    ]   Roots                             824 us, parallelism: 1.79x
[470.194s][info][gc,stats    ]     CWR: <total>                   1476 us
[470.194s][info][gc,stats    ]     CWR: VM Weak Roots             1476 us, workers (us): 740, 736, ---, ---, 
[470.194s][info][gc,stats    ]   Rendezvous                         26 us
[470.194s][info][gc,stats    ] Concurrent Cleanup                   50 us
[470.194s][info][gc,stats    ] Concurrent Strong Roots            5366 us, parallelism: 1.95x
[470.194s][info][gc,stats    ]   CSR: <total>                    10476 us
[470.194s][info][gc,stats    ]   CSR: Code Cache Roots           10239 us, workers (us): 4979, 5259, ---, ---, 
[470.194s][info][gc,stats    ]   CSR: VM Strong Roots                8 us, workers (us):   4,   4, ---, ---, 
[470.194s][info][gc,stats    ]   CSR: CLDG Roots                   230 us, workers (us): 230, ---, ---, ---, 
[470.194s][info][gc,stats    ] Concurrent Evacuation             31483 us
[470.194s][info][gc,stats    ] Pause Init Update Refs (G)          145 us
[470.194s][info][gc,stats    ] Pause Init Update Refs (N)           56 us
[470.194s][info][gc,stats    ]   Manage GCLABs                       5 us
[470.194s][info][gc,stats    ] Concurrent Update Refs           126337 us
[470.194s][info][gc,stats    ] Concurrent Update Thread Roots     1562 us
[470.194s][info][gc,stats    ] Pause Final Update Refs (G)         139 us
[470.194s][info][gc,stats    ] Pause Final Update Refs (N)         115 us
[470.194s][info][gc,stats    ]   Update Region States               38 us
[470.194s][info][gc,stats    ]   Trash Collection Set               14 us
[470.194s][info][gc,stats    ]   Rebuild Free Set                   11 us
[470.194s][info][gc,stats    ] Concurrent Cleanup                   82 us
[470.194s][info][gc,stats    ] 
[470.194s][info][gc,stats    ] Allocation pacing accrued:
[470.194s][info][gc,stats    ]       0 of 10743 ms (  0.0%): <total>
[470.194s][info][gc,stats    ]       0 of 10743 ms (  0.0%): <average total>
[470.194s][info][gc,stats    ] 
[470.194s][info][gc,metaspace] Metaspace: 135364K(136832K)->135364K(136832K) NonClass: 114362K(115200K)->114362K(115200K) Class: 21001K(21632K)->21001K(21632K)
[470.194s][info][gc,ergo     ] Pacer for Idle. Initial: 163M, Alloc Tax Rate: 1.0x
[478.741s][info][gc          ] Trigger: Free (815M) is below minimum threshold (819M)
[478.741s][info][gc,ergo     ] Free: 815M, Max: 4096K regular, 580M humongous, Frag: 29% external, 0% internal; Reserve: 412M, Max: 4096K
[478.741s][info][gc,start    ] GC(50) Concurrent reset
[478.741s][info][gc,task     ] GC(50) Using 2 of 4 workers for concurrent reset
[478.741s][info][gc,ergo     ] GC(50) Pacer for Reset. Non-Taxable: 8192M
[478.764s][info][gc          ] GC(50) Concurrent reset 22.339ms
[478.764s][info][gc,start    ] GC(50) Pause Init Mark
[478.764s][info][gc,task     ] GC(50) Using 4 of 4 workers for init marking
[478.764s][info][gc,ergo     ] GC(50) Pacer for Mark. Expected Live: 437M, Free: 795M, Non-Taxable: 81499K, Alloc Tax Rate: 0.7x
[478.764s][info][gc          ] GC(50) Pause Init Mark 0.111ms
[478.764s][info][gc,start    ] GC(50) Concurrent marking roots
[478.764s][info][gc,task     ] GC(50) Using 2 of 4 workers for concurrent marking roots
[478.773s][info][gc          ] GC(50) Concurrent marking roots 9.293ms
[478.773s][info][gc,start    ] GC(50) Concurrent marking
[478.773s][info][gc,task     ] GC(50) Using 2 of 4 workers for concurrent marking
[478.995s][info][gc          ] GC(50) Concurrent marking 221.628ms
[478.995s][info][gc,start    ] GC(50) Pause Final Mark
[478.995s][info][gc,task     ] GC(50) Using 4 of 4 workers for final marking
[478.995s][info][gc,ergo     ] GC(50) Adaptive CSet Selection. Target Free: 1160M, Actual Free: 2640M, Max CSet: 341M, Min Garbage: 0B
[478.995s][info][gc,ergo     ] GC(50) Collectable Garbage: 6498M (99%), Immediate: 1588M (24%), CSet: 4910M (75%)
[478.995s][info][gc,ergo     ] GC(50) Pacer for Evacuation. Used CSet: 5004M, Free: 2239M, Non-Taxable: 223M, Alloc Tax Rate: 5.5x
[478.995s][info][gc          ] GC(50) Pause Final Mark 0.332ms
[478.995s][info][gc,start    ] GC(50) Concurrent thread roots
[478.995s][info][gc,task     ] GC(50) Using 2 of 4 workers for Concurrent thread roots
[478.996s][info][gc          ] GC(50) Concurrent thread roots 0.818ms
[478.996s][info][gc,start    ] GC(50) Concurrent weak references
[478.996s][info][gc,task     ] GC(50) Using 2 of 4 workers for concurrent weak references
[478.997s][info][gc,ref      ] GC(50) Encountered references: Soft: 6544, Weak: 23395, Final: 34, Phantom: 754
[478.997s][info][gc,ref      ] GC(50) Discovered  references: Soft: 0, Weak: 11776, Final: 33, Phantom: 534
[478.997s][info][gc,ref      ] GC(50) Enqueued    references: Soft: 0, Weak: 2, Final: 0, Phantom: 0
[478.997s][info][gc          ] GC(50) Concurrent weak references 0.493ms
[478.997s][info][gc,start    ] GC(50) Concurrent weak roots
[478.997s][info][gc,task     ] GC(50) Using 2 of 4 workers for concurrent weak root
[478.998s][info][gc          ] GC(50) Concurrent weak roots 0.918ms
[478.998s][info][gc,start    ] GC(50) Concurrent cleanup
[478.998s][info][gc          ] GC(50) Concurrent cleanup 7136M->5548M(8192M) 0.064ms
[478.998s][info][gc,ergo     ] GC(50) Free: 2231M, Max: 4096K regular, 580M humongous, Frag: 74% external, 0% internal; Reserve: 411M, Max: 4096K
[478.998s][info][gc,start    ] GC(50) Concurrent strong roots
[478.998s][info][gc,task     ] GC(50) Using 2 of 4 workers for concurrent strong root
[479.004s][info][gc          ] GC(50) Concurrent strong roots 6.161ms
[479.004s][info][gc,start    ] GC(50) Concurrent evacuation
[479.004s][info][gc,task     ] GC(50) Using 2 of 4 workers for concurrent evacuation
[479.053s][info][gc          ] GC(50) Concurrent evacuation 48.858ms
[479.053s][info][gc,start    ] GC(50) Pause Init Update Refs
[479.053s][info][gc,ergo     ] GC(50) Pacer for Update Refs. Used: 5692M, Free: 2183M, Non-Taxable: 218M, Alloc Tax Rate: 3.2x
[479.053s][info][gc          ] GC(50) Pause Init Update Refs 0.043ms
[479.053s][info][gc,start    ] GC(50) Concurrent update references
[479.053s][info][gc,task     ] GC(50) Using 2 of 4 workers for concurrent reference update
[479.188s][info][gc          ] GC(50) Concurrent update references 135.276ms
[479.188s][info][gc,start    ] GC(50) Concurrent update thread roots
[479.190s][info][gc          ] GC(50) Concurrent update thread roots 1.285ms
[479.190s][info][gc,start    ] GC(50) Pause Final Update Refs
[479.190s][info][gc,task     ] GC(50) Using 4 of 4 workers for final reference update
[479.190s][info][gc          ] GC(50) Pause Final Update Refs 0.093ms
[479.190s][info][gc,start    ] GC(50) Concurrent cleanup
[479.190s][info][gc          ] GC(50) Concurrent cleanup 5786M->782M(8192M) 0.063ms
[479.190s][info][gc,ergo     ] Free: 6993M, Max: 4096K regular, 5436M humongous, Frag: 23% external, 0% internal; Reserve: 412M, Max: 4096K
[479.190s][info][gc,stats    ] 
[479.190s][info][gc,stats    ] All times are wall-clock times, except per-root-class counters, that are sum over
[479.190s][info][gc,stats    ] all workers. Dividing the <total> over the root stage time estimates parallelism.
[479.190s][info][gc,stats    ] 
[479.190s][info][gc,stats    ] Concurrent Reset                  22392 us
[479.190s][info][gc,stats    ] Pause Init Mark (G)                 168 us
[479.190s][info][gc,stats    ] Pause Init Mark (N)                 122 us
[479.190s][info][gc,stats    ]   Update Region States               37 us
[479.190s][info][gc,stats    ] Concurrent Mark Roots              9347 us, parallelism: 1.94x
[479.190s][info][gc,stats    ]   CMR: <total>                    18141 us
[479.190s][info][gc,stats    ]   CMR: Thread Roots                1410 us, workers (us): 654, 756, ---, ---, 
[479.190s][info][gc,stats    ]   CMR: Code Cache Roots           15819 us, workers (us): 7517, 8302, ---, ---, 
[479.190s][info][gc,stats    ]   CMR: VM Strong Roots               15 us, workers (us):   8,   7, ---, ---, 
[479.190s][info][gc,stats    ]   CMR: CLDG Roots                   897 us, workers (us): 897, ---, ---, ---, 
[479.190s][info][gc,stats    ] Concurrent Marking               221673 us
[479.190s][info][gc,stats    ] Pause Final Mark (G)                390 us
[479.190s][info][gc,stats    ] Pause Final Mark (N)                344 us
[479.190s][info][gc,stats    ]   Finish Mark                        74 us
[479.190s][info][gc,stats    ]   Update Region States               50 us
[479.190s][info][gc,stats    ]   Choose Collection Set             139 us
[479.190s][info][gc,stats    ]   Rebuild Free Set                   11 us
[479.190s][info][gc,stats    ] Concurrent Thread Roots             839 us, parallelism: 1.76x
[479.190s][info][gc,stats    ]   CTR: <total>                     1477 us
[479.190s][info][gc,stats    ]   CTR: Thread Roots                1477 us, workers (us): 734, 743, ---, ---, 
[479.190s][info][gc,stats    ] Concurrent Weak References          504 us, parallelism: 0.76x
[479.190s][info][gc,stats    ]   CWRF: <total>                     385 us
[479.190s][info][gc,stats    ]   CWRF: Weak References             385 us, workers (us): 383,   2, ---, ---, 
[479.190s][info][gc,stats    ] Concurrent Weak Roots               944 us
[479.190s][info][gc,stats    ]   Roots                             844 us, parallelism: 1.74x
[479.190s][info][gc,stats    ]     CWR: <total>                   1469 us
[479.190s][info][gc,stats    ]     CWR: VM Weak Roots             1469 us, workers (us): 735, 734, ---, ---, 
[479.190s][info][gc,stats    ]   Rendezvous                         53 us
[479.190s][info][gc,stats    ] Concurrent Cleanup                   82 us
[479.190s][info][gc,stats    ] Concurrent Strong Roots            6197 us, parallelism: 1.94x
[479.190s][info][gc,stats    ]   CSR: <total>                    12031 us
[479.190s][info][gc,stats    ]   CSR: Code Cache Roots           11521 us, workers (us): 6039, 5482, ---, ---, 
[479.190s][info][gc,stats    ]   CSR: VM Strong Roots               11 us, workers (us):   6,   5, ---, ---, 
[479.190s][info][gc,stats    ]   CSR: CLDG Roots                   500 us, workers (us): ---, 500, ---, ---, 
[479.190s][info][gc,stats    ] Concurrent Evacuation             48901 us
[479.190s][info][gc,stats    ] Pause Init Update Refs (G)          104 us
[479.190s][info][gc,stats    ] Pause Init Update Refs (N)           54 us
[479.190s][info][gc,stats    ]   Manage GCLABs                       5 us
[479.190s][info][gc,stats    ] Concurrent Update Refs           135316 us
[479.190s][info][gc,stats    ] Concurrent Update Thread Roots     1310 us
[479.190s][info][gc,stats    ] Pause Final Update Refs (G)         168 us
[479.190s][info][gc,stats    ] Pause Final Update Refs (N)         118 us
[479.190s][info][gc,stats    ]   Update Region States               32 us
[479.190s][info][gc,stats    ]   Trash Collection Set               14 us
[479.190s][info][gc,stats    ]   Rebuild Free Set                   11 us
[479.190s][info][gc,stats    ] Concurrent Cleanup                   76 us
[479.190s][info][gc,stats    ] 
[479.190s][info][gc,stats    ] Allocation pacing accrued:
[479.190s][info][gc,stats    ]       0 of  8996 ms (  0.0%): <total>
[479.190s][info][gc,stats    ]       0 of  8996 ms (  0.0%): <average total>
[479.190s][info][gc,stats    ] 
[479.190s][info][gc,metaspace] Metaspace: 135368K(136832K)->135368K(136832K) NonClass: 114367K(115200K)->114367K(115200K) Class: 21001K(21632K)->21001K(21632K)
[479.190s][info][gc,ergo     ] Pacer for Idle. Initial: 163M, Alloc Tax Rate: 1.0x
[488.624s][info][gc          ] Trigger: Free (815M) is below minimum threshold (819M)
[488.625s][info][gc,ergo     ] Free: 815M, Max: 4096K regular, 548M humongous, Frag: 32% external, 0% internal; Reserve: 412M, Max: 4096K
[488.625s][info][gc,start    ] GC(51) Concurrent reset
[488.625s][info][gc,task     ] GC(51) Using 2 of 4 workers for concurrent reset
[488.625s][info][gc,ergo     ] GC(51) Pacer for Reset. Non-Taxable: 8192M
[488.637s][info][gc          ] GC(51) Concurrent reset 12.869ms
[488.638s][info][gc,start    ] GC(51) Pause Init Mark
[488.638s][info][gc,task     ] GC(51) Using 4 of 4 workers for init marking
[488.638s][info][gc,ergo     ] GC(51) Pacer for Mark. Expected Live: 441M, Free: 811M, Non-Taxable: 83072K, Alloc Tax Rate: 0.7x
[488.638s][info][gc          ] GC(51) Pause Init Mark 0.118ms
[488.638s][info][gc,start    ] GC(51) Concurrent marking roots
[488.638s][info][gc,task     ] GC(51) Using 2 of 4 workers for concurrent marking roots
[488.647s][info][gc          ] GC(51) Concurrent marking roots 9.177ms
[488.647s][info][gc,start    ] GC(51) Concurrent marking
[488.647s][info][gc,task     ] GC(51) Using 2 of 4 workers for concurrent marking
[488.866s][info][gc          ] GC(51) Concurrent marking 218.978ms
[488.866s][info][gc,start    ] GC(51) Pause Final Mark
[488.866s][info][gc,task     ] GC(51) Using 4 of 4 workers for final marking
[488.866s][info][gc,ergo     ] GC(51) Adaptive CSet Selection. Target Free: 1160M, Actual Free: 3796M, Max CSet: 341M, Min Garbage: 0B
[488.866s][info][gc,ergo     ] GC(51) Collectable Garbage: 6513M (99%), Immediate: 2720M (41%), CSet: 3793M (57%)
[488.866s][info][gc,ergo     ] GC(51) Pacer for Evacuation. Used CSet: 3856M, Free: 3395M, Non-Taxable: 339M, Alloc Tax Rate: 2.8x
[488.866s][info][gc          ] GC(51) Pause Final Mark 0.289ms
[488.866s][info][gc,start    ] GC(51) Concurrent thread roots
[488.866s][info][gc,task     ] GC(51) Using 2 of 4 workers for Concurrent thread roots
[488.867s][info][gc          ] GC(51) Concurrent thread roots 0.746ms
[488.867s][info][gc,start    ] GC(51) Concurrent weak references
[488.867s][info][gc,task     ] GC(51) Using 2 of 4 workers for concurrent weak references
[488.867s][info][gc,ref      ] GC(51) Encountered references: Soft: 6544, Weak: 23401, Final: 34, Phantom: 755
[488.867s][info][gc,ref      ] GC(51) Discovered  references: Soft: 0, Weak: 13009, Final: 33, Phantom: 597
[488.867s][info][gc,ref      ] GC(51) Enqueued    references: Soft: 0, Weak: 4, Final: 0, Phantom: 1
[488.867s][info][gc          ] GC(51) Concurrent weak references 0.452ms
[488.867s][info][gc,start    ] GC(51) Concurrent weak roots
[488.867s][info][gc,task     ] GC(51) Using 2 of 4 workers for concurrent weak root
[488.868s][info][gc          ] GC(51) Concurrent weak roots 0.861ms
[488.868s][info][gc,start    ] GC(51) Concurrent cleanup
[488.868s][info][gc          ] GC(51) Concurrent cleanup 7112M->4392M(8192M) 0.040ms
[488.868s][info][gc,ergo     ] GC(51) Free: 3387M, Max: 4096K regular, 552M humongous, Frag: 84% external, 0% internal; Reserve: 411M, Max: 4096K
[488.868s][info][gc,start    ] GC(51) Concurrent strong roots
[488.868s][info][gc,task     ] GC(51) Using 2 of 4 workers for concurrent strong root
[488.874s][info][gc          ] GC(51) Concurrent strong roots 5.234ms
[488.874s][info][gc,start    ] GC(51) Concurrent evacuation
[488.874s][info][gc,task     ] GC(51) Using 2 of 4 workers for concurrent evacuation
[488.906s][info][gc          ] GC(51) Concurrent evacuation 32.534ms
[488.906s][info][gc,start    ] GC(51) Pause Init Update Refs
[488.906s][info][gc,ergo     ] GC(51) Pacer for Update Refs. Used: 4468M, Free: 3379M, Non-Taxable: 337M, Alloc Tax Rate: 1.6x
[488.906s][info][gc          ] GC(51) Pause Init Update Refs 0.047ms
[488.906s][info][gc,start    ] GC(51) Concurrent update references
[488.906s][info][gc,task     ] GC(51) Using 2 of 4 workers for concurrent reference update
[489.039s][info][gc          ] GC(51) Concurrent update references 132.497ms
[489.039s][info][gc,start    ] GC(51) Concurrent update thread roots
[489.040s][info][gc          ] GC(51) Concurrent update thread roots 1.279ms
[489.040s][info][gc,start    ] GC(51) Pause Final Update Refs
[489.040s][info][gc,task     ] GC(51) Using 4 of 4 workers for final reference update
[489.040s][info][gc          ] GC(51) Pause Final Update Refs 0.165ms
[489.040s][info][gc,start    ] GC(51) Concurrent cleanup
[489.040s][info][gc          ] GC(51) Concurrent cleanup 4544M->688M(8192M) 0.068ms
[489.041s][info][gc,ergo     ] Free: 7091M, Max: 4096K regular, 5236M humongous, Frag: 27% external, 0% internal; Reserve: 412M, Max: 4096K
[489.041s][info][gc,stats    ] 
[489.041s][info][gc,stats    ] All times are wall-clock times, except per-root-class counters, that are sum over
[489.041s][info][gc,stats    ] all workers. Dividing the <total> over the root stage time estimates parallelism.
[489.041s][info][gc,stats    ] 
[489.041s][info][gc,stats    ] Concurrent Reset                  12930 us
[489.041s][info][gc,stats    ] Pause Init Mark (G)                 183 us
[489.041s][info][gc,stats    ] Pause Init Mark (N)                 131 us
[489.041s][info][gc,stats    ]   Update Region States               40 us
[489.041s][info][gc,stats    ] Concurrent Mark Roots              9209 us, parallelism: 1.95x
[489.041s][info][gc,stats    ]   CMR: <total>                    17934 us
[489.041s][info][gc,stats    ]   CMR: Thread Roots                1484 us, workers (us): 720, 764, ---, ---, 
[489.041s][info][gc,stats    ]   CMR: Code Cache Roots           15739 us, workers (us): 7557, 8182, ---, ---, 
[489.041s][info][gc,stats    ]   CMR: VM Strong Roots               15 us, workers (us):  15,   0, ---, ---, 
[489.041s][info][gc,stats    ]   CMR: CLDG Roots                   696 us, workers (us): 696, ---, ---, ---, 
[489.041s][info][gc,stats    ] Concurrent Marking               219023 us
[489.041s][info][gc,stats    ] Pause Final Mark (G)                317 us
[489.041s][info][gc,stats    ] Pause Final Mark (N)                300 us
[489.041s][info][gc,stats    ]   Finish Mark                        59 us
[489.041s][info][gc,stats    ]   Update Region States               42 us
[489.041s][info][gc,stats    ]   Choose Collection Set             120 us
[489.041s][info][gc,stats    ]   Rebuild Free Set                    9 us
[489.041s][info][gc,stats    ] Concurrent Thread Roots             767 us, parallelism: 1.78x
[489.041s][info][gc,stats    ]   CTR: <total>                     1368 us
[489.041s][info][gc,stats    ]   CTR: Thread Roots                1368 us, workers (us): 701, 667, ---, ---, 
[489.041s][info][gc,stats    ] Concurrent Weak References          463 us, parallelism: 0.96x
[489.041s][info][gc,stats    ]   CWRF: <total>                     445 us
[489.041s][info][gc,stats    ]   CWRF: Weak References             445 us, workers (us): 375,  70, ---, ---, 
[489.041s][info][gc,stats    ] Concurrent Weak Roots               878 us
[489.041s][info][gc,stats    ]   Roots                             819 us, parallelism: 1.80x
[489.041s][info][gc,stats    ]     CWR: <total>                   1471 us
[489.041s][info][gc,stats    ]     CWR: VM Weak Roots             1471 us, workers (us): 735, 736, ---, ---, 
[489.041s][info][gc,stats    ]   Rendezvous                         20 us
[489.041s][info][gc,stats    ] Concurrent Cleanup                   53 us
[489.041s][info][gc,stats    ] Concurrent Strong Roots            5254 us, parallelism: 1.97x
[489.041s][info][gc,stats    ]   CSR: <total>                    10339 us
[489.041s][info][gc,stats    ]   CSR: Code Cache Roots           10109 us, workers (us): 5165, 4944, ---, ---, 
[489.041s][info][gc,stats    ]   CSR: VM Strong Roots                7 us, workers (us):   4,   3, ---, ---, 
[489.041s][info][gc,stats    ]   CSR: CLDG Roots                   223 us, workers (us): ---, 223, ---, ---, 
[489.041s][info][gc,stats    ] Concurrent Evacuation             32584 us
[489.041s][info][gc,stats    ] Pause Init Update Refs (G)           88 us
[489.041s][info][gc,stats    ] Pause Init Update Refs (N)           58 us
[489.041s][info][gc,stats    ]   Manage GCLABs                       5 us
[489.041s][info][gc,stats    ] Concurrent Update Refs           132536 us
[489.041s][info][gc,stats    ] Concurrent Update Thread Roots     1300 us
[489.041s][info][gc,stats    ] Pause Final Update Refs (G)         244 us
[489.041s][info][gc,stats    ] Pause Final Update Refs (N)         189 us
[489.041s][info][gc,stats    ]   Update Region States               84 us
[489.041s][info][gc,stats    ]   Trash Collection Set               14 us
[489.041s][info][gc,stats    ]   Rebuild Free Set                   16 us
[489.041s][info][gc,stats    ] Concurrent Cleanup                   84 us
[489.041s][info][gc,stats    ] 
[489.041s][info][gc,stats    ] Allocation pacing accrued:
[489.041s][info][gc,stats    ]       0 of  9851 ms (  0.0%): <total>
[489.041s][info][gc,stats    ]       0 of  9851 ms (  0.0%): <average total>
[489.041s][info][gc,stats    ] 
[489.041s][info][gc,metaspace] Metaspace: 135383K(136896K)->135383K(136896K) NonClass: 114380K(115264K)->114380K(115264K) Class: 21002K(21632K)->21002K(21632K)
[489.041s][info][gc,ergo     ] Pacer for Idle. Initial: 163M, Alloc Tax Rate: 1.0x
[498.228s][info][gc          ] Trigger: Free (815M) is below minimum threshold (819M)
[498.228s][info][gc,ergo     ] Free: 815M, Max: 4096K regular, 576M humongous, Frag: 29% external, 0% internal; Reserve: 412M, Max: 4096K
[498.228s][info][gc,start    ] GC(52) Concurrent reset
[498.228s][info][gc,task     ] GC(52) Using 2 of 4 workers for concurrent reset
[498.228s][info][gc,ergo     ] GC(52) Pacer for Reset. Non-Taxable: 8192M
[498.241s][info][gc          ] GC(52) Concurrent reset 13.544ms
[498.241s][info][gc,start    ] GC(52) Pause Init Mark
[498.241s][info][gc,task     ] GC(52) Using 4 of 4 workers for init marking
[498.242s][info][gc,ergo     ] GC(52) Pacer for Mark. Expected Live: 437M, Free: 807M, Non-Taxable: 82663K, Alloc Tax Rate: 0.7x
[498.242s][info][gc          ] GC(52) Pause Init Mark 0.120ms
[498.242s][info][gc,start    ] GC(52) Concurrent marking roots
[498.242s][info][gc,task     ] GC(52) Using 2 of 4 workers for concurrent marking roots
[498.251s][info][gc          ] GC(52) Concurrent marking roots 9.274ms
[498.251s][info][gc,start    ] GC(52) Concurrent marking
[498.251s][info][gc,task     ] GC(52) Using 2 of 4 workers for concurrent marking
[498.467s][info][gc          ] GC(52) Concurrent marking 215.722ms
[498.467s][info][gc,start    ] GC(52) Pause Final Mark
[498.467s][info][gc,task     ] GC(52) Using 4 of 4 workers for final marking
[498.467s][info][gc,ergo     ] GC(52) Adaptive CSet Selection. Target Free: 1160M, Actual Free: 2668M, Max CSet: 341M, Min Garbage: 0B
[498.467s][info][gc,ergo     ] GC(52) Collectable Garbage: 6498M (99%), Immediate: 1612M (24%), CSet: 4886M (74%)
[498.467s][info][gc,ergo     ] GC(52) Pacer for Evacuation. Used CSet: 4968M, Free: 2267M, Non-Taxable: 226M, Alloc Tax Rate: 5.4x
[498.467s][info][gc          ] GC(52) Pause Final Mark 0.317ms
[498.467s][info][gc,start    ] GC(52) Concurrent thread roots
[498.467s][info][gc,task     ] GC(52) Using 2 of 4 workers for Concurrent thread roots
[498.468s][info][gc          ] GC(52) Concurrent thread roots 0.810ms
[498.468s][info][gc,start    ] GC(52) Concurrent weak references
[498.468s][info][gc,task     ] GC(52) Using 2 of 4 workers for concurrent weak references
[498.468s][info][gc,ref      ] GC(52) Encountered references: Soft: 6544, Weak: 23404, Final: 34, Phantom: 762
[498.468s][info][gc,ref      ] GC(52) Discovered  references: Soft: 0, Weak: 11667, Final: 33, Phantom: 603
[498.468s][info][gc,ref      ] GC(52) Enqueued    references: Soft: 0, Weak: 5, Final: 0, Phantom: 2
[498.468s][info][gc          ] GC(52) Concurrent weak references 0.505ms
[498.468s][info][gc,start    ] GC(52) Concurrent weak roots
[498.468s][info][gc,task     ] GC(52) Using 2 of 4 workers for concurrent weak root
[498.469s][info][gc          ] GC(52) Concurrent weak roots 0.916ms
[498.469s][info][gc,start    ] GC(52) Concurrent cleanup
[498.469s][info][gc          ] GC(52) Concurrent cleanup 7133M->5521M(8192M) 0.032ms
[498.469s][info][gc,ergo     ] GC(52) Free: 2259M, Max: 4096K regular, 576M humongous, Frag: 75% external, 0% internal; Reserve: 411M, Max: 4096K
[498.469s][info][gc,start    ] GC(52) Concurrent strong roots
[498.469s][info][gc,task     ] GC(52) Using 2 of 4 workers for concurrent strong root
[498.475s][info][gc          ] GC(52) Concurrent strong roots 5.161ms
[498.475s][info][gc,start    ] GC(52) Concurrent evacuation
[498.475s][info][gc,task     ] GC(52) Using 2 of 4 workers for concurrent evacuation
[498.515s][info][gc          ] GC(52) Concurrent evacuation 40.354ms
[498.515s][info][gc,start    ] GC(52) Pause Init Update Refs
[498.515s][info][gc,ergo     ] GC(52) Pacer for Update Refs. Used: 5620M, Free: 2247M, Non-Taxable: 224M, Alloc Tax Rate: 3.1x
[498.515s][info][gc          ] GC(52) Pause Init Update Refs 0.048ms
[498.515s][info][gc,start    ] GC(52) Concurrent update references
[498.515s][info][gc,task     ] GC(52) Using 2 of 4 workers for concurrent reference update
[498.646s][info][gc          ] GC(52) Concurrent update references 131.270ms
[498.646s][info][gc,start    ] GC(52) Concurrent update thread roots
[498.648s][info][gc          ] GC(52) Concurrent update thread roots 1.352ms
[498.648s][info][gc,start    ] GC(52) Pause Final Update Refs
[498.648s][info][gc,task     ] GC(52) Using 4 of 4 workers for final reference update
[498.648s][info][gc          ] GC(52) Pause Final Update Refs 0.144ms
[498.648s][info][gc,start    ] GC(52) Concurrent cleanup
[498.648s][info][gc          ] GC(52) Concurrent cleanup 5688M->720M(8192M) 0.070ms
[498.648s][info][gc,ergo     ] Free: 7059M, Max: 4096K regular, 5420M humongous, Frag: 24% external, 0% internal; Reserve: 412M, Max: 4096K
[498.648s][info][gc,stats    ] 
[498.648s][info][gc,stats    ] All times are wall-clock times, except per-root-class counters, that are sum over
[498.648s][info][gc,stats    ] all workers. Dividing the <total> over the root stage time estimates parallelism.
[498.648s][info][gc,stats    ] 
[498.648s][info][gc,stats    ] Concurrent Reset                  13644 us
[498.648s][info][gc,stats    ] Pause Init Mark (G)                 253 us
[498.648s][info][gc,stats    ] Pause Init Mark (N)                 131 us
[498.648s][info][gc,stats    ]   Update Region States               46 us
[498.648s][info][gc,stats    ] Concurrent Mark Roots              9329 us, parallelism: 1.93x
[498.648s][info][gc,stats    ]   CMR: <total>                    18047 us
[498.648s][info][gc,stats    ]   CMR: Thread Roots                1416 us, workers (us): 682, 734, ---, ---, 
[498.648s][info][gc,stats    ]   CMR: Code Cache Roots           15719 us, workers (us): 8337, 7382, ---, ---, 
[498.648s][info][gc,stats    ]   CMR: VM Strong Roots               17 us, workers (us):   8,   8, ---, ---, 
[498.648s][info][gc,stats    ]   CMR: CLDG Roots                   896 us, workers (us): ---, 896, ---, ---, 
[498.648s][info][gc,stats    ] Concurrent Marking               215768 us
[498.648s][info][gc,stats    ] Pause Final Mark (G)                354 us
[498.648s][info][gc,stats    ] Pause Final Mark (N)                327 us
[498.648s][info][gc,stats    ]   Finish Mark                        64 us
[498.648s][info][gc,stats    ]   Update Region States               45 us
[498.648s][info][gc,stats    ]   Choose Collection Set             140 us
[498.648s][info][gc,stats    ]   Rebuild Free Set                   10 us
[498.648s][info][gc,stats    ] Concurrent Thread Roots             829 us, parallelism: 1.83x
[498.648s][info][gc,stats    ]   CTR: <total>                     1514 us
[498.648s][info][gc,stats    ]   CTR: Thread Roots                1514 us, workers (us): 763, 751, ---, ---, 
[498.648s][info][gc,stats    ] Concurrent Weak References          515 us, parallelism: 0.85x
[498.648s][info][gc,stats    ]   CWRF: <total>                     440 us
[498.648s][info][gc,stats    ]   CWRF: Weak References             440 us, workers (us):  32, 407, ---, ---, 
[498.648s][info][gc,stats    ] Concurrent Weak Roots               931 us
[498.648s][info][gc,stats    ]   Roots                             869 us, parallelism: 1.77x
[498.648s][info][gc,stats    ]     CWR: <total>                   1535 us
[498.649s][info][gc,stats    ]     CWR: VM Weak Roots             1535 us, workers (us): 783, 752, ---, ---, 
[498.649s][info][gc,stats    ]   Rendezvous                         27 us
[498.649s][info][gc,stats    ] Concurrent Cleanup                   44 us
[498.649s][info][gc,stats    ] Concurrent Strong Roots            5180 us, parallelism: 1.96x
[498.649s][info][gc,stats    ]   CSR: <total>                    10176 us
[498.649s][info][gc,stats    ]   CSR: Code Cache Roots            9946 us, workers (us): 4837, 5109, ---, ---, 
[498.649s][info][gc,stats    ]   CSR: VM Strong Roots                7 us, workers (us):   3,   3, ---, ---, 
[498.649s][info][gc,stats    ]   CSR: CLDG Roots                   223 us, workers (us): 223, ---, ---, ---, 
[498.649s][info][gc,stats    ] Concurrent Evacuation             40414 us
[498.649s][info][gc,stats    ] Pause Init Update Refs (G)           86 us
[498.649s][info][gc,stats    ] Pause Init Update Refs (N)           63 us
[498.649s][info][gc,stats    ]   Manage GCLABs                       6 us
[498.649s][info][gc,stats    ] Concurrent Update Refs           131302 us
[498.649s][info][gc,stats    ] Concurrent Update Thread Roots     1377 us
[498.649s][info][gc,stats    ] Pause Final Update Refs (G)         273 us
[498.649s][info][gc,stats    ] Pause Final Update Refs (N)         167 us
[498.649s][info][gc,stats    ]   Update Region States               61 us
[498.649s][info][gc,stats    ]   Trash Collection Set               24 us
[498.649s][info][gc,stats    ]   Rebuild Free Set                   18 us
[498.649s][info][gc,stats    ] Concurrent Cleanup                   83 us
[498.649s][info][gc,stats    ] 
[498.649s][info][gc,stats    ] Allocation pacing accrued:
[498.649s][info][gc,stats    ]       0 of  9608 ms (  0.0%): <total>
[498.649s][info][gc,stats    ]       0 of  9608 ms (  0.0%): <average total>
[498.649s][info][gc,stats    ] 
[498.649s][info][gc,metaspace] Metaspace: 135396K(136896K)->135396K(136896K) NonClass: 114392K(115264K)->114392K(115264K) Class: 21004K(21632K)->21004K(21632K)
[498.649s][info][gc,ergo     ] Pacer for Idle. Initial: 163M, Alloc Tax Rate: 1.0x
[506.896s][info][gc          ] Trigger: Average GC time (445.25 ms) is above the time for average allocation rate (1062 MB/s) to deplete free headroom (433M) (margin of error = 1.86)
[506.896s][info][gc,ergo     ] Free headroom: 843M (free) - 409M (spike) - 0B (penalties) = 433M
[506.896s][info][gc,ergo     ] Free: 843M, Max: 4096K regular, 556M humongous, Frag: 33% external, 0% internal; Reserve: 412M, Max: 4096K
[506.896s][info][gc,start    ] GC(53) Concurrent reset
[506.896s][info][gc,task     ] GC(53) Using 2 of 4 workers for concurrent reset
[506.896s][info][gc,ergo     ] GC(53) Pacer for Reset. Non-Taxable: 8192M
[506.909s][info][gc          ] GC(53) Concurrent reset 13.018ms
[506.909s][info][gc,start    ] GC(53) Pause Init Mark
[506.909s][info][gc,task     ] GC(53) Using 4 of 4 workers for init marking
[506.909s][info][gc,ergo     ] GC(53) Pacer for Mark. Expected Live: 440M, Free: 842M, Non-Taxable: 86322K, Alloc Tax Rate: 0.6x
[506.909s][info][gc          ] GC(53) Pause Init Mark 0.105ms
[506.909s][info][gc,start    ] GC(53) Concurrent marking roots
[506.910s][info][gc,task     ] GC(53) Using 2 of 4 workers for concurrent marking roots
[506.917s][info][gc          ] GC(53) Concurrent marking roots 7.305ms
[506.917s][info][gc,start    ] GC(53) Concurrent marking
[506.917s][info][gc,task     ] GC(53) Using 2 of 4 workers for concurrent marking
[507.133s][info][gc          ] GC(53) Concurrent marking 216.140ms
[507.133s][info][gc,start    ] GC(53) Pause Final Mark
[507.133s][info][gc,task     ] GC(53) Using 4 of 4 workers for final marking
[507.133s][info][gc,ergo     ] GC(53) Adaptive CSet Selection. Target Free: 1160M, Actual Free: 4364M, Max CSet: 341M, Min Garbage: 0B
[507.133s][info][gc,ergo     ] GC(53) Collectable Garbage: 6474M (99%), Immediate: 3252M (49%), CSet: 3222M (49%)
[507.133s][info][gc,ergo     ] GC(53) Pacer for Evacuation. Used CSet: 3292M, Free: 3967M, Non-Taxable: 396M, Alloc Tax Rate: 2.0x
[507.133s][info][gc          ] GC(53) Pause Final Mark 0.252ms
[507.133s][info][gc,start    ] GC(53) Concurrent thread roots
[507.133s][info][gc,task     ] GC(53) Using 2 of 4 workers for Concurrent thread roots
[507.134s][info][gc          ] GC(53) Concurrent thread roots 0.833ms
[507.134s][info][gc,start    ] GC(53) Concurrent weak references
[507.134s][info][gc,task     ] GC(53) Using 2 of 4 workers for concurrent weak references
[507.135s][info][gc,ref      ] GC(53) Encountered references: Soft: 6544, Weak: 23405, Final: 34, Phantom: 763
[507.135s][info][gc,ref      ] GC(53) Discovered  references: Soft: 0, Weak: 11798, Final: 0, Phantom: 603
[507.135s][info][gc,ref      ] GC(53) Enqueued    references: Soft: 0, Weak: 3, Final: 0, Phantom: 0
[507.135s][info][gc          ] GC(53) Concurrent weak references 0.578ms
[507.135s][info][gc,start    ] GC(53) Concurrent weak roots
[507.135s][info][gc,task     ] GC(53) Using 2 of 4 workers for concurrent weak root
[507.136s][info][gc          ] GC(53) Concurrent weak roots 0.906ms
[507.136s][info][gc,start    ] GC(53) Concurrent cleanup
[507.136s][info][gc          ] GC(53) Concurrent cleanup 7073M->3821M(8192M) 0.046ms
[507.136s][info][gc,ergo     ] GC(53) Free: 3958M, Max: 4096K regular, 560M humongous, Frag: 86% external, 0% internal; Reserve: 411M, Max: 4096K
[507.136s][info][gc,start    ] GC(53) Concurrent strong roots
[507.136s][info][gc,task     ] GC(53) Using 2 of 4 workers for concurrent strong root
[507.141s][info][gc          ] GC(53) Concurrent strong roots 5.649ms
[507.141s][info][gc,start    ] GC(53) Concurrent evacuation
[507.141s][info][gc,task     ] GC(53) Using 2 of 4 workers for concurrent evacuation
[507.171s][info][gc          ] GC(53) Concurrent evacuation 29.791ms
[507.171s][info][gc,start    ] GC(53) Pause Init Update Refs
[507.171s][info][gc,ergo     ] GC(53) Pacer for Update Refs. Used: 3893M, Free: 3958M, Non-Taxable: 395M, Alloc Tax Rate: 1.2x
[507.171s][info][gc          ] GC(53) Pause Init Update Refs 0.045ms
[507.171s][info][gc,start    ] GC(53) Concurrent update references
[507.171s][info][gc,task     ] GC(53) Using 2 of 4 workers for concurrent reference update
[507.291s][info][gc          ] GC(53) Concurrent update references 120.126ms
[507.291s][info][gc,start    ] GC(53) Concurrent update thread roots
[507.293s][info][gc          ] GC(53) Concurrent update thread roots 1.526ms
[507.293s][info][gc,start    ] GC(53) Pause Final Update Refs
[507.293s][info][gc,task     ] GC(53) Using 4 of 4 workers for final reference update
[507.293s][info][gc          ] GC(53) Pause Final Update Refs 0.111ms
[507.293s][info][gc,start    ] GC(53) Concurrent cleanup
[507.293s][info][gc          ] GC(53) Concurrent cleanup 3894M->602M(8192M) 0.057ms
[507.293s][info][gc,ergo     ] Free: 7177M, Max: 4096K regular, 5204M humongous, Frag: 28% external, 0% internal; Reserve: 412M, Max: 4096K
[507.293s][info][gc,stats    ] 
[507.293s][info][gc,stats    ] All times are wall-clock times, except per-root-class counters, that are sum over
[507.293s][info][gc,stats    ] all workers. Dividing the <total> over the root stage time estimates parallelism.
[507.293s][info][gc,stats    ] 
[507.293s][info][gc,stats    ] Concurrent Reset                  13075 us
[507.293s][info][gc,stats    ] Pause Init Mark (G)                 190 us
[507.293s][info][gc,stats    ] Pause Init Mark (N)                 116 us
[507.293s][info][gc,stats    ]   Update Region States               38 us
[507.293s][info][gc,stats    ] Concurrent Mark Roots              7327 us, parallelism: 1.94x
[507.293s][info][gc,stats    ]   CMR: <total>                    14187 us
[507.293s][info][gc,stats    ]   CMR: Thread Roots                1410 us, workers (us): 702, 708, ---, ---, 
[507.293s][info][gc,stats    ]   CMR: Code Cache Roots           12082 us, workers (us): 5721, 6362, ---, ---, 
[507.293s][info][gc,stats    ]   CMR: VM Strong Roots               17 us, workers (us):  17,   0, ---, ---, 
[507.293s][info][gc,stats    ]   CMR: CLDG Roots                   677 us, workers (us): 677, ---, ---, ---, 
[507.293s][info][gc,stats    ] Concurrent Marking               216183 us
[507.293s][info][gc,stats    ] Pause Final Mark (G)                290 us
[507.294s][info][gc,stats    ] Pause Final Mark (N)                263 us
[507.294s][info][gc,stats    ]   Finish Mark                        56 us
[507.294s][info][gc,stats    ]   Update Region States               17 us
[507.294s][info][gc,stats    ]   Choose Collection Set             113 us
[507.294s][info][gc,stats    ]   Rebuild Free Set                   12 us
[507.294s][info][gc,stats    ] Concurrent Thread Roots             852 us, parallelism: 1.84x
[507.294s][info][gc,stats    ]   CTR: <total>                     1568 us
[507.294s][info][gc,stats    ]   CTR: Thread Roots                1568 us, workers (us): 788, 780, ---, ---, 
[507.294s][info][gc,stats    ] Concurrent Weak References          589 us, parallelism: 0.93x
[507.294s][info][gc,stats    ]   CWRF: <total>                     545 us
[507.294s][info][gc,stats    ]   CWRF: Weak References             545 us, workers (us):  39, 507, ---, ---, 
[507.294s][info][gc,stats    ] Concurrent Weak Roots               921 us
[507.294s][info][gc,stats    ]   Roots                             861 us, parallelism: 1.77x
[507.294s][info][gc,stats    ]     CWR: <total>                   1521 us
[507.294s][info][gc,stats    ]     CWR: VM Weak Roots             1521 us, workers (us): 760, 761, ---, ---, 
[507.294s][info][gc,stats    ]   Rendezvous                         24 us
[507.294s][info][gc,stats    ] Concurrent Cleanup                   59 us
[507.294s][info][gc,stats    ] Concurrent Strong Roots            5670 us, parallelism: 1.95x
[507.294s][info][gc,stats    ]   CSR: <total>                    11078 us
[507.294s][info][gc,stats    ]   CSR: Code Cache Roots           10778 us, workers (us): 5519, 5258, ---, ---, 
[507.294s][info][gc,stats    ]   CSR: VM Strong Roots                8 us, workers (us):   4,   4, ---, ---, 
[507.294s][info][gc,stats    ]   CSR: CLDG Roots                   293 us, workers (us): ---, 293, ---, ---, 
[507.294s][info][gc,stats    ] Concurrent Evacuation             29830 us
[507.294s][info][gc,stats    ] Pause Init Update Refs (G)           84 us
[507.294s][info][gc,stats    ] Pause Init Update Refs (N)           57 us
[507.294s][info][gc,stats    ]   Manage GCLABs                       5 us
[507.294s][info][gc,stats    ] Concurrent Update Refs           120171 us
[507.294s][info][gc,stats    ] Concurrent Update Thread Roots     1550 us
[507.294s][info][gc,stats    ] Pause Final Update Refs (G)         198 us
[507.294s][info][gc,stats    ] Pause Final Update Refs (N)         135 us
[507.294s][info][gc,stats    ]   Update Region States               50 us
[507.294s][info][gc,stats    ]   Trash Collection Set               12 us
[507.294s][info][gc,stats    ]   Rebuild Free Set                   14 us
[507.294s][info][gc,stats    ] Concurrent Cleanup                   71 us
[507.294s][info][gc,stats    ] 
[507.294s][info][gc,stats    ] Allocation pacing accrued:
[507.294s][info][gc,stats    ]       0 of  8645 ms (  0.0%): <total>
[507.294s][info][gc,stats    ]       0 of  8645 ms (  0.0%): <average total>
[507.294s][info][gc,stats    ] 
[507.294s][info][gc,metaspace] Metaspace: 135412K(136896K)->135423K(136896K) NonClass: 114405K(115264K)->114416K(115264K) Class: 21006K(21632K)->21006K(21632K)
[507.294s][info][gc,ergo     ] Pacer for Idle. Initial: 163M, Alloc Tax Rate: 1.0x
[518.562s][info][gc          ] Trigger: Free (819M) is below minimum threshold (819M)
[518.562s][info][gc,ergo     ] Free: 819M, Max: 4096K regular, 576M humongous, Frag: 29% external, 0% internal; Reserve: 412M, Max: 4096K
[518.562s][info][gc,start    ] GC(54) Concurrent reset
[518.562s][info][gc,task     ] GC(54) Using 2 of 4 workers for concurrent reset
[518.562s][info][gc,ergo     ] GC(54) Pacer for Reset. Non-Taxable: 8192M
[518.572s][info][gc          ] GC(54) Concurrent reset 9.576ms
[518.572s][info][gc,start    ] GC(54) Pause Init Mark
[518.572s][info][gc,task     ] GC(54) Using 4 of 4 workers for init marking
[518.572s][info][gc,ergo     ] GC(54) Pacer for Mark. Expected Live: 435M, Free: 819M, Non-Taxable: 83867K, Alloc Tax Rate: 0.6x
[518.572s][info][gc          ] GC(54) Pause Init Mark 0.122ms
[518.572s][info][gc,start    ] GC(54) Concurrent marking roots
[518.572s][info][gc,task     ] GC(54) Using 2 of 4 workers for concurrent marking roots
[518.579s][info][gc          ] GC(54) Concurrent marking roots 7.148ms
[518.579s][info][gc,start    ] GC(54) Concurrent marking
[518.579s][info][gc,task     ] GC(54) Using 2 of 4 workers for concurrent marking
[518.788s][info][gc          ] GC(54) Concurrent marking 208.581ms
[518.788s][info][gc,start    ] GC(54) Pause Final Mark
[518.788s][info][gc,task     ] GC(54) Using 4 of 4 workers for final marking
[518.788s][info][gc,ergo     ] GC(54) Adaptive CSet Selection. Target Free: 1160M, Actual Free: 2804M, Max CSet: 341M, Min Garbage: 0B
[518.788s][info][gc,ergo     ] GC(54) Collectable Garbage: 6501M (99%), Immediate: 1764M (27%), CSet: 4737M (72%)
[518.788s][info][gc,ergo     ] GC(54) Pacer for Evacuation. Used CSet: 4804M, Free: 2395M, Non-Taxable: 239M, Alloc Tax Rate: 4.9x
[518.788s][info][gc          ] GC(54) Pause Final Mark 0.320ms
[518.788s][info][gc,start    ] GC(54) Concurrent thread roots
[518.788s][info][gc,task     ] GC(54) Using 2 of 4 workers for Concurrent thread roots
[518.789s][info][gc          ] GC(54) Concurrent thread roots 0.825ms
[518.789s][info][gc,start    ] GC(54) Concurrent weak references
[518.789s][info][gc,task     ] GC(54) Using 2 of 4 workers for concurrent weak references
[518.789s][info][gc,ref      ] GC(54) Encountered references: Soft: 6544, Weak: 23409, Final: 34, Phantom: 769
[518.789s][info][gc,ref      ] GC(54) Discovered  references: Soft: 0, Weak: 11580, Final: 0, Phantom: 544
[518.789s][info][gc,ref      ] GC(54) Enqueued    references: Soft: 0, Weak: 5, Final: 0, Phantom: 0
[518.789s][info][gc          ] GC(54) Concurrent weak references 0.544ms
[518.789s][info][gc,start    ] GC(54) Concurrent weak roots
[518.789s][info][gc,task     ] GC(54) Using 2 of 4 workers for concurrent weak root
[518.790s][info][gc          ] GC(54) Concurrent weak roots 0.928ms
[518.790s][info][gc,start    ] GC(54) Concurrent cleanup
[518.790s][info][gc          ] GC(54) Concurrent cleanup 7156M->5392M(8192M) 0.036ms
[518.790s][info][gc,ergo     ] GC(54) Free: 2387M, Max: 4096K regular, 576M humongous, Frag: 76% external, 0% internal; Reserve: 411M, Max: 4096K
[518.790s][info][gc,start    ] GC(54) Concurrent strong roots
[518.790s][info][gc,task     ] GC(54) Using 2 of 4 workers for concurrent strong root
[518.796s][info][gc          ] GC(54) Concurrent strong roots 5.644ms
[518.796s][info][gc,start    ] GC(54) Concurrent evacuation
[518.796s][info][gc,task     ] GC(54) Using 2 of 4 workers for concurrent evacuation
[518.837s][info][gc          ] GC(54) Concurrent evacuation 40.899ms
[518.837s][info][gc,start    ] GC(54) Pause Init Update Refs
[518.837s][info][gc,ergo     ] GC(54) Pacer for Update Refs. Used: 5484M, Free: 2367M, Non-Taxable: 236M, Alloc Tax Rate: 2.8x
[518.837s][info][gc          ] GC(54) Pause Init Update Refs 0.052ms
[518.837s][info][gc,start    ] GC(54) Concurrent update references
[518.837s][info][gc,task     ] GC(54) Using 2 of 4 workers for concurrent reference update
[518.969s][info][gc          ] GC(54) Concurrent update references 131.612ms
[518.969s][info][gc,start    ] GC(54) Concurrent update thread roots
[518.970s][info][gc          ] GC(54) Concurrent update thread roots 1.427ms
[518.970s][info][gc,start    ] GC(54) Pause Final Update Refs
[518.970s][info][gc,task     ] GC(54) Using 4 of 4 workers for final reference update
[518.970s][info][gc          ] GC(54) Pause Final Update Refs 0.094ms
[518.970s][info][gc,start    ] GC(54) Concurrent cleanup
[518.971s][info][gc          ] GC(54) Concurrent cleanup 5548M->744M(8192M) 0.070ms
[518.971s][info][gc,ergo     ] Free: 7035M, Max: 4096K regular, 5404M humongous, Frag: 24% external, 0% internal; Reserve: 412M, Max: 4096K
[518.971s][info][gc,stats    ] 
[518.971s][info][gc,stats    ] All times are wall-clock times, except per-root-class counters, that are sum over
[518.971s][info][gc,stats    ] all workers. Dividing the <total> over the root stage time estimates parallelism.
[518.971s][info][gc,stats    ] 
[518.971s][info][gc,stats    ] Concurrent Reset                   9633 us
[518.971s][info][gc,stats    ] Pause Init Mark (G)                 195 us
[518.971s][info][gc,stats    ] Pause Init Mark (N)                 135 us
[518.971s][info][gc,stats    ]   Update Region States               44 us
[518.971s][info][gc,stats    ] Concurrent Mark Roots              7173 us, parallelism: 1.94x
[518.971s][info][gc,stats    ]   CMR: <total>                    13950 us
[518.971s][info][gc,stats    ]   CMR: Thread Roots                1402 us, workers (us): 696, 706, ---, ---, 
[518.971s][info][gc,stats    ]   CMR: Code Cache Roots           11836 us, workers (us): 5568, 6267, ---, ---, 
[518.971s][info][gc,stats    ]   CMR: VM Strong Roots               15 us, workers (us):   7,   8, ---, ---, 
[518.971s][info][gc,stats    ]   CMR: CLDG Roots                   697 us, workers (us): 697, ---, ---, ---, 
[518.971s][info][gc,stats    ] Concurrent Marking               208613 us
[518.971s][info][gc,stats    ] Pause Final Mark (G)                379 us
[518.971s][info][gc,stats    ] Pause Final Mark (N)                331 us
[518.971s][info][gc,stats    ]   Finish Mark                        67 us
[518.971s][info][gc,stats    ]   Update Region States               42 us
[518.971s][info][gc,stats    ]   Choose Collection Set             145 us
[518.971s][info][gc,stats    ]   Rebuild Free Set                   10 us
[518.971s][info][gc,stats    ] Concurrent Thread Roots             847 us, parallelism: 1.78x
[518.971s][info][gc,stats    ]   CTR: <total>                     1504 us
[518.971s][info][gc,stats    ]   CTR: Thread Roots                1504 us, workers (us): 751, 753, ---, ---, 
[518.971s][info][gc,stats    ] Concurrent Weak References          555 us, parallelism: 0.89x
[518.971s][info][gc,stats    ]   CWRF: <total>                     496 us
[518.971s][info][gc,stats    ]   CWRF: Weak References             496 us, workers (us):  25, 471, ---, ---, 
[518.971s][info][gc,stats    ] Concurrent Weak Roots               949 us
[518.971s][info][gc,stats    ]   Roots                             854 us, parallelism: 1.74x
[518.971s][info][gc,stats    ]     CWR: <total>                   1482 us
[518.971s][info][gc,stats    ]     CWR: VM Weak Roots             1482 us, workers (us): 741, 741, ---, ---, 
[518.971s][info][gc,stats    ]   Rendezvous                         53 us
[518.971s][info][gc,stats    ] Concurrent Cleanup                   49 us
[518.971s][info][gc,stats    ] Concurrent Strong Roots            5673 us, parallelism: 1.96x
[518.971s][info][gc,stats    ]   CSR: <total>                    11105 us
[518.971s][info][gc,stats    ]   CSR: Code Cache Roots           10868 us, workers (us): 5334, 5534, ---, ---, 
[518.971s][info][gc,stats    ]   CSR: VM Strong Roots                8 us, workers (us):   4,   4, ---, ---, 
[518.971s][info][gc,stats    ]   CSR: CLDG Roots                   229 us, workers (us): 229, ---, ---, ---, 
[518.971s][info][gc,stats    ] Concurrent Evacuation             40965 us
[518.971s][info][gc,stats    ] Pause Init Update Refs (G)          117 us
[518.971s][info][gc,stats    ] Pause Init Update Refs (N)           63 us
[518.971s][info][gc,stats    ]   Manage GCLABs                       8 us
[518.971s][info][gc,stats    ] Concurrent Update Refs           131654 us
[518.971s][info][gc,stats    ] Concurrent Update Thread Roots     1451 us
[518.971s][info][gc,stats    ] Pause Final Update Refs (G)         177 us
[518.971s][info][gc,stats    ] Pause Final Update Refs (N)         120 us
[518.971s][info][gc,stats    ]   Update Region States               36 us
[518.971s][info][gc,stats    ]   Trash Collection Set               11 us
[518.971s][info][gc,stats    ]   Rebuild Free Set                   10 us
[518.971s][info][gc,stats    ] Concurrent Cleanup                   84 us
[518.971s][info][gc,stats    ] 
[518.971s][info][gc,stats    ] Allocation pacing accrued:
[518.971s][info][gc,stats    ]       0 of 11677 ms (  0.0%): <total>
[518.971s][info][gc,stats    ]       0 of 11677 ms (  0.0%): <average total>
[518.971s][info][gc,stats    ] 
[518.971s][info][gc,metaspace] Metaspace: 135466K(136960K)->135466K(136960K) NonClass: 114458K(115328K)->114458K(115328K) Class: 21007K(21632K)->21007K(21632K)
[518.971s][info][gc,ergo     ] Pacer for Idle. Initial: 163M, Alloc Tax Rate: 1.0x
[528.101s][info][gc          ] Trigger: Free (815M) is below minimum threshold (819M)
[528.101s][info][gc,ergo     ] Free: 815M, Max: 4096K regular, 576M humongous, Frag: 29% external, 0% internal; Reserve: 412M, Max: 4096K
[528.101s][info][gc,start    ] GC(55) Concurrent reset
[528.101s][info][gc,task     ] GC(55) Using 2 of 4 workers for concurrent reset
[528.101s][info][gc,ergo     ] GC(55) Pacer for Reset. Non-Taxable: 8192M
[528.115s][info][gc          ] GC(55) Concurrent reset 14.133ms
[528.115s][info][gc,start    ] GC(55) Pause Init Mark
[528.115s][info][gc,task     ] GC(55) Using 4 of 4 workers for init marking
[528.115s][info][gc,ergo     ] GC(55) Pacer for Mark. Expected Live: 436M, Free: 815M, Non-Taxable: 83506K, Alloc Tax Rate: 0.7x
[528.115s][info][gc          ] GC(55) Pause Init Mark 0.110ms
[528.115s][info][gc,start    ] GC(55) Concurrent marking roots
[528.115s][info][gc,task     ] GC(55) Using 2 of 4 workers for concurrent marking roots
[528.122s][info][gc          ] GC(55) Concurrent marking roots 7.475ms
[528.123s][info][gc,start    ] GC(55) Concurrent marking
[528.123s][info][gc,task     ] GC(55) Using 2 of 4 workers for concurrent marking
[528.341s][info][gc          ] GC(55) Concurrent marking 218.451ms
[528.341s][info][gc,start    ] GC(55) Pause Final Mark
[528.341s][info][gc,task     ] GC(55) Using 4 of 4 workers for final marking
[528.341s][info][gc,ergo     ] GC(55) Adaptive CSet Selection. Target Free: 1160M, Actual Free: 2424M, Max CSet: 341M, Min Garbage: 0B
[528.341s][info][gc,ergo     ] GC(55) Collectable Garbage: 6490M (99%), Immediate: 1352M (20%), CSet: 5138M (78%)
[528.341s][info][gc,ergo     ] GC(55) Pacer for Evacuation. Used CSet: 5220M, Free: 2019M, Non-Taxable: 201M, Alloc Tax Rate: 6.3x
[528.341s][info][gc          ] GC(55) Pause Final Mark 0.337ms
[528.341s][info][gc,start    ] GC(55) Concurrent thread roots
[528.341s][info][gc,task     ] GC(55) Using 2 of 4 workers for Concurrent thread roots
[528.342s][info][gc          ] GC(55) Concurrent thread roots 0.837ms
[528.342s][info][gc,start    ] GC(55) Concurrent weak references
[528.342s][info][gc,task     ] GC(55) Using 2 of 4 workers for concurrent weak references
[528.342s][info][gc,ref      ] GC(55) Encountered references: Soft: 6544, Weak: 23409, Final: 34, Phantom: 778
[528.342s][info][gc,ref      ] GC(55) Discovered  references: Soft: 0, Weak: 4499, Final: 0, Phantom: 613
[528.342s][info][gc,ref      ] GC(55) Enqueued    references: Soft: 0, Weak: 2, Final: 0, Phantom: 0
[528.343s][info][gc          ] GC(55) Concurrent weak references 0.233ms
[528.343s][info][gc,start    ] GC(55) Concurrent weak roots
[528.343s][info][gc,task     ] GC(55) Using 2 of 4 workers for concurrent weak root
[528.343s][info][gc          ] GC(55) Concurrent weak roots 0.882ms
[528.343s][info][gc,start    ] GC(55) Concurrent cleanup
[528.343s][info][gc          ] GC(55) Concurrent cleanup 7120M->5768M(8192M) 0.032ms
[528.343s][info][gc,ergo     ] GC(55) Free: 2011M, Max: 4096K regular, 576M humongous, Frag: 72% external, 0% internal; Reserve: 411M, Max: 4096K
[528.343s][info][gc,start    ] GC(55) Concurrent strong roots
[528.343s][info][gc,task     ] GC(55) Using 2 of 4 workers for concurrent strong root
[528.349s][info][gc          ] GC(55) Concurrent strong roots 5.236ms
[528.349s][info][gc,start    ] GC(55) Concurrent evacuation
[528.349s][info][gc,task     ] GC(55) Using 2 of 4 workers for concurrent evacuation
[528.388s][info][gc          ] GC(55) Concurrent evacuation 39.587ms
[528.388s][info][gc,start    ] GC(55) Pause Init Update Refs
[528.388s][info][gc,ergo     ] GC(55) Pacer for Update Refs. Used: 5868M, Free: 1995M, Non-Taxable: 199M, Alloc Tax Rate: 3.6x
[528.388s][info][gc          ] GC(55) Pause Init Update Refs 0.043ms
[528.388s][info][gc,start    ] GC(55) Concurrent update references
[528.389s][info][gc,task     ] GC(55) Using 2 of 4 workers for concurrent reference update
[528.522s][info][gc          ] GC(55) Concurrent update references 133.812ms
[528.522s][info][gc,start    ] GC(55) Concurrent update thread roots
[528.524s][info][gc          ] GC(55) Concurrent update thread roots 1.534ms
[528.524s][info][gc,start    ] GC(55) Pause Final Update Refs
[528.524s][info][gc,task     ] GC(55) Using 4 of 4 workers for final reference update
[528.524s][info][gc          ] GC(55) Pause Final Update Refs 0.095ms
[528.524s][info][gc,start    ] GC(55) Concurrent cleanup
[528.524s][info][gc          ] GC(55) Concurrent cleanup 5932M->716M(8192M) 0.061ms
[528.524s][info][gc,ergo     ] Free: 7063M, Max: 4096K regular, 5212M humongous, Frag: 27% external, 0% internal; Reserve: 412M, Max: 4096K
[528.524s][info][gc,stats    ] 
[528.524s][info][gc,stats    ] All times are wall-clock times, except per-root-class counters, that are sum over
[528.524s][info][gc,stats    ] all workers. Dividing the <total> over the root stage time estimates parallelism.
[528.524s][info][gc,stats    ] 
[528.524s][info][gc,stats    ] Concurrent Reset                  14206 us
[528.524s][info][gc,stats    ] Pause Init Mark (G)                 199 us
[528.524s][info][gc,stats    ] Pause Init Mark (N)                 122 us
[528.524s][info][gc,stats    ]   Update Region States               37 us
[528.524s][info][gc,stats    ] Concurrent Mark Roots              7502 us, parallelism: 1.93x
[528.524s][info][gc,stats    ]   CMR: <total>                    14495 us
[528.524s][info][gc,stats    ]   CMR: Thread Roots                1441 us, workers (us): 742, 699, ---, ---, 
[528.524s][info][gc,stats    ]   CMR: Code Cache Roots           12146 us, workers (us): 6491, 5655, ---, ---, 
[528.524s][info][gc,stats    ]   CMR: VM Strong Roots               21 us, workers (us):  10,  10, ---, ---, 
[528.524s][info][gc,stats    ]   CMR: CLDG Roots                   887 us, workers (us): ---, 887, ---, ---, 
[528.524s][info][gc,stats    ] Concurrent Marking               218494 us
[528.524s][info][gc,stats    ] Pause Final Mark (G)                399 us
[528.524s][info][gc,stats    ] Pause Final Mark (N)                371 us
[528.524s][info][gc,stats    ]   Finish Mark                        65 us
[528.524s][info][gc,stats    ]   Update Region States               49 us
[528.524s][info][gc,stats    ]   Choose Collection Set             158 us
[528.524s][info][gc,stats    ]   Rebuild Free Set                   10 us
[528.524s][info][gc,stats    ] Concurrent Thread Roots             861 us, parallelism: 1.83x
[528.524s][info][gc,stats    ]   CTR: <total>                     1580 us
[528.524s][info][gc,stats    ]   CTR: Thread Roots                1580 us, workers (us): 785, 795, ---, ---, 
[528.524s][info][gc,stats    ] Concurrent Weak References          244 us, parallelism: 1.18x
[528.524s][info][gc,stats    ]   CWRF: <total>                     288 us
[528.524s][info][gc,stats    ]   CWRF: Weak References             288 us, workers (us): 130, 158, ---, ---, 
[528.524s][info][gc,stats    ] Concurrent Weak Roots               903 us
[528.524s][info][gc,stats    ]   Roots                             836 us, parallelism: 1.77x
[528.524s][info][gc,stats    ]     CWR: <total>                   1481 us
[528.524s][info][gc,stats    ]     CWR: VM Weak Roots             1481 us, workers (us): 742, 740, ---, ---, 
[528.524s][info][gc,stats    ]   Rendezvous                         24 us
[528.524s][info][gc,stats    ] Concurrent Cleanup                   45 us
[528.524s][info][gc,stats    ] Concurrent Strong Roots            5259 us, parallelism: 1.95x
[528.524s][info][gc,stats    ]   CSR: <total>                    10264 us
[528.525s][info][gc,stats    ]   CSR: Code Cache Roots           10028 us, workers (us): 5110, 4919, ---, ---, 
[528.525s][info][gc,stats    ]   CSR: VM Strong Roots                7 us, workers (us):   4,   3, ---, ---, 
[528.525s][info][gc,stats    ]   CSR: CLDG Roots                   229 us, workers (us): ---, 229, ---, ---, 
[528.525s][info][gc,stats    ] Concurrent Evacuation             39638 us
[528.525s][info][gc,stats    ] Pause Init Update Refs (G)          113 us
[528.525s][info][gc,stats    ] Pause Init Update Refs (N)           54 us
[528.525s][info][gc,stats    ]   Manage GCLABs                       6 us
[528.525s][info][gc,stats    ] Concurrent Update Refs           133850 us
[528.525s][info][gc,stats    ] Concurrent Update Thread Roots     1558 us
[528.525s][info][gc,stats    ] Pause Final Update Refs (G)         139 us
[528.525s][info][gc,stats    ] Pause Final Update Refs (N)         110 us
[528.525s][info][gc,stats    ]   Update Region States               30 us
[528.525s][info][gc,stats    ]   Trash Collection Set               15 us
[528.525s][info][gc,stats    ]   Rebuild Free Set                   10 us
[528.525s][info][gc,stats    ] Concurrent Cleanup                   74 us
[528.525s][info][gc,stats    ] 
[528.525s][info][gc,stats    ] Allocation pacing accrued:
[528.525s][info][gc,stats    ]       0 of  9554 ms (  0.0%): <total>
[528.525s][info][gc,stats    ]       0 of  9554 ms (  0.0%): <average total>
[528.525s][info][gc,stats    ] 
[528.525s][info][gc,metaspace] Metaspace: 135471K(136960K)->135471K(136960K) NonClass: 114464K(115328K)->114464K(115328K) Class: 21007K(21632K)->21007K(21632K)
[528.525s][info][gc,ergo     ] Pacer for Idle. Initial: 163M, Alloc Tax Rate: 1.0x
[536.752s][info][gc          ] Trigger: Free (818M) is below minimum threshold (819M)
[536.752s][info][gc,ergo     ] Free: 818M, Max: 4096K regular, 564M humongous, Frag: 31% external, 0% internal; Reserve: 412M, Max: 4096K
[536.752s][info][gc,start    ] GC(56) Concurrent reset
[536.752s][info][gc,task     ] GC(56) Using 2 of 4 workers for concurrent reset
[536.752s][info][gc,ergo     ] GC(56) Pacer for Reset. Non-Taxable: 8192M
[536.769s][info][gc          ] GC(56) Concurrent reset 16.889ms
[536.769s][info][gc,start    ] GC(56) Pause Init Mark
[536.769s][info][gc,task     ] GC(56) Using 4 of 4 workers for init marking
[536.770s][info][gc,ergo     ] GC(56) Pacer for Mark. Expected Live: 434M, Free: 811M, Non-Taxable: 83096K, Alloc Tax Rate: 0.7x
[536.770s][info][gc          ] GC(56) Pause Init Mark 0.132ms
[536.770s][info][gc,start    ] GC(56) Concurrent marking roots
[536.770s][info][gc,task     ] GC(56) Using 2 of 4 workers for concurrent marking roots
[536.777s][info][gc          ] GC(56) Concurrent marking roots 7.891ms
[536.778s][info][gc,start    ] GC(56) Concurrent marking
[536.778s][info][gc,task     ] GC(56) Using 2 of 4 workers for concurrent marking
[537.003s][info][gc          ] GC(56) Concurrent marking 225.831ms
[537.003s][info][gc,start    ] GC(56) Pause Final Mark
[537.003s][info][gc,task     ] GC(56) Using 4 of 4 workers for final marking
[537.004s][info][gc,ergo     ] GC(56) Adaptive CSet Selection. Target Free: 1160M, Actual Free: 3248M, Max CSet: 341M, Min Garbage: 0B
[537.004s][info][gc,ergo     ] GC(56) Collectable Garbage: 6472M (99%), Immediate: 2232M (34%), CSet: 4240M (65%)
[537.004s][info][gc,ergo     ] GC(56) Pacer for Evacuation. Used CSet: 4340M, Free: 2843M, Non-Taxable: 284M, Alloc Tax Rate: 3.7x
[537.004s][info][gc          ] GC(56) Pause Final Mark 0.315ms
[537.004s][info][gc,start    ] GC(56) Concurrent thread roots
[537.004s][info][gc,task     ] GC(56) Using 2 of 4 workers for Concurrent thread roots
[537.004s][info][gc          ] GC(56) Concurrent thread roots 0.765ms
[537.005s][info][gc,start    ] GC(56) Concurrent weak references
[537.005s][info][gc,task     ] GC(56) Using 2 of 4 workers for concurrent weak references
[537.005s][info][gc,ref      ] GC(56) Encountered references: Soft: 6544, Weak: 23408, Final: 34, Phantom: 778
[537.005s][info][gc,ref      ] GC(56) Discovered  references: Soft: 0, Weak: 10160, Final: 0, Phantom: 553
[537.005s][info][gc,ref      ] GC(56) Enqueued    references: Soft: 0, Weak: 1, Final: 0, Phantom: 0
[537.005s][info][gc          ] GC(56) Concurrent weak references 0.429ms
[537.005s][info][gc,start    ] GC(56) Concurrent weak roots
[537.005s][info][gc,task     ] GC(56) Using 2 of 4 workers for concurrent weak root
[537.006s][info][gc          ] GC(56) Concurrent weak roots 0.968ms
[537.006s][info][gc,start    ] GC(56) Concurrent cleanup
[537.006s][info][gc          ] GC(56) Concurrent cleanup 7176M->4944M(8192M) 0.039ms
[537.006s][info][gc,ergo     ] GC(56) Free: 2835M, Max: 4096K regular, 564M humongous, Frag: 81% external, 0% internal; Reserve: 411M, Max: 4096K
[537.006s][info][gc,start    ] GC(56) Concurrent strong roots
[537.006s][info][gc,task     ] GC(56) Using 2 of 4 workers for concurrent strong root
[537.011s][info][gc          ] GC(56) Concurrent strong roots 5.427ms
[537.011s][info][gc,start    ] GC(56) Concurrent evacuation
[537.011s][info][gc,task     ] GC(56) Using 2 of 4 workers for concurrent evacuation
[537.059s][info][gc          ] GC(56) Concurrent evacuation 47.748ms
[537.059s][info][gc,start    ] GC(56) Pause Init Update Refs
[537.059s][info][gc,ergo     ] GC(56) Pacer for Update Refs. Used: 5088M, Free: 2795M, Non-Taxable: 279M, Alloc Tax Rate: 2.2x
[537.059s][info][gc          ] GC(56) Pause Init Update Refs 0.046ms
[537.059s][info][gc,start    ] GC(56) Concurrent update references
[537.059s][info][gc,task     ] GC(56) Using 2 of 4 workers for concurrent reference update
[537.211s][info][gc          ] GC(56) Concurrent update references 151.703ms
[537.211s][info][gc,start    ] GC(56) Concurrent update thread roots
[537.213s][info][gc          ] GC(56) Concurrent update thread roots 1.414ms
[537.213s][info][gc,start    ] GC(56) Pause Final Update Refs
[537.213s][info][gc,task     ] GC(56) Using 4 of 4 workers for final reference update
[537.213s][info][gc          ] GC(56) Pause Final Update Refs 0.090ms
[537.213s][info][gc,start    ] GC(56) Concurrent cleanup
[537.213s][info][gc          ] GC(56) Concurrent cleanup 5160M->820M(8192M) 0.057ms
[537.213s][info][gc,ergo     ] Free: 6959M, Max: 4096K regular, 5388M humongous, Frag: 23% external, 0% internal; Reserve: 412M, Max: 4096K
[537.213s][info][gc,stats    ] 
[537.213s][info][gc,stats    ] All times are wall-clock times, except per-root-class counters, that are sum over
[537.213s][info][gc,stats    ] all workers. Dividing the <total> over the root stage time estimates parallelism.
[537.213s][info][gc,stats    ] 
[537.213s][info][gc,stats    ] Concurrent Reset                  16984 us
[537.213s][info][gc,stats    ] Pause Init Mark (G)                 212 us
[537.213s][info][gc,stats    ] Pause Init Mark (N)                 145 us
[537.213s][info][gc,stats    ]   Update Region States               53 us
[537.213s][info][gc,stats    ] Concurrent Mark Roots              7917 us, parallelism: 1.92x
[537.213s][info][gc,stats    ]   CMR: <total>                    15235 us
[537.213s][info][gc,stats    ]   CMR: Thread Roots                1396 us, workers (us): 710, 686, ---, ---, 
[537.213s][info][gc,stats    ]   CMR: Code Cache Roots           12882 us, workers (us): 5953, 6929, ---, ---, 
[537.213s][info][gc,stats    ]   CMR: VM Strong Roots               16 us, workers (us):  15,   0, ---, ---, 
[537.213s][info][gc,stats    ]   CMR: CLDG Roots                   941 us, workers (us): 941, ---, ---, ---, 
[537.213s][info][gc,stats    ] Concurrent Marking               225872 us
[537.213s][info][gc,stats    ] Pause Final Mark (G)                344 us
[537.213s][info][gc,stats    ] Pause Final Mark (N)                326 us
[537.213s][info][gc,stats    ]   Finish Mark                        67 us
[537.213s][info][gc,stats    ]   Update Region States               42 us
[537.213s][info][gc,stats    ]   Choose Collection Set             140 us
[537.213s][info][gc,stats    ]   Rebuild Free Set                   10 us
[537.213s][info][gc,stats    ] Concurrent Thread Roots             787 us, parallelism: 1.70x
[537.213s][info][gc,stats    ]   CTR: <total>                     1337 us
[537.213s][info][gc,stats    ]   CTR: Thread Roots                1337 us, workers (us): 695, 642, ---, ---, 
[537.213s][info][gc,stats    ] Concurrent Weak References          439 us, parallelism: 1.02x
[537.213s][info][gc,stats    ]   CWRF: <total>                     449 us
[537.213s][info][gc,stats    ]   CWRF: Weak References             449 us, workers (us): 124, 325, ---, ---, 
[537.213s][info][gc,stats    ] Concurrent Weak Roots               989 us
[537.213s][info][gc,stats    ]   Roots                             849 us, parallelism: 1.73x
[537.213s][info][gc,stats    ]     CWR: <total>                   1469 us
[537.213s][info][gc,stats    ]     CWR: VM Weak Roots             1469 us, workers (us): 735, 734, ---, ---, 
[537.213s][info][gc,stats    ]   Rendezvous                         59 us
[537.213s][info][gc,stats    ] Concurrent Cleanup                   52 us
[537.213s][info][gc,stats    ] Concurrent Strong Roots            5453 us, parallelism: 1.96x
[537.213s][info][gc,stats    ]   CSR: <total>                    10665 us
[537.213s][info][gc,stats    ]   CSR: Code Cache Roots           10441 us, workers (us): 5296, 5146, ---, ---, 
[537.213s][info][gc,stats    ]   CSR: VM Strong Roots                8 us, workers (us):   4,   4, ---, ---, 
[537.213s][info][gc,stats    ]   CSR: CLDG Roots                   216 us, workers (us): ---, 216, ---, ---, 
[537.213s][info][gc,stats    ] Concurrent Evacuation             47793 us
[537.213s][info][gc,stats    ] Pause Init Update Refs (G)          115 us
[537.213s][info][gc,stats    ] Pause Init Update Refs (N)           57 us
[537.213s][info][gc,stats    ]   Manage GCLABs                       5 us
[537.213s][info][gc,stats    ] Concurrent Update Refs           151743 us
[537.213s][info][gc,stats    ] Concurrent Update Thread Roots     1429 us
[537.213s][info][gc,stats    ] Pause Final Update Refs (G)         144 us
[537.213s][info][gc,stats    ] Pause Final Update Refs (N)         104 us
[537.213s][info][gc,stats    ]   Update Region States               26 us
[537.213s][info][gc,stats    ]   Trash Collection Set               13 us
[537.213s][info][gc,stats    ]   Rebuild Free Set                   12 us
[537.213s][info][gc,stats    ] Concurrent Cleanup                   70 us
[537.213s][info][gc,stats    ] 
[537.213s][info][gc,stats    ] Allocation pacing accrued:
[537.213s][info][gc,stats    ]       0 of  8689 ms (  0.0%): <total>
[537.213s][info][gc,stats    ]       0 of  8689 ms (  0.0%): <average total>
[537.213s][info][gc,stats    ] 
[537.213s][info][gc,metaspace] Metaspace: 135476K(136960K)->135476K(136960K) NonClass: 114467K(115328K)->114467K(115328K) Class: 21008K(21632K)->21008K(21632K)
[537.213s][info][gc,ergo     ] Pacer for Idle. Initial: 163M, Alloc Tax Rate: 1.0x
[548.109s][info][gc          ] Trigger: Free (815M) is below minimum threshold (819M)
[548.109s][info][gc,ergo     ] Free: 815M, Max: 4096K regular, 544M humongous, Frag: 33% external, 0% internal; Reserve: 412M, Max: 4096K
[548.109s][info][gc,start    ] GC(57) Concurrent reset
[548.109s][info][gc,task     ] GC(57) Using 2 of 4 workers for concurrent reset
[548.109s][info][gc,ergo     ] GC(57) Pacer for Reset. Non-Taxable: 8192M
[548.121s][info][gc          ] GC(57) Concurrent reset 11.468ms
[548.121s][info][gc,start    ] GC(57) Pause Init Mark
[548.121s][info][gc,task     ] GC(57) Using 4 of 4 workers for init marking
[548.121s][info][gc,ergo     ] GC(57) Pacer for Mark. Expected Live: 442M, Free: 807M, Non-Taxable: 82669K, Alloc Tax Rate: 0.7x
[548.121s][info][gc          ] GC(57) Pause Init Mark 0.093ms
[548.121s][info][gc,start    ] GC(57) Concurrent marking roots
[548.121s][info][gc,task     ] GC(57) Using 2 of 4 workers for concurrent marking roots
[548.129s][info][gc          ] GC(57) Concurrent marking roots 7.823ms
[548.129s][info][gc,start    ] GC(57) Concurrent marking
[548.129s][info][gc,task     ] GC(57) Using 2 of 4 workers for concurrent marking
[548.350s][info][gc          ] GC(57) Concurrent marking 220.828ms
[548.350s][info][gc,start    ] GC(57) Pause Final Mark
[548.350s][info][gc,task     ] GC(57) Using 4 of 4 workers for final marking
[548.350s][info][gc,ergo     ] GC(57) Adaptive CSet Selection. Target Free: 1160M, Actual Free: 2464M, Max CSet: 341M, Min Garbage: 0B
[548.350s][info][gc,ergo     ] GC(57) Collectable Garbage: 6497M (99%), Immediate: 1444M (22%), CSet: 5053M (77%)
[548.350s][info][gc,ergo     ] GC(57) Pacer for Evacuation. Used CSet: 5136M, Free: 2059M, Non-Taxable: 205M, Alloc Tax Rate: 6.1x
[548.350s][info][gc          ] GC(57) Pause Final Mark 0.693ms
[548.350s][info][gc,start    ] GC(57) Concurrent thread roots
[548.350s][info][gc,task     ] GC(57) Using 2 of 4 workers for Concurrent thread roots
[548.351s][info][gc          ] GC(57) Concurrent thread roots 0.979ms
[548.351s][info][gc,start    ] GC(57) Concurrent weak references
[548.351s][info][gc,task     ] GC(57) Using 2 of 4 workers for concurrent weak references
[548.352s][info][gc,ref      ] GC(57) Encountered references: Soft: 6544, Weak: 23414, Final: 34, Phantom: 784
[548.352s][info][gc,ref      ] GC(57) Discovered  references: Soft: 0, Weak: 2349, Final: 33, Phantom: 617
[548.352s][info][gc,ref      ] GC(57) Enqueued    references: Soft: 0, Weak: 5, Final: 0, Phantom: 0
[548.352s][info][gc          ] GC(57) Concurrent weak references 0.176ms
[548.352s][info][gc,start    ] GC(57) Concurrent weak roots
[548.352s][info][gc,task     ] GC(57) Using 2 of 4 workers for concurrent weak root
[548.353s][info][gc          ] GC(57) Concurrent weak roots 0.958ms
[548.353s][info][gc,start    ] GC(57) Concurrent cleanup
[548.353s][info][gc          ] GC(57) Concurrent cleanup 7173M->5729M(8192M) 0.032ms
[548.353s][info][gc,ergo     ] GC(57) Free: 2050M, Max: 4096K regular, 544M humongous, Frag: 74% external, 0% internal; Reserve: 411M, Max: 4096K
[548.353s][info][gc,start    ] GC(57) Concurrent strong roots
[548.353s][info][gc,task     ] GC(57) Using 2 of 4 workers for concurrent strong root
[548.359s][info][gc          ] GC(57) Concurrent strong roots 6.055ms
[548.359s][info][gc,start    ] GC(57) Concurrent evacuation
[548.359s][info][gc,task     ] GC(57) Using 2 of 4 workers for concurrent evacuation
[548.404s][info][gc          ] GC(57) Concurrent evacuation 45.083ms
[548.404s][info][gc,start    ] GC(57) Pause Init Update Refs
[548.404s][info][gc,ergo     ] GC(57) Pacer for Update Refs. Used: 5837M, Free: 2030M, Non-Taxable: 203M, Alloc Tax Rate: 3.5x
[548.404s][info][gc          ] GC(57) Pause Init Update Refs 0.043ms
[548.404s][info][gc,start    ] GC(57) Concurrent update references
[548.404s][info][gc,task     ] GC(57) Using 2 of 4 workers for concurrent reference update
[548.546s][info][gc          ] GC(57) Concurrent update references 141.943ms
[548.546s][info][gc,start    ] GC(57) Concurrent update thread roots
[548.548s][info][gc          ] GC(57) Concurrent update thread roots 1.649ms
[548.548s][info][gc,start    ] GC(57) Pause Final Update Refs
[548.548s][info][gc,task     ] GC(57) Using 4 of 4 workers for final reference update
[548.548s][info][gc          ] GC(57) Pause Final Update Refs 0.106ms
[548.548s][info][gc,start    ] GC(57) Concurrent cleanup
[548.548s][info][gc          ] GC(57) Concurrent cleanup 5921M->785M(8192M) 0.072ms
[548.548s][info][gc,ergo     ] Free: 6994M, Max: 4096K regular, 5172M humongous, Frag: 26% external, 0% internal; Reserve: 412M, Max: 4096K
[548.548s][info][gc,stats    ] 
[548.548s][info][gc,stats    ] All times are wall-clock times, except per-root-class counters, that are sum over
[548.548s][info][gc,stats    ] all workers. Dividing the <total> over the root stage time estimates parallelism.
[548.548s][info][gc,stats    ] 
[548.548s][info][gc,stats    ] Concurrent Reset                  11533 us
[548.548s][info][gc,stats    ] Pause Init Mark (G)                 175 us
[548.548s][info][gc,stats    ] Pause Init Mark (N)                 106 us
[548.548s][info][gc,stats    ]   Update Region States               15 us
[548.548s][info][gc,stats    ] Concurrent Mark Roots              7847 us, parallelism: 1.95x
[548.548s][info][gc,stats    ]   CMR: <total>                    15312 us
[548.548s][info][gc,stats    ]   CMR: Thread Roots                1429 us, workers (us): 677, 753, ---, ---, 
[548.548s][info][gc,stats    ]   CMR: Code Cache Roots           13139 us, workers (us): 6244, 6895, ---, ---, 
[548.548s][info][gc,stats    ]   CMR: VM Strong Roots               14 us, workers (us):  14,   0, ---, ---, 
[548.548s][info][gc,stats    ]   CMR: CLDG Roots                   729 us, workers (us): 729, ---, ---, ---, 
[548.548s][info][gc,stats    ] Concurrent Marking               220874 us
[548.548s][info][gc,stats    ] Pause Final Mark (G)                757 us
[548.548s][info][gc,stats    ] Pause Final Mark (N)                704 us
[548.548s][info][gc,stats    ]   Finish Mark                       413 us
[548.548s][info][gc,stats    ]   Update Region States               51 us
[548.548s][info][gc,stats    ]   Choose Collection Set             159 us
[548.548s][info][gc,stats    ]   Rebuild Free Set                   11 us
[548.548s][info][gc,stats    ] Concurrent Thread Roots            1000 us, parallelism: 1.86x
[548.548s][info][gc,stats    ]   CTR: <total>                     1858 us
[548.548s][info][gc,stats    ]   CTR: Thread Roots                1858 us, workers (us): 923, 935, ---, ---, 
[548.548s][info][gc,stats    ] Concurrent Weak References          187 us, parallelism: 0.85x
[548.548s][info][gc,stats    ]   CWRF: <total>                     160 us
[548.548s][info][gc,stats    ]   CWRF: Weak References             160 us, workers (us): 112,  48, ---, ---, 
[548.548s][info][gc,stats    ] Concurrent Weak Roots               972 us
[548.548s][info][gc,stats    ]   Roots                             848 us, parallelism: 1.79x
[548.548s][info][gc,stats    ]     CWR: <total>                   1519 us
[548.548s][info][gc,stats    ]     CWR: VM Weak Roots             1519 us, workers (us): 761, 759, ---, ---, 
[548.548s][info][gc,stats    ]   Rendezvous                         88 us
[548.548s][info][gc,stats    ] Concurrent Cleanup                   44 us
[548.548s][info][gc,stats    ] Concurrent Strong Roots            6092 us, parallelism: 1.95x
[548.548s][info][gc,stats    ]   CSR: <total>                    11874 us
[548.548s][info][gc,stats    ]   CSR: Code Cache Roots           11574 us, workers (us): 5665, 5909, ---, ---, 
[548.548s][info][gc,stats    ]   CSR: VM Strong Roots                9 us, workers (us):   5,   4, ---, ---, 
[548.548s][info][gc,stats    ]   CSR: CLDG Roots                   292 us, workers (us): 292, ---, ---, ---, 
[548.548s][info][gc,stats    ] Concurrent Evacuation             45133 us
[548.548s][info][gc,stats    ] Pause Init Update Refs (G)          155 us
[548.548s][info][gc,stats    ] Pause Init Update Refs (N)           54 us
[548.548s][info][gc,stats    ]   Manage GCLABs                       6 us
[548.548s][info][gc,stats    ] Concurrent Update Refs           141988 us
[548.548s][info][gc,stats    ] Concurrent Update Thread Roots     1676 us
[548.548s][info][gc,stats    ] Pause Final Update Refs (G)         143 us
[548.548s][info][gc,stats    ] Pause Final Update Refs (N)         120 us
[548.548s][info][gc,stats    ]   Update Region States               38 us
[548.548s][info][gc,stats    ]   Trash Collection Set               16 us
[548.549s][info][gc,stats    ]   Rebuild Free Set                   12 us
[548.549s][info][gc,stats    ] Concurrent Cleanup                   87 us
[548.549s][info][gc,stats    ] 
[548.549s][info][gc,stats    ] Allocation pacing accrued:
[548.549s][info][gc,stats    ]       0 of 11335 ms (  0.0%): <total>
[548.549s][info][gc,stats    ]       0 of 11335 ms (  0.0%): <average total>
[548.549s][info][gc,stats    ] 
[548.549s][info][gc,metaspace] Metaspace: 135495K(136960K)->135496K(136960K) NonClass: 114486K(115328K)->114488K(115328K) Class: 21008K(21632K)->21008K(21632K)
[548.549s][info][gc,ergo     ] Pacer for Idle. Initial: 163M, Alloc Tax Rate: 1.0x
[557.075s][info][gc          ] Trigger: Free (815M) is below minimum threshold (819M)
[557.075s][info][gc,ergo     ] Free: 815M, Max: 4096K regular, 560M humongous, Frag: 31% external, 0% internal; Reserve: 412M, Max: 4096K
[557.075s][info][gc,start    ] GC(58) Concurrent reset
[557.075s][info][gc,task     ] GC(58) Using 2 of 4 workers for concurrent reset
[557.075s][info][gc,ergo     ] GC(58) Pacer for Reset. Non-Taxable: 8192M
[557.089s][info][gc          ] GC(58) Concurrent reset 13.817ms
[557.089s][info][gc,start    ] GC(58) Pause Init Mark
[557.089s][info][gc,task     ] GC(58) Using 4 of 4 workers for init marking
[557.089s][info][gc,ergo     ] GC(58) Pacer for Mark. Expected Live: 442M, Free: 815M, Non-Taxable: 83488K, Alloc Tax Rate: 0.7x
[557.089s][info][gc          ] GC(58) Pause Init Mark 0.100ms
[557.089s][info][gc,start    ] GC(58) Concurrent marking roots
[557.089s][info][gc,task     ] GC(58) Using 2 of 4 workers for concurrent marking roots
[557.098s][info][gc          ] GC(58) Concurrent marking roots 9.464ms
[557.098s][info][gc,start    ] GC(58) Concurrent marking
[557.098s][info][gc,task     ] GC(58) Using 2 of 4 workers for concurrent marking
[557.322s][info][gc          ] GC(58) Concurrent marking 223.287ms
[557.322s][info][gc,start    ] GC(58) Pause Final Mark
[557.322s][info][gc,task     ] GC(58) Using 4 of 4 workers for final marking
[557.322s][info][gc,ergo     ] GC(58) Adaptive CSet Selection. Target Free: 1160M, Actual Free: 3164M, Max CSet: 341M, Min Garbage: 0B
[557.322s][info][gc,ergo     ] GC(58) Collectable Garbage: 6471M (99%), Immediate: 2116M (32%), CSet: 4355M (66%)
[557.322s][info][gc,ergo     ] GC(58) Pacer for Evacuation. Used CSet: 4456M, Free: 2761M, Non-Taxable: 276M, Alloc Tax Rate: 3.9x
[557.322s][info][gc          ] GC(58) Pause Final Mark 0.322ms
[557.322s][info][gc,start    ] GC(58) Concurrent thread roots
[557.322s][info][gc,task     ] GC(58) Using 2 of 4 workers for Concurrent thread roots
[557.323s][info][gc          ] GC(58) Concurrent thread roots 0.826ms
[557.323s][info][gc,start    ] GC(58) Concurrent weak references
[557.323s][info][gc,task     ] GC(58) Using 2 of 4 workers for concurrent weak references
[557.323s][info][gc,ref      ] GC(58) Encountered references: Soft: 6545, Weak: 23413, Final: 34, Phantom: 789
[557.323s][info][gc,ref      ] GC(58) Discovered  references: Soft: 0, Weak: 859, Final: 0, Phantom: 618
[557.323s][info][gc,ref      ] GC(58) Enqueued    references: Soft: 0, Weak: 3, Final: 0, Phantom: 2
[557.323s][info][gc          ] GC(58) Concurrent weak references 0.168ms
[557.323s][info][gc,start    ] GC(58) Concurrent weak roots
[557.323s][info][gc,task     ] GC(58) Using 2 of 4 workers for concurrent weak root
[557.324s][info][gc          ] GC(58) Concurrent weak roots 0.917ms
[557.324s][info][gc,start    ] GC(58) Concurrent cleanup
[557.324s][info][gc          ] GC(58) Concurrent cleanup 7140M->5024M(8192M) 0.036ms
[557.324s][info][gc,ergo     ] GC(58) Free: 2755M, Max: 4096K regular, 560M humongous, Frag: 80% external, 0% internal; Reserve: 411M, Max: 4096K
[557.324s][info][gc,start    ] GC(58) Concurrent strong roots
[557.324s][info][gc,task     ] GC(58) Using 2 of 4 workers for concurrent strong root
[557.329s][info][gc          ] GC(58) Concurrent strong roots 5.196ms
[557.329s][info][gc,start    ] GC(58) Concurrent evacuation
[557.329s][info][gc,task     ] GC(58) Using 2 of 4 workers for concurrent evacuation
[557.374s][info][gc          ] GC(58) Concurrent evacuation 45.192ms
[557.374s][info][gc,start    ] GC(58) Pause Init Update Refs
[557.374s][info][gc,ergo     ] GC(58) Pacer for Update Refs. Used: 5148M, Free: 2735M, Non-Taxable: 273M, Alloc Tax Rate: 2.3x
[557.374s][info][gc          ] GC(58) Pause Init Update Refs 0.043ms
[557.375s][info][gc,start    ] GC(58) Concurrent update references
[557.375s][info][gc,task     ] GC(58) Using 2 of 4 workers for concurrent reference update
[557.519s][info][gc          ] GC(58) Concurrent update references 144.352ms
[557.519s][info][gc,start    ] GC(58) Concurrent update thread roots
[557.520s][info][gc          ] GC(58) Concurrent update thread roots 1.278ms
[557.520s][info][gc,start    ] GC(58) Pause Final Update Refs
[557.520s][info][gc,task     ] GC(58) Using 4 of 4 workers for final reference update
[557.520s][info][gc          ] GC(58) Pause Final Update Refs 0.091ms
[557.520s][info][gc,start    ] GC(58) Concurrent cleanup
[557.520s][info][gc          ] GC(58) Concurrent cleanup 5276M->820M(8192M) 0.062ms
[557.520s][info][gc,ergo     ] Free: 6959M, Max: 4096K regular, 5392M humongous, Frag: 23% external, 0% internal; Reserve: 412M, Max: 4096K
[557.520s][info][gc,stats    ] 
[557.521s][info][gc,stats    ] All times are wall-clock times, except per-root-class counters, that are sum over
[557.521s][info][gc,stats    ] all workers. Dividing the <total> over the root stage time estimates parallelism.
[557.521s][info][gc,stats    ] 
[557.521s][info][gc,stats    ] Concurrent Reset                  13943 us
[557.521s][info][gc,stats    ] Pause Init Mark (G)                 149 us
[557.521s][info][gc,stats    ] Pause Init Mark (N)                 112 us
[557.521s][info][gc,stats    ]   Update Region States               23 us
[557.521s][info][gc,stats    ] Concurrent Mark Roots              9522 us, parallelism: 1.95x
[557.521s][info][gc,stats    ]   CMR: <total>                    18597 us
[557.521s][info][gc,stats    ]   CMR: Thread Roots                1410 us, workers (us): 701, 708, ---, ---, 
[557.521s][info][gc,stats    ]   CMR: Code Cache Roots           15907 us, workers (us): 8598, 7309, ---, ---, 
[557.521s][info][gc,stats    ]   CMR: VM Strong Roots               15 us, workers (us):   8,   7, ---, ---, 
[557.521s][info][gc,stats    ]   CMR: CLDG Roots                  1266 us, workers (us): ---, 1266, ---, ---, 
[557.521s][info][gc,stats    ] Concurrent Marking               223320 us
[557.521s][info][gc,stats    ] Pause Final Mark (G)                348 us
[557.521s][info][gc,stats    ] Pause Final Mark (N)                333 us
[557.521s][info][gc,stats    ]   Finish Mark                        75 us
[557.521s][info][gc,stats    ]   Update Region States               51 us
[557.521s][info][gc,stats    ]   Choose Collection Set             129 us
[557.521s][info][gc,stats    ]   Rebuild Free Set                   11 us
[557.521s][info][gc,stats    ] Concurrent Thread Roots             844 us, parallelism: 1.82x
[557.521s][info][gc,stats    ]   CTR: <total>                     1535 us
[557.521s][info][gc,stats    ]   CTR: Thread Roots                1535 us, workers (us): 791, 744, ---, ---, 
[557.521s][info][gc,stats    ] Concurrent Weak References          178 us, parallelism: 0.53x
[557.521s][info][gc,stats    ]   CWRF: <total>                      94 us
[557.521s][info][gc,stats    ]   CWRF: Weak References              94 us, workers (us):  75,  19, ---, ---, 
[557.521s][info][gc,stats    ] Concurrent Weak Roots               930 us
[557.521s][info][gc,stats    ]   Roots                             875 us, parallelism: 1.78x
[557.521s][info][gc,stats    ]     CWR: <total>                   1557 us
[557.521s][info][gc,stats    ]     CWR: VM Weak Roots             1557 us, workers (us): 794, 763, ---, ---, 
[557.521s][info][gc,stats    ]   Rendezvous                         21 us
[557.521s][info][gc,stats    ] Concurrent Cleanup                   48 us
[557.521s][info][gc,stats    ] Concurrent Strong Roots            5213 us, parallelism: 1.96x
[557.521s][info][gc,stats    ]   CSR: <total>                    10228 us
[557.521s][info][gc,stats    ]   CSR: Code Cache Roots            9991 us, workers (us): 4882, 5109, ---, ---, 
[557.521s][info][gc,stats    ]   CSR: VM Strong Roots                8 us, workers (us):   4,   4, ---, ---, 
[557.521s][info][gc,stats    ]   CSR: CLDG Roots                   230 us, workers (us): 230, ---, ---, ---, 
[557.521s][info][gc,stats    ] Concurrent Evacuation             45231 us
[557.521s][info][gc,stats    ] Pause Init Update Refs (G)          124 us
[557.521s][info][gc,stats    ] Pause Init Update Refs (N)           54 us
[557.521s][info][gc,stats    ]   Manage GCLABs                       5 us
[557.521s][info][gc,stats    ] Concurrent Update Refs           144385 us
[557.521s][info][gc,stats    ] Concurrent Update Thread Roots     1302 us
[557.521s][info][gc,stats    ] Pause Final Update Refs (G)         145 us
[557.521s][info][gc,stats    ] Pause Final Update Refs (N)         114 us
[557.521s][info][gc,stats    ]   Update Region States               27 us
[557.521s][info][gc,stats    ]   Trash Collection Set               14 us
[557.521s][info][gc,stats    ]   Rebuild Free Set                   11 us
[557.521s][info][gc,stats    ] Concurrent Cleanup                   75 us
[557.521s][info][gc,stats    ] 
[557.521s][info][gc,stats    ] Allocation pacing accrued:
[557.521s][info][gc,stats    ]       0 of  8972 ms (  0.0%): <total>
[557.521s][info][gc,stats    ]       0 of  8972 ms (  0.0%): <average total>
[557.521s][info][gc,stats    ] 
[557.521s][info][gc,metaspace] Metaspace: 135516K(136960K)->135524K(136960K) NonClass: 114506K(115328K)->114514K(115328K) Class: 21009K(21632K)->21009K(21632K)
[557.521s][info][gc,ergo     ] Pacer for Idle. Initial: 163M, Alloc Tax Rate: 1.0x
[568.625s][info][gc          ] Trigger: Free (815M) is below minimum threshold (819M)
[568.625s][info][gc,ergo     ] Free: 815M, Max: 4096K regular, 544M humongous, Frag: 33% external, 0% internal; Reserve: 412M, Max: 4096K
[568.625s][info][gc,start    ] GC(59) Concurrent reset
[568.625s][info][gc,task     ] GC(59) Using 2 of 4 workers for concurrent reset
[568.625s][info][gc,ergo     ] GC(59) Pacer for Reset. Non-Taxable: 8192M
[568.643s][info][gc          ] GC(59) Concurrent reset 17.668ms
[568.643s][info][gc,start    ] GC(59) Pause Init Mark
[568.643s][info][gc,task     ] GC(59) Using 4 of 4 workers for init marking
[568.643s][info][gc,ergo     ] GC(59) Pacer for Mark. Expected Live: 448M, Free: 811M, Non-Taxable: 83076K, Alloc Tax Rate: 0.7x
[568.643s][info][gc          ] GC(59) Pause Init Mark 0.121ms
[568.643s][info][gc,start    ] GC(59) Concurrent marking roots
[568.643s][info][gc,task     ] GC(59) Using 2 of 4 workers for concurrent marking roots
[568.653s][info][gc          ] GC(59) Concurrent marking roots 9.313ms
[568.653s][info][gc,start    ] GC(59) Concurrent marking
[568.653s][info][gc,task     ] GC(59) Using 2 of 4 workers for concurrent marking
[568.869s][info][gc          ] GC(59) Concurrent marking 216.447ms
[568.869s][info][gc,start    ] GC(59) Pause Final Mark
[568.869s][info][gc,task     ] GC(59) Using 4 of 4 workers for final marking
[568.869s][info][gc,ergo     ] GC(59) Adaptive CSet Selection. Target Free: 1160M, Actual Free: 2868M, Max CSet: 341M, Min Garbage: 0B
[568.869s][info][gc,ergo     ] GC(59) Collectable Garbage: 6495M (99%), Immediate: 1824M (27%), CSet: 4671M (71%)
[568.869s][info][gc,ergo     ] GC(59) Pacer for Evacuation. Used CSet: 4752M, Free: 2463M, Non-Taxable: 246M, Alloc Tax Rate: 4.7x
[568.869s][info][gc          ] GC(59) Pause Final Mark 0.302ms
[568.869s][info][gc,start    ] GC(59) Concurrent thread roots
[568.869s][info][gc,task     ] GC(59) Using 2 of 4 workers for Concurrent thread roots
[568.870s][info][gc          ] GC(59) Concurrent thread roots 0.867ms
[568.870s][info][gc,start    ] GC(59) Concurrent weak references
[568.870s][info][gc,task     ] GC(59) Using 2 of 4 workers for concurrent weak references
[568.870s][info][gc,ref      ] GC(59) Encountered references: Soft: 6545, Weak: 23413, Final: 34, Phantom: 790
[568.870s][info][gc,ref      ] GC(59) Discovered  references: Soft: 0, Weak: 2644, Final: 1, Phantom: 621
[568.870s][info][gc,ref      ] GC(59) Enqueued    references: Soft: 0, Weak: 2, Final: 0, Phantom: 0
[568.870s][info][gc          ] GC(59) Concurrent weak references 0.159ms
[568.870s][info][gc,start    ] GC(59) Concurrent weak roots
[568.871s][info][gc,task     ] GC(59) Using 2 of 4 workers for concurrent weak root
[568.871s][info][gc          ] GC(59) Concurrent weak roots 0.984ms
[568.871s][info][gc,start    ] GC(59) Concurrent cleanup
[568.872s][info][gc          ] GC(59) Concurrent cleanup 7149M->5325M(8192M) 0.033ms
[568.872s][info][gc,ergo     ] GC(59) Free: 2454M, Max: 4096K regular, 544M humongous, Frag: 78% external, 0% internal; Reserve: 411M, Max: 4096K
[568.872s][info][gc,start    ] GC(59) Concurrent strong roots
[568.872s][info][gc,task     ] GC(59) Using 2 of 4 workers for concurrent strong root
[568.878s][info][gc          ] GC(59) Concurrent strong roots 6.290ms
[568.878s][info][gc,start    ] GC(59) Concurrent evacuation
[568.878s][info][gc,task     ] GC(59) Using 2 of 4 workers for concurrent evacuation
[568.926s][info][gc          ] GC(59) Concurrent evacuation 47.676ms
[568.926s][info][gc,start    ] GC(59) Pause Init Update Refs
[568.926s][info][gc,ergo     ] GC(59) Pacer for Update Refs. Used: 5465M, Free: 2402M, Non-Taxable: 240M, Alloc Tax Rate: 2.8x
[568.926s][info][gc          ] GC(59) Pause Init Update Refs 0.045ms
[568.926s][info][gc,start    ] GC(59) Concurrent update references
[568.926s][info][gc,task     ] GC(59) Using 2 of 4 workers for concurrent reference update
[569.062s][info][gc          ] GC(59) Concurrent update references 136.453ms
[569.062s][info][gc,start    ] GC(59) Concurrent update thread roots
[569.064s][info][gc          ] GC(59) Concurrent update thread roots 1.431ms
[569.064s][info][gc,start    ] GC(59) Pause Final Update Refs
[569.064s][info][gc,task     ] GC(59) Using 4 of 4 workers for final reference update
[569.064s][info][gc          ] GC(59) Pause Final Update Refs 0.096ms
[569.064s][info][gc,start    ] GC(59) Concurrent cleanup
[569.064s][info][gc          ] GC(59) Concurrent cleanup 5525M->773M(8192M) 0.070ms
[569.064s][info][gc,ergo     ] Free: 7006M, Max: 4096K regular, 5204M humongous, Frag: 26% external, 0% internal; Reserve: 412M, Max: 4096K
[569.064s][info][gc,stats    ] 
[569.064s][info][gc,stats    ] All times are wall-clock times, except per-root-class counters, that are sum over
[569.064s][info][gc,stats    ] all workers. Dividing the <total> over the root stage time estimates parallelism.
[569.064s][info][gc,stats    ] 
[569.064s][info][gc,stats    ] Concurrent Reset                  17756 us
[569.064s][info][gc,stats    ] Pause Init Mark (G)                 228 us
[569.064s][info][gc,stats    ] Pause Init Mark (N)                 134 us
[569.064s][info][gc,stats    ]   Update Region States               39 us
[569.064s][info][gc,stats    ] Concurrent Mark Roots              9362 us, parallelism: 1.94x
[569.064s][info][gc,stats    ]   CMR: <total>                    18141 us
[569.064s][info][gc,stats    ]   CMR: Thread Roots                1406 us, workers (us): 727, 679, ---, ---, 
[569.064s][info][gc,stats    ]   CMR: Code Cache Roots           15996 us, workers (us): 7622, 8374, ---, ---, 
[569.064s][info][gc,stats    ]   CMR: VM Strong Roots               14 us, workers (us):  14,   0, ---, ---, 
[569.064s][info][gc,stats    ]   CMR: CLDG Roots                   725 us, workers (us): 725, ---, ---, ---, 
[569.064s][info][gc,stats    ] Concurrent Marking               216496 us
[569.064s][info][gc,stats    ] Pause Final Mark (G)                363 us
[569.064s][info][gc,stats    ] Pause Final Mark (N)                313 us
[569.064s][info][gc,stats    ]   Finish Mark                        67 us
[569.064s][info][gc,stats    ]   Update Region States               37 us
[569.064s][info][gc,stats    ]   Choose Collection Set             133 us
[569.064s][info][gc,stats    ]   Rebuild Free Set                   10 us
[569.064s][info][gc,stats    ] Concurrent Thread Roots             887 us, parallelism: 1.78x
[569.064s][info][gc,stats    ]   CTR: <total>                     1574 us
[569.064s][info][gc,stats    ]   CTR: Thread Roots                1574 us, workers (us): 788, 786, ---, ---, 
[569.064s][info][gc,stats    ] Concurrent Weak References          169 us, parallelism: 0.96x
[569.064s][info][gc,stats    ]   CWRF: <total>                     162 us
[569.064s][info][gc,stats    ]   CWRF: Weak References             162 us, workers (us):  97,  65, ---, ---, 
[569.064s][info][gc,stats    ] Concurrent Weak Roots               999 us
[569.064s][info][gc,stats    ]   Roots                             939 us, parallelism: 1.74x
[569.064s][info][gc,stats    ]     CWR: <total>                   1637 us
[569.064s][info][gc,stats    ]     CWR: VM Weak Roots             1637 us, workers (us): 825, 811, ---, ---, 
[569.064s][info][gc,stats    ]   Rendezvous                         25 us
[569.064s][info][gc,stats    ] Concurrent Cleanup                   45 us
[569.064s][info][gc,stats    ] Concurrent Strong Roots            6323 us, parallelism: 1.95x
[569.064s][info][gc,stats    ]   CSR: <total>                    12340 us
[569.064s][info][gc,stats    ]   CSR: Code Cache Roots           12090 us, workers (us): 5954, 6136, ---, ---, 
[569.064s][info][gc,stats    ]   CSR: VM Strong Roots                9 us, workers (us):   9,   0, ---, ---, 
[569.064s][info][gc,stats    ]   CSR: CLDG Roots                   241 us, workers (us): 241, ---, ---, ---, 
[569.064s][info][gc,stats    ] Concurrent Evacuation             47724 us
[569.064s][info][gc,stats    ] Pause Init Update Refs (G)           79 us
[569.064s][info][gc,stats    ] Pause Init Update Refs (N)           56 us
[569.064s][info][gc,stats    ]   Manage GCLABs                       5 us
[569.064s][info][gc,stats    ] Concurrent Update Refs           136494 us
[569.064s][info][gc,stats    ] Concurrent Update Thread Roots     1454 us
[569.064s][info][gc,stats    ] Pause Final Update Refs (G)         219 us
[569.064s][info][gc,stats    ] Pause Final Update Refs (N)         118 us
[569.064s][info][gc,stats    ]   Update Region States               38 us
[569.064s][info][gc,stats    ]   Trash Collection Set               11 us
[569.064s][info][gc,stats    ]   Rebuild Free Set                   11 us
[569.064s][info][gc,stats    ] Concurrent Cleanup                   84 us
[569.064s][info][gc,stats    ] 
[569.064s][info][gc,stats    ] Allocation pacing accrued:
[569.065s][info][gc,stats    ]       0 of 11544 ms (  0.0%): <total>
[569.065s][info][gc,stats    ]       0 of 11544 ms (  0.0%): <average total>
[569.065s][info][gc,stats    ] 
[569.065s][info][gc,metaspace] Metaspace: 135561K(137024K)->135561K(137024K) NonClass: 114551K(115392K)->114551K(115392K) Class: 21009K(21632K)->21009K(21632K)
[569.065s][info][gc,ergo     ] Pacer for Idle. Initial: 163M, Alloc Tax Rate: 1.0x
[577.815s][info][gc          ] Trigger: Average GC time (456.66 ms) is above the time for average allocation rate (1303 MB/s) to deplete free headroom (549M) (margin of error = 1.85)
[577.815s][info][gc,ergo     ] Free headroom: 958M (free) - 409M (spike) - 0B (penalties) = 549M
[577.815s][info][gc,ergo     ] Free: 958M, Max: 4096K regular, 560M humongous, Frag: 41% external, 0% internal; Reserve: 412M, Max: 4096K
[577.815s][info][gc,start    ] GC(60) Concurrent reset
[577.815s][info][gc,task     ] GC(60) Using 2 of 4 workers for concurrent reset
[577.815s][info][gc,ergo     ] GC(60) Pacer for Reset. Non-Taxable: 8192M
[577.830s][info][gc          ] GC(60) Concurrent reset 15.392ms
[577.830s][info][gc,start    ] GC(60) Pause Init Mark
[577.830s][info][gc,task     ] GC(60) Using 4 of 4 workers for init marking
[577.830s][info][gc,ergo     ] GC(60) Pacer for Mark. Expected Live: 451M, Free: 946M, Non-Taxable: 96909K, Alloc Tax Rate: 0.6x
[577.831s][info][gc          ] GC(60) Pause Init Mark 0.123ms
[577.831s][info][gc,start    ] GC(60) Concurrent marking roots
[577.831s][info][gc,task     ] GC(60) Using 2 of 4 workers for concurrent marking roots
[577.838s][info][gc          ] GC(60) Concurrent marking roots 7.904ms
[577.838s][info][gc,start    ] GC(60) Concurrent marking
[577.838s][info][gc,task     ] GC(60) Using 2 of 4 workers for concurrent marking
[578.065s][info][gc          ] GC(60) Concurrent marking 226.678ms
[578.065s][info][gc,start    ] GC(60) Pause Final Mark
[578.065s][info][gc,task     ] GC(60) Using 4 of 4 workers for final marking
[578.065s][info][gc,ergo     ] GC(60) Adaptive CSet Selection. Target Free: 1160M, Actual Free: 2540M, Max CSet: 341M, Min Garbage: 0B
[578.066s][info][gc,ergo     ] GC(60) Collectable Garbage: 6350M (99%), Immediate: 1332M (20%), CSet: 5018M (78%)
[578.066s][info][gc,ergo     ] GC(60) Pacer for Evacuation. Used CSet: 5108M, Free: 2135M, Non-Taxable: 213M, Alloc Tax Rate: 5.8x
[578.066s][info][gc          ] GC(60) Pause Final Mark 0.492ms
[578.066s][info][gc,start    ] GC(60) Concurrent thread roots
[578.066s][info][gc,task     ] GC(60) Using 2 of 4 workers for Concurrent thread roots
[578.067s][info][gc          ] GC(60) Concurrent thread roots 0.829ms
[578.067s][info][gc,start    ] GC(60) Concurrent weak references
[578.067s][info][gc,task     ] GC(60) Using 2 of 4 workers for concurrent weak references
[578.067s][info][gc,ref      ] GC(60) Encountered references: Soft: 6545, Weak: 23418, Final: 34, Phantom: 796
[578.067s][info][gc,ref      ] GC(60) Discovered  references: Soft: 0, Weak: 2492, Final: 0, Phantom: 628
[578.067s][info][gc,ref      ] GC(60) Enqueued    references: Soft: 0, Weak: 5, Final: 0, Phantom: 0
[578.067s][info][gc          ] GC(60) Concurrent weak references 0.314ms
[578.067s][info][gc,start    ] GC(60) Concurrent weak roots
[578.067s][info][gc,task     ] GC(60) Using 2 of 4 workers for concurrent weak root
[578.068s][info][gc          ] GC(60) Concurrent weak roots 1.112ms
[578.068s][info][gc,start    ] GC(60) Concurrent cleanup
[578.068s][info][gc          ] GC(60) Concurrent cleanup 6986M->5654M(8192M) 0.034ms
[578.068s][info][gc,ergo     ] GC(60) Free: 2126M, Max: 4096K regular, 560M humongous, Frag: 74% external, 0% internal; Reserve: 411M, Max: 4096K
[578.068s][info][gc,start    ] GC(60) Concurrent strong roots
[578.068s][info][gc,task     ] GC(60) Using 2 of 4 workers for concurrent strong root
[578.074s][info][gc          ] GC(60) Concurrent strong roots 5.740ms
[578.074s][info][gc,start    ] GC(60) Concurrent evacuation
[578.074s][info][gc,task     ] GC(60) Using 2 of 4 workers for concurrent evacuation
[578.127s][info][gc          ] GC(60) Concurrent evacuation 53.057ms
[578.127s][info][gc,start    ] GC(60) Pause Init Update Refs
[578.127s][info][gc,ergo     ] GC(60) Pacer for Update Refs. Used: 5809M, Free: 2066M, Non-Taxable: 206M, Alloc Tax Rate: 3.4x
[578.127s][info][gc          ] GC(60) Pause Init Update Refs 0.042ms
[578.127s][info][gc,start    ] GC(60) Concurrent update references
[578.127s][info][gc,task     ] GC(60) Using 2 of 4 workers for concurrent reference update
[578.262s][info][gc          ] GC(60) Concurrent update references 135.095ms
[578.262s][info][gc,start    ] GC(60) Concurrent update thread roots
[578.264s][info][gc          ] GC(60) Concurrent update thread roots 1.319ms
[578.264s][info][gc,start    ] GC(60) Pause Final Update Refs
[578.264s][info][gc,task     ] GC(60) Using 4 of 4 workers for final reference update
[578.264s][info][gc          ] GC(60) Pause Final Update Refs 0.103ms
[578.264s][info][gc,start    ] GC(60) Concurrent cleanup
[578.264s][info][gc          ] GC(60) Concurrent cleanup 5868M->764M(8192M) 0.070ms
[578.264s][info][gc,ergo     ] Free: 7015M, Max: 4096K regular, 5080M humongous, Frag: 28% external, 0% internal; Reserve: 412M, Max: 4096K
[578.264s][info][gc,stats    ] 
[578.264s][info][gc,stats    ] All times are wall-clock times, except per-root-class counters, that are sum over
[578.264s][info][gc,stats    ] all workers. Dividing the <total> over the root stage time estimates parallelism.
[578.264s][info][gc,stats    ] 
[578.264s][info][gc,stats    ] Concurrent Reset                  15474 us
[578.264s][info][gc,stats    ] Pause Init Mark (G)                 194 us
[578.264s][info][gc,stats    ] Pause Init Mark (N)                 136 us
[578.264s][info][gc,stats    ]   Update Region States               51 us
[578.264s][info][gc,stats    ] Concurrent Mark Roots              7933 us, parallelism: 1.90x
[578.264s][info][gc,stats    ]   CMR: <total>                    15102 us
[578.264s][info][gc,stats    ]   CMR: Thread Roots                1412 us, workers (us): 737, 675, ---, ---, 
[578.264s][info][gc,stats    ]   CMR: Code Cache Roots           12485 us, workers (us): 5635, 6850, ---, ---, 
[578.264s][info][gc,stats    ]   CMR: VM Strong Roots               45 us, workers (us):  29,  16, ---, ---, 
[578.264s][info][gc,stats    ]   CMR: CLDG Roots                  1160 us, workers (us): 1160, ---, ---, ---, 
[578.264s][info][gc,stats    ] Concurrent Marking               226721 us
[578.264s][info][gc,stats    ] Pause Final Mark (G)                610 us
[578.264s][info][gc,stats    ] Pause Final Mark (N)                503 us
[578.264s][info][gc,stats    ]   Finish Mark                        84 us
[578.264s][info][gc,stats    ]   Update Region States               60 us
[578.264s][info][gc,stats    ]   Choose Collection Set             281 us
[578.264s][info][gc,stats    ]   Rebuild Free Set                   10 us
[578.264s][info][gc,stats    ] Concurrent Thread Roots             850 us, parallelism: 1.81x
[578.264s][info][gc,stats    ]   CTR: <total>                     1540 us
[578.264s][info][gc,stats    ]   CTR: Thread Roots                1540 us, workers (us): 784, 756, ---, ---, 
[578.264s][info][gc,stats    ] Concurrent Weak References          325 us, parallelism: 0.76x
[578.264s][info][gc,stats    ]   CWRF: <total>                     248 us
[578.264s][info][gc,stats    ]   CWRF: Weak References             248 us, workers (us):   2, 246, ---, ---, 
[578.264s][info][gc,stats    ] Concurrent Weak Roots              1133 us
[578.264s][info][gc,stats    ]   Roots                             951 us, parallelism: 1.73x
[578.264s][info][gc,stats    ]     CWR: <total>                   1646 us
[578.264s][info][gc,stats    ]     CWR: VM Weak Roots             1646 us, workers (us): 830, 816, ---, ---, 
[578.264s][info][gc,stats    ]   Rendezvous                        140 us
[578.264s][info][gc,stats    ] Concurrent Cleanup                   46 us
[578.264s][info][gc,stats    ] Concurrent Strong Roots            5764 us, parallelism: 1.95x
[578.264s][info][gc,stats    ]   CSR: <total>                    11242 us
[578.264s][info][gc,stats    ]   CSR: Code Cache Roots           10993 us, workers (us): 5368, 5625, ---, ---, 
[578.264s][info][gc,stats    ]   CSR: VM Strong Roots                7 us, workers (us):   7,   0, ---, ---, 
[578.264s][info][gc,stats    ]   CSR: CLDG Roots                   242 us, workers (us): 242, ---, ---, ---, 
[578.264s][info][gc,stats    ] Concurrent Evacuation             53111 us
[578.264s][info][gc,stats    ] Pause Init Update Refs (G)          145 us
[578.264s][info][gc,stats    ] Pause Init Update Refs (N)           53 us
[578.264s][info][gc,stats    ]   Manage GCLABs                       5 us
[578.264s][info][gc,stats    ] Concurrent Update Refs           135134 us
[578.264s][info][gc,stats    ] Concurrent Update Thread Roots     1345 us
[578.264s][info][gc,stats    ] Pause Final Update Refs (G)         205 us
[578.264s][info][gc,stats    ] Pause Final Update Refs (N)         125 us
[578.264s][info][gc,stats    ]   Update Region States               43 us
[578.264s][info][gc,stats    ]   Trash Collection Set               13 us
[578.264s][info][gc,stats    ]   Rebuild Free Set                   10 us
[578.264s][info][gc,stats    ] Concurrent Cleanup                   84 us
[578.265s][info][gc,stats    ] 
[578.265s][info][gc,stats    ] Allocation pacing accrued:
[578.265s][info][gc,stats    ]       0 of  9200 ms (  0.0%): <total>
[578.265s][info][gc,stats    ]       0 of  9200 ms (  0.0%): <average total>
[578.265s][info][gc,stats    ] 
[578.265s][info][gc,metaspace] Metaspace: 135568K(137024K)->135568K(137024K) NonClass: 114558K(115392K)->114558K(115392K) Class: 21010K(21632K)->21010K(21632K)
[578.265s][info][gc,ergo     ] Pacer for Idle. Initial: 163M, Alloc Tax Rate: 1.0x
[589.032s][info][gc          ] Trigger: Free (818M) is below minimum threshold (819M)
[589.032s][info][gc,ergo     ] Free: 818M, Max: 4096K regular, 552M humongous, Frag: 32% external, 0% internal; Reserve: 412M, Max: 4096K
[589.032s][info][gc,start    ] GC(61) Concurrent reset
[589.032s][info][gc,task     ] GC(61) Using 2 of 4 workers for concurrent reset
[589.032s][info][gc,ergo     ] GC(61) Pacer for Reset. Non-Taxable: 8192M
[589.046s][info][gc          ] GC(61) Concurrent reset 14.140ms
[589.047s][info][gc,start    ] GC(61) Pause Init Mark
[589.047s][info][gc,task     ] GC(61) Using 4 of 4 workers for init marking
[589.047s][info][gc,ergo     ] GC(61) Pacer for Mark. Expected Live: 453M, Free: 818M, Non-Taxable: 83766K, Alloc Tax Rate: 0.7x
[589.047s][info][gc          ] GC(61) Pause Init Mark 0.104ms
[589.047s][info][gc,start    ] GC(61) Concurrent marking roots
[589.047s][info][gc,task     ] GC(61) Using 2 of 4 workers for concurrent marking roots
[589.057s][info][gc          ] GC(61) Concurrent marking roots 10.338ms
[589.057s][info][gc,start    ] GC(61) Concurrent marking
[589.057s][info][gc,task     ] GC(61) Using 2 of 4 workers for concurrent marking
[589.284s][info][gc          ] GC(61) Concurrent marking 226.774ms
[589.284s][info][gc,start    ] GC(61) Pause Final Mark
[589.284s][info][gc,task     ] GC(61) Using 4 of 4 workers for final marking
[589.284s][info][gc,ergo     ] GC(61) Adaptive CSet Selection. Target Free: 1160M, Actual Free: 2776M, Max CSet: 341M, Min Garbage: 0B
[589.284s][info][gc,ergo     ] GC(61) Collectable Garbage: 6480M (99%), Immediate: 1776M (27%), CSet: 4704M (72%)
[589.284s][info][gc,ergo     ] GC(61) Pacer for Evacuation. Used CSet: 4796M, Free: 2371M, Non-Taxable: 237M, Alloc Tax Rate: 4.9x
[589.284s][info][gc          ] GC(61) Pause Final Mark 0.342ms
[589.284s][info][gc,start    ] GC(61) Concurrent thread roots
[589.284s][info][gc,task     ] GC(61) Using 2 of 4 workers for Concurrent thread roots
[589.285s][info][gc          ] GC(61) Concurrent thread roots 0.939ms
[589.285s][info][gc,start    ] GC(61) Concurrent weak references
[589.285s][info][gc,task     ] GC(61) Using 2 of 4 workers for concurrent weak references
[589.286s][info][gc,ref      ] GC(61) Encountered references: Soft: 6546, Weak: 23473, Final: 34, Phantom: 825
[589.286s][info][gc,ref      ] GC(61) Discovered  references: Soft: 0, Weak: 13416, Final: 0, Phantom: 672
[589.286s][info][gc,ref      ] GC(61) Enqueued    references: Soft: 0, Weak: 29, Final: 0, Phantom: 26
[589.286s][info][gc          ] GC(61) Concurrent weak references 0.726ms
[589.286s][info][gc,start    ] GC(61) Concurrent weak roots
[589.286s][info][gc,task     ] GC(61) Using 2 of 4 workers for concurrent weak root
[589.287s][info][gc          ] GC(61) Concurrent weak roots 0.932ms
[589.287s][info][gc,start    ] GC(61) Concurrent cleanup
[589.287s][info][gc          ] GC(61) Concurrent cleanup 7192M->5416M(8192M) 0.034ms
[589.287s][info][gc,ergo     ] GC(61) Free: 2363M, Max: 4096K regular, 552M humongous, Frag: 77% external, 0% internal; Reserve: 411M, Max: 4096K
[589.287s][info][gc,start    ] GC(61) Concurrent strong roots
[589.287s][info][gc,task     ] GC(61) Using 2 of 4 workers for concurrent strong root
[589.293s][info][gc          ] GC(61) Concurrent strong roots 5.802ms
[589.293s][info][gc,start    ] GC(61) Concurrent evacuation
[589.293s][info][gc,task     ] GC(61) Using 2 of 4 workers for concurrent evacuation
[589.336s][info][gc          ] GC(61) Concurrent evacuation 42.605ms
[589.336s][info][gc,start    ] GC(61) Pause Init Update Refs
[589.336s][info][gc,ergo     ] GC(61) Pacer for Update Refs. Used: 5540M, Free: 2335M, Non-Taxable: 233M, Alloc Tax Rate: 2.9x
[589.336s][info][gc          ] GC(61) Pause Init Update Refs 0.045ms
[589.336s][info][gc,start    ] GC(61) Concurrent update references
[589.336s][info][gc,task     ] GC(61) Using 2 of 4 workers for concurrent reference update
[589.474s][info][gc          ] GC(61) Concurrent update references 138.349ms
[589.474s][info][gc,start    ] GC(61) Concurrent update thread roots
[589.475s][info][gc          ] GC(61) Concurrent update thread roots 1.412ms
[589.476s][info][gc,start    ] GC(61) Pause Final Update Refs
[589.476s][info][gc,task     ] GC(61) Using 4 of 4 workers for final reference update
[589.476s][info][gc          ] GC(61) Pause Final Update Refs 0.111ms
[589.476s][info][gc,start    ] GC(61) Concurrent cleanup
[589.476s][info][gc          ] GC(61) Concurrent cleanup 5608M->812M(8192M) 0.063ms
[589.476s][info][gc,ergo     ] Free: 6967M, Max: 4096K regular, 5352M humongous, Frag: 24% external, 0% internal; Reserve: 412M, Max: 4096K
[589.476s][info][gc,stats    ] 
[589.476s][info][gc,stats    ] All times are wall-clock times, except per-root-class counters, that are sum over
[589.476s][info][gc,stats    ] all workers. Dividing the <total> over the root stage time estimates parallelism.
[589.476s][info][gc,stats    ] 
[589.476s][info][gc,stats    ] Concurrent Reset                  14198 us
[589.476s][info][gc,stats    ] Pause Init Mark (G)                 226 us
[589.476s][info][gc,stats    ] Pause Init Mark (N)                 115 us
[589.476s][info][gc,stats    ]   Update Region States               37 us
[589.476s][info][gc,stats    ] Concurrent Mark Roots             10396 us, parallelism: 1.55x
[589.476s][info][gc,stats    ]   CMR: <total>                    16165 us
[589.476s][info][gc,stats    ]   CMR: Thread Roots                1529 us, workers (us): 762, 766, ---, ---, 
[589.476s][info][gc,stats    ]   CMR: Code Cache Roots           13899 us, workers (us): 6600, 7300, ---, ---, 
[589.476s][info][gc,stats    ]   CMR: VM Strong Roots               13 us, workers (us):  13,   0, ---, ---, 
[589.476s][info][gc,stats    ]   CMR: CLDG Roots                   724 us, workers (us): 724, ---, ---, ---, 
[589.476s][info][gc,stats    ] Concurrent Marking               226813 us
[589.476s][info][gc,stats    ] Pause Final Mark (G)                408 us
[589.476s][info][gc,stats    ] Pause Final Mark (N)                353 us
[589.476s][info][gc,stats    ]   Finish Mark                        87 us
[589.476s][info][gc,stats    ]   Update Region States               54 us
[589.476s][info][gc,stats    ]   Choose Collection Set             134 us
[589.476s][info][gc,stats    ]   Rebuild Free Set                   10 us
[589.476s][info][gc,stats    ] Concurrent Thread Roots             958 us, parallelism: 1.84x
[589.476s][info][gc,stats    ]   CTR: <total>                     1763 us
[589.476s][info][gc,stats    ]   CTR: Thread Roots                1763 us, workers (us): 897, 866, ---, ---, 
[589.476s][info][gc,stats    ] Concurrent Weak References          736 us, parallelism: 0.93x
[589.476s][info][gc,stats    ]   CWRF: <total>                     681 us
[589.476s][info][gc,stats    ]   CWRF: Weak References             681 us, workers (us):  51, 631, ---, ---, 
[589.476s][info][gc,stats    ] Concurrent Weak Roots               945 us
[589.476s][info][gc,stats    ]   Roots                             889 us, parallelism: 1.76x
[589.476s][info][gc,stats    ]     CWR: <total>                   1565 us
[589.476s][info][gc,stats    ]     CWR: VM Weak Roots             1565 us, workers (us): 796, 768, ---, ---, 
[589.476s][info][gc,stats    ]   Rendezvous                         23 us
[589.476s][info][gc,stats    ] Concurrent Cleanup                   46 us
[589.476s][info][gc,stats    ] Concurrent Strong Roots            5833 us, parallelism: 1.96x
[589.476s][info][gc,stats    ]   CSR: <total>                    11408 us
[589.476s][info][gc,stats    ]   CSR: Code Cache Roots           11145 us, workers (us): 5428, 5716, ---, ---, 
[589.476s][info][gc,stats    ]   CSR: VM Strong Roots                7 us, workers (us):   4,   3, ---, ---, 
[589.476s][info][gc,stats    ]   CSR: CLDG Roots                   256 us, workers (us): 256, ---, ---, ---, 
[589.476s][info][gc,stats    ] Concurrent Evacuation             42655 us
[589.476s][info][gc,stats    ] Pause Init Update Refs (G)          117 us
[589.476s][info][gc,stats    ] Pause Init Update Refs (N)           56 us
[589.476s][info][gc,stats    ]   Manage GCLABs                       5 us
[589.476s][info][gc,stats    ] Concurrent Update Refs           138390 us
[589.476s][info][gc,stats    ] Concurrent Update Thread Roots     1426 us
[589.476s][info][gc,stats    ] Pause Final Update Refs (G)         152 us
[589.476s][info][gc,stats    ] Pause Final Update Refs (N)         125 us
[589.476s][info][gc,stats    ]   Update Region States               47 us
[589.476s][info][gc,stats    ]   Trash Collection Set               14 us
[589.476s][info][gc,stats    ]   Rebuild Free Set                   11 us
[589.476s][info][gc,stats    ] Concurrent Cleanup                   78 us
[589.476s][info][gc,stats    ] 
[589.476s][info][gc,stats    ] Allocation pacing accrued:
[589.476s][info][gc,stats    ]       0 of 11212 ms (  0.0%): <total>
[589.476s][info][gc,stats    ]       0 of 11212 ms (  0.0%): <average total>
[589.476s][info][gc,stats    ] 
[589.476s][info][gc,metaspace] Metaspace: 135641K(137088K)->135646K(137088K) NonClass: 114613K(115456K)->114617K(115456K) Class: 21028K(21632K)->21028K(21632K)
[589.476s][info][gc,ergo     ] Pacer for Idle. Initial: 163M, Alloc Tax Rate: 1.0x
[599.114s][info][gc          ] Trigger: Free (815M) is below minimum threshold (819M)
[599.115s][info][gc,ergo     ] Free: 815M, Max: 4096K regular, 552M humongous, Frag: 32% external, 0% internal; Reserve: 412M, Max: 4096K
[599.115s][info][gc,start    ] GC(62) Concurrent reset
[599.115s][info][gc,task     ] GC(62) Using 2 of 4 workers for concurrent reset
[599.115s][info][gc,ergo     ] GC(62) Pacer for Reset. Non-Taxable: 8192M
[599.129s][info][gc          ] GC(62) Concurrent reset 13.931ms
[599.129s][info][gc,start    ] GC(62) Pause Init Mark
[599.129s][info][gc,task     ] GC(62) Using 4 of 4 workers for init marking
[599.129s][info][gc,ergo     ] GC(62) Pacer for Mark. Expected Live: 450M, Free: 807M, Non-Taxable: 82701K, Alloc Tax Rate: 0.7x
[599.129s][info][gc          ] GC(62) Pause Init Mark 0.113ms
[599.129s][info][gc,start    ] GC(62) Concurrent marking roots
[599.129s][info][gc,task     ] GC(62) Using 2 of 4 workers for concurrent marking roots
[599.139s][info][gc          ] GC(62) Concurrent marking roots 10.015ms
[599.139s][info][gc,start    ] GC(62) Concurrent marking
[599.139s][info][gc,task     ] GC(62) Using 2 of 4 workers for concurrent marking
[599.349s][info][gc          ] GC(62) Concurrent marking 210.233ms
[599.349s][info][gc,start    ] GC(62) Pause Final Mark
[599.349s][info][gc,task     ] GC(62) Using 4 of 4 workers for final marking
[599.349s][info][gc,ergo     ] GC(62) Adaptive CSet Selection. Target Free: 1160M, Actual Free: 2864M, Max CSet: 341M, Min Garbage: 0B
[599.349s][info][gc,ergo     ] GC(62) Collectable Garbage: 6508M (99%), Immediate: 1784M (27%), CSet: 4724M (72%)
[599.349s][info][gc,ergo     ] GC(62) Pacer for Evacuation. Used CSet: 4792M, Free: 2459M, Non-Taxable: 245M, Alloc Tax Rate: 4.8x
[599.349s][info][gc          ] GC(62) Pause Final Mark 0.320ms
[599.349s][info][gc,start    ] GC(62) Concurrent thread roots
[599.349s][info][gc,task     ] GC(62) Using 2 of 4 workers for Concurrent thread roots
[599.350s][info][gc          ] GC(62) Concurrent thread roots 0.816ms
[599.350s][info][gc,start    ] GC(62) Concurrent weak references
[599.350s][info][gc,task     ] GC(62) Using 2 of 4 workers for concurrent weak references
[599.351s][info][gc,ref      ] GC(62) Encountered references: Soft: 6547, Weak: 23458, Final: 34, Phantom: 808
[599.351s][info][gc,ref      ] GC(62) Discovered  references: Soft: 0, Weak: 13589, Final: 0, Phantom: 551
[599.351s][info][gc,ref      ] GC(62) Enqueued    references: Soft: 0, Weak: 8, Final: 0, Phantom: 6
[599.351s][info][gc          ] GC(62) Concurrent weak references 0.669ms
[599.351s][info][gc,start    ] GC(62) Concurrent weak roots
[599.351s][info][gc,task     ] GC(62) Using 2 of 4 workers for concurrent weak root
[599.352s][info][gc          ] GC(62) Concurrent weak roots 0.927ms
[599.352s][info][gc,start    ] GC(62) Concurrent cleanup
[599.352s][info][gc          ] GC(62) Concurrent cleanup 7113M->5329M(8192M) 0.033ms
[599.352s][info][gc,ergo     ] GC(62) Free: 2451M, Max: 4096K regular, 552M humongous, Frag: 78% external, 0% internal; Reserve: 411M, Max: 4096K
[599.352s][info][gc,start    ] GC(62) Concurrent strong roots
[599.352s][info][gc,task     ] GC(62) Using 2 of 4 workers for concurrent strong root
[599.358s][info][gc          ] GC(62) Concurrent strong roots 5.770ms
[599.358s][info][gc,start    ] GC(62) Concurrent evacuation
[599.358s][info][gc,task     ] GC(62) Using 2 of 4 workers for concurrent evacuation
[599.394s][info][gc          ] GC(62) Concurrent evacuation 36.370ms
[599.394s][info][gc,start    ] GC(62) Pause Init Update Refs
[599.394s][info][gc,ergo     ] GC(62) Pacer for Update Refs. Used: 5424M, Free: 2427M, Non-Taxable: 242M, Alloc Tax Rate: 2.7x
[599.394s][info][gc          ] GC(62) Pause Init Update Refs 0.043ms
[599.394s][info][gc,start    ] GC(62) Concurrent update references
[599.394s][info][gc,task     ] GC(62) Using 2 of 4 workers for concurrent reference update
[599.526s][info][gc          ] GC(62) Concurrent update references 132.064ms
[599.526s][info][gc,start    ] GC(62) Concurrent update thread roots
[599.528s][info][gc          ] GC(62) Concurrent update thread roots 1.295ms
[599.528s][info][gc,start    ] GC(62) Pause Final Update Refs
[599.528s][info][gc,task     ] GC(62) Using 4 of 4 workers for final reference update
[599.528s][info][gc          ] GC(62) Pause Final Update Refs 0.098ms
[599.528s][info][gc,start    ] GC(62) Concurrent cleanup
[599.528s][info][gc          ] GC(62) Concurrent cleanup 5497M->705M(8192M) 0.069ms
[599.528s][info][gc,ergo     ] Free: 7074M, Max: 4096K regular, 5164M humongous, Frag: 27% external, 0% internal; Reserve: 412M, Max: 4096K
[599.528s][info][gc,stats    ] 
[599.528s][info][gc,stats    ] All times are wall-clock times, except per-root-class counters, that are sum over
[599.528s][info][gc,stats    ] all workers. Dividing the <total> over the root stage time estimates parallelism.
[599.528s][info][gc,stats    ] 
[599.528s][info][gc,stats    ] Concurrent Reset                  13992 us
[599.528s][info][gc,stats    ] Pause Init Mark (G)                 154 us
[599.528s][info][gc,stats    ] Pause Init Mark (N)                 125 us
[599.528s][info][gc,stats    ]   Update Region States               38 us
[599.528s][info][gc,stats    ] Concurrent Mark Roots             10045 us, parallelism: 1.96x
[599.528s][info][gc,stats    ]   CMR: <total>                    19685 us
[599.528s][info][gc,stats    ]   CMR: Thread Roots                1293 us, workers (us): 712, 580, ---, ---, 
[599.528s][info][gc,stats    ]   CMR: Code Cache Roots           17684 us, workers (us): 8436, 9248, ---, ---, 
[599.528s][info][gc,stats    ]   CMR: VM Strong Roots               13 us, workers (us):  13,   0, ---, ---, 
[599.528s][info][gc,stats    ]   CMR: CLDG Roots                   695 us, workers (us): 695, ---, ---, ---, 
[599.528s][info][gc,stats    ] Concurrent Marking               210278 us
[599.528s][info][gc,stats    ] Pause Final Mark (G)                357 us
[599.528s][info][gc,stats    ] Pause Final Mark (N)                331 us
[599.528s][info][gc,stats    ]   Finish Mark                        67 us
[599.528s][info][gc,stats    ]   Update Region States               42 us
[599.528s][info][gc,stats    ]   Choose Collection Set             147 us
[599.528s][info][gc,stats    ]   Rebuild Free Set                   11 us
[599.528s][info][gc,stats    ] Concurrent Thread Roots             834 us, parallelism: 1.76x
[599.528s][info][gc,stats    ]   CTR: <total>                     1465 us
[599.528s][info][gc,stats    ]   CTR: Thread Roots                1465 us, workers (us): 728, 737, ---, ---, 
[599.528s][info][gc,stats    ] Concurrent Weak References          679 us, parallelism: 0.90x
[599.528s][info][gc,stats    ]   CWRF: <total>                     613 us
[599.528s][info][gc,stats    ]   CWRF: Weak References             613 us, workers (us):  34, 578, ---, ---, 
[599.528s][info][gc,stats    ] Concurrent Weak Roots               943 us
[599.528s][info][gc,stats    ]   Roots                             884 us, parallelism: 1.76x
[599.528s][info][gc,stats    ]     CWR: <total>                   1556 us
[599.528s][info][gc,stats    ]     CWR: VM Weak Roots             1556 us, workers (us): 795, 761, ---, ---, 
[599.528s][info][gc,stats    ]   Rendezvous                         23 us
[599.528s][info][gc,stats    ] Concurrent Cleanup                   45 us
[599.528s][info][gc,stats    ] Concurrent Strong Roots            5799 us, parallelism: 1.93x
[599.528s][info][gc,stats    ]   CSR: <total>                    11193 us
[599.528s][info][gc,stats    ]   CSR: Code Cache Roots           10949 us, workers (us): 5407, 5542, ---, ---, 
[599.528s][info][gc,stats    ]   CSR: VM Strong Roots                8 us, workers (us):   8,   0, ---, ---, 
[599.528s][info][gc,stats    ]   CSR: CLDG Roots                   236 us, workers (us): 236, ---, ---, ---, 
[599.528s][info][gc,stats    ] Concurrent Evacuation             36405 us
[599.528s][info][gc,stats    ] Pause Init Update Refs (G)          132 us
[599.528s][info][gc,stats    ] Pause Init Update Refs (N)           54 us
[599.528s][info][gc,stats    ]   Manage GCLABs                       5 us
[599.528s][info][gc,stats    ] Concurrent Update Refs           132099 us
[599.528s][info][gc,stats    ] Concurrent Update Thread Roots     1317 us
[599.528s][info][gc,stats    ] Pause Final Update Refs (G)         191 us
[599.528s][info][gc,stats    ] Pause Final Update Refs (N)         124 us
[599.528s][info][gc,stats    ]   Update Region States               38 us
[599.528s][info][gc,stats    ]   Trash Collection Set               12 us
[599.528s][info][gc,stats    ]   Rebuild Free Set                   11 us
[599.528s][info][gc,stats    ] Concurrent Cleanup                   83 us
[599.528s][info][gc,stats    ] 
[599.529s][info][gc,stats    ] Allocation pacing accrued:
[599.529s][info][gc,stats    ]       0 of 10052 ms (  0.0%): <total>
[599.529s][info][gc,stats    ]       0 of 10052 ms (  0.0%): <average total>
[599.529s][info][gc,stats    ] 
[599.529s][info][gc,metaspace] Metaspace: 135659K(137088K)->135659K(137088K) NonClass: 114628K(115456K)->114628K(115456K) Class: 21031K(21632K)->21031K(21632K)
[599.529s][info][gc,ergo     ] Pacer for Idle. Initial: 163M, Alloc Tax Rate: 1.0x
[607.765s][info][gc          ] Trigger: Free (815M) is below minimum threshold (819M)
[607.765s][info][gc,ergo     ] Free: 815M, Max: 4096K regular, 572M humongous, Frag: 30% external, 0% internal; Reserve: 412M, Max: 4096K
[607.765s][info][gc,start    ] GC(63) Concurrent reset
[607.765s][info][gc,task     ] GC(63) Using 2 of 4 workers for concurrent reset
[607.765s][info][gc,ergo     ] GC(63) Pacer for Reset. Non-Taxable: 8192M
[607.777s][info][gc          ] GC(63) Concurrent reset 12.003ms
[607.777s][info][gc,start    ] GC(63) Pause Init Mark
[607.777s][info][gc,task     ] GC(63) Using 4 of 4 workers for init marking
[607.777s][info][gc,ergo     ] GC(63) Pacer for Mark. Expected Live: 447M, Free: 811M, Non-Taxable: 83110K, Alloc Tax Rate: 0.7x
[607.777s][info][gc          ] GC(63) Pause Init Mark 0.133ms
[607.777s][info][gc,start    ] GC(63) Concurrent marking roots
[607.777s][info][gc,task     ] GC(63) Using 2 of 4 workers for concurrent marking roots
[607.785s][info][gc          ] GC(63) Concurrent marking roots 7.567ms
[607.785s][info][gc,start    ] GC(63) Concurrent marking
[607.785s][info][gc,task     ] GC(63) Using 2 of 4 workers for concurrent marking
[607.996s][info][gc          ] GC(63) Concurrent marking 211.593ms
[607.997s][info][gc,start    ] GC(63) Pause Final Mark
[607.997s][info][gc,task     ] GC(63) Using 4 of 4 workers for final marking
[607.997s][info][gc,ergo     ] GC(63) Adaptive CSet Selection. Target Free: 1160M, Actual Free: 3260M, Max CSet: 341M, Min Garbage: 0B
[607.997s][info][gc,ergo     ] GC(63) Collectable Garbage: 6503M (99%), Immediate: 2216M (33%), CSet: 4287M (65%)
[607.997s][info][gc,ergo     ] GC(63) Pacer for Evacuation. Used CSet: 4356M, Free: 2855M, Non-Taxable: 285M, Alloc Tax Rate: 3.7x
[607.997s][info][gc          ] GC(63) Pause Final Mark 0.331ms
[607.997s][info][gc,start    ] GC(63) Concurrent thread roots
[607.997s][info][gc,task     ] GC(63) Using 2 of 4 workers for Concurrent thread roots
[607.998s][info][gc          ] GC(63) Concurrent thread roots 0.764ms
[607.998s][info][gc,start    ] GC(63) Concurrent weak references
[607.998s][info][gc,task     ] GC(63) Using 2 of 4 workers for concurrent weak references
[607.998s][info][gc,ref      ] GC(63) Encountered references: Soft: 6547, Weak: 23455, Final: 34, Phantom: 805
[607.998s][info][gc,ref      ] GC(63) Discovered  references: Soft: 0, Weak: 2775, Final: 1, Phantom: 630
[607.998s][info][gc,ref      ] GC(63) Enqueued    references: Soft: 0, Weak: 4, Final: 0, Phantom: 0
[607.998s][info][gc          ] GC(63) Concurrent weak references 0.227ms
[607.998s][info][gc,start    ] GC(63) Concurrent weak roots
[607.998s][info][gc,task     ] GC(63) Using 2 of 4 workers for concurrent weak root
[607.999s][info][gc          ] GC(63) Concurrent weak roots 0.966ms
[607.999s][info][gc,start    ] GC(63) Concurrent cleanup
[607.999s][info][gc          ] GC(63) Concurrent cleanup 7148M->4932M(8192M) 0.040ms
[607.999s][info][gc,ergo     ] GC(63) Free: 2847M, Max: 4096K regular, 572M humongous, Frag: 80% external, 0% internal; Reserve: 411M, Max: 4096K
[607.999s][info][gc,start    ] GC(63) Concurrent strong roots
[607.999s][info][gc,task     ] GC(63) Using 2 of 4 workers for concurrent strong root
[608.004s][info][gc          ] GC(63) Concurrent strong roots 5.383ms
[608.004s][info][gc,start    ] GC(63) Concurrent evacuation
[608.004s][info][gc,task     ] GC(63) Using 2 of 4 workers for concurrent evacuation
[608.038s][info][gc          ] GC(63) Concurrent evacuation 33.847ms
[608.038s][info][gc,start    ] GC(63) Pause Init Update Refs
[608.038s][info][gc,ergo     ] GC(63) Pacer for Update Refs. Used: 5012M, Free: 2839M, Non-Taxable: 283M, Alloc Tax Rate: 2.2x
[608.038s][info][gc          ] GC(63) Pause Init Update Refs 0.043ms
[608.038s][info][gc,start    ] GC(63) Concurrent update references
[608.038s][info][gc,task     ] GC(63) Using 2 of 4 workers for concurrent reference update
[608.178s][info][gc          ] GC(63) Concurrent update references 139.226ms
[608.178s][info][gc,start    ] GC(63) Concurrent update thread roots
[608.179s][info][gc          ] GC(63) Concurrent update thread roots 1.400ms
[608.179s][info][gc,start    ] GC(63) Pause Final Update Refs
[608.179s][info][gc,task     ] GC(63) Using 4 of 4 workers for final reference update
[608.179s][info][gc          ] GC(63) Pause Final Update Refs 0.091ms
[608.179s][info][gc,start    ] GC(63) Concurrent cleanup
[608.179s][info][gc          ] GC(63) Concurrent cleanup 5092M->736M(8192M) 0.058ms
[608.179s][info][gc,ergo     ] Free: 7043M, Max: 4096K regular, 5408M humongous, Frag: 24% external, 0% internal; Reserve: 412M, Max: 4096K
[608.179s][info][gc,stats    ] 
[608.179s][info][gc,stats    ] All times are wall-clock times, except per-root-class counters, that are sum over
[608.179s][info][gc,stats    ] all workers. Dividing the <total> over the root stage time estimates parallelism.
[608.179s][info][gc,stats    ] 
[608.179s][info][gc,stats    ] Concurrent Reset                  12060 us
[608.179s][info][gc,stats    ] Pause Init Mark (G)                 225 us
[608.179s][info][gc,stats    ] Pause Init Mark (N)                 146 us
[608.179s][info][gc,stats    ]   Update Region States               48 us
[608.179s][info][gc,stats    ] Concurrent Mark Roots              7591 us, parallelism: 1.92x
[608.179s][info][gc,stats    ]   CMR: <total>                    14600 us
[608.180s][info][gc,stats    ]   CMR: Thread Roots                1383 us, workers (us): 751, 632, ---, ---, 
[608.180s][info][gc,stats    ]   CMR: Code Cache Roots           12445 us, workers (us): 5790, 6655, ---, ---, 
[608.180s][info][gc,stats    ]   CMR: VM Strong Roots               14 us, workers (us):   7,   7, ---, ---, 
[608.180s][info][gc,stats    ]   CMR: CLDG Roots                   758 us, workers (us): 758, ---, ---, ---, 
[608.180s][info][gc,stats    ] Concurrent Marking               211632 us
[608.180s][info][gc,stats    ] Pause Final Mark (G)                444 us
[608.180s][info][gc,stats    ] Pause Final Mark (N)                342 us
[608.180s][info][gc,stats    ]   Finish Mark                        74 us
[608.180s][info][gc,stats    ]   Update Region States               56 us
[608.180s][info][gc,stats    ]   Choose Collection Set             136 us
[608.180s][info][gc,stats    ]   Rebuild Free Set                   11 us
[608.180s][info][gc,stats    ] Concurrent Thread Roots             787 us, parallelism: 1.73x
[608.180s][info][gc,stats    ]   CTR: <total>                     1361 us
[608.180s][info][gc,stats    ]   CTR: Thread Roots                1361 us, workers (us): 677, 684, ---, ---, 
[608.180s][info][gc,stats    ] Concurrent Weak References          238 us, parallelism: 0.77x
[608.180s][info][gc,stats    ]   CWRF: <total>                     183 us
[608.180s][info][gc,stats    ]   CWRF: Weak References             183 us, workers (us): 121,  61, ---, ---, 
[608.180s][info][gc,stats    ] Concurrent Weak Roots               989 us
[608.180s][info][gc,stats    ]   Roots                             892 us, parallelism: 1.72x
[608.180s][info][gc,stats    ]     CWR: <total>                   1530 us
[608.180s][info][gc,stats    ]     CWR: VM Weak Roots             1530 us, workers (us): 779, 751, ---, ---, 
[608.180s][info][gc,stats    ]   Rendezvous                         53 us
[608.180s][info][gc,stats    ] Concurrent Cleanup                   53 us
[608.180s][info][gc,stats    ] Concurrent Strong Roots            5405 us, parallelism: 1.96x
[608.180s][info][gc,stats    ]   CSR: <total>                    10585 us
[608.180s][info][gc,stats    ]   CSR: Code Cache Roots           10362 us, workers (us): 5115, 5247, ---, ---, 
[608.180s][info][gc,stats    ]   CSR: VM Strong Roots                7 us, workers (us):   7,   0, ---, ---, 
[608.180s][info][gc,stats    ]   CSR: CLDG Roots                   216 us, workers (us): 216, ---, ---, ---, 
[608.180s][info][gc,stats    ] Concurrent Evacuation             33913 us
[608.180s][info][gc,stats    ] Pause Init Update Refs (G)          124 us
[608.180s][info][gc,stats    ] Pause Init Update Refs (N)           54 us
[608.180s][info][gc,stats    ]   Manage GCLABs                       5 us
[608.180s][info][gc,stats    ] Concurrent Update Refs           139272 us
[608.180s][info][gc,stats    ] Concurrent Update Thread Roots     1426 us
[608.180s][info][gc,stats    ] Pause Final Update Refs (G)         139 us
[608.180s][info][gc,stats    ] Pause Final Update Refs (N)         112 us
[608.180s][info][gc,stats    ]   Update Region States               27 us
[608.180s][info][gc,stats    ]   Trash Collection Set               13 us
[608.180s][info][gc,stats    ]   Rebuild Free Set                   12 us
[608.180s][info][gc,stats    ] Concurrent Cleanup                   71 us
[608.180s][info][gc,stats    ] 
[608.180s][info][gc,stats    ] Allocation pacing accrued:
[608.180s][info][gc,stats    ]       0 of  8651 ms (  0.0%): <total>
[608.180s][info][gc,stats    ]       0 of  8651 ms (  0.0%): <average total>
[608.180s][info][gc,stats    ] 
[608.180s][info][gc,metaspace] Metaspace: 135663K(137088K)->135663K(137088K) NonClass: 114631K(115456K)->114631K(115456K) Class: 21031K(21632K)->21031K(21632K)
[608.180s][info][gc,ergo     ] Pacer for Idle. Initial: 163M, Alloc Tax Rate: 1.0x
[619.326s][info][gc          ] Trigger: Free (815M) is below minimum threshold (819M)
[619.326s][info][gc,ergo     ] Free: 815M, Max: 4096K regular, 572M humongous, Frag: 29% external, 0% internal; Reserve: 412M, Max: 4096K
[619.326s][info][gc,start    ] GC(64) Concurrent reset
[619.326s][info][gc,task     ] GC(64) Using 2 of 4 workers for concurrent reset
[619.326s][info][gc,ergo     ] GC(64) Pacer for Reset. Non-Taxable: 8192M
[619.340s][info][gc          ] GC(64) Concurrent reset 13.274ms
[619.340s][info][gc,start    ] GC(64) Pause Init Mark
[619.340s][info][gc,task     ] GC(64) Using 4 of 4 workers for init marking
[619.340s][info][gc,ergo     ] GC(64) Pacer for Mark. Expected Live: 442M, Free: 811M, Non-Taxable: 83083K, Alloc Tax Rate: 0.7x
[619.340s][info][gc          ] GC(64) Pause Init Mark 0.113ms
[619.340s][info][gc,start    ] GC(64) Concurrent marking roots
[619.340s][info][gc,task     ] GC(64) Using 2 of 4 workers for concurrent marking roots
[619.347s][info][gc          ] GC(64) Concurrent marking roots 7.553ms
[619.347s][info][gc,start    ] GC(64) Concurrent marking
[619.347s][info][gc,task     ] GC(64) Using 2 of 4 workers for concurrent marking
[619.562s][info][gc          ] GC(64) Concurrent marking 214.610ms
[619.562s][info][gc,start    ] GC(64) Pause Final Mark
[619.562s][info][gc,task     ] GC(64) Using 4 of 4 workers for final marking
[619.562s][info][gc,ergo     ] GC(64) Adaptive CSet Selection. Target Free: 1160M, Actual Free: 2556M, Max CSet: 341M, Min Garbage: 0B
[619.562s][info][gc,ergo     ] GC(64) Collectable Garbage: 6503M (99%), Immediate: 1472M (22%), CSet: 5031M (76%)
[619.562s][info][gc,ergo     ] GC(64) Pacer for Evacuation. Used CSet: 5096M, Free: 2155M, Non-Taxable: 215M, Alloc Tax Rate: 5.8x
[619.562s][info][gc          ] GC(64) Pause Final Mark 0.302ms
[619.562s][info][gc,start    ] GC(64) Concurrent thread roots
[619.562s][info][gc,task     ] GC(64) Using 2 of 4 workers for Concurrent thread roots
[619.563s][info][gc          ] GC(64) Concurrent thread roots 0.785ms
[619.563s][info][gc,start    ] GC(64) Concurrent weak references
[619.563s][info][gc,task     ] GC(64) Using 2 of 4 workers for concurrent weak references
[619.563s][info][gc,ref      ] GC(64) Encountered references: Soft: 6547, Weak: 23454, Final: 34, Phantom: 808
[619.563s][info][gc,ref      ] GC(64) Discovered  references: Soft: 0, Weak: 2217, Final: 33, Phantom: 630
[619.563s][info][gc,ref      ] GC(64) Enqueued    references: Soft: 0, Weak: 2, Final: 0, Phantom: 0
[619.563s][info][gc          ] GC(64) Concurrent weak references 0.184ms
[619.563s][info][gc,start    ] GC(64) Concurrent weak roots
[619.563s][info][gc,task     ] GC(64) Using 2 of 4 workers for concurrent weak root
[619.564s][info][gc          ] GC(64) Concurrent weak roots 0.891ms
[619.564s][info][gc,start    ] GC(64) Concurrent cleanup
[619.564s][info][gc          ] GC(64) Concurrent cleanup 7104M->5632M(8192M) 0.031ms
[619.564s][info][gc,ergo     ] GC(64) Free: 2147M, Max: 4096K regular, 572M humongous, Frag: 74% external, 0% internal; Reserve: 411M, Max: 4096K
[619.564s][info][gc,start    ] GC(64) Concurrent strong roots
[619.564s][info][gc,task     ] GC(64) Using 2 of 4 workers for concurrent strong root
[619.570s][info][gc          ] GC(64) Concurrent strong roots 5.477ms
[619.570s][info][gc,start    ] GC(64) Concurrent evacuation
[619.570s][info][gc,task     ] GC(64) Using 2 of 4 workers for concurrent evacuation
[619.604s][info][gc          ] GC(64) Concurrent evacuation 34.214ms
[619.604s][info][gc,start    ] GC(64) Pause Init Update Refs
[619.604s][info][gc,ergo     ] GC(64) Pacer for Update Refs. Used: 5714M, Free: 2137M, Non-Taxable: 213M, Alloc Tax Rate: 3.3x
[619.604s][info][gc          ] GC(64) Pause Init Update Refs 0.043ms
[619.604s][info][gc,start    ] GC(64) Concurrent update references
[619.604s][info][gc,task     ] GC(64) Using 2 of 4 workers for concurrent reference update
[619.734s][info][gc          ] GC(64) Concurrent update references 129.816ms
[619.734s][info][gc,start    ] GC(64) Concurrent update thread roots
[619.736s][info][gc          ] GC(64) Concurrent update thread roots 1.360ms
[619.736s][info][gc,start    ] GC(64) Pause Final Update Refs
[619.736s][info][gc,task     ] GC(64) Using 4 of 4 workers for final reference update
[619.736s][info][gc          ] GC(64) Pause Final Update Refs 0.110ms
[619.736s][info][gc,start    ] GC(64) Concurrent cleanup
[619.736s][info][gc          ] GC(64) Concurrent cleanup 5780M->684M(8192M) 0.072ms
[619.736s][info][gc,ergo     ] Free: 7095M, Max: 4096K regular, 5228M humongous, Frag: 27% external, 0% internal; Reserve: 412M, Max: 4096K
[619.736s][info][gc,stats    ] 
[619.736s][info][gc,stats    ] All times are wall-clock times, except per-root-class counters, that are sum over
[619.736s][info][gc,stats    ] all workers. Dividing the <total> over the root stage time estimates parallelism.
[619.736s][info][gc,stats    ] 
[619.736s][info][gc,stats    ] Concurrent Reset                  13362 us
[619.736s][info][gc,stats    ] Pause Init Mark (G)                 191 us
[619.736s][info][gc,stats    ] Pause Init Mark (N)                 128 us
[619.736s][info][gc,stats    ]   Update Region States               36 us
[619.736s][info][gc,stats    ] Concurrent Mark Roots              7578 us, parallelism: 1.94x
[619.736s][info][gc,stats    ]   CMR: <total>                    14685 us
[619.736s][info][gc,stats    ]   CMR: Thread Roots                1388 us, workers (us): 650, 738, ---, ---, 
[619.736s][info][gc,stats    ]   CMR: Code Cache Roots           12595 us, workers (us): 6011, 6584, ---, ---, 
[619.736s][info][gc,stats    ]   CMR: VM Strong Roots               13 us, workers (us):  13,   0, ---, ---, 
[619.736s][info][gc,stats    ]   CMR: CLDG Roots                   689 us, workers (us): 689, ---, ---, ---, 
[619.736s][info][gc,stats    ] Concurrent Marking               214655 us
[619.736s][info][gc,stats    ] Pause Final Mark (G)                342 us
[619.736s][info][gc,stats    ] Pause Final Mark (N)                313 us
[619.736s][info][gc,stats    ]   Finish Mark                        65 us
[619.736s][info][gc,stats    ]   Update Region States               17 us
[619.736s][info][gc,stats    ]   Choose Collection Set             151 us
[619.736s][info][gc,stats    ]   Rebuild Free Set                   10 us
[619.736s][info][gc,stats    ] Concurrent Thread Roots             799 us, parallelism: 1.87x
[619.736s][info][gc,stats    ]   CTR: <total>                     1492 us
[619.736s][info][gc,stats    ]   CTR: Thread Roots                1492 us, workers (us): 745, 747, ---, ---, 
[619.736s][info][gc,stats    ] Concurrent Weak References          194 us, parallelism: 0.86x
[619.736s][info][gc,stats    ]   CWRF: <total>                     166 us
[619.736s][info][gc,stats    ]   CWRF: Weak References             166 us, workers (us): 123,  43, ---, ---, 
[619.736s][info][gc,stats    ] Concurrent Weak Roots               905 us
[619.736s][info][gc,stats    ]   Roots                             822 us, parallelism: 1.80x
[619.736s][info][gc,stats    ]     CWR: <total>                   1481 us
[619.736s][info][gc,stats    ]     CWR: VM Weak Roots             1481 us, workers (us): 741, 740, ---, ---, 
[619.736s][info][gc,stats    ]   Rendezvous                         49 us
[619.736s][info][gc,stats    ] Concurrent Cleanup                   44 us
[619.736s][info][gc,stats    ] Concurrent Strong Roots            5500 us, parallelism: 1.96x
[619.736s][info][gc,stats    ]   CSR: <total>                    10764 us
[619.736s][info][gc,stats    ]   CSR: Code Cache Roots           10532 us, workers (us): 5402, 5130, ---, ---, 
[619.736s][info][gc,stats    ]   CSR: VM Strong Roots                8 us, workers (us):   4,   4, ---, ---, 
[619.736s][info][gc,stats    ]   CSR: CLDG Roots                   224 us, workers (us): ---, 224, ---, ---, 
[619.736s][info][gc,stats    ] Concurrent Evacuation             34254 us
[619.736s][info][gc,stats    ] Pause Init Update Refs (G)          117 us
[619.736s][info][gc,stats    ] Pause Init Update Refs (N)           54 us
[619.736s][info][gc,stats    ]   Manage GCLABs                       5 us
[619.736s][info][gc,stats    ] Concurrent Update Refs           129861 us
[619.736s][info][gc,stats    ] Concurrent Update Thread Roots     1378 us
[619.736s][info][gc,stats    ] Pause Final Update Refs (G)         197 us
[619.736s][info][gc,stats    ] Pause Final Update Refs (N)         127 us
[619.736s][info][gc,stats    ]   Update Region States               40 us
[619.736s][info][gc,stats    ]   Trash Collection Set               18 us
[619.736s][info][gc,stats    ]   Rebuild Free Set                   11 us
[619.736s][info][gc,stats    ] Concurrent Cleanup                   86 us
[619.736s][info][gc,stats    ] 
[619.736s][info][gc,stats    ] Allocation pacing accrued:
[619.736s][info][gc,stats    ]       0 of 11556 ms (  0.0%): <total>
[619.736s][info][gc,stats    ]       0 of 11556 ms (  0.0%): <average total>
[619.736s][info][gc,stats    ] 
[619.736s][info][gc,metaspace] Metaspace: 135665K(137088K)->135665K(137088K) NonClass: 114634K(115456K)->114634K(115456K) Class: 21031K(21632K)->21031K(21632K)
[619.736s][info][gc,ergo     ] Pacer for Idle. Initial: 163M, Alloc Tax Rate: 1.0x
[629.327s][info][gc          ] Trigger: Free (815M) is below minimum threshold (819M)
[629.327s][info][gc,ergo     ] Free: 815M, Max: 4096K regular, 568M humongous, Frag: 30% external, 0% internal; Reserve: 412M, Max: 4096K
[629.327s][info][gc,start    ] GC(65) Concurrent reset
[629.327s][info][gc,task     ] GC(65) Using 2 of 4 workers for concurrent reset
[629.327s][info][gc,ergo     ] GC(65) Pacer for Reset. Non-Taxable: 8192M
[629.348s][info][gc          ] GC(65) Concurrent reset 21.305ms
[629.348s][info][gc,start    ] GC(65) Pause Init Mark
[629.348s][info][gc,task     ] GC(65) Using 4 of 4 workers for init marking
[629.348s][info][gc,ergo     ] GC(65) Pacer for Mark. Expected Live: 440M, Free: 815M, Non-Taxable: 83471K, Alloc Tax Rate: 0.7x
[629.348s][info][gc          ] GC(65) Pause Init Mark 0.111ms
[629.348s][info][gc,start    ] GC(65) Concurrent marking roots
[629.348s][info][gc,task     ] GC(65) Using 2 of 4 workers for concurrent marking roots
[629.358s][info][gc          ] GC(65) Concurrent marking roots 9.768ms
[629.358s][info][gc,start    ] GC(65) Concurrent marking
[629.358s][info][gc,task     ] GC(65) Using 2 of 4 workers for concurrent marking
[629.569s][info][gc          ] GC(65) Concurrent marking 210.242ms
[629.569s][info][gc,start    ] GC(65) Pause Final Mark
[629.569s][info][gc,task     ] GC(65) Using 4 of 4 workers for final marking
[629.569s][info][gc,ergo     ] GC(65) Adaptive CSet Selection. Target Free: 1160M, Actual Free: 3252M, Max CSet: 341M, Min Garbage: 0B
[629.569s][info][gc,ergo     ] GC(65) Collectable Garbage: 6505M (99%), Immediate: 2240M (34%), CSet: 4265M (65%)
[629.569s][info][gc,ergo     ] GC(65) Pacer for Evacuation. Used CSet: 4324M, Free: 2847M, Non-Taxable: 284M, Alloc Tax Rate: 3.7x
[629.569s][info][gc          ] GC(65) Pause Final Mark 0.296ms
[629.569s][info][gc,start    ] GC(65) Concurrent thread roots
[629.569s][info][gc,task     ] GC(65) Using 2 of 4 workers for Concurrent thread roots
[629.570s][info][gc          ] GC(65) Concurrent thread roots 0.802ms
[629.570s][info][gc,start    ] GC(65) Concurrent weak references
[629.570s][info][gc,task     ] GC(65) Using 2 of 4 workers for concurrent weak references
[629.570s][info][gc,ref      ] GC(65) Encountered references: Soft: 6547, Weak: 23457, Final: 34, Phantom: 815
[629.570s][info][gc,ref      ] GC(65) Discovered  references: Soft: 0, Weak: 12734, Final: 1, Phantom: 635
[629.570s][info][gc,ref      ] GC(65) Enqueued    references: Soft: 0, Weak: 3, Final: 0, Phantom: 1
[629.570s][info][gc          ] GC(65) Concurrent weak references 0.541ms
[629.570s][info][gc,start    ] GC(65) Concurrent weak roots
[629.570s][info][gc,task     ] GC(65) Using 2 of 4 workers for concurrent weak root
[629.571s][info][gc          ] GC(65) Concurrent weak roots 0.883ms
[629.571s][info][gc,start    ] GC(65) Concurrent cleanup
[629.571s][info][gc          ] GC(65) Concurrent cleanup 7180M->4940M(8192M) 0.036ms
[629.571s][info][gc,ergo     ] GC(65) Free: 2839M, Max: 4096K regular, 568M humongous, Frag: 80% external, 0% internal; Reserve: 411M, Max: 4096K
[629.571s][info][gc,start    ] GC(65) Concurrent strong roots
[629.571s][info][gc,task     ] GC(65) Using 2 of 4 workers for concurrent strong root
[629.577s][info][gc          ] GC(65) Concurrent strong roots 6.083ms
[629.577s][info][gc,start    ] GC(65) Concurrent evacuation
[629.577s][info][gc,task     ] GC(65) Using 2 of 4 workers for concurrent evacuation
[629.609s][info][gc          ] GC(65) Concurrent evacuation 31.819ms
[629.609s][info][gc,start    ] GC(65) Pause Init Update Refs
[629.609s][info][gc,ergo     ] GC(65) Pacer for Update Refs. Used: 5036M, Free: 2807M, Non-Taxable: 280M, Alloc Tax Rate: 2.2x
[629.609s][info][gc          ] GC(65) Pause Init Update Refs 0.054ms
[629.609s][info][gc,start    ] GC(65) Concurrent update references
[629.609s][info][gc,task     ] GC(65) Using 2 of 4 workers for concurrent reference update
[629.755s][info][gc          ] GC(65) Concurrent update references 146.099ms
[629.755s][info][gc,start    ] GC(65) Concurrent update thread roots
[629.757s][info][gc          ] GC(65) Concurrent update thread roots 1.322ms
[629.757s][info][gc,start    ] GC(65) Pause Final Update Refs
[629.757s][info][gc,task     ] GC(65) Using 4 of 4 workers for final reference update
[629.757s][info][gc          ] GC(65) Pause Final Update Refs 0.097ms
[629.757s][info][gc,start    ] GC(65) Concurrent cleanup
[629.757s][info][gc          ] GC(65) Concurrent cleanup 5176M->852M(8192M) 0.057ms
[629.757s][info][gc,ergo     ] Free: 6927M, Max: 4096K regular, 5400M humongous, Frag: 22% external, 0% internal; Reserve: 412M, Max: 4096K
[629.757s][info][gc,stats    ] 
[629.757s][info][gc,stats    ] All times are wall-clock times, except per-root-class counters, that are sum over
[629.757s][info][gc,stats    ] all workers. Dividing the <total> over the root stage time estimates parallelism.
[629.757s][info][gc,stats    ] 
[629.757s][info][gc,stats    ] Concurrent Reset                  21405 us
[629.757s][info][gc,stats    ] Pause Init Mark (G)                 181 us
[629.757s][info][gc,stats    ] Pause Init Mark (N)                 122 us
[629.757s][info][gc,stats    ]   Update Region States               37 us
[629.757s][info][gc,stats    ] Concurrent Mark Roots              9810 us, parallelism: 1.94x
[629.757s][info][gc,stats    ]   CMR: <total>                    19023 us
[629.757s][info][gc,stats    ]   CMR: Thread Roots                1372 us, workers (us): 727, 645, ---, ---, 
[629.757s][info][gc,stats    ]   CMR: Code Cache Roots           16487 us, workers (us): 7629, 8859, ---, ---, 
[629.757s][info][gc,stats    ]   CMR: VM Strong Roots               21 us, workers (us):  11,  11, ---, ---, 
[629.757s][info][gc,stats    ]   CMR: CLDG Roots                  1142 us, workers (us): 1142, ---, ---, ---, 
[629.757s][info][gc,stats    ] Concurrent Marking               210285 us
[629.757s][info][gc,stats    ] Pause Final Mark (G)                332 us
[629.757s][info][gc,stats    ] Pause Final Mark (N)                306 us
[629.757s][info][gc,stats    ]   Finish Mark                        70 us
[629.757s][info][gc,stats    ]   Update Region States               17 us
[629.757s][info][gc,stats    ]   Choose Collection Set             142 us
[629.757s][info][gc,stats    ]   Rebuild Free Set                   11 us
[629.757s][info][gc,stats    ] Concurrent Thread Roots             816 us, parallelism: 1.87x
[629.757s][info][gc,stats    ]   CTR: <total>                     1530 us
[629.757s][info][gc,stats    ]   CTR: Thread Roots                1530 us, workers (us): 767, 763, ---, ---, 
[629.757s][info][gc,stats    ] Concurrent Weak References          551 us, parallelism: 1.14x
[629.757s][info][gc,stats    ]   CWRF: <total>                     630 us
[629.757s][info][gc,stats    ]   CWRF: Weak References             630 us, workers (us): 150, 480, ---, ---, 
[629.757s][info][gc,stats    ] Concurrent Weak Roots               897 us
[629.757s][info][gc,stats    ]   Roots                             840 us, parallelism: 1.79x
[629.757s][info][gc,stats    ]     CWR: <total>                   1501 us
[629.757s][info][gc,stats    ]     CWR: VM Weak Roots             1501 us, workers (us): 752, 749, ---, ---, 
[629.757s][info][gc,stats    ]   Rendezvous                         22 us
[629.757s][info][gc,stats    ] Concurrent Cleanup                   48 us
[629.757s][info][gc,stats    ] Concurrent Strong Roots            6118 us, parallelism: 1.96x
[629.757s][info][gc,stats    ]   CSR: <total>                    11966 us
[629.757s][info][gc,stats    ]   CSR: Code Cache Roots           11716 us, workers (us): 6000, 5716, ---, ---, 
[629.757s][info][gc,stats    ]   CSR: VM Strong Roots                8 us, workers (us):   4,   4, ---, ---, 
[629.757s][info][gc,stats    ]   CSR: CLDG Roots                   242 us, workers (us): ---, 242, ---, ---, 
[629.757s][info][gc,stats    ] Concurrent Evacuation             31875 us
[629.757s][info][gc,stats    ] Pause Init Update Refs (G)           94 us
[629.757s][info][gc,stats    ] Pause Init Update Refs (N)           65 us
[629.757s][info][gc,stats    ]   Manage GCLABs                       8 us
[629.757s][info][gc,stats    ] Concurrent Update Refs           146140 us
[629.757s][info][gc,stats    ] Concurrent Update Thread Roots     1345 us
[629.757s][info][gc,stats    ] Pause Final Update Refs (G)         148 us
[629.758s][info][gc,stats    ] Pause Final Update Refs (N)         122 us
[629.758s][info][gc,stats    ]   Update Region States               31 us
[629.758s][info][gc,stats    ]   Trash Collection Set               14 us
[629.758s][info][gc,stats    ]   Rebuild Free Set                   12 us
[629.758s][info][gc,stats    ] Concurrent Cleanup                   69 us
[629.758s][info][gc,stats    ] 
[629.758s][info][gc,stats    ] Allocation pacing accrued:
[629.758s][info][gc,stats    ]       0 of 10021 ms (  0.0%): <total>
[629.758s][info][gc,stats    ]       0 of 10021 ms (  0.0%): <average total>
[629.758s][info][gc,stats    ] 
[629.758s][info][gc,metaspace] Metaspace: 135693K(137088K)->135693K(137088K) NonClass: 114661K(115456K)->114661K(115456K) Class: 21031K(21632K)->21031K(21632K)
[629.758s][info][gc,ergo     ] Pacer for Idle. Initial: 163M, Alloc Tax Rate: 1.0x
[639.122s][info][gc          ] Trigger: Free (811M) is below minimum threshold (819M)
[639.122s][info][gc,ergo     ] Free: 811M, Max: 4096K regular, 576M humongous, Frag: 29% external, 0% internal; Reserve: 412M, Max: 4096K
[639.122s][info][gc,start    ] GC(66) Concurrent reset
[639.122s][info][gc,task     ] GC(66) Using 2 of 4 workers for concurrent reset
[639.122s][info][gc,ergo     ] GC(66) Pacer for Reset. Non-Taxable: 8192M
[639.136s][info][gc          ] GC(66) Concurrent reset 14.037ms
[639.136s][info][gc,start    ] GC(66) Pause Init Mark
[639.136s][info][gc,task     ] GC(66) Using 4 of 4 workers for init marking
[639.136s][info][gc,ergo     ] GC(66) Pacer for Mark. Expected Live: 435M, Free: 807M, Non-Taxable: 82683K, Alloc Tax Rate: 0.7x
[639.136s][info][gc          ] GC(66) Pause Init Mark 0.148ms
[639.136s][info][gc,start    ] GC(66) Concurrent marking roots
[639.136s][info][gc,task     ] GC(66) Using 2 of 4 workers for concurrent marking roots
[639.146s][info][gc          ] GC(66) Concurrent marking roots 9.529ms
[639.146s][info][gc,start    ] GC(66) Concurrent marking
[639.146s][info][gc,task     ] GC(66) Using 2 of 4 workers for concurrent marking
[639.362s][info][gc          ] GC(66) Concurrent marking 216.602ms
[639.362s][info][gc,start    ] GC(66) Pause Final Mark
[639.362s][info][gc,task     ] GC(66) Using 4 of 4 workers for final marking
[639.363s][info][gc,ergo     ] GC(66) Adaptive CSet Selection. Target Free: 1160M, Actual Free: 3068M, Max CSet: 341M, Min Garbage: 0B
[639.363s][info][gc,ergo     ] GC(66) Collectable Garbage: 6508M (99%), Immediate: 2044M (31%), CSet: 4464M (68%)
[639.363s][info][gc,ergo     ] GC(66) Pacer for Evacuation. Used CSet: 4528M, Free: 2663M, Non-Taxable: 266M, Alloc Tax Rate: 4.2x
[639.363s][info][gc          ] GC(66) Pause Final Mark 0.315ms
[639.363s][info][gc,start    ] GC(66) Concurrent thread roots
[639.363s][info][gc,task     ] GC(66) Using 2 of 4 workers for Concurrent thread roots
[639.364s][info][gc          ] GC(66) Concurrent thread roots 0.813ms
[639.364s][info][gc,start    ] GC(66) Concurrent weak references
[639.364s][info][gc,task     ] GC(66) Using 2 of 4 workers for concurrent weak references
[639.364s][info][gc,ref      ] GC(66) Encountered references: Soft: 6547, Weak: 23459, Final: 34, Phantom: 817
[639.364s][info][gc,ref      ] GC(66) Discovered  references: Soft: 0, Weak: 8287, Final: 0, Phantom: 639
[639.364s][info][gc,ref      ] GC(66) Enqueued    references: Soft: 0, Weak: 4, Final: 0, Phantom: 0
[639.364s][info][gc          ] GC(66) Concurrent weak references 0.317ms
[639.364s][info][gc,start    ] GC(66) Concurrent weak roots
[639.364s][info][gc,task     ] GC(66) Using 2 of 4 workers for concurrent weak root
[639.365s][info][gc          ] GC(66) Concurrent weak roots 0.903ms
[639.365s][info][gc,start    ] GC(66) Concurrent cleanup
[639.365s][info][gc          ] GC(66) Concurrent cleanup 7169M->5125M(8192M) 0.034ms
[639.365s][info][gc,ergo     ] GC(66) Free: 2655M, Max: 4096K regular, 576M humongous, Frag: 79% external, 0% internal; Reserve: 411M, Max: 4096K
[639.365s][info][gc,start    ] GC(66) Concurrent strong roots
[639.365s][info][gc,task     ] GC(66) Using 2 of 4 workers for concurrent strong root
[639.371s][info][gc          ] GC(66) Concurrent strong roots 5.762ms
[639.371s][info][gc,start    ] GC(66) Concurrent evacuation
[639.371s][info][gc,task     ] GC(66) Using 2 of 4 workers for concurrent evacuation
[639.405s][info][gc          ] GC(66) Concurrent evacuation 34.141ms
[639.405s][info][gc,start    ] GC(66) Pause Init Update Refs
[639.405s][info][gc,ergo     ] GC(66) Pacer for Update Refs. Used: 5212M, Free: 2635M, Non-Taxable: 263M, Alloc Tax Rate: 2.4x
[639.405s][info][gc          ] GC(66) Pause Init Update Refs 0.047ms
[639.405s][info][gc,start    ] GC(66) Concurrent update references
[639.405s][info][gc,task     ] GC(66) Using 2 of 4 workers for concurrent reference update
[639.542s][info][gc          ] GC(66) Concurrent update references 136.898ms
[639.542s][info][gc,start    ] GC(66) Concurrent update thread roots
[639.543s][info][gc          ] GC(66) Concurrent update thread roots 1.425ms
[639.543s][info][gc,start    ] GC(66) Pause Final Update Refs
[639.543s][info][gc,task     ] GC(66) Using 4 of 4 workers for final reference update
[639.543s][info][gc          ] GC(66) Pause Final Update Refs 0.100ms
[639.544s][info][gc,start    ] GC(66) Concurrent cleanup
[639.544s][info][gc          ] GC(66) Concurrent cleanup 5280M->752M(8192M) 0.056ms
[639.544s][info][gc,ergo     ] Free: 7027M, Max: 4096K regular, 5200M humongous, Frag: 26% external, 0% internal; Reserve: 412M, Max: 4096K
[639.544s][info][gc,stats    ] 
[639.544s][info][gc,stats    ] All times are wall-clock times, except per-root-class counters, that are sum over
[639.544s][info][gc,stats    ] all workers. Dividing the <total> over the root stage time estimates parallelism.
[639.544s][info][gc,stats    ] 
[639.544s][info][gc,stats    ] Concurrent Reset                  14140 us
[639.544s][info][gc,stats    ] Pause Init Mark (G)                 332 us
[639.544s][info][gc,stats    ] Pause Init Mark (N)                 160 us
[639.544s][info][gc,stats    ]   Update Region States               80 us
[639.544s][info][gc,stats    ] Concurrent Mark Roots              9578 us, parallelism: 1.94x
[639.544s][info][gc,stats    ]   CMR: <total>                    18536 us
[639.544s][info][gc,stats    ]   CMR: Thread Roots                1476 us, workers (us): 778, 697, ---, ---, 
[639.544s][info][gc,stats    ]   CMR: Code Cache Roots           16208 us, workers (us): 7649, 8560, ---, ---, 
[639.544s][info][gc,stats    ]   CMR: VM Strong Roots               14 us, workers (us):  12,   2, ---, ---, 
[639.544s][info][gc,stats    ]   CMR: CLDG Roots                   838 us, workers (us): 838, ---, ---, ---, 
[639.544s][info][gc,stats    ] Concurrent Marking               216648 us
[639.544s][info][gc,stats    ] Pause Final Mark (G)                352 us
[639.544s][info][gc,stats    ] Pause Final Mark (N)                326 us
[639.544s][info][gc,stats    ]   Finish Mark                        67 us
[639.544s][info][gc,stats    ]   Update Region States               41 us
[639.544s][info][gc,stats    ]   Choose Collection Set             141 us
[639.544s][info][gc,stats    ]   Rebuild Free Set                   10 us
[639.544s][info][gc,stats    ] Concurrent Thread Roots             832 us, parallelism: 1.83x
[639.544s][info][gc,stats    ]   CTR: <total>                     1526 us
[639.544s][info][gc,stats    ]   CTR: Thread Roots                1526 us, workers (us): 781, 745, ---, ---, 
[639.544s][info][gc,stats    ] Concurrent Weak References          328 us, parallelism: 1.22x
[639.544s][info][gc,stats    ]   CWRF: <total>                     401 us
[639.544s][info][gc,stats    ]   CWRF: Weak References             401 us, workers (us): 243, 158, ---, ---, 
[639.544s][info][gc,stats    ] Concurrent Weak Roots               916 us
[639.544s][info][gc,stats    ]   Roots                             861 us, parallelism: 1.78x
[639.544s][info][gc,stats    ]     CWR: <total>                   1531 us
[639.544s][info][gc,stats    ]     CWR: VM Weak Roots             1531 us, workers (us): 779, 752, ---, ---, 
[639.544s][info][gc,stats    ]   Rendezvous                         21 us
[639.544s][info][gc,stats    ] Concurrent Cleanup                   46 us
[639.544s][info][gc,stats    ] Concurrent Strong Roots            5791 us, parallelism: 1.96x
[639.544s][info][gc,stats    ]   CSR: <total>                    11324 us
[639.544s][info][gc,stats    ]   CSR: Code Cache Roots           11102 us, workers (us): 5442, 5659, ---, ---, 
[639.544s][info][gc,stats    ]   CSR: VM Strong Roots                7 us, workers (us):   6,   0, ---, ---, 
[639.544s][info][gc,stats    ]   CSR: CLDG Roots                   216 us, workers (us): 216, ---, ---, ---, 
[639.544s][info][gc,stats    ] Concurrent Evacuation             34189 us
[639.544s][info][gc,stats    ] Pause Init Update Refs (G)           76 us
[639.544s][info][gc,stats    ] Pause Init Update Refs (N)           58 us
[639.544s][info][gc,stats    ]   Manage GCLABs                       6 us
[639.544s][info][gc,stats    ] Concurrent Update Refs           136942 us
[639.544s][info][gc,stats    ] Concurrent Update Thread Roots     1441 us
[639.544s][info][gc,stats    ] Pause Final Update Refs (G)         155 us
[639.544s][info][gc,stats    ] Pause Final Update Refs (N)         127 us
[639.544s][info][gc,stats    ]   Update Region States               40 us
[639.544s][info][gc,stats    ]   Trash Collection Set               11 us
[639.544s][info][gc,stats    ]   Rebuild Free Set                   11 us
[639.544s][info][gc,stats    ] Concurrent Cleanup                   69 us
[639.544s][info][gc,stats    ] 
[639.544s][info][gc,stats    ] Allocation pacing accrued:
[639.544s][info][gc,stats    ]       0 of  9787 ms (  0.0%): <total>
[639.544s][info][gc,stats    ]       0 of  9787 ms (  0.0%): <average total>
[639.544s][info][gc,stats    ] 
[639.544s][info][gc,metaspace] Metaspace: 135701K(137152K)->135701K(137152K) NonClass: 114669K(115520K)->114669K(115520K) Class: 21031K(21632K)->21031K(21632K)
[639.544s][info][gc,ergo     ] Pacer for Idle. Initial: 163M, Alloc Tax Rate: 1.0x
[650.120s][info][gc          ] Trigger: Free (815M) is below minimum threshold (819M)
[650.120s][info][gc,ergo     ] Free: 815M, Max: 4096K regular, 572M humongous, Frag: 30% external, 0% internal; Reserve: 412M, Max: 4096K
[650.120s][info][gc,start    ] GC(67) Concurrent reset
[650.120s][info][gc,task     ] GC(67) Using 2 of 4 workers for concurrent reset
[650.120s][info][gc,ergo     ] GC(67) Pacer for Reset. Non-Taxable: 8192M
[650.135s][info][gc          ] GC(67) Concurrent reset 15.100ms
[650.135s][info][gc,start    ] GC(67) Pause Init Mark
[650.136s][info][gc,task     ] GC(67) Using 4 of 4 workers for init marking
[650.136s][info][gc,ergo     ] GC(67) Pacer for Mark. Expected Live: 431M, Free: 807M, Non-Taxable: 82683K, Alloc Tax Rate: 0.7x
[650.136s][info][gc          ] GC(67) Pause Init Mark 0.114ms
[650.136s][info][gc,start    ] GC(67) Concurrent marking roots
[650.136s][info][gc,task     ] GC(67) Using 2 of 4 workers for concurrent marking roots
[650.146s][info][gc          ] GC(67) Concurrent marking roots 10.662ms
[650.146s][info][gc,start    ] GC(67) Concurrent marking
[650.146s][info][gc,task     ] GC(67) Using 2 of 4 workers for concurrent marking
[650.353s][info][gc          ] GC(67) Concurrent marking 207.087ms
[650.353s][info][gc,start    ] GC(67) Pause Final Mark
[650.354s][info][gc,task     ] GC(67) Using 4 of 4 workers for final marking
[650.354s][info][gc,ergo     ] GC(67) Adaptive CSet Selection. Target Free: 1160M, Actual Free: 2800M, Max CSet: 341M, Min Garbage: 0B
[650.354s][info][gc,ergo     ] GC(67) Collectable Garbage: 6497M (99%), Immediate: 1636M (25%), CSet: 4861M (74%)
[650.354s][info][gc,ergo     ] GC(67) Pacer for Evacuation. Used CSet: 4936M, Free: 2395M, Non-Taxable: 239M, Alloc Tax Rate: 5.0x
[650.354s][info][gc          ] GC(67) Pause Final Mark 0.325ms
[650.354s][info][gc,start    ] GC(67) Concurrent thread roots
[650.354s][info][gc,task     ] GC(67) Using 2 of 4 workers for Concurrent thread roots
[650.355s][info][gc          ] GC(67) Concurrent thread roots 0.797ms
[650.355s][info][gc,start    ] GC(67) Concurrent weak references
[650.355s][info][gc,task     ] GC(67) Using 2 of 4 workers for concurrent weak references
[650.355s][info][gc,ref      ] GC(67) Encountered references: Soft: 6547, Weak: 23459, Final: 34, Phantom: 823
[650.355s][info][gc,ref      ] GC(67) Discovered  references: Soft: 0, Weak: 11410, Final: 1, Phantom: 701
[650.355s][info][gc,ref      ] GC(67) Enqueued    references: Soft: 0, Weak: 2, Final: 0, Phantom: 0
[650.355s][info][gc          ] GC(67) Concurrent weak references 0.422ms
[650.355s][info][gc,start    ] GC(67) Concurrent weak roots
[650.355s][info][gc,task     ] GC(67) Using 2 of 4 workers for concurrent weak root
[650.356s][info][gc          ] GC(67) Concurrent weak roots 0.905ms
[650.356s][info][gc,start    ] GC(67) Concurrent cleanup
[650.356s][info][gc          ] GC(67) Concurrent cleanup 7029M->5393M(8192M) 0.034ms
[650.356s][info][gc,ergo     ] GC(67) Free: 2387M, Max: 4096K regular, 572M humongous, Frag: 76% external, 0% internal; Reserve: 411M, Max: 4096K
[650.356s][info][gc,start    ] GC(67) Concurrent strong roots
[650.356s][info][gc,task     ] GC(67) Using 2 of 4 workers for concurrent strong root
[650.362s][info][gc          ] GC(67) Concurrent strong roots 5.631ms
[650.362s][info][gc,start    ] GC(67) Concurrent evacuation
[650.362s][info][gc,task     ] GC(67) Using 2 of 4 workers for concurrent evacuation
[650.397s][info][gc          ] GC(67) Concurrent evacuation 34.853ms
[650.397s][info][gc,start    ] GC(67) Pause Init Update Refs
[650.397s][info][gc,ergo     ] GC(67) Pacer for Update Refs. Used: 5473M, Free: 2386M, Non-Taxable: 238M, Alloc Tax Rate: 2.8x
[650.397s][info][gc          ] GC(67) Pause Init Update Refs 0.045ms
[650.397s][info][gc,start    ] GC(67) Concurrent update references
[650.397s][info][gc,task     ] GC(67) Using 2 of 4 workers for concurrent reference update
[650.510s][info][gc          ] GC(67) Concurrent update references 113.297ms
[650.510s][info][gc,start    ] GC(67) Concurrent update thread roots
[650.512s][info][gc          ] GC(67) Concurrent update thread roots 1.459ms
[650.512s][info][gc,start    ] GC(67) Pause Final Update Refs
[650.512s][info][gc,task     ] GC(67) Using 4 of 4 workers for final reference update
[650.512s][info][gc          ] GC(67) Pause Final Update Refs 0.091ms
[650.512s][info][gc,start    ] GC(67) Concurrent cleanup
[650.512s][info][gc          ] GC(67) Concurrent cleanup 5484M->548M(8192M) 0.072ms
[650.512s][info][gc,ergo     ] Free: 7231M, Max: 4096K regular, 5412M humongous, Frag: 25% external, 0% internal; Reserve: 412M, Max: 4096K
[650.512s][info][gc,stats    ] 
[650.512s][info][gc,stats    ] All times are wall-clock times, except per-root-class counters, that are sum over
[650.512s][info][gc,stats    ] all workers. Dividing the <total> over the root stage time estimates parallelism.
[650.512s][info][gc,stats    ] 
[650.512s][info][gc,stats    ] Concurrent Reset                  15188 us
[650.512s][info][gc,stats    ] Pause Init Mark (G)                 220 us
[650.512s][info][gc,stats    ] Pause Init Mark (N)                 126 us
[650.512s][info][gc,stats    ]   Update Region States               42 us
[650.512s][info][gc,stats    ] Concurrent Mark Roots             10705 us, parallelism: 1.94x
[650.512s][info][gc,stats    ]   CMR: <total>                    20775 us
[650.512s][info][gc,stats    ]   CMR: Thread Roots                1450 us, workers (us): 730, 720, ---, ---, 
[650.512s][info][gc,stats    ]   CMR: Code Cache Roots           18448 us, workers (us): 8793, 9654, ---, ---, 
[650.512s][info][gc,stats    ]   CMR: VM Strong Roots               16 us, workers (us):  16,   0, ---, ---, 
[650.512s][info][gc,stats    ]   CMR: CLDG Roots                   862 us, workers (us): 862, ---, ---, ---, 
[650.512s][info][gc,stats    ] Concurrent Marking               207129 us
[650.512s][info][gc,stats    ] Pause Final Mark (G)                361 us
[650.512s][info][gc,stats    ] Pause Final Mark (N)                335 us
[650.512s][info][gc,stats    ]   Finish Mark                        64 us
[650.512s][info][gc,stats    ]   Update Region States               42 us
[650.512s][info][gc,stats    ]   Choose Collection Set             152 us
[650.512s][info][gc,stats    ]   Rebuild Free Set                   10 us
[650.512s][info][gc,stats    ] Concurrent Thread Roots             816 us, parallelism: 1.86x
[650.512s][info][gc,stats    ]   CTR: <total>                     1519 us
[650.512s][info][gc,stats    ]   CTR: Thread Roots                1519 us, workers (us): 760, 759, ---, ---, 
[650.512s][info][gc,stats    ] Concurrent Weak References          432 us, parallelism: 0.91x
[650.512s][info][gc,stats    ]   CWRF: <total>                     395 us
[650.512s][info][gc,stats    ]   CWRF: Weak References             395 us, workers (us): 359,  36, ---, ---, 
[650.512s][info][gc,stats    ] Concurrent Weak Roots               922 us
[650.512s][info][gc,stats    ]   Roots                             849 us, parallelism: 1.81x
[650.512s][info][gc,stats    ]     CWR: <total>                   1534 us
[650.512s][info][gc,stats    ]     CWR: VM Weak Roots             1534 us, workers (us): 767, 767, ---, ---, 
[650.512s][info][gc,stats    ]   Rendezvous                         35 us
[650.512s][info][gc,stats    ] Concurrent Cleanup                   47 us
[650.512s][info][gc,stats    ] Concurrent Strong Roots            5665 us, parallelism: 1.95x
[650.512s][info][gc,stats    ]   CSR: <total>                    11021 us
[650.512s][info][gc,stats    ]   CSR: Code Cache Roots           10782 us, workers (us): 5270, 5512, ---, ---, 
[650.512s][info][gc,stats    ]   CSR: VM Strong Roots                8 us, workers (us):   8,   0, ---, ---, 
[650.512s][info][gc,stats    ]   CSR: CLDG Roots                   232 us, workers (us): 232, ---, ---, ---, 
[650.512s][info][gc,stats    ] Concurrent Evacuation             34901 us
[650.512s][info][gc,stats    ] Pause Init Update Refs (G)           81 us
[650.512s][info][gc,stats    ] Pause Init Update Refs (N)           56 us
[650.512s][info][gc,stats    ]   Manage GCLABs                       6 us
[650.512s][info][gc,stats    ] Concurrent Update Refs           113362 us
[650.512s][info][gc,stats    ] Concurrent Update Thread Roots     1485 us
[650.512s][info][gc,stats    ] Pause Final Update Refs (G)         172 us
[650.512s][info][gc,stats    ] Pause Final Update Refs (N)         115 us
[650.512s][info][gc,stats    ]   Update Region States               38 us
[650.512s][info][gc,stats    ]   Trash Collection Set               12 us
[650.512s][info][gc,stats    ]   Rebuild Free Set                   11 us
[650.512s][info][gc,stats    ] Concurrent Cleanup                   85 us
[650.512s][info][gc,stats    ] 
[650.512s][info][gc,stats    ] Allocation pacing accrued:
[650.512s][info][gc,stats    ]       0 of 10968 ms (  0.0%): <total>
[650.512s][info][gc,stats    ]       0 of 10968 ms (  0.0%): <average total>
[650.512s][info][gc,stats    ] 
[650.512s][info][gc,metaspace] Metaspace: 135724K(137152K)->135724K(137152K) NonClass: 114692K(115520K)->114692K(115520K) Class: 21031K(21632K)->21031K(21632K)
[650.512s][info][gc,ergo     ] Pacer for Idle. Initial: 163M, Alloc Tax Rate: 1.0x
[660.784s][info][gc          ] Trigger: Free (819M) is below minimum threshold (819M)
[660.784s][info][gc,ergo     ] Free: 819M, Max: 4096K regular, 560M humongous, Frag: 31% external, 0% internal; Reserve: 412M, Max: 4096K
[660.784s][info][gc,start    ] GC(68) Concurrent reset
[660.784s][info][gc,task     ] GC(68) Using 2 of 4 workers for concurrent reset
[660.784s][info][gc,ergo     ] GC(68) Pacer for Reset. Non-Taxable: 8192M
[660.803s][info][gc          ] GC(68) Concurrent reset 18.523ms
[660.803s][info][gc,start    ] GC(68) Pause Init Mark
[660.803s][info][gc,task     ] GC(68) Using 4 of 4 workers for init marking
[660.803s][info][gc,ergo     ] GC(68) Pacer for Mark. Expected Live: 433M, Free: 807M, Non-Taxable: 82656K, Alloc Tax Rate: 0.7x
[660.803s][info][gc          ] GC(68) Pause Init Mark 0.140ms
[660.803s][info][gc,start    ] GC(68) Concurrent marking roots
[660.803s][info][gc,task     ] GC(68) Using 2 of 4 workers for concurrent marking roots
[660.812s][info][gc          ] GC(68) Concurrent marking roots 9.171ms
[660.812s][info][gc,start    ] GC(68) Concurrent marking
[660.812s][info][gc,task     ] GC(68) Using 2 of 4 workers for concurrent marking
[661.027s][info][gc          ] GC(68) Concurrent marking 215.056ms
[661.027s][info][gc,start    ] GC(68) Pause Final Mark
[661.028s][info][gc,task     ] GC(68) Using 4 of 4 workers for final marking
[661.028s][info][gc,ergo     ] GC(68) Adaptive CSet Selection. Target Free: 1160M, Actual Free: 3256M, Max CSet: 341M, Min Garbage: 0B
[661.028s][info][gc,ergo     ] GC(68) Collectable Garbage: 6502M (99%), Immediate: 2116M (32%), CSet: 4386M (67%)
[661.028s][info][gc,ergo     ] GC(68) Pacer for Evacuation. Used CSet: 4456M, Free: 2851M, Non-Taxable: 285M, Alloc Tax Rate: 3.8x
[661.028s][info][gc          ] GC(68) Pause Final Mark 0.300ms
[661.028s][info][gc,start    ] GC(68) Concurrent thread roots
[661.028s][info][gc,task     ] GC(68) Using 2 of 4 workers for Concurrent thread roots
[661.029s][info][gc          ] GC(68) Concurrent thread roots 0.818ms
[661.029s][info][gc,start    ] GC(68) Concurrent weak references
[661.029s][info][gc,task     ] GC(68) Using 2 of 4 workers for concurrent weak references
[661.029s][info][gc,ref      ] GC(68) Encountered references: Soft: 6547, Weak: 23463, Final: 34, Phantom: 832
[661.029s][info][gc,ref      ] GC(68) Discovered  references: Soft: 0, Weak: 12374, Final: 0, Phantom: 652
[661.029s][info][gc,ref      ] GC(68) Enqueued    references: Soft: 0, Weak: 3, Final: 0, Phantom: 0
[661.029s][info][gc          ] GC(68) Concurrent weak references 0.582ms
[661.029s][info][gc,start    ] GC(68) Concurrent weak roots
[661.029s][info][gc,task     ] GC(68) Using 2 of 4 workers for concurrent weak root
[661.030s][info][gc          ] GC(68) Concurrent weak roots 0.941ms
[661.030s][info][gc,start    ] GC(68) Concurrent cleanup
[661.030s][info][gc          ] GC(68) Concurrent cleanup 7053M->4937M(8192M) 0.037ms
[661.030s][info][gc,ergo     ] GC(68) Free: 2843M, Max: 4096K regular, 560M humongous, Frag: 81% external, 0% internal; Reserve: 411M, Max: 4096K
[661.030s][info][gc,start    ] GC(68) Concurrent strong roots
[661.030s][info][gc,task     ] GC(68) Using 2 of 4 workers for concurrent strong root
[661.036s][info][gc          ] GC(68) Concurrent strong roots 5.513ms
[661.036s][info][gc,start    ] GC(68) Concurrent evacuation
[661.036s][info][gc,task     ] GC(68) Using 2 of 4 workers for concurrent evacuation
[661.070s][info][gc          ] GC(68) Concurrent evacuation 34.399ms
[661.070s][info][gc,start    ] GC(68) Pause Init Update Refs
[661.070s][info][gc,ergo     ] GC(68) Pacer for Update Refs. Used: 5008M, Free: 2843M, Non-Taxable: 284M, Alloc Tax Rate: 2.2x
[661.070s][info][gc          ] GC(68) Pause Init Update Refs 0.045ms
[661.070s][info][gc,start    ] GC(68) Concurrent update references
[661.070s][info][gc,task     ] GC(68) Using 2 of 4 workers for concurrent reference update
[661.187s][info][gc          ] GC(68) Concurrent update references 116.362ms
[661.187s][info][gc,start    ] GC(68) Concurrent update thread roots
[661.188s][info][gc          ] GC(68) Concurrent update thread roots 1.389ms
[661.188s][info][gc,start    ] GC(68) Pause Final Update Refs
[661.188s][info][gc,task     ] GC(68) Using 4 of 4 workers for final reference update
[661.188s][info][gc          ] GC(68) Pause Final Update Refs 0.107ms
[661.188s][info][gc,start    ] GC(68) Concurrent cleanup
[661.188s][info][gc          ] GC(68) Concurrent cleanup 5016M->560M(8192M) 0.056ms
[661.188s][info][gc,ergo     ] Free: 7219M, Max: 4096K regular, 5344M humongous, Frag: 26% external, 0% internal; Reserve: 412M, Max: 4096K
[661.188s][info][gc,stats    ] 
[661.188s][info][gc,stats    ] All times are wall-clock times, except per-root-class counters, that are sum over
[661.188s][info][gc,stats    ] all workers. Dividing the <total> over the root stage time estimates parallelism.
[661.188s][info][gc,stats    ] 
[661.188s][info][gc,stats    ] Concurrent Reset                  18608 us
[661.188s][info][gc,stats    ] Pause Init Mark (G)                 264 us
[661.188s][info][gc,stats    ] Pause Init Mark (N)                 152 us
[661.188s][info][gc,stats    ]   Update Region States               70 us
[661.188s][info][gc,stats    ] Concurrent Mark Roots              9221 us, parallelism: 1.93x
[661.188s][info][gc,stats    ]   CMR: <total>                    17772 us
[661.189s][info][gc,stats    ]   CMR: Thread Roots                1536 us, workers (us): 755, 781, ---, ---, 
[661.189s][info][gc,stats    ]   CMR: Code Cache Roots           15046 us, workers (us): 6956, 8090, ---, ---, 
[661.189s][info][gc,stats    ]   CMR: VM Strong Roots               14 us, workers (us):  14,   0, ---, ---, 
[661.189s][info][gc,stats    ]   CMR: CLDG Roots                  1176 us, workers (us): 1176, ---, ---, ---, 
[661.189s][info][gc,stats    ] Concurrent Marking               215106 us
[661.189s][info][gc,stats    ] Pause Final Mark (G)                344 us
[661.189s][info][gc,stats    ] Pause Final Mark (N)                312 us
[661.189s][info][gc,stats    ]   Finish Mark                        70 us
[661.189s][info][gc,stats    ]   Update Region States               17 us
[661.189s][info][gc,stats    ]   Choose Collection Set             141 us
[661.189s][info][gc,stats    ]   Rebuild Free Set                   11 us
[661.189s][info][gc,stats    ] Concurrent Thread Roots             835 us, parallelism: 1.87x
[661.189s][info][gc,stats    ]   CTR: <total>                     1561 us
[661.189s][info][gc,stats    ]   CTR: Thread Roots                1561 us, workers (us): 779, 782, ---, ---, 
[661.189s][info][gc,stats    ] Concurrent Weak References          593 us, parallelism: 0.95x
[661.189s][info][gc,stats    ]   CWRF: <total>                     564 us
[661.189s][info][gc,stats    ]   CWRF: Weak References             564 us, workers (us): 516,  48, ---, ---, 
[661.189s][info][gc,stats    ] Concurrent Weak Roots               958 us
[661.189s][info][gc,stats    ]   Roots                             898 us, parallelism: 1.71x
[661.189s][info][gc,stats    ]     CWR: <total>                   1531 us
[661.189s][info][gc,stats    ]     CWR: VM Weak Roots             1531 us, workers (us): 784, 748, ---, ---, 
[661.189s][info][gc,stats    ]   Rendezvous                         23 us
[661.189s][info][gc,stats    ] Concurrent Cleanup                   49 us
[661.189s][info][gc,stats    ] Concurrent Strong Roots            5546 us, parallelism: 1.95x
[661.189s][info][gc,stats    ]   CSR: <total>                    10826 us
[661.189s][info][gc,stats    ]   CSR: Code Cache Roots           10563 us, workers (us): 5169, 5393, ---, ---, 
[661.189s][info][gc,stats    ]   CSR: VM Strong Roots                7 us, workers (us):   4,   3, ---, ---, 
[661.189s][info][gc,stats    ]   CSR: CLDG Roots                   256 us, workers (us): 256, ---, ---, ---, 
[661.189s][info][gc,stats    ] Concurrent Evacuation             34441 us
[661.189s][info][gc,stats    ] Pause Init Update Refs (G)           87 us
[661.189s][info][gc,stats    ] Pause Init Update Refs (N)           56 us
[661.189s][info][gc,stats    ]   Manage GCLABs                       5 us
[661.189s][info][gc,stats    ] Concurrent Update Refs           116407 us
[661.189s][info][gc,stats    ] Concurrent Update Thread Roots     1403 us
[661.189s][info][gc,stats    ] Pause Final Update Refs (G)         149 us
[661.189s][info][gc,stats    ] Pause Final Update Refs (N)         122 us
[661.189s][info][gc,stats    ]   Update Region States               42 us
[661.189s][info][gc,stats    ]   Trash Collection Set               14 us
[661.189s][info][gc,stats    ]   Rebuild Free Set                   11 us
[661.189s][info][gc,stats    ] Concurrent Cleanup                   69 us
[661.189s][info][gc,stats    ] 
[661.189s][info][gc,stats    ] Allocation pacing accrued:
[661.189s][info][gc,stats    ]       0 of 10677 ms (  0.0%): <total>
[661.189s][info][gc,stats    ]       0 of 10677 ms (  0.0%): <average total>
[661.189s][info][gc,stats    ] 
[661.189s][info][gc,metaspace] Metaspace: 135744K(137152K)->135744K(137152K) NonClass: 114712K(115520K)->114712K(115520K) Class: 21031K(21632K)->21031K(21632K)
[661.189s][info][gc,ergo     ] Pacer for Idle. Initial: 163M, Alloc Tax Rate: 1.0x
[670.559s][info][gc          ] Trigger: Free (819M) is below minimum threshold (819M)
[670.559s][info][gc,ergo     ] Free: 819M, Max: 4096K regular, 568M humongous, Frag: 30% external, 0% internal; Reserve: 412M, Max: 4096K
[670.559s][info][gc,start    ] GC(69) Concurrent reset
[670.559s][info][gc,task     ] GC(69) Using 2 of 4 workers for concurrent reset
[670.559s][info][gc,ergo     ] GC(69) Pacer for Reset. Non-Taxable: 8192M
[670.572s][info][gc          ] GC(69) Concurrent reset 12.784ms
[670.572s][info][gc,start    ] GC(69) Pause Init Mark
[670.572s][info][gc,task     ] GC(69) Using 4 of 4 workers for init marking
[670.572s][info][gc,ergo     ] GC(69) Pacer for Mark. Expected Live: 434M, Free: 811M, Non-Taxable: 83058K, Alloc Tax Rate: 0.7x
[670.572s][info][gc          ] GC(69) Pause Init Mark 0.132ms
[670.572s][info][gc,start    ] GC(69) Concurrent marking roots
[670.572s][info][gc,task     ] GC(69) Using 2 of 4 workers for concurrent marking roots
[670.580s][info][gc          ] GC(69) Concurrent marking roots 8.192ms
[670.580s][info][gc,start    ] GC(69) Concurrent marking
[670.580s][info][gc,task     ] GC(69) Using 2 of 4 workers for concurrent marking
[670.801s][info][gc          ] GC(69) Concurrent marking 221.071ms
[670.801s][info][gc,start    ] GC(69) Pause Final Mark
[670.801s][info][gc,task     ] GC(69) Using 4 of 4 workers for final marking
[670.801s][info][gc,ergo     ] GC(69) Adaptive CSet Selection. Target Free: 1160M, Actual Free: 2808M, Max CSet: 341M, Min Garbage: 0B
[670.802s][info][gc,ergo     ] GC(69) Collectable Garbage: 6492M (99%), Immediate: 1780M (27%), CSet: 4712M (72%)
[670.802s][info][gc,ergo     ] GC(69) Pacer for Evacuation. Used CSet: 4788M, Free: 2403M, Non-Taxable: 240M, Alloc Tax Rate: 4.9x
[670.802s][info][gc          ] GC(69) Pause Final Mark 0.303ms
[670.802s][info][gc,start    ] GC(69) Concurrent thread roots
[670.802s][info][gc,task     ] GC(69) Using 2 of 4 workers for Concurrent thread roots
[670.802s][info][gc          ] GC(69) Concurrent thread roots 0.781ms
[670.802s][info][gc,start    ] GC(69) Concurrent weak references
[670.802s][info][gc,task     ] GC(69) Using 2 of 4 workers for concurrent weak references
[670.803s][info][gc,ref      ] GC(69) Encountered references: Soft: 6547, Weak: 23465, Final: 34, Phantom: 835
[670.803s][info][gc,ref      ] GC(69) Discovered  references: Soft: 0, Weak: 4122, Final: 1, Phantom: 707
[670.803s][info][gc,ref      ] GC(69) Enqueued    references: Soft: 0, Weak: 4, Final: 0, Phantom: 0
[670.803s][info][gc          ] GC(69) Concurrent weak references 0.250ms
[670.803s][info][gc,start    ] GC(69) Concurrent weak roots
[670.803s][info][gc,task     ] GC(69) Using 2 of 4 workers for concurrent weak root
[670.804s][info][gc          ] GC(69) Concurrent weak roots 0.935ms
[670.804s][info][gc,start    ] GC(69) Concurrent cleanup
[670.804s][info][gc          ] GC(69) Concurrent cleanup 7165M->5385M(8192M) 0.037ms
[670.804s][info][gc,ergo     ] GC(69) Free: 2395M, Max: 4096K regular, 568M humongous, Frag: 77% external, 0% internal; Reserve: 411M, Max: 4096K
[670.804s][info][gc,start    ] GC(69) Concurrent strong roots
[670.804s][info][gc,task     ] GC(69) Using 2 of 4 workers for concurrent strong root
[670.809s][info][gc          ] GC(69) Concurrent strong roots 5.445ms
[670.809s][info][gc,start    ] GC(69) Concurrent evacuation
[670.809s][info][gc,task     ] GC(69) Using 2 of 4 workers for concurrent evacuation
[670.851s][info][gc          ] GC(69) Concurrent evacuation 41.955ms
[670.851s][info][gc,start    ] GC(69) Pause Init Update Refs
[670.851s][info][gc,ergo     ] GC(69) Pacer for Update Refs. Used: 5492M, Free: 2367M, Non-Taxable: 236M, Alloc Tax Rate: 2.8x
[670.851s][info][gc          ] GC(69) Pause Init Update Refs 0.042ms
[670.851s][info][gc,start    ] GC(69) Concurrent update references
[670.851s][info][gc,task     ] GC(69) Using 2 of 4 workers for concurrent reference update
[670.987s][info][gc          ] GC(69) Concurrent update references 136.212ms
[670.987s][info][gc,start    ] GC(69) Concurrent update thread roots
[670.989s][info][gc          ] GC(69) Concurrent update thread roots 1.370ms
[670.989s][info][gc,start    ] GC(69) Pause Final Update Refs
[670.989s][info][gc,task     ] GC(69) Using 4 of 4 workers for final reference update
[670.989s][info][gc          ] GC(69) Pause Final Update Refs 0.095ms
[670.989s][info][gc,start    ] GC(69) Concurrent cleanup
[670.989s][info][gc          ] GC(69) Concurrent cleanup 5573M->785M(8192M) 0.058ms
[670.989s][info][gc,ergo     ] Free: 6994M, Max: 4096K regular, 5324M humongous, Frag: 24% external, 0% internal; Reserve: 412M, Max: 4096K
[670.989s][info][gc,stats    ] 
[670.989s][info][gc,stats    ] All times are wall-clock times, except per-root-class counters, that are sum over
[670.989s][info][gc,stats    ] all workers. Dividing the <total> over the root stage time estimates parallelism.
[670.989s][info][gc,stats    ] 
[670.989s][info][gc,stats    ] Concurrent Reset                  12826 us
[670.989s][info][gc,stats    ] Pause Init Mark (G)                 254 us
[670.989s][info][gc,stats    ] Pause Init Mark (N)                 144 us
[670.989s][info][gc,stats    ]   Update Region States               51 us
[670.989s][info][gc,stats    ] Concurrent Mark Roots              8221 us, parallelism: 1.95x
[670.989s][info][gc,stats    ]   CMR: <total>                    16041 us
[670.989s][info][gc,stats    ]   CMR: Thread Roots                1381 us, workers (us): 755, 625, ---, ---, 
[670.989s][info][gc,stats    ]   CMR: Code Cache Roots           13957 us, workers (us): 6581, 7376, ---, ---, 
[670.989s][info][gc,stats    ]   CMR: VM Strong Roots               13 us, workers (us):  13,   0, ---, ---, 
[670.989s][info][gc,stats    ]   CMR: CLDG Roots                   691 us, workers (us): 691, ---, ---, ---, 
[670.989s][info][gc,stats    ] Concurrent Marking               221116 us
[670.989s][info][gc,stats    ] Pause Final Mark (G)                340 us
[670.989s][info][gc,stats    ] Pause Final Mark (N)                313 us
[670.989s][info][gc,stats    ]   Finish Mark                        67 us
[670.989s][info][gc,stats    ]   Update Region States               44 us
[670.989s][info][gc,stats    ]   Choose Collection Set             128 us
[670.989s][info][gc,stats    ]   Rebuild Free Set                   10 us
[670.989s][info][gc,stats    ] Concurrent Thread Roots             803 us, parallelism: 1.76x
[670.989s][info][gc,stats    ]   CTR: <total>                     1414 us
[670.989s][info][gc,stats    ]   CTR: Thread Roots                1414 us, workers (us): 708, 706, ---, ---, 
[670.989s][info][gc,stats    ] Concurrent Weak References          261 us, parallelism: 1.02x
[670.989s][info][gc,stats    ]   CWRF: <total>                     267 us
[670.989s][info][gc,stats    ]   CWRF: Weak References             267 us, workers (us): 121, 146, ---, ---, 
[670.989s][info][gc,stats    ] Concurrent Weak Roots               956 us
[670.989s][info][gc,stats    ]   Roots                             849 us, parallelism: 1.73x
[670.989s][info][gc,stats    ]     CWR: <total>                   1470 us
[670.989s][info][gc,stats    ]     CWR: VM Weak Roots             1470 us, workers (us): 735, 735, ---, ---, 
[670.989s][info][gc,stats    ]   Rendezvous                         58 us
[670.989s][info][gc,stats    ] Concurrent Cleanup                   50 us
[670.989s][info][gc,stats    ] Concurrent Strong Roots            5468 us, parallelism: 1.95x
[670.989s][info][gc,stats    ]   CSR: <total>                    10677 us
[670.989s][info][gc,stats    ]   CSR: Code Cache Roots           10442 us, workers (us): 5327, 5115, ---, ---, 
[670.989s][info][gc,stats    ]   CSR: VM Strong Roots                7 us, workers (us):   4,   3, ---, ---, 
[670.990s][info][gc,stats    ]   CSR: CLDG Roots                   228 us, workers (us): ---, 228, ---, ---, 
[670.990s][info][gc,stats    ] Concurrent Evacuation             41990 us
[670.990s][info][gc,stats    ] Pause Init Update Refs (G)          106 us
[670.990s][info][gc,stats    ] Pause Init Update Refs (N)           53 us
[670.990s][info][gc,stats    ]   Manage GCLABs                       5 us
[670.990s][info][gc,stats    ] Concurrent Update Refs           136257 us
[670.990s][info][gc,stats    ] Concurrent Update Thread Roots     1386 us
[670.990s][info][gc,stats    ] Pause Final Update Refs (G)         149 us
[670.990s][info][gc,stats    ] Pause Final Update Refs (N)         120 us
[670.990s][info][gc,stats    ]   Update Region States               28 us
[670.990s][info][gc,stats    ]   Trash Collection Set               15 us
[670.990s][info][gc,stats    ]   Rebuild Free Set                   11 us
[670.990s][info][gc,stats    ] Concurrent Cleanup                   71 us
[670.990s][info][gc,stats    ] 
[670.990s][info][gc,stats    ] Allocation pacing accrued:
[670.990s][info][gc,stats    ]       0 of  9801 ms (  0.0%): <total>
[670.990s][info][gc,stats    ]       0 of  9801 ms (  0.0%): <average total>
[670.990s][info][gc,stats    ] 
[670.990s][info][gc,metaspace] Metaspace: 135746K(137152K)->135746K(137152K) NonClass: 114715K(115520K)->114715K(115520K) Class: 21031K(21632K)->21031K(21632K)
[670.990s][info][gc,ergo     ] Pacer for Idle. Initial: 163M, Alloc Tax Rate: 1.0x
[679.465s][info][gc          ] Trigger: Free (819M) is below minimum threshold (819M)
[679.465s][info][gc,ergo     ] Free: 819M, Max: 4096K regular, 560M humongous, Frag: 31% external, 0% internal; Reserve: 412M, Max: 4096K
[679.465s][info][gc,start    ] GC(70) Concurrent reset
[679.465s][info][gc,task     ] GC(70) Using 2 of 4 workers for concurrent reset
[679.465s][info][gc,ergo     ] GC(70) Pacer for Reset. Non-Taxable: 8192M
[679.480s][info][gc          ] GC(70) Concurrent reset 14.917ms
[679.480s][info][gc,start    ] GC(70) Pause Init Mark
[679.480s][info][gc,task     ] GC(70) Using 4 of 4 workers for init marking
[679.480s][info][gc,ergo     ] GC(70) Pacer for Mark. Expected Live: 437M, Free: 811M, Non-Taxable: 83050K, Alloc Tax Rate: 0.7x
[679.480s][info][gc          ] GC(70) Pause Init Mark 0.127ms
[679.481s][info][gc,start    ] GC(70) Concurrent marking roots
[679.481s][info][gc,task     ] GC(70) Using 2 of 4 workers for concurrent marking roots
[679.492s][info][gc          ] GC(70) Concurrent marking roots 11.725ms
[679.492s][info][gc,start    ] GC(70) Concurrent marking
[679.492s][info][gc,task     ] GC(70) Using 2 of 4 workers for concurrent marking
[679.733s][info][gc          ] GC(70) Concurrent marking 240.701ms
[679.733s][info][gc,start    ] GC(70) Pause Final Mark
[679.733s][info][gc,task     ] GC(70) Using 4 of 4 workers for final marking
[679.733s][info][gc,ergo     ] GC(70) Adaptive CSet Selection. Target Free: 1160M, Actual Free: 2368M, Max CSet: 341M, Min Garbage: 0B
[679.733s][info][gc,ergo     ] GC(70) Collectable Garbage: 6457M (99%), Immediate: 1308M (20%), CSet: 5149M (79%)
[679.733s][info][gc,ergo     ] GC(70) Pacer for Evacuation. Used CSet: 5260M, Free: 1967M, Non-Taxable: 196M, Alloc Tax Rate: 6.5x
[679.733s][info][gc          ] GC(70) Pause Final Mark 0.371ms
[679.734s][info][gc,start    ] GC(70) Concurrent thread roots
[679.734s][info][gc,task     ] GC(70) Using 2 of 4 workers for Concurrent thread roots
[679.734s][info][gc          ] GC(70) Concurrent thread roots 0.788ms
[679.734s][info][gc,start    ] GC(70) Concurrent weak references
[679.734s][info][gc,task     ] GC(70) Using 2 of 4 workers for concurrent weak references
[679.734s][info][gc,ref      ] GC(70) Encountered references: Soft: 6547, Weak: 23466, Final: 34, Phantom: 841
[679.734s][info][gc,ref      ] GC(70) Discovered  references: Soft: 0, Weak: 656, Final: 1, Phantom: 717
[679.734s][info][gc,ref      ] GC(70) Enqueued    references: Soft: 0, Weak: 3, Final: 0, Phantom: 0
[679.734s][info][gc          ] GC(70) Concurrent weak references 0.157ms
[679.734s][info][gc,start    ] GC(70) Concurrent weak roots
[679.734s][info][gc,task     ] GC(70) Using 2 of 4 workers for concurrent weak root
[679.735s][info][gc          ] GC(70) Concurrent weak roots 0.973ms
[679.735s][info][gc,start    ] GC(70) Concurrent cleanup
[679.735s][info][gc          ] GC(70) Concurrent cleanup 7125M->5817M(8192M) 0.028ms
[679.736s][info][gc,ergo     ] GC(70) Free: 1962M, Max: 4096K regular, 560M humongous, Frag: 72% external, 0% internal; Reserve: 411M, Max: 4096K
[679.736s][info][gc,start    ] GC(70) Concurrent strong roots
[679.736s][info][gc,task     ] GC(70) Using 2 of 4 workers for concurrent strong root
[679.741s][info][gc          ] GC(70) Concurrent strong roots 5.625ms
[679.741s][info][gc,start    ] GC(70) Concurrent evacuation
[679.741s][info][gc,task     ] GC(70) Using 2 of 4 workers for concurrent evacuation
[679.803s][info][gc          ] GC(70) Concurrent evacuation 62.269ms
[679.804s][info][gc,start    ] GC(70) Pause Init Update Refs
[679.804s][info][gc,ergo     ] GC(70) Pacer for Update Refs. Used: 5957M, Free: 1934M, Non-Taxable: 193M, Alloc Tax Rate: 3.8x
[679.804s][info][gc          ] GC(70) Pause Init Update Refs 0.046ms
[679.804s][info][gc,start    ] GC(70) Concurrent update references
[679.804s][info][gc,task     ] GC(70) Using 2 of 4 workers for concurrent reference update
[679.959s][info][gc          ] GC(70) Concurrent update references 155.367ms
[679.959s][info][gc,start    ] GC(70) Concurrent update thread roots
[679.960s][info][gc          ] GC(70) Concurrent update thread roots 1.462ms
[679.961s][info][gc,start    ] GC(70) Pause Final Update Refs
[679.961s][info][gc,task     ] GC(70) Using 4 of 4 workers for final reference update
[679.961s][info][gc          ] GC(70) Pause Final Update Refs 0.101ms
[679.961s][info][gc,start    ] GC(70) Concurrent cleanup
[679.961s][info][gc          ] GC(70) Concurrent cleanup 6057M->797M(8192M) 0.079ms
[679.961s][info][gc,ergo     ] Free: 6982M, Max: 4096K regular, 5200M humongous, Frag: 26% external, 0% internal; Reserve: 412M, Max: 4096K
[679.961s][info][gc,stats    ] 
[679.961s][info][gc,stats    ] All times are wall-clock times, except per-root-class counters, that are sum over
[679.961s][info][gc,stats    ] all workers. Dividing the <total> over the root stage time estimates parallelism.
[679.961s][info][gc,stats    ] 
[679.961s][info][gc,stats    ] Concurrent Reset                  14979 us
[679.961s][info][gc,stats    ] Pause Init Mark (G)                 280 us
[679.961s][info][gc,stats    ] Pause Init Mark (N)                 139 us
[679.961s][info][gc,stats    ]   Update Region States               52 us
[679.961s][info][gc,stats    ] Concurrent Mark Roots             11766 us, parallelism: 1.93x
[679.961s][info][gc,stats    ]   CMR: <total>                    22758 us
[679.961s][info][gc,stats    ]   CMR: Thread Roots                1496 us, workers (us): 754, 742, ---, ---, 
[679.961s][info][gc,stats    ]   CMR: Code Cache Roots           15873 us, workers (us): 10609, 5265, ---, ---, 
[679.961s][info][gc,stats    ]   CMR: VM Strong Roots               35 us, workers (us):  31,   4, ---, ---, 
[679.961s][info][gc,stats    ]   CMR: CLDG Roots                  5354 us, workers (us): ---, 5354, ---, ---, 
[679.961s][info][gc,stats    ] Concurrent Marking               240738 us
[679.961s][info][gc,stats    ] Pause Final Mark (G)                438 us
[679.961s][info][gc,stats    ] Pause Final Mark (N)                382 us
[679.961s][info][gc,stats    ]   Finish Mark                        64 us
[679.961s][info][gc,stats    ]   Update Region States               82 us
[679.961s][info][gc,stats    ]   Choose Collection Set             159 us
[679.961s][info][gc,stats    ]   Rebuild Free Set                   10 us
[679.961s][info][gc,stats    ] Concurrent Thread Roots             807 us, parallelism: 1.81x
[679.961s][info][gc,stats    ]   CTR: <total>                     1458 us
[679.961s][info][gc,stats    ]   CTR: Thread Roots                1458 us, workers (us): 745, 712, ---, ---, 
[679.961s][info][gc,stats    ] Concurrent Weak References          167 us, parallelism: 0.55x
[679.961s][info][gc,stats    ]   CWRF: <total>                      92 us
[679.961s][info][gc,stats    ]   CWRF: Weak References              92 us, workers (us):  92,   0, ---, ---, 
[679.961s][info][gc,stats    ] Concurrent Weak Roots               986 us
[679.961s][info][gc,stats    ]   Roots                             923 us, parallelism: 1.75x
[679.961s][info][gc,stats    ]     CWR: <total>                   1611 us
[679.961s][info][gc,stats    ]     CWR: VM Weak Roots             1611 us, workers (us): 806, 806, ---, ---, 
[679.961s][info][gc,stats    ]   Rendezvous                         29 us
[679.961s][info][gc,stats    ] Concurrent Cleanup                   40 us
[679.961s][info][gc,stats    ] Concurrent Strong Roots            5661 us, parallelism: 1.94x
[679.961s][info][gc,stats    ]   CSR: <total>                    10955 us
[679.961s][info][gc,stats    ]   CSR: Code Cache Roots           10733 us, workers (us): 5205, 5528, ---, ---, 
[679.961s][info][gc,stats    ]   CSR: VM Strong Roots                8 us, workers (us):   8,   0, ---, ---, 
[679.961s][info][gc,stats    ]   CSR: CLDG Roots                   214 us, workers (us): 214, ---, ---, ---, 
[679.961s][info][gc,stats    ] Concurrent Evacuation             62313 us
[679.961s][info][gc,stats    ] Pause Init Update Refs (G)          109 us
[679.961s][info][gc,stats    ] Pause Init Update Refs (N)           57 us
[679.961s][info][gc,stats    ]   Manage GCLABs                       6 us
[679.961s][info][gc,stats    ] Concurrent Update Refs           155414 us
[679.961s][info][gc,stats    ] Concurrent Update Thread Roots     1480 us
[679.961s][info][gc,stats    ] Pause Final Update Refs (G)         226 us
[679.961s][info][gc,stats    ] Pause Final Update Refs (N)         130 us
[679.961s][info][gc,stats    ]   Update Region States               40 us
[679.961s][info][gc,stats    ]   Trash Collection Set               12 us
[679.961s][info][gc,stats    ]   Rebuild Free Set                   10 us
[679.961s][info][gc,stats    ] Concurrent Cleanup                  105 us
[679.961s][info][gc,stats    ] 
[679.961s][info][gc,stats    ] Allocation pacing accrued:
[679.961s][info][gc,stats    ]       0 of  8972 ms (  0.0%): <total>
[679.961s][info][gc,stats    ]       0 of  8972 ms (  0.0%): <average total>
[679.961s][info][gc,stats    ] 
[679.961s][info][gc,metaspace] Metaspace: 135750K(137152K)->135750K(137152K) NonClass: 114718K(115520K)->114718K(115520K) Class: 21031K(21632K)->21031K(21632K)
[679.961s][info][gc,ergo     ] Pacer for Idle. Initial: 163M, Alloc Tax Rate: 1.0x
[687.851s][info][gc          ] Trigger: Free (818M) is below minimum threshold (819M)
[687.852s][info][gc,ergo     ] Free: 818M, Max: 4096K regular, 528M humongous, Frag: 35% external, 0% internal; Reserve: 412M, Max: 4096K
[687.852s][info][gc,start    ] GC(71) Concurrent reset
[687.852s][info][gc,task     ] GC(71) Using 2 of 4 workers for concurrent reset
[687.852s][info][gc,ergo     ] GC(71) Pacer for Reset. Non-Taxable: 8192M
[687.867s][info][gc          ] GC(71) Concurrent reset 15.795ms
[687.868s][info][gc,start    ] GC(71) Pause Init Mark
[687.868s][info][gc,task     ] GC(71) Using 4 of 4 workers for init marking
[687.868s][info][gc,ergo     ] GC(71) Pacer for Mark. Expected Live: 447M, Free: 810M, Non-Taxable: 83026K, Alloc Tax Rate: 0.7x
[687.868s][info][gc          ] GC(71) Pause Init Mark 0.087ms
[687.868s][info][gc,start    ] GC(71) Concurrent marking roots
[687.868s][info][gc,task     ] GC(71) Using 2 of 4 workers for concurrent marking roots
[687.876s][info][gc          ] GC(71) Concurrent marking roots 8.468ms
[687.876s][info][gc,start    ] GC(71) Concurrent marking
[687.876s][info][gc,task     ] GC(71) Using 2 of 4 workers for concurrent marking
[688.128s][info][gc          ] GC(71) Concurrent marking 251.570ms
[688.128s][info][gc,start    ] GC(71) Pause Final Mark
[688.128s][info][gc,task     ] GC(71) Using 4 of 4 workers for final marking
[688.128s][info][gc,ergo     ] GC(71) Adaptive CSet Selection. Target Free: 1160M, Actual Free: 2580M, Max CSet: 341M, Min Garbage: 0B
[688.128s][info][gc,ergo     ] GC(71) Collectable Garbage: 6447M (99%), Immediate: 1596M (24%), CSet: 4851M (74%)
[688.128s][info][gc,ergo     ] GC(71) Pacer for Evacuation. Used CSet: 4972M, Free: 2179M, Non-Taxable: 217M, Alloc Tax Rate: 5.6x
[688.128s][info][gc          ] GC(71) Pause Final Mark 0.342ms
[688.128s][info][gc,start    ] GC(71) Concurrent thread roots
[688.128s][info][gc,task     ] GC(71) Using 2 of 4 workers for Concurrent thread roots
[688.129s][info][gc          ] GC(71) Concurrent thread roots 0.758ms
[688.129s][info][gc,start    ] GC(71) Concurrent weak references
[688.129s][info][gc,task     ] GC(71) Using 2 of 4 workers for concurrent weak references
[688.129s][info][gc,ref      ] GC(71) Encountered references: Soft: 6547, Weak: 23466, Final: 34, Phantom: 844
[688.129s][info][gc,ref      ] GC(71) Discovered  references: Soft: 0, Weak: 11595, Final: 33, Phantom: 718
[688.129s][info][gc,ref      ] GC(71) Enqueued    references: Soft: 0, Weak: 2, Final: 0, Phantom: 0
[688.130s][info][gc          ] GC(71) Concurrent weak references 0.610ms
[688.130s][info][gc,start    ] GC(71) Concurrent weak roots
[688.130s][info][gc,task     ] GC(71) Using 2 of 4 workers for concurrent weak root
[688.131s][info][gc          ] GC(71) Concurrent weak roots 0.986ms
[688.131s][info][gc,start    ] GC(71) Concurrent cleanup
[688.131s][info][gc          ] GC(71) Concurrent cleanup 7205M->5609M(8192M) 0.035ms
[688.131s][info][gc,ergo     ] GC(71) Free: 2171M, Max: 4096K regular, 528M humongous, Frag: 76% external, 0% internal; Reserve: 411M, Max: 4096K
[688.131s][info][gc,start    ] GC(71) Concurrent strong roots
[688.131s][info][gc,task     ] GC(71) Using 2 of 4 workers for concurrent strong root
[688.141s][info][gc          ] GC(71) Concurrent strong roots 9.922ms
[688.141s][info][gc,start    ] GC(71) Concurrent evacuation
[688.141s][info][gc,task     ] GC(71) Using 2 of 4 workers for concurrent evacuation
[688.295s][info][gc          ] GC(71) Concurrent evacuation 154.634ms
[688.295s][info][gc,start    ] GC(71) Pause Init Update Refs
[688.295s][info][gc,ergo     ] GC(71) Pacer for Update Refs. Used: 5852M, Free: 2055M, Non-Taxable: 205M, Alloc Tax Rate: 3.5x
[688.295s][info][gc          ] GC(71) Pause Init Update Refs 0.048ms
[688.295s][info][gc,start    ] GC(71) Concurrent update references
[688.295s][info][gc,task     ] GC(71) Using 2 of 4 workers for concurrent reference update
[688.454s][info][gc          ] GC(71) Concurrent update references 158.212ms
[688.454s][info][gc,start    ] GC(71) Concurrent update thread roots
[688.455s][info][gc          ] GC(71) Concurrent update thread roots 1.391ms
[688.455s][info][gc,start    ] GC(71) Pause Final Update Refs
[688.455s][info][gc,task     ] GC(71) Using 4 of 4 workers for final reference update
[688.455s][info][gc          ] GC(71) Pause Final Update Refs 0.111ms
[688.455s][info][gc,start    ] GC(71) Concurrent cleanup
[688.455s][info][gc          ] GC(71) Concurrent cleanup 5932M->960M(8192M) 0.061ms
[688.455s][info][gc,ergo     ] Free: 6819M, Max: 4096K regular, 5332M humongous, Frag: 22% external, 0% internal; Reserve: 412M, Max: 4096K
[688.455s][info][gc,stats    ] 
[688.455s][info][gc,stats    ] All times are wall-clock times, except per-root-class counters, that are sum over
[688.455s][info][gc,stats    ] all workers. Dividing the <total> over the root stage time estimates parallelism.
[688.455s][info][gc,stats    ] 
[688.455s][info][gc,stats    ] Concurrent Reset                  15868 us
[688.455s][info][gc,stats    ] Pause Init Mark (G)                 204 us
[688.455s][info][gc,stats    ] Pause Init Mark (N)                 100 us
[688.455s][info][gc,stats    ]   Update Region States               15 us
[688.455s][info][gc,stats    ] Concurrent Mark Roots              8494 us, parallelism: 1.94x
[688.455s][info][gc,stats    ]   CMR: <total>                    16464 us
[688.455s][info][gc,stats    ]   CMR: Thread Roots                1398 us, workers (us): 708, 690, ---, ---, 
[688.455s][info][gc,stats    ]   CMR: Code Cache Roots           14227 us, workers (us): 7517, 6710, ---, ---, 
[688.455s][info][gc,stats    ]   CMR: VM Strong Roots               18 us, workers (us):   9,   8, ---, ---, 
[688.455s][info][gc,stats    ]   CMR: CLDG Roots                   822 us, workers (us): ---, 822, ---, ---, 
[688.455s][info][gc,stats    ] Concurrent Marking               251614 us
[688.455s][info][gc,stats    ] Pause Final Mark (G)                374 us
[688.455s][info][gc,stats    ] Pause Final Mark (N)                353 us
[688.455s][info][gc,stats    ]   Finish Mark                        76 us
[688.455s][info][gc,stats    ]   Update Region States               49 us
[688.456s][info][gc,stats    ]   Choose Collection Set             152 us
[688.456s][info][gc,stats    ]   Rebuild Free Set                   10 us
[688.456s][info][gc,stats    ] Concurrent Thread Roots             780 us, parallelism: 1.78x
[688.456s][info][gc,stats    ]   CTR: <total>                     1387 us
[688.456s][info][gc,stats    ]   CTR: Thread Roots                1387 us, workers (us): 692, 694, ---, ---, 
[688.456s][info][gc,stats    ] Concurrent Weak References          621 us, parallelism: 0.89x
[688.456s][info][gc,stats    ]   CWRF: <total>                     554 us
[688.456s][info][gc,stats    ]   CWRF: Weak References             554 us, workers (us):  49, 505, ---, ---, 
[688.456s][info][gc,stats    ] Concurrent Weak Roots              1008 us
[688.456s][info][gc,stats    ]   Roots                             910 us, parallelism: 1.70x
[688.456s][info][gc,stats    ]     CWR: <total>                   1547 us
[688.456s][info][gc,stats    ]     CWR: VM Weak Roots             1547 us, workers (us): 792, 755, ---, ---, 
[688.456s][info][gc,stats    ]   Rendezvous                         54 us
[688.456s][info][gc,stats    ] Concurrent Cleanup                   48 us
[688.456s][info][gc,stats    ] Concurrent Strong Roots            9988 us, parallelism: 1.96x
[688.456s][info][gc,stats    ]   CSR: <total>                    19616 us
[688.456s][info][gc,stats    ]   CSR: Code Cache Roots           19340 us, workers (us): 9757, 9583, ---, ---, 
[688.456s][info][gc,stats    ]   CSR: VM Strong Roots                7 us, workers (us):   4,   3, ---, ---, 
[688.456s][info][gc,stats    ]   CSR: CLDG Roots                   269 us, workers (us): ---, 269, ---, ---, 
[688.456s][info][gc,stats    ] Concurrent Evacuation            154688 us
[688.456s][info][gc,stats    ] Pause Init Update Refs (G)          100 us
[688.456s][info][gc,stats    ] Pause Init Update Refs (N)           59 us
[688.456s][info][gc,stats    ]   Manage GCLABs                       7 us
[688.456s][info][gc,stats    ] Concurrent Update Refs           158258 us
[688.456s][info][gc,stats    ] Concurrent Update Thread Roots     1405 us
[688.456s][info][gc,stats    ] Pause Final Update Refs (G)         152 us
[688.456s][info][gc,stats    ] Pause Final Update Refs (N)         125 us
[688.456s][info][gc,stats    ]   Update Region States               36 us
[688.456s][info][gc,stats    ]   Trash Collection Set               14 us
[688.456s][info][gc,stats    ]   Rebuild Free Set                   10 us
[688.456s][info][gc,stats    ] Concurrent Cleanup                   74 us
[688.456s][info][gc,stats    ] 
[688.456s][info][gc,stats    ] Allocation pacing accrued:
[688.456s][info][gc,stats    ]       0 of  8494 ms (  0.0%): <total>
[688.456s][info][gc,stats    ]       0 of  8494 ms (  0.0%): <average total>
[688.456s][info][gc,stats    ] 
[688.456s][info][gc,metaspace] Metaspace: 135754K(137152K)->135754K(137152K) NonClass: 114722K(115520K)->114722K(115520K) Class: 21031K(21632K)->21031K(21632K)
[688.456s][info][gc,ergo     ] Pacer for Idle. Initial: 163M, Alloc Tax Rate: 1.0x
[698.910s][info][gc          ] Trigger: Average GC time (675.82 ms) is above the time for average allocation rate (807 MB/s) to deplete free headroom (537M) (margin of error = 1.85)
[698.910s][info][gc,ergo     ] Free headroom: 947M (free) - 409M (spike) - 0B (penalties) = 537M
[698.910s][info][gc,ergo     ] Free: 947M, Max: 4096K regular, 512M humongous, Frag: 46% external, 0% internal; Reserve: 412M, Max: 4096K
[698.910s][info][gc,start    ] GC(72) Concurrent reset
[698.910s][info][gc,task     ] GC(72) Using 2 of 4 workers for concurrent reset
[698.910s][info][gc,ergo     ] GC(72) Pacer for Reset. Non-Taxable: 8192M
[698.923s][info][gc          ] GC(72) Concurrent reset 12.658ms
[698.923s][info][gc,start    ] GC(72) Pause Init Mark
[698.923s][info][gc,task     ] GC(72) Using 4 of 4 workers for init marking
[698.923s][info][gc,ergo     ] GC(72) Pacer for Mark. Expected Live: 458M, Free: 947M, Non-Taxable: 96974K, Alloc Tax Rate: 0.6x
[698.923s][info][gc          ] GC(72) Pause Init Mark 0.117ms
[698.923s][info][gc,start    ] GC(72) Concurrent marking roots
[698.923s][info][gc,task     ] GC(72) Using 2 of 4 workers for concurrent marking roots
[698.932s][info][gc          ] GC(72) Concurrent marking roots 9.026ms
[698.932s][info][gc,start    ] GC(72) Concurrent marking
[698.932s][info][gc,task     ] GC(72) Using 2 of 4 workers for concurrent marking
[699.154s][info][gc          ] GC(72) Concurrent marking 221.453ms
[699.154s][info][gc,start    ] GC(72) Pause Final Mark
[699.154s][info][gc,task     ] GC(72) Using 4 of 4 workers for final marking
[699.154s][info][gc,ergo     ] GC(72) Adaptive CSet Selection. Target Free: 1160M, Actual Free: 2688M, Max CSet: 341M, Min Garbage: 0B
[699.154s][info][gc,ergo     ] GC(72) Collectable Garbage: 6361M (99%), Immediate: 1492M (23%), CSet: 4869M (76%)
[699.154s][info][gc,ergo     ] GC(72) Pacer for Evacuation. Used CSet: 4940M, Free: 2287M, Non-Taxable: 228M, Alloc Tax Rate: 5.3x
[699.154s][info][gc          ] GC(72) Pause Final Mark 0.343ms
[699.154s][info][gc,start    ] GC(72) Concurrent thread roots
[699.154s][info][gc,task     ] GC(72) Using 2 of 4 workers for Concurrent thread roots
[699.155s][info][gc          ] GC(72) Concurrent thread roots 0.736ms
[699.155s][info][gc,start    ] GC(72) Concurrent weak references
[699.155s][info][gc,task     ] GC(72) Using 2 of 4 workers for concurrent weak references
[699.156s][info][gc,ref      ] GC(72) Encountered references: Soft: 6547, Weak: 23467, Final: 34, Phantom: 844
[699.156s][info][gc,ref      ] GC(72) Discovered  references: Soft: 0, Weak: 11666, Final: 0, Phantom: 717
[699.156s][info][gc,ref      ] GC(72) Enqueued    references: Soft: 0, Weak: 3, Final: 0, Phantom: 0
[699.156s][info][gc          ] GC(72) Concurrent weak references 0.645ms
[699.156s][info][gc,start    ] GC(72) Concurrent weak roots
[699.156s][info][gc,task     ] GC(72) Using 2 of 4 workers for concurrent weak root
[699.157s][info][gc          ] GC(72) Concurrent weak roots 0.880ms
[699.157s][info][gc,start    ] GC(72) Concurrent cleanup
[699.157s][info][gc          ] GC(72) Concurrent cleanup 6993M->5501M(8192M) 0.035ms
[699.157s][info][gc,ergo     ] GC(72) Free: 2278M, Max: 4096K regular, 512M humongous, Frag: 78% external, 0% internal; Reserve: 411M, Max: 4096K
[699.157s][info][gc,start    ] GC(72) Concurrent strong roots
[699.157s][info][gc,task     ] GC(72) Using 2 of 4 workers for concurrent strong root
[699.162s][info][gc          ] GC(72) Concurrent strong roots 5.452ms
[699.162s][info][gc,start    ] GC(72) Concurrent evacuation
[699.162s][info][gc,task     ] GC(72) Using 2 of 4 workers for concurrent evacuation
[699.212s][info][gc          ] GC(72) Concurrent evacuation 49.981ms
[699.212s][info][gc,start    ] GC(72) Pause Init Update Refs
[699.212s][info][gc,ergo     ] GC(72) Pacer for Update Refs. Used: 5612M, Free: 2239M, Non-Taxable: 223M, Alloc Tax Rate: 3.1x
[699.212s][info][gc          ] GC(72) Pause Init Update Refs 0.045ms
[699.212s][info][gc,start    ] GC(72) Concurrent update references
[699.212s][info][gc,task     ] GC(72) Using 2 of 4 workers for concurrent reference update
[699.360s][info][gc          ] GC(72) Concurrent update references 147.978ms
[699.360s][info][gc,start    ] GC(72) Concurrent update thread roots
[699.362s][info][gc          ] GC(72) Concurrent update thread roots 1.406ms
[699.362s][info][gc,start    ] GC(72) Pause Final Update Refs
[699.362s][info][gc,task     ] GC(72) Using 4 of 4 workers for final reference update
[699.362s][info][gc          ] GC(72) Pause Final Update Refs 0.101ms
[699.362s][info][gc,start    ] GC(72) Concurrent cleanup
[699.362s][info][gc          ] GC(72) Concurrent cleanup 5789M->849M(8192M) 0.063ms
[699.362s][info][gc,ergo     ] Free: 6930M, Max: 4096K regular, 4976M humongous, Frag: 29% external, 0% internal; Reserve: 412M, Max: 4096K
[699.362s][info][gc,stats    ] 
[699.362s][info][gc,stats    ] All times are wall-clock times, except per-root-class counters, that are sum over
[699.362s][info][gc,stats    ] all workers. Dividing the <total> over the root stage time estimates parallelism.
[699.362s][info][gc,stats    ] 
[699.362s][info][gc,stats    ] Concurrent Reset                  12716 us
[699.362s][info][gc,stats    ] Pause Init Mark (G)                 208 us
[699.362s][info][gc,stats    ] Pause Init Mark (N)                 127 us
[699.362s][info][gc,stats    ]   Update Region States               55 us
[699.362s][info][gc,stats    ] Concurrent Mark Roots              9070 us, parallelism: 1.95x
[699.362s][info][gc,stats    ]   CMR: <total>                    17704 us
[699.362s][info][gc,stats    ]   CMR: Thread Roots                1373 us, workers (us): 679, 694, ---, ---, 
[699.362s][info][gc,stats    ]   CMR: Code Cache Roots           15340 us, workers (us): 7197, 8143, ---, ---, 
[699.362s][info][gc,stats    ]   CMR: VM Strong Roots               19 us, workers (us):  18,   0, ---, ---, 
[699.362s][info][gc,stats    ]   CMR: CLDG Roots                   972 us, workers (us): 972, ---, ---, ---, 
[699.362s][info][gc,stats    ] Concurrent Marking               221510 us
[699.362s][info][gc,stats    ] Pause Final Mark (G)                424 us
[699.362s][info][gc,stats    ] Pause Final Mark (N)                354 us
[699.362s][info][gc,stats    ]   Finish Mark                        71 us
[699.362s][info][gc,stats    ]   Update Region States               43 us
[699.362s][info][gc,stats    ]   Choose Collection Set             157 us
[699.362s][info][gc,stats    ]   Rebuild Free Set                   10 us
[699.362s][info][gc,stats    ] Concurrent Thread Roots             757 us, parallelism: 1.82x
[699.362s][info][gc,stats    ]   CTR: <total>                     1379 us
[699.362s][info][gc,stats    ]   CTR: Thread Roots                1379 us, workers (us): 691, 687, ---, ---, 
[699.362s][info][gc,stats    ] Concurrent Weak References          656 us, parallelism: 0.88x
[699.362s][info][gc,stats    ]   CWRF: <total>                     578 us
[699.362s][info][gc,stats    ]   CWRF: Weak References             578 us, workers (us):  39, 539, ---, ---, 
[699.362s][info][gc,stats    ] Concurrent Weak Roots               899 us
[699.362s][info][gc,stats    ]   Roots                             837 us, parallelism: 1.79x
[699.362s][info][gc,stats    ]     CWR: <total>                   1498 us
[699.362s][info][gc,stats    ]     CWR: VM Weak Roots             1498 us, workers (us): 748, 750, ---, ---, 
[699.362s][info][gc,stats    ]   Rendezvous                         21 us
[699.362s][info][gc,stats    ] Concurrent Cleanup                   47 us
[699.362s][info][gc,stats    ] Concurrent Strong Roots            5475 us, parallelism: 1.95x
[699.362s][info][gc,stats    ]   CSR: <total>                    10682 us
[699.362s][info][gc,stats    ]   CSR: Code Cache Roots           10425 us, workers (us): 5316, 5109, ---, ---, 
[699.362s][info][gc,stats    ]   CSR: VM Strong Roots                7 us, workers (us):   4,   3, ---, ---, 
[699.362s][info][gc,stats    ]   CSR: CLDG Roots                   250 us, workers (us): ---, 250, ---, ---, 
[699.362s][info][gc,stats    ] Concurrent Evacuation             50033 us
[699.362s][info][gc,stats    ] Pause Init Update Refs (G)          190 us
[699.362s][info][gc,stats    ] Pause Init Update Refs (N)           57 us
[699.362s][info][gc,stats    ]   Manage GCLABs                       6 us
[699.363s][info][gc,stats    ] Concurrent Update Refs           148022 us
[699.363s][info][gc,stats    ] Concurrent Update Thread Roots     1431 us
[699.363s][info][gc,stats    ] Pause Final Update Refs (G)         143 us
[699.363s][info][gc,stats    ] Pause Final Update Refs (N)         115 us
[699.363s][info][gc,stats    ]   Update Region States               41 us
[699.363s][info][gc,stats    ]   Trash Collection Set               12 us
[699.363s][info][gc,stats    ]   Rebuild Free Set                   11 us
[699.363s][info][gc,stats    ] Concurrent Cleanup                   76 us
[699.363s][info][gc,stats    ] 
[699.363s][info][gc,stats    ] Allocation pacing accrued:
[699.363s][info][gc,stats    ]       0 of 10907 ms (  0.0%): <total>
[699.363s][info][gc,stats    ]       0 of 10907 ms (  0.0%): <average total>
[699.363s][info][gc,stats    ] 
[699.363s][info][gc,metaspace] Metaspace: 135757K(137152K)->135757K(137152K) NonClass: 114726K(115520K)->114726K(115520K) Class: 21031K(21632K)->21031K(21632K)
[699.363s][info][gc,ergo     ] Pacer for Idle. Initial: 163M, Alloc Tax Rate: 1.0x
[707.307s][info][gc          ] Trigger: Free (819M) is below minimum threshold (819M)
[707.307s][info][gc,ergo     ] Free: 819M, Max: 4096K regular, 568M humongous, Frag: 30% external, 0% internal; Reserve: 412M, Max: 4096K
[707.307s][info][gc,start    ] GC(73) Concurrent reset
[707.307s][info][gc,task     ] GC(73) Using 2 of 4 workers for concurrent reset
[707.307s][info][gc,ergo     ] GC(73) Pacer for Reset. Non-Taxable: 8192M
[707.322s][info][gc          ] GC(73) Concurrent reset 14.720ms
[707.322s][info][gc,start    ] GC(73) Pause Init Mark
[707.322s][info][gc,task     ] GC(73) Using 4 of 4 workers for init marking
[707.322s][info][gc,ergo     ] GC(73) Pacer for Mark. Expected Live: 457M, Free: 815M, Non-Taxable: 83459K, Alloc Tax Rate: 0.7x
[707.322s][info][gc          ] GC(73) Pause Init Mark 0.086ms
[707.322s][info][gc,start    ] GC(73) Concurrent marking roots
[707.322s][info][gc,task     ] GC(73) Using 2 of 4 workers for concurrent marking roots
[707.330s][info][gc          ] GC(73) Concurrent marking roots 7.991ms
[707.330s][info][gc,start    ] GC(73) Concurrent marking
[707.330s][info][gc,task     ] GC(73) Using 2 of 4 workers for concurrent marking
[707.545s][info][gc          ] GC(73) Concurrent marking 215.387ms
[707.545s][info][gc,start    ] GC(73) Pause Final Mark
[707.545s][info][gc,task     ] GC(73) Using 4 of 4 workers for final marking
[707.545s][info][gc,ergo     ] GC(73) Adaptive CSet Selection. Target Free: 1160M, Actual Free: 3896M, Max CSet: 341M, Min Garbage: 0B
[707.546s][info][gc,ergo     ] GC(73) Collectable Garbage: 6493M (99%), Immediate: 2760M (42%), CSet: 3733M (57%)
[707.546s][info][gc,ergo     ] GC(73) Pacer for Evacuation. Used CSet: 3804M, Free: 3499M, Non-Taxable: 349M, Alloc Tax Rate: 2.7x
[707.546s][info][gc          ] GC(73) Pause Final Mark 0.285ms
[707.546s][info][gc,start    ] GC(73) Concurrent thread roots
[707.546s][info][gc,task     ] GC(73) Using 2 of 4 workers for Concurrent thread roots
[707.546s][info][gc          ] GC(73) Concurrent thread roots 0.808ms
[707.546s][info][gc,start    ] GC(73) Concurrent weak references
[707.546s][info][gc,task     ] GC(73) Using 2 of 4 workers for concurrent weak references
[707.547s][info][gc,ref      ] GC(73) Encountered references: Soft: 6547, Weak: 23469, Final: 34, Phantom: 850
[707.547s][info][gc,ref      ] GC(73) Discovered  references: Soft: 0, Weak: 11435, Final: 0, Phantom: 661
[707.547s][info][gc,ref      ] GC(73) Enqueued    references: Soft: 0, Weak: 3, Final: 0, Phantom: 0
[707.547s][info][gc          ] GC(73) Concurrent weak references 0.530ms
[707.547s][info][gc,start    ] GC(73) Concurrent weak roots
[707.547s][info][gc,task     ] GC(73) Using 2 of 4 workers for concurrent weak root
[707.548s][info][gc          ] GC(73) Concurrent weak roots 0.929ms
[707.548s][info][gc,start    ] GC(73) Concurrent cleanup
[707.548s][info][gc          ] GC(73) Concurrent cleanup 7050M->4290M(8192M) 0.049ms
[707.548s][info][gc,ergo     ] GC(73) Free: 3490M, Max: 4096K regular, 568M humongous, Frag: 84% external, 0% internal; Reserve: 411M, Max: 4096K
[707.548s][info][gc,start    ] GC(73) Concurrent strong roots
[707.548s][info][gc,task     ] GC(73) Using 2 of 4 workers for concurrent strong root
[707.557s][info][gc          ] GC(73) Concurrent strong roots 8.743ms
[707.557s][info][gc,start    ] GC(73) Concurrent evacuation
[707.557s][info][gc,task     ] GC(73) Using 2 of 4 workers for concurrent evacuation
[707.596s][info][gc          ] GC(73) Concurrent evacuation 38.997ms
[707.596s][info][gc,start    ] GC(73) Pause Init Update Refs
[707.596s][info][gc,ergo     ] GC(73) Pacer for Update Refs. Used: 4385M, Free: 3466M, Non-Taxable: 346M, Alloc Tax Rate: 1.5x
[707.596s][info][gc          ] GC(73) Pause Init Update Refs 0.045ms
[707.596s][info][gc,start    ] GC(73) Concurrent update references
[707.596s][info][gc,task     ] GC(73) Using 2 of 4 workers for concurrent reference update
[707.715s][info][gc          ] GC(73) Concurrent update references 119.408ms
[707.715s][info][gc,start    ] GC(73) Concurrent update thread roots
[707.717s][info][gc          ] GC(73) Concurrent update thread roots 1.382ms
[707.717s][info][gc,start    ] GC(73) Pause Final Update Refs
[707.717s][info][gc,task     ] GC(73) Using 4 of 4 workers for final reference update
[707.717s][info][gc          ] GC(73) Pause Final Update Refs 0.095ms
[707.717s][info][gc,start    ] GC(73) Concurrent cleanup
[707.717s][info][gc          ] GC(73) Concurrent cleanup 4429M->625M(8192M) 0.061ms
[707.717s][info][gc,ergo     ] Free: 7154M, Max: 4096K regular, 5400M humongous, Frag: 25% external, 0% internal; Reserve: 412M, Max: 4096K
[707.717s][info][gc,stats    ] 
[707.717s][info][gc,stats    ] All times are wall-clock times, except per-root-class counters, that are sum over
[707.717s][info][gc,stats    ] all workers. Dividing the <total> over the root stage time estimates parallelism.
[707.717s][info][gc,stats    ] 
[707.717s][info][gc,stats    ] Concurrent Reset                  14783 us
[707.717s][info][gc,stats    ] Pause Init Mark (G)                 173 us
[707.717s][info][gc,stats    ] Pause Init Mark (N)                  98 us
[707.717s][info][gc,stats    ]   Update Region States               15 us
[707.717s][info][gc,stats    ] Concurrent Mark Roots              8021 us, parallelism: 1.93x
[707.717s][info][gc,stats    ]   CMR: <total>                    15446 us
[707.717s][info][gc,stats    ]   CMR: Thread Roots                1634 us, workers (us): 775, 859, ---, ---, 
[707.717s][info][gc,stats    ]   CMR: Code Cache Roots           12858 us, workers (us): 6007, 6851, ---, ---, 
[707.717s][info][gc,stats    ]   CMR: VM Strong Roots               20 us, workers (us):  20,   1, ---, ---, 
[707.717s][info][gc,stats    ]   CMR: CLDG Roots                   934 us, workers (us): 934, ---, ---, ---, 
[707.717s][info][gc,stats    ] Concurrent Marking               215432 us
[707.717s][info][gc,stats    ] Pause Final Mark (G)                313 us
[707.717s][info][gc,stats    ] Pause Final Mark (N)                296 us
[707.717s][info][gc,stats    ]   Finish Mark                        62 us
[707.717s][info][gc,stats    ]   Update Region States               19 us
[707.717s][info][gc,stats    ]   Choose Collection Set             130 us
[707.717s][info][gc,stats    ]   Rebuild Free Set                   14 us
[707.717s][info][gc,stats    ] Concurrent Thread Roots             832 us, parallelism: 1.85x
[707.717s][info][gc,stats    ]   CTR: <total>                     1540 us
[707.717s][info][gc,stats    ]   CTR: Thread Roots                1540 us, workers (us): 769, 770, ---, ---, 
[707.717s][info][gc,stats    ] Concurrent Weak References          541 us, parallelism: 1.16x
[707.717s][info][gc,stats    ]   CWRF: <total>                     628 us
[707.717s][info][gc,stats    ]   CWRF: Weak References             628 us, workers (us): 453, 175, ---, ---, 
[707.717s][info][gc,stats    ] Concurrent Weak Roots               951 us
[707.717s][info][gc,stats    ]   Roots                             849 us, parallelism: 1.78x
[707.717s][info][gc,stats    ]     CWR: <total>                   1511 us
[707.717s][info][gc,stats    ]     CWR: VM Weak Roots             1511 us, workers (us): 755, 755, ---, ---, 
[707.717s][info][gc,stats    ]   Rendezvous                         59 us
[707.717s][info][gc,stats    ] Concurrent Cleanup                   62 us
[707.717s][info][gc,stats    ] Concurrent Strong Roots            8775 us, parallelism: 1.96x
[707.717s][info][gc,stats    ]   CSR: <total>                    17184 us
[707.717s][info][gc,stats    ]   CSR: Code Cache Roots           16850 us, workers (us): 8529, 8321, ---, ---, 
[707.717s][info][gc,stats    ]   CSR: VM Strong Roots                8 us, workers (us):   4,   4, ---, ---, 
[707.718s][info][gc,stats    ]   CSR: CLDG Roots                   325 us, workers (us): ---, 325, ---, ---, 
[707.718s][info][gc,stats    ] Concurrent Evacuation             39049 us
[707.718s][info][gc,stats    ] Pause Init Update Refs (G)          105 us
[707.718s][info][gc,stats    ] Pause Init Update Refs (N)           56 us
[707.718s][info][gc,stats    ]   Manage GCLABs                       5 us
[707.718s][info][gc,stats    ] Concurrent Update Refs           119454 us
[707.718s][info][gc,stats    ] Concurrent Update Thread Roots     1397 us
[707.718s][info][gc,stats    ] Pause Final Update Refs (G)         220 us
[707.718s][info][gc,stats    ] Pause Final Update Refs (N)         115 us
[707.718s][info][gc,stats    ]   Update Region States               36 us
[707.718s][info][gc,stats    ]   Trash Collection Set               11 us
[707.718s][info][gc,stats    ]   Rebuild Free Set                   11 us
[707.718s][info][gc,stats    ] Concurrent Cleanup                   75 us
[707.718s][info][gc,stats    ] 
[707.718s][info][gc,stats    ] Allocation pacing accrued:
[707.718s][info][gc,stats    ]       0 of  8355 ms (  0.0%): <total>
[707.718s][info][gc,stats    ]       0 of  8355 ms (  0.0%): <average total>
[707.718s][info][gc,stats    ] 
[707.718s][info][gc,metaspace] Metaspace: 135759K(137152K)->135759K(137152K) NonClass: 114727K(115520K)->114727K(115520K) Class: 21031K(21632K)->21031K(21632K)
[707.718s][info][gc,ergo     ] Pacer for Idle. Initial: 163M, Alloc Tax Rate: 1.0x
[717.188s][info][gc          ] Trigger: Free (818M) is below minimum threshold (819M)
[717.188s][info][gc,ergo     ] Free: 818M, Max: 4096K regular, 568M humongous, Frag: 30% external, 0% internal; Reserve: 412M, Max: 4096K
[717.188s][info][gc,start    ] GC(74) Concurrent reset
[717.188s][info][gc,task     ] GC(74) Using 2 of 4 workers for concurrent reset
[717.188s][info][gc,ergo     ] GC(74) Pacer for Reset. Non-Taxable: 8192M
[717.199s][info][gc          ] GC(74) Concurrent reset 10.335ms
[717.199s][info][gc,start    ] GC(74) Pause Init Mark
[717.199s][info][gc,task     ] GC(74) Using 4 of 4 workers for init marking
[717.199s][info][gc,ergo     ] GC(74) Pacer for Mark. Expected Live: 457M, Free: 818M, Non-Taxable: 83775K, Alloc Tax Rate: 0.7x
[717.199s][info][gc          ] GC(74) Pause Init Mark 0.121ms
[717.199s][info][gc,start    ] GC(74) Concurrent marking roots
[717.199s][info][gc,task     ] GC(74) Using 2 of 4 workers for concurrent marking roots
[717.209s][info][gc          ] GC(74) Concurrent marking roots 10.242ms
[717.209s][info][gc,start    ] GC(74) Concurrent marking
[717.209s][info][gc,task     ] GC(74) Using 2 of 4 workers for concurrent marking
[717.441s][info][gc          ] GC(74) Concurrent marking 231.564ms
[717.441s][info][gc,start    ] GC(74) Pause Final Mark
[717.441s][info][gc,task     ] GC(74) Using 4 of 4 workers for final marking
[717.441s][info][gc,ergo     ] GC(74) Adaptive CSet Selection. Target Free: 1160M, Actual Free: 2628M, Max CSet: 341M, Min Garbage: 0B
[717.441s][info][gc,ergo     ] GC(74) Collectable Garbage: 6456M (99%), Immediate: 1516M (23%), CSet: 4940M (76%)
[717.441s][info][gc,ergo     ] GC(74) Pacer for Evacuation. Used CSet: 5044M, Free: 2231M, Non-Taxable: 223M, Alloc Tax Rate: 5.5x
[717.441s][info][gc          ] GC(74) Pause Final Mark 0.303ms
[717.441s][info][gc,start    ] GC(74) Concurrent thread roots
[717.441s][info][gc,task     ] GC(74) Using 2 of 4 workers for Concurrent thread roots
[717.442s][info][gc          ] GC(74) Concurrent thread roots 0.815ms
[717.442s][info][gc,start    ] GC(74) Concurrent weak references
[717.442s][info][gc,task     ] GC(74) Using 2 of 4 workers for concurrent weak references
[717.442s][info][gc,ref      ] GC(74) Encountered references: Soft: 6547, Weak: 23469, Final: 34, Phantom: 853
[717.442s][info][gc,ref      ] GC(74) Discovered  references: Soft: 0, Weak: 2611, Final: 1, Phantom: 662
[717.442s][info][gc,ref      ] GC(74) Enqueued    references: Soft: 0, Weak: 2, Final: 0, Phantom: 0
[717.442s][info][gc          ] GC(74) Concurrent weak references 0.242ms
[717.442s][info][gc,start    ] GC(74) Concurrent weak roots
[717.442s][info][gc,task     ] GC(74) Using 2 of 4 workers for concurrent weak root
[717.443s][info][gc          ] GC(74) Concurrent weak roots 0.912ms
[717.443s][info][gc,start    ] GC(74) Concurrent cleanup
[717.443s][info][gc          ] GC(74) Concurrent cleanup 7073M->5557M(8192M) 0.030ms
[717.443s][info][gc,ergo     ] GC(74) Free: 2222M, Max: 4096K regular, 568M humongous, Frag: 75% external, 0% internal; Reserve: 411M, Max: 4096K
[717.443s][info][gc,start    ] GC(74) Concurrent strong roots
[717.443s][info][gc,task     ] GC(74) Using 2 of 4 workers for concurrent strong root
[717.449s][info][gc          ] GC(74) Concurrent strong roots 6.053ms
[717.449s][info][gc,start    ] GC(74) Concurrent evacuation
[717.449s][info][gc,task     ] GC(74) Using 2 of 4 workers for concurrent evacuation
[717.504s][info][gc          ] GC(74) Concurrent evacuation 54.185ms
[717.504s][info][gc,start    ] GC(74) Pause Init Update Refs
[717.504s][info][gc,ergo     ] GC(74) Pacer for Update Refs. Used: 5701M, Free: 2186M, Non-Taxable: 218M, Alloc Tax Rate: 3.2x
[717.504s][info][gc          ] GC(74) Pause Init Update Refs 0.048ms
[717.504s][info][gc,start    ] GC(74) Concurrent update references
[717.504s][info][gc,task     ] GC(74) Using 2 of 4 workers for concurrent reference update
[717.643s][info][gc          ] GC(74) Concurrent update references 138.964ms
[717.643s][info][gc,start    ] GC(74) Concurrent update thread roots
[717.644s][info][gc          ] GC(74) Concurrent update thread roots 1.504ms
[717.644s][info][gc,start    ] GC(74) Pause Final Update Refs
[717.644s][info][gc,task     ] GC(74) Using 4 of 4 workers for final reference update
[717.644s][info][gc          ] GC(74) Pause Final Update Refs 0.129ms
[717.644s][info][gc,start    ] GC(74) Concurrent cleanup
[717.645s][info][gc          ] GC(74) Concurrent cleanup 5781M->741M(8192M) 0.070ms
[717.645s][info][gc,ergo     ] Free: 7038M, Max: 4096K regular, 5312M humongous, Frag: 25% external, 0% internal; Reserve: 412M, Max: 4096K
[717.645s][info][gc,stats    ] 
[717.645s][info][gc,stats    ] All times are wall-clock times, except per-root-class counters, that are sum over
[717.645s][info][gc,stats    ] all workers. Dividing the <total> over the root stage time estimates parallelism.
[717.645s][info][gc,stats    ] 
[717.645s][info][gc,stats    ] Concurrent Reset                  10409 us
[717.645s][info][gc,stats    ] Pause Init Mark (G)                 240 us
[717.645s][info][gc,stats    ] Pause Init Mark (N)                 133 us
[717.645s][info][gc,stats    ]   Update Region States               52 us
[717.645s][info][gc,stats    ] Concurrent Mark Roots             10281 us, parallelism: 1.96x
[717.645s][info][gc,stats    ]   CMR: <total>                    20180 us
[717.645s][info][gc,stats    ]   CMR: Thread Roots                1661 us, workers (us): 809, 851, ---, ---, 
[717.645s][info][gc,stats    ]   CMR: Code Cache Roots           17737 us, workers (us): 8511, 9226, ---, ---, 
[717.645s][info][gc,stats    ]   CMR: VM Strong Roots               14 us, workers (us):  14,   0, ---, ---, 
[717.645s][info][gc,stats    ]   CMR: CLDG Roots                   769 us, workers (us): 769, ---, ---, ---, 
[717.645s][info][gc,stats    ] Concurrent Marking               231612 us
[717.645s][info][gc,stats    ] Pause Final Mark (G)                330 us
[717.645s][info][gc,stats    ] Pause Final Mark (N)                314 us
[717.645s][info][gc,stats    ]   Finish Mark                        67 us
[717.645s][info][gc,stats    ]   Update Region States               17 us
[717.645s][info][gc,stats    ]   Choose Collection Set             151 us
[717.645s][info][gc,stats    ]   Rebuild Free Set                   10 us
[717.645s][info][gc,stats    ] Concurrent Thread Roots             830 us, parallelism: 1.85x
[717.645s][info][gc,stats    ]   CTR: <total>                     1534 us
[717.645s][info][gc,stats    ]   CTR: Thread Roots                1534 us, workers (us): 783, 751, ---, ---, 
[717.645s][info][gc,stats    ] Concurrent Weak References          253 us, parallelism: 0.85x
[717.645s][info][gc,stats    ]   CWRF: <total>                     214 us
[717.645s][info][gc,stats    ]   CWRF: Weak References             214 us, workers (us): 169,  44, ---, ---, 
[717.645s][info][gc,stats    ] Concurrent Weak Roots               928 us
[717.645s][info][gc,stats    ]   Roots                             871 us, parallelism: 1.78x
[717.645s][info][gc,stats    ]     CWR: <total>                   1550 us
[717.645s][info][gc,stats    ]     CWR: VM Weak Roots             1550 us, workers (us): 790, 760, ---, ---, 
[717.645s][info][gc,stats    ]   Rendezvous                         20 us
[717.645s][info][gc,stats    ] Concurrent Cleanup                   43 us
[717.645s][info][gc,stats    ] Concurrent Strong Roots            6092 us, parallelism: 1.95x
[717.645s][info][gc,stats    ]   CSR: <total>                    11883 us
[717.645s][info][gc,stats    ]   CSR: Code Cache Roots           11656 us, workers (us): 5712, 5944, ---, ---, 
[717.645s][info][gc,stats    ]   CSR: VM Strong Roots                7 us, workers (us):   7,   0, ---, ---, 
[717.645s][info][gc,stats    ]   CSR: CLDG Roots                   220 us, workers (us): 220, ---, ---, ---, 
[717.645s][info][gc,stats    ] Concurrent Evacuation             54225 us
[717.645s][info][gc,stats    ] Pause Init Update Refs (G)           79 us
[717.645s][info][gc,stats    ] Pause Init Update Refs (N)           59 us
[717.645s][info][gc,stats    ]   Manage GCLABs                       6 us
[717.645s][info][gc,stats    ] Concurrent Update Refs           139005 us
[717.645s][info][gc,stats    ] Concurrent Update Thread Roots     1528 us
[717.645s][info][gc,stats    ] Pause Final Update Refs (G)         221 us
[717.645s][info][gc,stats    ] Pause Final Update Refs (N)         155 us
[717.645s][info][gc,stats    ]   Update Region States               66 us
[717.645s][info][gc,stats    ]   Trash Collection Set               14 us
[717.645s][info][gc,stats    ]   Rebuild Free Set                   11 us
[717.645s][info][gc,stats    ] Concurrent Cleanup                   84 us
[717.645s][info][gc,stats    ] 
[717.645s][info][gc,stats    ] Allocation pacing accrued:
[717.645s][info][gc,stats    ]       0 of  9927 ms (  0.0%): <total>
[717.645s][info][gc,stats    ]       0 of  9927 ms (  0.0%): <average total>
[717.645s][info][gc,stats    ] 
[717.645s][info][gc,metaspace] Metaspace: 135769K(137216K)->135769K(137216K) NonClass: 114737K(115584K)->114737K(115584K) Class: 21031K(21632K)->21031K(21632K)
[717.645s][info][gc,ergo     ] Pacer for Idle. Initial: 163M, Alloc Tax Rate: 1.0x
[726.521s][info][gc          ] Trigger: Free (818M) is below minimum threshold (819M)
[726.521s][info][gc,ergo     ] Free: 818M, Max: 4096K regular, 532M humongous, Frag: 34% external, 0% internal; Reserve: 412M, Max: 4096K
[726.521s][info][gc,start    ] GC(75) Concurrent reset
[726.521s][info][gc,task     ] GC(75) Using 2 of 4 workers for concurrent reset
[726.521s][info][gc,ergo     ] GC(75) Pacer for Reset. Non-Taxable: 8192M
[726.538s][info][gc          ] GC(75) Concurrent reset 16.588ms
[726.538s][info][gc,start    ] GC(75) Pause Init Mark
[726.538s][info][gc,task     ] GC(75) Using 4 of 4 workers for init marking
[726.538s][info][gc,ergo     ] GC(75) Pacer for Mark. Expected Live: 463M, Free: 810M, Non-Taxable: 83010K, Alloc Tax Rate: 0.7x
[726.538s][info][gc          ] GC(75) Pause Init Mark 0.252ms
[726.538s][info][gc,start    ] GC(75) Concurrent marking roots
[726.538s][info][gc,task     ] GC(75) Using 2 of 4 workers for concurrent marking roots
[726.546s][info][gc          ] GC(75) Concurrent marking roots 8.100ms
[726.546s][info][gc,start    ] GC(75) Concurrent marking
[726.546s][info][gc,task     ] GC(75) Using 2 of 4 workers for concurrent marking
[726.763s][info][gc          ] GC(75) Concurrent marking 216.975ms
[726.763s][info][gc,start    ] GC(75) Pause Final Mark
[726.763s][info][gc,task     ] GC(75) Using 4 of 4 workers for final marking
[726.763s][info][gc,ergo     ] GC(75) Adaptive CSet Selection. Target Free: 1160M, Actual Free: 3136M, Max CSet: 341M, Min Garbage: 0B
[726.764s][info][gc,ergo     ] GC(75) Collectable Garbage: 6495M (99%), Immediate: 2048M (31%), CSet: 4447M (68%)
[726.764s][info][gc,ergo     ] GC(75) Pacer for Evacuation. Used CSet: 4520M, Free: 2738M, Non-Taxable: 273M, Alloc Tax Rate: 4.0x
[726.764s][info][gc          ] GC(75) Pause Final Mark 0.323ms
[726.764s][info][gc,start    ] GC(75) Concurrent thread roots
[726.764s][info][gc,task     ] GC(75) Using 2 of 4 workers for Concurrent thread roots
[726.764s][info][gc          ] GC(75) Concurrent thread roots 0.724ms
[726.764s][info][gc,start    ] GC(75) Concurrent weak references
[726.764s][info][gc,task     ] GC(75) Using 2 of 4 workers for concurrent weak references
[726.765s][info][gc,ref      ] GC(75) Encountered references: Soft: 6547, Weak: 23472, Final: 34, Phantom: 856
[726.765s][info][gc,ref      ] GC(75) Discovered  references: Soft: 0, Weak: 8662, Final: 33, Phantom: 667
[726.765s][info][gc,ref      ] GC(75) Enqueued    references: Soft: 0, Weak: 4, Final: 0, Phantom: 0
[726.765s][info][gc          ] GC(75) Concurrent weak references 0.377ms
[726.765s][info][gc,start    ] GC(75) Concurrent weak roots
[726.765s][info][gc,task     ] GC(75) Using 2 of 4 workers for concurrent weak root
[726.766s][info][gc          ] GC(75) Concurrent weak roots 0.951ms
[726.766s][info][gc,start    ] GC(75) Concurrent cleanup
[726.766s][info][gc          ] GC(75) Concurrent cleanup 7098M->5050M(8192M) 0.036ms
[726.766s][info][gc,ergo     ] GC(75) Free: 2730M, Max: 4096K regular, 532M humongous, Frag: 81% external, 0% internal; Reserve: 411M, Max: 4096K
[726.766s][info][gc,start    ] GC(75) Concurrent strong roots
[726.766s][info][gc,task     ] GC(75) Using 2 of 4 workers for concurrent strong root
[726.772s][info][gc          ] GC(75) Concurrent strong roots 5.808ms
[726.772s][info][gc,start    ] GC(75) Concurrent evacuation
[726.772s][info][gc,task     ] GC(75) Using 2 of 4 workers for concurrent evacuation
[726.814s][info][gc          ] GC(75) Concurrent evacuation 42.445ms
[726.814s][info][gc,start    ] GC(75) Pause Init Update Refs
[726.814s][info][gc,ergo     ] GC(75) Pacer for Update Refs. Used: 5145M, Free: 2714M, Non-Taxable: 271M, Alloc Tax Rate: 2.3x
[726.814s][info][gc          ] GC(75) Pause Init Update Refs 0.043ms
[726.814s][info][gc,start    ] GC(75) Concurrent update references
[726.814s][info][gc,task     ] GC(75) Using 2 of 4 workers for concurrent reference update
[726.953s][info][gc          ] GC(75) Concurrent update references 138.637ms
[726.953s][info][gc,start    ] GC(75) Concurrent update thread roots
[726.954s][info][gc          ] GC(75) Concurrent update thread roots 1.488ms
[726.954s][info][gc,start    ] GC(75) Pause Final Update Refs
[726.955s][info][gc,task     ] GC(75) Using 4 of 4 workers for final reference update
[726.955s][info][gc          ] GC(75) Pause Final Update Refs 0.109ms
[726.955s][info][gc,start    ] GC(75) Concurrent cleanup
[726.955s][info][gc          ] GC(75) Concurrent cleanup 5373M->853M(8192M) 0.065ms
[726.955s][info][gc,ergo     ] Free: 6926M, Max: 4096K regular, 5256M humongous, Frag: 24% external, 0% internal; Reserve: 412M, Max: 4096K
[726.955s][info][gc,stats    ] 
[726.955s][info][gc,stats    ] All times are wall-clock times, except per-root-class counters, that are sum over
[726.955s][info][gc,stats    ] all workers. Dividing the <total> over the root stage time estimates parallelism.
[726.955s][info][gc,stats    ] 
[726.955s][info][gc,stats    ] Concurrent Reset                  16650 us
[726.955s][info][gc,stats    ] Pause Init Mark (G)                 367 us
[726.955s][info][gc,stats    ] Pause Init Mark (N)                 269 us
[726.955s][info][gc,stats    ]   Update Region States               89 us
[726.955s][info][gc,stats    ] Concurrent Mark Roots              8133 us, parallelism: 1.90x
[726.955s][info][gc,stats    ]   CMR: <total>                    15484 us
[726.955s][info][gc,stats    ]   CMR: Thread Roots                1355 us, workers (us): 682, 673, ---, ---, 
[726.955s][info][gc,stats    ]   CMR: Code Cache Roots           13283 us, workers (us): 6230, 7053, ---, ---, 
[726.955s][info][gc,stats    ]   CMR: VM Strong Roots               18 us, workers (us):  18,   0, ---, ---, 
[726.955s][info][gc,stats    ]   CMR: CLDG Roots                   829 us, workers (us): 829, ---, ---, ---, 
[726.955s][info][gc,stats    ] Concurrent Marking               217025 us
[726.955s][info][gc,stats    ] Pause Final Mark (G)                395 us
[726.955s][info][gc,stats    ] Pause Final Mark (N)                334 us
[726.955s][info][gc,stats    ]   Finish Mark                        66 us
[726.955s][info][gc,stats    ]   Update Region States               48 us
[726.955s][info][gc,stats    ]   Choose Collection Set             139 us
[726.955s][info][gc,stats    ]   Rebuild Free Set                   11 us
[726.955s][info][gc,stats    ] Concurrent Thread Roots             744 us, parallelism: 1.83x
[726.955s][info][gc,stats    ]   CTR: <total>                     1362 us
[726.955s][info][gc,stats    ]   CTR: Thread Roots                1362 us, workers (us): 680, 682, ---, ---, 
[726.955s][info][gc,stats    ] Concurrent Weak References          388 us, parallelism: 1.18x
[726.955s][info][gc,stats    ]   CWRF: <total>                     456 us
[726.955s][info][gc,stats    ]   CWRF: Weak References             456 us, workers (us): 194, 262, ---, ---, 
[726.955s][info][gc,stats    ] Concurrent Weak Roots               965 us
[726.955s][info][gc,stats    ]   Roots                             871 us, parallelism: 1.77x
[726.955s][info][gc,stats    ]     CWR: <total>                   1541 us
[726.955s][info][gc,stats    ]     CWR: VM Weak Roots             1541 us, workers (us): 786, 755, ---, ---, 
[726.955s][info][gc,stats    ]   Rendezvous                         59 us
[726.955s][info][gc,stats    ] Concurrent Cleanup                   48 us
[726.955s][info][gc,stats    ] Concurrent Strong Roots            5835 us, parallelism: 1.95x
[726.955s][info][gc,stats    ]   CSR: <total>                    11400 us
[726.955s][info][gc,stats    ]   CSR: Code Cache Roots           11151 us, workers (us): 5464, 5687, ---, ---, 
[726.955s][info][gc,stats    ]   CSR: VM Strong Roots                7 us, workers (us):   7,   0, ---, ---, 
[726.955s][info][gc,stats    ]   CSR: CLDG Roots                   242 us, workers (us): 242, ---, ---, ---, 
[726.955s][info][gc,stats    ] Concurrent Evacuation             42481 us
[726.955s][info][gc,stats    ] Pause Init Update Refs (G)          116 us
[726.955s][info][gc,stats    ] Pause Init Update Refs (N)           54 us
[726.955s][info][gc,stats    ]   Manage GCLABs                       5 us
[726.955s][info][gc,stats    ] Concurrent Update Refs           138687 us
[726.955s][info][gc,stats    ] Concurrent Update Thread Roots     1518 us
[726.955s][info][gc,stats    ] Pause Final Update Refs (G)         164 us
[726.955s][info][gc,stats    ] Pause Final Update Refs (N)         135 us
[726.955s][info][gc,stats    ]   Update Region States               43 us
[726.955s][info][gc,stats    ]   Trash Collection Set               14 us
[726.955s][info][gc,stats    ]   Rebuild Free Set                   15 us
[726.955s][info][gc,stats    ] Concurrent Cleanup                   79 us
[726.955s][info][gc,stats    ] 
[726.955s][info][gc,stats    ] Allocation pacing accrued:
[726.955s][info][gc,stats    ]       0 of  9310 ms (  0.0%): <total>
[726.955s][info][gc,stats    ]       0 of  9310 ms (  0.0%): <average total>
[726.955s][info][gc,stats    ] 
[726.955s][info][gc,metaspace] Metaspace: 135771K(137216K)->135771K(137216K) NonClass: 114739K(115584K)->114740K(115584K) Class: 21031K(21632K)->21031K(21632K)
[726.955s][info][gc,ergo     ] Pacer for Idle. Initial: 163M, Alloc Tax Rate: 1.0x
[734.913s][info][gc          ] Trigger: Free (818M) is below minimum threshold (819M)
[734.913s][info][gc,ergo     ] Free: 818M, Max: 4096K regular, 560M humongous, Frag: 30% external, 0% internal; Reserve: 412M, Max: 4096K
[734.913s][info][gc,start    ] GC(76) Concurrent reset
[734.913s][info][gc,task     ] GC(76) Using 2 of 4 workers for concurrent reset
[734.913s][info][gc,ergo     ] GC(76) Pacer for Reset. Non-Taxable: 8192M
[734.927s][info][gc          ] GC(76) Concurrent reset 13.620ms
[734.927s][info][gc,start    ] GC(76) Pause Init Mark
[734.927s][info][gc,task     ] GC(76) Using 4 of 4 workers for init marking
[734.927s][info][gc,ergo     ] GC(76) Pacer for Mark. Expected Live: 455M, Free: 814M, Non-Taxable: 83363K, Alloc Tax Rate: 0.7x
[734.927s][info][gc          ] GC(76) Pause Init Mark 0.113ms
[734.927s][info][gc,start    ] GC(76) Concurrent marking roots
[734.927s][info][gc,task     ] GC(76) Using 2 of 4 workers for concurrent marking roots
[734.935s][info][gc          ] GC(76) Concurrent marking roots 8.290ms
[734.935s][info][gc,start    ] GC(76) Concurrent marking
[734.935s][info][gc,task     ] GC(76) Using 2 of 4 workers for concurrent marking
[735.197s][info][gc          ] GC(76) Concurrent marking 262.142ms
[735.198s][info][gc,start    ] GC(76) Pause Final Mark
[735.198s][info][gc,task     ] GC(76) Using 4 of 4 workers for final marking
[735.198s][info][gc,ergo     ] GC(76) Adaptive CSet Selection. Target Free: 1160M, Actual Free: 2084M, Max CSet: 341M, Min Garbage: 0B
[735.198s][info][gc,ergo     ] GC(76) Collectable Garbage: 6460M (99%), Immediate: 1144M (17%), CSet: 5316M (81%)
[735.198s][info][gc,ergo     ] GC(76) Pacer for Evacuation. Used CSet: 5420M, Free: 1676M, Non-Taxable: 167M, Alloc Tax Rate: 7.9x
[735.198s][info][gc          ] GC(76) Pause Final Mark 0.425ms
[735.198s][info][gc,start    ] GC(76) Concurrent thread roots
[735.198s][info][gc,task     ] GC(76) Using 2 of 4 workers for Concurrent thread roots
[735.199s][info][gc          ] GC(76) Concurrent thread roots 0.909ms
[735.199s][info][gc,start    ] GC(76) Concurrent weak references
[735.199s][info][gc,task     ] GC(76) Using 2 of 4 workers for concurrent weak references
[735.200s][info][gc,ref      ] GC(76) Encountered references: Soft: 6548, Weak: 23471, Final: 34, Phantom: 856
[735.200s][info][gc,ref      ] GC(76) Discovered  references: Soft: 0, Weak: 11800, Final: 0, Phantom: 665
[735.200s][info][gc,ref      ] GC(76) Enqueued    references: Soft: 0, Weak: 2, Final: 0, Phantom: 0
[735.200s][info][gc          ] GC(76) Concurrent weak references 1.102ms
[735.200s][info][gc,start    ] GC(76) Concurrent weak roots
[735.200s][info][gc,task     ] GC(76) Using 2 of 4 workers for concurrent weak root
[735.207s][info][gc          ] GC(76) Concurrent weak roots 7.409ms
[735.207s][info][gc,start    ] GC(76) Concurrent cleanup
[735.208s][info][gc          ] GC(76) Concurrent cleanup 7260M->6116M(8192M) 0.041ms
[735.208s][info][gc,ergo     ] GC(76) Free: 1664M, Max: 4096K regular, 520M humongous, Frag: 69% external, 0% internal; Reserve: 411M, Max: 4096K
[735.208s][info][gc,start    ] GC(76) Concurrent strong roots
[735.208s][info][gc,task     ] GC(76) Using 2 of 4 workers for concurrent strong root
[735.214s][info][gc          ] GC(76) Concurrent strong roots 6.461ms
[735.214s][info][gc,start    ] GC(76) Concurrent evacuation
[735.214s][info][gc,task     ] GC(76) Using 2 of 4 workers for concurrent evacuation
[735.282s][info][gc          ] GC(76) Concurrent evacuation 67.889ms
[735.282s][info][gc,start    ] GC(76) Pause Init Update Refs
[735.282s][info][gc,ergo     ] GC(76) Pacer for Update Refs. Used: 6295M, Free: 1592M, Non-Taxable: 159M, Alloc Tax Rate: 4.8x
[735.282s][info][gc          ] GC(76) Pause Init Update Refs 0.053ms
[735.282s][info][gc,start    ] GC(76) Concurrent update references
[735.282s][info][gc,task     ] GC(76) Using 2 of 4 workers for concurrent reference update
[735.439s][info][gc          ] GC(76) Concurrent update references 156.463ms
[735.439s][info][gc,start    ] GC(76) Concurrent update thread roots
[735.440s][info][gc          ] GC(76) Concurrent update thread roots 1.422ms
[735.440s][info][gc,start    ] GC(76) Pause Final Update Refs
[735.440s][info][gc,task     ] GC(76) Using 4 of 4 workers for final reference update
[735.440s][info][gc          ] GC(76) Pause Final Update Refs 0.102ms
[735.440s][info][gc,start    ] GC(76) Concurrent cleanup
[735.440s][info][gc          ] GC(76) Concurrent cleanup 6393M->973M(8192M) 0.073ms
[735.440s][info][gc,ergo     ] Free: 6806M, Max: 4096K regular, 5320M humongous, Frag: 22% external, 0% internal; Reserve: 412M, Max: 4096K
[735.440s][info][gc,stats    ] 
[735.440s][info][gc,stats    ] All times are wall-clock times, except per-root-class counters, that are sum over
[735.440s][info][gc,stats    ] all workers. Dividing the <total> over the root stage time estimates parallelism.
[735.440s][info][gc,stats    ] 
[735.440s][info][gc,stats    ] Concurrent Reset                  13692 us
[735.440s][info][gc,stats    ] Pause Init Mark (G)                 198 us
[735.440s][info][gc,stats    ] Pause Init Mark (N)                 126 us
[735.440s][info][gc,stats    ]   Update Region States               39 us
[735.440s][info][gc,stats    ] Concurrent Mark Roots              8322 us, parallelism: 1.95x
[735.440s][info][gc,stats    ]   CMR: <total>                    16253 us
[735.441s][info][gc,stats    ]   CMR: Thread Roots                1342 us, workers (us): 650, 692, ---, ---, 
[735.441s][info][gc,stats    ]   CMR: Code Cache Roots           14207 us, workers (us): 6788, 7419, ---, ---, 
[735.441s][info][gc,stats    ]   CMR: VM Strong Roots               15 us, workers (us):  15,   0, ---, ---, 
[735.441s][info][gc,stats    ]   CMR: CLDG Roots                   688 us, workers (us): 688, ---, ---, ---, 
[735.441s][info][gc,stats    ] Concurrent Marking               262192 us
[735.441s][info][gc,stats    ] Pause Final Mark (G)                462 us
[735.441s][info][gc,stats    ] Pause Final Mark (N)                437 us
[735.441s][info][gc,stats    ]   Finish Mark                       102 us
[735.441s][info][gc,stats    ]   Update Region States               68 us
[735.441s][info][gc,stats    ]   Choose Collection Set             184 us
[735.441s][info][gc,stats    ]   Rebuild Free Set                   10 us
[735.441s][info][gc,stats    ] Concurrent Thread Roots             934 us, parallelism: 1.79x
[735.441s][info][gc,stats    ]   CTR: <total>                     1668 us
[735.441s][info][gc,stats    ]   CTR: Thread Roots                1668 us, workers (us): 850, 818, ---, ---, 
[735.441s][info][gc,stats    ] Concurrent Weak References         1113 us, parallelism: 0.96x
[735.441s][info][gc,stats    ]   CWRF: <total>                    1071 us
[735.441s][info][gc,stats    ]   CWRF: Weak References            1071 us, workers (us): 1022,  50, ---, ---, 
[735.441s][info][gc,stats    ] Concurrent Weak Roots              7453 us
[735.441s][info][gc,stats    ]   Roots                             847 us, parallelism: 1.80x
[735.441s][info][gc,stats    ]     CWR: <total>                   1525 us
[735.441s][info][gc,stats    ]     CWR: VM Weak Roots             1525 us, workers (us): 764, 761, ---, ---, 
[735.441s][info][gc,stats    ]   Rendezvous                       6538 us
[735.441s][info][gc,stats    ] Concurrent Cleanup                   55 us
[735.441s][info][gc,stats    ] Concurrent Strong Roots            6511 us, parallelism: 1.95x
[735.441s][info][gc,stats    ]   CSR: <total>                    12668 us
[735.441s][info][gc,stats    ]   CSR: Code Cache Roots           12397 us, workers (us): 6329, 6067, ---, ---, 
[735.441s][info][gc,stats    ]   CSR: VM Strong Roots                9 us, workers (us):   5,   4, ---, ---, 
[735.441s][info][gc,stats    ]   CSR: CLDG Roots                   262 us, workers (us): ---, 262, ---, ---, 
[735.441s][info][gc,stats    ] Concurrent Evacuation             67945 us
[735.441s][info][gc,stats    ] Pause Init Update Refs (G)           88 us
[735.441s][info][gc,stats    ] Pause Init Update Refs (N)           65 us
[735.441s][info][gc,stats    ]   Manage GCLABs                       7 us
[735.441s][info][gc,stats    ] Concurrent Update Refs           156500 us
[735.441s][info][gc,stats    ] Concurrent Update Thread Roots     1445 us
[735.441s][info][gc,stats    ] Pause Final Update Refs (G)         229 us
[735.441s][info][gc,stats    ] Pause Final Update Refs (N)         125 us
[735.441s][info][gc,stats    ]   Update Region States               41 us
[735.441s][info][gc,stats    ]   Trash Collection Set               15 us
[735.441s][info][gc,stats    ]   Rebuild Free Set                   10 us
[735.441s][info][gc,stats    ] Concurrent Cleanup                   88 us
[735.441s][info][gc,stats    ] 
[735.441s][info][gc,stats    ] Allocation pacing accrued:
[735.441s][info][gc,stats    ]       0 of  8486 ms (  0.0%): <total>
[735.441s][info][gc,stats    ]       0 of  8486 ms (  0.0%): <average total>
[735.441s][info][gc,stats    ] 
[735.441s][info][gc,metaspace] Metaspace: 135776K(137216K)->135776K(137216K) NonClass: 114744K(115584K)->114744K(115584K) Class: 21031K(21632K)->21031K(21632K)
[735.441s][info][gc,ergo     ] Pacer for Idle. Initial: 163M, Alloc Tax Rate: 1.0x
[744.193s][info][gc          ] Trigger: Average GC time (574.36 ms) is above the time for average allocation rate (871 MB/s) to deplete free headroom (450M) (margin of error = 1.86)
[744.193s][info][gc,ergo     ] Free headroom: 860M (free) - 409M (spike) - 0B (penalties) = 450M
[744.193s][info][gc,ergo     ] Free: 860M, Max: 4096K regular, 492M humongous, Frag: 43% external, 0% internal; Reserve: 412M, Max: 4096K
[744.193s][info][gc,start    ] GC(77) Concurrent reset
[744.193s][info][gc,task     ] GC(77) Using 2 of 4 workers for concurrent reset
[744.193s][info][gc,ergo     ] GC(77) Pacer for Reset. Non-Taxable: 8192M
[744.212s][info][gc          ] GC(77) Concurrent reset 19.182ms
[744.212s][info][gc,start    ] GC(77) Pause Init Mark
[744.212s][info][gc,task     ] GC(77) Using 4 of 4 workers for init marking
[744.212s][info][gc,ergo     ] GC(77) Pacer for Mark. Expected Live: 452M, Free: 848M, Non-Taxable: 86857K, Alloc Tax Rate: 0.7x
[744.212s][info][gc          ] GC(77) Pause Init Mark 0.123ms
[744.212s][info][gc,start    ] GC(77) Concurrent marking roots
[744.212s][info][gc,task     ] GC(77) Using 2 of 4 workers for concurrent marking roots
[744.222s][info][gc          ] GC(77) Concurrent marking roots 10.257ms
[744.223s][info][gc,start    ] GC(77) Concurrent marking
[744.223s][info][gc,task     ] GC(77) Using 2 of 4 workers for concurrent marking
[744.445s][info][gc          ] GC(77) Concurrent marking 222.695ms
[744.445s][info][gc,start    ] GC(77) Pause Final Mark
[744.445s][info][gc,task     ] GC(77) Using 4 of 4 workers for final marking
[744.446s][info][gc,ergo     ] GC(77) Adaptive CSet Selection. Target Free: 1160M, Actual Free: 2984M, Max CSet: 341M, Min Garbage: 0B
[744.446s][info][gc,ergo     ] GC(77) Collectable Garbage: 6456M (99%), Immediate: 1884M (29%), CSet: 4572M (70%)
[744.446s][info][gc,ergo     ] GC(77) Pacer for Evacuation. Used CSet: 4648M, Free: 2576M, Non-Taxable: 257M, Alloc Tax Rate: 4.4x
[744.446s][info][gc          ] GC(77) Pause Final Mark 0.355ms
[744.446s][info][gc,start    ] GC(77) Concurrent thread roots
[744.446s][info][gc,task     ] GC(77) Using 2 of 4 workers for Concurrent thread roots
[744.446s][info][gc          ] GC(77) Concurrent thread roots 0.777ms
[744.446s][info][gc,start    ] GC(77) Concurrent weak references
[744.446s][info][gc,task     ] GC(77) Using 2 of 4 workers for concurrent weak references
[744.447s][info][gc,ref      ] GC(77) Encountered references: Soft: 6548, Weak: 23477, Final: 34, Phantom: 863
[744.447s][info][gc,ref      ] GC(77) Discovered  references: Soft: 0, Weak: 2266, Final: 1, Phantom: 779
[744.447s][info][gc,ref      ] GC(77) Enqueued    references: Soft: 0, Weak: 5, Final: 0, Phantom: 1
[744.447s][info][gc          ] GC(77) Concurrent weak references 0.247ms
[744.447s][info][gc,start    ] GC(77) Concurrent weak roots
[744.447s][info][gc,task     ] GC(77) Using 2 of 4 workers for concurrent weak root
[744.448s][info][gc          ] GC(77) Concurrent weak roots 0.919ms
[744.448s][info][gc,start    ] GC(77) Concurrent cleanup
[744.448s][info][gc          ] GC(77) Concurrent cleanup 7096M->5212M(8192M) 0.037ms
[744.448s][info][gc,ergo     ] GC(77) Free: 2568M, Max: 4096K regular, 492M humongous, Frag: 81% external, 0% internal; Reserve: 411M, Max: 4096K
[744.448s][info][gc,start    ] GC(77) Concurrent strong roots
[744.448s][info][gc,task     ] GC(77) Using 2 of 4 workers for concurrent strong root
[744.455s][info][gc          ] GC(77) Concurrent strong roots 7.387ms
[744.455s][info][gc,start    ] GC(77) Concurrent evacuation
[744.455s][info][gc,task     ] GC(77) Using 2 of 4 workers for concurrent evacuation
[744.498s][info][gc          ] GC(77) Concurrent evacuation 42.834ms
[744.498s][info][gc,start    ] GC(77) Pause Init Update Refs
[744.498s][info][gc,ergo     ] GC(77) Pacer for Update Refs. Used: 5335M, Free: 2524M, Non-Taxable: 252M, Alloc Tax Rate: 2.6x
[744.498s][info][gc          ] GC(77) Pause Init Update Refs 0.051ms
[744.498s][info][gc,start    ] GC(77) Concurrent update references
[744.498s][info][gc,task     ] GC(77) Using 2 of 4 workers for concurrent reference update
[744.638s][info][gc          ] GC(77) Concurrent update references 139.995ms
[744.638s][info][gc,start    ] GC(77) Concurrent update thread roots
[744.640s][info][gc          ] GC(77) Concurrent update thread roots 1.373ms
[744.640s][info][gc,start    ] GC(77) Pause Final Update Refs
[744.640s][info][gc,task     ] GC(77) Using 4 of 4 workers for final reference update
[744.640s][info][gc          ] GC(77) Pause Final Update Refs 0.102ms
[744.640s][info][gc,start    ] GC(77) Concurrent cleanup
[744.640s][info][gc          ] GC(77) Concurrent cleanup 5403M->755M(8192M) 0.068ms
[744.640s][info][gc,ergo     ] Free: 7024M, Max: 4096K regular, 5036M humongous, Frag: 29% external, 0% internal; Reserve: 412M, Max: 4096K
[744.640s][info][gc,stats    ] 
[744.640s][info][gc,stats    ] All times are wall-clock times, except per-root-class counters, that are sum over
[744.640s][info][gc,stats    ] all workers. Dividing the <total> over the root stage time estimates parallelism.
[744.640s][info][gc,stats    ] 
[744.640s][info][gc,stats    ] Concurrent Reset                  19229 us
[744.640s][info][gc,stats    ] Pause Init Mark (G)                 240 us
[744.640s][info][gc,stats    ] Pause Init Mark (N)                 135 us
[744.640s][info][gc,stats    ]   Update Region States               53 us
[744.640s][info][gc,stats    ] Concurrent Mark Roots             10292 us, parallelism: 1.96x
[744.640s][info][gc,stats    ]   CMR: <total>                    20148 us
[744.640s][info][gc,stats    ]   CMR: Thread Roots                1437 us, workers (us): 781, 656, ---, ---, 
[744.640s][info][gc,stats    ]   CMR: Code Cache Roots           17918 us, workers (us): 8514, 9405, ---, ---, 
[744.640s][info][gc,stats    ]   CMR: VM Strong Roots               13 us, workers (us):  12,   0, ---, ---, 
[744.640s][info][gc,stats    ]   CMR: CLDG Roots                   780 us, workers (us): 780, ---, ---, ---, 
[744.640s][info][gc,stats    ] Concurrent Marking               222735 us
[744.640s][info][gc,stats    ] Pause Final Mark (G)                419 us
[744.640s][info][gc,stats    ] Pause Final Mark (N)                366 us
[744.640s][info][gc,stats    ]   Finish Mark                        96 us
[744.640s][info][gc,stats    ]   Update Region States               50 us
[744.640s][info][gc,stats    ]   Choose Collection Set             142 us
[744.640s][info][gc,stats    ]   Rebuild Free Set                   11 us
[744.640s][info][gc,stats    ] Concurrent Thread Roots             799 us, parallelism: 1.80x
[744.640s][info][gc,stats    ]   CTR: <total>                     1442 us
[744.640s][info][gc,stats    ]   CTR: Thread Roots                1442 us, workers (us): 738, 704, ---, ---, 
[744.640s][info][gc,stats    ] Concurrent Weak References          259 us, parallelism: 0.73x
[744.640s][info][gc,stats    ]   CWRF: <total>                     189 us
[744.640s][info][gc,stats    ]   CWRF: Weak References             189 us, workers (us): 145,  45, ---, ---, 
[744.640s][info][gc,stats    ] Concurrent Weak Roots               939 us
[744.640s][info][gc,stats    ]   Roots                             872 us, parallelism: 1.75x
[744.640s][info][gc,stats    ]     CWR: <total>                   1525 us
[744.640s][info][gc,stats    ]     CWR: VM Weak Roots             1525 us, workers (us): 777, 748, ---, ---, 
[744.640s][info][gc,stats    ]   Rendezvous                         25 us
[744.640s][info][gc,stats    ] Concurrent Cleanup                   50 us
[744.640s][info][gc,stats    ] Concurrent Strong Roots            7421 us, parallelism: 1.95x
[744.640s][info][gc,stats    ]   CSR: <total>                    14460 us
[744.640s][info][gc,stats    ]   CSR: Code Cache Roots           14181 us, workers (us): 6916, 7265, ---, ---, 
[744.640s][info][gc,stats    ]   CSR: VM Strong Roots                7 us, workers (us):   6,   0, ---, ---, 
[744.640s][info][gc,stats    ]   CSR: CLDG Roots                   272 us, workers (us): 272, ---, ---, ---, 
[744.640s][info][gc,stats    ] Concurrent Evacuation             42919 us
[744.640s][info][gc,stats    ] Pause Init Update Refs (G)          122 us
[744.640s][info][gc,stats    ] Pause Init Update Refs (N)           63 us
[744.640s][info][gc,stats    ]   Manage GCLABs                       9 us
[744.640s][info][gc,stats    ] Concurrent Update Refs           140039 us
[744.640s][info][gc,stats    ] Concurrent Update Thread Roots     1390 us
[744.640s][info][gc,stats    ] Pause Final Update Refs (G)         177 us
[744.640s][info][gc,stats    ] Pause Final Update Refs (N)         117 us
[744.640s][info][gc,stats    ]   Update Region States               37 us
[744.640s][info][gc,stats    ]   Trash Collection Set               14 us
[744.640s][info][gc,stats    ]   Rebuild Free Set                   10 us
[744.640s][info][gc,stats    ] Concurrent Cleanup                   82 us
[744.640s][info][gc,stats    ] 
[744.640s][info][gc,stats    ] Allocation pacing accrued:
[744.640s][info][gc,stats    ]       0 of  9200 ms (  0.0%): <total>
[744.640s][info][gc,stats    ]       0 of  9200 ms (  0.0%): <average total>
[744.640s][info][gc,stats    ] 
[744.641s][info][gc,metaspace] Metaspace: 135815K(137216K)->135816K(137216K) NonClass: 114782K(115584K)->114782K(115584K) Class: 21033K(21632K)->21033K(21632K)
[744.641s][info][gc,ergo     ] Pacer for Idle. Initial: 163M, Alloc Tax Rate: 1.0x
[755.509s][info][gc          ] Trigger: Average GC time (538.49 ms) is above the time for average allocation rate (971 MB/s) to deplete free headroom (486M) (margin of error = 1.86)
[755.509s][info][gc,ergo     ] Free headroom: 896M (free) - 409M (spike) - 0B (penalties) = 486M
[755.509s][info][gc,ergo     ] Free: 896M, Max: 4096K regular, 896M humongous, Frag: 0% external, 0% internal; Reserve: 412M, Max: 4096K
[755.509s][info][gc,start    ] GC(78) Concurrent reset
[755.509s][info][gc,task     ] GC(78) Using 2 of 4 workers for concurrent reset
[755.509s][info][gc,ergo     ] GC(78) Pacer for Reset. Non-Taxable: 8192M
[755.528s][info][gc          ] GC(78) Concurrent reset 19.277ms
[755.528s][info][gc,start    ] GC(78) Pause Init Mark
[755.528s][info][gc,task     ] GC(78) Using 4 of 4 workers for init marking
[755.528s][info][gc,ergo     ] GC(78) Pacer for Mark. Expected Live: 453M, Free: 892M, Non-Taxable: 91362K, Alloc Tax Rate: 0.6x
[755.528s][info][gc          ] GC(78) Pause Init Mark 0.115ms
[755.528s][info][gc,start    ] GC(78) Concurrent marking roots
[755.528s][info][gc,task     ] GC(78) Using 2 of 4 workers for concurrent marking roots
[755.539s][info][gc          ] GC(78) Concurrent marking roots 10.413ms
[755.539s][info][gc,start    ] GC(78) Concurrent marking
[755.539s][info][gc,task     ] GC(78) Using 2 of 4 workers for concurrent marking
[755.754s][info][gc          ] GC(78) Concurrent marking 215.274ms
[755.754s][info][gc,start    ] GC(78) Pause Final Mark
[755.754s][info][gc,task     ] GC(78) Using 4 of 4 workers for final marking
[755.754s][info][gc,ergo     ] GC(78) Adaptive CSet Selection. Target Free: 1160M, Actual Free: 3100M, Max CSet: 341M, Min Garbage: 0B
[755.754s][info][gc,ergo     ] GC(78) Collectable Garbage: 6424M (99%), Immediate: 1984M (30%), CSet: 4440M (68%)
[755.754s][info][gc,ergo     ] GC(78) Pacer for Evacuation. Used CSet: 4500M, Free: 2688M, Non-Taxable: 268M, Alloc Tax Rate: 4.1x
[755.754s][info][gc          ] GC(78) Pause Final Mark 0.360ms
[755.754s][info][gc,start    ] GC(78) Concurrent thread roots
[755.754s][info][gc,task     ] GC(78) Using 2 of 4 workers for Concurrent thread roots
[755.755s][info][gc          ] GC(78) Concurrent thread roots 0.792ms
[755.755s][info][gc,start    ] GC(78) Concurrent weak references
[755.755s][info][gc,task     ] GC(78) Using 2 of 4 workers for concurrent weak references
[755.755s][info][gc,ref      ] GC(78) Encountered references: Soft: 6548, Weak: 23477, Final: 34, Phantom: 865
[755.755s][info][gc,ref      ] GC(78) Discovered  references: Soft: 0, Weak: 2484, Final: 33, Phantom: 743
[755.755s][info][gc,ref      ] GC(78) Enqueued    references: Soft: 0, Weak: 4, Final: 0, Phantom: 0
[755.755s][info][gc          ] GC(78) Concurrent weak references 0.305ms
[755.755s][info][gc,start    ] GC(78) Concurrent weak roots
[755.756s][info][gc,task     ] GC(78) Using 2 of 4 workers for concurrent weak root
[755.756s][info][gc          ] GC(78) Concurrent weak roots 0.921ms
[755.756s][info][gc,start    ] GC(78) Concurrent cleanup
[755.756s][info][gc          ] GC(78) Concurrent cleanup 7085M->5101M(8192M) 0.036ms
[755.756s][info][gc,ergo     ] GC(78) Free: 2679M, Max: 4096K regular, 692M humongous, Frag: 75% external, 0% internal; Reserve: 411M, Max: 4096K
[755.757s][info][gc,start    ] GC(78) Concurrent strong roots
[755.757s][info][gc,task     ] GC(78) Using 2 of 4 workers for concurrent strong root
[755.768s][info][gc          ] GC(78) Concurrent strong roots 11.057ms
[755.768s][info][gc,start    ] GC(78) Concurrent evacuation
[755.768s][info][gc,task     ] GC(78) Using 2 of 4 workers for concurrent evacuation
[755.811s][info][gc          ] GC(78) Concurrent evacuation 42.921ms
[755.811s][info][gc,start    ] GC(78) Pause Init Update Refs
[755.811s][info][gc,ergo     ] GC(78) Pacer for Update Refs. Used: 5244M, Free: 2599M, Non-Taxable: 259M, Alloc Tax Rate: 2.5x
[755.811s][info][gc          ] GC(78) Pause Init Update Refs 0.043ms
[755.811s][info][gc,start    ] GC(78) Concurrent update references
[755.811s][info][gc,task     ] GC(78) Using 2 of 4 workers for concurrent reference update
[755.939s][info][gc          ] GC(78) Concurrent update references 128.617ms
[755.939s][info][gc,start    ] GC(78) Concurrent update thread roots
[755.941s][info][gc          ] GC(78) Concurrent update thread roots 1.383ms
[755.941s][info][gc,start    ] GC(78) Pause Final Update Refs
[755.941s][info][gc,task     ] GC(78) Using 4 of 4 workers for final reference update
[755.941s][info][gc          ] GC(78) Pause Final Update Refs 0.100ms
[755.941s][info][gc,start    ] GC(78) Concurrent cleanup
[755.941s][info][gc          ] GC(78) Concurrent cleanup 5316M->816M(8192M) 0.057ms
[755.941s][info][gc,ergo     ] Free: 6963M, Max: 4096K regular, 2864M humongous, Frag: 59% external, 0% internal; Reserve: 412M, Max: 4096K
[755.941s][info][gc,stats    ] 
[755.941s][info][gc,stats    ] All times are wall-clock times, except per-root-class counters, that are sum over
[755.941s][info][gc,stats    ] all workers. Dividing the <total> over the root stage time estimates parallelism.
[755.941s][info][gc,stats    ] 
[755.941s][info][gc,stats    ] Concurrent Reset                  19330 us
[755.941s][info][gc,stats    ] Pause Init Mark (G)                 232 us
[755.941s][info][gc,stats    ] Pause Init Mark (N)                 128 us
[755.941s][info][gc,stats    ]   Update Region States               40 us
[755.941s][info][gc,stats    ] Concurrent Mark Roots             10459 us, parallelism: 1.94x
[755.941s][info][gc,stats    ]   CMR: <total>                    20290 us
[755.941s][info][gc,stats    ]   CMR: Thread Roots                1326 us, workers (us): 588, 738, ---, ---, 
[755.941s][info][gc,stats    ]   CMR: Code Cache Roots           17852 us, workers (us): 8459, 9392, ---, ---, 
[755.941s][info][gc,stats    ]   CMR: VM Strong Roots               12 us, workers (us):  12,   0, ---, ---, 
[755.941s][info][gc,stats    ]   CMR: CLDG Roots                  1101 us, workers (us): 1101, ---, ---, ---, 
[755.941s][info][gc,stats    ] Concurrent Marking               215320 us
[755.941s][info][gc,stats    ] Pause Final Mark (G)                400 us
[755.941s][info][gc,stats    ] Pause Final Mark (N)                371 us
[755.941s][info][gc,stats    ]   Finish Mark                        80 us
[755.941s][info][gc,stats    ]   Update Region States               41 us
[755.941s][info][gc,stats    ]   Choose Collection Set             165 us
[755.941s][info][gc,stats    ]   Rebuild Free Set                   11 us
[755.941s][info][gc,stats    ] Concurrent Thread Roots             815 us, parallelism: 1.83x
[755.941s][info][gc,stats    ]   CTR: <total>                     1494 us
[755.941s][info][gc,stats    ]   CTR: Thread Roots                1494 us, workers (us): 747, 747, ---, ---, 
[755.941s][info][gc,stats    ] Concurrent Weak References          316 us, parallelism: 0.74x
[755.941s][info][gc,stats    ]   CWRF: <total>                     235 us
[755.941s][info][gc,stats    ]   CWRF: Weak References             235 us, workers (us): 225,  10, ---, ---, 
[755.941s][info][gc,stats    ] Concurrent Weak Roots               937 us
[755.941s][info][gc,stats    ]   Roots                             855 us, parallelism: 1.76x
[755.941s][info][gc,stats    ]     CWR: <total>                   1506 us
[755.941s][info][gc,stats    ]     CWR: VM Weak Roots             1506 us, workers (us): 752, 753, ---, ---, 
[755.941s][info][gc,stats    ]   Rendezvous                         44 us
[755.941s][info][gc,stats    ] Concurrent Cleanup                   48 us
[755.941s][info][gc,stats    ] Concurrent Strong Roots           11109 us, parallelism: 1.96x
[755.941s][info][gc,stats    ]   CSR: <total>                    21788 us
[755.941s][info][gc,stats    ]   CSR: Code Cache Roots           21488 us, workers (us): 10944, 10544, ---, ---, 
[755.941s][info][gc,stats    ]   CSR: VM Strong Roots                7 us, workers (us):   4,   3, ---, ---, 
[755.941s][info][gc,stats    ]   CSR: CLDG Roots                   293 us, workers (us): ---, 293, ---, ---, 
[755.941s][info][gc,stats    ] Concurrent Evacuation             42959 us
[755.941s][info][gc,stats    ] Pause Init Update Refs (G)          103 us
[755.941s][info][gc,stats    ] Pause Init Update Refs (N)           54 us
[755.941s][info][gc,stats    ]   Manage GCLABs                       5 us
[755.941s][info][gc,stats    ] Concurrent Update Refs           128658 us
[755.941s][info][gc,stats    ] Concurrent Update Thread Roots     1397 us
[755.941s][info][gc,stats    ] Pause Final Update Refs (G)         156 us
[755.941s][info][gc,stats    ] Pause Final Update Refs (N)         125 us
[755.941s][info][gc,stats    ]   Update Region States               37 us
[755.941s][info][gc,stats    ]   Trash Collection Set               11 us
[755.941s][info][gc,stats    ]   Rebuild Free Set                   12 us
[755.941s][info][gc,stats    ] Concurrent Cleanup                   70 us
[755.942s][info][gc,stats    ] 
[755.942s][info][gc,stats    ] Allocation pacing accrued:
[755.942s][info][gc,stats    ]       0 of 11301 ms (  0.0%): <total>
[755.942s][info][gc,stats    ]       0 of 11301 ms (  0.0%): <average total>
[755.942s][info][gc,stats    ] 
[755.942s][info][gc,metaspace] Metaspace: 135822K(137216K)->135823K(137216K) NonClass: 114788K(115584K)->114789K(115584K) Class: 21033K(21632K)->21033K(21632K)
[755.942s][info][gc,ergo     ] Pacer for Idle. Initial: 163M, Alloc Tax Rate: 1.0x
[765.586s][info][gc          ] Trigger: Free (815M) is below minimum threshold (819M)
[765.586s][info][gc,ergo     ] Free: 815M, Max: 4096K regular, 708M humongous, Frag: 13% external, 0% internal; Reserve: 412M, Max: 4096K
[765.586s][info][gc,start    ] GC(79) Concurrent reset
[765.586s][info][gc,task     ] GC(79) Using 2 of 4 workers for concurrent reset
[765.586s][info][gc,ergo     ] GC(79) Pacer for Reset. Non-Taxable: 8192M
[765.601s][info][gc          ] GC(79) Concurrent reset 14.741ms
[765.601s][info][gc,start    ] GC(79) Pause Init Mark
[765.601s][info][gc,task     ] GC(79) Using 4 of 4 workers for init marking
[765.601s][info][gc,ergo     ] GC(79) Pacer for Mark. Expected Live: 451M, Free: 811M, Non-Taxable: 83128K, Alloc Tax Rate: 0.7x
[765.601s][info][gc          ] GC(79) Pause Init Mark 0.115ms
[765.601s][info][gc,start    ] GC(79) Concurrent marking roots
[765.601s][info][gc,task     ] GC(79) Using 2 of 4 workers for concurrent marking roots
[765.609s][info][gc          ] GC(79) Concurrent marking roots 7.985ms
[765.609s][info][gc,start    ] GC(79) Concurrent marking
[765.609s][info][gc,task     ] GC(79) Using 2 of 4 workers for concurrent marking
[765.838s][info][gc          ] GC(79) Concurrent marking 228.582ms
[765.838s][info][gc,start    ] GC(79) Pause Final Mark
[765.838s][info][gc,task     ] GC(79) Using 4 of 4 workers for final marking
[765.838s][info][gc,ergo     ] GC(79) Adaptive CSet Selection. Target Free: 1160M, Actual Free: 2768M, Max CSet: 341M, Min Garbage: 0B
[765.838s][info][gc,ergo     ] GC(79) Collectable Garbage: 6473M (99%), Immediate: 1744M (26%), CSet: 4729M (72%)
[765.838s][info][gc,ergo     ] GC(79) Pacer for Evacuation. Used CSet: 4824M, Free: 2356M, Non-Taxable: 235M, Alloc Tax Rate: 5.0x
[765.838s][info][gc          ] GC(79) Pause Final Mark 0.360ms
[765.838s][info][gc,start    ] GC(79) Concurrent thread roots
[765.838s][info][gc,task     ] GC(79) Using 2 of 4 workers for Concurrent thread roots
[765.839s][info][gc          ] GC(79) Concurrent thread roots 0.817ms
[765.839s][info][gc,start    ] GC(79) Concurrent weak references
[765.839s][info][gc,task     ] GC(79) Using 2 of 4 workers for concurrent weak references
[765.839s][info][gc,ref      ] GC(79) Encountered references: Soft: 6548, Weak: 23479, Final: 34, Phantom: 874
[765.839s][info][gc,ref      ] GC(79) Discovered  references: Soft: 0, Weak: 11860, Final: 0, Phantom: 677
[765.839s][info][gc,ref      ] GC(79) Enqueued    references: Soft: 0, Weak: 3, Final: 0, Phantom: 0
[765.839s][info][gc          ] GC(79) Concurrent weak references 0.584ms
[765.839s][info][gc,start    ] GC(79) Concurrent weak roots
[765.839s][info][gc,task     ] GC(79) Using 2 of 4 workers for concurrent weak root
[765.841s][info][gc          ] GC(79) Concurrent weak roots 1.049ms
[765.841s][info][gc,start    ] GC(79) Concurrent cleanup
[765.841s][info][gc          ] GC(79) Concurrent cleanup 7178M->5434M(8192M) 0.036ms
[765.841s][info][gc,ergo     ] GC(79) Free: 2346M, Max: 4096K regular, 600M humongous, Frag: 75% external, 0% internal; Reserve: 411M, Max: 4096K
[765.841s][info][gc,start    ] GC(79) Concurrent strong roots
[765.841s][info][gc,task     ] GC(79) Using 2 of 4 workers for concurrent strong root
[765.847s][info][gc          ] GC(79) Concurrent strong roots 5.991ms
[765.847s][info][gc,start    ] GC(79) Concurrent evacuation
[765.847s][info][gc,task     ] GC(79) Using 2 of 4 workers for concurrent evacuation
[765.898s][info][gc          ] GC(79) Concurrent evacuation 51.637ms
[765.898s][info][gc,start    ] GC(79) Pause Init Update Refs
[765.898s][info][gc,ergo     ] GC(79) Pacer for Update Refs. Used: 5545M, Free: 2330M, Non-Taxable: 233M, Alloc Tax Rate: 2.9x
[765.898s][info][gc          ] GC(79) Pause Init Update Refs 0.046ms
[765.898s][info][gc,start    ] GC(79) Concurrent update references
[765.898s][info][gc,task     ] GC(79) Using 2 of 4 workers for concurrent reference update
[766.044s][info][gc          ] GC(79) Concurrent update references 145.410ms
[766.044s][info][gc,start    ] GC(79) Concurrent update thread roots
[766.045s][info][gc          ] GC(79) Concurrent update thread roots 1.354ms
[766.045s][info][gc,start    ] GC(79) Pause Final Update Refs
[766.045s][info][gc,task     ] GC(79) Using 4 of 4 workers for final reference update
[766.045s][info][gc          ] GC(79) Pause Final Update Refs 0.094ms
[766.045s][info][gc,start    ] GC(79) Concurrent cleanup
[766.045s][info][gc          ] GC(79) Concurrent cleanup 5673M->849M(8192M) 0.058ms
[766.045s][info][gc,ergo     ] Free: 6930M, Max: 4096K regular, 5216M humongous, Frag: 25% external, 0% internal; Reserve: 412M, Max: 4096K
[766.046s][info][gc,stats    ] 
[766.046s][info][gc,stats    ] All times are wall-clock times, except per-root-class counters, that are sum over
[766.046s][info][gc,stats    ] all workers. Dividing the <total> over the root stage time estimates parallelism.
[766.046s][info][gc,stats    ] 
[766.046s][info][gc,stats    ] Concurrent Reset                  14794 us
[766.046s][info][gc,stats    ] Pause Init Mark (G)                 241 us
[766.046s][info][gc,stats    ] Pause Init Mark (N)                 127 us
[766.046s][info][gc,stats    ]   Update Region States               47 us
[766.046s][info][gc,stats    ] Concurrent Mark Roots              8008 us, parallelism: 1.95x
[766.046s][info][gc,stats    ]   CMR: <total>                    15592 us
[766.046s][info][gc,stats    ]   CMR: Thread Roots                1400 us, workers (us): 636, 764, ---, ---, 
[766.046s][info][gc,stats    ]   CMR: Code Cache Roots           13503 us, workers (us): 6489, 7015, ---, ---, 
[766.046s][info][gc,stats    ]   CMR: VM Strong Roots               12 us, workers (us):  12,   0, ---, ---, 
[766.046s][info][gc,stats    ]   CMR: CLDG Roots                   676 us, workers (us): 676, ---, ---, ---, 
[766.046s][info][gc,stats    ] Concurrent Marking               228628 us
[766.046s][info][gc,stats    ] Pause Final Mark (G)                441 us
[766.046s][info][gc,stats    ] Pause Final Mark (N)                371 us
[766.046s][info][gc,stats    ]   Finish Mark                        95 us
[766.046s][info][gc,stats    ]   Update Region States               51 us
[766.046s][info][gc,stats    ]   Choose Collection Set             147 us
[766.046s][info][gc,stats    ]   Rebuild Free Set                   10 us
[766.046s][info][gc,stats    ] Concurrent Thread Roots             833 us, parallelism: 1.82x
[766.046s][info][gc,stats    ]   CTR: <total>                     1515 us
[766.046s][info][gc,stats    ]   CTR: Thread Roots                1515 us, workers (us): 771, 744, ---, ---, 
[766.046s][info][gc,stats    ] Concurrent Weak References          594 us, parallelism: 0.89x
[766.046s][info][gc,stats    ]   CWRF: <total>                     527 us
[766.046s][info][gc,stats    ]   CWRF: Weak References             527 us, workers (us):  37, 490, ---, ---, 
[766.046s][info][gc,stats    ] Concurrent Weak Roots              1071 us
[766.046s][info][gc,stats    ]   Roots                             937 us, parallelism: 1.71x
[766.046s][info][gc,stats    ]     CWR: <total>                   1600 us
[766.046s][info][gc,stats    ]     CWR: VM Weak Roots             1600 us, workers (us): 819, 781, ---, ---, 
[766.046s][info][gc,stats    ]   Rendezvous                         91 us
[766.046s][info][gc,stats    ] Concurrent Cleanup                   48 us
[766.046s][info][gc,stats    ] Concurrent Strong Roots            6018 us, parallelism: 1.93x
[766.046s][info][gc,stats    ]   CSR: <total>                    11636 us
[766.046s][info][gc,stats    ]   CSR: Code Cache Roots           11329 us, workers (us): 5484, 5845, ---, ---, 
[766.046s][info][gc,stats    ]   CSR: VM Strong Roots                8 us, workers (us):   8,   0, ---, ---, 
[766.046s][info][gc,stats    ]   CSR: CLDG Roots                   299 us, workers (us): 299, ---, ---, ---, 
[766.046s][info][gc,stats    ] Concurrent Evacuation             51685 us
[766.046s][info][gc,stats    ] Pause Init Update Refs (G)           87 us
[766.046s][info][gc,stats    ] Pause Init Update Refs (N)           58 us
[766.046s][info][gc,stats    ]   Manage GCLABs                       6 us
[766.046s][info][gc,stats    ] Concurrent Update Refs           145458 us
[766.046s][info][gc,stats    ] Concurrent Update Thread Roots     1377 us
[766.046s][info][gc,stats    ] Pause Final Update Refs (G)         150 us
[766.046s][info][gc,stats    ] Pause Final Update Refs (N)         121 us
[766.046s][info][gc,stats    ]   Update Region States               38 us
[766.046s][info][gc,stats    ]   Trash Collection Set               12 us
[766.046s][info][gc,stats    ]   Rebuild Free Set                   10 us
[766.046s][info][gc,stats    ] Concurrent Cleanup                   71 us
[766.046s][info][gc,stats    ] 
[766.046s][info][gc,stats    ] Allocation pacing accrued:
[766.046s][info][gc,stats    ]       0 of 10105 ms (  0.0%): <total>
[766.046s][info][gc,stats    ]       0 of 10105 ms (  0.0%): <average total>
[766.046s][info][gc,stats    ] 
[766.046s][info][gc,metaspace] Metaspace: 135824K(137216K)->135824K(137216K) NonClass: 114790K(115584K)->114790K(115584K) Class: 21033K(21632K)->21033K(21632K)
[766.046s][info][gc,ergo     ] Pacer for Idle. Initial: 163M, Alloc Tax Rate: 1.0x
[774.801s][info][gc          ] Trigger: Free (818M) is below minimum threshold (819M)
[774.802s][info][gc,ergo     ] Free: 818M, Max: 4096K regular, 568M humongous, Frag: 31% external, 0% internal; Reserve: 412M, Max: 4096K
[774.802s][info][gc,start    ] GC(80) Concurrent reset
[774.802s][info][gc,task     ] GC(80) Using 2 of 4 workers for concurrent reset
[774.802s][info][gc,ergo     ] GC(80) Pacer for Reset. Non-Taxable: 8192M
[774.815s][info][gc          ] GC(80) Concurrent reset 13.414ms
[774.815s][info][gc,start    ] GC(80) Pause Init Mark
[774.815s][info][gc,task     ] GC(80) Using 4 of 4 workers for init marking
[774.815s][info][gc,ergo     ] GC(80) Pacer for Mark. Expected Live: 450M, Free: 814M, Non-Taxable: 83373K, Alloc Tax Rate: 0.7x
[774.815s][info][gc          ] GC(80) Pause Init Mark 0.097ms
[774.815s][info][gc,start    ] GC(80) Concurrent marking roots
[774.815s][info][gc,task     ] GC(80) Using 2 of 4 workers for concurrent marking roots
[774.824s][info][gc          ] GC(80) Concurrent marking roots 8.303ms
[774.824s][info][gc,start    ] GC(80) Concurrent marking
[774.824s][info][gc,task     ] GC(80) Using 2 of 4 workers for concurrent marking
[775.041s][info][gc          ] GC(80) Concurrent marking 217.201ms
[775.041s][info][gc,start    ] GC(80) Pause Final Mark
[775.041s][info][gc,task     ] GC(80) Using 4 of 4 workers for final marking
[775.041s][info][gc,ergo     ] GC(80) Adaptive CSet Selection. Target Free: 1160M, Actual Free: 2580M, Max CSet: 341M, Min Garbage: 0B
[775.041s][info][gc,ergo     ] GC(80) Collectable Garbage: 6485M (99%), Immediate: 1480M (22%), CSet: 5005M (76%)
[775.041s][info][gc,ergo     ] GC(80) Pacer for Evacuation. Used CSet: 5082M, Free: 2168M, Non-Taxable: 216M, Alloc Tax Rate: 5.7x
[775.041s][info][gc          ] GC(80) Pause Final Mark 0.425ms
[775.041s][info][gc,start    ] GC(80) Concurrent thread roots
[775.041s][info][gc,task     ] GC(80) Using 2 of 4 workers for Concurrent thread roots
[775.042s][info][gc          ] GC(80) Concurrent thread roots 0.790ms
[775.042s][info][gc,start    ] GC(80) Concurrent weak references
[775.042s][info][gc,task     ] GC(80) Using 2 of 4 workers for concurrent weak references
[775.043s][info][gc,ref      ] GC(80) Encountered references: Soft: 6548, Weak: 23479, Final: 34, Phantom: 877
[775.043s][info][gc,ref      ] GC(80) Discovered  references: Soft: 0, Weak: 11667, Final: 0, Phantom: 679
[775.043s][info][gc,ref      ] GC(80) Enqueued    references: Soft: 0, Weak: 2, Final: 0, Phantom: 0
[775.043s][info][gc          ] GC(80) Concurrent weak references 1.017ms
[775.043s][info][gc,start    ] GC(80) Concurrent weak roots
[775.043s][info][gc,task     ] GC(80) Using 2 of 4 workers for concurrent weak root
[775.044s][info][gc          ] GC(80) Concurrent weak roots 1.207ms
[775.044s][info][gc,start    ] GC(80) Concurrent cleanup
[775.044s][info][gc          ] GC(80) Concurrent cleanup 7098M->5618M(8192M) 0.033ms
[775.044s][info][gc,ergo     ] GC(80) Free: 2159M, Max: 4096K regular, 568M humongous, Frag: 74% external, 0% internal; Reserve: 411M, Max: 4096K
[775.044s][info][gc,start    ] GC(80) Concurrent strong roots
[775.044s][info][gc,task     ] GC(80) Using 2 of 4 workers for concurrent strong root
[775.052s][info][gc          ] GC(80) Concurrent strong roots 7.435ms
[775.052s][info][gc,start    ] GC(80) Concurrent evacuation
[775.052s][info][gc,task     ] GC(80) Using 2 of 4 workers for concurrent evacuation
[775.094s][info][gc          ] GC(80) Concurrent evacuation 42.072ms
[775.094s][info][gc,start    ] GC(80) Pause Init Update Refs
[775.094s][info][gc,ergo     ] GC(80) Pacer for Update Refs. Used: 5726M, Free: 2131M, Non-Taxable: 213M, Alloc Tax Rate: 3.3x
[775.094s][info][gc          ] GC(80) Pause Init Update Refs 0.050ms
[775.094s][info][gc,start    ] GC(80) Concurrent update references
[775.094s][info][gc,task     ] GC(80) Using 2 of 4 workers for concurrent reference update
[775.231s][info][gc          ] GC(80) Concurrent update references 136.829ms
[775.231s][info][gc,start    ] GC(80) Concurrent update thread roots
[775.232s][info][gc          ] GC(80) Concurrent update thread roots 1.318ms
[775.232s][info][gc,start    ] GC(80) Pause Final Update Refs
[775.232s][info][gc,task     ] GC(80) Using 4 of 4 workers for final reference update
[775.233s][info][gc          ] GC(80) Pause Final Update Refs 0.094ms
[775.233s][info][gc,start    ] GC(80) Concurrent cleanup
[775.233s][info][gc          ] GC(80) Concurrent cleanup 5838M->756M(8192M) 0.063ms
[775.233s][info][gc,ergo     ] Free: 7023M, Max: 4096K regular, 5168M humongous, Frag: 27% external, 0% internal; Reserve: 412M, Max: 4096K
[775.233s][info][gc,stats    ] 
[775.233s][info][gc,stats    ] All times are wall-clock times, except per-root-class counters, that are sum over
[775.233s][info][gc,stats    ] all workers. Dividing the <total> over the root stage time estimates parallelism.
[775.233s][info][gc,stats    ] 
[775.233s][info][gc,stats    ] Concurrent Reset                  13504 us
[775.233s][info][gc,stats    ] Pause Init Mark (G)                 199 us
[775.233s][info][gc,stats    ] Pause Init Mark (N)                 113 us
[775.233s][info][gc,stats    ]   Update Region States               18 us
[775.233s][info][gc,stats    ] Concurrent Mark Roots              8338 us, parallelism: 1.95x
[775.233s][info][gc,stats    ]   CMR: <total>                    16289 us
[775.233s][info][gc,stats    ]   CMR: Thread Roots                1360 us, workers (us): 604, 756, ---, ---, 
[775.233s][info][gc,stats    ]   CMR: Code Cache Roots           14208 us, workers (us): 6833, 7375, ---, ---, 
[775.233s][info][gc,stats    ]   CMR: VM Strong Roots               14 us, workers (us):  13,   0, ---, ---, 
[775.233s][info][gc,stats    ]   CMR: CLDG Roots                   707 us, workers (us): 707, ---, ---, ---, 
[775.233s][info][gc,stats    ] Concurrent Marking               217266 us
[775.233s][info][gc,stats    ] Pause Final Mark (G)                518 us
[775.233s][info][gc,stats    ] Pause Final Mark (N)                436 us
[775.233s][info][gc,stats    ]   Finish Mark                       118 us
[775.233s][info][gc,stats    ]   Update Region States               80 us
[775.233s][info][gc,stats    ]   Choose Collection Set             157 us
[775.233s][info][gc,stats    ]   Rebuild Free Set                   11 us
[775.233s][info][gc,stats    ] Concurrent Thread Roots             813 us, parallelism: 1.79x
[775.233s][info][gc,stats    ]   CTR: <total>                     1456 us
[775.233s][info][gc,stats    ]   CTR: Thread Roots                1456 us, workers (us): 743, 713, ---, ---, 
[775.233s][info][gc,stats    ] Concurrent Weak References         1027 us, parallelism: 0.97x
[775.233s][info][gc,stats    ]   CWRF: <total>                     994 us
[775.233s][info][gc,stats    ]   CWRF: Weak References             994 us, workers (us):  88, 907, ---, ---, 
[775.233s][info][gc,stats    ] Concurrent Weak Roots              1222 us
[775.233s][info][gc,stats    ]   Roots                            1115 us, parallelism: 1.70x
[775.233s][info][gc,stats    ]     CWR: <total>                   1894 us
[775.233s][info][gc,stats    ]     CWR: VM Weak Roots             1894 us, workers (us): 962, 932, ---, ---, 
[775.233s][info][gc,stats    ]   Rendezvous                         71 us
[775.233s][info][gc,stats    ] Concurrent Cleanup                   45 us
[775.233s][info][gc,stats    ] Concurrent Strong Roots            7475 us, parallelism: 1.94x
[775.233s][info][gc,stats    ]   CSR: <total>                    14537 us
[775.233s][info][gc,stats    ]   CSR: Code Cache Roots           14203 us, workers (us): 6981, 7222, ---, ---, 
[775.233s][info][gc,stats    ]   CSR: VM Strong Roots                8 us, workers (us):   8,   0, ---, ---, 
[775.233s][info][gc,stats    ]   CSR: CLDG Roots                   326 us, workers (us): 326, ---, ---, ---, 
[775.233s][info][gc,stats    ] Concurrent Evacuation             42125 us
[775.233s][info][gc,stats    ] Pause Init Update Refs (G)           84 us
[775.233s][info][gc,stats    ] Pause Init Update Refs (N)           61 us
[775.233s][info][gc,stats    ]   Manage GCLABs                       6 us
[775.233s][info][gc,stats    ] Concurrent Update Refs           136862 us
[775.233s][info][gc,stats    ] Concurrent Update Thread Roots     1343 us
[775.233s][info][gc,stats    ] Pause Final Update Refs (G)         190 us
[775.233s][info][gc,stats    ] Pause Final Update Refs (N)         114 us
[775.233s][info][gc,stats    ]   Update Region States               37 us
[775.233s][info][gc,stats    ]   Trash Collection Set               12 us
[775.233s][info][gc,stats    ]   Rebuild Free Set                   10 us
[775.233s][info][gc,stats    ] Concurrent Cleanup                   76 us
[775.233s][info][gc,stats    ] 
[775.233s][info][gc,stats    ] Allocation pacing accrued:
[775.233s][info][gc,stats    ]       0 of  9187 ms (  0.0%): <total>
[775.233s][info][gc,stats    ]       0 of  9187 ms (  0.0%): <average total>
[775.233s][info][gc,stats    ] 
[775.233s][info][gc,metaspace] Metaspace: 135824K(137216K)->135824K(137216K) NonClass: 114791K(115584K)->114791K(115584K) Class: 21033K(21632K)->21033K(21632K)
[775.233s][info][gc,ergo     ] Pacer for Idle. Initial: 163M, Alloc Tax Rate: 1.0x
[785.258s][info][gc          ] Trigger: Free (815M) is below minimum threshold (819M)
[785.258s][info][gc,ergo     ] Free: 815M, Max: 4096K regular, 800M humongous, Frag: 2% external, 0% internal; Reserve: 412M, Max: 4096K
[785.258s][info][gc,start    ] GC(81) Concurrent reset
[785.258s][info][gc,task     ] GC(81) Using 2 of 4 workers for concurrent reset
[785.258s][info][gc,ergo     ] GC(81) Pacer for Reset. Non-Taxable: 8192M
[785.276s][info][gc          ] GC(81) Concurrent reset 17.966ms
[785.276s][info][gc,start    ] GC(81) Pause Init Mark
[785.276s][info][gc,task     ] GC(81) Using 4 of 4 workers for init marking
[785.277s][info][gc,ergo     ] GC(81) Pacer for Mark. Expected Live: 451M, Free: 815M, Non-Taxable: 83541K, Alloc Tax Rate: 0.7x
[785.277s][info][gc          ] GC(81) Pause Init Mark 0.101ms
[785.277s][info][gc,start    ] GC(81) Concurrent marking roots
[785.277s][info][gc,task     ] GC(81) Using 2 of 4 workers for concurrent marking roots
[785.286s][info][gc          ] GC(81) Concurrent marking roots 8.992ms
[785.286s][info][gc,start    ] GC(81) Concurrent marking
[785.286s][info][gc,task     ] GC(81) Using 2 of 4 workers for concurrent marking
[785.504s][info][gc          ] GC(81) Concurrent marking 218.334ms
[785.504s][info][gc,start    ] GC(81) Pause Final Mark
[785.504s][info][gc,task     ] GC(81) Using 4 of 4 workers for final marking
[785.504s][info][gc,ergo     ] GC(81) Adaptive CSet Selection. Target Free: 1160M, Actual Free: 3096M, Max CSet: 341M, Min Garbage: 0B
[785.504s][info][gc,ergo     ] GC(81) Collectable Garbage: 6498M (99%), Immediate: 2016M (30%), CSet: 4482M (68%)
[785.504s][info][gc,ergo     ] GC(81) Pacer for Evacuation. Used CSet: 4544M, Free: 2688M, Non-Taxable: 268M, Alloc Tax Rate: 4.1x
[785.504s][info][gc          ] GC(81) Pause Final Mark 0.342ms
[785.504s][info][gc,start    ] GC(81) Concurrent thread roots
[785.504s][info][gc,task     ] GC(81) Using 2 of 4 workers for Concurrent thread roots
[785.505s][info][gc          ] GC(81) Concurrent thread roots 0.729ms
[785.505s][info][gc,start    ] GC(81) Concurrent weak references
[785.505s][info][gc,task     ] GC(81) Using 2 of 4 workers for concurrent weak references
[785.506s][info][gc,ref      ] GC(81) Encountered references: Soft: 6548, Weak: 23488, Final: 34, Phantom: 886
[785.506s][info][gc,ref      ] GC(81) Discovered  references: Soft: 0, Weak: 12009, Final: 0, Phantom: 683
[785.506s][info][gc,ref      ] GC(81) Enqueued    references: Soft: 0, Weak: 7, Final: 0, Phantom: 3
[785.506s][info][gc          ] GC(81) Concurrent weak references 0.568ms
[785.506s][info][gc,start    ] GC(81) Concurrent weak roots
[785.506s][info][gc,task     ] GC(81) Using 2 of 4 workers for concurrent weak root
[785.507s][info][gc          ] GC(81) Concurrent weak roots 0.938ms
[785.507s][info][gc,start    ] GC(81) Concurrent cleanup
[785.507s][info][gc          ] GC(81) Concurrent cleanup 7116M->5100M(8192M) 0.036ms
[785.507s][info][gc,ergo     ] GC(81) Free: 2679M, Max: 4096K regular, 660M humongous, Frag: 76% external, 0% internal; Reserve: 411M, Max: 4096K
[785.507s][info][gc,start    ] GC(81) Concurrent strong roots
[785.507s][info][gc,task     ] GC(81) Using 2 of 4 workers for concurrent strong root
[785.514s][info][gc          ] GC(81) Concurrent strong roots 6.837ms
[785.514s][info][gc,start    ] GC(81) Concurrent evacuation
[785.514s][info][gc,task     ] GC(81) Using 2 of 4 workers for concurrent evacuation
[785.547s][info][gc          ] GC(81) Concurrent evacuation 33.436ms
[785.547s][info][gc,start    ] GC(81) Pause Init Update Refs
[785.547s][info][gc,ergo     ] GC(81) Pacer for Update Refs. Used: 5180M, Free: 2663M, Non-Taxable: 266M, Alloc Tax Rate: 2.4x
[785.547s][info][gc          ] GC(81) Pause Init Update Refs 0.050ms
[785.547s][info][gc,start    ] GC(81) Concurrent update references
[785.547s][info][gc,task     ] GC(81) Using 2 of 4 workers for concurrent reference update
[785.677s][info][gc          ] GC(81) Concurrent update references 129.414ms
[785.677s][info][gc,start    ] GC(81) Concurrent update thread roots
[785.678s][info][gc          ] GC(81) Concurrent update thread roots 1.429ms
[785.678s][info][gc,start    ] GC(81) Pause Final Update Refs
[785.678s][info][gc,task     ] GC(81) Using 4 of 4 workers for final reference update
[785.678s][info][gc          ] GC(81) Pause Final Update Refs 0.128ms
[785.678s][info][gc,start    ] GC(81) Concurrent cleanup
[785.678s][info][gc          ] GC(81) Concurrent cleanup 5236M->692M(8192M) 0.060ms
[785.678s][info][gc,ergo     ] Free: 7087M, Max: 4096K regular, 5304M humongous, Frag: 26% external, 0% internal; Reserve: 412M, Max: 4096K
[785.678s][info][gc,stats    ] 
[785.678s][info][gc,stats    ] All times are wall-clock times, except per-root-class counters, that are sum over
[785.678s][info][gc,stats    ] all workers. Dividing the <total> over the root stage time estimates parallelism.
[785.678s][info][gc,stats    ] 
[785.678s][info][gc,stats    ] Concurrent Reset                  18038 us
[785.678s][info][gc,stats    ] Pause Init Mark (G)                 163 us
[785.678s][info][gc,stats    ] Pause Init Mark (N)                 112 us
[785.678s][info][gc,stats    ]   Update Region States               41 us
[785.678s][info][gc,stats    ] Concurrent Mark Roots              9016 us, parallelism: 1.95x
[785.678s][info][gc,stats    ]   CMR: <total>                    17579 us
[785.678s][info][gc,stats    ]   CMR: Thread Roots                1636 us, workers (us): 732, 905, ---, ---, 
[785.678s][info][gc,stats    ]   CMR: Code Cache Roots           15244 us, workers (us): 7364, 7880, ---, ---, 
[785.678s][info][gc,stats    ]   CMR: VM Strong Roots               14 us, workers (us):  14,   0, ---, ---, 
[785.679s][info][gc,stats    ]   CMR: CLDG Roots                   685 us, workers (us): 685, ---, ---, ---, 
[785.679s][info][gc,stats    ] Concurrent Marking               218383 us
[785.679s][info][gc,stats    ] Pause Final Mark (G)                398 us
[785.679s][info][gc,stats    ] Pause Final Mark (N)                353 us
[785.679s][info][gc,stats    ]   Finish Mark                        99 us
[785.679s][info][gc,stats    ]   Update Region States               41 us
[785.679s][info][gc,stats    ]   Choose Collection Set             129 us
[785.679s][info][gc,stats    ]   Rebuild Free Set                   10 us
[785.679s][info][gc,stats    ] Concurrent Thread Roots             748 us, parallelism: 1.83x
[785.679s][info][gc,stats    ]   CTR: <total>                     1369 us
[785.679s][info][gc,stats    ]   CTR: Thread Roots                1369 us, workers (us): 683, 685, ---, ---, 
[785.679s][info][gc,stats    ] Concurrent Weak References          578 us, parallelism: 0.91x
[785.679s][info][gc,stats    ]   CWRF: <total>                     524 us
[785.679s][info][gc,stats    ]   CWRF: Weak References             524 us, workers (us):  52, 473, ---, ---, 
[785.679s][info][gc,stats    ] Concurrent Weak Roots               951 us
[785.679s][info][gc,stats    ]   Roots                             896 us, parallelism: 1.79x
[785.679s][info][gc,stats    ]     CWR: <total>                   1603 us
[785.679s][info][gc,stats    ]     CWR: VM Weak Roots             1603 us, workers (us): 801, 802, ---, ---, 
[785.679s][info][gc,stats    ]   Rendezvous                         22 us
[785.679s][info][gc,stats    ] Concurrent Cleanup                   48 us
[785.679s][info][gc,stats    ] Concurrent Strong Roots            6876 us, parallelism: 1.94x
[785.679s][info][gc,stats    ]   CSR: <total>                    13354 us
[785.679s][info][gc,stats    ]   CSR: Code Cache Roots           13126 us, workers (us): 6496, 6630, ---, ---, 
[785.679s][info][gc,stats    ]   CSR: VM Strong Roots                6 us, workers (us):   6,   0, ---, ---, 
[785.679s][info][gc,stats    ]   CSR: CLDG Roots                   221 us, workers (us): 221, ---, ---, ---, 
[785.679s][info][gc,stats    ] Concurrent Evacuation             33489 us
[785.679s][info][gc,stats    ] Pause Init Update Refs (G)           79 us
[785.679s][info][gc,stats    ] Pause Init Update Refs (N)           61 us
[785.679s][info][gc,stats    ]   Manage GCLABs                       5 us
[785.679s][info][gc,stats    ] Concurrent Update Refs           129457 us
[785.679s][info][gc,stats    ] Concurrent Update Thread Roots     1453 us
[785.679s][info][gc,stats    ] Pause Final Update Refs (G)         208 us
[785.679s][info][gc,stats    ] Pause Final Update Refs (N)         149 us
[785.679s][info][gc,stats    ]   Update Region States               64 us
[785.679s][info][gc,stats    ]   Trash Collection Set               15 us
[785.679s][info][gc,stats    ]   Rebuild Free Set                   12 us
[785.679s][info][gc,stats    ] Concurrent Cleanup                   73 us
[785.679s][info][gc,stats    ] 
[785.679s][info][gc,stats    ] Allocation pacing accrued:
[785.679s][info][gc,stats    ]       0 of 10446 ms (  0.0%): <total>
[785.679s][info][gc,stats    ]       0 of 10446 ms (  0.0%): <average total>
[785.679s][info][gc,stats    ] 
[785.679s][info][gc,metaspace] Metaspace: 135844K(137280K)->135844K(137280K) NonClass: 114808K(115648K)->114808K(115648K) Class: 21035K(21632K)->21035K(21632K)
[785.679s][info][gc,ergo     ] Pacer for Idle. Initial: 163M, Alloc Tax Rate: 1.0x
[794.200s][info][gc          ] Trigger: Free (815M) is below minimum threshold (819M)
[794.200s][info][gc,ergo     ] Free: 815M, Max: 4096K regular, 676M humongous, Frag: 17% external, 0% internal; Reserve: 412M, Max: 4096K
[794.200s][info][gc,start    ] GC(82) Concurrent reset
[794.200s][info][gc,task     ] GC(82) Using 2 of 4 workers for concurrent reset
[794.200s][info][gc,ergo     ] GC(82) Pacer for Reset. Non-Taxable: 8192M
[794.212s][info][gc          ] GC(82) Concurrent reset 12.597ms
[794.213s][info][gc,start    ] GC(82) Pause Init Mark
[794.213s][info][gc,task     ] GC(82) Using 4 of 4 workers for init marking
[794.213s][info][gc,ergo     ] GC(82) Pacer for Mark. Expected Live: 444M, Free: 811M, Non-Taxable: 83135K, Alloc Tax Rate: 0.7x
[794.213s][info][gc          ] GC(82) Pause Init Mark 0.111ms
[794.213s][info][gc,start    ] GC(82) Concurrent marking roots
[794.213s][info][gc,task     ] GC(82) Using 2 of 4 workers for concurrent marking roots
[794.220s][info][gc          ] GC(82) Concurrent marking roots 7.802ms
[794.221s][info][gc,start    ] GC(82) Concurrent marking
[794.221s][info][gc,task     ] GC(82) Using 2 of 4 workers for concurrent marking
[794.444s][info][gc          ] GC(82) Concurrent marking 223.789ms
[794.444s][info][gc,start    ] GC(82) Pause Final Mark
[794.444s][info][gc,task     ] GC(82) Using 4 of 4 workers for final marking
[794.445s][info][gc,ergo     ] GC(82) Adaptive CSet Selection. Target Free: 1160M, Actual Free: 2688M, Max CSet: 341M, Min Garbage: 0B
[794.445s][info][gc,ergo     ] GC(82) Collectable Garbage: 6464M (99%), Immediate: 1600M (24%), CSet: 4864M (74%)
[794.445s][info][gc,ergo     ] GC(82) Pacer for Evacuation. Used CSet: 4964M, Free: 2283M, Non-Taxable: 228M, Alloc Tax Rate: 5.3x
[794.445s][info][gc          ] GC(82) Pause Final Mark 0.365ms
[794.445s][info][gc,start    ] GC(82) Concurrent thread roots
[794.445s][info][gc,task     ] GC(82) Using 2 of 4 workers for Concurrent thread roots
[794.446s][info][gc          ] GC(82) Concurrent thread roots 0.872ms
[794.446s][info][gc,start    ] GC(82) Concurrent weak references
[794.446s][info][gc,task     ] GC(82) Using 2 of 4 workers for concurrent weak references
[794.446s][info][gc,ref      ] GC(82) Encountered references: Soft: 6548, Weak: 23486, Final: 34, Phantom: 889
[794.446s][info][gc,ref      ] GC(82) Discovered  references: Soft: 0, Weak: 11616, Final: 0, Phantom: 687
[794.446s][info][gc,ref      ] GC(82) Enqueued    references: Soft: 0, Weak: 3, Final: 0, Phantom: 0
[794.446s][info][gc          ] GC(82) Concurrent weak references 0.605ms
[794.446s][info][gc,start    ] GC(82) Concurrent weak roots
[794.446s][info][gc,task     ] GC(82) Using 2 of 4 workers for concurrent weak root
[794.447s][info][gc          ] GC(82) Concurrent weak roots 0.912ms
[794.447s][info][gc,start    ] GC(82) Concurrent cleanup
[794.447s][info][gc          ] GC(82) Concurrent cleanup 7104M->5504M(8192M) 0.034ms
[794.447s][info][gc,ergo     ] GC(82) Free: 2275M, Max: 4096K regular, 672M humongous, Frag: 71% external, 0% internal; Reserve: 411M, Max: 4096K
[794.447s][info][gc,start    ] GC(82) Concurrent strong roots
[794.447s][info][gc,task     ] GC(82) Using 2 of 4 workers for concurrent strong root
[794.453s][info][gc          ] GC(82) Concurrent strong roots 6.000ms
[794.453s][info][gc,start    ] GC(82) Concurrent evacuation
[794.453s][info][gc,task     ] GC(82) Using 2 of 4 workers for concurrent evacuation
[794.504s][info][gc          ] GC(82) Concurrent evacuation 50.658ms
[794.504s][info][gc,start    ] GC(82) Pause Init Update Refs
[794.504s][info][gc,ergo     ] GC(82) Pacer for Update Refs. Used: 5636M, Free: 2247M, Non-Taxable: 224M, Alloc Tax Rate: 3.1x
[794.504s][info][gc          ] GC(82) Pause Init Update Refs 0.043ms
[794.504s][info][gc,start    ] GC(82) Concurrent update references
[794.504s][info][gc,task     ] GC(82) Using 2 of 4 workers for concurrent reference update
[794.642s][info][gc          ] GC(82) Concurrent update references 137.898ms
[794.642s][info][gc,start    ] GC(82) Concurrent update thread roots
[794.643s][info][gc          ] GC(82) Concurrent update thread roots 1.327ms
[794.643s][info][gc,start    ] GC(82) Pause Final Update Refs
[794.643s][info][gc,task     ] GC(82) Using 4 of 4 workers for final reference update
[794.644s][info][gc          ] GC(82) Pause Final Update Refs 0.117ms
[794.644s][info][gc,start    ] GC(82) Concurrent cleanup
[794.644s][info][gc          ] GC(82) Concurrent cleanup 5724M->760M(8192M) 0.065ms
[794.644s][info][gc,ergo     ] Free: 7019M, Max: 4096K regular, 5256M humongous, Frag: 26% external, 0% internal; Reserve: 412M, Max: 4096K
[794.644s][info][gc,stats    ] 
[794.644s][info][gc,stats    ] All times are wall-clock times, except per-root-class counters, that are sum over
[794.644s][info][gc,stats    ] all workers. Dividing the <total> over the root stage time estimates parallelism.
[794.644s][info][gc,stats    ] 
[794.644s][info][gc,stats    ] Concurrent Reset                  12661 us
[794.644s][info][gc,stats    ] Pause Init Mark (G)                 178 us
[794.644s][info][gc,stats    ] Pause Init Mark (N)                 123 us
[794.644s][info][gc,stats    ]   Update Region States               39 us
[794.644s][info][gc,stats    ] Concurrent Mark Roots              7829 us, parallelism: 1.96x
[794.644s][info][gc,stats    ]   CMR: <total>                    15311 us
[794.644s][info][gc,stats    ]   CMR: Thread Roots                1475 us, workers (us): 650, 825, ---, ---, 
[794.644s][info][gc,stats    ]   CMR: Code Cache Roots           13140 us, workers (us): 6322, 6818, ---, ---, 
[794.644s][info][gc,stats    ]   CMR: VM Strong Roots               13 us, workers (us):  13,   0, ---, ---, 
[794.644s][info][gc,stats    ]   CMR: CLDG Roots                   682 us, workers (us): 682, ---, ---, ---, 
[794.644s][info][gc,stats    ] Concurrent Marking               223838 us
[794.644s][info][gc,stats    ] Pause Final Mark (G)                403 us
[794.644s][info][gc,stats    ] Pause Final Mark (N)                375 us
[794.644s][info][gc,stats    ]   Finish Mark                       100 us
[794.644s][info][gc,stats    ]   Update Region States               55 us
[794.644s][info][gc,stats    ]   Choose Collection Set             142 us
[794.644s][info][gc,stats    ]   Rebuild Free Set                   10 us
[794.644s][info][gc,stats    ] Concurrent Thread Roots             892 us, parallelism: 1.77x
[794.644s][info][gc,stats    ]   CTR: <total>                     1579 us
[794.644s][info][gc,stats    ]   CTR: Thread Roots                1579 us, workers (us): 788, 790, ---, ---, 
[794.644s][info][gc,stats    ] Concurrent Weak References          616 us, parallelism: 0.89x
[794.644s][info][gc,stats    ]   CWRF: <total>                     545 us
[794.644s][info][gc,stats    ]   CWRF: Weak References             545 us, workers (us):  42, 503, ---, ---, 
[794.644s][info][gc,stats    ] Concurrent Weak Roots               929 us
[794.644s][info][gc,stats    ]   Roots                             838 us, parallelism: 1.79x
[794.644s][info][gc,stats    ]     CWR: <total>                   1502 us
[794.644s][info][gc,stats    ]     CWR: VM Weak Roots             1502 us, workers (us): 752, 749, ---, ---, 
[794.644s][info][gc,stats    ]   Rendezvous                         52 us
[794.644s][info][gc,stats    ] Concurrent Cleanup                   46 us
[794.644s][info][gc,stats    ] Concurrent Strong Roots            6028 us, parallelism: 1.94x
[794.644s][info][gc,stats    ]   CSR: <total>                    11686 us
[794.644s][info][gc,stats    ]   CSR: Code Cache Roots           11453 us, workers (us): 5680, 5773, ---, ---, 
[794.644s][info][gc,stats    ]   CSR: VM Strong Roots                7 us, workers (us):   7,   0, ---, ---, 
[794.644s][info][gc,stats    ]   CSR: CLDG Roots                   226 us, workers (us): 226, ---, ---, ---, 
[794.644s][info][gc,stats    ] Concurrent Evacuation             50699 us
[794.644s][info][gc,stats    ] Pause Init Update Refs (G)          105 us
[794.644s][info][gc,stats    ] Pause Init Update Refs (N)           54 us
[794.644s][info][gc,stats    ]   Manage GCLABs                       5 us
[794.644s][info][gc,stats    ] Concurrent Update Refs           137943 us
[794.644s][info][gc,stats    ] Concurrent Update Thread Roots     1364 us
[794.644s][info][gc,stats    ] Pause Final Update Refs (G)         170 us
[794.644s][info][gc,stats    ] Pause Final Update Refs (N)         144 us
[794.644s][info][gc,stats    ]   Update Region States               53 us
[794.644s][info][gc,stats    ]   Trash Collection Set               12 us
[794.644s][info][gc,stats    ]   Rebuild Free Set                   12 us
[794.644s][info][gc,stats    ] Concurrent Cleanup                   79 us
[794.644s][info][gc,stats    ] 
[794.644s][info][gc,stats    ] Allocation pacing accrued:
[794.644s][info][gc,stats    ]       0 of  8965 ms (  0.0%): <total>
[794.644s][info][gc,stats    ]       0 of  8965 ms (  0.0%): <average total>
[794.644s][info][gc,stats    ] 
[794.644s][info][gc,metaspace] Metaspace: 135849K(137280K)->135849K(137280K) NonClass: 114813K(115648K)->114813K(115648K) Class: 21035K(21632K)->21035K(21632K)
[794.644s][info][gc,ergo     ] Pacer for Idle. Initial: 163M, Alloc Tax Rate: 1.0x
[803.167s][info][gc          ] Trigger: Free (815M) is below minimum threshold (819M)
[803.167s][info][gc,ergo     ] Free: 815M, Max: 4096K regular, 632M humongous, Frag: 23% external, 0% internal; Reserve: 412M, Max: 4096K
[803.167s][info][gc,start    ] GC(83) Concurrent reset
[803.167s][info][gc,task     ] GC(83) Using 2 of 4 workers for concurrent reset
[803.167s][info][gc,ergo     ] GC(83) Pacer for Reset. Non-Taxable: 8192M
[803.182s][info][gc          ] GC(83) Concurrent reset 14.774ms
[803.182s][info][gc,start    ] GC(83) Pause Init Mark
[803.182s][info][gc,task     ] GC(83) Using 4 of 4 workers for init marking
[803.182s][info][gc,ergo     ] GC(83) Pacer for Mark. Expected Live: 449M, Free: 807M, Non-Taxable: 82729K, Alloc Tax Rate: 0.7x
[803.182s][info][gc          ] GC(83) Pause Init Mark 0.113ms
[803.183s][info][gc,start    ] GC(83) Concurrent marking roots
[803.183s][info][gc,task     ] GC(83) Using 2 of 4 workers for concurrent marking roots
[803.191s][info][gc          ] GC(83) Concurrent marking roots 8.567ms
[803.191s][info][gc,start    ] GC(83) Concurrent marking
[803.191s][info][gc,task     ] GC(83) Using 2 of 4 workers for concurrent marking
[803.392s][info][gc          ] GC(83) Concurrent marking 200.819ms
[803.392s][info][gc,start    ] GC(83) Pause Final Mark
[803.392s][info][gc,task     ] GC(83) Using 4 of 4 workers for final marking
[803.392s][info][gc,ergo     ] GC(83) Adaptive CSet Selection. Target Free: 1160M, Actual Free: 4612M, Max CSet: 341M, Min Garbage: 0B
[803.392s][info][gc,ergo     ] GC(83) Collectable Garbage: 6524M (99%), Immediate: 3520M (53%), CSet: 3004M (45%)
[803.392s][info][gc,ergo     ] GC(83) Pacer for Evacuation. Used CSet: 3048M, Free: 4207M, Non-Taxable: 420M, Alloc Tax Rate: 1.8x
[803.392s][info][gc          ] GC(83) Pause Final Mark 0.251ms
[803.392s][info][gc,start    ] GC(83) Concurrent thread roots
[803.392s][info][gc,task     ] GC(83) Using 2 of 4 workers for Concurrent thread roots
[803.393s][info][gc          ] GC(83) Concurrent thread roots 0.750ms
[803.393s][info][gc,start    ] GC(83) Concurrent weak references
[803.393s][info][gc,task     ] GC(83) Using 2 of 4 workers for concurrent weak references
[803.393s][info][gc,ref      ] GC(83) Encountered references: Soft: 6548, Weak: 23484, Final: 34, Phantom: 889
[803.393s][info][gc,ref      ] GC(83) Discovered  references: Soft: 0, Weak: 9000, Final: 1, Phantom: 686
[803.393s][info][gc,ref      ] GC(83) Enqueued    references: Soft: 0, Weak: 1, Final: 0, Phantom: 0
[803.393s][info][gc          ] GC(83) Concurrent weak references 0.407ms
[803.393s][info][gc,start    ] GC(83) Concurrent weak roots
[803.393s][info][gc,task     ] GC(83) Using 2 of 4 workers for concurrent weak root
[803.394s][info][gc          ] GC(83) Concurrent weak roots 0.866ms
[803.394s][info][gc,start    ] GC(83) Concurrent cleanup
[803.394s][info][gc          ] GC(83) Concurrent cleanup 7100M->3580M(8192M) 0.049ms
[803.394s][info][gc,ergo     ] GC(83) Free: 4199M, Max: 4096K regular, 632M humongous, Frag: 85% external, 0% internal; Reserve: 411M, Max: 4096K
[803.394s][info][gc,start    ] GC(83) Concurrent strong roots
[803.394s][info][gc,task     ] GC(83) Using 2 of 4 workers for concurrent strong root
[803.400s][info][gc          ] GC(83) Concurrent strong roots 5.995ms
[803.400s][info][gc,start    ] GC(83) Concurrent evacuation
[803.400s][info][gc,task     ] GC(83) Using 2 of 4 workers for concurrent evacuation
[803.422s][info][gc          ] GC(83) Concurrent evacuation 21.906ms
[803.422s][info][gc,start    ] GC(83) Pause Init Update Refs
[803.422s][info][gc,ergo     ] GC(83) Pacer for Update Refs. Used: 3636M, Free: 4191M, Non-Taxable: 419M, Alloc Tax Rate: 1.1x
[803.422s][info][gc          ] GC(83) Pause Init Update Refs 0.042ms
[803.423s][info][gc,start    ] GC(83) Concurrent update references
[803.423s][info][gc,task     ] GC(83) Using 2 of 4 workers for concurrent reference update
[803.543s][info][gc          ] GC(83) Concurrent update references 120.929ms
[803.543s][info][gc,start    ] GC(83) Concurrent update thread roots
[803.545s][info][gc          ] GC(83) Concurrent update thread roots 1.253ms
[803.545s][info][gc,start    ] GC(83) Pause Final Update Refs
[803.545s][info][gc,task     ] GC(83) Using 4 of 4 workers for final reference update
[803.545s][info][gc          ] GC(83) Pause Final Update Refs 0.102ms
[803.545s][info][gc,start    ] GC(83) Concurrent cleanup
[803.545s][info][gc          ] GC(83) Concurrent cleanup 3712M->664M(8192M) 0.047ms
[803.545s][info][gc,ergo     ] Free: 7115M, Max: 4096K regular, 5236M humongous, Frag: 27% external, 0% internal; Reserve: 412M, Max: 4096K
[803.545s][info][gc,stats    ] 
[803.545s][info][gc,stats    ] All times are wall-clock times, except per-root-class counters, that are sum over
[803.545s][info][gc,stats    ] all workers. Dividing the <total> over the root stage time estimates parallelism.
[803.545s][info][gc,stats    ] 
[803.545s][info][gc,stats    ] Concurrent Reset                  14853 us
[803.545s][info][gc,stats    ] Pause Init Mark (G)                 230 us
[803.545s][info][gc,stats    ] Pause Init Mark (N)                 126 us
[803.545s][info][gc,stats    ]   Update Region States               37 us
[803.545s][info][gc,stats    ] Concurrent Mark Roots              8604 us, parallelism: 1.95x
[803.545s][info][gc,stats    ]   CMR: <total>                    16786 us
[803.545s][info][gc,stats    ]   CMR: Thread Roots                1346 us, workers (us): 589, 757, ---, ---, 
[803.545s][info][gc,stats    ]   CMR: Code Cache Roots           14461 us, workers (us): 6838, 7623, ---, ---, 
[803.545s][info][gc,stats    ]   CMR: VM Strong Roots               14 us, workers (us):  13,   0, ---, ---, 
[803.545s][info][gc,stats    ]   CMR: CLDG Roots                   966 us, workers (us): 966, ---, ---, ---, 
[803.545s][info][gc,stats    ] Concurrent Marking               200865 us
[803.545s][info][gc,stats    ] Pause Final Mark (G)                289 us
[803.545s][info][gc,stats    ] Pause Final Mark (N)                261 us
[803.545s][info][gc,stats    ]   Finish Mark                        61 us
[803.545s][info][gc,stats    ]   Update Region States               18 us
[803.545s][info][gc,stats    ]   Choose Collection Set             103 us
[803.545s][info][gc,stats    ]   Rebuild Free Set                   11 us
[803.545s][info][gc,stats    ] Concurrent Thread Roots             764 us, parallelism: 1.87x
[803.545s][info][gc,stats    ]   CTR: <total>                     1427 us
[803.545s][info][gc,stats    ]   CTR: Thread Roots                1427 us, workers (us): 713, 714, ---, ---, 
[803.545s][info][gc,stats    ] Concurrent Weak References          418 us, parallelism: 1.02x
[803.545s][info][gc,stats    ]   CWRF: <total>                     425 us
[803.545s][info][gc,stats    ]   CWRF: Weak References             425 us, workers (us): 122, 303, ---, ---, 
[803.545s][info][gc,stats    ] Concurrent Weak Roots               889 us
[803.545s][info][gc,stats    ]   Roots                             824 us, parallelism: 1.80x
[803.545s][info][gc,stats    ]     CWR: <total>                   1481 us
[803.545s][info][gc,stats    ]     CWR: VM Weak Roots             1481 us, workers (us): 739, 742, ---, ---, 
[803.545s][info][gc,stats    ]   Rendezvous                         21 us
[803.545s][info][gc,stats    ] Concurrent Cleanup                   62 us
[803.545s][info][gc,stats    ] Concurrent Strong Roots            6026 us, parallelism: 1.95x
[803.545s][info][gc,stats    ]   CSR: <total>                    11741 us
[803.545s][info][gc,stats    ]   CSR: Code Cache Roots           11506 us, workers (us): 5918, 5589, ---, ---, 
[803.545s][info][gc,stats    ]   CSR: VM Strong Roots                8 us, workers (us):   5,   4, ---, ---, 
[803.545s][info][gc,stats    ]   CSR: CLDG Roots                   226 us, workers (us): ---, 226, ---, ---, 
[803.545s][info][gc,stats    ] Concurrent Evacuation             21942 us
[803.545s][info][gc,stats    ] Pause Init Update Refs (G)           80 us
[803.545s][info][gc,stats    ] Pause Init Update Refs (N)           53 us
[803.545s][info][gc,stats    ]   Manage GCLABs                       4 us
[803.545s][info][gc,stats    ] Concurrent Update Refs           120973 us
[803.545s][info][gc,stats    ] Concurrent Update Thread Roots     1276 us
[803.545s][info][gc,stats    ] Pause Final Update Refs (G)         154 us
[803.545s][info][gc,stats    ] Pause Final Update Refs (N)         127 us
[803.545s][info][gc,stats    ]   Update Region States               38 us
[803.545s][info][gc,stats    ]   Trash Collection Set               11 us
[803.545s][info][gc,stats    ]   Rebuild Free Set                   12 us
[803.546s][info][gc,stats    ] Concurrent Cleanup                   61 us
[803.546s][info][gc,stats    ] 
[803.546s][info][gc,stats    ] Allocation pacing accrued:
[803.546s][info][gc,stats    ]       0 of  8901 ms (  0.0%): <total>
[803.546s][info][gc,stats    ]       0 of  8901 ms (  0.0%): <average total>
[803.546s][info][gc,stats    ] 
[803.546s][info][gc,metaspace] Metaspace: 135855K(137280K)->135855K(137280K) NonClass: 114820K(115648K)->114820K(115648K) Class: 21035K(21632K)->21035K(21632K)
[803.546s][info][gc,ergo     ] Pacer for Idle. Initial: 163M, Alloc Tax Rate: 1.0x
[812.941s][info][gc          ] Trigger: Free (815M) is below minimum threshold (819M)
[812.941s][info][gc,ergo     ] Free: 815M, Max: 4096K regular, 688M humongous, Frag: 16% external, 0% internal; Reserve: 412M, Max: 4096K
[812.941s][info][gc,start    ] GC(84) Concurrent reset
[812.941s][info][gc,task     ] GC(84) Using 2 of 4 workers for concurrent reset
[812.941s][info][gc,ergo     ] GC(84) Pacer for Reset. Non-Taxable: 8192M
[812.950s][info][gc          ] GC(84) Concurrent reset 8.331ms
[812.950s][info][gc,start    ] GC(84) Pause Init Mark
[812.950s][info][gc,task     ] GC(84) Using 4 of 4 workers for init marking
[812.950s][info][gc,ergo     ] GC(84) Pacer for Mark. Expected Live: 446M, Free: 815M, Non-Taxable: 83548K, Alloc Tax Rate: 0.7x
[812.950s][info][gc          ] GC(84) Pause Init Mark 0.130ms
[812.950s][info][gc,start    ] GC(84) Concurrent marking roots
[812.950s][info][gc,task     ] GC(84) Using 2 of 4 workers for concurrent marking roots
[812.958s][info][gc          ] GC(84) Concurrent marking roots 8.502ms
[812.958s][info][gc,start    ] GC(84) Concurrent marking
[812.959s][info][gc,task     ] GC(84) Using 2 of 4 workers for concurrent marking
[813.179s][info][gc          ] GC(84) Concurrent marking 220.788ms
[813.179s][info][gc,start    ] GC(84) Pause Final Mark
[813.179s][info][gc,task     ] GC(84) Using 4 of 4 workers for final marking
[813.180s][info][gc,ergo     ] GC(84) Adaptive CSet Selection. Target Free: 1160M, Actual Free: 2904M, Max CSet: 341M, Min Garbage: 0B
[813.180s][info][gc,ergo     ] GC(84) Collectable Garbage: 6479M (99%), Immediate: 1832M (28%), CSet: 4647M (71%)
[813.180s][info][gc,ergo     ] GC(84) Pacer for Evacuation. Used CSet: 4728M, Free: 2492M, Non-Taxable: 249M, Alloc Tax Rate: 4.6x
[813.180s][info][gc          ] GC(84) Pause Final Mark 0.322ms
[813.180s][info][gc,start    ] GC(84) Concurrent thread roots
[813.180s][info][gc,task     ] GC(84) Using 2 of 4 workers for Concurrent thread roots
[813.181s][info][gc          ] GC(84) Concurrent thread roots 0.797ms
[813.181s][info][gc,start    ] GC(84) Concurrent weak references
[813.181s][info][gc,task     ] GC(84) Using 2 of 4 workers for concurrent weak references
[813.181s][info][gc,ref      ] GC(84) Encountered references: Soft: 6548, Weak: 23492, Final: 34, Phantom: 898
[813.181s][info][gc,ref      ] GC(84) Discovered  references: Soft: 0, Weak: 11537, Final: 0, Phantom: 691
[813.181s][info][gc,ref      ] GC(84) Enqueued    references: Soft: 0, Weak: 6, Final: 0, Phantom: 0
[813.181s][info][gc          ] GC(84) Concurrent weak references 0.544ms
[813.181s][info][gc,start    ] GC(84) Concurrent weak roots
[813.181s][info][gc,task     ] GC(84) Using 2 of 4 workers for concurrent weak root
[813.182s][info][gc          ] GC(84) Concurrent weak roots 0.938ms
[813.182s][info][gc,start    ] GC(84) Concurrent cleanup
[813.182s][info][gc          ] GC(84) Concurrent cleanup 7128M->5296M(8192M) 0.038ms
[813.182s][info][gc,ergo     ] GC(84) Free: 2484M, Max: 4096K regular, 652M humongous, Frag: 74% external, 0% internal; Reserve: 411M, Max: 4096K
[813.182s][info][gc,start    ] GC(84) Concurrent strong roots
[813.182s][info][gc,task     ] GC(84) Using 2 of 4 workers for concurrent strong root
[813.188s][info][gc          ] GC(84) Concurrent strong roots 5.391ms
[813.188s][info][gc,start    ] GC(84) Concurrent evacuation
[813.188s][info][gc,task     ] GC(84) Using 2 of 4 workers for concurrent evacuation
[813.226s][info][gc          ] GC(84) Concurrent evacuation 38.660ms
[813.226s][info][gc,start    ] GC(84) Pause Init Update Refs
[813.226s][info][gc,ergo     ] GC(84) Pacer for Update Refs. Used: 5399M, Free: 2468M, Non-Taxable: 246M, Alloc Tax Rate: 2.7x
[813.226s][info][gc          ] GC(84) Pause Init Update Refs 0.044ms
[813.226s][info][gc,start    ] GC(84) Concurrent update references
[813.226s][info][gc,task     ] GC(84) Using 2 of 4 workers for concurrent reference update
[813.360s][info][gc          ] GC(84) Concurrent update references 133.341ms
[813.360s][info][gc,start    ] GC(84) Concurrent update thread roots
[813.361s][info][gc          ] GC(84) Concurrent update thread roots 1.410ms
[813.361s][info][gc,start    ] GC(84) Pause Final Update Refs
[813.361s][info][gc,task     ] GC(84) Using 4 of 4 workers for final reference update
[813.361s][info][gc          ] GC(84) Pause Final Update Refs 0.091ms
[813.361s][info][gc,start    ] GC(84) Concurrent cleanup
[813.361s][info][gc          ] GC(84) Concurrent cleanup 5433M->705M(8192M) 0.067ms
[813.362s][info][gc,ergo     ] Free: 7074M, Max: 4096K regular, 5324M humongous, Frag: 25% external, 0% internal; Reserve: 412M, Max: 4096K
[813.362s][info][gc,stats    ] 
[813.362s][info][gc,stats    ] All times are wall-clock times, except per-root-class counters, that are sum over
[813.362s][info][gc,stats    ] all workers. Dividing the <total> over the root stage time estimates parallelism.
[813.362s][info][gc,stats    ] 
[813.362s][info][gc,stats    ] Concurrent Reset                   8403 us
[813.362s][info][gc,stats    ] Pause Init Mark (G)                 217 us
[813.362s][info][gc,stats    ] Pause Init Mark (N)                 142 us
[813.362s][info][gc,stats    ]   Update Region States               42 us
[813.362s][info][gc,stats    ] Concurrent Mark Roots              8534 us, parallelism: 1.91x
[813.362s][info][gc,stats    ]   CMR: <total>                    16292 us
[813.362s][info][gc,stats    ]   CMR: Thread Roots                1412 us, workers (us): 795, 616, ---, ---, 
[813.362s][info][gc,stats    ]   CMR: Code Cache Roots           13971 us, workers (us): 7340, 6631, ---, ---, 
[813.362s][info][gc,stats    ]   CMR: VM Strong Roots               27 us, workers (us):  15,  13, ---, ---, 
[813.362s][info][gc,stats    ]   CMR: CLDG Roots                   882 us, workers (us): ---, 882, ---, ---, 
[813.362s][info][gc,stats    ] Concurrent Marking               220830 us
[813.362s][info][gc,stats    ] Pause Final Mark (G)                392 us
[813.362s][info][gc,stats    ] Pause Final Mark (N)                333 us
[813.362s][info][gc,stats    ]   Finish Mark                        70 us
[813.362s][info][gc,stats    ]   Update Region States               45 us
[813.362s][info][gc,stats    ]   Choose Collection Set             145 us
[813.362s][info][gc,stats    ]   Rebuild Free Set                   10 us
[813.362s][info][gc,stats    ] Concurrent Thread Roots             819 us, parallelism: 1.79x
[813.362s][info][gc,stats    ]   CTR: <total>                     1464 us
[813.362s][info][gc,stats    ]   CTR: Thread Roots                1464 us, workers (us): 748, 716, ---, ---, 
[813.362s][info][gc,stats    ] Concurrent Weak References          555 us, parallelism: 0.98x
[813.362s][info][gc,stats    ]   CWRF: <total>                     542 us
[813.362s][info][gc,stats    ]   CWRF: Weak References             542 us, workers (us): 470,  72, ---, ---, 
[813.362s][info][gc,stats    ] Concurrent Weak Roots               960 us
[813.362s][info][gc,stats    ]   Roots                             863 us, parallelism: 1.72x
[813.362s][info][gc,stats    ]     CWR: <total>                   1483 us
[813.362s][info][gc,stats    ]     CWR: VM Weak Roots             1483 us, workers (us): 742, 741, ---, ---, 
[813.362s][info][gc,stats    ]   Rendezvous                         53 us
[813.362s][info][gc,stats    ] Concurrent Cleanup                   52 us
[813.362s][info][gc,stats    ] Concurrent Strong Roots            5415 us, parallelism: 1.95x
[813.362s][info][gc,stats    ]   CSR: <total>                    10546 us
[813.362s][info][gc,stats    ]   CSR: Code Cache Roots           10323 us, workers (us): 5004, 5319, ---, ---, 
[813.362s][info][gc,stats    ]   CSR: VM Strong Roots                7 us, workers (us):   3,   3, ---, ---, 
[813.362s][info][gc,stats    ]   CSR: CLDG Roots                   217 us, workers (us): 217, ---, ---, ---, 
[813.362s][info][gc,stats    ] Concurrent Evacuation             38708 us
[813.362s][info][gc,stats    ] Pause Init Update Refs (G)          142 us
[813.362s][info][gc,stats    ] Pause Init Update Refs (N)           55 us
[813.362s][info][gc,stats    ]   Manage GCLABs                       6 us
[813.362s][info][gc,stats    ] Concurrent Update Refs           133380 us
[813.362s][info][gc,stats    ] Concurrent Update Thread Roots     1432 us
[813.362s][info][gc,stats    ] Pause Final Update Refs (G)         218 us
[813.362s][info][gc,stats    ] Pause Final Update Refs (N)         111 us
[813.362s][info][gc,stats    ]   Update Region States               29 us
[813.362s][info][gc,stats    ]   Trash Collection Set               14 us
[813.362s][info][gc,stats    ]   Rebuild Free Set                   11 us
[813.362s][info][gc,stats    ] Concurrent Cleanup                   82 us
[813.362s][info][gc,stats    ] 
[813.362s][info][gc,stats    ] Allocation pacing accrued:
[813.362s][info][gc,stats    ]       0 of  9817 ms (  0.0%): <total>
[813.362s][info][gc,stats    ]       0 of  9817 ms (  0.0%): <average total>
[813.362s][info][gc,stats    ] 
[813.362s][info][gc,metaspace] Metaspace: 135856K(137280K)->135856K(137280K) NonClass: 114820K(115648K)->114820K(115648K) Class: 21035K(21632K)->21035K(21632K)
[813.362s][info][gc,ergo     ] Pacer for Idle. Initial: 163M, Alloc Tax Rate: 1.0x
[825.041s][info][gc          ] Trigger: Free (816M) is below minimum threshold (819M)
[825.041s][info][gc,ergo     ] Free: 816M, Max: 4096K regular, 612M humongous, Frag: 25% external, 0% internal; Reserve: 412M, Max: 4096K
[825.041s][info][gc,start    ] GC(85) Concurrent reset
[825.041s][info][gc,task     ] GC(85) Using 2 of 4 workers for concurrent reset
[825.041s][info][gc,ergo     ] GC(85) Pacer for Reset. Non-Taxable: 8192M
[825.058s][info][gc          ] GC(85) Concurrent reset 17.005ms
[825.058s][info][gc,start    ] GC(85) Pause Init Mark
[825.058s][info][gc,task     ] GC(85) Using 4 of 4 workers for init marking
[825.058s][info][gc,ergo     ] GC(85) Pacer for Mark. Expected Live: 444M, Free: 808M, Non-Taxable: 82761K, Alloc Tax Rate: 0.7x
[825.058s][info][gc          ] GC(85) Pause Init Mark 0.117ms
[825.058s][info][gc,start    ] GC(85) Concurrent marking roots
[825.058s][info][gc,task     ] GC(85) Using 2 of 4 workers for concurrent marking roots
[825.066s][info][gc          ] GC(85) Concurrent marking roots 8.095ms
[825.066s][info][gc,start    ] GC(85) Concurrent marking
[825.066s][info][gc,task     ] GC(85) Using 2 of 4 workers for concurrent marking
[825.288s][info][gc          ] GC(85) Concurrent marking 222.373ms
[825.289s][info][gc,start    ] GC(85) Pause Final Mark
[825.289s][info][gc,task     ] GC(85) Using 4 of 4 workers for final marking
[825.289s][info][gc,ergo     ] GC(85) Adaptive CSet Selection. Target Free: 1160M, Actual Free: 3208M, Max CSet: 341M, Min Garbage: 0B
[825.289s][info][gc,ergo     ] GC(85) Collectable Garbage: 6488M (99%), Immediate: 2148M (32%), CSet: 4340M (66%)
[825.289s][info][gc,ergo     ] GC(85) Pacer for Evacuation. Used CSet: 4420M, Free: 2796M, Non-Taxable: 279M, Alloc Tax Rate: 3.9x
[825.289s][info][gc          ] GC(85) Pause Final Mark 0.400ms
[825.289s][info][gc,start    ] GC(85) Concurrent thread roots
[825.289s][info][gc,task     ] GC(85) Using 2 of 4 workers for Concurrent thread roots
[825.290s][info][gc          ] GC(85) Concurrent thread roots 0.763ms
[825.290s][info][gc,start    ] GC(85) Concurrent weak references
[825.290s][info][gc,task     ] GC(85) Using 2 of 4 workers for concurrent weak references
[825.290s][info][gc,ref      ] GC(85) Encountered references: Soft: 6548, Weak: 23487, Final: 34, Phantom: 898
[825.290s][info][gc,ref      ] GC(85) Discovered  references: Soft: 0, Weak: 7181, Final: 1, Phantom: 811
[825.290s][info][gc,ref      ] GC(85) Enqueued    references: Soft: 0, Weak: 1, Final: 0, Phantom: 0
[825.290s][info][gc          ] GC(85) Concurrent weak references 0.327ms
[825.290s][info][gc,start    ] GC(85) Concurrent weak roots
[825.290s][info][gc,task     ] GC(85) Using 2 of 4 workers for concurrent weak root
[825.291s][info][gc          ] GC(85) Concurrent weak roots 0.876ms
[825.291s][info][gc,start    ] GC(85) Concurrent cleanup
[825.291s][info][gc          ] GC(85) Concurrent cleanup 7140M->4992M(8192M) 0.035ms
[825.291s][info][gc,ergo     ] GC(85) Free: 2787M, Max: 4096K regular, 616M humongous, Frag: 78% external, 0% internal; Reserve: 411M, Max: 4096K
[825.291s][info][gc,start    ] GC(85) Concurrent strong roots
[825.291s][info][gc,task     ] GC(85) Using 2 of 4 workers for concurrent strong root
[825.297s][info][gc          ] GC(85) Concurrent strong roots 6.015ms
[825.297s][info][gc,start    ] GC(85) Concurrent evacuation
[825.297s][info][gc,task     ] GC(85) Using 2 of 4 workers for concurrent evacuation
[825.341s][info][gc          ] GC(85) Concurrent evacuation 43.549ms
[825.341s][info][gc,start    ] GC(85) Pause Init Update Refs
[825.341s][info][gc,ergo     ] GC(85) Pacer for Update Refs. Used: 5116M, Free: 2747M, Non-Taxable: 274M, Alloc Tax Rate: 2.3x
[825.341s][info][gc          ] GC(85) Pause Init Update Refs 0.047ms
[825.341s][info][gc,start    ] GC(85) Concurrent update references
[825.341s][info][gc,task     ] GC(85) Using 2 of 4 workers for concurrent reference update
[825.478s][info][gc          ] GC(85) Concurrent update references 137.178ms
[825.478s][info][gc,start    ] GC(85) Concurrent update thread roots
[825.479s][info][gc          ] GC(85) Concurrent update thread roots 1.421ms
[825.479s][info][gc,start    ] GC(85) Pause Final Update Refs
[825.480s][info][gc,task     ] GC(85) Using 4 of 4 workers for final reference update
[825.480s][info][gc          ] GC(85) Pause Final Update Refs 0.094ms
[825.480s][info][gc,start    ] GC(85) Concurrent cleanup
[825.480s][info][gc          ] GC(85) Concurrent cleanup 5180M->760M(8192M) 0.068ms
[825.480s][info][gc,ergo     ] Free: 7019M, Max: 4096K regular, 5224M humongous, Frag: 26% external, 0% internal; Reserve: 412M, Max: 4096K
[825.480s][info][gc,stats    ] 
[825.480s][info][gc,stats    ] All times are wall-clock times, except per-root-class counters, that are sum over
[825.480s][info][gc,stats    ] all workers. Dividing the <total> over the root stage time estimates parallelism.
[825.480s][info][gc,stats    ] 
[825.480s][info][gc,stats    ] Concurrent Reset                  17056 us
[825.480s][info][gc,stats    ] Pause Init Mark (G)                 206 us
[825.480s][info][gc,stats    ] Pause Init Mark (N)                 128 us
[825.480s][info][gc,stats    ]   Update Region States               52 us
[825.480s][info][gc,stats    ] Concurrent Mark Roots              8117 us, parallelism: 1.95x
[825.480s][info][gc,stats    ]   CMR: <total>                    15848 us
[825.480s][info][gc,stats    ]   CMR: Thread Roots                1654 us, workers (us): 813, 841, ---, ---, 
[825.480s][info][gc,stats    ]   CMR: Code Cache Roots           13477 us, workers (us): 6413, 7064, ---, ---, 
[825.480s][info][gc,stats    ]   CMR: VM Strong Roots               12 us, workers (us):  12,   0, ---, ---, 
[825.480s][info][gc,stats    ]   CMR: CLDG Roots                   705 us, workers (us): 705, ---, ---, ---, 
[825.480s][info][gc,stats    ] Concurrent Marking               222435 us
[825.480s][info][gc,stats    ] Pause Final Mark (G)                439 us
[825.480s][info][gc,stats    ] Pause Final Mark (N)                411 us
[825.480s][info][gc,stats    ]   Finish Mark                        69 us
[825.480s][info][gc,stats    ]   Update Region States               18 us
[825.480s][info][gc,stats    ]   Choose Collection Set             240 us
[825.480s][info][gc,stats    ]   Rebuild Free Set                   11 us
[825.480s][info][gc,stats    ] Concurrent Thread Roots             785 us, parallelism: 1.84x
[825.480s][info][gc,stats    ]   CTR: <total>                     1448 us
[825.480s][info][gc,stats    ]   CTR: Thread Roots                1448 us, workers (us): 727, 721, ---, ---, 
[825.480s][info][gc,stats    ] Concurrent Weak References          343 us, parallelism: 1.19x
[825.480s][info][gc,stats    ]   CWRF: <total>                     408 us
[825.480s][info][gc,stats    ]   CWRF: Weak References             408 us, workers (us): 148, 260, ---, ---, 
[825.480s][info][gc,stats    ] Concurrent Weak Roots               889 us
[825.480s][info][gc,stats    ]   Roots                             833 us, parallelism: 1.79x
[825.480s][info][gc,stats    ]     CWR: <total>                   1493 us
[825.480s][info][gc,stats    ]     CWR: VM Weak Roots             1493 us, workers (us): 746, 747, ---, ---, 
[825.480s][info][gc,stats    ]   Rendezvous                         21 us
[825.480s][info][gc,stats    ] Concurrent Cleanup                   47 us
[825.480s][info][gc,stats    ] Concurrent Strong Roots            6047 us, parallelism: 1.96x
[825.480s][info][gc,stats    ]   CSR: <total>                    11833 us
[825.480s][info][gc,stats    ]   CSR: Code Cache Roots           11583 us, workers (us): 5640, 5943, ---, ---, 
[825.480s][info][gc,stats    ]   CSR: VM Strong Roots                7 us, workers (us):   4,   3, ---, ---, 
[825.480s][info][gc,stats    ]   CSR: CLDG Roots                   243 us, workers (us): 243, ---, ---, ---, 
[825.480s][info][gc,stats    ] Concurrent Evacuation             43614 us
[825.480s][info][gc,stats    ] Pause Init Update Refs (G)           89 us
[825.480s][info][gc,stats    ] Pause Init Update Refs (N)           59 us
[825.480s][info][gc,stats    ]   Manage GCLABs                       6 us
[825.480s][info][gc,stats    ] Concurrent Update Refs           137217 us
[825.480s][info][gc,stats    ] Concurrent Update Thread Roots     1444 us
[825.480s][info][gc,stats    ] Pause Final Update Refs (G)         147 us
[825.480s][info][gc,stats    ] Pause Final Update Refs (N)         117 us
[825.480s][info][gc,stats    ]   Update Region States               32 us
[825.480s][info][gc,stats    ]   Trash Collection Set               13 us
[825.480s][info][gc,stats    ]   Rebuild Free Set                   11 us
[825.480s][info][gc,stats    ] Concurrent Cleanup                   81 us
[825.480s][info][gc,stats    ] 
[825.480s][info][gc,stats    ] Allocation pacing accrued:
[825.480s][info][gc,stats    ]       0 of 12118 ms (  0.0%): <total>
[825.480s][info][gc,stats    ]       0 of 12118 ms (  0.0%): <average total>
[825.480s][info][gc,stats    ] 
[825.480s][info][gc,metaspace] Metaspace: 135857K(137280K)->135857K(137280K) NonClass: 114821K(115648K)->114821K(115648K) Class: 21035K(21632K)->21035K(21632K)
[825.480s][info][gc,ergo     ] Pacer for Idle. Initial: 163M, Alloc Tax Rate: 1.0x
[834.789s][info][gc          ] Trigger: Free (815M) is below minimum threshold (819M)
[834.789s][info][gc,ergo     ] Free: 815M, Max: 4096K regular, 728M humongous, Frag: 11% external, 0% internal; Reserve: 412M, Max: 4096K
[834.789s][info][gc,start    ] GC(86) Concurrent reset
[834.789s][info][gc,task     ] GC(86) Using 2 of 4 workers for concurrent reset
[834.789s][info][gc,ergo     ] GC(86) Pacer for Reset. Non-Taxable: 8192M
[834.803s][info][gc          ] GC(86) Concurrent reset 14.239ms
[834.803s][info][gc,start    ] GC(86) Pause Init Mark
[834.803s][info][gc,task     ] GC(86) Using 4 of 4 workers for init marking
[834.803s][info][gc,ergo     ] GC(86) Pacer for Mark. Expected Live: 444M, Free: 807M, Non-Taxable: 82717K, Alloc Tax Rate: 0.7x
[834.803s][info][gc          ] GC(86) Pause Init Mark 0.115ms
[834.803s][info][gc,start    ] GC(86) Concurrent marking roots
[834.803s][info][gc,task     ] GC(86) Using 2 of 4 workers for concurrent marking roots
[834.811s][info][gc          ] GC(86) Concurrent marking roots 7.869ms
[834.811s][info][gc,start    ] GC(86) Concurrent marking
[834.811s][info][gc,task     ] GC(86) Using 2 of 4 workers for concurrent marking
[835.030s][info][gc          ] GC(86) Concurrent marking 218.429ms
[835.030s][info][gc,start    ] GC(86) Pause Final Mark
[835.030s][info][gc,task     ] GC(86) Using 4 of 4 workers for final marking
[835.030s][info][gc,ergo     ] GC(86) Adaptive CSet Selection. Target Free: 1160M, Actual Free: 2564M, Max CSet: 341M, Min Garbage: 0B
[835.030s][info][gc,ergo     ] GC(86) Collectable Garbage: 6497M (99%), Immediate: 1528M (23%), CSet: 4969M (76%)
[835.030s][info][gc,ergo     ] GC(86) Pacer for Evacuation. Used CSet: 5040M, Free: 2152M, Non-Taxable: 215M, Alloc Tax Rate: 5.7x
[835.030s][info][gc          ] GC(86) Pause Final Mark 0.339ms
[835.030s][info][gc,start    ] GC(86) Concurrent thread roots
[835.030s][info][gc,task     ] GC(86) Using 2 of 4 workers for Concurrent thread roots
[835.031s][info][gc          ] GC(86) Concurrent thread roots 0.956ms
[835.031s][info][gc,start    ] GC(86) Concurrent weak references
[835.031s][info][gc,task     ] GC(86) Using 2 of 4 workers for concurrent weak references
[835.032s][info][gc,ref      ] GC(86) Encountered references: Soft: 6548, Weak: 23489, Final: 34, Phantom: 901
[835.032s][info][gc,ref      ] GC(86) Discovered  references: Soft: 0, Weak: 11742, Final: 0, Phantom: 695
[835.032s][info][gc,ref      ] GC(86) Enqueued    references: Soft: 0, Weak: 2, Final: 0, Phantom: 0
[835.032s][info][gc          ] GC(86) Concurrent weak references 1.111ms
[835.032s][info][gc,start    ] GC(86) Concurrent weak roots
[835.032s][info][gc,task     ] GC(86) Using 2 of 4 workers for concurrent weak root
[835.033s][info][gc          ] GC(86) Concurrent weak roots 0.950ms
[835.033s][info][gc,start    ] GC(86) Concurrent cleanup
[835.033s][info][gc          ] GC(86) Concurrent cleanup 7165M->5637M(8192M) 0.048ms
[835.033s][info][gc,ergo     ] GC(86) Free: 2142M, Max: 4096K regular, 612M humongous, Frag: 72% external, 0% internal; Reserve: 411M, Max: 4096K
[835.033s][info][gc,start    ] GC(86) Concurrent strong roots
[835.033s][info][gc,task     ] GC(86) Using 2 of 4 workers for concurrent strong root
[835.039s][info][gc          ] GC(86) Concurrent strong roots 5.617ms
[835.039s][info][gc,start    ] GC(86) Concurrent evacuation
[835.039s][info][gc,task     ] GC(86) Using 2 of 4 workers for concurrent evacuation
[835.078s][info][gc          ] GC(86) Concurrent evacuation 39.575ms
[835.078s][info][gc,start    ] GC(86) Pause Init Update Refs
[835.078s][info][gc,ergo     ] GC(86) Pacer for Update Refs. Used: 5729M, Free: 2126M, Non-Taxable: 212M, Alloc Tax Rate: 3.3x
[835.078s][info][gc          ] GC(86) Pause Init Update Refs 0.055ms
[835.079s][info][gc,start    ] GC(86) Concurrent update references
[835.079s][info][gc,task     ] GC(86) Using 2 of 4 workers for concurrent reference update
[835.227s][info][gc          ] GC(86) Concurrent update references 148.097ms
[835.227s][info][gc,start    ] GC(86) Concurrent update thread roots
[835.228s][info][gc          ] GC(86) Concurrent update thread roots 1.306ms
[835.228s][info][gc,start    ] GC(86) Pause Final Update Refs
[835.228s][info][gc,task     ] GC(86) Using 4 of 4 workers for final reference update
[835.228s][info][gc          ] GC(86) Pause Final Update Refs 0.094ms
[835.228s][info][gc,start    ] GC(86) Concurrent cleanup
[835.228s][info][gc          ] GC(86) Concurrent cleanup 5809M->769M(8192M) 0.070ms
[835.228s][info][gc,ergo     ] Free: 7010M, Max: 4096K regular, 5324M humongous, Frag: 25% external, 0% internal; Reserve: 412M, Max: 4096K
[835.228s][info][gc,stats    ] 
[835.228s][info][gc,stats    ] All times are wall-clock times, except per-root-class counters, that are sum over
[835.228s][info][gc,stats    ] all workers. Dividing the <total> over the root stage time estimates parallelism.
[835.228s][info][gc,stats    ] 
[835.228s][info][gc,stats    ] Concurrent Reset                  14302 us
[835.228s][info][gc,stats    ] Pause Init Mark (G)                 189 us
[835.228s][info][gc,stats    ] Pause Init Mark (N)                 130 us
[835.228s][info][gc,stats    ]   Update Region States               38 us
[835.228s][info][gc,stats    ] Concurrent Mark Roots              7893 us, parallelism: 1.95x
[835.228s][info][gc,stats    ]   CMR: <total>                    15394 us
[835.228s][info][gc,stats    ]   CMR: Thread Roots                1386 us, workers (us): 628, 758, ---, ---, 
[835.228s][info][gc,stats    ]   CMR: Code Cache Roots           13300 us, workers (us): 6375, 6925, ---, ---, 
[835.228s][info][gc,stats    ]   CMR: VM Strong Roots               15 us, workers (us):  15,   0, ---, ---, 
[835.228s][info][gc,stats    ]   CMR: CLDG Roots                   694 us, workers (us): 694, ---, ---, ---, 
[835.228s][info][gc,stats    ] Concurrent Marking               218472 us
[835.228s][info][gc,stats    ] Pause Final Mark (G)                411 us
[835.228s][info][gc,stats    ] Pause Final Mark (N)                377 us
[835.228s][info][gc,stats    ]   Finish Mark                        65 us
[835.228s][info][gc,stats    ]   Update Region States               50 us
[835.228s][info][gc,stats    ]   Choose Collection Set             158 us
[835.228s][info][gc,stats    ]   Rebuild Free Set                    9 us
[835.229s][info][gc,stats    ] Concurrent Thread Roots             981 us, parallelism: 1.85x
[835.229s][info][gc,stats    ]   CTR: <total>                     1810 us
[835.229s][info][gc,stats    ]   CTR: Thread Roots                1810 us, workers (us): 908, 902, ---, ---, 
[835.229s][info][gc,stats    ] Concurrent Weak References         1122 us, parallelism: 0.99x
[835.229s][info][gc,stats    ]   CWRF: <total>                    1113 us
[835.229s][info][gc,stats    ]   CWRF: Weak References            1113 us, workers (us):  87, 1026, ---, ---, 
[835.229s][info][gc,stats    ] Concurrent Weak Roots               973 us
[835.229s][info][gc,stats    ]   Roots                             867 us, parallelism: 1.79x
[835.229s][info][gc,stats    ]     CWR: <total>                   1550 us
[835.229s][info][gc,stats    ]     CWR: VM Weak Roots             1550 us, workers (us): 775, 775, ---, ---, 
[835.229s][info][gc,stats    ]   Rendezvous                         61 us
[835.229s][info][gc,stats    ] Concurrent Cleanup                   61 us
[835.229s][info][gc,stats    ] Concurrent Strong Roots            5642 us, parallelism: 1.94x
[835.229s][info][gc,stats    ]   CSR: <total>                    10957 us
[835.229s][info][gc,stats    ]   CSR: Code Cache Roots           10703 us, workers (us): 5189, 5514, ---, ---, 
[835.229s][info][gc,stats    ]   CSR: VM Strong Roots                9 us, workers (us):   5,   4, ---, ---, 
[835.229s][info][gc,stats    ]   CSR: CLDG Roots                   245 us, workers (us): 245, ---, ---, ---, 
[835.229s][info][gc,stats    ] Concurrent Evacuation             39644 us
[835.229s][info][gc,stats    ] Pause Init Update Refs (G)          100 us
[835.229s][info][gc,stats    ] Pause Init Update Refs (N)           66 us
[835.229s][info][gc,stats    ]   Manage GCLABs                      11 us
[835.229s][info][gc,stats    ] Concurrent Update Refs           148134 us
[835.229s][info][gc,stats    ] Concurrent Update Thread Roots     1331 us
[835.229s][info][gc,stats    ] Pause Final Update Refs (G)         190 us
[835.229s][info][gc,stats    ] Pause Final Update Refs (N)         120 us
[835.229s][info][gc,stats    ]   Update Region States               37 us
[835.229s][info][gc,stats    ]   Trash Collection Set               10 us
[835.229s][info][gc,stats    ]   Rebuild Free Set                   10 us
[835.229s][info][gc,stats    ] Concurrent Cleanup                   84 us
[835.229s][info][gc,stats    ] 
[835.229s][info][gc,stats    ] Allocation pacing accrued:
[835.229s][info][gc,stats    ]       0 of  9749 ms (  0.0%): <total>
[835.229s][info][gc,stats    ]       0 of  9749 ms (  0.0%): <average total>
[835.229s][info][gc,stats    ] 
[835.229s][info][gc,metaspace] Metaspace: 135862K(137280K)->135862K(137280K) NonClass: 114826K(115648K)->114826K(115648K) Class: 21035K(21632K)->21035K(21632K)
[835.229s][info][gc,ergo     ] Pacer for Idle. Initial: 163M, Alloc Tax Rate: 1.0x
[843.272s][info][gc          ] Trigger: Free (818M) is below minimum threshold (819M)
[843.272s][info][gc,ergo     ] Free: 818M, Max: 4096K regular, 620M humongous, Frag: 24% external, 0% internal; Reserve: 412M, Max: 4096K
[843.272s][info][gc,start    ] GC(87) Concurrent reset
[843.272s][info][gc,task     ] GC(87) Using 2 of 4 workers for concurrent reset
[843.272s][info][gc,ergo     ] GC(87) Pacer for Reset. Non-Taxable: 8192M
[843.289s][info][gc          ] GC(87) Concurrent reset 16.692ms
[843.289s][info][gc,start    ] GC(87) Pause Init Mark
[843.289s][info][gc,task     ] GC(87) Using 4 of 4 workers for init marking
[843.289s][info][gc,ergo     ] GC(87) Pacer for Mark. Expected Live: 446M, Free: 807M, Non-Taxable: 82646K, Alloc Tax Rate: 0.7x
[843.289s][info][gc          ] GC(87) Pause Init Mark 0.113ms
[843.289s][info][gc,start    ] GC(87) Concurrent marking roots
[843.289s][info][gc,task     ] GC(87) Using 2 of 4 workers for concurrent marking roots
[843.298s][info][gc          ] GC(87) Concurrent marking roots 8.114ms
[843.298s][info][gc,start    ] GC(87) Concurrent marking
[843.298s][info][gc,task     ] GC(87) Using 2 of 4 workers for concurrent marking
[843.529s][info][gc          ] GC(87) Concurrent marking 231.243ms
[843.529s][info][gc,start    ] GC(87) Pause Final Mark
[843.529s][info][gc,task     ] GC(87) Using 4 of 4 workers for final marking
[843.529s][info][gc,ergo     ] GC(87) Adaptive CSet Selection. Target Free: 1160M, Actual Free: 3128M, Max CSet: 341M, Min Garbage: 0B
[843.529s][info][gc,ergo     ] GC(87) Collectable Garbage: 6457M (99%), Immediate: 2136M (32%), CSet: 4321M (66%)
[843.529s][info][gc,ergo     ] GC(87) Pacer for Evacuation. Used CSet: 4432M, Free: 2716M, Non-Taxable: 271M, Alloc Tax Rate: 4.0x
[843.529s][info][gc          ] GC(87) Pause Final Mark 0.275ms
[843.529s][info][gc,start    ] GC(87) Concurrent thread roots
[843.529s][info][gc,task     ] GC(87) Using 2 of 4 workers for Concurrent thread roots
[843.530s][info][gc          ] GC(87) Concurrent thread roots 0.735ms
[843.530s][info][gc,start    ] GC(87) Concurrent weak references
[843.530s][info][gc,task     ] GC(87) Using 2 of 4 workers for concurrent weak references
[843.530s][info][gc,ref      ] GC(87) Encountered references: Soft: 6548, Weak: 23494, Final: 34, Phantom: 907
[843.530s][info][gc,ref      ] GC(87) Discovered  references: Soft: 0, Weak: 11576, Final: 0, Phantom: 704
[843.531s][info][gc,ref      ] GC(87) Enqueued    references: Soft: 0, Weak: 5, Final: 0, Phantom: 0
[843.531s][info][gc          ] GC(87) Concurrent weak references 0.591ms
[843.531s][info][gc,start    ] GC(87) Concurrent weak roots
[843.531s][info][gc,task     ] GC(87) Using 2 of 4 workers for concurrent weak root
[843.531s][info][gc          ] GC(87) Concurrent weak roots 0.907ms
[843.531s][info][gc,start    ] GC(87) Concurrent cleanup
[843.532s][info][gc          ] GC(87) Concurrent cleanup 7209M->5073M(8192M) 0.038ms
[843.532s][info][gc,ergo     ] GC(87) Free: 2707M, Max: 4096K regular, 568M humongous, Frag: 79% external, 0% internal; Reserve: 410M, Max: 4096K
[843.532s][info][gc,start    ] GC(87) Concurrent strong roots
[843.532s][info][gc,task     ] GC(87) Using 2 of 4 workers for concurrent strong root
[843.537s][info][gc          ] GC(87) Concurrent strong roots 5.718ms
[843.537s][info][gc,start    ] GC(87) Concurrent evacuation
[843.537s][info][gc,task     ] GC(87) Using 2 of 4 workers for concurrent evacuation
[843.586s][info][gc          ] GC(87) Concurrent evacuation 48.455ms
[843.586s][info][gc,start    ] GC(87) Pause Init Update Refs
[843.586s][info][gc,ergo     ] GC(87) Pacer for Update Refs. Used: 5212M, Free: 2683M, Non-Taxable: 268M, Alloc Tax Rate: 2.4x
[843.586s][info][gc          ] GC(87) Pause Init Update Refs 0.051ms
[843.586s][info][gc,start    ] GC(87) Concurrent update references
[843.586s][info][gc,task     ] GC(87) Using 2 of 4 workers for concurrent reference update
[843.743s][info][gc          ] GC(87) Concurrent update references 157.083ms
[843.743s][info][gc,start    ] GC(87) Concurrent update thread roots
[843.744s][info][gc          ] GC(87) Concurrent update thread roots 1.247ms
[843.744s][info][gc,start    ] GC(87) Pause Final Update Refs
[843.744s][info][gc,task     ] GC(87) Using 4 of 4 workers for final reference update
[843.744s][info][gc          ] GC(87) Pause Final Update Refs 0.105ms
[843.745s][info][gc,start    ] GC(87) Concurrent cleanup
[843.745s][info][gc          ] GC(87) Concurrent cleanup 5292M->860M(8192M) 0.058ms
[843.745s][info][gc,ergo     ] Free: 6919M, Max: 4096K regular, 5204M humongous, Frag: 25% external, 0% internal; Reserve: 412M, Max: 4096K
[843.745s][info][gc,stats    ] 
[843.745s][info][gc,stats    ] All times are wall-clock times, except per-root-class counters, that are sum over
[843.745s][info][gc,stats    ] all workers. Dividing the <total> over the root stage time estimates parallelism.
[843.745s][info][gc,stats    ] 
[843.745s][info][gc,stats    ] Concurrent Reset                  16764 us
[843.745s][info][gc,stats    ] Pause Init Mark (G)                 214 us
[843.745s][info][gc,stats    ] Pause Init Mark (N)                 124 us
[843.745s][info][gc,stats    ]   Update Region States               50 us
[843.745s][info][gc,stats    ] Concurrent Mark Roots              8142 us, parallelism: 1.95x
[843.745s][info][gc,stats    ]   CMR: <total>                    15909 us
[843.745s][info][gc,stats    ]   CMR: Thread Roots                1495 us, workers (us): 822, 673, ---, ---, 
[843.745s][info][gc,stats    ]   CMR: Code Cache Roots           13704 us, workers (us): 6435, 7269, ---, ---, 
[843.745s][info][gc,stats    ]   CMR: VM Strong Roots               13 us, workers (us):  13,   0, ---, ---, 
[843.745s][info][gc,stats    ]   CMR: CLDG Roots                   697 us, workers (us): 697, ---, ---, ---, 
[843.745s][info][gc,stats    ] Concurrent Marking               231287 us
[843.745s][info][gc,stats    ] Pause Final Mark (G)                312 us
[843.745s][info][gc,stats    ] Pause Final Mark (N)                286 us
[843.745s][info][gc,stats    ]   Finish Mark                        62 us
[843.745s][info][gc,stats    ]   Update Region States               18 us
[843.745s][info][gc,stats    ]   Choose Collection Set             128 us
[843.745s][info][gc,stats    ]   Rebuild Free Set                   10 us
[843.745s][info][gc,stats    ] Concurrent Thread Roots             753 us, parallelism: 1.85x
[843.745s][info][gc,stats    ]   CTR: <total>                     1398 us
[843.745s][info][gc,stats    ]   CTR: Thread Roots                1398 us, workers (us): 698, 699, ---, ---, 
[843.745s][info][gc,stats    ] Concurrent Weak References          603 us, parallelism: 0.80x
[843.745s][info][gc,stats    ]   CWRF: <total>                     484 us
[843.745s][info][gc,stats    ]   CWRF: Weak References             484 us, workers (us): 484,   0, ---, ---, 
[843.745s][info][gc,stats    ] Concurrent Weak Roots               929 us
[843.745s][info][gc,stats    ]   Roots                             863 us, parallelism: 1.78x
[843.745s][info][gc,stats    ]     CWR: <total>                   1534 us
[843.745s][info][gc,stats    ]     CWR: VM Weak Roots             1534 us, workers (us): 766, 768, ---, ---, 
[843.745s][info][gc,stats    ]   Rendezvous                         23 us
[843.745s][info][gc,stats    ] Concurrent Cleanup                   51 us
[843.745s][info][gc,stats    ] Concurrent Strong Roots            5744 us, parallelism: 1.95x
[843.745s][info][gc,stats    ]   CSR: <total>                    11229 us
[843.745s][info][gc,stats    ]   CSR: Code Cache Roots           10990 us, workers (us): 5420, 5570, ---, ---, 
[843.745s][info][gc,stats    ]   CSR: VM Strong Roots                8 us, workers (us):   4,   4, ---, ---, 
[843.745s][info][gc,stats    ]   CSR: CLDG Roots                   231 us, workers (us): 231, ---, ---, ---, 
[843.745s][info][gc,stats    ] Concurrent Evacuation             48494 us
[843.745s][info][gc,stats    ] Pause Init Update Refs (G)          161 us
[843.745s][info][gc,stats    ] Pause Init Update Refs (N)           62 us
[843.745s][info][gc,stats    ]   Manage GCLABs                      10 us
[843.745s][info][gc,stats    ] Concurrent Update Refs           157125 us
[843.745s][info][gc,stats    ] Concurrent Update Thread Roots     1269 us
[843.745s][info][gc,stats    ] Pause Final Update Refs (G)         198 us
[843.745s][info][gc,stats    ] Pause Final Update Refs (N)         130 us
[843.745s][info][gc,stats    ]   Update Region States               37 us
[843.745s][info][gc,stats    ]   Trash Collection Set               14 us
[843.745s][info][gc,stats    ]   Rebuild Free Set                   11 us
[843.745s][info][gc,stats    ] Concurrent Cleanup                   71 us
[843.745s][info][gc,stats    ] 
[843.745s][info][gc,stats    ] Allocation pacing accrued:
[843.745s][info][gc,stats    ]       0 of  8516 ms (  0.0%): <total>
[843.745s][info][gc,stats    ]       0 of  8516 ms (  0.0%): <average total>
[843.745s][info][gc,stats    ] 
[843.745s][info][gc,metaspace] Metaspace: 135868K(137280K)->135870K(137280K) NonClass: 114832K(115648K)->114834K(115648K) Class: 21035K(21632K)->21035K(21632K)
[843.745s][info][gc,ergo     ] Pacer for Idle. Initial: 163M, Alloc Tax Rate: 1.0x
[852.329s][info][gc          ] Trigger: Free (815M) is below minimum threshold (819M)
[852.329s][info][gc,ergo     ] Free: 815M, Max: 4096K regular, 528M humongous, Frag: 35% external, 0% internal; Reserve: 412M, Max: 4096K
[852.329s][info][gc,start    ] GC(88) Concurrent reset
[852.329s][info][gc,task     ] GC(88) Using 2 of 4 workers for concurrent reset
[852.329s][info][gc,ergo     ] GC(88) Pacer for Reset. Non-Taxable: 8192M
[852.340s][info][gc          ] GC(88) Concurrent reset 11.224ms
[852.340s][info][gc,start    ] GC(88) Pause Init Mark
[852.340s][info][gc,task     ] GC(88) Using 4 of 4 workers for init marking
[852.341s][info][gc,ergo     ] GC(88) Pacer for Mark. Expected Live: 448M, Free: 815M, Non-Taxable: 83557K, Alloc Tax Rate: 0.7x
[852.341s][info][gc          ] GC(88) Pause Init Mark 0.119ms
[852.341s][info][gc,start    ] GC(88) Concurrent marking roots
[852.341s][info][gc,task     ] GC(88) Using 2 of 4 workers for concurrent marking roots
[852.350s][info][gc          ] GC(88) Concurrent marking roots 9.242ms
[852.350s][info][gc,start    ] GC(88) Concurrent marking
[852.350s][info][gc,task     ] GC(88) Using 2 of 4 workers for concurrent marking
[852.553s][info][gc          ] GC(88) Concurrent marking 203.505ms
[852.553s][info][gc,start    ] GC(88) Pause Final Mark
[852.554s][info][gc,task     ] GC(88) Using 4 of 4 workers for final marking
[852.554s][info][gc,ergo     ] GC(88) Adaptive CSet Selection. Target Free: 1160M, Actual Free: 3984M, Max CSet: 341M, Min Garbage: 0B
[852.554s][info][gc,ergo     ] GC(88) Collectable Garbage: 6507M (99%), Immediate: 2820M (43%), CSet: 3687M (56%)
[852.554s][info][gc,ergo     ] GC(88) Pacer for Evacuation. Used CSet: 3740M, Free: 3579M, Non-Taxable: 357M, Alloc Tax Rate: 2.6x
[852.554s][info][gc          ] GC(88) Pause Final Mark 0.289ms
[852.554s][info][gc,start    ] GC(88) Concurrent thread roots
[852.554s][info][gc,task     ] GC(88) Using 2 of 4 workers for Concurrent thread roots
[852.555s][info][gc          ] GC(88) Concurrent thread roots 0.807ms
[852.555s][info][gc,start    ] GC(88) Concurrent weak references
[852.555s][info][gc,task     ] GC(88) Using 2 of 4 workers for concurrent weak references
[852.555s][info][gc,ref      ] GC(88) Encountered references: Soft: 6548, Weak: 23492, Final: 34, Phantom: 910
[852.555s][info][gc,ref      ] GC(88) Discovered  references: Soft: 0, Weak: 11729, Final: 0, Phantom: 704
[852.555s][info][gc,ref      ] GC(88) Enqueued    references: Soft: 0, Weak: 2, Final: 0, Phantom: 0
[852.555s][info][gc          ] GC(88) Concurrent weak references 0.529ms
[852.555s][info][gc,start    ] GC(88) Concurrent weak roots
[852.555s][info][gc,task     ] GC(88) Using 2 of 4 workers for concurrent weak root
[852.556s][info][gc          ] GC(88) Concurrent weak roots 0.962ms
[852.556s][info][gc,start    ] GC(88) Concurrent cleanup
[852.556s][info][gc          ] GC(88) Concurrent cleanup 7029M->4209M(8192M) 0.048ms
[852.556s][info][gc,ergo     ] GC(88) Free: 3570M, Max: 4096K regular, 532M humongous, Frag: 86% external, 0% internal; Reserve: 411M, Max: 4096K
[852.556s][info][gc,start    ] GC(88) Concurrent strong roots
[852.556s][info][gc,task     ] GC(88) Using 2 of 4 workers for concurrent strong root
[852.562s][info][gc          ] GC(88) Concurrent strong roots 5.547ms
[852.562s][info][gc,start    ] GC(88) Concurrent evacuation
[852.562s][info][gc,task     ] GC(88) Using 2 of 4 workers for concurrent evacuation
[852.596s][info][gc          ] GC(88) Concurrent evacuation 33.909ms
[852.596s][info][gc,start    ] GC(88) Pause Init Update Refs
[852.596s][info][gc,ergo     ] GC(88) Pacer for Update Refs. Used: 4265M, Free: 3570M, Non-Taxable: 357M, Alloc Tax Rate: 1.5x
[852.596s][info][gc          ] GC(88) Pause Init Update Refs 0.044ms
[852.596s][info][gc,start    ] GC(88) Concurrent update references
[852.596s][info][gc,task     ] GC(88) Using 2 of 4 workers for concurrent reference update
[852.707s][info][gc          ] GC(88) Concurrent update references 110.842ms
[852.707s][info][gc,start    ] GC(88) Concurrent update thread roots
[852.708s][info][gc          ] GC(88) Concurrent update thread roots 1.413ms
[852.708s][info][gc,start    ] GC(88) Pause Final Update Refs
[852.708s][info][gc,task     ] GC(88) Using 4 of 4 workers for final reference update
[852.708s][info][gc          ] GC(88) Pause Final Update Refs 0.103ms
[852.708s][info][gc,start    ] GC(88) Concurrent cleanup
[852.708s][info][gc          ] GC(88) Concurrent cleanup 4265M->525M(8192M) 0.065ms
[852.708s][info][gc,ergo     ] Free: 7254M, Max: 4096K regular, 5116M humongous, Frag: 30% external, 0% internal; Reserve: 412M, Max: 4096K
[852.708s][info][gc,stats    ] 
[852.708s][info][gc,stats    ] All times are wall-clock times, except per-root-class counters, that are sum over
[852.708s][info][gc,stats    ] all workers. Dividing the <total> over the root stage time estimates parallelism.
[852.709s][info][gc,stats    ] 
[852.709s][info][gc,stats    ] Concurrent Reset                  11289 us
[852.709s][info][gc,stats    ] Pause Init Mark (G)                 267 us
[852.709s][info][gc,stats    ] Pause Init Mark (N)                 131 us
[852.709s][info][gc,stats    ]   Update Region States               50 us
[852.709s][info][gc,stats    ] Concurrent Mark Roots              9273 us, parallelism: 1.74x
[852.709s][info][gc,stats    ]   CMR: <total>                    16134 us
[852.709s][info][gc,stats    ]   CMR: Thread Roots                 639 us, workers (us): 191, 448, ---, ---, 
[852.709s][info][gc,stats    ]   CMR: Code Cache Roots           14830 us, workers (us): 7164, 7667, ---, ---, 
[852.709s][info][gc,stats    ]   CMR: VM Strong Roots               13 us, workers (us):  13,   0, ---, ---, 
[852.709s][info][gc,stats    ]   CMR: CLDG Roots                   651 us, workers (us): 651, ---, ---, ---, 
[852.709s][info][gc,stats    ] Concurrent Marking               203539 us
[852.709s][info][gc,stats    ] Pause Final Mark (G)                326 us
[852.709s][info][gc,stats    ] Pause Final Mark (N)                299 us
[852.709s][info][gc,stats    ]   Finish Mark                        65 us
[852.709s][info][gc,stats    ]   Update Region States               36 us
[852.709s][info][gc,stats    ]   Choose Collection Set             122 us
[852.709s][info][gc,stats    ]   Rebuild Free Set                   11 us
[852.709s][info][gc,stats    ] Concurrent Thread Roots             826 us, parallelism: 1.82x
[852.709s][info][gc,stats    ]   CTR: <total>                     1505 us
[852.709s][info][gc,stats    ]   CTR: Thread Roots                1505 us, workers (us): 770, 735, ---, ---, 
[852.709s][info][gc,stats    ] Concurrent Weak References          539 us, parallelism: 0.89x
[852.709s][info][gc,stats    ]   CWRF: <total>                     481 us
[852.709s][info][gc,stats    ]   CWRF: Weak References             481 us, workers (us):  17, 464, ---, ---, 
[852.709s][info][gc,stats    ] Concurrent Weak Roots               980 us
[852.709s][info][gc,stats    ]   Roots                             865 us, parallelism: 1.77x
[852.709s][info][gc,stats    ]     CWR: <total>                   1534 us
[852.709s][info][gc,stats    ]     CWR: VM Weak Roots             1534 us, workers (us): 783, 751, ---, ---, 
[852.709s][info][gc,stats    ]   Rendezvous                         75 us
[852.709s][info][gc,stats    ] Concurrent Cleanup                   64 us
[852.709s][info][gc,stats    ] Concurrent Strong Roots            5575 us, parallelism: 1.96x
[852.709s][info][gc,stats    ]   CSR: <total>                    10924 us
[852.709s][info][gc,stats    ]   CSR: Code Cache Roots           10698 us, workers (us): 5227, 5471, ---, ---, 
[852.709s][info][gc,stats    ]   CSR: VM Strong Roots                8 us, workers (us):   4,   4, ---, ---, 
[852.709s][info][gc,stats    ]   CSR: CLDG Roots                   218 us, workers (us): 218, ---, ---, ---, 
[852.709s][info][gc,stats    ] Concurrent Evacuation             33954 us
[852.709s][info][gc,stats    ] Pause Init Update Refs (G)           82 us
[852.709s][info][gc,stats    ] Pause Init Update Refs (N)           55 us
[852.709s][info][gc,stats    ]   Manage GCLABs                       5 us
[852.709s][info][gc,stats    ] Concurrent Update Refs           110884 us
[852.709s][info][gc,stats    ] Concurrent Update Thread Roots     1438 us
[852.709s][info][gc,stats    ] Pause Final Update Refs (G)         189 us
[852.709s][info][gc,stats    ] Pause Final Update Refs (N)         120 us
[852.709s][info][gc,stats    ]   Update Region States               40 us
[852.709s][info][gc,stats    ]   Trash Collection Set               13 us
[852.709s][info][gc,stats    ]   Rebuild Free Set                   12 us
[852.709s][info][gc,stats    ] Concurrent Cleanup                   83 us
[852.709s][info][gc,stats    ] 
[852.709s][info][gc,stats    ] Allocation pacing accrued:
[852.709s][info][gc,stats    ]       0 of  8964 ms (  0.0%): <total>
[852.709s][info][gc,stats    ]       0 of  8964 ms (  0.0%): <average total>
[852.709s][info][gc,stats    ] 
[852.709s][info][gc,metaspace] Metaspace: 135871K(137280K)->135871K(137280K) NonClass: 114835K(115648K)->114835K(115648K) Class: 21035K(21632K)->21035K(21632K)
[852.709s][info][gc,ergo     ] Pacer for Idle. Initial: 163M, Alloc Tax Rate: 1.0x
[863.040s][info][gc          ] Trigger: Free (815M) is below minimum threshold (819M)
[863.040s][info][gc,ergo     ] Free: 815M, Max: 4096K regular, 588M humongous, Frag: 28% external, 0% internal; Reserve: 412M, Max: 4096K
[863.040s][info][gc,start    ] GC(89) Concurrent reset
[863.040s][info][gc,task     ] GC(89) Using 2 of 4 workers for concurrent reset
[863.040s][info][gc,ergo     ] GC(89) Pacer for Reset. Non-Taxable: 8192M
[863.052s][info][gc          ] GC(89) Concurrent reset 11.324ms
[863.052s][info][gc,start    ] GC(89) Pause Init Mark
[863.052s][info][gc,task     ] GC(89) Using 4 of 4 workers for init marking
[863.052s][info][gc,ergo     ] GC(89) Pacer for Mark. Expected Live: 450M, Free: 815M, Non-Taxable: 83530K, Alloc Tax Rate: 0.7x
[863.052s][info][gc          ] GC(89) Pause Init Mark 0.129ms
[863.052s][info][gc,start    ] GC(89) Concurrent marking roots
[863.052s][info][gc,task     ] GC(89) Using 2 of 4 workers for concurrent marking roots
[863.060s][info][gc          ] GC(89) Concurrent marking roots 7.896ms
[863.060s][info][gc,start    ] GC(89) Concurrent marking
[863.060s][info][gc,task     ] GC(89) Using 2 of 4 workers for concurrent marking
[863.288s][info][gc          ] GC(89) Concurrent marking 228.094ms
[863.288s][info][gc,start    ] GC(89) Pause Final Mark
[863.288s][info][gc,task     ] GC(89) Using 4 of 4 workers for final marking
[863.288s][info][gc,ergo     ] GC(89) Adaptive CSet Selection. Target Free: 1160M, Actual Free: 2304M, Max CSet: 341M, Min Garbage: 0B
[863.289s][info][gc,ergo     ] GC(89) Collectable Garbage: 6479M (99%), Immediate: 1264M (19%), CSet: 5215M (80%)
[863.289s][info][gc,ergo     ] GC(89) Pacer for Evacuation. Used CSet: 5296M, Free: 1895M, Non-Taxable: 189M, Alloc Tax Rate: 6.8x
[863.289s][info][gc          ] GC(89) Pause Final Mark 0.400ms
[863.289s][info][gc,start    ] GC(89) Concurrent thread roots
[863.289s][info][gc,task     ] GC(89) Using 2 of 4 workers for Concurrent thread roots
[863.290s][info][gc          ] GC(89) Concurrent thread roots 0.920ms
[863.290s][info][gc,start    ] GC(89) Concurrent weak references
[863.290s][info][gc,task     ] GC(89) Using 2 of 4 workers for concurrent weak references
[863.290s][info][gc,ref      ] GC(89) Encountered references: Soft: 6548, Weak: 23495, Final: 34, Phantom: 916
[863.290s][info][gc,ref      ] GC(89) Discovered  references: Soft: 0, Weak: 2513, Final: 33, Phantom: 702
[863.290s][info][gc,ref      ] GC(89) Enqueued    references: Soft: 0, Weak: 3, Final: 0, Phantom: 0
[863.290s][info][gc          ] GC(89) Concurrent weak references 0.396ms
[863.290s][info][gc,start    ] GC(89) Concurrent weak roots
[863.290s][info][gc,task     ] GC(89) Using 2 of 4 workers for concurrent weak root
[863.291s][info][gc          ] GC(89) Concurrent weak roots 1.195ms
[863.291s][info][gc,start    ] GC(89) Concurrent cleanup
[863.291s][info][gc          ] GC(89) Concurrent cleanup 7156M->5892M(8192M) 0.040ms
[863.291s][info][gc,ergo     ] GC(89) Free: 1887M, Max: 4096K regular, 588M humongous, Frag: 69% external, 0% internal; Reserve: 411M, Max: 4096K
[863.291s][info][gc,start    ] GC(89) Concurrent strong roots
[863.291s][info][gc,task     ] GC(89) Using 2 of 4 workers for concurrent strong root
[863.300s][info][gc          ] GC(89) Concurrent strong roots 8.902ms
[863.300s][info][gc,start    ] GC(89) Concurrent evacuation
[863.300s][info][gc,task     ] GC(89) Using 2 of 4 workers for concurrent evacuation
[863.346s][info][gc          ] GC(89) Concurrent evacuation 46.239ms
[863.347s][info][gc,start    ] GC(89) Pause Init Update Refs
[863.347s][info][gc,ergo     ] GC(89) Pacer for Update Refs. Used: 6024M, Free: 1839M, Non-Taxable: 183M, Alloc Tax Rate: 4.0x
[863.347s][info][gc          ] GC(89) Pause Init Update Refs 0.043ms
[863.347s][info][gc,start    ] GC(89) Concurrent update references
[863.347s][info][gc,task     ] GC(89) Using 2 of 4 workers for concurrent reference update
[863.486s][info][gc          ] GC(89) Concurrent update references 139.297ms
[863.486s][info][gc,start    ] GC(89) Concurrent update thread roots
[863.487s][info][gc          ] GC(89) Concurrent update thread roots 1.444ms
[863.487s][info][gc,start    ] GC(89) Pause Final Update Refs
[863.488s][info][gc,task     ] GC(89) Using 4 of 4 workers for final reference update
[863.488s][info][gc          ] GC(89) Pause Final Update Refs 0.096ms
[863.488s][info][gc,start    ] GC(89) Concurrent cleanup
[863.488s][info][gc          ] GC(89) Concurrent cleanup 6148M->852M(8192M) 0.076ms
[863.488s][info][gc,ergo     ] Free: 6927M, Max: 4096K regular, 5412M humongous, Frag: 22% external, 0% internal; Reserve: 412M, Max: 4096K
[863.488s][info][gc,stats    ] 
[863.488s][info][gc,stats    ] All times are wall-clock times, except per-root-class counters, that are sum over
[863.488s][info][gc,stats    ] all workers. Dividing the <total> over the root stage time estimates parallelism.
[863.488s][info][gc,stats    ] 
[863.488s][info][gc,stats    ] Concurrent Reset                  11450 us
[863.488s][info][gc,stats    ] Pause Init Mark (G)                 244 us
[863.488s][info][gc,stats    ] Pause Init Mark (N)                 140 us
[863.488s][info][gc,stats    ]   Update Region States               52 us
[863.488s][info][gc,stats    ] Concurrent Mark Roots              7920 us, parallelism: 1.95x
[863.488s][info][gc,stats    ]   CMR: <total>                    15468 us
[863.488s][info][gc,stats    ]   CMR: Thread Roots                1434 us, workers (us): 658, 776, ---, ---, 
[863.488s][info][gc,stats    ]   CMR: Code Cache Roots           13328 us, workers (us): 6383, 6946, ---, ---, 
[863.488s][info][gc,stats    ]   CMR: VM Strong Roots               13 us, workers (us):  13,   0, ---, ---, 
[863.488s][info][gc,stats    ]   CMR: CLDG Roots                   692 us, workers (us): 692, ---, ---, ---, 
[863.488s][info][gc,stats    ] Concurrent Marking               228139 us
[863.488s][info][gc,stats    ] Pause Final Mark (G)                510 us
[863.488s][info][gc,stats    ] Pause Final Mark (N)                415 us
[863.488s][info][gc,stats    ]   Finish Mark                       111 us
[863.488s][info][gc,stats    ]   Update Region States               55 us
[863.488s][info][gc,stats    ]   Choose Collection Set             161 us
[863.488s][info][gc,stats    ]   Rebuild Free Set                   10 us
[863.488s][info][gc,stats    ] Concurrent Thread Roots             941 us, parallelism: 1.76x
[863.488s][info][gc,stats    ]   CTR: <total>                     1654 us
[863.488s][info][gc,stats    ]   CTR: Thread Roots                1654 us, workers (us): 843, 811, ---, ---, 
[863.488s][info][gc,stats    ] Concurrent Weak References          410 us, parallelism: 0.91x
[863.488s][info][gc,stats    ]   CWRF: <total>                     373 us
[863.488s][info][gc,stats    ]   CWRF: Weak References             373 us, workers (us): 281,  93, ---, ---, 
[863.488s][info][gc,stats    ] Concurrent Weak Roots              1219 us
[863.488s][info][gc,stats    ]   Roots                            1141 us, parallelism: 1.68x
[863.488s][info][gc,stats    ]     CWR: <total>                   1913 us
[863.488s][info][gc,stats    ]     CWR: VM Weak Roots             1913 us, workers (us): 979, 934, ---, ---, 
[863.488s][info][gc,stats    ]   Rendezvous                         27 us
[863.488s][info][gc,stats    ] Concurrent Cleanup                   53 us
[863.488s][info][gc,stats    ] Concurrent Strong Roots            8931 us, parallelism: 1.97x
[863.488s][info][gc,stats    ]   CSR: <total>                    17556 us
[863.488s][info][gc,stats    ]   CSR: Code Cache Roots           17094 us, workers (us): 8343, 8751, ---, ---, 
[863.488s][info][gc,stats    ]   CSR: VM Strong Roots               10 us, workers (us):  10,   0, ---, ---, 
[863.488s][info][gc,stats    ]   CSR: CLDG Roots                   452 us, workers (us): 452, ---, ---, ---, 
[863.488s][info][gc,stats    ] Concurrent Evacuation             46274 us
[863.488s][info][gc,stats    ] Pause Init Update Refs (G)          133 us
[863.488s][info][gc,stats    ] Pause Init Update Refs (N)           54 us
[863.488s][info][gc,stats    ]   Manage GCLABs                       5 us
[863.488s][info][gc,stats    ] Concurrent Update Refs           139331 us
[863.488s][info][gc,stats    ] Concurrent Update Thread Roots     1466 us
[863.488s][info][gc,stats    ] Pause Final Update Refs (G)         219 us
[863.488s][info][gc,stats    ] Pause Final Update Refs (N)         119 us
[863.488s][info][gc,stats    ]   Update Region States               39 us
[863.488s][info][gc,stats    ]   Trash Collection Set               11 us
[863.488s][info][gc,stats    ]   Rebuild Free Set                   10 us
[863.488s][info][gc,stats    ] Concurrent Cleanup                   90 us
[863.488s][info][gc,stats    ] 
[863.488s][info][gc,stats    ] Allocation pacing accrued:
[863.488s][info][gc,stats    ]       0 of 10779 ms (  0.0%): <total>
[863.488s][info][gc,stats    ]       0 of 10779 ms (  0.0%): <average total>
[863.488s][info][gc,stats    ] 
[863.488s][info][gc,metaspace] Metaspace: 135871K(137280K)->135871K(137280K) NonClass: 114835K(115648K)->114836K(115648K) Class: 21035K(21632K)->21035K(21632K)
[863.488s][info][gc,ergo     ] Pacer for Idle. Initial: 163M, Alloc Tax Rate: 1.0x
[872.030s][info][gc          ] Trigger: Free (818M) is below minimum threshold (819M)
[872.031s][info][gc,ergo     ] Free: 818M, Max: 4096K regular, 560M humongous, Frag: 31% external, 0% internal; Reserve: 412M, Max: 4096K
[872.031s][info][gc,start    ] GC(90) Concurrent reset
[872.031s][info][gc,task     ] GC(90) Using 2 of 4 workers for concurrent reset
[872.031s][info][gc,ergo     ] GC(90) Pacer for Reset. Non-Taxable: 8192M
[872.048s][info][gc          ] GC(90) Concurrent reset 17.480ms
[872.048s][info][gc,start    ] GC(90) Pause Init Mark
[872.048s][info][gc,task     ] GC(90) Using 4 of 4 workers for init marking
[872.048s][info][gc,ergo     ] GC(90) Pacer for Mark. Expected Live: 450M, Free: 807M, Non-Taxable: 82691K, Alloc Tax Rate: 0.7x
[872.048s][info][gc          ] GC(90) Pause Init Mark 0.092ms
[872.048s][info][gc,start    ] GC(90) Concurrent marking roots
[872.048s][info][gc,task     ] GC(90) Using 2 of 4 workers for concurrent marking roots
[872.058s][info][gc          ] GC(90) Concurrent marking roots 9.421ms
[872.058s][info][gc,start    ] GC(90) Concurrent marking
[872.058s][info][gc,task     ] GC(90) Using 2 of 4 workers for concurrent marking
[872.284s][info][gc          ] GC(90) Concurrent marking 225.974ms
[872.284s][info][gc,start    ] GC(90) Pause Final Mark
[872.284s][info][gc,task     ] GC(90) Using 4 of 4 workers for final marking
[872.284s][info][gc,ergo     ] GC(90) Adaptive CSet Selection. Target Free: 1160M, Actual Free: 3748M, Max CSet: 341M, Min Garbage: 0B
[872.284s][info][gc,ergo     ] GC(90) Collectable Garbage: 6504M (99%), Immediate: 2788M (42%), CSet: 3716M (56%)
[872.284s][info][gc,ergo     ] GC(90) Pacer for Evacuation. Used CSet: 3776M, Free: 3336M, Non-Taxable: 333M, Alloc Tax Rate: 2.8x
[872.284s][info][gc          ] GC(90) Pause Final Mark 0.273ms
[872.284s][info][gc,start    ] GC(90) Concurrent thread roots
[872.284s][info][gc,task     ] GC(90) Using 2 of 4 workers for Concurrent thread roots
[872.285s][info][gc          ] GC(90) Concurrent thread roots 0.761ms
[872.285s][info][gc,start    ] GC(90) Concurrent weak references
[872.285s][info][gc,task     ] GC(90) Using 2 of 4 workers for concurrent weak references
[872.285s][info][gc,ref      ] GC(90) Encountered references: Soft: 6548, Weak: 23493, Final: 34, Phantom: 916
[872.285s][info][gc,ref      ] GC(90) Discovered  references: Soft: 0, Weak: 2776, Final: 33, Phantom: 708
[872.285s][info][gc,ref      ] GC(90) Enqueued    references: Soft: 0, Weak: 1, Final: 0, Phantom: 0
[872.285s][info][gc          ] GC(90) Concurrent weak references 0.224ms
[872.285s][info][gc,start    ] GC(90) Concurrent weak roots
[872.285s][info][gc,task     ] GC(90) Using 2 of 4 workers for concurrent weak root
[872.286s][info][gc          ] GC(90) Concurrent weak roots 0.876ms
[872.286s][info][gc,start    ] GC(90) Concurrent cleanup
[872.286s][info][gc          ] GC(90) Concurrent cleanup 7240M->4452M(8192M) 0.041ms
[872.286s][info][gc,ergo     ] GC(90) Free: 3327M, Max: 4096K regular, 536M humongous, Frag: 84% external, 0% internal; Reserve: 411M, Max: 4096K
[872.286s][info][gc,start    ] GC(90) Concurrent strong roots
[872.286s][info][gc,task     ] GC(90) Using 2 of 4 workers for concurrent strong root
[872.292s][info][gc          ] GC(90) Concurrent strong roots 5.604ms
[872.292s][info][gc,start    ] GC(90) Concurrent evacuation
[872.292s][info][gc,task     ] GC(90) Using 2 of 4 workers for concurrent evacuation
[872.332s][info][gc          ] GC(90) Concurrent evacuation 40.339ms
[872.332s][info][gc,start    ] GC(90) Pause Init Update Refs
[872.332s][info][gc,ergo     ] GC(90) Pacer for Update Refs. Used: 4560M, Free: 3283M, Non-Taxable: 328M, Alloc Tax Rate: 1.7x
[872.332s][info][gc          ] GC(90) Pause Init Update Refs 0.042ms
[872.332s][info][gc,start    ] GC(90) Concurrent update references
[872.332s][info][gc,task     ] GC(90) Using 2 of 4 workers for concurrent reference update
[872.466s][info][gc          ] GC(90) Concurrent update references 133.948ms
[872.466s][info][gc,start    ] GC(90) Concurrent update thread roots
[872.468s][info][gc          ] GC(90) Concurrent update thread roots 1.423ms
[872.468s][info][gc,start    ] GC(90) Pause Final Update Refs
[872.468s][info][gc,task     ] GC(90) Using 4 of 4 workers for final reference update
[872.468s][info][gc          ] GC(90) Pause Final Update Refs 0.126ms
[872.468s][info][gc,start    ] GC(90) Concurrent cleanup
[872.468s][info][gc          ] GC(90) Concurrent cleanup 4620M->844M(8192M) 0.053ms
[872.468s][info][gc,ergo     ] Free: 6935M, Max: 4096K regular, 3944M humongous, Frag: 44% external, 0% internal; Reserve: 412M, Max: 4096K
[872.468s][info][gc,stats    ] 
[872.468s][info][gc,stats    ] All times are wall-clock times, except per-root-class counters, that are sum over
[872.468s][info][gc,stats    ] all workers. Dividing the <total> over the root stage time estimates parallelism.
[872.468s][info][gc,stats    ] 
[872.468s][info][gc,stats    ] Concurrent Reset                  17574 us
[872.468s][info][gc,stats    ] Pause Init Mark (G)                 209 us
[872.468s][info][gc,stats    ] Pause Init Mark (N)                 108 us
[872.468s][info][gc,stats    ]   Update Region States               21 us
[872.468s][info][gc,stats    ] Concurrent Mark Roots              9452 us, parallelism: 1.95x
[872.468s][info][gc,stats    ]   CMR: <total>                    18452 us
[872.468s][info][gc,stats    ]   CMR: Thread Roots                1395 us, workers (us): 642, 753, ---, ---, 
[872.468s][info][gc,stats    ]   CMR: Code Cache Roots           15983 us, workers (us): 7525, 8458, ---, ---, 
[872.468s][info][gc,stats    ]   CMR: VM Strong Roots               12 us, workers (us):  12,   0, ---, ---, 
[872.468s][info][gc,stats    ]   CMR: CLDG Roots                  1062 us, workers (us): 1062, ---, ---, ---, 
[872.468s][info][gc,stats    ] Concurrent Marking               226020 us
[872.468s][info][gc,stats    ] Pause Final Mark (G)                301 us
[872.468s][info][gc,stats    ] Pause Final Mark (N)                284 us
[872.468s][info][gc,stats    ]   Finish Mark                        62 us
[872.468s][info][gc,stats    ]   Update Region States               17 us
[872.468s][info][gc,stats    ]   Choose Collection Set             128 us
[872.468s][info][gc,stats    ]   Rebuild Free Set                   11 us
[872.468s][info][gc,stats    ] Concurrent Thread Roots             782 us, parallelism: 1.79x
[872.468s][info][gc,stats    ]   CTR: <total>                     1402 us
[872.468s][info][gc,stats    ]   CTR: Thread Roots                1402 us, workers (us): 715, 687, ---, ---, 
[872.468s][info][gc,stats    ] Concurrent Weak References          235 us, parallelism: 0.80x
[872.468s][info][gc,stats    ]   CWRF: <total>                     188 us
[872.468s][info][gc,stats    ]   CWRF: Weak References             188 us, workers (us): 152,  36, ---, ---, 
[872.468s][info][gc,stats    ] Concurrent Weak Roots               889 us
[872.468s][info][gc,stats    ]   Roots                             833 us, parallelism: 1.80x
[872.468s][info][gc,stats    ]     CWR: <total>                   1499 us
[872.468s][info][gc,stats    ]     CWR: VM Weak Roots             1499 us, workers (us): 750, 749, ---, ---, 
[872.468s][info][gc,stats    ]   Rendezvous                         22 us
[872.468s][info][gc,stats    ] Concurrent Cleanup                   53 us
[872.468s][info][gc,stats    ] Concurrent Strong Roots            5625 us, parallelism: 1.96x
[872.468s][info][gc,stats    ]   CSR: <total>                    11021 us
[872.468s][info][gc,stats    ]   CSR: Code Cache Roots           10775 us, workers (us): 5523, 5252, ---, ---, 
[872.468s][info][gc,stats    ]   CSR: VM Strong Roots                8 us, workers (us):   4,   3, ---, ---, 
[872.468s][info][gc,stats    ]   CSR: CLDG Roots                   238 us, workers (us): ---, 238, ---, ---, 
[872.468s][info][gc,stats    ] Concurrent Evacuation             40377 us
[872.468s][info][gc,stats    ] Pause Init Update Refs (G)          103 us
[872.468s][info][gc,stats    ] Pause Init Update Refs (N)           53 us
[872.468s][info][gc,stats    ]   Manage GCLABs                       5 us
[872.468s][info][gc,stats    ] Concurrent Update Refs           133983 us
[872.468s][info][gc,stats    ] Concurrent Update Thread Roots     1447 us
[872.468s][info][gc,stats    ] Pause Final Update Refs (G)         177 us
[872.468s][info][gc,stats    ] Pause Final Update Refs (N)         147 us
[872.468s][info][gc,stats    ]   Update Region States               65 us
[872.468s][info][gc,stats    ]   Trash Collection Set               13 us
[872.468s][info][gc,stats    ]   Rebuild Free Set                   13 us
[872.468s][info][gc,stats    ] Concurrent Cleanup                  101 us
[872.468s][info][gc,stats    ] 
[872.468s][info][gc,stats    ] Allocation pacing accrued:
[872.468s][info][gc,stats    ]       0 of  8980 ms (  0.0%): <total>
[872.469s][info][gc,stats    ]       0 of  8980 ms (  0.0%): <average total>
[872.469s][info][gc,stats    ] 
[872.469s][info][gc,metaspace] Metaspace: 135884K(137280K)->135885K(137280K) NonClass: 114848K(115648K)->114850K(115648K) Class: 21035K(21632K)->21035K(21632K)
[872.469s][info][gc,ergo     ] Pacer for Idle. Initial: 163M, Alloc Tax Rate: 1.0x
[883.230s][info][gc          ] Trigger: Average GC time (477.26 ms) is above the time for instantaneous allocation rate (1029 MB/s) to deplete free headroom (482M) (spike threshold = 1.80)
[883.230s][info][gc,ergo     ] Free: 891M, Max: 4096K regular, 552M humongous, Frag: 38% external, 0% internal; Reserve: 412M, Max: 4096K
[883.230s][info][gc,start    ] GC(91) Concurrent reset
[883.230s][info][gc,task     ] GC(91) Using 2 of 4 workers for concurrent reset
[883.230s][info][gc,ergo     ] GC(91) Pacer for Reset. Non-Taxable: 8192M
[883.241s][info][gc          ] GC(91) Concurrent reset 11.676ms
[883.241s][info][gc,start    ] GC(91) Pause Init Mark
[883.241s][info][gc,task     ] GC(91) Using 4 of 4 workers for init marking
[883.241s][info][gc,ergo     ] GC(91) Pacer for Mark. Expected Live: 447M, Free: 887M, Non-Taxable: 90905K, Alloc Tax Rate: 0.6x
[883.242s][info][gc          ] GC(91) Pause Init Mark 0.087ms
[883.242s][info][gc,start    ] GC(91) Concurrent marking roots
[883.242s][info][gc,task     ] GC(91) Using 2 of 4 workers for concurrent marking roots
[883.250s][info][gc          ] GC(91) Concurrent marking roots 8.604ms
[883.250s][info][gc,start    ] GC(91) Concurrent marking
[883.250s][info][gc,task     ] GC(91) Using 2 of 4 workers for concurrent marking
[883.464s][info][gc          ] GC(91) Concurrent marking 213.598ms
[883.464s][info][gc,start    ] GC(91) Pause Final Mark
[883.464s][info][gc,task     ] GC(91) Using 4 of 4 workers for final marking
[883.464s][info][gc,ergo     ] GC(91) Adaptive CSet Selection. Target Free: 1160M, Actual Free: 3128M, Max CSet: 341M, Min Garbage: 0B
[883.464s][info][gc,ergo     ] GC(91) Collectable Garbage: 6410M (99%), Immediate: 1964M (30%), CSet: 4446M (69%)
[883.464s][info][gc,ergo     ] GC(91) Pacer for Evacuation. Used CSet: 4524M, Free: 2723M, Non-Taxable: 272M, Alloc Tax Rate: 4.1x
[883.464s][info][gc          ] GC(91) Pause Final Mark 0.323ms
[883.464s][info][gc,start    ] GC(91) Concurrent thread roots
[883.464s][info][gc,task     ] GC(91) Using 2 of 4 workers for Concurrent thread roots
[883.465s][info][gc          ] GC(91) Concurrent thread roots 0.878ms
[883.465s][info][gc,start    ] GC(91) Concurrent weak references
[883.465s][info][gc,task     ] GC(91) Using 2 of 4 workers for concurrent weak references
[883.466s][info][gc,ref      ] GC(91) Encountered references: Soft: 6548, Weak: 23501, Final: 34, Phantom: 925
[883.466s][info][gc,ref      ] GC(91) Discovered  references: Soft: 0, Weak: 11595, Final: 1, Phantom: 711
[883.466s][info][gc,ref      ] GC(91) Enqueued    references: Soft: 0, Weak: 6, Final: 0, Phantom: 0
[883.466s][info][gc          ] GC(91) Concurrent weak references 0.730ms
[883.466s][info][gc,start    ] GC(91) Concurrent weak roots
[883.466s][info][gc,task     ] GC(91) Using 2 of 4 workers for concurrent weak root
[883.467s][info][gc          ] GC(91) Concurrent weak roots 0.888ms
[883.467s][info][gc,start    ] GC(91) Concurrent cleanup
[883.467s][info][gc          ] GC(91) Concurrent cleanup 7028M->5064M(8192M) 0.039ms
[883.467s][info][gc,ergo     ] GC(91) Free: 2715M, Max: 4096K regular, 552M humongous, Frag: 80% external, 0% internal; Reserve: 411M, Max: 4096K
[883.467s][info][gc,start    ] GC(91) Concurrent strong roots
[883.467s][info][gc,task     ] GC(91) Using 2 of 4 workers for concurrent strong root
[883.473s][info][gc          ] GC(91) Concurrent strong roots 6.085ms
[883.473s][info][gc,start    ] GC(91) Concurrent evacuation
[883.473s][info][gc,task     ] GC(91) Using 2 of 4 workers for concurrent evacuation
[883.517s][info][gc          ] GC(91) Concurrent evacuation 44.187ms
[883.517s][info][gc,start    ] GC(91) Pause Init Update Refs
[883.517s][info][gc,ergo     ] GC(91) Pacer for Update Refs. Used: 5192M, Free: 2667M, Non-Taxable: 266M, Alloc Tax Rate: 2.4x
[883.517s][info][gc          ] GC(91) Pause Init Update Refs 0.051ms
[883.517s][info][gc,start    ] GC(91) Concurrent update references
[883.517s][info][gc,task     ] GC(91) Using 2 of 4 workers for concurrent reference update
[883.650s][info][gc          ] GC(91) Concurrent update references 133.083ms
[883.650s][info][gc,start    ] GC(91) Concurrent update thread roots
[883.652s][info][gc          ] GC(91) Concurrent update thread roots 1.444ms
[883.652s][info][gc,start    ] GC(91) Pause Final Update Refs
[883.652s][info][gc,task     ] GC(91) Using 4 of 4 workers for final reference update
[883.652s][info][gc          ] GC(91) Pause Final Update Refs 0.097ms
[883.652s][info][gc,start    ] GC(91) Concurrent cleanup
[883.652s][info][gc          ] GC(91) Concurrent cleanup 5252M->732M(8192M) 0.080ms
[883.652s][info][gc,ergo     ] Free: 7047M, Max: 4096K regular, 5064M humongous, Frag: 29% external, 0% internal; Reserve: 412M, Max: 4096K
[883.652s][info][gc,stats    ] 
[883.652s][info][gc,stats    ] All times are wall-clock times, except per-root-class counters, that are sum over
[883.652s][info][gc,stats    ] all workers. Dividing the <total> over the root stage time estimates parallelism.
[883.652s][info][gc,stats    ] 
[883.652s][info][gc,stats    ] Concurrent Reset                  11753 us
[883.652s][info][gc,stats    ] Pause Init Mark (G)                 167 us
[883.652s][info][gc,stats    ] Pause Init Mark (N)                  99 us
[883.652s][info][gc,stats    ]   Update Region States               18 us
[883.652s][info][gc,stats    ] Concurrent Mark Roots              8627 us, parallelism: 1.95x
[883.652s][info][gc,stats    ]   CMR: <total>                    16842 us
[883.652s][info][gc,stats    ]   CMR: Thread Roots                1352 us, workers (us): 756, 596, ---, ---, 
[883.652s][info][gc,stats    ]   CMR: Code Cache Roots           14748 us, workers (us): 7658, 7090, ---, ---, 
[883.652s][info][gc,stats    ]   CMR: VM Strong Roots               15 us, workers (us):   8,   7, ---, ---, 
[883.652s][info][gc,stats    ]   CMR: CLDG Roots                   726 us, workers (us): ---, 726, ---, ---, 
[883.652s][info][gc,stats    ] Concurrent Marking               213645 us
[883.652s][info][gc,stats    ] Pause Final Mark (G)                415 us
[883.652s][info][gc,stats    ] Pause Final Mark (N)                333 us
[883.652s][info][gc,stats    ]   Finish Mark                        69 us
[883.652s][info][gc,stats    ]   Update Region States               52 us
[883.652s][info][gc,stats    ]   Choose Collection Set             136 us
[883.652s][info][gc,stats    ]   Rebuild Free Set                   10 us
[883.653s][info][gc,stats    ] Concurrent Thread Roots             900 us, parallelism: 1.78x
[883.653s][info][gc,stats    ]   CTR: <total>                     1604 us
[883.653s][info][gc,stats    ]   CTR: Thread Roots                1604 us, workers (us): 801, 803, ---, ---, 
[883.653s][info][gc,stats    ] Concurrent Weak References          741 us, parallelism: 0.86x
[883.653s][info][gc,stats    ]   CWRF: <total>                     641 us
[883.653s][info][gc,stats    ]   CWRF: Weak References             641 us, workers (us):  49, 592, ---, ---, 
[883.653s][info][gc,stats    ] Concurrent Weak Roots               902 us
[883.653s][info][gc,stats    ]   Roots                             844 us, parallelism: 1.79x
[883.653s][info][gc,stats    ]     CWR: <total>                   1511 us
[883.653s][info][gc,stats    ]     CWR: VM Weak Roots             1511 us, workers (us): 755, 756, ---, ---, 
[883.653s][info][gc,stats    ]   Rendezvous                         24 us
[883.653s][info][gc,stats    ] Concurrent Cleanup                   51 us
[883.653s][info][gc,stats    ] Concurrent Strong Roots            6117 us, parallelism: 1.94x
[883.653s][info][gc,stats    ]   CSR: <total>                    11839 us
[883.653s][info][gc,stats    ]   CSR: Code Cache Roots           11532 us, workers (us): 5575, 5957, ---, ---, 
[883.653s][info][gc,stats    ]   CSR: VM Strong Roots                7 us, workers (us):   4,   4, ---, ---, 
[883.653s][info][gc,stats    ]   CSR: CLDG Roots                   299 us, workers (us): 299, ---, ---, ---, 
[883.653s][info][gc,stats    ] Concurrent Evacuation             44230 us
[883.653s][info][gc,stats    ] Pause Init Update Refs (G)          123 us
[883.653s][info][gc,stats    ] Pause Init Update Refs (N)           63 us
[883.653s][info][gc,stats    ]   Manage GCLABs                       8 us
[883.653s][info][gc,stats    ] Concurrent Update Refs           133129 us
[883.653s][info][gc,stats    ] Concurrent Update Thread Roots     1469 us
[883.653s][info][gc,stats    ] Pause Final Update Refs (G)         202 us
[883.653s][info][gc,stats    ] Pause Final Update Refs (N)         117 us
[883.653s][info][gc,stats    ]   Update Region States               38 us
[883.653s][info][gc,stats    ]   Trash Collection Set               10 us
[883.653s][info][gc,stats    ]   Rebuild Free Set                   11 us
[883.653s][info][gc,stats    ] Concurrent Cleanup                   97 us
[883.653s][info][gc,stats    ] 
[883.653s][info][gc,stats    ] Allocation pacing accrued:
[883.653s][info][gc,stats    ]       0 of 11184 ms (  0.0%): <total>
[883.653s][info][gc,stats    ]       0 of 11184 ms (  0.0%): <average total>
[883.653s][info][gc,stats    ] 
[883.653s][info][gc,metaspace] Metaspace: 135889K(137280K)->135889K(137280K) NonClass: 114853K(115648K)->114853K(115648K) Class: 21035K(21632K)->21035K(21632K)
[883.653s][info][gc,ergo     ] Pacer for Idle. Initial: 163M, Alloc Tax Rate: 1.0x
[892.005s][info][gc          ] Trigger: Average GC time (460.74 ms) is above the time for average allocation rate (957 MB/s) to deplete free headroom (421M) (margin of error = 1.86)
[892.005s][info][gc,ergo     ] Free headroom: 831M (free) - 409M (spike) - 0B (penalties) = 421M
[892.005s][info][gc,ergo     ] Free: 831M, Max: 4096K regular, 536M humongous, Frag: 35% external, 0% internal; Reserve: 412M, Max: 4096K
[892.005s][info][gc,start    ] GC(92) Concurrent reset
[892.005s][info][gc,task     ] GC(92) Using 2 of 4 workers for concurrent reset
[892.005s][info][gc,ergo     ] GC(92) Pacer for Reset. Non-Taxable: 8192M
[892.019s][info][gc          ] GC(92) Concurrent reset 13.596ms
[892.019s][info][gc,start    ] GC(92) Pause Init Mark
[892.019s][info][gc,task     ] GC(92) Using 4 of 4 workers for init marking
[892.019s][info][gc,ergo     ] GC(92) Pacer for Mark. Expected Live: 448M, Free: 827M, Non-Taxable: 84707K, Alloc Tax Rate: 0.7x
[892.019s][info][gc          ] GC(92) Pause Init Mark 0.122ms
[892.019s][info][gc,start    ] GC(92) Concurrent marking roots
[892.019s][info][gc,task     ] GC(92) Using 2 of 4 workers for concurrent marking roots
[892.028s][info][gc          ] GC(92) Concurrent marking roots 8.694ms
[892.028s][info][gc,start    ] GC(92) Concurrent marking
[892.028s][info][gc,task     ] GC(92) Using 2 of 4 workers for concurrent marking
[892.241s][info][gc          ] GC(92) Concurrent marking 213.104ms
[892.241s][info][gc,start    ] GC(92) Pause Final Mark
[892.241s][info][gc,task     ] GC(92) Using 4 of 4 workers for final marking
[892.241s][info][gc,ergo     ] GC(92) Adaptive CSet Selection. Target Free: 1160M, Actual Free: 3488M, Max CSet: 341M, Min Garbage: 0B
[892.241s][info][gc,ergo     ] GC(92) Collectable Garbage: 6473M (99%), Immediate: 2376M (36%), CSet: 4097M (62%)
[892.241s][info][gc,ergo     ] GC(92) Pacer for Evacuation. Used CSet: 4172M, Free: 3083M, Non-Taxable: 308M, Alloc Tax Rate: 3.3x
[892.241s][info][gc          ] GC(92) Pause Final Mark 0.267ms
[892.241s][info][gc,start    ] GC(92) Concurrent thread roots
[892.241s][info][gc,task     ] GC(92) Using 2 of 4 workers for Concurrent thread roots
[892.242s][info][gc          ] GC(92) Concurrent thread roots 0.789ms
[892.242s][info][gc,start    ] GC(92) Concurrent weak references
[892.242s][info][gc,task     ] GC(92) Using 2 of 4 workers for concurrent weak references
[892.242s][info][gc,ref      ] GC(92) Encountered references: Soft: 6548, Weak: 23496, Final: 34, Phantom: 925
[892.242s][info][gc,ref      ] GC(92) Discovered  references: Soft: 0, Weak: 4921, Final: 0, Phantom: 711
[892.242s][info][gc,ref      ] GC(92) Enqueued    references: Soft: 0, Weak: 1, Final: 0, Phantom: 0
[892.243s][info][gc          ] GC(92) Concurrent weak references 0.314ms
[892.243s][info][gc,start    ] GC(92) Concurrent weak roots
[892.243s][info][gc,task     ] GC(92) Using 2 of 4 workers for concurrent weak root
[892.243s][info][gc          ] GC(92) Concurrent weak roots 0.931ms
[892.243s][info][gc,start    ] GC(92) Concurrent cleanup
[892.244s][info][gc          ] GC(92) Concurrent cleanup 7081M->4705M(8192M) 0.045ms
[892.244s][info][gc,ergo     ] GC(92) Free: 3075M, Max: 4096K regular, 536M humongous, Frag: 83% external, 0% internal; Reserve: 411M, Max: 4096K
[892.244s][info][gc,start    ] GC(92) Concurrent strong roots
[892.244s][info][gc,task     ] GC(92) Using 2 of 4 workers for concurrent strong root
[892.250s][info][gc          ] GC(92) Concurrent strong roots 5.988ms
[892.250s][info][gc,start    ] GC(92) Concurrent evacuation
[892.250s][info][gc,task     ] GC(92) Using 2 of 4 workers for concurrent evacuation
[892.285s][info][gc          ] GC(92) Concurrent evacuation 35.231ms
[892.285s][info][gc,start    ] GC(92) Pause Init Update Refs
[892.285s][info][gc,ergo     ] GC(92) Pacer for Update Refs. Used: 4804M, Free: 3055M, Non-Taxable: 305M, Alloc Tax Rate: 1.9x
[892.285s][info][gc          ] GC(92) Pause Init Update Refs 0.043ms
[892.285s][info][gc,start    ] GC(92) Concurrent update references
[892.285s][info][gc,task     ] GC(92) Using 2 of 4 workers for concurrent reference update
[892.411s][info][gc          ] GC(92) Concurrent update references 126.551ms
[892.412s][info][gc,start    ] GC(92) Concurrent update thread roots
[892.413s][info][gc          ] GC(92) Concurrent update thread roots 1.459ms
[892.413s][info][gc,start    ] GC(92) Pause Final Update Refs
[892.413s][info][gc,task     ] GC(92) Using 4 of 4 workers for final reference update
[892.413s][info][gc          ] GC(92) Pause Final Update Refs 0.106ms
[892.413s][info][gc,start    ] GC(92) Concurrent cleanup
[892.413s][info][gc          ] GC(92) Concurrent cleanup 4872M->704M(8192M) 0.065ms
[892.413s][info][gc,ergo     ] Free: 7075M, Max: 4096K regular, 5376M humongous, Frag: 24% external, 0% internal; Reserve: 412M, Max: 4096K
[892.413s][info][gc,stats    ] 
[892.413s][info][gc,stats    ] All times are wall-clock times, except per-root-class counters, that are sum over
[892.413s][info][gc,stats    ] all workers. Dividing the <total> over the root stage time estimates parallelism.
[892.413s][info][gc,stats    ] 
[892.413s][info][gc,stats    ] Concurrent Reset                  13676 us
[892.413s][info][gc,stats    ] Pause Init Mark (G)                 222 us
[892.413s][info][gc,stats    ] Pause Init Mark (N)                 135 us
[892.413s][info][gc,stats    ]   Update Region States               37 us
[892.413s][info][gc,stats    ] Concurrent Mark Roots              8721 us, parallelism: 1.94x
[892.413s][info][gc,stats    ]   CMR: <total>                    16909 us
[892.413s][info][gc,stats    ]   CMR: Thread Roots                1391 us, workers (us): 635, 756, ---, ---, 
[892.413s][info][gc,stats    ]   CMR: Code Cache Roots           14588 us, workers (us): 6899, 7689, ---, ---, 
[892.413s][info][gc,stats    ]   CMR: VM Strong Roots               18 us, workers (us):   9,   9, ---, ---, 
[892.413s][info][gc,stats    ]   CMR: CLDG Roots                   912 us, workers (us): 912, ---, ---, ---, 
[892.413s][info][gc,stats    ] Concurrent Marking               213143 us
[892.413s][info][gc,stats    ] Pause Final Mark (G)                296 us
[892.413s][info][gc,stats    ] Pause Final Mark (N)                280 us
[892.413s][info][gc,stats    ]   Finish Mark                        60 us
[892.413s][info][gc,stats    ]   Update Region States               15 us
[892.413s][info][gc,stats    ]   Choose Collection Set             122 us
[892.414s][info][gc,stats    ]   Rebuild Free Set                   11 us
[892.414s][info][gc,stats    ] Concurrent Thread Roots             808 us, parallelism: 1.85x
[892.414s][info][gc,stats    ]   CTR: <total>                     1497 us
[892.414s][info][gc,stats    ]   CTR: Thread Roots                1497 us, workers (us): 745, 752, ---, ---, 
[892.414s][info][gc,stats    ] Concurrent Weak References          325 us, parallelism: 0.81x
[892.414s][info][gc,stats    ]   CWRF: <total>                     264 us
[892.414s][info][gc,stats    ]   CWRF: Weak References             264 us, workers (us): 250,  14, ---, ---, 
[892.414s][info][gc,stats    ] Concurrent Weak Roots               949 us
[892.414s][info][gc,stats    ]   Roots                             854 us, parallelism: 1.80x
[892.414s][info][gc,stats    ]     CWR: <total>                   1536 us
[892.414s][info][gc,stats    ]     CWR: VM Weak Roots             1536 us, workers (us): 768, 768, ---, ---, 
[892.414s][info][gc,stats    ]   Rendezvous                         57 us
[892.414s][info][gc,stats    ] Concurrent Cleanup                   57 us
[892.414s][info][gc,stats    ] Concurrent Strong Roots            6022 us, parallelism: 1.95x
[892.414s][info][gc,stats    ]   CSR: <total>                    11727 us
[892.414s][info][gc,stats    ]   CSR: Code Cache Roots           11486 us, workers (us): 5592, 5894, ---, ---, 
[892.414s][info][gc,stats    ]   CSR: VM Strong Roots                8 us, workers (us):   4,   4, ---, ---, 
[892.414s][info][gc,stats    ]   CSR: CLDG Roots                   233 us, workers (us): 233, ---, ---, ---, 
[892.414s][info][gc,stats    ] Concurrent Evacuation             35273 us
[892.414s][info][gc,stats    ] Pause Init Update Refs (G)           81 us
[892.414s][info][gc,stats    ] Pause Init Update Refs (N)           54 us
[892.414s][info][gc,stats    ]   Manage GCLABs                       5 us
[892.414s][info][gc,stats    ] Concurrent Update Refs           126599 us
[892.414s][info][gc,stats    ] Concurrent Update Thread Roots     1488 us
[892.414s][info][gc,stats    ] Pause Final Update Refs (G)         173 us
[892.414s][info][gc,stats    ] Pause Final Update Refs (N)         120 us
[892.414s][info][gc,stats    ]   Update Region States               43 us
[892.414s][info][gc,stats    ]   Trash Collection Set               14 us
[892.414s][info][gc,stats    ]   Rebuild Free Set                   12 us
[892.414s][info][gc,stats    ] Concurrent Cleanup                   79 us
[892.414s][info][gc,stats    ] 
[892.414s][info][gc,stats    ] Allocation pacing accrued:
[892.414s][info][gc,stats    ]       0 of  8761 ms (  0.0%): <total>
[892.414s][info][gc,stats    ]       0 of  8761 ms (  0.0%): <average total>
[892.414s][info][gc,stats    ] 
[892.414s][info][gc,metaspace] Metaspace: 135889K(137280K)->135889K(137280K) NonClass: 114854K(115648K)->114854K(115648K) Class: 21035K(21632K)->21035K(21632K)
[892.414s][info][gc,ergo     ] Pacer for Idle. Initial: 163M, Alloc Tax Rate: 1.0x
[903.079s][info][gc          ] Trigger: Average GC time (447.98 ms) is above the time for instantaneous allocation rate (1271 MB/s) to deplete free headroom (549M) (spike threshold = 1.80)
[903.079s][info][gc,ergo     ] Free: 959M, Max: 4096K regular, 536M humongous, Frag: 44% external, 0% internal; Reserve: 412M, Max: 4096K
[903.079s][info][gc,start    ] GC(93) Concurrent reset
[903.079s][info][gc,task     ] GC(93) Using 2 of 4 workers for concurrent reset
[903.079s][info][gc,ergo     ] GC(93) Pacer for Reset. Non-Taxable: 8192M
[903.096s][info][gc          ] GC(93) Concurrent reset 17.023ms
[903.097s][info][gc,start    ] GC(93) Pause Init Mark
[903.097s][info][gc,task     ] GC(93) Using 4 of 4 workers for init marking
[903.097s][info][gc,ergo     ] GC(93) Pacer for Mark. Expected Live: 441M, Free: 943M, Non-Taxable: 96601K, Alloc Tax Rate: 0.6x
[903.097s][info][gc          ] GC(93) Pause Init Mark 0.113ms
[903.097s][info][gc,start    ] GC(93) Concurrent marking roots
[903.097s][info][gc,task     ] GC(93) Using 2 of 4 workers for concurrent marking roots
[903.112s][info][gc          ] GC(93) Concurrent marking roots 15.057ms
[903.112s][info][gc,start    ] GC(93) Concurrent marking
[903.112s][info][gc,task     ] GC(93) Using 2 of 4 workers for concurrent marking
[903.341s][info][gc          ] GC(93) Concurrent marking 229.363ms
[903.341s][info][gc,start    ] GC(93) Pause Final Mark
[903.341s][info][gc,task     ] GC(93) Using 4 of 4 workers for final marking
[903.342s][info][gc,ergo     ] GC(93) Adaptive CSet Selection. Target Free: 1160M, Actual Free: 2648M, Max CSet: 341M, Min Garbage: 0B
[903.342s][info][gc,ergo     ] GC(93) Collectable Garbage: 6364M (99%), Immediate: 1532M (23%), CSet: 4832M (75%)
[903.342s][info][gc,ergo     ] GC(93) Pacer for Evacuation. Used CSet: 4900M, Free: 2247M, Non-Taxable: 224M, Alloc Tax Rate: 5.3x
[903.342s][info][gc          ] GC(93) Pause Final Mark 0.344ms
[903.342s][info][gc,start    ] GC(93) Concurrent thread roots
[903.342s][info][gc,task     ] GC(93) Using 2 of 4 workers for Concurrent thread roots
[903.343s][info][gc          ] GC(93) Concurrent thread roots 0.877ms
[903.343s][info][gc,start    ] GC(93) Concurrent weak references
[903.343s][info][gc,task     ] GC(93) Using 2 of 4 workers for concurrent weak references
[903.343s][info][gc,ref      ] GC(93) Encountered references: Soft: 6548, Weak: 23503, Final: 34, Phantom: 934
[903.344s][info][gc,ref      ] GC(93) Discovered  references: Soft: 0, Weak: 11614, Final: 0, Phantom: 654
[903.344s][info][gc,ref      ] GC(93) Enqueued    references: Soft: 0, Weak: 5, Final: 0, Phantom: 0
[903.344s][info][gc          ] GC(93) Concurrent weak references 0.853ms
[903.344s][info][gc,start    ] GC(93) Concurrent weak roots
[903.344s][info][gc,task     ] GC(93) Using 2 of 4 workers for concurrent weak root
[903.344s][info][gc          ] GC(93) Concurrent weak roots 0.881ms
[903.344s][info][gc,start    ] GC(93) Concurrent cleanup
[903.344s][info][gc          ] GC(93) Concurrent cleanup 7073M->5541M(8192M) 0.034ms
[903.345s][info][gc,ergo     ] GC(93) Free: 2239M, Max: 4096K regular, 540M humongous, Frag: 76% external, 0% internal; Reserve: 411M, Max: 4096K
[903.345s][info][gc,start    ] GC(93) Concurrent strong roots
[903.345s][info][gc,task     ] GC(93) Using 2 of 4 workers for concurrent strong root
[903.350s][info][gc          ] GC(93) Concurrent strong roots 5.567ms
[903.350s][info][gc,start    ] GC(93) Concurrent evacuation
[903.350s][info][gc,task     ] GC(93) Using 2 of 4 workers for concurrent evacuation
[903.386s][info][gc          ] GC(93) Concurrent evacuation 36.255ms
[903.386s][info][gc,start    ] GC(93) Pause Init Update Refs
[903.386s][info][gc,ergo     ] GC(93) Pacer for Update Refs. Used: 5632M, Free: 2219M, Non-Taxable: 221M, Alloc Tax Rate: 3.1x
[903.387s][info][gc          ] GC(93) Pause Init Update Refs 0.044ms
[903.387s][info][gc,start    ] GC(93) Concurrent update references
[903.387s][info][gc,task     ] GC(93) Using 2 of 4 workers for concurrent reference update
[903.538s][info][gc          ] GC(93) Concurrent update references 151.296ms
[903.538s][info][gc,start    ] GC(93) Concurrent update thread roots
[903.539s][info][gc          ] GC(93) Concurrent update thread roots 1.382ms
[903.539s][info][gc,start    ] GC(93) Pause Final Update Refs
[903.539s][info][gc,task     ] GC(93) Using 4 of 4 workers for final reference update
[903.539s][info][gc          ] GC(93) Pause Final Update Refs 0.094ms
[903.539s][info][gc,start    ] GC(93) Concurrent cleanup
[903.540s][info][gc          ] GC(93) Concurrent cleanup 5736M->836M(8192M) 0.060ms
[903.540s][info][gc,ergo     ] Free: 6943M, Max: 4096K regular, 5132M humongous, Frag: 26% external, 0% internal; Reserve: 412M, Max: 4096K
[903.540s][info][gc,stats    ] 
[903.540s][info][gc,stats    ] All times are wall-clock times, except per-root-class counters, that are sum over
[903.540s][info][gc,stats    ] all workers. Dividing the <total> over the root stage time estimates parallelism.
[903.540s][info][gc,stats    ] 
[903.540s][info][gc,stats    ] Concurrent Reset                  17132 us
[903.540s][info][gc,stats    ] Pause Init Mark (G)                 185 us
[903.540s][info][gc,stats    ] Pause Init Mark (N)                 125 us
[903.540s][info][gc,stats    ]   Update Region States               37 us
[903.540s][info][gc,stats    ] Concurrent Mark Roots             15161 us, parallelism: 1.95x
[903.540s][info][gc,stats    ]   CMR: <total>                    29580 us
[903.540s][info][gc,stats    ]   CMR: Thread Roots                1965 us, workers (us): 1111, 854, ---, ---, 
[903.540s][info][gc,stats    ]   CMR: Code Cache Roots           26498 us, workers (us): 12578, 13920, ---, ---, 
[903.540s][info][gc,stats    ]   CMR: VM Strong Roots               15 us, workers (us):  15,   0, ---, ---, 
[903.540s][info][gc,stats    ]   CMR: CLDG Roots                  1102 us, workers (us): 1102, ---, ---, ---, 
[903.540s][info][gc,stats    ] Concurrent Marking               229414 us
[903.540s][info][gc,stats    ] Pause Final Mark (G)                448 us
[903.540s][info][gc,stats    ] Pause Final Mark (N)                355 us
[903.540s][info][gc,stats    ]   Finish Mark                        79 us
[903.540s][info][gc,stats    ]   Update Region States               52 us
[903.540s][info][gc,stats    ]   Choose Collection Set             147 us
[903.540s][info][gc,stats    ]   Rebuild Free Set                   10 us
[903.540s][info][gc,stats    ] Concurrent Thread Roots             898 us, parallelism: 1.82x
[903.540s][info][gc,stats    ]   CTR: <total>                     1637 us
[903.540s][info][gc,stats    ]   CTR: Thread Roots                1637 us, workers (us): 832, 805, ---, ---, 
[903.540s][info][gc,stats    ] Concurrent Weak References          864 us, parallelism: 0.90x
[903.540s][info][gc,stats    ]   CWRF: <total>                     774 us
[903.540s][info][gc,stats    ]   CWRF: Weak References             774 us, workers (us):   4, 771, ---, ---, 
[903.540s][info][gc,stats    ] Concurrent Weak Roots               902 us
[903.540s][info][gc,stats    ]   Roots                             834 us, parallelism: 1.79x
[903.540s][info][gc,stats    ]     CWR: <total>                   1497 us
[903.540s][info][gc,stats    ]     CWR: VM Weak Roots             1497 us, workers (us): 747, 749, ---, ---, 
[903.540s][info][gc,stats    ]   Rendezvous                         25 us
[903.540s][info][gc,stats    ] Concurrent Cleanup                   46 us
[903.540s][info][gc,stats    ] Concurrent Strong Roots            5590 us, parallelism: 1.95x
[903.540s][info][gc,stats    ]   CSR: <total>                    10914 us
[903.540s][info][gc,stats    ]   CSR: Code Cache Roots           10674 us, workers (us): 5247, 5427, ---, ---, 
[903.540s][info][gc,stats    ]   CSR: VM Strong Roots                8 us, workers (us):   4,   3, ---, ---, 
[903.540s][info][gc,stats    ]   CSR: CLDG Roots                   232 us, workers (us): 232, ---, ---, ---, 
[903.540s][info][gc,stats    ] Concurrent Evacuation             36302 us
[903.540s][info][gc,stats    ] Pause Init Update Refs (G)          155 us
[903.540s][info][gc,stats    ] Pause Init Update Refs (N)           55 us
[903.540s][info][gc,stats    ]   Manage GCLABs                       5 us
[903.540s][info][gc,stats    ] Concurrent Update Refs           151348 us
[903.540s][info][gc,stats    ] Concurrent Update Thread Roots     1395 us
[903.540s][info][gc,stats    ] Pause Final Update Refs (G)         148 us
[903.540s][info][gc,stats    ] Pause Final Update Refs (N)         121 us
[903.540s][info][gc,stats    ]   Update Region States               28 us
[903.540s][info][gc,stats    ]   Trash Collection Set               15 us
[903.540s][info][gc,stats    ]   Rebuild Free Set                   11 us
[903.540s][info][gc,stats    ] Concurrent Cleanup                   77 us
[903.540s][info][gc,stats    ] 
[903.540s][info][gc,stats    ] Allocation pacing accrued:
[903.540s][info][gc,stats    ]       0 of 11126 ms (  0.0%): <total>
[903.540s][info][gc,stats    ]       0 of 11126 ms (  0.0%): <average total>
[903.540s][info][gc,stats    ] 
[903.540s][info][gc,metaspace] Metaspace: 135894K(137280K)->135894K(137280K) NonClass: 114858K(115648K)->114858K(115648K) Class: 21035K(21632K)->21035K(21632K)
[903.540s][info][gc,ergo     ] Pacer for Idle. Initial: 163M, Alloc Tax Rate: 1.0x
[912.092s][info][gc          ] Trigger: Average GC time (483.33 ms) is above the time for instantaneous allocation rate (1277 MB/s) to deplete free headroom (529M) (spike threshold = 1.79)
[912.092s][info][gc,ergo     ] Free: 939M, Max: 4096K regular, 544M humongous, Frag: 41% external, 0% internal; Reserve: 412M, Max: 4096K
[912.092s][info][gc,start    ] GC(94) Concurrent reset
[912.092s][info][gc,task     ] GC(94) Using 2 of 4 workers for concurrent reset
[912.092s][info][gc,ergo     ] GC(94) Pacer for Reset. Non-Taxable: 8192M
[912.109s][info][gc          ] GC(94) Concurrent reset 17.460ms
[912.110s][info][gc,start    ] GC(94) Pause Init Mark
[912.110s][info][gc,task     ] GC(94) Using 4 of 4 workers for init marking
[912.110s][info][gc,ergo     ] GC(94) Pacer for Mark. Expected Live: 444M, Free: 929M, Non-Taxable: 95161K, Alloc Tax Rate: 0.6x
[912.110s][info][gc          ] GC(94) Pause Init Mark 0.130ms
[912.110s][info][gc,start    ] GC(94) Concurrent marking roots
[912.110s][info][gc,task     ] GC(94) Using 2 of 4 workers for concurrent marking roots
[912.123s][info][gc          ] GC(94) Concurrent marking roots 13.418ms
[912.123s][info][gc,start    ] GC(94) Concurrent marking
[912.123s][info][gc,task     ] GC(94) Using 2 of 4 workers for concurrent marking
[912.349s][info][gc          ] GC(94) Concurrent marking 225.339ms
[912.349s][info][gc,start    ] GC(94) Pause Final Mark
[912.349s][info][gc,task     ] GC(94) Using 4 of 4 workers for final marking
[912.349s][info][gc,ergo     ] GC(94) Adaptive CSet Selection. Target Free: 1160M, Actual Free: 2772M, Max CSet: 341M, Min Garbage: 0B
[912.349s][info][gc,ergo     ] GC(94) Collectable Garbage: 6352M (99%), Immediate: 1588M (24%), CSet: 4764M (74%)
[912.349s][info][gc,ergo     ] GC(94) Pacer for Evacuation. Used CSet: 4856M, Free: 2371M, Non-Taxable: 237M, Alloc Tax Rate: 5.0x
[912.349s][info][gc          ] GC(94) Pause Final Mark 0.338ms
[912.349s][info][gc,start    ] GC(94) Concurrent thread roots
[912.349s][info][gc,task     ] GC(94) Using 2 of 4 workers for Concurrent thread roots
[912.350s][info][gc          ] GC(94) Concurrent thread roots 0.775ms
[912.350s][info][gc,start    ] GC(94) Concurrent weak references
[912.350s][info][gc,task     ] GC(94) Using 2 of 4 workers for concurrent weak references
[912.350s][info][gc,ref      ] GC(94) Encountered references: Soft: 6548, Weak: 23503, Final: 34, Phantom: 940
[912.350s][info][gc,ref      ] GC(94) Discovered  references: Soft: 0, Weak: 11443, Final: 1, Phantom: 721
[912.350s][info][gc,ref      ] GC(94) Enqueued    references: Soft: 0, Weak: 3, Final: 0, Phantom: 0
[912.350s][info][gc          ] GC(94) Concurrent weak references 0.590ms
[912.350s][info][gc,start    ] GC(94) Concurrent weak roots
[912.350s][info][gc,task     ] GC(94) Using 2 of 4 workers for concurrent weak root
[912.351s][info][gc          ] GC(94) Concurrent weak roots 1.023ms
[912.351s][info][gc,start    ] GC(94) Concurrent cleanup
[912.351s][info][gc          ] GC(94) Concurrent cleanup 7004M->5416M(8192M) 0.035ms
[912.352s][info][gc,ergo     ] GC(94) Free: 2363M, Max: 4096K regular, 544M humongous, Frag: 77% external, 0% internal; Reserve: 411M, Max: 4096K
[912.352s][info][gc,start    ] GC(94) Concurrent strong roots
[912.352s][info][gc,task     ] GC(94) Using 2 of 4 workers for concurrent strong root
[912.357s][info][gc          ] GC(94) Concurrent strong roots 5.809ms
[912.357s][info][gc,start    ] GC(94) Concurrent evacuation
[912.357s][info][gc,task     ] GC(94) Using 2 of 4 workers for concurrent evacuation
[912.400s][info][gc          ] GC(94) Concurrent evacuation 42.803ms
[912.400s][info][gc,start    ] GC(94) Pause Init Update Refs
[912.400s][info][gc,ergo     ] GC(94) Pacer for Update Refs. Used: 5532M, Free: 2343M, Non-Taxable: 234M, Alloc Tax Rate: 2.9x
[912.400s][info][gc          ] GC(94) Pause Init Update Refs 0.046ms
[912.400s][info][gc,start    ] GC(94) Concurrent update references
[912.400s][info][gc,task     ] GC(94) Using 2 of 4 workers for concurrent reference update
[912.535s][info][gc          ] GC(94) Concurrent update references 134.430ms
[912.535s][info][gc,start    ] GC(94) Concurrent update thread roots
[912.536s][info][gc          ] GC(94) Concurrent update thread roots 1.405ms
[912.536s][info][gc,start    ] GC(94) Pause Final Update Refs
[912.536s][info][gc,task     ] GC(94) Using 4 of 4 workers for final reference update
[912.536s][info][gc          ] GC(94) Pause Final Update Refs 0.086ms
[912.536s][info][gc,start    ] GC(94) Concurrent cleanup
[912.536s][info][gc          ] GC(94) Concurrent cleanup 5596M->740M(8192M) 0.069ms
[912.536s][info][gc,ergo     ] Free: 7039M, Max: 4096K regular, 5044M humongous, Frag: 29% external, 0% internal; Reserve: 412M, Max: 4096K
[912.536s][info][gc,stats    ] 
[912.537s][info][gc,stats    ] All times are wall-clock times, except per-root-class counters, that are sum over
[912.537s][info][gc,stats    ] all workers. Dividing the <total> over the root stage time estimates parallelism.
[912.537s][info][gc,stats    ] 
[912.537s][info][gc,stats    ] Concurrent Reset                  17562 us
[912.537s][info][gc,stats    ] Pause Init Mark (G)                 270 us
[912.537s][info][gc,stats    ] Pause Init Mark (N)                 143 us
[912.537s][info][gc,stats    ]   Update Region States               43 us
[912.537s][info][gc,stats    ] Concurrent Mark Roots             13478 us, parallelism: 1.93x
[912.537s][info][gc,stats    ]   CMR: <total>                    26061 us
[912.537s][info][gc,stats    ]   CMR: Thread Roots                1954 us, workers (us): 883, 1071, ---, ---, 
[912.537s][info][gc,stats    ]   CMR: Code Cache Roots           22834 us, workers (us): 12129, 10705, ---, ---, 
[912.537s][info][gc,stats    ]   CMR: VM Strong Roots               34 us, workers (us):  18,  16, ---, ---, 
[912.537s][info][gc,stats    ]   CMR: CLDG Roots                  1239 us, workers (us): ---, 1239, ---, ---, 
[912.537s][info][gc,stats    ] Concurrent Marking               225370 us
[912.537s][info][gc,stats    ] Pause Final Mark (G)                409 us
[912.537s][info][gc,stats    ] Pause Final Mark (N)                349 us
[912.537s][info][gc,stats    ]   Finish Mark                        65 us
[912.537s][info][gc,stats    ]   Update Region States               57 us
[912.537s][info][gc,stats    ]   Choose Collection Set             151 us
[912.537s][info][gc,stats    ]   Rebuild Free Set                   10 us
[912.537s][info][gc,stats    ] Concurrent Thread Roots             794 us, parallelism: 1.80x
[912.537s][info][gc,stats    ]   CTR: <total>                     1431 us
[912.537s][info][gc,stats    ]   CTR: Thread Roots                1431 us, workers (us): 730, 700, ---, ---, 
[912.537s][info][gc,stats    ] Concurrent Weak References          601 us, parallelism: 0.88x
[912.537s][info][gc,stats    ]   CWRF: <total>                     528 us
[912.537s][info][gc,stats    ]   CWRF: Weak References             528 us, workers (us): 527,   0, ---, ---, 
[912.537s][info][gc,stats    ] Concurrent Weak Roots              1044 us
[912.537s][info][gc,stats    ]   Roots                             883 us, parallelism: 1.77x
[912.537s][info][gc,stats    ]     CWR: <total>                   1565 us
[912.537s][info][gc,stats    ]     CWR: VM Weak Roots             1565 us, workers (us): 798, 767, ---, ---, 
[912.537s][info][gc,stats    ]   Rendezvous                        119 us
[912.537s][info][gc,stats    ] Concurrent Cleanup                   48 us
[912.537s][info][gc,stats    ] Concurrent Strong Roots            5840 us, parallelism: 1.94x
[912.537s][info][gc,stats    ]   CSR: <total>                    11311 us
[912.537s][info][gc,stats    ]   CSR: Code Cache Roots           11078 us, workers (us): 5420, 5658, ---, ---, 
[912.537s][info][gc,stats    ]   CSR: VM Strong Roots                7 us, workers (us):   7,   0, ---, ---, 
[912.537s][info][gc,stats    ]   CSR: CLDG Roots                   226 us, workers (us): 226, ---, ---, ---, 
[912.537s][info][gc,stats    ] Concurrent Evacuation             42856 us
[912.537s][info][gc,stats    ] Pause Init Update Refs (G)          113 us
[912.537s][info][gc,stats    ] Pause Init Update Refs (N)           57 us
[912.537s][info][gc,stats    ]   Manage GCLABs                       5 us
[912.537s][info][gc,stats    ] Concurrent Update Refs           134475 us
[912.537s][info][gc,stats    ] Concurrent Update Thread Roots     1428 us
[912.537s][info][gc,stats    ] Pause Final Update Refs (G)         136 us
[912.537s][info][gc,stats    ] Pause Final Update Refs (N)         106 us
[912.537s][info][gc,stats    ]   Update Region States               28 us
[912.537s][info][gc,stats    ]   Trash Collection Set               10 us
[912.537s][info][gc,stats    ]   Rebuild Free Set                   10 us
[912.537s][info][gc,stats    ] Concurrent Cleanup                   84 us
[912.537s][info][gc,stats    ] 
[912.537s][info][gc,stats    ] Allocation pacing accrued:
[912.537s][info][gc,stats    ]       0 of  8997 ms (  0.0%): <total>
[912.537s][info][gc,stats    ]       0 of  8997 ms (  0.0%): <average total>
[912.537s][info][gc,stats    ] 
[912.537s][info][gc,metaspace] Metaspace: 135916K(137344K)->135916K(137344K) NonClass: 114880K(115712K)->114880K(115712K) Class: 21035K(21632K)->21035K(21632K)
[912.537s][info][gc,ergo     ] Pacer for Idle. Initial: 163M, Alloc Tax Rate: 1.0x
[920.731s][info][gc          ] Trigger: Free (819M) is below minimum threshold (819M)
[920.731s][info][gc,ergo     ] Free: 819M, Max: 4096K regular, 520M humongous, Frag: 35% external, 0% internal; Reserve: 412M, Max: 4096K
[920.731s][info][gc,start    ] GC(95) Concurrent reset
[920.731s][info][gc,task     ] GC(95) Using 2 of 4 workers for concurrent reset
[920.731s][info][gc,ergo     ] GC(95) Pacer for Reset. Non-Taxable: 8192M
[920.745s][info][gc          ] GC(95) Concurrent reset 13.986ms
[920.745s][info][gc,start    ] GC(95) Pause Init Mark
[920.745s][info][gc,task     ] GC(95) Using 4 of 4 workers for init marking
[920.745s][info][gc,ergo     ] GC(95) Pacer for Mark. Expected Live: 446M, Free: 811M, Non-Taxable: 83082K, Alloc Tax Rate: 0.7x
[920.745s][info][gc          ] GC(95) Pause Init Mark 0.111ms
[920.745s][info][gc,start    ] GC(95) Concurrent marking roots
[920.745s][info][gc,task     ] GC(95) Using 2 of 4 workers for concurrent marking roots
[920.753s][info][gc          ] GC(95) Concurrent marking roots 8.155ms
[920.753s][info][gc,start    ] GC(95) Concurrent marking
[920.753s][info][gc,task     ] GC(95) Using 2 of 4 workers for concurrent marking
[920.968s][info][gc          ] GC(95) Concurrent marking 214.260ms
[920.968s][info][gc,start    ] GC(95) Pause Final Mark
[920.968s][info][gc,task     ] GC(95) Using 4 of 4 workers for final marking
[920.968s][info][gc,ergo     ] GC(95) Adaptive CSet Selection. Target Free: 1160M, Actual Free: 3616M, Max CSet: 341M, Min Garbage: 0B
[920.968s][info][gc,ergo     ] GC(95) Collectable Garbage: 6495M (99%), Immediate: 2520M (38%), CSet: 3975M (60%)
[920.968s][info][gc,ergo     ] GC(95) Pacer for Evacuation. Used CSet: 4044M, Free: 3215M, Non-Taxable: 321M, Alloc Tax Rate: 3.1x
[920.968s][info][gc          ] GC(95) Pause Final Mark 0.323ms
[920.968s][info][gc,start    ] GC(95) Concurrent thread roots
[920.968s][info][gc,task     ] GC(95) Using 2 of 4 workers for Concurrent thread roots
[920.969s][info][gc          ] GC(95) Concurrent thread roots 0.676ms
[920.969s][info][gc,start    ] GC(95) Concurrent weak references
[920.969s][info][gc,task     ] GC(95) Using 2 of 4 workers for concurrent weak references
[920.969s][info][gc,ref      ] GC(95) Encountered references: Soft: 6548, Weak: 23501, Final: 34, Phantom: 940
[920.969s][info][gc,ref      ] GC(95) Discovered  references: Soft: 0, Weak: 11868, Final: 0, Phantom: 721
[920.969s][info][gc,ref      ] GC(95) Enqueued    references: Soft: 0, Weak: 1, Final: 0, Phantom: 0
[920.969s][info][gc          ] GC(95) Concurrent weak references 0.595ms
[920.969s][info][gc,start    ] GC(95) Concurrent weak roots
[920.969s][info][gc,task     ] GC(95) Using 2 of 4 workers for concurrent weak root
[920.970s][info][gc          ] GC(95) Concurrent weak roots 0.986ms
[920.970s][info][gc,start    ] GC(95) Concurrent cleanup
[920.970s][info][gc          ] GC(95) Concurrent cleanup 7093M->4573M(8192M) 0.043ms
[920.970s][info][gc,ergo     ] GC(95) Free: 3206M, Max: 4096K regular, 520M humongous, Frag: 84% external, 0% internal; Reserve: 411M, Max: 4096K
[920.970s][info][gc,start    ] GC(95) Concurrent strong roots
[920.970s][info][gc,task     ] GC(95) Using 2 of 4 workers for concurrent strong root
[920.976s][info][gc          ] GC(95) Concurrent strong roots 5.682ms
[920.976s][info][gc,start    ] GC(95) Concurrent evacuation
[920.976s][info][gc,task     ] GC(95) Using 2 of 4 workers for concurrent evacuation
[921.011s][info][gc          ] GC(95) Concurrent evacuation 34.733ms
[921.011s][info][gc,start    ] GC(95) Pause Init Update Refs
[921.011s][info][gc,ergo     ] GC(95) Pacer for Update Refs. Used: 4665M, Free: 3186M, Non-Taxable: 318M, Alloc Tax Rate: 1.8x
[921.011s][info][gc          ] GC(95) Pause Init Update Refs 0.043ms
[921.011s][info][gc,start    ] GC(95) Concurrent update references
[921.011s][info][gc,task     ] GC(95) Using 2 of 4 workers for concurrent reference update
[921.140s][info][gc          ] GC(95) Concurrent update references 128.567ms
[921.140s][info][gc,start    ] GC(95) Concurrent update thread roots
[921.141s][info][gc          ] GC(95) Concurrent update thread roots 1.298ms
[921.141s][info][gc,start    ] GC(95) Pause Final Update Refs
[921.141s][info][gc,task     ] GC(95) Using 4 of 4 workers for final reference update
[921.141s][info][gc          ] GC(95) Pause Final Update Refs 0.103ms
[921.141s][info][gc,start    ] GC(95) Concurrent cleanup
[921.141s][info][gc          ] GC(95) Concurrent cleanup 4729M->685M(8192M) 0.054ms
[921.141s][info][gc,ergo     ] Free: 7094M, Max: 4096K regular, 5308M humongous, Frag: 26% external, 0% internal; Reserve: 412M, Max: 4096K
[921.141s][info][gc,stats    ] 
[921.141s][info][gc,stats    ] All times are wall-clock times, except per-root-class counters, that are sum over
[921.141s][info][gc,stats    ] all workers. Dividing the <total> over the root stage time estimates parallelism.
[921.141s][info][gc,stats    ] 
[921.141s][info][gc,stats    ] Concurrent Reset                  14057 us
[921.141s][info][gc,stats    ] Pause Init Mark (G)                 153 us
[921.141s][info][gc,stats    ] Pause Init Mark (N)                 123 us
[921.141s][info][gc,stats    ]   Update Region States               38 us
[921.141s][info][gc,stats    ] Concurrent Mark Roots              8182 us, parallelism: 1.96x
[921.141s][info][gc,stats    ]   CMR: <total>                    16011 us
[921.141s][info][gc,stats    ]   CMR: Thread Roots                1396 us, workers (us): 647, 749, ---, ---, 
[921.141s][info][gc,stats    ]   CMR: Code Cache Roots           13921 us, workers (us): 6678, 7243, ---, ---, 
[921.141s][info][gc,stats    ]   CMR: VM Strong Roots               13 us, workers (us):  12,   0, ---, ---, 
[921.141s][info][gc,stats    ]   CMR: CLDG Roots                   682 us, workers (us): 682, ---, ---, ---, 
[921.141s][info][gc,stats    ] Concurrent Marking               214297 us
[921.141s][info][gc,stats    ] Pause Final Mark (G)                410 us
[921.141s][info][gc,stats    ] Pause Final Mark (N)                335 us
[921.141s][info][gc,stats    ]   Finish Mark                        75 us
[921.141s][info][gc,stats    ]   Update Region States               47 us
[921.141s][info][gc,stats    ]   Choose Collection Set             131 us
[921.142s][info][gc,stats    ]   Rebuild Free Set                   11 us
[921.142s][info][gc,stats    ] Concurrent Thread Roots             700 us, parallelism: 1.75x
[921.142s][info][gc,stats    ]   CTR: <total>                     1227 us
[921.142s][info][gc,stats    ]   CTR: Thread Roots                1227 us, workers (us): 615, 612, ---, ---, 
[921.142s][info][gc,stats    ] Concurrent Weak References          606 us, parallelism: 0.81x
[921.142s][info][gc,stats    ]   CWRF: <total>                     491 us
[921.142s][info][gc,stats    ]   CWRF: Weak References             491 us, workers (us): 491,   0, ---, ---, 
[921.142s][info][gc,stats    ] Concurrent Weak Roots              1007 us
[921.142s][info][gc,stats    ]   Roots                             913 us, parallelism: 1.70x
[921.142s][info][gc,stats    ]     CWR: <total>                   1550 us
[921.142s][info][gc,stats    ]     CWR: VM Weak Roots             1550 us, workers (us): 789, 761, ---, ---, 
[921.142s][info][gc,stats    ]   Rendezvous                         51 us
[921.142s][info][gc,stats    ] Concurrent Cleanup                   56 us
[921.142s][info][gc,stats    ] Concurrent Strong Roots            5707 us, parallelism: 1.95x
[921.142s][info][gc,stats    ]   CSR: <total>                    11113 us
[921.142s][info][gc,stats    ]   CSR: Code Cache Roots           10882 us, workers (us): 5321, 5561, ---, ---, 
[921.142s][info][gc,stats    ]   CSR: VM Strong Roots                7 us, workers (us):   6,   0, ---, ---, 
[921.142s][info][gc,stats    ]   CSR: CLDG Roots                   224 us, workers (us): 224, ---, ---, ---, 
[921.142s][info][gc,stats    ] Concurrent Evacuation             34775 us
[921.142s][info][gc,stats    ] Pause Init Update Refs (G)          155 us
[921.142s][info][gc,stats    ] Pause Init Update Refs (N)           54 us
[921.142s][info][gc,stats    ]   Manage GCLABs                       5 us
[921.142s][info][gc,stats    ] Concurrent Update Refs           128608 us
[921.142s][info][gc,stats    ] Concurrent Update Thread Roots     1316 us
[921.142s][info][gc,stats    ] Pause Final Update Refs (G)         167 us
[921.142s][info][gc,stats    ] Pause Final Update Refs (N)         117 us
[921.142s][info][gc,stats    ]   Update Region States               39 us
[921.142s][info][gc,stats    ]   Trash Collection Set               13 us
[921.142s][info][gc,stats    ]   Rebuild Free Set                   12 us
[921.142s][info][gc,stats    ] Concurrent Cleanup                   68 us
[921.142s][info][gc,stats    ] 
[921.142s][info][gc,stats    ] Allocation pacing accrued:
[921.142s][info][gc,stats    ]       0 of  8605 ms (  0.0%): <total>
[921.142s][info][gc,stats    ]       0 of  8605 ms (  0.0%): <average total>
[921.142s][info][gc,stats    ] 
[921.142s][info][gc,metaspace] Metaspace: 135924K(137344K)->135924K(137344K) NonClass: 114888K(115712K)->114888K(115712K) Class: 21035K(21632K)->21035K(21632K)
[921.142s][info][gc,ergo     ] Pacer for Idle. Initial: 163M, Alloc Tax Rate: 1.0x
[930.941s][info][gc          ] Trigger: Free (818M) is below minimum threshold (819M)
[930.941s][info][gc,ergo     ] Free: 818M, Max: 4096K regular, 544M humongous, Frag: 33% external, 0% internal; Reserve: 412M, Max: 4096K
[930.941s][info][gc,start    ] GC(96) Concurrent reset
[930.941s][info][gc,task     ] GC(96) Using 2 of 4 workers for concurrent reset
[930.941s][info][gc,ergo     ] GC(96) Pacer for Reset. Non-Taxable: 8192M
[930.953s][info][gc          ] GC(96) Concurrent reset 11.654ms
[930.953s][info][gc,start    ] GC(96) Pause Init Mark
[930.953s][info][gc,task     ] GC(96) Using 4 of 4 workers for init marking
[930.953s][info][gc,ergo     ] GC(96) Pacer for Mark. Expected Live: 447M, Free: 810M, Non-Taxable: 83035K, Alloc Tax Rate: 0.7x
[930.953s][info][gc          ] GC(96) Pause Init Mark 0.093ms
[930.953s][info][gc,start    ] GC(96) Concurrent marking roots
[930.953s][info][gc,task     ] GC(96) Using 2 of 4 workers for concurrent marking roots
[930.961s][info][gc          ] GC(96) Concurrent marking roots 8.141ms
[930.961s][info][gc,start    ] GC(96) Concurrent marking
[930.961s][info][gc,task     ] GC(96) Using 2 of 4 workers for concurrent marking
[931.179s][info][gc          ] GC(96) Concurrent marking 217.909ms
[931.179s][info][gc,start    ] GC(96) Pause Final Mark
[931.179s][info][gc,task     ] GC(96) Using 4 of 4 workers for final marking
[931.179s][info][gc,ergo     ] GC(96) Adaptive CSet Selection. Target Free: 1160M, Actual Free: 2584M, Max CSet: 341M, Min Garbage: 0B
[931.179s][info][gc,ergo     ] GC(96) Collectable Garbage: 6492M (99%), Immediate: 1504M (23%), CSet: 4988M (76%)
[931.179s][info][gc,ergo     ] GC(96) Pacer for Evacuation. Used CSet: 5060M, Free: 2179M, Non-Taxable: 217M, Alloc Tax Rate: 5.7x
[931.179s][info][gc          ] GC(96) Pause Final Mark 0.312ms
[931.179s][info][gc,start    ] GC(96) Concurrent thread roots
[931.179s][info][gc,task     ] GC(96) Using 2 of 4 workers for Concurrent thread roots
[931.180s][info][gc          ] GC(96) Concurrent thread roots 0.813ms
[931.180s][info][gc,start    ] GC(96) Concurrent weak references
[931.180s][info][gc,task     ] GC(96) Using 2 of 4 workers for concurrent weak references
[931.181s][info][gc,ref      ] GC(96) Encountered references: Soft: 6548, Weak: 23505, Final: 34, Phantom: 946
[931.181s][info][gc,ref      ] GC(96) Discovered  references: Soft: 0, Weak: 11816, Final: 0, Phantom: 725
[931.181s][info][gc,ref      ] GC(96) Enqueued    references: Soft: 0, Weak: 3, Final: 0, Phantom: 0
[931.181s][info][gc          ] GC(96) Concurrent weak references 0.565ms
[931.181s][info][gc,start    ] GC(96) Concurrent weak roots
[931.181s][info][gc,task     ] GC(96) Using 2 of 4 workers for concurrent weak root
[931.182s][info][gc          ] GC(96) Concurrent weak roots 0.924ms
[931.182s][info][gc,start    ] GC(96) Concurrent cleanup
[931.182s][info][gc          ] GC(96) Concurrent cleanup 7112M->5608M(8192M) 0.034ms
[931.182s][info][gc,ergo     ] GC(96) Free: 2171M, Max: 4096K regular, 544M humongous, Frag: 75% external, 0% internal; Reserve: 411M, Max: 4096K
[931.182s][info][gc,start    ] GC(96) Concurrent strong roots
[931.182s][info][gc,task     ] GC(96) Using 2 of 4 workers for concurrent strong root
[931.187s][info][gc          ] GC(96) Concurrent strong roots 5.551ms
[931.187s][info][gc,start    ] GC(96) Concurrent evacuation
[931.187s][info][gc,task     ] GC(96) Using 2 of 4 workers for concurrent evacuation
[931.225s][info][gc          ] GC(96) Concurrent evacuation 37.949ms
[931.225s][info][gc,start    ] GC(96) Pause Init Update Refs
[931.225s][info][gc,ergo     ] GC(96) Pacer for Update Refs. Used: 5700M, Free: 2155M, Non-Taxable: 215M, Alloc Tax Rate: 3.2x
[931.226s][info][gc          ] GC(96) Pause Init Update Refs 0.050ms
[931.226s][info][gc,start    ] GC(96) Concurrent update references
[931.226s][info][gc,task     ] GC(96) Using 2 of 4 workers for concurrent reference update
[931.361s][info][gc          ] GC(96) Concurrent update references 135.095ms
[931.361s][info][gc,start    ] GC(96) Concurrent update thread roots
[931.362s][info][gc          ] GC(96) Concurrent update thread roots 1.354ms
[931.362s][info][gc,start    ] GC(96) Pause Final Update Refs
[931.362s][info][gc,task     ] GC(96) Using 4 of 4 workers for final reference update
[931.362s][info][gc          ] GC(96) Pause Final Update Refs 0.129ms
[931.362s][info][gc,start    ] GC(96) Concurrent cleanup
[931.362s][info][gc          ] GC(96) Concurrent cleanup 5776M->716M(8192M) 0.070ms
[931.362s][info][gc,ergo     ] Free: 7063M, Max: 4096K regular, 5276M humongous, Frag: 26% external, 0% internal; Reserve: 412M, Max: 4096K
[931.362s][info][gc,stats    ] 
[931.362s][info][gc,stats    ] All times are wall-clock times, except per-root-class counters, that are sum over
[931.362s][info][gc,stats    ] all workers. Dividing the <total> over the root stage time estimates parallelism.
[931.362s][info][gc,stats    ] 
[931.362s][info][gc,stats    ] Concurrent Reset                  11710 us
[931.362s][info][gc,stats    ] Pause Init Mark (G)                 165 us
[931.362s][info][gc,stats    ] Pause Init Mark (N)                 109 us
[931.363s][info][gc,stats    ]   Update Region States               14 us
[931.363s][info][gc,stats    ] Concurrent Mark Roots              8167 us, parallelism: 1.96x
[931.363s][info][gc,stats    ]   CMR: <total>                    15969 us
[931.363s][info][gc,stats    ]   CMR: Thread Roots                1400 us, workers (us): 636, 764, ---, ---, 
[931.363s][info][gc,stats    ]   CMR: Code Cache Roots           13798 us, workers (us): 6589, 7209, ---, ---, 
[931.363s][info][gc,stats    ]   CMR: VM Strong Roots               13 us, workers (us):  13,   0, ---, ---, 
[931.363s][info][gc,stats    ]   CMR: CLDG Roots                   757 us, workers (us): 757, ---, ---, ---, 
[931.363s][info][gc,stats    ] Concurrent Marking               217952 us
[931.363s][info][gc,stats    ] Pause Final Mark (G)                342 us
[931.363s][info][gc,stats    ] Pause Final Mark (N)                326 us
[931.363s][info][gc,stats    ]   Finish Mark                        64 us
[931.363s][info][gc,stats    ]   Update Region States               43 us
[931.363s][info][gc,stats    ]   Choose Collection Set             138 us
[931.363s][info][gc,stats    ]   Rebuild Free Set                   10 us
[931.363s][info][gc,stats    ] Concurrent Thread Roots             833 us, parallelism: 1.80x
[931.363s][info][gc,stats    ]   CTR: <total>                     1500 us
[931.363s][info][gc,stats    ]   CTR: Thread Roots                1500 us, workers (us): 768, 732, ---, ---, 
[931.363s][info][gc,stats    ] Concurrent Weak References          576 us, parallelism: 0.91x
[931.363s][info][gc,stats    ]   CWRF: <total>                     522 us
[931.363s][info][gc,stats    ]   CWRF: Weak References             522 us, workers (us):  60, 462, ---, ---, 
[931.363s][info][gc,stats    ] Concurrent Weak Roots               945 us
[931.363s][info][gc,stats    ]   Roots                             881 us, parallelism: 1.76x
[931.363s][info][gc,stats    ]     CWR: <total>                   1551 us
[931.363s][info][gc,stats    ]     CWR: VM Weak Roots             1551 us, workers (us): 790, 760, ---, ---, 
[931.363s][info][gc,stats    ]   Rendezvous                         22 us
[931.363s][info][gc,stats    ] Concurrent Cleanup                   47 us
[931.363s][info][gc,stats    ] Concurrent Strong Roots            5570 us, parallelism: 1.96x
[931.363s][info][gc,stats    ]   CSR: <total>                    10894 us
[931.363s][info][gc,stats    ]   CSR: Code Cache Roots           10665 us, workers (us): 5224, 5441, ---, ---, 
[931.363s][info][gc,stats    ]   CSR: VM Strong Roots                6 us, workers (us):   6,   0, ---, ---, 
[931.363s][info][gc,stats    ]   CSR: CLDG Roots                   222 us, workers (us): 222, ---, ---, ---, 
[931.363s][info][gc,stats    ] Concurrent Evacuation             38006 us
[931.363s][info][gc,stats    ] Pause Init Update Refs (G)          149 us
[931.363s][info][gc,stats    ] Pause Init Update Refs (N)           61 us
[931.363s][info][gc,stats    ]   Manage GCLABs                       8 us
[931.363s][info][gc,stats    ] Concurrent Update Refs           135133 us
[931.363s][info][gc,stats    ] Concurrent Update Thread Roots     1378 us
[931.363s][info][gc,stats    ] Pause Final Update Refs (G)         223 us
[931.363s][info][gc,stats    ] Pause Final Update Refs (N)         151 us
[931.363s][info][gc,stats    ]   Update Region States               66 us
[931.363s][info][gc,stats    ]   Trash Collection Set               16 us
[931.363s][info][gc,stats    ]   Rebuild Free Set                   11 us
[931.363s][info][gc,stats    ] Concurrent Cleanup                   84 us
[931.363s][info][gc,stats    ] 
[931.363s][info][gc,stats    ] Allocation pacing accrued:
[931.363s][info][gc,stats    ]       0 of 10221 ms (  0.0%): <total>
[931.363s][info][gc,stats    ]       0 of 10221 ms (  0.0%): <average total>
[931.363s][info][gc,stats    ] 
[931.363s][info][gc,metaspace] Metaspace: 135924K(137344K)->135924K(137344K) NonClass: 114888K(115712K)->114888K(115712K) Class: 21035K(21632K)->21035K(21632K)
[931.363s][info][gc,ergo     ] Pacer for Idle. Initial: 163M, Alloc Tax Rate: 1.0x
[938.689s][info][gc          ] Trigger: Free (815M) is below minimum threshold (819M)
[938.689s][info][gc,ergo     ] Free: 815M, Max: 4096K regular, 540M humongous, Frag: 33% external, 0% internal; Reserve: 412M, Max: 4096K
[938.690s][info][gc,start    ] GC(97) Concurrent reset
[938.690s][info][gc,task     ] GC(97) Using 2 of 4 workers for concurrent reset
[938.690s][info][gc,ergo     ] GC(97) Pacer for Reset. Non-Taxable: 8192M
[938.711s][info][gc          ] GC(97) Concurrent reset 21.542ms
[938.711s][info][gc,start    ] GC(97) Pause Init Mark
[938.711s][info][gc,task     ] GC(97) Using 4 of 4 workers for init marking
[938.711s][info][gc,ergo     ] GC(97) Pacer for Mark. Expected Live: 446M, Free: 803M, Non-Taxable: 82301K, Alloc Tax Rate: 0.7x
[938.711s][info][gc          ] GC(97) Pause Init Mark 0.126ms
[938.711s][info][gc,start    ] GC(97) Concurrent marking roots
[938.711s][info][gc,task     ] GC(97) Using 2 of 4 workers for concurrent marking roots
[938.722s][info][gc          ] GC(97) Concurrent marking roots 10.730ms
[938.722s][info][gc,start    ] GC(97) Concurrent marking
[938.722s][info][gc,task     ] GC(97) Using 2 of 4 workers for concurrent marking
[938.934s][info][gc          ] GC(97) Concurrent marking 211.974ms
[938.934s][info][gc,start    ] GC(97) Pause Final Mark
[938.934s][info][gc,task     ] GC(97) Using 4 of 4 workers for final marking
[938.934s][info][gc,ergo     ] GC(97) Adaptive CSet Selection. Target Free: 1160M, Actual Free: 4839M, Max CSet: 341M, Min Garbage: 0B
[938.935s][info][gc,ergo     ] GC(97) Collectable Garbage: 6512M (99%), Immediate: 3795M (58%), CSet: 2716M (41%)
[938.935s][info][gc,ergo     ] GC(97) Pacer for Evacuation. Used CSet: 2776M, Free: 4439M, Non-Taxable: 443M, Alloc Tax Rate: 1.5x
[938.935s][info][gc          ] GC(97) Pause Final Mark 0.344ms
[938.935s][info][gc,start    ] GC(97) Concurrent thread roots
[938.935s][info][gc,task     ] GC(97) Using 2 of 4 workers for Concurrent thread roots
[938.935s][info][gc          ] GC(97) Concurrent thread roots 0.833ms
[938.935s][info][gc,start    ] GC(97) Concurrent weak references
[938.935s][info][gc,task     ] GC(97) Using 2 of 4 workers for concurrent weak references
[938.936s][info][gc,ref      ] GC(97) Encountered references: Soft: 6548, Weak: 23507, Final: 34, Phantom: 949
[938.936s][info][gc,ref      ] GC(97) Discovered  references: Soft: 0, Weak: 3537, Final: 0, Phantom: 730
[938.936s][info][gc,ref      ] GC(97) Enqueued    references: Soft: 0, Weak: 4, Final: 0, Phantom: 0
[938.936s][info][gc          ] GC(97) Concurrent weak references 0.301ms
[938.936s][info][gc,start    ] GC(97) Concurrent weak roots
[938.936s][info][gc,task     ] GC(97) Using 2 of 4 workers for concurrent weak root
[938.937s][info][gc          ] GC(97) Concurrent weak roots 1.026ms
[938.937s][info][gc,start    ] GC(97) Concurrent cleanup
[938.937s][info][gc          ] GC(97) Concurrent cleanup 7144M->3348M(8192M) 0.051ms
[938.937s][info][gc,ergo     ] GC(97) Free: 4431M, Max: 4096K regular, 540M humongous, Frag: 88% external, 0% internal; Reserve: 411M, Max: 4096K
[938.937s][info][gc,start    ] GC(97) Concurrent strong roots
[938.937s][info][gc,task     ] GC(97) Using 2 of 4 workers for concurrent strong root
[938.943s][info][gc          ] GC(97) Concurrent strong roots 6.520ms
[938.943s][info][gc,start    ] GC(97) Concurrent evacuation
[938.943s][info][gc,task     ] GC(97) Using 2 of 4 workers for concurrent evacuation
[938.974s][info][gc          ] GC(97) Concurrent evacuation 31.036ms
[938.975s][info][gc,start    ] GC(97) Pause Init Update Refs
[938.975s][info][gc,ergo     ] GC(97) Pacer for Update Refs. Used: 3420M, Free: 4423M, Non-Taxable: 442M, Alloc Tax Rate: 1.1x
[938.975s][info][gc          ] GC(97) Pause Init Update Refs 0.056ms
[938.975s][info][gc,start    ] GC(97) Concurrent update references
[938.975s][info][gc,task     ] GC(97) Using 2 of 4 workers for concurrent reference update
[939.104s][info][gc          ] GC(97) Concurrent update references 129.626ms
[939.104s][info][gc,start    ] GC(97) Concurrent update thread roots
[939.106s][info][gc          ] GC(97) Concurrent update thread roots 1.423ms
[939.106s][info][gc,start    ] GC(97) Pause Final Update Refs
[939.106s][info][gc,task     ] GC(97) Using 4 of 4 workers for final reference update
[939.106s][info][gc          ] GC(97) Pause Final Update Refs 0.089ms
[939.106s][info][gc,start    ] GC(97) Concurrent cleanup
[939.106s][info][gc          ] GC(97) Concurrent cleanup 3492M->716M(8192M) 0.054ms
[939.106s][info][gc,ergo     ] Free: 7063M, Max: 4096K regular, 5260M humongous, Frag: 26% external, 0% internal; Reserve: 412M, Max: 4096K
[939.106s][info][gc,stats    ] 
[939.106s][info][gc,stats    ] All times are wall-clock times, except per-root-class counters, that are sum over
[939.106s][info][gc,stats    ] all workers. Dividing the <total> over the root stage time estimates parallelism.
[939.106s][info][gc,stats    ] 
[939.106s][info][gc,stats    ] Concurrent Reset                  21643 us
[939.106s][info][gc,stats    ] Pause Init Mark (G)                 237 us
[939.106s][info][gc,stats    ] Pause Init Mark (N)                 138 us
[939.106s][info][gc,stats    ]   Update Region States               42 us
[939.106s][info][gc,stats    ] Concurrent Mark Roots             10780 us, parallelism: 1.94x
[939.106s][info][gc,stats    ]   CMR: <total>                    20910 us
[939.106s][info][gc,stats    ]   CMR: Thread Roots                1309 us, workers (us): 710, 599, ---, ---, 
[939.106s][info][gc,stats    ]   CMR: Code Cache Roots           18578 us, workers (us): 8736, 9842, ---, ---, 
[939.106s][info][gc,stats    ]   CMR: VM Strong Roots               21 us, workers (us):  10,  11, ---, ---, 
[939.106s][info][gc,stats    ]   CMR: CLDG Roots                  1002 us, workers (us): 1002, ---, ---, ---, 
[939.106s][info][gc,stats    ] Concurrent Marking               212017 us
[939.106s][info][gc,stats    ] Pause Final Mark (G)                405 us
[939.106s][info][gc,stats    ] Pause Final Mark (N)                355 us
[939.106s][info][gc,stats    ]   Finish Mark                       101 us
[939.106s][info][gc,stats    ]   Update Region States               68 us
[939.106s][info][gc,stats    ]   Choose Collection Set             107 us
[939.106s][info][gc,stats    ]   Rebuild Free Set                   11 us
[939.106s][info][gc,stats    ] Concurrent Thread Roots             849 us, parallelism: 1.81x
[939.106s][info][gc,stats    ]   CTR: <total>                     1541 us
[939.106s][info][gc,stats    ]   CTR: Thread Roots                1541 us, workers (us): 779, 763, ---, ---, 
[939.106s][info][gc,stats    ] Concurrent Weak References          311 us, parallelism: 1.27x
[939.106s][info][gc,stats    ]   CWRF: <total>                     395 us
[939.106s][info][gc,stats    ]   CWRF: Weak References             395 us, workers (us): 186, 210, ---, ---, 
[939.106s][info][gc,stats    ] Concurrent Weak Roots              1041 us
[939.106s][info][gc,stats    ]   Roots                             891 us, parallelism: 1.73x
[939.106s][info][gc,stats    ]     CWR: <total>                   1541 us
[939.106s][info][gc,stats    ]     CWR: VM Weak Roots             1541 us, workers (us): 784, 757, ---, ---, 
[939.106s][info][gc,stats    ]   Rendezvous                        115 us
[939.106s][info][gc,stats    ] Concurrent Cleanup                   63 us
[939.106s][info][gc,stats    ] Concurrent Strong Roots            6557 us, parallelism: 1.96x
[939.106s][info][gc,stats    ]   CSR: <total>                    12845 us
[939.106s][info][gc,stats    ]   CSR: Code Cache Roots           12547 us, workers (us): 6415, 6132, ---, ---, 
[939.106s][info][gc,stats    ]   CSR: VM Strong Roots                8 us, workers (us):   4,   4, ---, ---, 
[939.106s][info][gc,stats    ]   CSR: CLDG Roots                   290 us, workers (us): ---, 290, ---, ---, 
[939.106s][info][gc,stats    ] Concurrent Evacuation             31121 us
[939.106s][info][gc,stats    ] Pause Init Update Refs (G)           94 us
[939.106s][info][gc,stats    ] Pause Init Update Refs (N)           68 us
[939.106s][info][gc,stats    ]   Manage GCLABs                       8 us
[939.106s][info][gc,stats    ] Concurrent Update Refs           129674 us
[939.106s][info][gc,stats    ] Concurrent Update Thread Roots     1448 us
[939.106s][info][gc,stats    ] Pause Final Update Refs (G)         168 us
[939.107s][info][gc,stats    ] Pause Final Update Refs (N)         118 us
[939.107s][info][gc,stats    ]   Update Region States               36 us
[939.107s][info][gc,stats    ]   Trash Collection Set               12 us
[939.107s][info][gc,stats    ]   Rebuild Free Set                   12 us
[939.107s][info][gc,stats    ] Concurrent Cleanup                   68 us
[939.107s][info][gc,stats    ] 
[939.107s][info][gc,stats    ] Allocation pacing accrued:
[939.107s][info][gc,stats    ]       0 of  7744 ms (  0.0%): <total>
[939.107s][info][gc,stats    ]       0 of  7744 ms (  0.0%): <average total>
[939.107s][info][gc,stats    ] 
[939.107s][info][gc,metaspace] Metaspace: 135926K(137344K)->135926K(137344K) NonClass: 114891K(115712K)->114891K(115712K) Class: 21035K(21632K)->21035K(21632K)
[939.107s][info][gc,ergo     ] Pacer for Idle. Initial: 163M, Alloc Tax Rate: 1.0x
[950.841s][info][gc          ] Trigger: Free (815M) is below minimum threshold (819M)
[950.841s][info][gc,ergo     ] Free: 815M, Max: 4096K regular, 552M humongous, Frag: 32% external, 0% internal; Reserve: 412M, Max: 4096K
[950.841s][info][gc,start    ] GC(98) Concurrent reset
[950.841s][info][gc,task     ] GC(98) Using 2 of 4 workers for concurrent reset
[950.841s][info][gc,ergo     ] GC(98) Pacer for Reset. Non-Taxable: 8192M
[950.850s][info][gc          ] GC(98) Concurrent reset 8.254ms
[950.850s][info][gc,start    ] GC(98) Pause Init Mark
[950.850s][info][gc,task     ] GC(98) Using 4 of 4 workers for init marking
[950.850s][info][gc,ergo     ] GC(98) Pacer for Mark. Expected Live: 443M, Free: 811M, Non-Taxable: 83072K, Alloc Tax Rate: 0.7x
[950.850s][info][gc          ] GC(98) Pause Init Mark 0.130ms
[950.850s][info][gc,start    ] GC(98) Concurrent marking roots
[950.850s][info][gc,task     ] GC(98) Using 2 of 4 workers for concurrent marking roots
[950.858s][info][gc          ] GC(98) Concurrent marking roots 7.792ms
[950.858s][info][gc,start    ] GC(98) Concurrent marking
[950.858s][info][gc,task     ] GC(98) Using 2 of 4 workers for concurrent marking
[951.074s][info][gc          ] GC(98) Concurrent marking 216.870ms
[951.075s][info][gc,start    ] GC(98) Pause Final Mark
[951.075s][info][gc,task     ] GC(98) Using 4 of 4 workers for final marking
[951.075s][info][gc,ergo     ] GC(98) Adaptive CSet Selection. Target Free: 1160M, Actual Free: 2436M, Max CSet: 341M, Min Garbage: 0B
[951.075s][info][gc,ergo     ] GC(98) Collectable Garbage: 6492M (99%), Immediate: 1392M (21%), CSet: 5100M (78%)
[951.075s][info][gc,ergo     ] GC(98) Pacer for Evacuation. Used CSet: 5176M, Free: 2031M, Non-Taxable: 203M, Alloc Tax Rate: 6.2x
[951.075s][info][gc          ] GC(98) Pause Final Mark 0.334ms
[951.075s][info][gc,start    ] GC(98) Concurrent thread roots
[951.075s][info][gc,task     ] GC(98) Using 2 of 4 workers for Concurrent thread roots
[951.076s][info][gc          ] GC(98) Concurrent thread roots 0.860ms
[951.076s][info][gc,start    ] GC(98) Concurrent weak references
[951.076s][info][gc,task     ] GC(98) Using 2 of 4 workers for concurrent weak references
[951.076s][info][gc,ref      ] GC(98) Encountered references: Soft: 6548, Weak: 23508, Final: 34, Phantom: 955
[951.076s][info][gc,ref      ] GC(98) Discovered  references: Soft: 0, Weak: 2393, Final: 1, Phantom: 735
[951.076s][info][gc,ref      ] GC(98) Enqueued    references: Soft: 0, Weak: 3, Final: 0, Phantom: 0
[951.076s][info][gc          ] GC(98) Concurrent weak references 0.259ms
[951.076s][info][gc,start    ] GC(98) Concurrent weak roots
[951.076s][info][gc,task     ] GC(98) Using 2 of 4 workers for concurrent weak root
[951.077s][info][gc          ] GC(98) Concurrent weak roots 1.011ms
[951.077s][info][gc,start    ] GC(98) Concurrent cleanup
[951.077s][info][gc          ] GC(98) Concurrent cleanup 7151M->5759M(8192M) 0.043ms
[951.077s][info][gc,ergo     ] GC(98) Free: 2021M, Max: 4096K regular, 552M humongous, Frag: 73% external, 0% internal; Reserve: 411M, Max: 4096K
[951.077s][info][gc,start    ] GC(98) Concurrent strong roots
[951.077s][info][gc,task     ] GC(98) Using 2 of 4 workers for concurrent strong root
[951.084s][info][gc          ] GC(98) Concurrent strong roots 6.584ms
[951.084s][info][gc,start    ] GC(98) Concurrent evacuation
[951.084s][info][gc,task     ] GC(98) Using 2 of 4 workers for concurrent evacuation
[951.128s][info][gc          ] GC(98) Concurrent evacuation 44.393ms
[951.128s][info][gc,start    ] GC(98) Pause Init Update Refs
[951.128s][info][gc,ergo     ] GC(98) Pacer for Update Refs. Used: 5882M, Free: 1977M, Non-Taxable: 197M, Alloc Tax Rate: 3.6x
[951.128s][info][gc          ] GC(98) Pause Init Update Refs 0.044ms
[951.128s][info][gc,start    ] GC(98) Concurrent update references
[951.128s][info][gc,task     ] GC(98) Using 2 of 4 workers for concurrent reference update
[951.274s][info][gc          ] GC(98) Concurrent update references 145.308ms
[951.274s][info][gc,start    ] GC(98) Concurrent update thread roots
[951.275s][info][gc          ] GC(98) Concurrent update thread roots 1.392ms
[951.275s][info][gc,start    ] GC(98) Pause Final Update Refs
[951.275s][info][gc,task     ] GC(98) Using 4 of 4 workers for final reference update
[951.275s][info][gc          ] GC(98) Pause Final Update Refs 0.108ms
[951.275s][info][gc,start    ] GC(98) Concurrent cleanup
[951.275s][info][gc          ] GC(98) Concurrent cleanup 5950M->774M(8192M) 0.073ms
[951.275s][info][gc,ergo     ] Free: 7005M, Max: 4096K regular, 5240M humongous, Frag: 26% external, 0% internal; Reserve: 412M, Max: 4096K
[951.275s][info][gc,stats    ] 
[951.275s][info][gc,stats    ] All times are wall-clock times, except per-root-class counters, that are sum over
[951.275s][info][gc,stats    ] all workers. Dividing the <total> over the root stage time estimates parallelism.
[951.275s][info][gc,stats    ] 
[951.275s][info][gc,stats    ] Concurrent Reset                   8317 us
[951.275s][info][gc,stats    ] Pause Init Mark (G)                 174 us
[951.275s][info][gc,stats    ] Pause Init Mark (N)                 143 us
[951.275s][info][gc,stats    ]   Update Region States               59 us
[951.276s][info][gc,stats    ] Concurrent Mark Roots              7813 us, parallelism: 1.95x
[951.276s][info][gc,stats    ]   CMR: <total>                    15256 us
[951.276s][info][gc,stats    ]   CMR: Thread Roots                1438 us, workers (us): 725, 712, ---, ---, 
[951.276s][info][gc,stats    ]   CMR: Code Cache Roots           13133 us, workers (us): 6235, 6898, ---, ---, 
[951.276s][info][gc,stats    ]   CMR: VM Strong Roots               14 us, workers (us):  14,   0, ---, ---, 
[951.276s][info][gc,stats    ]   CMR: CLDG Roots                   672 us, workers (us): 672, ---, ---, ---, 
[951.276s][info][gc,stats    ] Concurrent Marking               216911 us
[951.276s][info][gc,stats    ] Pause Final Mark (G)                395 us
[951.276s][info][gc,stats    ] Pause Final Mark (N)                345 us
[951.276s][info][gc,stats    ]   Finish Mark                        75 us
[951.276s][info][gc,stats    ]   Update Region States               42 us
[951.276s][info][gc,stats    ]   Choose Collection Set             151 us
[951.276s][info][gc,stats    ]   Rebuild Free Set                   10 us
[951.276s][info][gc,stats    ] Concurrent Thread Roots             880 us, parallelism: 1.82x
[951.276s][info][gc,stats    ]   CTR: <total>                     1602 us
[951.276s][info][gc,stats    ]   CTR: Thread Roots                1602 us, workers (us): 808, 794, ---, ---, 
[951.276s][info][gc,stats    ] Concurrent Weak References          269 us, parallelism: 0.92x
[951.276s][info][gc,stats    ]   CWRF: <total>                     247 us
[951.276s][info][gc,stats    ]   CWRF: Weak References             247 us, workers (us): 189,  58, ---, ---, 
[951.276s][info][gc,stats    ] Concurrent Weak Roots              1032 us
[951.276s][info][gc,stats    ]   Roots                             928 us, parallelism: 1.76x
[951.276s][info][gc,stats    ]     CWR: <total>                   1630 us
[951.276s][info][gc,stats    ]     CWR: VM Weak Roots             1630 us, workers (us): 831, 799, ---, ---, 
[951.276s][info][gc,stats    ]   Rendezvous                         62 us
[951.276s][info][gc,stats    ] Concurrent Cleanup                   56 us
[951.276s][info][gc,stats    ] Concurrent Strong Roots            6610 us, parallelism: 1.94x
[951.276s][info][gc,stats    ]   CSR: <total>                    12854 us
[951.276s][info][gc,stats    ]   CSR: Code Cache Roots           12545 us, workers (us): 6122, 6423, ---, ---, 
[951.276s][info][gc,stats    ]   CSR: VM Strong Roots               10 us, workers (us):  10,   0, ---, ---, 
[951.276s][info][gc,stats    ]   CSR: CLDG Roots                   298 us, workers (us): 298, ---, ---, ---, 
[951.276s][info][gc,stats    ] Concurrent Evacuation             44441 us
[951.276s][info][gc,stats    ] Pause Init Update Refs (G)          105 us
[951.276s][info][gc,stats    ] Pause Init Update Refs (N)           55 us
[951.276s][info][gc,stats    ]   Manage GCLABs                       6 us
[951.276s][info][gc,stats    ] Concurrent Update Refs           145351 us
[951.276s][info][gc,stats    ] Concurrent Update Thread Roots     1406 us
[951.276s][info][gc,stats    ] Pause Final Update Refs (G)         220 us
[951.276s][info][gc,stats    ] Pause Final Update Refs (N)         134 us
[951.276s][info][gc,stats    ]   Update Region States               44 us
[951.276s][info][gc,stats    ]   Trash Collection Set               13 us
[951.276s][info][gc,stats    ]   Rebuild Free Set                   12 us
[951.276s][info][gc,stats    ] Concurrent Cleanup                   87 us
[951.276s][info][gc,stats    ] 
[951.276s][info][gc,stats    ] Allocation pacing accrued:
[951.276s][info][gc,stats    ]       0 of 12169 ms (  0.0%): <total>
[951.276s][info][gc,stats    ]       0 of 12169 ms (  0.0%): <average total>
[951.276s][info][gc,stats    ] 
[951.276s][info][gc,metaspace] Metaspace: 135927K(137344K)->135927K(137344K) NonClass: 114891K(115712K)->114891K(115712K) Class: 21035K(21632K)->21035K(21632K)
[951.276s][info][gc,ergo     ] Pacer for Idle. Initial: 163M, Alloc Tax Rate: 1.0x
[960.087s][info][gc          ] Trigger: Free (817M) is below minimum threshold (819M)
[960.087s][info][gc,ergo     ] Free: 817M, Max: 4096K regular, 540M humongous, Frag: 34% external, 0% internal; Reserve: 412M, Max: 4096K
[960.087s][info][gc,start    ] GC(99) Concurrent reset
[960.087s][info][gc,task     ] GC(99) Using 2 of 4 workers for concurrent reset
[960.087s][info][gc,ergo     ] GC(99) Pacer for Reset. Non-Taxable: 8192M
[960.110s][info][gc          ] GC(99) Concurrent reset 22.384ms
[960.110s][info][gc,start    ] GC(99) Pause Init Mark
[960.110s][info][gc,task     ] GC(99) Using 4 of 4 workers for init marking
[960.110s][info][gc,ergo     ] GC(99) Pacer for Mark. Expected Live: 444M, Free: 793M, Non-Taxable: 81205K, Alloc Tax Rate: 0.7x
[960.110s][info][gc          ] GC(99) Pause Init Mark 0.134ms
[960.110s][info][gc,start    ] GC(99) Concurrent marking roots
[960.110s][info][gc,task     ] GC(99) Using 2 of 4 workers for concurrent marking roots
[960.125s][info][gc          ] GC(99) Concurrent marking roots 15.355ms
[960.125s][info][gc,start    ] GC(99) Concurrent marking
[960.125s][info][gc,task     ] GC(99) Using 2 of 4 workers for concurrent marking
[960.348s][info][gc          ] GC(99) Concurrent marking 222.244ms
[960.348s][info][gc,start    ] GC(99) Pause Final Mark
[960.348s][info][gc,task     ] GC(99) Using 4 of 4 workers for final marking
[960.348s][info][gc,ergo     ] GC(99) Adaptive CSet Selection. Target Free: 1160M, Actual Free: 2888M, Max CSet: 341M, Min Garbage: 0B
[960.348s][info][gc,ergo     ] GC(99) Collectable Garbage: 6481M (99%), Immediate: 1832M (28%), CSet: 4649M (71%)
[960.348s][info][gc,ergo     ] GC(99) Pacer for Evacuation. Used CSet: 4754M, Free: 2483M, Non-Taxable: 248M, Alloc Tax Rate: 4.7x
[960.348s][info][gc          ] GC(99) Pause Final Mark 0.323ms
[960.348s][info][gc,start    ] GC(99) Concurrent thread roots
[960.348s][info][gc,task     ] GC(99) Using 2 of 4 workers for Concurrent thread roots
[960.349s][info][gc          ] GC(99) Concurrent thread roots 0.826ms
[960.349s][info][gc,start    ] GC(99) Concurrent weak references
[960.349s][info][gc,task     ] GC(99) Using 2 of 4 workers for concurrent weak references
[960.349s][info][gc,ref      ] GC(99) Encountered references: Soft: 6548, Weak: 23506, Final: 34, Phantom: 955
[960.349s][info][gc,ref      ] GC(99) Discovered  references: Soft: 0, Weak: 11848, Final: 1, Phantom: 826
[960.349s][info][gc,ref      ] GC(99) Enqueued    references: Soft: 0, Weak: 1, Final: 0, Phantom: 0
[960.349s][info][gc          ] GC(99) Concurrent weak references 0.615ms
[960.349s][info][gc,start    ] GC(99) Concurrent weak roots
[960.349s][info][gc,task     ] GC(99) Using 2 of 4 workers for concurrent weak root
[960.350s][info][gc          ] GC(99) Concurrent weak roots 1.005ms
[960.350s][info][gc,start    ] GC(99) Concurrent cleanup
[960.350s][info][gc          ] GC(99) Concurrent cleanup 7135M->5303M(8192M) 0.036ms
[960.350s][info][gc,ergo     ] GC(99) Free: 2475M, Max: 4096K regular, 540M humongous, Frag: 79% external, 0% internal; Reserve: 411M, Max: 4096K
[960.350s][info][gc,start    ] GC(99) Concurrent strong roots
[960.350s][info][gc,task     ] GC(99) Using 2 of 4 workers for concurrent strong root
[960.357s][info][gc          ] GC(99) Concurrent strong roots 6.276ms
[960.357s][info][gc,start    ] GC(99) Concurrent evacuation
[960.357s][info][gc,task     ] GC(99) Using 2 of 4 workers for concurrent evacuation
[960.407s][info][gc          ] GC(99) Concurrent evacuation 50.002ms
[960.407s][info][gc,start    ] GC(99) Pause Init Update Refs
[960.407s][info][gc,ergo     ] GC(99) Pacer for Update Refs. Used: 5463M, Free: 2423M, Non-Taxable: 242M, Alloc Tax Rate: 2.8x
[960.407s][info][gc          ] GC(99) Pause Init Update Refs 0.044ms
[960.407s][info][gc,start    ] GC(99) Concurrent update references
[960.407s][info][gc,task     ] GC(99) Using 2 of 4 workers for concurrent reference update
[960.554s][info][gc          ] GC(99) Concurrent update references 146.622ms
[960.554s][info][gc,start    ] GC(99) Concurrent update thread roots
[960.555s][info][gc          ] GC(99) Concurrent update thread roots 1.395ms
[960.555s][info][gc,start    ] GC(99) Pause Final Update Refs
[960.555s][info][gc,task     ] GC(99) Using 4 of 4 workers for final reference update
[960.555s][info][gc          ] GC(99) Pause Final Update Refs 0.096ms
[960.555s][info][gc,start    ] GC(99) Concurrent cleanup
[960.555s][info][gc          ] GC(99) Concurrent cleanup 5607M->852M(8192M) 0.060ms
[960.555s][info][gc,ergo     ] Free: 6927M, Max: 4096K regular, 5232M humongous, Frag: 25% external, 0% internal; Reserve: 412M, Max: 4096K
[960.555s][info][gc,stats    ] 
[960.555s][info][gc,stats    ] All times are wall-clock times, except per-root-class counters, that are sum over
[960.555s][info][gc,stats    ] all workers. Dividing the <total> over the root stage time estimates parallelism.
[960.555s][info][gc,stats    ] 
[960.555s][info][gc,stats    ] Concurrent Reset                  22451 us
[960.555s][info][gc,stats    ] Pause Init Mark (G)                 194 us
[960.555s][info][gc,stats    ] Pause Init Mark (N)                 146 us
[960.555s][info][gc,stats    ]   Update Region States               60 us
[960.555s][info][gc,stats    ] Concurrent Mark Roots             15415 us, parallelism: 1.96x
[960.555s][info][gc,stats    ]   CMR: <total>                    30238 us
[960.555s][info][gc,stats    ]   CMR: Thread Roots                1999 us, workers (us): 936, 1063, ---, ---, 
[960.555s][info][gc,stats    ]   CMR: Code Cache Roots           26783 us, workers (us): 12745, 14038, ---, ---, 
[960.555s][info][gc,stats    ]   CMR: VM Strong Roots               27 us, workers (us):  14,  14, ---, ---, 
[960.555s][info][gc,stats    ]   CMR: CLDG Roots                  1429 us, workers (us): 1429, ---, ---, ---, 
[960.555s][info][gc,stats    ] Concurrent Marking               222293 us
[960.555s][info][gc,stats    ] Pause Final Mark (G)                372 us
[960.555s][info][gc,stats    ] Pause Final Mark (N)                334 us
[960.556s][info][gc,stats    ]   Finish Mark                        69 us
[960.556s][info][gc,stats    ]   Update Region States               42 us
[960.556s][info][gc,stats    ]   Choose Collection Set             145 us
[960.556s][info][gc,stats    ]   Rebuild Free Set                   11 us
[960.556s][info][gc,stats    ] Concurrent Thread Roots             844 us, parallelism: 1.83x
[960.556s][info][gc,stats    ]   CTR: <total>                     1544 us
[960.556s][info][gc,stats    ]   CTR: Thread Roots                1544 us, workers (us): 777, 766, ---, ---, 
[960.556s][info][gc,stats    ] Concurrent Weak References          625 us, parallelism: 0.92x
[960.556s][info][gc,stats    ]   CWRF: <total>                     576 us
[960.556s][info][gc,stats    ]   CWRF: Weak References             576 us, workers (us): 550,  25, ---, ---, 
[960.556s][info][gc,stats    ] Concurrent Weak Roots              1020 us
[960.556s][info][gc,stats    ]   Roots                             962 us, parallelism: 1.66x
[960.556s][info][gc,stats    ]     CWR: <total>                   1599 us
[960.556s][info][gc,stats    ]     CWR: VM Weak Roots             1599 us, workers (us): 815, 784, ---, ---, 
[960.556s][info][gc,stats    ]   Rendezvous                         22 us
[960.556s][info][gc,stats    ] Concurrent Cleanup                   48 us
[960.556s][info][gc,stats    ] Concurrent Strong Roots            6310 us, parallelism: 1.96x
[960.556s][info][gc,stats    ]   CSR: <total>                    12343 us
[960.556s][info][gc,stats    ]   CSR: Code Cache Roots           12074 us, workers (us): 5910, 6164, ---, ---, 
[960.556s][info][gc,stats    ]   CSR: VM Strong Roots                9 us, workers (us):   5,   4, ---, ---, 
[960.556s][info][gc,stats    ]   CSR: CLDG Roots                   260 us, workers (us): 260, ---, ---, ---, 
[960.556s][info][gc,stats    ] Concurrent Evacuation             50041 us
[960.556s][info][gc,stats    ] Pause Init Update Refs (G)          118 us
[960.556s][info][gc,stats    ] Pause Init Update Refs (N)           56 us
[960.556s][info][gc,stats    ]   Manage GCLABs                       6 us
[960.556s][info][gc,stats    ] Concurrent Update Refs           146663 us
[960.556s][info][gc,stats    ] Concurrent Update Thread Roots     1412 us
[960.556s][info][gc,stats    ] Pause Final Update Refs (G)         137 us
[960.556s][info][gc,stats    ] Pause Final Update Refs (N)         111 us
[960.556s][info][gc,stats    ]   Update Region States               29 us
[960.556s][info][gc,stats    ]   Trash Collection Set               15 us
[960.556s][info][gc,stats    ]   Rebuild Free Set                   12 us
[960.556s][info][gc,stats    ] Concurrent Cleanup                   77 us
[960.556s][info][gc,stats    ] 
[960.556s][info][gc,stats    ] Allocation pacing accrued:
[960.556s][info][gc,stats    ]       0 of  9280 ms (  0.0%): <total>
[960.556s][info][gc,stats    ]       0 of  9280 ms (  0.0%): <average total>
[960.556s][info][gc,stats    ] 
[960.556s][info][gc,metaspace] Metaspace: 135927K(137344K)->135927K(137344K) NonClass: 114891K(115712K)->114891K(115712K) Class: 21035K(21632K)->21035K(21632K)
[960.556s][info][gc,ergo     ] Pacer for Idle. Initial: 163M, Alloc Tax Rate: 1.0x
[969.894s][info][gc          ] Trigger: Free (815M) is below minimum threshold (819M)
[969.895s][info][gc,ergo     ] Free: 815M, Max: 4096K regular, 512M humongous, Frag: 37% external, 0% internal; Reserve: 412M, Max: 4096K
[969.895s][info][gc,start    ] GC(100) Concurrent reset
[969.895s][info][gc,task     ] GC(100) Using 2 of 4 workers for concurrent reset
[969.895s][info][gc,ergo     ] GC(100) Pacer for Reset. Non-Taxable: 8192M
[969.910s][info][gc          ] GC(100) Concurrent reset 15.962ms
[969.911s][info][gc,start    ] GC(100) Pause Init Mark
[969.911s][info][gc,task     ] GC(100) Using 4 of 4 workers for init marking
[969.911s][info][gc,ergo     ] GC(100) Pacer for Mark. Expected Live: 446M, Free: 811M, Non-Taxable: 83091K, Alloc Tax Rate: 0.7x
[969.911s][info][gc          ] GC(100) Pause Init Mark 0.103ms
[969.911s][info][gc,start    ] GC(100) Concurrent marking roots
[969.911s][info][gc,task     ] GC(100) Using 2 of 4 workers for concurrent marking roots
[969.920s][info][gc          ] GC(100) Concurrent marking roots 9.407ms
[969.920s][info][gc,start    ] GC(100) Concurrent marking
[969.920s][info][gc,task     ] GC(100) Using 2 of 4 workers for concurrent marking
[970.137s][info][gc          ] GC(100) Concurrent marking 216.474ms
[970.137s][info][gc,start    ] GC(100) Pause Final Mark
[970.137s][info][gc,task     ] GC(100) Using 4 of 4 workers for final marking
[970.137s][info][gc,ergo     ] GC(100) Adaptive CSet Selection. Target Free: 1160M, Actual Free: 3156M, Max CSet: 341M, Min Garbage: 0B
[970.137s][info][gc,ergo     ] GC(100) Collectable Garbage: 6503M (99%), Immediate: 2076M (31%), CSet: 4426M (67%)
[970.137s][info][gc,ergo     ] GC(100) Pacer for Evacuation. Used CSet: 4488M, Free: 2755M, Non-Taxable: 275M, Alloc Tax Rate: 4.0x
[970.137s][info][gc          ] GC(100) Pause Final Mark 0.419ms
[970.137s][info][gc,start    ] GC(100) Concurrent thread roots
[970.137s][info][gc,task     ] GC(100) Using 2 of 4 workers for Concurrent thread roots
[970.138s][info][gc          ] GC(100) Concurrent thread roots 0.949ms
[970.138s][info][gc,start    ] GC(100) Concurrent weak references
[970.138s][info][gc,task     ] GC(100) Using 2 of 4 workers for concurrent weak references
[970.139s][info][gc,ref      ] GC(100) Encountered references: Soft: 6548, Weak: 23510, Final: 34, Phantom: 958
[970.139s][info][gc,ref      ] GC(100) Discovered  references: Soft: 0, Weak: 12492, Final: 0, Phantom: 829
[970.139s][info][gc,ref      ] GC(100) Enqueued    references: Soft: 0, Weak: 4, Final: 0, Phantom: 0
[970.139s][info][gc          ] GC(100) Concurrent weak references 0.643ms
[970.139s][info][gc,start    ] GC(100) Concurrent weak roots
[970.139s][info][gc,task     ] GC(100) Using 2 of 4 workers for concurrent weak root
[970.140s][info][gc          ] GC(100) Concurrent weak roots 0.960ms
[970.140s][info][gc,start    ] GC(100) Concurrent cleanup
[970.140s][info][gc          ] GC(100) Concurrent cleanup 7109M->5032M(8192M) 0.046ms
[970.140s][info][gc,ergo     ] GC(100) Free: 2747M, Max: 4096K regular, 524M humongous, Frag: 81% external, 0% internal; Reserve: 411M, Max: 4096K
[970.140s][info][gc,start    ] GC(100) Concurrent strong roots
[970.140s][info][gc,task     ] GC(100) Using 2 of 4 workers for concurrent strong root
[970.146s][info][gc          ] GC(100) Concurrent strong roots 6.140ms
[970.146s][info][gc,start    ] GC(100) Concurrent evacuation
[970.146s][info][gc,task     ] GC(100) Using 2 of 4 workers for concurrent evacuation
[970.177s][info][gc          ] GC(100) Concurrent evacuation 31.372ms
[970.177s][info][gc,start    ] GC(100) Pause Init Update Refs
[970.178s][info][gc,ergo     ] GC(100) Pacer for Update Refs. Used: 5112M, Free: 2735M, Non-Taxable: 273M, Alloc Tax Rate: 2.3x
[970.178s][info][gc          ] GC(100) Pause Init Update Refs 0.043ms
[970.178s][info][gc,start    ] GC(100) Concurrent update references
[970.178s][info][gc,task     ] GC(100) Using 2 of 4 workers for concurrent reference update
[970.307s][info][gc          ] GC(100) Concurrent update references 129.581ms
[970.307s][info][gc,start    ] GC(100) Concurrent update thread roots
[970.308s][info][gc          ] GC(100) Concurrent update thread roots 1.288ms
[970.309s][info][gc,start    ] GC(100) Pause Final Update Refs
[970.309s][info][gc,task     ] GC(100) Using 4 of 4 workers for final reference update
[970.309s][info][gc          ] GC(100) Pause Final Update Refs 0.120ms
[970.309s][info][gc,start    ] GC(100) Concurrent cleanup
[970.309s][info][gc          ] GC(100) Concurrent cleanup 5180M->692M(8192M) 0.066ms
[970.309s][info][gc,ergo     ] Free: 7087M, Max: 4096K regular, 5220M humongous, Frag: 27% external, 0% internal; Reserve: 412M, Max: 4096K
[970.309s][info][gc,stats    ] 
[970.309s][info][gc,stats    ] All times are wall-clock times, except per-root-class counters, that are sum over
[970.309s][info][gc,stats    ] all workers. Dividing the <total> over the root stage time estimates parallelism.
[970.309s][info][gc,stats    ] 
[970.309s][info][gc,stats    ] Concurrent Reset                  16013 us
[970.309s][info][gc,stats    ] Pause Init Mark (G)                 169 us
[970.309s][info][gc,stats    ] Pause Init Mark (N)                 116 us
[970.309s][info][gc,stats    ]   Update Region States               25 us
[970.309s][info][gc,stats    ] Concurrent Mark Roots              9435 us, parallelism: 1.92x
[970.309s][info][gc,stats    ]   CMR: <total>                    18113 us
[970.309s][info][gc,stats    ]   CMR: Thread Roots                1699 us, workers (us): 847, 852, ---, ---, 
[970.309s][info][gc,stats    ]   CMR: Code Cache Roots           14834 us, workers (us): 6643, 8192, ---, ---, 
[970.309s][info][gc,stats    ]   CMR: VM Strong Roots               33 us, workers (us):  32,   0, ---, ---, 
[970.309s][info][gc,stats    ]   CMR: CLDG Roots                  1547 us, workers (us): 1547, ---, ---, ---, 
[970.309s][info][gc,stats    ] Concurrent Marking               216521 us
[970.309s][info][gc,stats    ] Pause Final Mark (G)                495 us
[970.309s][info][gc,stats    ] Pause Final Mark (N)                430 us
[970.309s][info][gc,stats    ]   Finish Mark                       109 us
[970.309s][info][gc,stats    ]   Update Region States               79 us
[970.309s][info][gc,stats    ]   Choose Collection Set             155 us
[970.309s][info][gc,stats    ]   Rebuild Free Set                   11 us
[970.309s][info][gc,stats    ] Concurrent Thread Roots             971 us, parallelism: 1.72x
[970.309s][info][gc,stats    ]   CTR: <total>                     1670 us
[970.309s][info][gc,stats    ]   CTR: Thread Roots                1670 us, workers (us): 842, 828, ---, ---, 
[970.309s][info][gc,stats    ] Concurrent Weak References          654 us, parallelism: 1.03x
[970.309s][info][gc,stats    ]   CWRF: <total>                     672 us
[970.309s][info][gc,stats    ]   CWRF: Weak References             672 us, workers (us): 492, 180, ---, ---, 
[970.309s][info][gc,stats    ] Concurrent Weak Roots               981 us
[970.309s][info][gc,stats    ]   Roots                             877 us, parallelism: 1.74x
[970.309s][info][gc,stats    ]     CWR: <total>                   1523 us
[970.309s][info][gc,stats    ]     CWR: VM Weak Roots             1523 us, workers (us): 760, 763, ---, ---, 
[970.309s][info][gc,stats    ]   Rendezvous                         60 us
[970.309s][info][gc,stats    ] Concurrent Cleanup                   60 us
[970.309s][info][gc,stats    ] Concurrent Strong Roots            6172 us, parallelism: 1.95x
[970.309s][info][gc,stats    ]   CSR: <total>                    12051 us
[970.309s][info][gc,stats    ]   CSR: Code Cache Roots           11783 us, workers (us): 6024, 5759, ---, ---, 
[970.309s][info][gc,stats    ]   CSR: VM Strong Roots                8 us, workers (us):   4,   4, ---, ---, 
[970.309s][info][gc,stats    ]   CSR: CLDG Roots                   260 us, workers (us): ---, 260, ---, ---, 
[970.309s][info][gc,stats    ] Concurrent Evacuation             31414 us
[970.309s][info][gc,stats    ] Pause Init Update Refs (G)          120 us
[970.309s][info][gc,stats    ] Pause Init Update Refs (N)           59 us
[970.309s][info][gc,stats    ]   Manage GCLABs                       5 us
[970.309s][info][gc,stats    ] Concurrent Update Refs           129624 us
[970.309s][info][gc,stats    ] Concurrent Update Thread Roots     1312 us
[970.309s][info][gc,stats    ] Pause Final Update Refs (G)         212 us
[970.309s][info][gc,stats    ] Pause Final Update Refs (N)         145 us
[970.309s][info][gc,stats    ]   Update Region States               55 us
[970.309s][info][gc,stats    ]   Trash Collection Set               14 us
[970.309s][info][gc,stats    ]   Rebuild Free Set                   11 us
[970.309s][info][gc,stats    ] Concurrent Cleanup                   80 us
[970.309s][info][gc,stats    ] 
[970.309s][info][gc,stats    ] Allocation pacing accrued:
[970.309s][info][gc,stats    ]       0 of  9753 ms (  0.0%): <total>
[970.309s][info][gc,stats    ]       0 of  9753 ms (  0.0%): <average total>
[970.309s][info][gc,stats    ] 
[970.309s][info][gc,metaspace] Metaspace: 135933K(137344K)->135933K(137344K) NonClass: 114897K(115712K)->114897K(115712K) Class: 21035K(21632K)->21035K(21632K)
[970.309s][info][gc,ergo     ] Pacer for Idle. Initial: 163M, Alloc Tax Rate: 1.0x
[978.881s][info][gc          ] Trigger: Free (819M) is below minimum threshold (819M)
[978.881s][info][gc,ergo     ] Free: 819M, Max: 4096K regular, 548M humongous, Frag: 32% external, 0% internal; Reserve: 412M, Max: 4096K
[978.881s][info][gc,start    ] GC(101) Concurrent reset
[978.881s][info][gc,task     ] GC(101) Using 2 of 4 workers for concurrent reset
[978.881s][info][gc,ergo     ] GC(101) Pacer for Reset. Non-Taxable: 8192M
[978.897s][info][gc          ] GC(101) Concurrent reset 15.559ms
[978.897s][info][gc,start    ] GC(101) Pause Init Mark
[978.897s][info][gc,task     ] GC(101) Using 4 of 4 workers for init marking
[978.897s][info][gc,ergo     ] GC(101) Pacer for Mark. Expected Live: 444M, Free: 811M, Non-Taxable: 83086K, Alloc Tax Rate: 0.7x
[978.897s][info][gc          ] GC(101) Pause Init Mark 0.108ms
[978.897s][info][gc,start    ] GC(101) Concurrent marking roots
[978.897s][info][gc,task     ] GC(101) Using 2 of 4 workers for concurrent marking roots
[978.906s][info][gc          ] GC(101) Concurrent marking roots 8.760ms
[978.906s][info][gc,start    ] GC(101) Concurrent marking
[978.906s][info][gc,task     ] GC(101) Using 2 of 4 workers for concurrent marking
[979.133s][info][gc          ] GC(101) Concurrent marking 226.762ms
[979.133s][info][gc,start    ] GC(101) Pause Final Mark
[979.133s][info][gc,task     ] GC(101) Using 4 of 4 workers for final marking
[979.133s][info][gc,ergo     ] GC(101) Adaptive CSet Selection. Target Free: 1160M, Actual Free: 2568M, Max CSet: 341M, Min Garbage: 0B
[979.133s][info][gc,ergo     ] GC(101) Collectable Garbage: 6472M (99%), Immediate: 1592M (24%), CSet: 4880M (75%)
[979.133s][info][gc,ergo     ] GC(101) Pacer for Evacuation. Used CSet: 4971M, Free: 2163M, Non-Taxable: 216M, Alloc Tax Rate: 5.6x
[979.133s][info][gc          ] GC(101) Pause Final Mark 0.355ms
[979.133s][info][gc,start    ] GC(101) Concurrent thread roots
[979.133s][info][gc,task     ] GC(101) Using 2 of 4 workers for Concurrent thread roots
[979.134s][info][gc          ] GC(101) Concurrent thread roots 0.903ms
[979.134s][info][gc,start    ] GC(101) Concurrent weak references
[979.134s][info][gc,task     ] GC(101) Using 2 of 4 workers for concurrent weak references
[979.135s][info][gc,ref      ] GC(101) Encountered references: Soft: 6548, Weak: 23509, Final: 34, Phantom: 961
[979.135s][info][gc,ref      ] GC(101) Discovered  references: Soft: 0, Weak: 11133, Final: 0, Phantom: 879
[979.135s][info][gc,ref      ] GC(101) Enqueued    references: Soft: 0, Weak: 2, Final: 0, Phantom: 0
[979.135s][info][gc          ] GC(101) Concurrent weak references 0.650ms
[979.135s][info][gc,start    ] GC(101) Concurrent weak roots
[979.135s][info][gc,task     ] GC(101) Using 2 of 4 workers for concurrent weak root
[979.136s][info][gc          ] GC(101) Concurrent weak roots 0.955ms
[979.136s][info][gc,start    ] GC(101) Concurrent cleanup
[979.136s][info][gc          ] GC(101) Concurrent cleanup 7216M->5624M(8192M) 0.037ms
[979.136s][info][gc,ergo     ] GC(101) Free: 2155M, Max: 4096K regular, 548M humongous, Frag: 75% external, 0% internal; Reserve: 411M, Max: 4096K
[979.136s][info][gc,start    ] GC(101) Concurrent strong roots
[979.136s][info][gc,task     ] GC(101) Using 2 of 4 workers for concurrent strong root
[979.143s][info][gc          ] GC(101) Concurrent strong roots 7.478ms
[979.143s][info][gc,start    ] GC(101) Concurrent evacuation
[979.143s][info][gc,task     ] GC(101) Using 2 of 4 workers for concurrent evacuation
[979.195s][info][gc          ] GC(101) Concurrent evacuation 51.744ms
[979.195s][info][gc,start    ] GC(101) Pause Init Update Refs
[979.195s][info][gc,ergo     ] GC(101) Pacer for Update Refs. Used: 5752M, Free: 2123M, Non-Taxable: 212M, Alloc Tax Rate: 3.3x
[979.195s][info][gc          ] GC(101) Pause Init Update Refs 0.044ms
[979.195s][info][gc,start    ] GC(101) Concurrent update references
[979.195s][info][gc,task     ] GC(101) Using 2 of 4 workers for concurrent reference update
[979.346s][info][gc          ] GC(101) Concurrent update references 151.303ms
[979.346s][info][gc,start    ] GC(101) Concurrent update thread roots
[979.348s][info][gc          ] GC(101) Concurrent update thread roots 1.460ms
[979.348s][info][gc,start    ] GC(101) Pause Final Update Refs
[979.348s][info][gc,task     ] GC(101) Using 4 of 4 workers for final reference update
[979.348s][info][gc          ] GC(101) Pause Final Update Refs 0.102ms
[979.348s][info][gc,start    ] GC(101) Concurrent cleanup
[979.348s][info][gc          ] GC(101) Concurrent cleanup 5980M->1012M(8192M) 0.074ms
[979.348s][info][gc,ergo     ] Free: 6767M, Max: 4096K regular, 5328M humongous, Frag: 22% external, 0% internal; Reserve: 412M, Max: 4096K
[979.348s][info][gc,stats    ] 
[979.348s][info][gc,stats    ] All times are wall-clock times, except per-root-class counters, that are sum over
[979.348s][info][gc,stats    ] all workers. Dividing the <total> over the root stage time estimates parallelism.
[979.348s][info][gc,stats    ] 
[979.348s][info][gc,stats    ] Concurrent Reset                  15629 us
[979.348s][info][gc,stats    ] Pause Init Mark (G)                 199 us
[979.348s][info][gc,stats    ] Pause Init Mark (N)                 120 us
[979.348s][info][gc,stats    ]   Update Region States               36 us
[979.348s][info][gc,stats    ] Concurrent Mark Roots              8797 us, parallelism: 1.95x
[979.348s][info][gc,stats    ]   CMR: <total>                    17169 us
[979.348s][info][gc,stats    ]   CMR: Thread Roots                1314 us, workers (us): 697, 617, ---, ---, 
[979.348s][info][gc,stats    ]   CMR: Code Cache Roots           15036 us, workers (us): 7876, 7160, ---, ---, 
[979.348s][info][gc,stats    ]   CMR: VM Strong Roots               14 us, workers (us):   8,   6, ---, ---, 
[979.348s][info][gc,stats    ]   CMR: CLDG Roots                   806 us, workers (us): ---, 806, ---, ---, 
[979.348s][info][gc,stats    ] Concurrent Marking               226818 us
[979.348s][info][gc,stats    ] Pause Final Mark (G)                395 us
[979.348s][info][gc,stats    ] Pause Final Mark (N)                366 us
[979.348s][info][gc,stats    ]   Finish Mark                        81 us
[979.348s][info][gc,stats    ]   Update Region States               54 us
[979.348s][info][gc,stats    ]   Choose Collection Set             151 us
[979.348s][info][gc,stats    ]   Rebuild Free Set                   10 us
[979.348s][info][gc,stats    ] Concurrent Thread Roots             920 us, parallelism: 1.83x
[979.348s][info][gc,stats    ]   CTR: <total>                     1686 us
[979.348s][info][gc,stats    ]   CTR: Thread Roots                1686 us, workers (us): 850, 835, ---, ---, 
[979.348s][info][gc,stats    ] Concurrent Weak References          663 us, parallelism: 1.17x
[979.348s][info][gc,stats    ]   CWRF: <total>                     777 us
[979.349s][info][gc,stats    ]   CWRF: Weak References             777 us, workers (us): 226, 550, ---, ---, 
[979.349s][info][gc,stats    ] Concurrent Weak Roots               969 us
[979.349s][info][gc,stats    ]   Roots                             910 us, parallelism: 1.73x
[979.349s][info][gc,stats    ]     CWR: <total>                   1570 us
[979.349s][info][gc,stats    ]     CWR: VM Weak Roots             1570 us, workers (us): 800, 770, ---, ---, 
[979.349s][info][gc,stats    ]   Rendezvous                         24 us
[979.349s][info][gc,stats    ] Concurrent Cleanup                   49 us
[979.349s][info][gc,stats    ] Concurrent Strong Roots            7504 us, parallelism: 1.97x
[979.349s][info][gc,stats    ]   CSR: <total>                    14748 us
[979.349s][info][gc,stats    ]   CSR: Code Cache Roots           14416 us, workers (us): 7366, 7050, ---, ---, 
[979.349s][info][gc,stats    ]   CSR: VM Strong Roots                8 us, workers (us):   4,   3, ---, ---, 
[979.349s][info][gc,stats    ]   CSR: CLDG Roots                   325 us, workers (us): ---, 325, ---, ---, 
[979.349s][info][gc,stats    ] Concurrent Evacuation             51777 us
[979.349s][info][gc,stats    ] Pause Init Update Refs (G)          105 us
[979.349s][info][gc,stats    ] Pause Init Update Refs (N)           56 us
[979.349s][info][gc,stats    ]   Manage GCLABs                       5 us
[979.349s][info][gc,stats    ] Concurrent Update Refs           151350 us
[979.349s][info][gc,stats    ] Concurrent Update Thread Roots     1482 us
[979.349s][info][gc,stats    ] Pause Final Update Refs (G)         213 us
[979.349s][info][gc,stats    ] Pause Final Update Refs (N)         125 us
[979.349s][info][gc,stats    ]   Update Region States               44 us
[979.349s][info][gc,stats    ]   Trash Collection Set               12 us
[979.349s][info][gc,stats    ]   Rebuild Free Set                   10 us
[979.349s][info][gc,stats    ] Concurrent Cleanup                   96 us
[979.349s][info][gc,stats    ] 
[979.349s][info][gc,stats    ] Allocation pacing accrued:
[979.349s][info][gc,stats    ]       0 of  9039 ms (  0.0%): <total>
[979.349s][info][gc,stats    ]       0 of  9039 ms (  0.0%): <average total>
[979.349s][info][gc,stats    ] 
[979.349s][info][gc,metaspace] Metaspace: 135933K(137344K)->135933K(137344K) NonClass: 114897K(115712K)->114897K(115712K) Class: 21035K(21632K)->21035K(21632K)
[979.349s][info][gc,ergo     ] Pacer for Idle. Initial: 163M, Alloc Tax Rate: 1.0x
[989.391s][info][gc          ] Trigger: Free (815M) is below minimum threshold (819M)
[989.391s][info][gc,ergo     ] Free: 815M, Max: 4096K regular, 520M humongous, Frag: 36% external, 0% internal; Reserve: 412M, Max: 4096K
[989.391s][info][gc,start    ] GC(102) Concurrent reset
[989.391s][info][gc,task     ] GC(102) Using 2 of 4 workers for concurrent reset
[989.391s][info][gc,ergo     ] GC(102) Pacer for Reset. Non-Taxable: 8192M
[989.406s][info][gc          ] GC(102) Concurrent reset 14.302ms
[989.406s][info][gc,start    ] GC(102) Pause Init Mark
[989.406s][info][gc,task     ] GC(102) Using 4 of 4 workers for init marking
[989.406s][info][gc,ergo     ] GC(102) Pacer for Mark. Expected Live: 448M, Free: 815M, Non-Taxable: 83509K, Alloc Tax Rate: 0.7x
[989.406s][info][gc          ] GC(102) Pause Init Mark 0.089ms
[989.406s][info][gc,start    ] GC(102) Concurrent marking roots
[989.406s][info][gc,task     ] GC(102) Using 2 of 4 workers for concurrent marking roots
[989.416s][info][gc          ] GC(102) Concurrent marking roots 9.760ms
[989.416s][info][gc,start    ] GC(102) Concurrent marking
[989.416s][info][gc,task     ] GC(102) Using 2 of 4 workers for concurrent marking
[989.643s][info][gc          ] GC(102) Concurrent marking 226.993ms
[989.643s][info][gc,start    ] GC(102) Pause Final Mark
[989.643s][info][gc,task     ] GC(102) Using 4 of 4 workers for final marking
[989.643s][info][gc,ergo     ] GC(102) Adaptive CSet Selection. Target Free: 1160M, Actual Free: 3468M, Max CSet: 341M, Min Garbage: 0B
[989.643s][info][gc,ergo     ] GC(102) Collectable Garbage: 6488M (99%), Immediate: 2380M (36%), CSet: 4108M (62%)
[989.643s][info][gc,ergo     ] GC(102) Pacer for Evacuation. Used CSet: 4176M, Free: 3067M, Non-Taxable: 306M, Alloc Tax Rate: 3.3x
[989.643s][info][gc          ] GC(102) Pause Final Mark 0.314ms
[989.643s][info][gc,start    ] GC(102) Concurrent thread roots
[989.643s][info][gc,task     ] GC(102) Using 2 of 4 workers for Concurrent thread roots
[989.644s][info][gc          ] GC(102) Concurrent thread roots 0.785ms
[989.644s][info][gc,start    ] GC(102) Concurrent weak references
[989.644s][info][gc,task     ] GC(102) Using 2 of 4 workers for concurrent weak references
[989.645s][info][gc,ref      ] GC(102) Encountered references: Soft: 6548, Weak: 23514, Final: 34, Phantom: 964
[989.645s][info][gc,ref      ] GC(102) Discovered  references: Soft: 0, Weak: 11815, Final: 0, Phantom: 738
[989.645s][info][gc,ref      ] GC(102) Enqueued    references: Soft: 0, Weak: 4, Final: 0, Phantom: 3
[989.645s][info][gc          ] GC(102) Concurrent weak references 0.713ms
[989.645s][info][gc,start    ] GC(102) Concurrent weak roots
[989.645s][info][gc,task     ] GC(102) Using 2 of 4 workers for concurrent weak root
[989.646s][info][gc          ] GC(102) Concurrent weak roots 1.272ms
[989.646s][info][gc,start    ] GC(102) Concurrent cleanup
[989.646s][info][gc          ] GC(102) Concurrent cleanup 7100M->4720M(8192M) 0.045ms
[989.646s][info][gc,ergo     ] GC(102) Free: 3059M, Max: 4096K regular, 520M humongous, Frag: 83% external, 0% internal; Reserve: 411M, Max: 4096K
[989.646s][info][gc,start    ] GC(102) Concurrent strong roots
[989.646s][info][gc,task     ] GC(102) Using 2 of 4 workers for concurrent strong root
[989.652s][info][gc          ] GC(102) Concurrent strong roots 5.988ms
[989.652s][info][gc,start    ] GC(102) Concurrent evacuation
[989.652s][info][gc,task     ] GC(102) Using 2 of 4 workers for concurrent evacuation
[989.689s][info][gc          ] GC(102) Concurrent evacuation 37.178ms
[989.689s][info][gc,start    ] GC(102) Pause Init Update Refs
[989.689s][info][gc,ergo     ] GC(102) Pacer for Update Refs. Used: 4816M, Free: 3035M, Non-Taxable: 303M, Alloc Tax Rate: 1.9x
[989.689s][info][gc          ] GC(102) Pause Init Update Refs 0.046ms
[989.689s][info][gc,start    ] GC(102) Concurrent update references
[989.689s][info][gc,task     ] GC(102) Using 2 of 4 workers for concurrent reference update
[989.821s][info][gc          ] GC(102) Concurrent update references 131.751ms
[989.821s][info][gc,start    ] GC(102) Concurrent update thread roots
[989.823s][info][gc          ] GC(102) Concurrent update thread roots 1.374ms
[989.823s][info][gc,start    ] GC(102) Pause Final Update Refs
[989.823s][info][gc,task     ] GC(102) Using 4 of 4 workers for final reference update
[989.823s][info][gc          ] GC(102) Pause Final Update Refs 0.117ms
[989.823s][info][gc,start    ] GC(102) Concurrent cleanup
[989.823s][info][gc          ] GC(102) Concurrent cleanup 4884M->708M(8192M) 0.053ms
[989.823s][info][gc,ergo     ] Free: 7071M, Max: 4096K regular, 5124M humongous, Frag: 28% external, 0% internal; Reserve: 412M, Max: 4096K
[989.823s][info][gc,stats    ] 
[989.823s][info][gc,stats    ] All times are wall-clock times, except per-root-class counters, that are sum over
[989.823s][info][gc,stats    ] all workers. Dividing the <total> over the root stage time estimates parallelism.
[989.823s][info][gc,stats    ] 
[989.823s][info][gc,stats    ] Concurrent Reset                  14378 us
[989.823s][info][gc,stats    ] Pause Init Mark (G)                 178 us
[989.823s][info][gc,stats    ] Pause Init Mark (N)                 101 us
[989.823s][info][gc,stats    ]   Update Region States               16 us
[989.823s][info][gc,stats    ] Concurrent Mark Roots              9786 us, parallelism: 1.96x
[989.823s][info][gc,stats    ]   CMR: <total>                    19192 us
[989.823s][info][gc,stats    ]   CMR: Thread Roots                1508 us, workers (us): 703, 805, ---, ---, 
[989.823s][info][gc,stats    ]   CMR: Code Cache Roots           16904 us, workers (us): 8125, 8779, ---, ---, 
[989.823s][info][gc,stats    ]   CMR: VM Strong Roots               19 us, workers (us):   9,  10, ---, ---, 
[989.823s][info][gc,stats    ]   CMR: CLDG Roots                   762 us, workers (us): 762, ---, ---, ---, 
[989.823s][info][gc,stats    ] Concurrent Marking               227042 us
[989.823s][info][gc,stats    ] Pause Final Mark (G)                351 us
[989.823s][info][gc,stats    ] Pause Final Mark (N)                325 us
[989.823s][info][gc,stats    ]   Finish Mark                        68 us
[989.823s][info][gc,stats    ]   Update Region States               42 us
[989.823s][info][gc,stats    ]   Choose Collection Set             136 us
[989.823s][info][gc,stats    ]   Rebuild Free Set                    9 us
[989.823s][info][gc,stats    ] Concurrent Thread Roots             805 us, parallelism: 1.81x
[989.823s][info][gc,stats    ]   CTR: <total>                     1456 us
[989.823s][info][gc,stats    ]   CTR: Thread Roots                1456 us, workers (us): 750, 706, ---, ---, 
[989.823s][info][gc,stats    ] Concurrent Weak References          723 us, parallelism: 0.92x
[989.823s][info][gc,stats    ]   CWRF: <total>                     663 us
[989.823s][info][gc,stats    ]   CWRF: Weak References             663 us, workers (us):  20, 642, ---, ---, 
[989.823s][info][gc,stats    ] Concurrent Weak Roots              1288 us
[989.823s][info][gc,stats    ]   Roots                            1223 us, parallelism: 1.77x
[989.823s][info][gc,stats    ]     CWR: <total>                   2168 us
[989.823s][info][gc,stats    ]     CWR: VM Weak Roots             2168 us, workers (us): 1091, 1077, ---, ---, 
[989.823s][info][gc,stats    ]   Rendezvous                         28 us
[989.823s][info][gc,stats    ] Concurrent Cleanup                   57 us
[989.823s][info][gc,stats    ] Concurrent Strong Roots            6014 us, parallelism: 1.95x
[989.823s][info][gc,stats    ]   CSR: <total>                    11736 us
[989.823s][info][gc,stats    ]   CSR: Code Cache Roots           11410 us, workers (us): 5545, 5865, ---, ---, 
[989.823s][info][gc,stats    ]   CSR: VM Strong Roots               10 us, workers (us):   5,   5, ---, ---, 
[989.823s][info][gc,stats    ]   CSR: CLDG Roots                   315 us, workers (us): 315, ---, ---, ---, 
[989.823s][info][gc,stats    ] Concurrent Evacuation             37224 us
[989.823s][info][gc,stats    ] Pause Init Update Refs (G)          113 us
[989.823s][info][gc,stats    ] Pause Init Update Refs (N)           57 us
[989.823s][info][gc,stats    ]   Manage GCLABs                       6 us
[989.823s][info][gc,stats    ] Concurrent Update Refs           131789 us
[989.823s][info][gc,stats    ] Concurrent Update Thread Roots     1387 us
[989.823s][info][gc,stats    ] Pause Final Update Refs (G)         167 us
[989.823s][info][gc,stats    ] Pause Final Update Refs (N)         140 us
[989.823s][info][gc,stats    ]   Update Region States               56 us
[989.823s][info][gc,stats    ]   Trash Collection Set               12 us
[989.823s][info][gc,stats    ]   Rebuild Free Set                    9 us
[989.823s][info][gc,stats    ] Concurrent Cleanup                   66 us
[989.823s][info][gc,stats    ] 
[989.823s][info][gc,stats    ] Allocation pacing accrued:
[989.823s][info][gc,stats    ]       0 of 10475 ms (  0.0%): <total>
[989.823s][info][gc,stats    ]       0 of 10475 ms (  0.0%): <average total>
[989.823s][info][gc,stats    ] 
[989.823s][info][gc,metaspace] Metaspace: 135942K(137408K)->135942K(137408K) NonClass: 114904K(115712K)->114904K(115712K) Class: 21037K(21696K)->21037K(21696K)
[989.823s][info][gc,ergo     ] Pacer for Idle. Initial: 163M, Alloc Tax Rate: 1.0x
[999.163s][info][gc          ] Trigger: Free (815M) is below minimum threshold (819M)
[999.163s][info][gc,ergo     ] Free: 815M, Max: 4096K regular, 540M humongous, Frag: 33% external, 0% internal; Reserve: 412M, Max: 4096K
[999.163s][info][gc,start    ] GC(103) Concurrent reset
[999.163s][info][gc,task     ] GC(103) Using 2 of 4 workers for concurrent reset
[999.163s][info][gc,ergo     ] GC(103) Pacer for Reset. Non-Taxable: 8192M
[999.175s][info][gc          ] GC(103) Concurrent reset 11.196ms
[999.175s][info][gc,start    ] GC(103) Pause Init Mark
[999.175s][info][gc,task     ] GC(103) Using 4 of 4 workers for init marking
[999.175s][info][gc,ergo     ] GC(103) Pacer for Mark. Expected Live: 450M, Free: 815M, Non-Taxable: 83473K, Alloc Tax Rate: 0.7x
[999.175s][info][gc          ] GC(103) Pause Init Mark 0.167ms
[999.175s][info][gc,start    ] GC(103) Concurrent marking roots
[999.175s][info][gc,task     ] GC(103) Using 2 of 4 workers for concurrent marking roots
[999.183s][info][gc          ] GC(103) Concurrent marking roots 8.173ms
[999.183s][info][gc,start    ] GC(103) Concurrent marking
[999.183s][info][gc,task     ] GC(103) Using 2 of 4 workers for concurrent marking
[999.404s][info][gc          ] GC(103) Concurrent marking 221.298ms
[999.404s][info][gc,start    ] GC(103) Pause Final Mark
[999.404s][info][gc,task     ] GC(103) Using 4 of 4 workers for final marking
[999.405s][info][gc,ergo     ] GC(103) Adaptive CSet Selection. Target Free: 1160M, Actual Free: 2664M, Max CSet: 341M, Min Garbage: 0B
[999.405s][info][gc,ergo     ] GC(103) Collectable Garbage: 6470M (99%), Immediate: 1592M (24%), CSet: 4878M (74%)
[999.405s][info][gc,ergo     ] GC(103) Pacer for Evacuation. Used CSet: 4964M, Free: 2263M, Non-Taxable: 226M, Alloc Tax Rate: 5.4x
[999.405s][info][gc          ] GC(103) Pause Final Mark 0.327ms
[999.405s][info][gc,start    ] GC(103) Concurrent thread roots
[999.405s][info][gc,task     ] GC(103) Using 2 of 4 workers for Concurrent thread roots
[999.406s][info][gc          ] GC(103) Concurrent thread roots 0.795ms
[999.406s][info][gc,start    ] GC(103) Concurrent weak references
[999.406s][info][gc,task     ] GC(103) Using 2 of 4 workers for concurrent weak references
[999.406s][info][gc,ref      ] GC(103) Encountered references: Soft: 6548, Weak: 23520, Final: 34, Phantom: 973
[999.406s][info][gc,ref      ] GC(103) Discovered  references: Soft: 0, Weak: 13158, Final: 33, Phantom: 742
[999.406s][info][gc,ref      ] GC(103) Enqueued    references: Soft: 0, Weak: 6, Final: 0, Phantom: 0
[999.406s][info][gc          ] GC(103) Concurrent weak references 0.554ms
[999.406s][info][gc,start    ] GC(103) Concurrent weak roots
[999.406s][info][gc,task     ] GC(103) Using 2 of 4 workers for concurrent weak root
[999.407s][info][gc          ] GC(103) Concurrent weak roots 0.941ms
[999.407s][info][gc,start    ] GC(103) Concurrent cleanup
[999.407s][info][gc          ] GC(103) Concurrent cleanup 7117M->5525M(8192M) 0.032ms
[999.407s][info][gc,ergo     ] GC(103) Free: 2255M, Max: 4096K regular, 540M humongous, Frag: 76% external, 0% internal; Reserve: 411M, Max: 4096K
[999.407s][info][gc,start    ] GC(103) Concurrent strong roots
[999.407s][info][gc,task     ] GC(103) Using 2 of 4 workers for concurrent strong root
[999.413s][info][gc          ] GC(103) Concurrent strong roots 5.976ms
[999.413s][info][gc,start    ] GC(103) Concurrent evacuation
[999.413s][info][gc,task     ] GC(103) Using 2 of 4 workers for concurrent evacuation
[999.468s][info][gc          ] GC(103) Concurrent evacuation 55.313ms
[999.469s][info][gc,start    ] GC(103) Pause Init Update Refs
[999.469s][info][gc,ergo     ] GC(103) Pacer for Update Refs. Used: 5642M, Free: 2225M, Non-Taxable: 222M, Alloc Tax Rate: 3.1x
[999.469s][info][gc          ] GC(103) Pause Init Update Refs 0.049ms
[999.469s][info][gc,start    ] GC(103) Concurrent update references
[999.469s][info][gc,task     ] GC(103) Using 2 of 4 workers for concurrent reference update
[999.604s][info][gc          ] GC(103) Concurrent update references 135.612ms
[999.604s][info][gc,start    ] GC(103) Concurrent update thread roots
[999.606s][info][gc          ] GC(103) Concurrent update thread roots 1.435ms
[999.606s][info][gc,start    ] GC(103) Pause Final Update Refs
[999.606s][info][gc,task     ] GC(103) Using 4 of 4 workers for final reference update
[999.606s][info][gc          ] GC(103) Pause Final Update Refs 0.090ms
[999.606s][info][gc,start    ] GC(103) Concurrent cleanup
[999.606s][info][gc          ] GC(103) Concurrent cleanup 5724M->760M(8192M) 0.059ms
[999.606s][info][gc,ergo     ] Free: 7019M, Max: 4096K regular, 5392M humongous, Frag: 23% external, 0% internal; Reserve: 412M, Max: 4096K
[999.606s][info][gc,stats    ] 
[999.606s][info][gc,stats    ] All times are wall-clock times, except per-root-class counters, that are sum over
[999.606s][info][gc,stats    ] all workers. Dividing the <total> over the root stage time estimates parallelism.
[999.606s][info][gc,stats    ] 
[999.606s][info][gc,stats    ] Concurrent Reset                  11253 us
[999.606s][info][gc,stats    ] Pause Init Mark (G)                 236 us
[999.606s][info][gc,stats    ] Pause Init Mark (N)                 181 us
[999.606s][info][gc,stats    ]   Update Region States               89 us
[999.606s][info][gc,stats    ] Concurrent Mark Roots              8197 us, parallelism: 1.94x
[999.606s][info][gc,stats    ]   CMR: <total>                    15904 us
[999.606s][info][gc,stats    ]   CMR: Thread Roots                1359 us, workers (us): 645, 714, ---, ---, 
[999.606s][info][gc,stats    ]   CMR: Code Cache Roots           13787 us, workers (us): 6553, 7233, ---, ---, 
[999.606s][info][gc,stats    ]   CMR: VM Strong Roots               15 us, workers (us):   7,   8, ---, ---, 
[999.606s][info][gc,stats    ]   CMR: CLDG Roots                   744 us, workers (us): 744, ---, ---, ---, 
[999.606s][info][gc,stats    ] Concurrent Marking               221348 us
[999.606s][info][gc,stats    ] Pause Final Mark (G)                365 us
[999.606s][info][gc,stats    ] Pause Final Mark (N)                338 us
[999.606s][info][gc,stats    ]   Finish Mark                        66 us
[999.606s][info][gc,stats    ]   Update Region States               44 us
[999.606s][info][gc,stats    ]   Choose Collection Set             151 us
[999.606s][info][gc,stats    ]   Rebuild Free Set                   10 us
[999.606s][info][gc,stats    ] Concurrent Thread Roots             816 us, parallelism: 1.86x
[999.606s][info][gc,stats    ]   CTR: <total>                     1516 us
[999.606s][info][gc,stats    ]   CTR: Thread Roots                1516 us, workers (us): 755, 761, ---, ---, 
[999.606s][info][gc,stats    ] Concurrent Weak References          565 us, parallelism: 1.11x
[999.606s][info][gc,stats    ]   CWRF: <total>                     629 us
[999.606s][info][gc,stats    ]   CWRF: Weak References             629 us, workers (us): 491, 138, ---, ---, 
[999.606s][info][gc,stats    ] Concurrent Weak Roots               955 us
[999.606s][info][gc,stats    ]   Roots                             898 us, parallelism: 1.78x
[999.606s][info][gc,stats    ]     CWR: <total>                   1600 us
[999.606s][info][gc,stats    ]     CWR: VM Weak Roots             1600 us, workers (us): 813, 787, ---, ---, 
[999.606s][info][gc,stats    ]   Rendezvous                         22 us
[999.606s][info][gc,stats    ] Concurrent Cleanup                   44 us
[999.606s][info][gc,stats    ] Concurrent Strong Roots            6001 us, parallelism: 1.95x
[999.606s][info][gc,stats    ]   CSR: <total>                    11683 us
[999.606s][info][gc,stats    ]   CSR: Code Cache Roots           11448 us, workers (us): 5595, 5853, ---, ---, 
[999.606s][info][gc,stats    ]   CSR: VM Strong Roots                7 us, workers (us):   7,   0, ---, ---, 
[999.606s][info][gc,stats    ]   CSR: CLDG Roots                   228 us, workers (us): 228, ---, ---, ---, 
[999.606s][info][gc,stats    ] Concurrent Evacuation             55373 us
[999.606s][info][gc,stats    ] Pause Init Update Refs (G)           85 us
[999.606s][info][gc,stats    ] Pause Init Update Refs (N)           60 us
[999.606s][info][gc,stats    ]   Manage GCLABs                       9 us
[999.606s][info][gc,stats    ] Concurrent Update Refs           135683 us
[999.606s][info][gc,stats    ] Concurrent Update Thread Roots     1460 us
[999.606s][info][gc,stats    ] Pause Final Update Refs (G)         146 us
[999.606s][info][gc,stats    ] Pause Final Update Refs (N)         117 us
[999.606s][info][gc,stats    ]   Update Region States               36 us
[999.606s][info][gc,stats    ]   Trash Collection Set               12 us
[999.606s][info][gc,stats    ]   Rebuild Free Set                   10 us
[999.606s][info][gc,stats    ] Concurrent Cleanup                   72 us
[999.607s][info][gc,stats    ] 
[999.607s][info][gc,stats    ] Allocation pacing accrued:
[999.607s][info][gc,stats    ]       0 of  9783 ms (  0.0%): <total>
[999.607s][info][gc,stats    ]       0 of  9783 ms (  0.0%): <average total>
[999.607s][info][gc,stats    ] 
[999.607s][info][gc,metaspace] Metaspace: 135944K(137408K)->135944K(137408K) NonClass: 114906K(115712K)->114906K(115712K) Class: 21037K(21696K)->21037K(21696K)
[999.607s][info][gc,ergo     ] Pacer for Idle. Initial: 163M, Alloc Tax Rate: 1.0x
[1006.747s][info][gc          ] Trigger: Average GC time (466.69 ms) is above the time for average allocation rate (1174 MB/s) to deplete free headroom (517M) (margin of error = 1.86)
[1006.747s][info][gc,ergo     ] Free headroom: 927M (free) - 409M (spike) - 0B (penalties) = 517M
[1006.747s][info][gc,ergo     ] Free: 927M, Max: 4096K regular, 524M humongous, Frag: 43% external, 0% internal; Reserve: 412M, Max: 4096K
[1006.747s][info][gc,start    ] GC(104) Concurrent reset
[1006.747s][info][gc,task     ] GC(104) Using 2 of 4 workers for concurrent reset
[1006.747s][info][gc,ergo     ] GC(104) Pacer for Reset. Non-Taxable: 8192M
[1006.762s][info][gc          ] GC(104) Concurrent reset 15.112ms
[1006.762s][info][gc,start    ] GC(104) Pause Init Mark
[1006.762s][info][gc,task     ] GC(104) Using 4 of 4 workers for init marking
[1006.763s][info][gc,ergo     ] GC(104) Pacer for Mark. Expected Live: 453M, Free: 923M, Non-Taxable: 94532K, Alloc Tax Rate: 0.6x
[1006.763s][info][gc          ] GC(104) Pause Init Mark 0.120ms
[1006.763s][info][gc,start    ] GC(104) Concurrent marking roots
[1006.763s][info][gc,task     ] GC(104) Using 2 of 4 workers for concurrent marking roots
[1006.771s][info][gc          ] GC(104) Concurrent marking roots 7.921ms
[1006.771s][info][gc,start    ] GC(104) Concurrent marking
[1006.771s][info][gc,task     ] GC(104) Using 2 of 4 workers for concurrent marking
[1007.003s][info][gc          ] GC(104) Concurrent marking 232.552ms
[1007.003s][info][gc,start    ] GC(104) Pause Final Mark
[1007.003s][info][gc,task     ] GC(104) Using 4 of 4 workers for final marking
[1007.003s][info][gc,ergo     ] GC(104) Adaptive CSet Selection. Target Free: 1160M, Actual Free: 4516M, Max CSet: 341M, Min Garbage: 0B
[1007.003s][info][gc,ergo     ] GC(104) Collectable Garbage: 6384M (99%), Immediate: 3332M (51%), CSet: 3052M (47%)
[1007.004s][info][gc,ergo     ] GC(104) Pacer for Evacuation. Used CSet: 3116M, Free: 4119M, Non-Taxable: 411M, Alloc Tax Rate: 1.8x
[1007.004s][info][gc          ] GC(104) Pause Final Mark 0.285ms
[1007.004s][info][gc,start    ] GC(104) Concurrent thread roots
[1007.004s][info][gc,task     ] GC(104) Using 2 of 4 workers for Concurrent thread roots
[1007.004s][info][gc          ] GC(104) Concurrent thread roots 0.873ms
[1007.004s][info][gc,start    ] GC(104) Concurrent weak references
[1007.004s][info][gc,task     ] GC(104) Using 2 of 4 workers for concurrent weak references
[1007.005s][info][gc,ref      ] GC(104) Encountered references: Soft: 6548, Weak: 23523, Final: 34, Phantom: 975
[1007.005s][info][gc,ref      ] GC(104) Discovered  references: Soft: 0, Weak: 4325, Final: 33, Phantom: 901
[1007.005s][info][gc,ref      ] GC(104) Enqueued    references: Soft: 0, Weak: 3, Final: 0, Phantom: 2
[1007.005s][info][gc          ] GC(104) Concurrent weak references 0.234ms
[1007.005s][info][gc,start    ] GC(104) Concurrent weak roots
[1007.005s][info][gc,task     ] GC(104) Using 2 of 4 workers for concurrent weak root
[1007.006s][info][gc          ] GC(104) Concurrent weak roots 1.019ms
[1007.006s][info][gc,start    ] GC(104) Concurrent cleanup
[1007.006s][info][gc          ] GC(104) Concurrent cleanup 7002M->3670M(8192M) 0.049ms
[1007.006s][info][gc,ergo     ] GC(104) Free: 4110M, Max: 4096K regular, 524M humongous, Frag: 88% external, 0% internal; Reserve: 411M, Max: 4096K
[1007.006s][info][gc,start    ] GC(104) Concurrent strong roots
[1007.006s][info][gc,task     ] GC(104) Using 2 of 4 workers for concurrent strong root
[1007.012s][info][gc          ] GC(104) Concurrent strong roots 6.139ms
[1007.012s][info][gc,start    ] GC(104) Concurrent evacuation
[1007.012s][info][gc,task     ] GC(104) Using 2 of 4 workers for concurrent evacuation
[1007.044s][info][gc          ] GC(104) Concurrent evacuation 32.141ms
[1007.044s][info][gc,start    ] GC(104) Pause Init Update Refs
[1007.044s][info][gc,ergo     ] GC(104) Pacer for Update Refs. Used: 3761M, Free: 4086M, Non-Taxable: 408M, Alloc Tax Rate: 1.1x
[1007.044s][info][gc          ] GC(104) Pause Init Update Refs 0.047ms
[1007.044s][info][gc,start    ] GC(104) Concurrent update references
[1007.044s][info][gc,task     ] GC(104) Using 2 of 4 workers for concurrent reference update
[1007.174s][info][gc          ] GC(104) Concurrent update references 129.436ms
[1007.174s][info][gc,start    ] GC(104) Concurrent update thread roots
[1007.175s][info][gc          ] GC(104) Concurrent update thread roots 1.328ms
[1007.175s][info][gc,start    ] GC(104) Pause Final Update Refs
[1007.175s][info][gc,task     ] GC(104) Using 4 of 4 workers for final reference update
[1007.175s][info][gc          ] GC(104) Pause Final Update Refs 0.084ms
[1007.175s][info][gc,start    ] GC(104) Concurrent cleanup
[1007.175s][info][gc          ] GC(104) Concurrent cleanup 3849M->733M(8192M) 0.045ms
[1007.175s][info][gc,ergo     ] Free: 7046M, Max: 4096K regular, 5116M humongous, Frag: 28% external, 0% internal; Reserve: 412M, Max: 4096K
[1007.175s][info][gc,stats    ] 
[1007.175s][info][gc,stats    ] All times are wall-clock times, except per-root-class counters, that are sum over
[1007.175s][info][gc,stats    ] all workers. Dividing the <total> over the root stage time estimates parallelism.
[1007.175s][info][gc,stats    ] 
[1007.175s][info][gc,stats    ] Concurrent Reset                  15152 us
[1007.175s][info][gc,stats    ] Pause Init Mark (G)                 250 us
[1007.175s][info][gc,stats    ] Pause Init Mark (N)                 132 us
[1007.175s][info][gc,stats    ]   Update Region States               53 us
[1007.175s][info][gc,stats    ] Concurrent Mark Roots              7942 us, parallelism: 1.95x
[1007.175s][info][gc,stats    ]   CMR: <total>                    15450 us
[1007.175s][info][gc,stats    ]   CMR: Thread Roots                1452 us, workers (us): 698, 753, ---, ---, 
[1007.175s][info][gc,stats    ]   CMR: Code Cache Roots           13254 us, workers (us): 6292, 6962, ---, ---, 
[1007.175s][info][gc,stats    ]   CMR: VM Strong Roots               12 us, workers (us):  12,   0, ---, ---, 
[1007.175s][info][gc,stats    ]   CMR: CLDG Roots                   732 us, workers (us): 732, ---, ---, ---, 
[1007.175s][info][gc,stats    ] Concurrent Marking               232594 us
[1007.175s][info][gc,stats    ] Pause Final Mark (G)                344 us
[1007.175s][info][gc,stats    ] Pause Final Mark (N)                295 us
[1007.175s][info][gc,stats    ]   Finish Mark                        68 us
[1007.176s][info][gc,stats    ]   Update Region States               37 us
[1007.176s][info][gc,stats    ]   Choose Collection Set             113 us
[1007.176s][info][gc,stats    ]   Rebuild Free Set                   12 us
[1007.176s][info][gc,stats    ] Concurrent Thread Roots             896 us, parallelism: 1.83x
[1007.176s][info][gc,stats    ]   CTR: <total>                     1639 us
[1007.176s][info][gc,stats    ]   CTR: Thread Roots                1639 us, workers (us): 810, 828, ---, ---, 
[1007.176s][info][gc,stats    ] Concurrent Weak References          247 us, parallelism: 1.25x
[1007.176s][info][gc,stats    ]   CWRF: <total>                     310 us
[1007.176s][info][gc,stats    ]   CWRF: Weak References             310 us, workers (us): 146, 164, ---, ---, 
[1007.176s][info][gc,stats    ] Concurrent Weak Roots              1039 us
[1007.176s][info][gc,stats    ]   Roots                             971 us, parallelism: 1.82x
[1007.176s][info][gc,stats    ]     CWR: <total>                   1768 us
[1007.176s][info][gc,stats    ]     CWR: VM Weak Roots             1768 us, workers (us): 884, 884, ---, ---, 
[1007.176s][info][gc,stats    ]   Rendezvous                         26 us
[1007.176s][info][gc,stats    ] Concurrent Cleanup                   61 us
[1007.176s][info][gc,stats    ] Concurrent Strong Roots            6177 us, parallelism: 1.95x
[1007.176s][info][gc,stats    ]   CSR: <total>                    12057 us
[1007.176s][info][gc,stats    ]   CSR: Code Cache Roots           11751 us, workers (us): 5722, 6028, ---, ---, 
[1007.176s][info][gc,stats    ]   CSR: VM Strong Roots               10 us, workers (us):   5,   5, ---, ---, 
[1007.176s][info][gc,stats    ]   CSR: CLDG Roots                   296 us, workers (us): 296, ---, ---, ---, 
[1007.176s][info][gc,stats    ] Concurrent Evacuation             32189 us
[1007.176s][info][gc,stats    ] Pause Init Update Refs (G)           88 us
[1007.176s][info][gc,stats    ] Pause Init Update Refs (N)           59 us
[1007.176s][info][gc,stats    ]   Manage GCLABs                       6 us
[1007.176s][info][gc,stats    ] Concurrent Update Refs           129480 us
[1007.176s][info][gc,stats    ] Concurrent Update Thread Roots     1354 us
[1007.176s][info][gc,stats    ] Pause Final Update Refs (G)         138 us
[1007.176s][info][gc,stats    ] Pause Final Update Refs (N)         110 us
[1007.176s][info][gc,stats    ]   Update Region States               27 us
[1007.176s][info][gc,stats    ]   Trash Collection Set               11 us
[1007.176s][info][gc,stats    ]   Rebuild Free Set                   12 us
[1007.176s][info][gc,stats    ] Concurrent Cleanup                   58 us
[1007.176s][info][gc,stats    ] 
[1007.176s][info][gc,stats    ] Allocation pacing accrued:
[1007.176s][info][gc,stats    ]       0 of  7569 ms (  0.0%): <total>
[1007.176s][info][gc,stats    ]       0 of  7569 ms (  0.0%): <average total>
[1007.176s][info][gc,stats    ] 
[1007.176s][info][gc,metaspace] Metaspace: 135956K(137408K)->135956K(137408K) NonClass: 114917K(115712K)->114917K(115712K) Class: 21038K(21696K)->21038K(21696K)
[1007.176s][info][gc,ergo     ] Pacer for Idle. Initial: 163M, Alloc Tax Rate: 1.0x
[1017.825s][info][gc          ] Trigger: Free (819M) is below minimum threshold (819M)
[1017.825s][info][gc,ergo     ] Free: 819M, Max: 4096K regular, 544M humongous, Frag: 33% external, 0% internal; Reserve: 412M, Max: 4096K
[1017.825s][info][gc,start    ] GC(105) Concurrent reset
[1017.826s][info][gc,task     ] GC(105) Using 2 of 4 workers for concurrent reset
[1017.826s][info][gc,ergo     ] GC(105) Pacer for Reset. Non-Taxable: 8192M
[1017.835s][info][gc          ] GC(105) Concurrent reset 9.014ms
[1017.835s][info][gc,start    ] GC(105) Pause Init Mark
[1017.835s][info][gc,task     ] GC(105) Using 4 of 4 workers for init marking
[1017.835s][info][gc,ergo     ] GC(105) Pacer for Mark. Expected Live: 446M, Free: 819M, Non-Taxable: 83881K, Alloc Tax Rate: 0.7x
[1017.835s][info][gc          ] GC(105) Pause Init Mark 0.113ms
[1017.835s][info][gc,start    ] GC(105) Concurrent marking roots
[1017.835s][info][gc,task     ] GC(105) Using 2 of 4 workers for concurrent marking roots
[1017.843s][info][gc          ] GC(105) Concurrent marking roots 8.183ms
[1017.843s][info][gc,start    ] GC(105) Concurrent marking
[1017.843s][info][gc,task     ] GC(105) Using 2 of 4 workers for concurrent marking
[1018.073s][info][gc          ] GC(105) Concurrent marking 230.191ms
[1018.073s][info][gc,start    ] GC(105) Pause Final Mark
[1018.073s][info][gc,task     ] GC(105) Using 4 of 4 workers for final marking
[1018.073s][info][gc,ergo     ] GC(105) Adaptive CSet Selection. Target Free: 1160M, Actual Free: 2776M, Max CSet: 341M, Min Garbage: 0B
[1018.074s][info][gc,ergo     ] GC(105) Collectable Garbage: 6489M (99%), Immediate: 1736M (26%), CSet: 4753M (72%)
[1018.074s][info][gc,ergo     ] GC(105) Pacer for Evacuation. Used CSet: 4816M, Free: 2375M, Non-Taxable: 237M, Alloc Tax Rate: 5.0x
[1018.074s][info][gc          ] GC(105) Pause Final Mark 0.348ms
[1018.074s][info][gc,start    ] GC(105) Concurrent thread roots
[1018.074s][info][gc,task     ] GC(105) Using 2 of 4 workers for Concurrent thread roots
[1018.074s][info][gc          ] GC(105) Concurrent thread roots 0.839ms
[1018.074s][info][gc,start    ] GC(105) Concurrent weak references
[1018.074s][info][gc,task     ] GC(105) Using 2 of 4 workers for concurrent weak references
[1018.075s][info][gc,ref      ] GC(105) Encountered references: Soft: 6548, Weak: 23527, Final: 34, Phantom: 982
[1018.075s][info][gc,ref      ] GC(105) Discovered  references: Soft: 0, Weak: 11919, Final: 0, Phantom: 752
[1018.075s][info][gc,ref      ] GC(105) Enqueued    references: Soft: 0, Weak: 4, Final: 0, Phantom: 0
[1018.075s][info][gc          ] GC(105) Concurrent weak references 0.605ms
[1018.075s][info][gc,start    ] GC(105) Concurrent weak roots
[1018.075s][info][gc,task     ] GC(105) Using 2 of 4 workers for concurrent weak root
[1018.076s][info][gc          ] GC(105) Concurrent weak roots 0.908ms
[1018.076s][info][gc,start    ] GC(105) Concurrent cleanup
[1018.076s][info][gc          ] GC(105) Concurrent cleanup 7148M->5412M(8192M) 0.034ms
[1018.076s][info][gc,ergo     ] GC(105) Free: 2367M, Max: 4096K regular, 544M humongous, Frag: 77% external, 0% internal; Reserve: 411M, Max: 4096K
[1018.076s][info][gc,start    ] GC(105) Concurrent strong roots
[1018.076s][info][gc,task     ] GC(105) Using 2 of 4 workers for concurrent strong root
[1018.082s][info][gc          ] GC(105) Concurrent strong roots 5.795ms
[1018.082s][info][gc,start    ] GC(105) Concurrent evacuation
[1018.082s][info][gc,task     ] GC(105) Using 2 of 4 workers for concurrent evacuation
[1018.119s][info][gc          ] GC(105) Concurrent evacuation 37.104ms
[1018.119s][info][gc,start    ] GC(105) Pause Init Update Refs
[1018.119s][info][gc,ergo     ] GC(105) Pacer for Update Refs. Used: 5488M, Free: 2359M, Non-Taxable: 235M, Alloc Tax Rate: 2.8x
[1018.119s][info][gc          ] GC(105) Pause Init Update Refs 0.049ms
[1018.119s][info][gc,start    ] GC(105) Concurrent update references
[1018.119s][info][gc,task     ] GC(105) Using 2 of 4 workers for concurrent reference update
[1018.252s][info][gc          ] GC(105) Concurrent update references 132.774ms
[1018.252s][info][gc,start    ] GC(105) Concurrent update thread roots
[1018.253s][info][gc          ] GC(105) Concurrent update thread roots 1.449ms
[1018.253s][info][gc,start    ] GC(105) Pause Final Update Refs
[1018.254s][info][gc,task     ] GC(105) Using 4 of 4 workers for final reference update
[1018.254s][info][gc          ] GC(105) Pause Final Update Refs 0.095ms
[1018.254s][info][gc,start    ] GC(105) Concurrent cleanup
[1018.254s][info][gc          ] GC(105) Concurrent cleanup 5580M->764M(8192M) 0.062ms
[1018.254s][info][gc,ergo     ] Free: 7015M, Max: 4096K regular, 5392M humongous, Frag: 23% external, 0% internal; Reserve: 412M, Max: 4096K
[1018.254s][info][gc,stats    ] 
[1018.254s][info][gc,stats    ] All times are wall-clock times, except per-root-class counters, that are sum over
[1018.254s][info][gc,stats    ] all workers. Dividing the <total> over the root stage time estimates parallelism.
[1018.254s][info][gc,stats    ] 
[1018.254s][info][gc,stats    ] Concurrent Reset                   9094 us
[1018.254s][info][gc,stats    ] Pause Init Mark (G)                 168 us
[1018.254s][info][gc,stats    ] Pause Init Mark (N)                 125 us
[1018.254s][info][gc,stats    ]   Update Region States               37 us
[1018.254s][info][gc,stats    ] Concurrent Mark Roots              8205 us, parallelism: 1.95x
[1018.254s][info][gc,stats    ]   CMR: <total>                    16039 us
[1018.254s][info][gc,stats    ]   CMR: Thread Roots                1454 us, workers (us): 740, 714, ---, ---, 
[1018.254s][info][gc,stats    ]   CMR: Code Cache Roots           13892 us, workers (us): 6599, 7293, ---, ---, 
[1018.254s][info][gc,stats    ]   CMR: VM Strong Roots               14 us, workers (us):  14,   0, ---, ---, 
[1018.254s][info][gc,stats    ]   CMR: CLDG Roots                   679 us, workers (us): 679, ---, ---, ---, 
[1018.254s][info][gc,stats    ] Concurrent Marking               230224 us
[1018.254s][info][gc,stats    ] Pause Final Mark (G)                429 us
[1018.254s][info][gc,stats    ] Pause Final Mark (N)                359 us
[1018.254s][info][gc,stats    ]   Finish Mark                        74 us
[1018.254s][info][gc,stats    ]   Update Region States               56 us
[1018.254s][info][gc,stats    ]   Choose Collection Set             153 us
[1018.254s][info][gc,stats    ]   Rebuild Free Set                   10 us
[1018.254s][info][gc,stats    ] Concurrent Thread Roots             862 us, parallelism: 1.81x
[1018.254s][info][gc,stats    ]   CTR: <total>                     1559 us
[1018.254s][info][gc,stats    ]   CTR: Thread Roots                1559 us, workers (us): 793, 766, ---, ---, 
[1018.254s][info][gc,stats    ] Concurrent Weak References          616 us, parallelism: 0.88x
[1018.254s][info][gc,stats    ]   CWRF: <total>                     545 us
[1018.254s][info][gc,stats    ]   CWRF: Weak References             545 us, workers (us):  17, 528, ---, ---, 
[1018.254s][info][gc,stats    ] Concurrent Weak Roots               923 us
[1018.254s][info][gc,stats    ]   Roots                             864 us, parallelism: 1.81x
[1018.254s][info][gc,stats    ]     CWR: <total>                   1559 us
[1018.254s][info][gc,stats    ]     CWR: VM Weak Roots             1559 us, workers (us): 779, 780, ---, ---, 
[1018.254s][info][gc,stats    ]   Rendezvous                         23 us
[1018.254s][info][gc,stats    ] Concurrent Cleanup                   46 us
[1018.254s][info][gc,stats    ] Concurrent Strong Roots            5825 us, parallelism: 1.96x
[1018.254s][info][gc,stats    ]   CSR: <total>                    11391 us
[1018.254s][info][gc,stats    ]   CSR: Code Cache Roots           11130 us, workers (us): 5460, 5670, ---, ---, 
[1018.254s][info][gc,stats    ]   CSR: VM Strong Roots                9 us, workers (us):   9,   0, ---, ---, 
[1018.254s][info][gc,stats    ]   CSR: CLDG Roots                   252 us, workers (us): 252, ---, ---, ---, 
[1018.254s][info][gc,stats    ] Concurrent Evacuation             37158 us
[1018.254s][info][gc,stats    ] Pause Init Update Refs (G)          104 us
[1018.254s][info][gc,stats    ] Pause Init Update Refs (N)           63 us
[1018.254s][info][gc,stats    ]   Manage GCLABs                       6 us
[1018.254s][info][gc,stats    ] Concurrent Update Refs           132816 us
[1018.254s][info][gc,stats    ] Concurrent Update Thread Roots     1474 us
[1018.254s][info][gc,stats    ] Pause Final Update Refs (G)         138 us
[1018.254s][info][gc,stats    ] Pause Final Update Refs (N)         110 us
[1018.254s][info][gc,stats    ]   Update Region States               33 us
[1018.254s][info][gc,stats    ]   Trash Collection Set               14 us
[1018.254s][info][gc,stats    ]   Rebuild Free Set                   11 us
[1018.254s][info][gc,stats    ] Concurrent Cleanup                   75 us
[1018.254s][info][gc,stats    ] 
[1018.254s][info][gc,stats    ] Allocation pacing accrued:
[1018.254s][info][gc,stats    ]       0 of 11078 ms (  0.0%): <total>
[1018.254s][info][gc,stats    ]       0 of 11078 ms (  0.0%): <average total>
[1018.254s][info][gc,stats    ] 
[1018.254s][info][gc,metaspace] Metaspace: 135960K(137408K)->135960K(137408K) NonClass: 114921K(115712K)->114921K(115712K) Class: 21038K(21696K)->21038K(21696K)
[1018.254s][info][gc,ergo     ] Pacer for Idle. Initial: 163M, Alloc Tax Rate: 1.0x
[1025.800s][info][gc          ] Trigger: Average GC time (447.99 ms) is above the time for instantaneous allocation rate (1628 MB/s) to deplete free headroom (676M) (spike threshold = 1.79)
[1025.800s][info][gc,ergo     ] Free: 1079M, Max: 4096K regular, 544M humongous, Frag: 49% external, 0% internal; Reserve: 412M, Max: 4096K
[1025.800s][info][gc,start    ] GC(106) Concurrent reset
[1025.800s][info][gc,task     ] GC(106) Using 2 of 4 workers for concurrent reset
[1025.800s][info][gc,ergo     ] GC(106) Pacer for Reset. Non-Taxable: 8192M
[1025.819s][info][gc          ] GC(106) Concurrent reset 19.084ms
[1025.819s][info][gc,start    ] GC(106) Pause Init Mark
[1025.819s][info][gc,task     ] GC(106) Using 4 of 4 workers for init marking
[1025.819s][info][gc,ergo     ] GC(106) Pacer for Mark. Expected Live: 447M, Free: 1059M, Non-Taxable: 105M, Alloc Tax Rate: 0.5x
[1025.819s][info][gc          ] GC(106) Pause Init Mark 0.114ms
[1025.820s][info][gc,start    ] GC(106) Concurrent marking roots
[1025.820s][info][gc,task     ] GC(106) Using 2 of 4 workers for concurrent marking roots
[1025.828s][info][gc          ] GC(106) Concurrent marking roots 8.723ms
[1025.828s][info][gc,start    ] GC(106) Concurrent marking
[1025.828s][info][gc,task     ] GC(106) Using 2 of 4 workers for concurrent marking
[1026.059s][info][gc          ] GC(106) Concurrent marking 231.031ms
[1026.059s][info][gc,start    ] GC(106) Pause Final Mark
[1026.059s][info][gc,task     ] GC(106) Using 4 of 4 workers for final marking
[1026.060s][info][gc,ergo     ] GC(106) Adaptive CSet Selection. Target Free: 1160M, Actual Free: 2656M, Max CSet: 341M, Min Garbage: 0B
[1026.060s][info][gc,ergo     ] GC(106) Collectable Garbage: 6200M (99%), Immediate: 1372M (22%), CSet: 4828M (77%)
[1026.060s][info][gc,ergo     ] GC(106) Pacer for Evacuation. Used CSet: 4940M, Free: 2259M, Non-Taxable: 225M, Alloc Tax Rate: 5.3x
[1026.060s][info][gc          ] GC(106) Pause Final Mark 0.327ms
[1026.060s][info][gc,start    ] GC(106) Concurrent thread roots
[1026.060s][info][gc,task     ] GC(106) Using 2 of 4 workers for Concurrent thread roots
[1026.061s][info][gc          ] GC(106) Concurrent thread roots 0.889ms
[1026.061s][info][gc,start    ] GC(106) Concurrent weak references
[1026.061s][info][gc,task     ] GC(106) Using 2 of 4 workers for concurrent weak references
[1026.061s][info][gc,ref      ] GC(106) Encountered references: Soft: 6549, Weak: 23526, Final: 34, Phantom: 983
[1026.061s][info][gc,ref      ] GC(106) Discovered  references: Soft: 0, Weak: 12107, Final: 0, Phantom: 860
[1026.061s][info][gc,ref      ] GC(106) Enqueued    references: Soft: 0, Weak: 3, Final: 0, Phantom: 1
[1026.061s][info][gc          ] GC(106) Concurrent weak references 0.593ms
[1026.061s][info][gc,start    ] GC(106) Concurrent weak roots
[1026.061s][info][gc,task     ] GC(106) Using 2 of 4 workers for concurrent weak root
[1026.062s][info][gc          ] GC(106) Concurrent weak roots 0.933ms
[1026.062s][info][gc,start    ] GC(106) Concurrent cleanup
[1026.062s][info][gc          ] GC(106) Concurrent cleanup 6901M->5529M(8192M) 0.032ms
[1026.062s][info][gc,ergo     ] GC(106) Free: 2251M, Max: 4096K regular, 544M humongous, Frag: 76% external, 0% internal; Reserve: 411M, Max: 4096K
[1026.062s][info][gc,start    ] GC(106) Concurrent strong roots
[1026.062s][info][gc,task     ] GC(106) Using 2 of 4 workers for concurrent strong root
[1026.069s][info][gc          ] GC(106) Concurrent strong roots 6.242ms
[1026.069s][info][gc,start    ] GC(106) Concurrent evacuation
[1026.069s][info][gc,task     ] GC(106) Using 2 of 4 workers for concurrent evacuation
[1026.123s][info][gc          ] GC(106) Concurrent evacuation 54.480ms
[1026.123s][info][gc,start    ] GC(106) Pause Init Update Refs
[1026.123s][info][gc,ergo     ] GC(106) Pacer for Update Refs. Used: 5676M, Free: 2219M, Non-Taxable: 221M, Alloc Tax Rate: 3.1x
[1026.123s][info][gc          ] GC(106) Pause Init Update Refs 0.048ms
[1026.123s][info][gc,start    ] GC(106) Concurrent update references
[1026.123s][info][gc,task     ] GC(106) Using 2 of 4 workers for concurrent reference update
[1026.271s][info][gc          ] GC(106) Concurrent update references 147.599ms
[1026.271s][info][gc,start    ] GC(106) Concurrent update thread roots
[1026.272s][info][gc          ] GC(106) Concurrent update thread roots 1.336ms
[1026.272s][info][gc,start    ] GC(106) Pause Final Update Refs
[1026.272s][info][gc,task     ] GC(106) Using 4 of 4 workers for final reference update
[1026.272s][info][gc          ] GC(106) Pause Final Update Refs 0.138ms
[1026.272s][info][gc,start    ] GC(106) Concurrent cleanup
[1026.272s][info][gc          ] GC(106) Concurrent cleanup 5780M->840M(8192M) 0.060ms
[1026.273s][info][gc,ergo     ] Free: 6939M, Max: 4096K regular, 4964M humongous, Frag: 29% external, 0% internal; Reserve: 412M, Max: 4096K
[1026.273s][info][gc,stats    ] 
[1026.273s][info][gc,stats    ] All times are wall-clock times, except per-root-class counters, that are sum over
[1026.273s][info][gc,stats    ] all workers. Dividing the <total> over the root stage time estimates parallelism.
[1026.273s][info][gc,stats    ] 
[1026.273s][info][gc,stats    ] Concurrent Reset                  19135 us
[1026.273s][info][gc,stats    ] Pause Init Mark (G)                 249 us
[1026.273s][info][gc,stats    ] Pause Init Mark (N)                 125 us
[1026.273s][info][gc,stats    ]   Update Region States               48 us
[1026.273s][info][gc,stats    ] Concurrent Mark Roots              8752 us, parallelism: 1.93x
[1026.273s][info][gc,stats    ]   CMR: <total>                    16855 us
[1026.273s][info][gc,stats    ]   CMR: Thread Roots                1566 us, workers (us): 804, 761, ---, ---, 
[1026.273s][info][gc,stats    ]   CMR: Code Cache Roots           14305 us, workers (us): 6674, 7631, ---, ---, 
[1026.273s][info][gc,stats    ]   CMR: VM Strong Roots               55 us, workers (us):  27,  28, ---, ---, 
[1026.273s][info][gc,stats    ]   CMR: CLDG Roots                   929 us, workers (us): 929, ---, ---, ---, 
[1026.273s][info][gc,stats    ] Concurrent Marking               231078 us
[1026.273s][info][gc,stats    ] Pause Final Mark (G)                365 us
[1026.273s][info][gc,stats    ] Pause Final Mark (N)                338 us
[1026.273s][info][gc,stats    ]   Finish Mark                        67 us
[1026.273s][info][gc,stats    ]   Update Region States               53 us
[1026.273s][info][gc,stats    ]   Choose Collection Set             140 us
[1026.273s][info][gc,stats    ]   Rebuild Free Set                   10 us
[1026.273s][info][gc,stats    ] Concurrent Thread Roots             912 us, parallelism: 1.83x
[1026.273s][info][gc,stats    ]   CTR: <total>                     1672 us
[1026.273s][info][gc,stats    ]   CTR: Thread Roots                1672 us, workers (us): 848, 824, ---, ---, 
[1026.273s][info][gc,stats    ] Concurrent Weak References          604 us, parallelism: 0.91x
[1026.273s][info][gc,stats    ]   CWRF: <total>                     553 us
[1026.273s][info][gc,stats    ]   CWRF: Weak References             553 us, workers (us): 488,  64, ---, ---, 
[1026.273s][info][gc,stats    ] Concurrent Weak Roots               953 us
[1026.273s][info][gc,stats    ]   Roots                             856 us, parallelism: 1.75x
[1026.273s][info][gc,stats    ]     CWR: <total>                   1500 us
[1026.273s][info][gc,stats    ]     CWR: VM Weak Roots             1500 us, workers (us): 751, 749, ---, ---, 
[1026.273s][info][gc,stats    ]   Rendezvous                         55 us
[1026.273s][info][gc,stats    ] Concurrent Cleanup                   44 us
[1026.273s][info][gc,stats    ] Concurrent Strong Roots            6280 us, parallelism: 1.96x
[1026.273s][info][gc,stats    ]   CSR: <total>                    12329 us
[1026.273s][info][gc,stats    ]   CSR: Code Cache Roots           12093 us, workers (us): 6162, 5930, ---, ---, 
[1026.273s][info][gc,stats    ]   CSR: VM Strong Roots                7 us, workers (us):   4,   3, ---, ---, 
[1026.273s][info][gc,stats    ]   CSR: CLDG Roots                   230 us, workers (us): ---, 230, ---, ---, 
[1026.273s][info][gc,stats    ] Concurrent Evacuation             54530 us
[1026.273s][info][gc,stats    ] Pause Init Update Refs (G)          113 us
[1026.273s][info][gc,stats    ] Pause Init Update Refs (N)           61 us
[1026.273s][info][gc,stats    ]   Manage GCLABs                       5 us
[1026.273s][info][gc,stats    ] Concurrent Update Refs           147642 us
[1026.273s][info][gc,stats    ] Concurrent Update Thread Roots     1356 us
[1026.273s][info][gc,stats    ] Pause Final Update Refs (G)         223 us
[1026.273s][info][gc,stats    ] Pause Final Update Refs (N)         159 us
[1026.273s][info][gc,stats    ]   Update Region States               73 us
[1026.273s][info][gc,stats    ]   Trash Collection Set               16 us
[1026.273s][info][gc,stats    ]   Rebuild Free Set                   11 us
[1026.273s][info][gc,stats    ] Concurrent Cleanup                   74 us
[1026.273s][info][gc,stats    ] 
[1026.273s][info][gc,stats    ] Allocation pacing accrued:
[1026.273s][info][gc,stats    ]       0 of  8019 ms (  0.0%): <total>
[1026.273s][info][gc,stats    ]       0 of  8019 ms (  0.0%): <average total>
[1026.273s][info][gc,stats    ] 
[1026.273s][info][gc,metaspace] Metaspace: 135970K(137408K)->135970K(137408K) NonClass: 114931K(115712K)->114931K(115712K) Class: 21039K(21696K)->21039K(21696K)
[1026.273s][info][gc,ergo     ] Pacer for Idle. Initial: 163M, Alloc Tax Rate: 1.0x
[1034.685s][info][gc          ] Trigger: Free (815M) is below minimum threshold (819M)
[1034.685s][info][gc,ergo     ] Free: 815M, Max: 4096K regular, 496M humongous, Frag: 38% external, 0% internal; Reserve: 412M, Max: 4096K
[1034.685s][info][gc,start    ] GC(107) Concurrent reset
[1034.685s][info][gc,task     ] GC(107) Using 2 of 4 workers for concurrent reset
[1034.685s][info][gc,ergo     ] GC(107) Pacer for Reset. Non-Taxable: 8192M
[1034.701s][info][gc          ] GC(107) Concurrent reset 16.583ms
[1034.701s][info][gc,start    ] GC(107) Pause Init Mark
[1034.702s][info][gc,task     ] GC(107) Using 4 of 4 workers for init marking
[1034.702s][info][gc,ergo     ] GC(107) Pacer for Mark. Expected Live: 452M, Free: 811M, Non-Taxable: 83072K, Alloc Tax Rate: 0.7x
[1034.702s][info][gc          ] GC(107) Pause Init Mark 0.124ms
[1034.702s][info][gc,start    ] GC(107) Concurrent marking roots
[1034.702s][info][gc,task     ] GC(107) Using 2 of 4 workers for concurrent marking roots
[1034.712s][info][gc          ] GC(107) Concurrent marking roots 10.812ms
[1034.713s][info][gc,start    ] GC(107) Concurrent marking
[1034.713s][info][gc,task     ] GC(107) Using 2 of 4 workers for concurrent marking
[1034.927s][info][gc          ] GC(107) Concurrent marking 214.739ms
[1034.927s][info][gc,start    ] GC(107) Pause Final Mark
[1034.927s][info][gc,task     ] GC(107) Using 4 of 4 workers for final marking
[1034.927s][info][gc,ergo     ] GC(107) Adaptive CSet Selection. Target Free: 1160M, Actual Free: 3548M, Max CSet: 341M, Min Garbage: 0B
[1034.928s][info][gc,ergo     ] GC(107) Collectable Garbage: 6499M (99%), Immediate: 2428M (37%), CSet: 4071M (62%)
[1034.928s][info][gc,ergo     ] GC(107) Pacer for Evacuation. Used CSet: 4136M, Free: 3151M, Non-Taxable: 315M, Alloc Tax Rate: 3.2x
[1034.928s][info][gc          ] GC(107) Pause Final Mark 0.296ms
[1034.928s][info][gc,start    ] GC(107) Concurrent thread roots
[1034.928s][info][gc,task     ] GC(107) Using 2 of 4 workers for Concurrent thread roots
[1034.928s][info][gc          ] GC(107) Concurrent thread roots 0.836ms
[1034.928s][info][gc,start    ] GC(107) Concurrent weak references
[1034.929s][info][gc,task     ] GC(107) Using 2 of 4 workers for concurrent weak references
[1034.929s][info][gc,ref      ] GC(107) Encountered references: Soft: 6557, Weak: 23605, Final: 34, Phantom: 1015
[1034.929s][info][gc,ref      ] GC(107) Discovered  references: Soft: 0, Weak: 3833, Final: 1, Phantom: 888
[1034.929s][info][gc,ref      ] GC(107) Enqueued    references: Soft: 0, Weak: 40, Final: 0, Phantom: 33
[1034.929s][info][gc          ] GC(107) Concurrent weak references 0.215ms
[1034.929s][info][gc,start    ] GC(107) Concurrent weak roots
[1034.929s][info][gc,task     ] GC(107) Using 2 of 4 workers for concurrent weak root
[1034.930s][info][gc          ] GC(107) Concurrent weak roots 0.873ms
[1034.930s][info][gc,start    ] GC(107) Concurrent cleanup
[1034.930s][info][gc          ] GC(107) Concurrent cleanup 7065M->4637M(8192M) 0.038ms
[1034.930s][info][gc,ergo     ] GC(107) Free: 3142M, Max: 4096K regular, 496M humongous, Frag: 85% external, 0% internal; Reserve: 411M, Max: 4096K
[1034.930s][info][gc,start    ] GC(107) Concurrent strong roots
[1034.930s][info][gc,task     ] GC(107) Using 2 of 4 workers for concurrent strong root
[1034.935s][info][gc          ] GC(107) Concurrent strong roots 5.615ms
[1034.935s][info][gc,start    ] GC(107) Concurrent evacuation
[1034.935s][info][gc,task     ] GC(107) Using 2 of 4 workers for concurrent evacuation
[1034.966s][info][gc          ] GC(107) Concurrent evacuation 30.283ms
[1034.966s][info][gc,start    ] GC(107) Pause Init Update Refs
[1034.966s][info][gc,ergo     ] GC(107) Pacer for Update Refs. Used: 4705M, Free: 3142M, Non-Taxable: 314M, Alloc Tax Rate: 1.8x
[1034.966s][info][gc          ] GC(107) Pause Init Update Refs 0.044ms
[1034.966s][info][gc,start    ] GC(107) Concurrent update references
[1034.966s][info][gc,task     ] GC(107) Using 2 of 4 workers for concurrent reference update
[1035.084s][info][gc          ] GC(107) Concurrent update references 118.433ms
[1035.084s][info][gc,start    ] GC(107) Concurrent update thread roots
[1035.086s][info][gc          ] GC(107) Concurrent update thread roots 1.472ms
[1035.086s][info][gc,start    ] GC(107) Pause Final Update Refs
[1035.086s][info][gc,task     ] GC(107) Using 4 of 4 workers for final reference update
[1035.086s][info][gc          ] GC(107) Pause Final Update Refs 0.120ms
[1035.086s][info][gc,start    ] GC(107) Concurrent cleanup
[1035.086s][info][gc          ] GC(107) Concurrent cleanup 4757M->621M(8192M) 0.061ms
[1035.086s][info][gc,ergo     ] Free: 7158M, Max: 4096K regular, 5352M humongous, Frag: 25% external, 0% internal; Reserve: 412M, Max: 4096K
[1035.086s][info][gc,stats    ] 
[1035.086s][info][gc,stats    ] All times are wall-clock times, except per-root-class counters, that are sum over
[1035.086s][info][gc,stats    ] all workers. Dividing the <total> over the root stage time estimates parallelism.
[1035.086s][info][gc,stats    ] 
[1035.086s][info][gc,stats    ] Concurrent Reset                  16697 us
[1035.086s][info][gc,stats    ] Pause Init Mark (G)                 268 us
[1035.086s][info][gc,stats    ] Pause Init Mark (N)                 135 us
[1035.086s][info][gc,stats    ]   Update Region States               43 us
[1035.086s][info][gc,stats    ] Concurrent Mark Roots             10850 us, parallelism: 1.93x
[1035.086s][info][gc,stats    ]   CMR: <total>                    20988 us
[1035.086s][info][gc,stats    ]   CMR: Thread Roots                1446 us, workers (us): 721, 725, ---, ---, 
[1035.086s][info][gc,stats    ]   CMR: Code Cache Roots           18236 us, workers (us): 9769, 8468, ---, ---, 
[1035.086s][info][gc,stats    ]   CMR: VM Strong Roots               20 us, workers (us):  10,   9, ---, ---, 
[1035.086s][info][gc,stats    ]   CMR: CLDG Roots                  1286 us, workers (us): ---, 1286, ---, ---, 
[1035.086s][info][gc,stats    ] Concurrent Marking               214773 us
[1035.086s][info][gc,stats    ] Pause Final Mark (G)                333 us
[1035.086s][info][gc,stats    ] Pause Final Mark (N)                307 us
[1035.086s][info][gc,stats    ]   Finish Mark                        65 us
[1035.086s][info][gc,stats    ]   Update Region States               46 us
[1035.086s][info][gc,stats    ]   Choose Collection Set             121 us
[1035.086s][info][gc,stats    ]   Rebuild Free Set                    9 us
[1035.086s][info][gc,stats    ] Concurrent Thread Roots             859 us, parallelism: 1.73x
[1035.086s][info][gc,stats    ]   CTR: <total>                     1489 us
[1035.086s][info][gc,stats    ]   CTR: Thread Roots                1489 us, workers (us): 771, 718, ---, ---, 
[1035.086s][info][gc,stats    ] Concurrent Weak References          226 us, parallelism: 1.15x
[1035.086s][info][gc,stats    ]   CWRF: <total>                     261 us
[1035.086s][info][gc,stats    ]   CWRF: Weak References             261 us, workers (us): 125, 135, ---, ---, 
[1035.086s][info][gc,stats    ] Concurrent Weak Roots               888 us
[1035.086s][info][gc,stats    ]   Roots                             828 us, parallelism: 1.80x
[1035.086s][info][gc,stats    ]     CWR: <total>                   1489 us
[1035.086s][info][gc,stats    ]     CWR: VM Weak Roots             1489 us, workers (us): 745, 744, ---, ---, 
[1035.086s][info][gc,stats    ]   Rendezvous                         24 us
[1035.086s][info][gc,stats    ] Concurrent Cleanup                   50 us
[1035.086s][info][gc,stats    ] Concurrent Strong Roots            5642 us, parallelism: 1.96x
[1035.086s][info][gc,stats    ]   CSR: <total>                    11055 us
[1035.086s][info][gc,stats    ]   CSR: Code Cache Roots           10830 us, workers (us): 5307, 5523, ---, ---, 
[1035.086s][info][gc,stats    ]   CSR: VM Strong Roots                8 us, workers (us):   8,   0, ---, ---, 
[1035.086s][info][gc,stats    ]   CSR: CLDG Roots                   217 us, workers (us): 217, ---, ---, ---, 
[1035.086s][info][gc,stats    ] Concurrent Evacuation             30326 us
[1035.086s][info][gc,stats    ] Pause Init Update Refs (G)          115 us
[1035.086s][info][gc,stats    ] Pause Init Update Refs (N)           55 us
[1035.086s][info][gc,stats    ]   Manage GCLABs                       6 us
[1035.086s][info][gc,stats    ] Concurrent Update Refs           118481 us
[1035.086s][info][gc,stats    ] Concurrent Update Thread Roots     1500 us
[1035.086s][info][gc,stats    ] Pause Final Update Refs (G)         201 us
[1035.087s][info][gc,stats    ] Pause Final Update Refs (N)         141 us
[1035.087s][info][gc,stats    ]   Update Region States               59 us
[1035.087s][info][gc,stats    ]   Trash Collection Set               13 us
[1035.087s][info][gc,stats    ]   Rebuild Free Set                   11 us
[1035.087s][info][gc,stats    ] Concurrent Cleanup                   76 us
[1035.087s][info][gc,stats    ] 
[1035.087s][info][gc,stats    ] Allocation pacing accrued:
[1035.087s][info][gc,stats    ]       0 of  8814 ms (  0.0%): <total>
[1035.087s][info][gc,stats    ]       0 of  8814 ms (  0.0%): <average total>
[1035.087s][info][gc,stats    ] 
[1035.087s][info][gc,metaspace] Metaspace: 136168K(137600K)->136168K(137600K) NonClass: 115098K(115904K)->115098K(115904K) Class: 21069K(21696K)->21069K(21696K)
[1035.087s][info][gc,ergo     ] Pacer for Idle. Initial: 163M, Alloc Tax Rate: 1.0x
[1045.973s][info][gc          ] Trigger: Free (818M) is below minimum threshold (819M)
[1045.973s][info][gc,ergo     ] Free: 818M, Max: 4096K regular, 548M humongous, Frag: 32% external, 0% internal; Reserve: 412M, Max: 4096K
[1045.973s][info][gc,start    ] GC(108) Concurrent reset
[1045.973s][info][gc,task     ] GC(108) Using 2 of 4 workers for concurrent reset
[1045.973s][info][gc,ergo     ] GC(108) Pacer for Reset. Non-Taxable: 8192M
[1045.986s][info][gc          ] GC(108) Concurrent reset 12.585ms
[1045.986s][info][gc,start    ] GC(108) Pause Init Mark
[1045.986s][info][gc,task     ] GC(108) Using 4 of 4 workers for init marking
[1045.986s][info][gc,ergo     ] GC(108) Pacer for Mark. Expected Live: 450M, Free: 806M, Non-Taxable: 82606K, Alloc Tax Rate: 0.7x
[1045.986s][info][gc          ] GC(108) Pause Init Mark 0.117ms
[1045.986s][info][gc,start    ] GC(108) Concurrent marking roots
[1045.986s][info][gc,task     ] GC(108) Using 2 of 4 workers for concurrent marking roots
[1045.995s][info][gc          ] GC(108) Concurrent marking roots 8.513ms
[1045.995s][info][gc,start    ] GC(108) Concurrent marking
[1045.995s][info][gc,task     ] GC(108) Using 2 of 4 workers for concurrent marking
[1046.214s][info][gc          ] GC(108) Concurrent marking 218.915ms
[1046.214s][info][gc,start    ] GC(108) Pause Final Mark
[1046.214s][info][gc,task     ] GC(108) Using 4 of 4 workers for final marking
[1046.214s][info][gc,ergo     ] GC(108) Adaptive CSet Selection. Target Free: 1160M, Actual Free: 3016M, Max CSet: 341M, Min Garbage: 0B
[1046.214s][info][gc,ergo     ] GC(108) Collectable Garbage: 6493M (99%), Immediate: 1936M (29%), CSet: 4557M (69%)
[1046.214s][info][gc,ergo     ] GC(108) Pacer for Evacuation. Used CSet: 4632M, Free: 2619M, Non-Taxable: 261M, Alloc Tax Rate: 4.3x
[1046.214s][info][gc          ] GC(108) Pause Final Mark 0.324ms
[1046.214s][info][gc,start    ] GC(108) Concurrent thread roots
[1046.214s][info][gc,task     ] GC(108) Using 2 of 4 workers for Concurrent thread roots
[1046.215s][info][gc          ] GC(108) Concurrent thread roots 0.843ms
[1046.215s][info][gc,start    ] GC(108) Concurrent weak references
[1046.215s][info][gc,task     ] GC(108) Using 2 of 4 workers for concurrent weak references
[1046.216s][info][gc,ref      ] GC(108) Encountered references: Soft: 6557, Weak: 23574, Final: 34, Phantom: 997
[1046.216s][info][gc,ref      ] GC(108) Discovered  references: Soft: 0, Weak: 11822, Final: 0, Phantom: 759
[1046.216s][info][gc,ref      ] GC(108) Enqueued    references: Soft: 0, Weak: 4, Final: 0, Phantom: 0
[1046.216s][info][gc          ] GC(108) Concurrent weak references 0.549ms
[1046.216s][info][gc,start    ] GC(108) Concurrent weak roots
[1046.216s][info][gc,task     ] GC(108) Using 2 of 4 workers for concurrent weak root
[1046.217s][info][gc          ] GC(108) Concurrent weak roots 0.969ms
[1046.217s][info][gc,start    ] GC(108) Concurrent cleanup
[1046.217s][info][gc          ] GC(108) Concurrent cleanup 7105M->5169M(8192M) 0.035ms
[1046.217s][info][gc,ergo     ] GC(108) Free: 2610M, Max: 4096K regular, 552M humongous, Frag: 79% external, 0% internal; Reserve: 411M, Max: 4096K
[1046.217s][info][gc,start    ] GC(108) Concurrent strong roots
[1046.217s][info][gc,task     ] GC(108) Using 2 of 4 workers for concurrent strong root
[1046.223s][info][gc          ] GC(108) Concurrent strong roots 6.244ms
[1046.223s][info][gc,start    ] GC(108) Concurrent evacuation
[1046.223s][info][gc,task     ] GC(108) Using 2 of 4 workers for concurrent evacuation
[1046.268s][info][gc          ] GC(108) Concurrent evacuation 44.870ms
[1046.268s][info][gc,start    ] GC(108) Pause Init Update Refs
[1046.268s][info][gc,ergo     ] GC(108) Pacer for Update Refs. Used: 5277M, Free: 2582M, Non-Taxable: 258M, Alloc Tax Rate: 2.5x
[1046.268s][info][gc          ] GC(108) Pause Init Update Refs 0.046ms
[1046.268s][info][gc,start    ] GC(108) Concurrent update references
[1046.268s][info][gc,task     ] GC(108) Using 2 of 4 workers for concurrent reference update
[1046.399s][info][gc          ] GC(108) Concurrent update references 130.855ms
[1046.399s][info][gc,start    ] GC(108) Concurrent update thread roots
[1046.400s][info][gc          ] GC(108) Concurrent update thread roots 1.468ms
[1046.400s][info][gc,start    ] GC(108) Pause Final Update Refs
[1046.400s][info][gc,task     ] GC(108) Using 4 of 4 workers for final reference update
[1046.401s][info][gc          ] GC(108) Pause Final Update Refs 0.095ms
[1046.401s][info][gc,start    ] GC(108) Concurrent cleanup
[1046.401s][info][gc          ] GC(108) Concurrent cleanup 5333M->701M(8192M) 0.061ms
[1046.401s][info][gc,ergo     ] Free: 7078M, Max: 4096K regular, 5312M humongous, Frag: 25% external, 0% internal; Reserve: 412M, Max: 4096K
[1046.401s][info][gc,stats    ] 
[1046.401s][info][gc,stats    ] All times are wall-clock times, except per-root-class counters, that are sum over
[1046.401s][info][gc,stats    ] all workers. Dividing the <total> over the root stage time estimates parallelism.
[1046.401s][info][gc,stats    ] 
[1046.401s][info][gc,stats    ] Concurrent Reset                  12645 us
[1046.401s][info][gc,stats    ] Pause Init Mark (G)                 231 us
[1046.401s][info][gc,stats    ] Pause Init Mark (N)                 129 us
[1046.401s][info][gc,stats    ]   Update Region States               49 us
[1046.401s][info][gc,stats    ] Concurrent Mark Roots              8545 us, parallelism: 1.94x
[1046.401s][info][gc,stats    ]   CMR: <total>                    16579 us
[1046.401s][info][gc,stats    ]   CMR: Thread Roots                1423 us, workers (us): 705, 717, ---, ---, 
[1046.401s][info][gc,stats    ]   CMR: Code Cache Roots           14448 us, workers (us): 6891, 7557, ---, ---, 
[1046.401s][info][gc,stats    ]   CMR: VM Strong Roots               14 us, workers (us):  13,   0, ---, ---, 
[1046.401s][info][gc,stats    ]   CMR: CLDG Roots                   695 us, workers (us): 695, ---, ---, ---, 
[1046.401s][info][gc,stats    ] Concurrent Marking               218963 us
[1046.401s][info][gc,stats    ] Pause Final Mark (G)                363 us
[1046.401s][info][gc,stats    ] Pause Final Mark (N)                335 us
[1046.401s][info][gc,stats    ]   Finish Mark                        68 us
[1046.401s][info][gc,stats    ]   Update Region States               44 us
[1046.401s][info][gc,stats    ]   Choose Collection Set             144 us
[1046.401s][info][gc,stats    ]   Rebuild Free Set                   11 us
[1046.401s][info][gc,stats    ] Concurrent Thread Roots             859 us, parallelism: 1.84x
[1046.401s][info][gc,stats    ]   CTR: <total>                     1581 us
[1046.401s][info][gc,stats    ]   CTR: Thread Roots                1581 us, workers (us): 807, 773, ---, ---, 
[1046.401s][info][gc,stats    ] Concurrent Weak References          560 us, parallelism: 0.92x
[1046.401s][info][gc,stats    ]   CWRF: <total>                     517 us
[1046.401s][info][gc,stats    ]   CWRF: Weak References             517 us, workers (us):  66, 451, ---, ---, 
[1046.401s][info][gc,stats    ] Concurrent Weak Roots               983 us
[1046.401s][info][gc,stats    ]   Roots                             885 us, parallelism: 1.76x
[1046.401s][info][gc,stats    ]     CWR: <total>                   1555 us
[1046.401s][info][gc,stats    ]     CWR: VM Weak Roots             1555 us, workers (us): 795, 760, ---, ---, 
[1046.401s][info][gc,stats    ]   Rendezvous                         64 us
[1046.401s][info][gc,stats    ] Concurrent Cleanup                   47 us
[1046.401s][info][gc,stats    ] Concurrent Strong Roots            6281 us, parallelism: 1.96x
[1046.401s][info][gc,stats    ]   CSR: <total>                    12293 us
[1046.401s][info][gc,stats    ]   CSR: Code Cache Roots           12057 us, workers (us): 5910, 6146, ---, ---, 
[1046.401s][info][gc,stats    ]   CSR: VM Strong Roots                8 us, workers (us):   8,   0, ---, ---, 
[1046.401s][info][gc,stats    ]   CSR: CLDG Roots                   229 us, workers (us): 229, ---, ---, ---, 
[1046.401s][info][gc,stats    ] Concurrent Evacuation             44920 us
[1046.401s][info][gc,stats    ] Pause Init Update Refs (G)           89 us
[1046.401s][info][gc,stats    ] Pause Init Update Refs (N)           57 us
[1046.401s][info][gc,stats    ]   Manage GCLABs                       6 us
[1046.401s][info][gc,stats    ] Concurrent Update Refs           130901 us
[1046.401s][info][gc,stats    ] Concurrent Update Thread Roots     1493 us
[1046.401s][info][gc,stats    ] Pause Final Update Refs (G)         234 us
[1046.401s][info][gc,stats    ] Pause Final Update Refs (N)         121 us
[1046.401s][info][gc,stats    ]   Update Region States               37 us
[1046.401s][info][gc,stats    ]   Trash Collection Set               11 us
[1046.401s][info][gc,stats    ]   Rebuild Free Set                   12 us
[1046.401s][info][gc,stats    ] Concurrent Cleanup                   78 us
[1046.401s][info][gc,stats    ] 
[1046.401s][info][gc,stats    ] Allocation pacing accrued:
[1046.401s][info][gc,stats    ]       0 of 11315 ms (  0.0%): <total>
[1046.401s][info][gc,stats    ]       0 of 11315 ms (  0.0%): <average total>
[1046.401s][info][gc,stats    ] 
[1046.401s][info][gc,metaspace] Metaspace: 136170K(137664K)->136170K(137664K) NonClass: 115100K(115968K)->115100K(115968K) Class: 21069K(21696K)->21069K(21696K)
[1046.401s][info][gc,ergo     ] Pacer for Idle. Initial: 163M, Alloc Tax Rate: 1.0x
[1056.314s][info][gc          ] Trigger: Free (818M) is below minimum threshold (819M)
[1056.314s][info][gc,ergo     ] Free: 818M, Max: 4096K regular, 540M humongous, Frag: 33% external, 0% internal; Reserve: 412M, Max: 4096K
[1056.314s][info][gc,start    ] GC(109) Concurrent reset
[1056.314s][info][gc,task     ] GC(109) Using 2 of 4 workers for concurrent reset
[1056.314s][info][gc,ergo     ] GC(109) Pacer for Reset. Non-Taxable: 8192M
[1056.327s][info][gc          ] GC(109) Concurrent reset 12.642ms
[1056.327s][info][gc,start    ] GC(109) Pause Init Mark
[1056.327s][info][gc,task     ] GC(109) Using 4 of 4 workers for init marking
[1056.327s][info][gc,ergo     ] GC(109) Pacer for Mark. Expected Live: 448M, Free: 813M, Non-Taxable: 83342K, Alloc Tax Rate: 0.7x
[1056.327s][info][gc          ] GC(109) Pause Init Mark 0.142ms
[1056.327s][info][gc,start    ] GC(109) Concurrent marking roots
[1056.327s][info][gc,task     ] GC(109) Using 2 of 4 workers for concurrent marking roots
[1056.335s][info][gc          ] GC(109) Concurrent marking roots 7.869ms
[1056.335s][info][gc,start    ] GC(109) Concurrent marking
[1056.335s][info][gc,task     ] GC(109) Using 2 of 4 workers for concurrent marking
[1056.557s][info][gc          ] GC(109) Concurrent marking 222.601ms
[1056.557s][info][gc,start    ] GC(109) Pause Final Mark
[1056.557s][info][gc,task     ] GC(109) Using 4 of 4 workers for final marking
[1056.558s][info][gc,ergo     ] GC(109) Adaptive CSet Selection. Target Free: 1160M, Actual Free: 2972M, Max CSet: 341M, Min Garbage: 0B
[1056.558s][info][gc,ergo     ] GC(109) Collectable Garbage: 6457M (99%), Immediate: 1912M (29%), CSet: 4545M (70%)
[1056.558s][info][gc,ergo     ] GC(109) Pacer for Evacuation. Used CSet: 4648M, Free: 2571M, Non-Taxable: 257M, Alloc Tax Rate: 4.4x
[1056.558s][info][gc          ] GC(109) Pause Final Mark 0.291ms
[1056.558s][info][gc,start    ] GC(109) Concurrent thread roots
[1056.558s][info][gc,task     ] GC(109) Using 2 of 4 workers for Concurrent thread roots
[1056.559s][info][gc          ] GC(109) Concurrent thread roots 0.823ms
[1056.559s][info][gc,start    ] GC(109) Concurrent weak references
[1056.559s][info][gc,task     ] GC(109) Using 2 of 4 workers for concurrent weak references
[1056.559s][info][gc,ref      ] GC(109) Encountered references: Soft: 6557, Weak: 23575, Final: 34, Phantom: 1000
[1056.559s][info][gc,ref      ] GC(109) Discovered  references: Soft: 0, Weak: 2405, Final: 1, Phantom: 758
[1056.559s][info][gc,ref      ] GC(109) Enqueued    references: Soft: 0, Weak: 4, Final: 0, Phantom: 0
[1056.559s][info][gc          ] GC(109) Concurrent weak references 0.236ms
[1056.559s][info][gc,start    ] GC(109) Concurrent weak roots
[1056.559s][info][gc,task     ] GC(109) Using 2 of 4 workers for concurrent weak root
[1056.560s][info][gc          ] GC(109) Concurrent weak roots 0.874ms
[1056.560s][info][gc,start    ] GC(109) Concurrent cleanup
[1056.560s][info][gc          ] GC(109) Concurrent cleanup 7129M->5217M(8192M) 0.034ms
[1056.560s][info][gc,ergo     ] GC(109) Free: 2562M, Max: 4096K regular, 540M humongous, Frag: 79% external, 0% internal; Reserve: 411M, Max: 4096K
[1056.560s][info][gc,start    ] GC(109) Concurrent strong roots
[1056.560s][info][gc,task     ] GC(109) Using 2 of 4 workers for concurrent strong root
[1056.566s][info][gc          ] GC(109) Concurrent strong roots 6.074ms
[1056.566s][info][gc,start    ] GC(109) Concurrent evacuation
[1056.566s][info][gc,task     ] GC(109) Using 2 of 4 workers for concurrent evacuation
[1056.609s][info][gc          ] GC(109) Concurrent evacuation 42.904ms
[1056.609s][info][gc,start    ] GC(109) Pause Init Update Refs
[1056.609s][info][gc,ergo     ] GC(109) Pacer for Update Refs. Used: 5335M, Free: 2552M, Non-Taxable: 255M, Alloc Tax Rate: 2.6x
[1056.609s][info][gc          ] GC(109) Pause Init Update Refs 0.044ms
[1056.609s][info][gc,start    ] GC(109) Concurrent update references
[1056.609s][info][gc,task     ] GC(109) Using 2 of 4 workers for concurrent reference update
[1056.743s][info][gc          ] GC(109) Concurrent update references 134.246ms
[1056.743s][info][gc,start    ] GC(109) Concurrent update thread roots
[1056.745s][info][gc          ] GC(109) Concurrent update thread roots 1.492ms
[1056.745s][info][gc,start    ] GC(109) Pause Final Update Refs
[1056.745s][info][gc,task     ] GC(109) Using 4 of 4 workers for final reference update
[1056.745s][info][gc          ] GC(109) Pause Final Update Refs 0.102ms
[1056.745s][info][gc,start    ] GC(109) Concurrent cleanup
[1056.745s][info][gc          ] GC(109) Concurrent cleanup 5401M->753M(8192M) 0.069ms
[1056.745s][info][gc,ergo     ] Free: 7026M, Max: 4096K regular, 5256M humongous, Frag: 26% external, 0% internal; Reserve: 412M, Max: 4096K
[1056.745s][info][gc,stats    ] 
[1056.745s][info][gc,stats    ] All times are wall-clock times, except per-root-class counters, that are sum over
[1056.745s][info][gc,stats    ] all workers. Dividing the <total> over the root stage time estimates parallelism.
[1056.745s][info][gc,stats    ] 
[1056.745s][info][gc,stats    ] Concurrent Reset                  12690 us
[1056.745s][info][gc,stats    ] Pause Init Mark (G)                 224 us
[1056.745s][info][gc,stats    ] Pause Init Mark (N)                 154 us
[1056.745s][info][gc,stats    ]   Update Region States               68 us
[1056.745s][info][gc,stats    ] Concurrent Mark Roots              7893 us, parallelism: 1.94x
[1056.745s][info][gc,stats    ]   CMR: <total>                    15335 us
[1056.745s][info][gc,stats    ]   CMR: Thread Roots                1397 us, workers (us): 699, 698, ---, ---, 
[1056.745s][info][gc,stats    ]   CMR: Code Cache Roots           13254 us, workers (us): 6306, 6948, ---, ---, 
[1056.745s][info][gc,stats    ]   CMR: VM Strong Roots               12 us, workers (us):  12,   0, ---, ---, 
[1056.745s][info][gc,stats    ]   CMR: CLDG Roots                   672 us, workers (us): 672, ---, ---, ---, 
[1056.745s][info][gc,stats    ] Concurrent Marking               222643 us
[1056.745s][info][gc,stats    ] Pause Final Mark (G)                320 us
[1056.745s][info][gc,stats    ] Pause Final Mark (N)                301 us
[1056.745s][info][gc,stats    ]   Finish Mark                        63 us
[1056.745s][info][gc,stats    ]   Update Region States               17 us
[1056.745s][info][gc,stats    ]   Choose Collection Set             143 us
[1056.745s][info][gc,stats    ]   Rebuild Free Set                   11 us
[1056.745s][info][gc,stats    ] Concurrent Thread Roots             840 us, parallelism: 1.87x
[1056.745s][info][gc,stats    ]   CTR: <total>                     1573 us
[1056.745s][info][gc,stats    ]   CTR: Thread Roots                1573 us, workers (us): 784, 789, ---, ---, 
[1056.745s][info][gc,stats    ] Concurrent Weak References          247 us, parallelism: 0.87x
[1056.745s][info][gc,stats    ]   CWRF: <total>                     214 us
[1056.745s][info][gc,stats    ]   CWRF: Weak References             214 us, workers (us): 163,  52, ---, ---, 
[1056.745s][info][gc,stats    ] Concurrent Weak Roots               890 us
[1056.745s][info][gc,stats    ]   Roots                             832 us, parallelism: 1.81x
[1056.745s][info][gc,stats    ]     CWR: <total>                   1502 us
[1056.745s][info][gc,stats    ]     CWR: VM Weak Roots             1502 us, workers (us): 751, 751, ---, ---, 
[1056.745s][info][gc,stats    ]   Rendezvous                         21 us
[1056.745s][info][gc,stats    ] Concurrent Cleanup                   46 us
[1056.745s][info][gc,stats    ] Concurrent Strong Roots            6099 us, parallelism: 1.96x
[1056.745s][info][gc,stats    ]   CSR: <total>                    11947 us
[1056.745s][info][gc,stats    ]   CSR: Code Cache Roots           11699 us, workers (us): 5726, 5973, ---, ---, 
[1056.745s][info][gc,stats    ]   CSR: VM Strong Roots                8 us, workers (us):   5,   4, ---, ---, 
[1056.745s][info][gc,stats    ]   CSR: CLDG Roots                   239 us, workers (us): 239, ---, ---, ---, 
[1056.745s][info][gc,stats    ] Concurrent Evacuation             42945 us
[1056.745s][info][gc,stats    ] Pause Init Update Refs (G)          113 us
[1056.745s][info][gc,stats    ] Pause Init Update Refs (N)           55 us
[1056.745s][info][gc,stats    ]   Manage GCLABs                       6 us
[1056.745s][info][gc,stats    ] Concurrent Update Refs           134281 us
[1056.745s][info][gc,stats    ] Concurrent Update Thread Roots     1517 us
[1056.746s][info][gc,stats    ] Pause Final Update Refs (G)         195 us
[1056.746s][info][gc,stats    ] Pause Final Update Refs (N)         123 us
[1056.746s][info][gc,stats    ]   Update Region States               39 us
[1056.746s][info][gc,stats    ]   Trash Collection Set               14 us
[1056.746s][info][gc,stats    ]   Rebuild Free Set                   11 us
[1056.746s][info][gc,stats    ] Concurrent Cleanup                   84 us
[1056.746s][info][gc,stats    ] 
[1056.746s][info][gc,stats    ] Allocation pacing accrued:
[1056.746s][info][gc,stats    ]       0 of 10344 ms (  0.0%): <total>
[1056.746s][info][gc,stats    ]       0 of 10344 ms (  0.0%): <average total>
[1056.746s][info][gc,stats    ] 
[1056.746s][info][gc,metaspace] Metaspace: 136172K(137664K)->136172K(137664K) NonClass: 115102K(115968K)->115102K(115968K) Class: 21069K(21696K)->21069K(21696K)
[1056.746s][info][gc,ergo     ] Pacer for Idle. Initial: 163M, Alloc Tax Rate: 1.0x
[1066.105s][info][gc          ] Trigger: Free (818M) is below minimum threshold (819M)
[1066.105s][info][gc,ergo     ] Free: 818M, Max: 4096K regular, 512M humongous, Frag: 37% external, 0% internal; Reserve: 412M, Max: 4096K
[1066.105s][info][gc,start    ] GC(110) Concurrent reset
[1066.105s][info][gc,task     ] GC(110) Using 2 of 4 workers for concurrent reset
[1066.105s][info][gc,ergo     ] GC(110) Pacer for Reset. Non-Taxable: 8192M
[1066.120s][info][gc          ] GC(110) Concurrent reset 14.640ms
[1066.120s][info][gc,start    ] GC(110) Pause Init Mark
[1066.120s][info][gc,task     ] GC(110) Using 4 of 4 workers for init marking
[1066.120s][info][gc,ergo     ] GC(110) Pacer for Mark. Expected Live: 455M, Free: 814M, Non-Taxable: 83455K, Alloc Tax Rate: 0.7x
[1066.120s][info][gc          ] GC(110) Pause Init Mark 0.105ms
[1066.120s][info][gc,start    ] GC(110) Concurrent marking roots
[1066.120s][info][gc,task     ] GC(110) Using 2 of 4 workers for concurrent marking roots
[1066.128s][info][gc          ] GC(110) Concurrent marking roots 7.810ms
[1066.128s][info][gc,start    ] GC(110) Concurrent marking
[1066.128s][info][gc,task     ] GC(110) Using 2 of 4 workers for concurrent marking
[1066.351s][info][gc          ] GC(110) Concurrent marking 223.078ms
[1066.351s][info][gc,start    ] GC(110) Pause Final Mark
[1066.351s][info][gc,task     ] GC(110) Using 4 of 4 workers for final marking
[1066.351s][info][gc,ergo     ] GC(110) Adaptive CSet Selection. Target Free: 1160M, Actual Free: 2924M, Max CSet: 341M, Min Garbage: 0B
[1066.351s][info][gc,ergo     ] GC(110) Collectable Garbage: 6480M (99%), Immediate: 1928M (29%), CSet: 4552M (69%)
[1066.351s][info][gc,ergo     ] GC(110) Pacer for Evacuation. Used CSet: 4632M, Free: 2523M, Non-Taxable: 252M, Alloc Tax Rate: 4.5x
[1066.351s][info][gc          ] GC(110) Pause Final Mark 0.328ms
[1066.351s][info][gc,start    ] GC(110) Concurrent thread roots
[1066.351s][info][gc,task     ] GC(110) Using 2 of 4 workers for Concurrent thread roots
[1066.352s][info][gc          ] GC(110) Concurrent thread roots 0.829ms
[1066.352s][info][gc,start    ] GC(110) Concurrent weak references
[1066.352s][info][gc,task     ] GC(110) Using 2 of 4 workers for concurrent weak references
[1066.353s][info][gc,ref      ] GC(110) Encountered references: Soft: 6557, Weak: 23574, Final: 34, Phantom: 1003
[1066.353s][info][gc,ref      ] GC(110) Discovered  references: Soft: 0, Weak: 11705, Final: 33, Phantom: 765
[1066.353s][info][gc,ref      ] GC(110) Enqueued    references: Soft: 0, Weak: 2, Final: 0, Phantom: 0
[1066.353s][info][gc          ] GC(110) Concurrent weak references 0.712ms
[1066.353s][info][gc,start    ] GC(110) Concurrent weak roots
[1066.353s][info][gc,task     ] GC(110) Using 2 of 4 workers for concurrent weak root
[1066.354s][info][gc          ] GC(110) Concurrent weak roots 0.977ms
[1066.354s][info][gc,start    ] GC(110) Concurrent cleanup
[1066.354s][info][gc          ] GC(110) Concurrent cleanup 7193M->5265M(8192M) 0.034ms
[1066.354s][info][gc,ergo     ] GC(110) Free: 2515M, Max: 4096K regular, 516M humongous, Frag: 80% external, 0% internal; Reserve: 411M, Max: 4096K
[1066.354s][info][gc,start    ] GC(110) Concurrent strong roots
[1066.354s][info][gc,task     ] GC(110) Using 2 of 4 workers for concurrent strong root
[1066.360s][info][gc          ] GC(110) Concurrent strong roots 5.987ms
[1066.360s][info][gc,start    ] GC(110) Concurrent evacuation
[1066.360s][info][gc,task     ] GC(110) Using 2 of 4 workers for concurrent evacuation
[1066.399s][info][gc          ] GC(110) Concurrent evacuation 38.453ms
[1066.399s][info][gc,start    ] GC(110) Pause Init Update Refs
[1066.399s][info][gc,ergo     ] GC(110) Pacer for Update Refs. Used: 5364M, Free: 2499M, Non-Taxable: 249M, Alloc Tax Rate: 2.6x
[1066.399s][info][gc          ] GC(110) Pause Init Update Refs 0.044ms
[1066.399s][info][gc,start    ] GC(110) Concurrent update references
[1066.399s][info][gc,task     ] GC(110) Using 2 of 4 workers for concurrent reference update
[1066.542s][info][gc          ] GC(110) Concurrent update references 142.858ms
[1066.542s][info][gc,start    ] GC(110) Concurrent update thread roots
[1066.543s][info][gc          ] GC(110) Concurrent update thread roots 1.505ms
[1066.543s][info][gc,start    ] GC(110) Pause Final Update Refs
[1066.543s][info][gc,task     ] GC(110) Using 4 of 4 workers for final reference update
[1066.543s][info][gc          ] GC(110) Pause Final Update Refs 0.101ms
[1066.543s][info][gc,start    ] GC(110) Concurrent cleanup
[1066.543s][info][gc          ] GC(110) Concurrent cleanup 5440M->808M(8192M) 0.071ms
[1066.543s][info][gc,ergo     ] Free: 6971M, Max: 4096K regular, 5196M humongous, Frag: 26% external, 0% internal; Reserve: 412M, Max: 4096K
[1066.543s][info][gc,stats    ] 
[1066.543s][info][gc,stats    ] All times are wall-clock times, except per-root-class counters, that are sum over
[1066.543s][info][gc,stats    ] all workers. Dividing the <total> over the root stage time estimates parallelism.
[1066.543s][info][gc,stats    ] 
[1066.543s][info][gc,stats    ] Concurrent Reset                  14712 us
[1066.543s][info][gc,stats    ] Pause Init Mark (G)                 191 us
[1066.543s][info][gc,stats    ] Pause Init Mark (N)                 116 us
[1066.543s][info][gc,stats    ]   Update Region States               37 us
[1066.543s][info][gc,stats    ] Concurrent Mark Roots              7835 us, parallelism: 1.95x
[1066.543s][info][gc,stats    ]   CMR: <total>                    15282 us
[1066.543s][info][gc,stats    ]   CMR: Thread Roots                1561 us, workers (us): 771, 790, ---, ---, 
[1066.543s][info][gc,stats    ]   CMR: Code Cache Roots           12976 us, workers (us): 6137, 6839, ---, ---, 
[1066.543s][info][gc,stats    ]   CMR: VM Strong Roots               15 us, workers (us):  14,   0, ---, ---, 
[1066.543s][info][gc,stats    ]   CMR: CLDG Roots                   730 us, workers (us): 730, ---, ---, ---, 
[1066.544s][info][gc,stats    ] Concurrent Marking               223128 us
[1066.544s][info][gc,stats    ] Pause Final Mark (G)                366 us
[1066.544s][info][gc,stats    ] Pause Final Mark (N)                339 us
[1066.544s][info][gc,stats    ]   Finish Mark                        72 us
[1066.544s][info][gc,stats    ]   Update Region States               45 us
[1066.544s][info][gc,stats    ]   Choose Collection Set             143 us
[1066.544s][info][gc,stats    ]   Rebuild Free Set                   10 us
[1066.544s][info][gc,stats    ] Concurrent Thread Roots             848 us, parallelism: 1.84x
[1066.544s][info][gc,stats    ]   CTR: <total>                     1559 us
[1066.544s][info][gc,stats    ]   CTR: Thread Roots                1559 us, workers (us): 796, 763, ---, ---, 
[1066.544s][info][gc,stats    ] Concurrent Weak References          723 us, parallelism: 0.74x
[1066.544s][info][gc,stats    ]   CWRF: <total>                     536 us
[1066.544s][info][gc,stats    ]   CWRF: Weak References             536 us, workers (us): 521,  16, ---, ---, 
[1066.544s][info][gc,stats    ] Concurrent Weak Roots               990 us
[1066.544s][info][gc,stats    ]   Roots                             933 us, parallelism: 1.74x
[1066.544s][info][gc,stats    ]     CWR: <total>                   1624 us
[1066.544s][info][gc,stats    ]     CWR: VM Weak Roots             1624 us, workers (us): 812, 812, ---, ---, 
[1066.544s][info][gc,stats    ]   Rendezvous                         23 us
[1066.544s][info][gc,stats    ] Concurrent Cleanup                   46 us
[1066.544s][info][gc,stats    ] Concurrent Strong Roots            6019 us, parallelism: 1.96x
[1066.544s][info][gc,stats    ]   CSR: <total>                    11788 us
[1066.544s][info][gc,stats    ]   CSR: Code Cache Roots           11557 us, workers (us): 5673, 5884, ---, ---, 
[1066.544s][info][gc,stats    ]   CSR: VM Strong Roots                7 us, workers (us):   7,   0, ---, ---, 
[1066.544s][info][gc,stats    ]   CSR: CLDG Roots                   224 us, workers (us): 224, ---, ---, ---, 
[1066.544s][info][gc,stats    ] Concurrent Evacuation             38499 us
[1066.544s][info][gc,stats    ] Pause Init Update Refs (G)          104 us
[1066.544s][info][gc,stats    ] Pause Init Update Refs (N)           55 us
[1066.544s][info][gc,stats    ]   Manage GCLABs                       6 us
[1066.544s][info][gc,stats    ] Concurrent Update Refs           142891 us
[1066.544s][info][gc,stats    ] Concurrent Update Thread Roots     1529 us
[1066.544s][info][gc,stats    ] Pause Final Update Refs (G)         147 us
[1066.544s][info][gc,stats    ] Pause Final Update Refs (N)         117 us
[1066.544s][info][gc,stats    ]   Update Region States               42 us
[1066.544s][info][gc,stats    ]   Trash Collection Set               11 us
[1066.544s][info][gc,stats    ]   Rebuild Free Set                   11 us
[1066.544s][info][gc,stats    ] Concurrent Cleanup                   86 us
[1066.544s][info][gc,stats    ] 
[1066.544s][info][gc,stats    ] Allocation pacing accrued:
[1066.544s][info][gc,stats    ]       0 of  9798 ms (  0.0%): <total>
[1066.544s][info][gc,stats    ]       0 of  9798 ms (  0.0%): <average total>
[1066.544s][info][gc,stats    ] 
[1066.544s][info][gc,metaspace] Metaspace: 136174K(137664K)->136174K(137664K) NonClass: 115104K(115968K)->115104K(115968K) Class: 21069K(21696K)->21069K(21696K)
[1066.544s][info][gc,ergo     ] Pacer for Idle. Initial: 163M, Alloc Tax Rate: 1.0x
[1075.907s][info][gc          ] Trigger: Free (819M) is below minimum threshold (819M)
[1075.907s][info][gc,ergo     ] Free: 819M, Max: 4096K regular, 536M humongous, Frag: 34% external, 0% internal; Reserve: 412M, Max: 4096K
[1075.907s][info][gc,start    ] GC(111) Concurrent reset
[1075.907s][info][gc,task     ] GC(111) Using 2 of 4 workers for concurrent reset
[1075.907s][info][gc,ergo     ] GC(111) Pacer for Reset. Non-Taxable: 8192M
[1075.921s][info][gc          ] GC(111) Concurrent reset 13.757ms
[1075.921s][info][gc,start    ] GC(111) Pause Init Mark
[1075.921s][info][gc,task     ] GC(111) Using 4 of 4 workers for init marking
[1075.921s][info][gc,ergo     ] GC(111) Pacer for Mark. Expected Live: 458M, Free: 819M, Non-Taxable: 83882K, Alloc Tax Rate: 0.7x
[1075.921s][info][gc          ] GC(111) Pause Init Mark 0.114ms
[1075.921s][info][gc,start    ] GC(111) Concurrent marking roots
[1075.921s][info][gc,task     ] GC(111) Using 2 of 4 workers for concurrent marking roots
[1075.930s][info][gc          ] GC(111) Concurrent marking roots 8.593ms
[1075.930s][info][gc,start    ] GC(111) Concurrent marking
[1075.930s][info][gc,task     ] GC(111) Using 2 of 4 workers for concurrent marking
[1076.160s][info][gc          ] GC(111) Concurrent marking 230.000ms
[1076.160s][info][gc,start    ] GC(111) Pause Final Mark
[1076.160s][info][gc,task     ] GC(111) Using 4 of 4 workers for final marking
[1076.160s][info][gc,ergo     ] GC(111) Adaptive CSet Selection. Target Free: 1160M, Actual Free: 2444M, Max CSet: 341M, Min Garbage: 0B
[1076.160s][info][gc,ergo     ] GC(111) Collectable Garbage: 6453M (99%), Immediate: 1368M (21%), CSet: 5085M (78%)
[1076.160s][info][gc,ergo     ] GC(111) Pacer for Evacuation. Used CSet: 5188M, Free: 2043M, Non-Taxable: 204M, Alloc Tax Rate: 6.2x
[1076.160s][info][gc          ] GC(111) Pause Final Mark 0.318ms
[1076.160s][info][gc,start    ] GC(111) Concurrent thread roots
[1076.160s][info][gc,task     ] GC(111) Using 2 of 4 workers for Concurrent thread roots
[1076.161s][info][gc          ] GC(111) Concurrent thread roots 0.835ms
[1076.161s][info][gc,start    ] GC(111) Concurrent weak references
[1076.161s][info][gc,task     ] GC(111) Using 2 of 4 workers for concurrent weak references
[1076.161s][info][gc,ref      ] GC(111) Encountered references: Soft: 6557, Weak: 23576, Final: 34, Phantom: 1006
[1076.162s][info][gc,ref      ] GC(111) Discovered  references: Soft: 0, Weak: 10670, Final: 0, Phantom: 923
[1076.162s][info][gc,ref      ] GC(111) Enqueued    references: Soft: 0, Weak: 3, Final: 0, Phantom: 0
[1076.162s][info][gc          ] GC(111) Concurrent weak references 0.433ms
[1076.162s][info][gc,start    ] GC(111) Concurrent weak roots
[1076.162s][info][gc,task     ] GC(111) Using 2 of 4 workers for concurrent weak root
[1076.162s][info][gc          ] GC(111) Concurrent weak roots 0.872ms
[1076.162s][info][gc,start    ] GC(111) Concurrent cleanup
[1076.162s][info][gc          ] GC(111) Concurrent cleanup 7112M->5744M(8192M) 0.029ms
[1076.162s][info][gc,ergo     ] GC(111) Free: 2035M, Max: 4096K regular, 536M humongous, Frag: 74% external, 0% internal; Reserve: 411M, Max: 4096K
[1076.162s][info][gc,start    ] GC(111) Concurrent strong roots
[1076.163s][info][gc,task     ] GC(111) Using 2 of 4 workers for concurrent strong root
[1076.168s][info][gc          ] GC(111) Concurrent strong roots 5.764ms
[1076.168s][info][gc,start    ] GC(111) Concurrent evacuation
[1076.168s][info][gc,task     ] GC(111) Using 2 of 4 workers for concurrent evacuation
[1076.218s][info][gc          ] GC(111) Concurrent evacuation 49.213ms
[1076.218s][info][gc,start    ] GC(111) Pause Init Update Refs
[1076.218s][info][gc,ergo     ] GC(111) Pacer for Update Refs. Used: 5876M, Free: 2011M, Non-Taxable: 201M, Alloc Tax Rate: 3.6x
[1076.218s][info][gc          ] GC(111) Pause Init Update Refs 0.055ms
[1076.218s][info][gc,start    ] GC(111) Concurrent update references
[1076.218s][info][gc,task     ] GC(111) Using 2 of 4 workers for concurrent reference update
[1076.362s][info][gc          ] GC(111) Concurrent update references 144.341ms
[1076.362s][info][gc,start    ] GC(111) Concurrent update thread roots
[1076.363s][info][gc          ] GC(111) Concurrent update thread roots 1.309ms
[1076.363s][info][gc,start    ] GC(111) Pause Final Update Refs
[1076.363s][info][gc,task     ] GC(111) Using 4 of 4 workers for final reference update
[1076.364s][info][gc          ] GC(111) Pause Final Update Refs 0.111ms
[1076.364s][info][gc,start    ] GC(111) Concurrent cleanup
[1076.364s][info][gc          ] GC(111) Concurrent cleanup 5992M->804M(8192M) 0.062ms
[1076.364s][info][gc,ergo     ] Free: 6975M, Max: 4096K regular, 5152M humongous, Frag: 27% external, 0% internal; Reserve: 412M, Max: 4096K
[1076.364s][info][gc,stats    ] 
[1076.364s][info][gc,stats    ] All times are wall-clock times, except per-root-class counters, that are sum over
[1076.364s][info][gc,stats    ] all workers. Dividing the <total> over the root stage time estimates parallelism.
[1076.364s][info][gc,stats    ] 
[1076.364s][info][gc,stats    ] Concurrent Reset                  13807 us
[1076.364s][info][gc,stats    ] Pause Init Mark (G)                 232 us
[1076.364s][info][gc,stats    ] Pause Init Mark (N)                 126 us
[1076.364s][info][gc,stats    ]   Update Region States               44 us
[1076.364s][info][gc,stats    ] Concurrent Mark Roots              8624 us, parallelism: 1.95x
[1076.364s][info][gc,stats    ]   CMR: <total>                    16801 us
[1076.364s][info][gc,stats    ]   CMR: Thread Roots                1535 us, workers (us): 762, 773, ---, ---, 
[1076.364s][info][gc,stats    ]   CMR: Code Cache Roots           14514 us, workers (us): 6901, 7613, ---, ---, 
[1076.364s][info][gc,stats    ]   CMR: VM Strong Roots               14 us, workers (us):  13,   0, ---, ---, 
[1076.364s][info][gc,stats    ]   CMR: CLDG Roots                   739 us, workers (us): 739, ---, ---, ---, 
[1076.364s][info][gc,stats    ] Concurrent Marking               230047 us
[1076.364s][info][gc,stats    ] Pause Final Mark (G)                417 us
[1076.364s][info][gc,stats    ] Pause Final Mark (N)                329 us
[1076.364s][info][gc,stats    ]   Finish Mark                        61 us
[1076.364s][info][gc,stats    ]   Update Region States               37 us
[1076.364s][info][gc,stats    ]   Choose Collection Set             154 us
[1076.364s][info][gc,stats    ]   Rebuild Free Set                   10 us
[1076.364s][info][gc,stats    ] Concurrent Thread Roots             855 us, parallelism: 1.85x
[1076.364s][info][gc,stats    ]   CTR: <total>                     1579 us
[1076.364s][info][gc,stats    ]   CTR: Thread Roots                1579 us, workers (us): 787, 792, ---, ---, 
[1076.364s][info][gc,stats    ] Concurrent Weak References          444 us, parallelism: 1.19x
[1076.364s][info][gc,stats    ]   CWRF: <total>                     530 us
[1076.364s][info][gc,stats    ]   CWRF: Weak References             530 us, workers (us): 333, 196, ---, ---, 
[1076.364s][info][gc,stats    ] Concurrent Weak Roots               885 us
[1076.364s][info][gc,stats    ]   Roots                             828 us, parallelism: 1.80x
[1076.364s][info][gc,stats    ]     CWR: <total>                   1489 us
[1076.364s][info][gc,stats    ]     CWR: VM Weak Roots             1489 us, workers (us): 745, 744, ---, ---, 
[1076.364s][info][gc,stats    ]   Rendezvous                         22 us
[1076.364s][info][gc,stats    ] Concurrent Cleanup                   40 us
[1076.364s][info][gc,stats    ] Concurrent Strong Roots            5790 us, parallelism: 1.95x
[1076.364s][info][gc,stats    ]   CSR: <total>                    11266 us
[1076.364s][info][gc,stats    ]   CSR: Code Cache Roots           10956 us, workers (us): 5343, 5613, ---, ---, 
[1076.364s][info][gc,stats    ]   CSR: VM Strong Roots                7 us, workers (us):   7,   0, ---, ---, 
[1076.364s][info][gc,stats    ]   CSR: CLDG Roots                   303 us, workers (us): 303, ---, ---, ---, 
[1076.364s][info][gc,stats    ] Concurrent Evacuation             49295 us
[1076.364s][info][gc,stats    ] Pause Init Update Refs (G)          140 us
[1076.364s][info][gc,stats    ] Pause Init Update Refs (N)           67 us
[1076.364s][info][gc,stats    ]   Manage GCLABs                       8 us
[1076.364s][info][gc,stats    ] Concurrent Update Refs           144385 us
[1076.364s][info][gc,stats    ] Concurrent Update Thread Roots     1329 us
[1076.364s][info][gc,stats    ] Pause Final Update Refs (G)         166 us
[1076.364s][info][gc,stats    ] Pause Final Update Refs (N)         137 us
[1076.364s][info][gc,stats    ]   Update Region States               47 us
[1076.364s][info][gc,stats    ]   Trash Collection Set               11 us
[1076.364s][info][gc,stats    ]   Rebuild Free Set                   13 us
[1076.364s][info][gc,stats    ] Concurrent Cleanup                   75 us
[1076.364s][info][gc,stats    ] 
[1076.364s][info][gc,stats    ] Allocation pacing accrued:
[1076.364s][info][gc,stats    ]       0 of  9820 ms (  0.0%): <total>
[1076.364s][info][gc,stats    ]       0 of  9820 ms (  0.0%): <average total>
[1076.364s][info][gc,stats    ] 
[1076.364s][info][gc,metaspace] Metaspace: 136174K(137664K)->136174K(137664K) NonClass: 115104K(115968K)->115104K(115968K) Class: 21069K(21696K)->21069K(21696K)
[1076.364s][info][gc,ergo     ] Pacer for Idle. Initial: 163M, Alloc Tax Rate: 1.0x
[1085.747s][info][gc          ] Trigger: Average GC time (471.18 ms) is above the time for average allocation rate (971 MB/s) to deplete free headroom (453M) (margin of error = 1.86)
[1085.747s][info][gc,ergo     ] Free headroom: 863M (free) - 409M (spike) - 0B (penalties) = 453M
[1085.747s][info][gc,ergo     ] Free: 863M, Max: 4096K regular, 512M humongous, Frag: 40% external, 0% internal; Reserve: 412M, Max: 4096K
[1085.747s][info][gc,start    ] GC(112) Concurrent reset
[1085.747s][info][gc,task     ] GC(112) Using 2 of 4 workers for concurrent reset
[1085.747s][info][gc,ergo     ] GC(112) Pacer for Reset. Non-Taxable: 8192M
[1085.764s][info][gc          ] GC(112) Concurrent reset 17.168ms
[1085.765s][info][gc,start    ] GC(112) Pause Init Mark
[1085.765s][info][gc,task     ] GC(112) Using 4 of 4 workers for init marking
[1085.765s][info][gc,ergo     ] GC(112) Pacer for Mark. Expected Live: 455M, Free: 858M, Non-Taxable: 87948K, Alloc Tax Rate: 0.6x
[1085.765s][info][gc          ] GC(112) Pause Init Mark 0.109ms
[1085.765s][info][gc,start    ] GC(112) Concurrent marking roots
[1085.765s][info][gc,task     ] GC(112) Using 2 of 4 workers for concurrent marking roots
[1085.774s][info][gc          ] GC(112) Concurrent marking roots 8.972ms
[1085.774s][info][gc,start    ] GC(112) Concurrent marking
[1085.774s][info][gc,task     ] GC(112) Using 2 of 4 workers for concurrent marking
[1085.998s][info][gc          ] GC(112) Concurrent marking 224.656ms
[1085.998s][info][gc,start    ] GC(112) Pause Final Mark
[1085.998s][info][gc,task     ] GC(112) Using 4 of 4 workers for final marking
[1085.999s][info][gc,ergo     ] GC(112) Adaptive CSet Selection. Target Free: 1160M, Actual Free: 2928M, Max CSet: 341M, Min Garbage: 0B
[1085.999s][info][gc,ergo     ] GC(112) Collectable Garbage: 6427M (99%), Immediate: 1848M (28%), CSet: 4579M (70%)
[1085.999s][info][gc,ergo     ] GC(112) Pacer for Evacuation. Used CSet: 4668M, Free: 2527M, Non-Taxable: 252M, Alloc Tax Rate: 4.5x
[1085.999s][info][gc          ] GC(112) Pause Final Mark 0.314ms
[1085.999s][info][gc,start    ] GC(112) Concurrent thread roots
[1085.999s][info][gc,task     ] GC(112) Using 2 of 4 workers for Concurrent thread roots
[1086.000s][info][gc          ] GC(112) Concurrent thread roots 0.806ms
[1086.000s][info][gc,start    ] GC(112) Concurrent weak references
[1086.000s][info][gc,task     ] GC(112) Using 2 of 4 workers for concurrent weak references
[1086.000s][info][gc,ref      ] GC(112) Encountered references: Soft: 6557, Weak: 23578, Final: 34, Phantom: 1009
[1086.000s][info][gc,ref      ] GC(112) Discovered  references: Soft: 0, Weak: 12703, Final: 1, Phantom: 943
[1086.000s][info][gc,ref      ] GC(112) Enqueued    references: Soft: 0, Weak: 4, Final: 0, Phantom: 0
[1086.000s][info][gc          ] GC(112) Concurrent weak references 0.571ms
[1086.000s][info][gc,start    ] GC(112) Concurrent weak roots
[1086.000s][info][gc,task     ] GC(112) Using 2 of 4 workers for concurrent weak root
[1086.001s][info][gc          ] GC(112) Concurrent weak roots 0.948ms
[1086.001s][info][gc,start    ] GC(112) Concurrent cleanup
[1086.001s][info][gc          ] GC(112) Concurrent cleanup 7109M->5261M(8192M) 0.034ms
[1086.001s][info][gc,ergo     ] GC(112) Free: 2518M, Max: 4096K regular, 512M humongous, Frag: 80% external, 0% internal; Reserve: 411M, Max: 4096K
[1086.001s][info][gc,start    ] GC(112) Concurrent strong roots
[1086.001s][info][gc,task     ] GC(112) Using 2 of 4 workers for concurrent strong root
[1086.007s][info][gc          ] GC(112) Concurrent strong roots 5.845ms
[1086.007s][info][gc,start    ] GC(112) Concurrent evacuation
[1086.007s][info][gc,task     ] GC(112) Using 2 of 4 workers for concurrent evacuation
[1086.050s][info][gc          ] GC(112) Concurrent evacuation 42.736ms
[1086.050s][info][gc,start    ] GC(112) Pause Init Update Refs
[1086.050s][info][gc,ergo     ] GC(112) Pacer for Update Refs. Used: 5377M, Free: 2498M, Non-Taxable: 249M, Alloc Tax Rate: 2.6x
[1086.050s][info][gc          ] GC(112) Pause Init Update Refs 0.048ms
[1086.050s][info][gc,start    ] GC(112) Concurrent update references
[1086.050s][info][gc,task     ] GC(112) Using 2 of 4 workers for concurrent reference update
[1086.188s][info][gc          ] GC(112) Concurrent update references 137.838ms
[1086.188s][info][gc,start    ] GC(112) Concurrent update thread roots
[1086.189s][info][gc          ] GC(112) Concurrent update thread roots 1.303ms
[1086.189s][info][gc,start    ] GC(112) Pause Final Update Refs
[1086.189s][info][gc,task     ] GC(112) Using 4 of 4 workers for final reference update
[1086.189s][info][gc          ] GC(112) Pause Final Update Refs 0.106ms
[1086.189s][info][gc,start    ] GC(112) Concurrent cleanup
[1086.189s][info][gc          ] GC(112) Concurrent cleanup 5433M->765M(8192M) 0.068ms
[1086.189s][info][gc,ergo     ] Free: 7014M, Max: 4096K regular, 5208M humongous, Frag: 26% external, 0% internal; Reserve: 412M, Max: 4096K
[1086.189s][info][gc,stats    ] 
[1086.189s][info][gc,stats    ] All times are wall-clock times, except per-root-class counters, that are sum over
[1086.190s][info][gc,stats    ] all workers. Dividing the <total> over the root stage time estimates parallelism.
[1086.190s][info][gc,stats    ] 
[1086.190s][info][gc,stats    ] Concurrent Reset                  17237 us
[1086.190s][info][gc,stats    ] Pause Init Mark (G)                 196 us
[1086.190s][info][gc,stats    ] Pause Init Mark (N)                 119 us
[1086.190s][info][gc,stats    ]   Update Region States               50 us
[1086.190s][info][gc,stats    ] Concurrent Mark Roots              9004 us, parallelism: 1.95x
[1086.190s][info][gc,stats    ]   CMR: <total>                    17550 us
[1086.190s][info][gc,stats    ]   CMR: Thread Roots                1496 us, workers (us): 713, 784, ---, ---, 
[1086.190s][info][gc,stats    ]   CMR: Code Cache Roots           15173 us, workers (us): 7191, 7982, ---, ---, 
[1086.190s][info][gc,stats    ]   CMR: VM Strong Roots               19 us, workers (us):   8,  11, ---, ---, 
[1086.190s][info][gc,stats    ]   CMR: CLDG Roots                   861 us, workers (us): 861, ---, ---, ---, 
[1086.190s][info][gc,stats    ] Concurrent Marking               224701 us
[1086.190s][info][gc,stats    ] Pause Final Mark (G)                352 us
[1086.190s][info][gc,stats    ] Pause Final Mark (N)                325 us
[1086.190s][info][gc,stats    ]   Finish Mark                        67 us
[1086.190s][info][gc,stats    ]   Update Region States               47 us
[1086.190s][info][gc,stats    ]   Choose Collection Set             132 us
[1086.190s][info][gc,stats    ]   Rebuild Free Set                   10 us
[1086.190s][info][gc,stats    ] Concurrent Thread Roots             828 us, parallelism: 1.83x
[1086.190s][info][gc,stats    ]   CTR: <total>                     1513 us
[1086.190s][info][gc,stats    ]   CTR: Thread Roots                1513 us, workers (us): 753, 760, ---, ---, 
[1086.190s][info][gc,stats    ] Concurrent Weak References          582 us, parallelism: 1.08x
[1086.190s][info][gc,stats    ]   CWRF: <total>                     627 us
[1086.190s][info][gc,stats    ]   CWRF: Weak References             627 us, workers (us): 124, 503, ---, ---, 
[1086.190s][info][gc,stats    ] Concurrent Weak Roots               961 us
[1086.190s][info][gc,stats    ]   Roots                             871 us, parallelism: 1.80x
[1086.190s][info][gc,stats    ]     CWR: <total>                   1566 us
[1086.190s][info][gc,stats    ]     CWR: VM Weak Roots             1566 us, workers (us): 784, 782, ---, ---, 
[1086.190s][info][gc,stats    ]   Rendezvous                         56 us
[1086.190s][info][gc,stats    ] Concurrent Cleanup                   45 us
[1086.190s][info][gc,stats    ] Concurrent Strong Roots            5874 us, parallelism: 1.95x
[1086.190s][info][gc,stats    ]   CSR: <total>                    11469 us
[1086.190s][info][gc,stats    ]   CSR: Code Cache Roots           11192 us, workers (us): 5453, 5739, ---, ---, 
[1086.190s][info][gc,stats    ]   CSR: VM Strong Roots                8 us, workers (us):   7,   0, ---, ---, 
[1086.190s][info][gc,stats    ]   CSR: CLDG Roots                   270 us, workers (us): 270, ---, ---, ---, 
[1086.190s][info][gc,stats    ] Concurrent Evacuation             42792 us
[1086.190s][info][gc,stats    ] Pause Init Update Refs (G)           83 us
[1086.190s][info][gc,stats    ] Pause Init Update Refs (N)           59 us
[1086.190s][info][gc,stats    ]   Manage GCLABs                       7 us
[1086.190s][info][gc,stats    ] Concurrent Update Refs           137891 us
[1086.190s][info][gc,stats    ] Concurrent Update Thread Roots     1325 us
[1086.190s][info][gc,stats    ] Pause Final Update Refs (G)         192 us
[1086.190s][info][gc,stats    ] Pause Final Update Refs (N)         120 us
[1086.190s][info][gc,stats    ]   Update Region States               43 us
[1086.190s][info][gc,stats    ]   Trash Collection Set               14 us
[1086.190s][info][gc,stats    ]   Rebuild Free Set                   11 us
[1086.190s][info][gc,stats    ] Concurrent Cleanup                   82 us
[1086.190s][info][gc,stats    ] 
[1086.190s][info][gc,stats    ] Allocation pacing accrued:
[1086.190s][info][gc,stats    ]       0 of  9826 ms (  0.0%): <total>
[1086.190s][info][gc,stats    ]       0 of  9826 ms (  0.0%): <average total>
[1086.190s][info][gc,stats    ] 
[1086.190s][info][gc,metaspace] Metaspace: 136184K(137664K)->136184K(137664K) NonClass: 115114K(115968K)->115115K(115968K) Class: 21069K(21696K)->21069K(21696K)
[1086.190s][info][gc,ergo     ] Pacer for Idle. Initial: 163M, Alloc Tax Rate: 1.0x
[1095.810s][info][gc          ] Trigger: Free (818M) is below minimum threshold (819M)
[1095.810s][info][gc,ergo     ] Free: 818M, Max: 4096K regular, 524M humongous, Frag: 35% external, 0% internal; Reserve: 412M, Max: 4096K
[1095.810s][info][gc,start    ] GC(113) Concurrent reset
[1095.810s][info][gc,task     ] GC(113) Using 2 of 4 workers for concurrent reset
[1095.810s][info][gc,ergo     ] GC(113) Pacer for Reset. Non-Taxable: 8192M
[1095.825s][info][gc          ] GC(113) Concurrent reset 14.558ms
[1095.825s][info][gc,start    ] GC(113) Pause Init Mark
[1095.825s][info][gc,task     ] GC(113) Using 4 of 4 workers for init marking
[1095.825s][info][gc,ergo     ] GC(113) Pacer for Mark. Expected Live: 460M, Free: 818M, Non-Taxable: 83829K, Alloc Tax Rate: 0.7x
[1095.825s][info][gc          ] GC(113) Pause Init Mark 0.119ms
[1095.825s][info][gc,start    ] GC(113) Concurrent marking roots
[1095.825s][info][gc,task     ] GC(113) Using 2 of 4 workers for concurrent marking roots
[1095.833s][info][gc          ] GC(113) Concurrent marking roots 8.166ms
[1095.833s][info][gc,start    ] GC(113) Concurrent marking
[1095.833s][info][gc,task     ] GC(113) Using 2 of 4 workers for concurrent marking
[1096.047s][info][gc          ] GC(113) Concurrent marking 213.664ms
[1096.047s][info][gc,start    ] GC(113) Pause Final Mark
[1096.047s][info][gc,task     ] GC(113) Using 4 of 4 workers for final marking
[1096.047s][info][gc,ergo     ] GC(113) Adaptive CSet Selection. Target Free: 1160M, Actual Free: 2724M, Max CSet: 341M, Min Garbage: 0B
[1096.047s][info][gc,ergo     ] GC(113) Collectable Garbage: 6485M (99%), Immediate: 1648M (25%), CSet: 4837M (74%)
[1096.047s][info][gc,ergo     ] GC(113) Pacer for Evacuation. Used CSet: 4908M, Free: 2323M, Non-Taxable: 232M, Alloc Tax Rate: 5.2x
[1096.047s][info][gc          ] GC(113) Pause Final Mark 0.311ms
[1096.047s][info][gc,start    ] GC(113) Concurrent thread roots
[1096.047s][info][gc,task     ] GC(113) Using 2 of 4 workers for Concurrent thread roots
[1096.048s][info][gc          ] GC(113) Concurrent thread roots 0.759ms
[1096.048s][info][gc,start    ] GC(113) Concurrent weak references
[1096.048s][info][gc,task     ] GC(113) Using 2 of 4 workers for concurrent weak references
[1096.048s][info][gc,ref      ] GC(113) Encountered references: Soft: 6557, Weak: 23577, Final: 34, Phantom: 1012
[1096.048s][info][gc,ref      ] GC(113) Discovered  references: Soft: 0, Weak: 3624, Final: 33, Phantom: 766
[1096.048s][info][gc,ref      ] GC(113) Enqueued    references: Soft: 0, Weak: 2, Final: 0, Phantom: 0
[1096.048s][info][gc          ] GC(113) Concurrent weak references 0.404ms
[1096.048s][info][gc,start    ] GC(113) Concurrent weak roots
[1096.048s][info][gc,task     ] GC(113) Using 2 of 4 workers for concurrent weak root
[1096.049s][info][gc          ] GC(113) Concurrent weak roots 0.902ms
[1096.049s][info][gc,start    ] GC(113) Concurrent cleanup
[1096.049s][info][gc          ] GC(113) Concurrent cleanup 7113M->5465M(8192M) 0.036ms
[1096.049s][info][gc,ergo     ] GC(113) Free: 2314M, Max: 4096K regular, 524M humongous, Frag: 78% external, 0% internal; Reserve: 411M, Max: 4096K
[1096.049s][info][gc,start    ] GC(113) Concurrent strong roots
[1096.049s][info][gc,task     ] GC(113) Using 2 of 4 workers for concurrent strong root
[1096.055s][info][gc          ] GC(113) Concurrent strong roots 5.645ms
[1096.055s][info][gc,start    ] GC(113) Concurrent evacuation
[1096.055s][info][gc,task     ] GC(113) Using 2 of 4 workers for concurrent evacuation
[1096.100s][info][gc          ] GC(113) Concurrent evacuation 44.546ms
[1096.100s][info][gc,start    ] GC(113) Pause Init Update Refs
[1096.100s][info][gc,ergo     ] GC(113) Pacer for Update Refs. Used: 5561M, Free: 2294M, Non-Taxable: 229M, Alloc Tax Rate: 3.0x
[1096.100s][info][gc          ] GC(113) Pause Init Update Refs 0.050ms
[1096.100s][info][gc,start    ] GC(113) Concurrent update references
[1096.100s][info][gc,task     ] GC(113) Using 2 of 4 workers for concurrent reference update
[1096.247s][info][gc          ] GC(113) Concurrent update references 147.201ms
[1096.247s][info][gc,start    ] GC(113) Concurrent update thread roots
[1096.249s][info][gc          ] GC(113) Concurrent update thread roots 1.446ms
[1096.249s][info][gc,start    ] GC(113) Pause Final Update Refs
[1096.249s][info][gc,task     ] GC(113) Using 4 of 4 workers for final reference update
[1096.249s][info][gc          ] GC(113) Pause Final Update Refs 0.107ms
[1096.249s][info][gc,start    ] GC(113) Concurrent cleanup
[1096.249s][info][gc          ] GC(113) Concurrent cleanup 5621M->713M(8192M) 0.063ms
[1096.249s][info][gc,ergo     ] Free: 7066M, Max: 4096K regular, 5180M humongous, Frag: 27% external, 0% internal; Reserve: 412M, Max: 4096K
[1096.249s][info][gc,stats    ] 
[1096.249s][info][gc,stats    ] All times are wall-clock times, except per-root-class counters, that are sum over
[1096.249s][info][gc,stats    ] all workers. Dividing the <total> over the root stage time estimates parallelism.
[1096.249s][info][gc,stats    ] 
[1096.249s][info][gc,stats    ] Concurrent Reset                  14619 us
[1096.249s][info][gc,stats    ] Pause Init Mark (G)                 172 us
[1096.249s][info][gc,stats    ] Pause Init Mark (N)                 130 us
[1096.249s][info][gc,stats    ]   Update Region States               51 us
[1096.249s][info][gc,stats    ] Concurrent Mark Roots              8191 us, parallelism: 1.96x
[1096.249s][info][gc,stats    ]   CMR: <total>                    16014 us
[1096.249s][info][gc,stats    ]   CMR: Thread Roots                1436 us, workers (us): 700, 736, ---, ---, 
[1096.249s][info][gc,stats    ]   CMR: Code Cache Roots           13868 us, workers (us): 6615, 7253, ---, ---, 
[1096.249s][info][gc,stats    ]   CMR: VM Strong Roots               14 us, workers (us):  14,   0, ---, ---, 
[1096.249s][info][gc,stats    ]   CMR: CLDG Roots                   696 us, workers (us): 696, ---, ---, ---, 
[1096.249s][info][gc,stats    ] Concurrent Marking               213703 us
[1096.249s][info][gc,stats    ] Pause Final Mark (G)                384 us
[1096.249s][info][gc,stats    ] Pause Final Mark (N)                324 us
[1096.249s][info][gc,stats    ]   Finish Mark                        63 us
[1096.249s][info][gc,stats    ]   Update Region States               44 us
[1096.249s][info][gc,stats    ]   Choose Collection Set             135 us
[1096.249s][info][gc,stats    ]   Rebuild Free Set                   10 us
[1096.249s][info][gc,stats    ] Concurrent Thread Roots             782 us, parallelism: 1.83x
[1096.249s][info][gc,stats    ]   CTR: <total>                     1427 us
[1096.249s][info][gc,stats    ]   CTR: Thread Roots                1427 us, workers (us): 712, 715, ---, ---, 
[1096.249s][info][gc,stats    ] Concurrent Weak References          415 us, parallelism: 0.91x
[1096.249s][info][gc,stats    ]   CWRF: <total>                     379 us
[1096.249s][info][gc,stats    ]   CWRF: Weak References             379 us, workers (us): 330,  49, ---, ---, 
[1096.249s][info][gc,stats    ] Concurrent Weak Roots               925 us
[1096.249s][info][gc,stats    ]   Roots                             857 us, parallelism: 1.79x
[1096.249s][info][gc,stats    ]     CWR: <total>                   1533 us
[1096.249s][info][gc,stats    ]     CWR: VM Weak Roots             1533 us, workers (us): 767, 766, ---, ---, 
[1096.249s][info][gc,stats    ]   Rendezvous                         23 us
[1096.249s][info][gc,stats    ] Concurrent Cleanup                   49 us
[1096.249s][info][gc,stats    ] Concurrent Strong Roots            5671 us, parallelism: 1.94x
[1096.249s][info][gc,stats    ]   CSR: <total>                    11025 us
[1096.249s][info][gc,stats    ]   CSR: Code Cache Roots           10786 us, workers (us): 5492, 5294, ---, ---, 
[1096.249s][info][gc,stats    ]   CSR: VM Strong Roots                8 us, workers (us):   4,   3, ---, ---, 
[1096.249s][info][gc,stats    ]   CSR: CLDG Roots                   232 us, workers (us): ---, 232, ---, ---, 
[1096.249s][info][gc,stats    ] Concurrent Evacuation             44614 us
[1096.249s][info][gc,stats    ] Pause Init Update Refs (G)          123 us
[1096.249s][info][gc,stats    ] Pause Init Update Refs (N)           61 us
[1096.249s][info][gc,stats    ]   Manage GCLABs                       8 us
[1096.249s][info][gc,stats    ] Concurrent Update Refs           147247 us
[1096.249s][info][gc,stats    ] Concurrent Update Thread Roots     1473 us
[1096.249s][info][gc,stats    ] Pause Final Update Refs (G)         161 us
[1096.249s][info][gc,stats    ] Pause Final Update Refs (N)         121 us
[1096.249s][info][gc,stats    ]   Update Region States               40 us
[1096.249s][info][gc,stats    ]   Trash Collection Set               16 us
[1096.249s][info][gc,stats    ]   Rebuild Free Set                   11 us
[1096.249s][info][gc,stats    ] Concurrent Cleanup                   77 us
[1096.249s][info][gc,stats    ] 
[1096.249s][info][gc,stats    ] Allocation pacing accrued:
[1096.249s][info][gc,stats    ]       0 of 10059 ms (  0.0%): <total>
[1096.249s][info][gc,stats    ]       0 of 10059 ms (  0.0%): <average total>
[1096.249s][info][gc,stats    ] 
[1096.249s][info][gc,metaspace] Metaspace: 136187K(137664K)->136187K(137664K) NonClass: 115117K(115968K)->115117K(115968K) Class: 21069K(21696K)->21069K(21696K)
[1096.249s][info][gc,ergo     ] Pacer for Idle. Initial: 163M, Alloc Tax Rate: 1.0x
[1105.133s][info][gc          ] Trigger: Free (818M) is below minimum threshold (819M)
[1105.133s][info][gc,ergo     ] Free: 818M, Max: 4096K regular, 544M humongous, Frag: 33% external, 0% internal; Reserve: 412M, Max: 4096K
[1105.133s][info][gc,start    ] GC(114) Concurrent reset
[1105.133s][info][gc,task     ] GC(114) Using 2 of 4 workers for concurrent reset
[1105.133s][info][gc,ergo     ] GC(114) Pacer for Reset. Non-Taxable: 8192M
[1105.153s][info][gc          ] GC(114) Concurrent reset 19.419ms
[1105.153s][info][gc,start    ] GC(114) Pause Init Mark
[1105.153s][info][gc,task     ] GC(114) Using 4 of 4 workers for init marking
[1105.153s][info][gc,ergo     ] GC(114) Pacer for Mark. Expected Live: 459M, Free: 806M, Non-Taxable: 82621K, Alloc Tax Rate: 0.7x
[1105.153s][info][gc          ] GC(114) Pause Init Mark 0.114ms
[1105.153s][info][gc,start    ] GC(114) Concurrent marking roots
[1105.153s][info][gc,task     ] GC(114) Using 2 of 4 workers for concurrent marking roots
[1105.162s][info][gc          ] GC(114) Concurrent marking roots 9.085ms
[1105.162s][info][gc,start    ] GC(114) Concurrent marking
[1105.162s][info][gc,task     ] GC(114) Using 2 of 4 workers for concurrent marking
[1105.377s][info][gc          ] GC(114) Concurrent marking 215.083ms
[1105.377s][info][gc,start    ] GC(114) Pause Final Mark
[1105.377s][info][gc,task     ] GC(114) Using 4 of 4 workers for final marking
[1105.378s][info][gc,ergo     ] GC(114) Adaptive CSet Selection. Target Free: 1160M, Actual Free: 3284M, Max CSet: 341M, Min Garbage: 0B
[1105.378s][info][gc,ergo     ] GC(114) Collectable Garbage: 6488M (99%), Immediate: 2200M (33%), CSet: 4288M (65%)
[1105.378s][info][gc,ergo     ] GC(114) Pacer for Evacuation. Used CSet: 4367M, Free: 2883M, Non-Taxable: 288M, Alloc Tax Rate: 3.7x
[1105.378s][info][gc          ] GC(114) Pause Final Mark 0.330ms
[1105.378s][info][gc,start    ] GC(114) Concurrent thread roots
[1105.378s][info][gc,task     ] GC(114) Using 2 of 4 workers for Concurrent thread roots
[1105.379s][info][gc          ] GC(114) Concurrent thread roots 0.812ms
[1105.379s][info][gc,start    ] GC(114) Concurrent weak references
[1105.379s][info][gc,task     ] GC(114) Using 2 of 4 workers for concurrent weak references
[1105.379s][info][gc,ref      ] GC(114) Encountered references: Soft: 6557, Weak: 23583, Final: 34, Phantom: 1019
[1105.379s][info][gc,ref      ] GC(114) Discovered  references: Soft: 0, Weak: 11736, Final: 33, Phantom: 773
[1105.379s][info][gc,ref      ] GC(114) Enqueued    references: Soft: 0, Weak: 5, Final: 0, Phantom: 1
[1105.379s][info][gc          ] GC(114) Concurrent weak references 0.556ms
[1105.379s][info][gc,start    ] GC(114) Concurrent weak roots
[1105.379s][info][gc,task     ] GC(114) Using 2 of 4 workers for concurrent weak root
[1105.380s][info][gc          ] GC(114) Concurrent weak roots 0.896ms
[1105.380s][info][gc,start    ] GC(114) Concurrent cleanup
[1105.380s][info][gc          ] GC(114) Concurrent cleanup 7105M->4905M(8192M) 0.037ms
[1105.380s][info][gc,ergo     ] GC(114) Free: 2874M, Max: 4096K regular, 544M humongous, Frag: 81% external, 0% internal; Reserve: 411M, Max: 4096K
[1105.380s][info][gc,start    ] GC(114) Concurrent strong roots
[1105.380s][info][gc,task     ] GC(114) Using 2 of 4 workers for concurrent strong root
[1105.386s][info][gc          ] GC(114) Concurrent strong roots 5.765ms
[1105.386s][info][gc,start    ] GC(114) Concurrent evacuation
[1105.386s][info][gc,task     ] GC(114) Using 2 of 4 workers for concurrent evacuation
[1105.428s][info][gc          ] GC(114) Concurrent evacuation 42.198ms
[1105.428s][info][gc,start    ] GC(114) Pause Init Update Refs
[1105.428s][info][gc,ergo     ] GC(114) Pacer for Update Refs. Used: 5013M, Free: 2850M, Non-Taxable: 285M, Alloc Tax Rate: 2.1x
[1105.428s][info][gc          ] GC(114) Pause Init Update Refs 0.048ms
[1105.428s][info][gc,start    ] GC(114) Concurrent update references
[1105.428s][info][gc,task     ] GC(114) Using 2 of 4 workers for concurrent reference update
[1105.575s][info][gc          ] GC(114) Concurrent update references 146.778ms
[1105.575s][info][gc,start    ] GC(114) Concurrent update thread roots
[1105.577s][info][gc          ] GC(114) Concurrent update thread roots 1.478ms
[1105.577s][info][gc,start    ] GC(114) Pause Final Update Refs
[1105.577s][info][gc,task     ] GC(114) Using 4 of 4 workers for final reference update
[1105.577s][info][gc          ] GC(114) Pause Final Update Refs 0.092ms
[1105.577s][info][gc,start    ] GC(114) Concurrent cleanup
[1105.577s][info][gc          ] GC(114) Concurrent cleanup 5081M->713M(8192M) 0.068ms
[1105.577s][info][gc,ergo     ] Free: 7066M, Max: 4096K regular, 5332M humongous, Frag: 25% external, 0% internal; Reserve: 412M, Max: 4096K
[1105.577s][info][gc,stats    ] 
[1105.577s][info][gc,stats    ] All times are wall-clock times, except per-root-class counters, that are sum over
[1105.577s][info][gc,stats    ] all workers. Dividing the <total> over the root stage time estimates parallelism.
[1105.577s][info][gc,stats    ] 
[1105.577s][info][gc,stats    ] Concurrent Reset                  19482 us
[1105.577s][info][gc,stats    ] Pause Init Mark (G)                 240 us
[1105.577s][info][gc,stats    ] Pause Init Mark (N)                 126 us
[1105.577s][info][gc,stats    ]   Update Region States               45 us
[1105.577s][info][gc,stats    ] Concurrent Mark Roots              9120 us, parallelism: 1.96x
[1105.577s][info][gc,stats    ]   CMR: <total>                    17867 us
[1105.577s][info][gc,stats    ]   CMR: Thread Roots                1704 us, workers (us): 878, 826, ---, ---, 
[1105.577s][info][gc,stats    ]   CMR: Code Cache Roots           15235 us, workers (us): 7142, 8093, ---, ---, 
[1105.577s][info][gc,stats    ]   CMR: VM Strong Roots               14 us, workers (us):  14,   0, ---, ---, 
[1105.577s][info][gc,stats    ]   CMR: CLDG Roots                   915 us, workers (us): 915, ---, ---, ---, 
[1105.577s][info][gc,stats    ] Concurrent Marking               215125 us
[1105.577s][info][gc,stats    ] Pause Final Mark (G)                358 us
[1105.577s][info][gc,stats    ] Pause Final Mark (N)                341 us
[1105.577s][info][gc,stats    ]   Finish Mark                        84 us
[1105.577s][info][gc,stats    ]   Update Region States               43 us
[1105.577s][info][gc,stats    ]   Choose Collection Set             135 us
[1105.577s][info][gc,stats    ]   Rebuild Free Set                   11 us
[1105.577s][info][gc,stats    ] Concurrent Thread Roots             834 us, parallelism: 1.85x
[1105.577s][info][gc,stats    ]   CTR: <total>                     1544 us
[1105.577s][info][gc,stats    ]   CTR: Thread Roots                1544 us, workers (us): 770, 775, ---, ---, 
[1105.577s][info][gc,stats    ] Concurrent Weak References          566 us, parallelism: 0.94x
[1105.577s][info][gc,stats    ]   CWRF: <total>                     530 us
[1105.577s][info][gc,stats    ]   CWRF: Weak References             530 us, workers (us): 490,  39, ---, ---, 
[1105.577s][info][gc,stats    ] Concurrent Weak Roots               912 us
[1105.577s][info][gc,stats    ]   Roots                             833 us, parallelism: 1.80x
[1105.577s][info][gc,stats    ]     CWR: <total>                   1497 us
[1105.577s][info][gc,stats    ]     CWR: VM Weak Roots             1497 us, workers (us): 750, 747, ---, ---, 
[1105.577s][info][gc,stats    ]   Rendezvous                         41 us
[1105.577s][info][gc,stats    ] Concurrent Cleanup                   50 us
[1105.577s][info][gc,stats    ] Concurrent Strong Roots            5793 us, parallelism: 1.95x
[1105.577s][info][gc,stats    ]   CSR: <total>                    11310 us
[1105.577s][info][gc,stats    ]   CSR: Code Cache Roots           11074 us, workers (us): 5681, 5393, ---, ---, 
[1105.577s][info][gc,stats    ]   CSR: VM Strong Roots                7 us, workers (us):   4,   3, ---, ---, 
[1105.577s][info][gc,stats    ]   CSR: CLDG Roots                   229 us, workers (us): ---, 229, ---, ---, 
[1105.577s][info][gc,stats    ] Concurrent Evacuation             42264 us
[1105.577s][info][gc,stats    ] Pause Init Update Refs (G)           81 us
[1105.577s][info][gc,stats    ] Pause Init Update Refs (N)           59 us
[1105.577s][info][gc,stats    ]   Manage GCLABs                       5 us
[1105.577s][info][gc,stats    ] Concurrent Update Refs           146833 us
[1105.577s][info][gc,stats    ] Concurrent Update Thread Roots     1503 us
[1105.577s][info][gc,stats    ] Pause Final Update Refs (G)         217 us
[1105.577s][info][gc,stats    ] Pause Final Update Refs (N)         119 us
[1105.577s][info][gc,stats    ]   Update Region States               26 us
[1105.577s][info][gc,stats    ]   Trash Collection Set               15 us
[1105.577s][info][gc,stats    ]   Rebuild Free Set                   12 us
[1105.577s][info][gc,stats    ] Concurrent Cleanup                   83 us
[1105.578s][info][gc,stats    ] 
[1105.578s][info][gc,stats    ] Allocation pacing accrued:
[1105.578s][info][gc,stats    ]       0 of  9328 ms (  0.0%): <total>
[1105.578s][info][gc,stats    ]       0 of  9328 ms (  0.0%): <average total>
[1105.578s][info][gc,stats    ] 
[1105.578s][info][gc,metaspace] Metaspace: 136196K(137664K)->136196K(137664K) NonClass: 115126K(115968K)->115126K(115968K) Class: 21070K(21696K)->21070K(21696K)
[1105.578s][info][gc,ergo     ] Pacer for Idle. Initial: 163M, Alloc Tax Rate: 1.0x
[1116.462s][info][gc          ] Trigger: Free (818M) is below minimum threshold (819M)
[1116.462s][info][gc,ergo     ] Free: 818M, Max: 4096K regular, 536M humongous, Frag: 34% external, 0% internal; Reserve: 412M, Max: 4096K
[1116.462s][info][gc,start    ] GC(115) Concurrent reset
[1116.462s][info][gc,task     ] GC(115) Using 2 of 4 workers for concurrent reset
[1116.462s][info][gc,ergo     ] GC(115) Pacer for Reset. Non-Taxable: 8192M
[1116.475s][info][gc          ] GC(115) Concurrent reset 13.066ms
[1116.475s][info][gc,start    ] GC(115) Pause Init Mark
[1116.475s][info][gc,task     ] GC(115) Using 4 of 4 workers for init marking
[1116.475s][info][gc,ergo     ] GC(115) Pacer for Mark. Expected Live: 455M, Free: 810M, Non-Taxable: 83008K, Alloc Tax Rate: 0.7x
[1116.475s][info][gc          ] GC(115) Pause Init Mark 0.111ms
[1116.475s][info][gc,start    ] GC(115) Concurrent marking roots
[1116.475s][info][gc,task     ] GC(115) Using 2 of 4 workers for concurrent marking roots
[1116.484s][info][gc          ] GC(115) Concurrent marking roots 9.181ms
[1116.484s][info][gc,start    ] GC(115) Concurrent marking
[1116.485s][info][gc,task     ] GC(115) Using 2 of 4 workers for concurrent marking
[1116.705s][info][gc          ] GC(115) Concurrent marking 220.800ms
[1116.705s][info][gc,start    ] GC(115) Pause Final Mark
[1116.705s][info][gc,task     ] GC(115) Using 4 of 4 workers for final marking
[1116.706s][info][gc,ergo     ] GC(115) Adaptive CSet Selection. Target Free: 1160M, Actual Free: 2700M, Max CSet: 341M, Min Garbage: 0B
[1116.706s][info][gc,ergo     ] GC(115) Collectable Garbage: 6488M (99%), Immediate: 1636M (25%), CSet: 4852M (74%)
[1116.706s][info][gc,ergo     ] GC(115) Pacer for Evacuation. Used CSet: 4928M, Free: 2299M, Non-Taxable: 229M, Alloc Tax Rate: 5.2x
[1116.706s][info][gc          ] GC(115) Pause Final Mark 0.330ms
[1116.706s][info][gc,start    ] GC(115) Concurrent thread roots
[1116.706s][info][gc,task     ] GC(115) Using 2 of 4 workers for Concurrent thread roots
[1116.707s][info][gc          ] GC(115) Concurrent thread roots 0.856ms
[1116.707s][info][gc,start    ] GC(115) Concurrent weak references
[1116.707s][info][gc,task     ] GC(115) Using 2 of 4 workers for concurrent weak references
[1116.707s][info][gc,ref      ] GC(115) Encountered references: Soft: 6557, Weak: 23583, Final: 34, Phantom: 1021
[1116.707s][info][gc,ref      ] GC(115) Discovered  references: Soft: 0, Weak: 11872, Final: 0, Phantom: 772
[1116.707s][info][gc,ref      ] GC(115) Enqueued    references: Soft: 0, Weak: 4, Final: 0, Phantom: 0
[1116.707s][info][gc          ] GC(115) Concurrent weak references 0.647ms
[1116.707s][info][gc,start    ] GC(115) Concurrent weak roots
[1116.707s][info][gc,task     ] GC(115) Using 2 of 4 workers for concurrent weak root
[1116.708s][info][gc          ] GC(115) Concurrent weak roots 0.945ms
[1116.708s][info][gc,start    ] GC(115) Concurrent cleanup
[1116.708s][info][gc          ] GC(115) Concurrent cleanup 7125M->5489M(8192M) 0.036ms
[1116.708s][info][gc,ergo     ] GC(115) Free: 2290M, Max: 4096K regular, 536M humongous, Frag: 77% external, 0% internal; Reserve: 411M, Max: 4096K
[1116.708s][info][gc,start    ] GC(115) Concurrent strong roots
[1116.708s][info][gc,task     ] GC(115) Using 2 of 4 workers for concurrent strong root
[1116.715s][info][gc          ] GC(115) Concurrent strong roots 7.039ms
[1116.715s][info][gc,start    ] GC(115) Concurrent evacuation
[1116.715s][info][gc,task     ] GC(115) Using 2 of 4 workers for concurrent evacuation
[1116.760s][info][gc          ] GC(115) Concurrent evacuation 44.632ms
[1116.760s][info][gc,start    ] GC(115) Pause Init Update Refs
[1116.760s][info][gc,ergo     ] GC(115) Pacer for Update Refs. Used: 5585M, Free: 2274M, Non-Taxable: 227M, Alloc Tax Rate: 3.0x
[1116.760s][info][gc          ] GC(115) Pause Init Update Refs 0.046ms
[1116.760s][info][gc,start    ] GC(115) Concurrent update references
[1116.760s][info][gc,task     ] GC(115) Using 2 of 4 workers for concurrent reference update
[1116.894s][info][gc          ] GC(115) Concurrent update references 134.010ms
[1116.894s][info][gc,start    ] GC(115) Concurrent update thread roots
[1116.896s][info][gc          ] GC(115) Concurrent update thread roots 1.486ms
[1116.896s][info][gc,start    ] GC(115) Pause Final Update Refs
[1116.896s][info][gc,task     ] GC(115) Using 4 of 4 workers for final reference update
[1116.896s][info][gc          ] GC(115) Pause Final Update Refs 0.156ms
[1116.896s][info][gc,start    ] GC(115) Concurrent cleanup
[1116.896s][info][gc          ] GC(115) Concurrent cleanup 5637M->709M(8192M) 0.070ms
[1116.896s][info][gc,ergo     ] Free: 7070M, Max: 4096K regular, 5256M humongous, Frag: 26% external, 0% internal; Reserve: 412M, Max: 4096K
[1116.896s][info][gc,stats    ] 
[1116.896s][info][gc,stats    ] All times are wall-clock times, except per-root-class counters, that are sum over
[1116.896s][info][gc,stats    ] all workers. Dividing the <total> over the root stage time estimates parallelism.
[1116.896s][info][gc,stats    ] 
[1116.896s][info][gc,stats    ] Concurrent Reset                  13130 us
[1116.896s][info][gc,stats    ] Pause Init Mark (G)                 195 us
[1116.896s][info][gc,stats    ] Pause Init Mark (N)                 124 us
[1116.896s][info][gc,stats    ]   Update Region States               39 us
[1116.896s][info][gc,stats    ] Concurrent Mark Roots              9215 us, parallelism: 1.96x
[1116.896s][info][gc,stats    ]   CMR: <total>                    18059 us
[1116.896s][info][gc,stats    ]   CMR: Thread Roots                2036 us, workers (us): 1046, 990, ---, ---, 
[1116.896s][info][gc,stats    ]   CMR: Code Cache Roots           15284 us, workers (us): 7250, 8034, ---, ---, 
[1116.896s][info][gc,stats    ]   CMR: VM Strong Roots               13 us, workers (us):   7,   6, ---, ---, 
[1116.896s][info][gc,stats    ]   CMR: CLDG Roots                   725 us, workers (us): 725, ---, ---, ---, 
[1116.896s][info][gc,stats    ] Concurrent Marking               220848 us
[1116.896s][info][gc,stats    ] Pause Final Mark (G)                397 us
[1116.896s][info][gc,stats    ] Pause Final Mark (N)                341 us
[1116.896s][info][gc,stats    ]   Finish Mark                        69 us
[1116.896s][info][gc,stats    ]   Update Region States               47 us
[1116.896s][info][gc,stats    ]   Choose Collection Set             148 us
[1116.896s][info][gc,stats    ]   Rebuild Free Set                   10 us
[1116.896s][info][gc,stats    ] Concurrent Thread Roots             877 us, parallelism: 1.77x
[1116.896s][info][gc,stats    ]   CTR: <total>                     1550 us
[1116.896s][info][gc,stats    ]   CTR: Thread Roots                1550 us, workers (us): 780, 770, ---, ---, 
[1116.896s][info][gc,stats    ] Concurrent Weak References          658 us, parallelism: 0.86x
[1116.896s][info][gc,stats    ]   CWRF: <total>                     564 us
[1116.896s][info][gc,stats    ]   CWRF: Weak References             564 us, workers (us):  49, 516, ---, ---, 
[1116.896s][info][gc,stats    ] Concurrent Weak Roots               966 us
[1116.896s][info][gc,stats    ]   Roots                             864 us, parallelism: 1.73x
[1116.896s][info][gc,stats    ]     CWR: <total>                   1498 us
[1116.896s][info][gc,stats    ]     CWR: VM Weak Roots             1498 us, workers (us): 750, 748, ---, ---, 
[1116.896s][info][gc,stats    ]   Rendezvous                         60 us
[1116.896s][info][gc,stats    ] Concurrent Cleanup                   50 us
[1116.896s][info][gc,stats    ] Concurrent Strong Roots            7086 us, parallelism: 1.95x
[1116.896s][info][gc,stats    ]   CSR: <total>                    13813 us
[1116.896s][info][gc,stats    ]   CSR: Code Cache Roots           13577 us, workers (us): 6937, 6640, ---, ---, 
[1116.896s][info][gc,stats    ]   CSR: VM Strong Roots                8 us, workers (us):   4,   4, ---, ---, 
[1116.897s][info][gc,stats    ]   CSR: CLDG Roots                   228 us, workers (us): ---, 228, ---, ---, 
[1116.897s][info][gc,stats    ] Concurrent Evacuation             44680 us
[1116.897s][info][gc,stats    ] Pause Init Update Refs (G)          118 us
[1116.897s][info][gc,stats    ] Pause Init Update Refs (N)           57 us
[1116.897s][info][gc,stats    ]   Manage GCLABs                       6 us
[1116.897s][info][gc,stats    ] Concurrent Update Refs           134056 us
[1116.897s][info][gc,stats    ] Concurrent Update Thread Roots     1511 us
[1116.897s][info][gc,stats    ] Pause Final Update Refs (G)         239 us
[1116.897s][info][gc,stats    ] Pause Final Update Refs (N)         178 us
[1116.897s][info][gc,stats    ]   Update Region States               95 us
[1116.897s][info][gc,stats    ]   Trash Collection Set               14 us
[1116.897s][info][gc,stats    ]   Rebuild Free Set                   13 us
[1116.897s][info][gc,stats    ] Concurrent Cleanup                   84 us
[1116.897s][info][gc,stats    ] 
[1116.897s][info][gc,stats    ] Allocation pacing accrued:
[1116.897s][info][gc,stats    ]       0 of 11319 ms (  0.0%): <total>
[1116.897s][info][gc,stats    ]       0 of 11319 ms (  0.0%): <average total>
[1116.897s][info][gc,stats    ] 
[1116.897s][info][gc,metaspace] Metaspace: 136205K(137664K)->136205K(137664K) NonClass: 115135K(115968K)->115135K(115968K) Class: 21070K(21696K)->21070K(21696K)
[1116.897s][info][gc,ergo     ] Pacer for Idle. Initial: 163M, Alloc Tax Rate: 1.0x
[1125.225s][info][gc          ] Trigger: Free (818M) is below minimum threshold (819M)
[1125.225s][info][gc,ergo     ] Free: 818M, Max: 4096K regular, 540M humongous, Frag: 33% external, 0% internal; Reserve: 412M, Max: 4096K
[1125.225s][info][gc,start    ] GC(116) Concurrent reset
[1125.225s][info][gc,task     ] GC(116) Using 2 of 4 workers for concurrent reset
[1125.225s][info][gc,ergo     ] GC(116) Pacer for Reset. Non-Taxable: 8192M
[1125.239s][info][gc          ] GC(116) Concurrent reset 14.249ms
[1125.239s][info][gc,start    ] GC(116) Pause Init Mark
[1125.239s][info][gc,task     ] GC(116) Using 4 of 4 workers for init marking
[1125.239s][info][gc,ergo     ] GC(116) Pacer for Mark. Expected Live: 454M, Free: 818M, Non-Taxable: 83848K, Alloc Tax Rate: 0.7x
[1125.239s][info][gc          ] GC(116) Pause Init Mark 0.111ms
[1125.239s][info][gc,start    ] GC(116) Concurrent marking roots
[1125.239s][info][gc,task     ] GC(116) Using 2 of 4 workers for concurrent marking roots
[1125.247s][info][gc          ] GC(116) Concurrent marking roots 7.664ms
[1125.247s][info][gc,start    ] GC(116) Concurrent marking
[1125.247s][info][gc,task     ] GC(116) Using 2 of 4 workers for concurrent marking
[1125.474s][info][gc          ] GC(116) Concurrent marking 226.674ms
[1125.474s][info][gc,start    ] GC(116) Pause Final Mark
[1125.474s][info][gc,task     ] GC(116) Using 4 of 4 workers for final marking
[1125.474s][info][gc,ergo     ] GC(116) Adaptive CSet Selection. Target Free: 1160M, Actual Free: 3180M, Max CSet: 341M, Min Garbage: 0B
[1125.474s][info][gc,ergo     ] GC(116) Collectable Garbage: 6450M (99%), Immediate: 2092M (32%), CSet: 4358M (67%)
[1125.474s][info][gc,ergo     ] GC(116) Pacer for Evacuation. Used CSet: 4464M, Free: 2782M, Non-Taxable: 278M, Alloc Tax Rate: 3.9x
[1125.474s][info][gc          ] GC(116) Pause Final Mark 0.362ms
[1125.474s][info][gc,start    ] GC(116) Concurrent thread roots
[1125.474s][info][gc,task     ] GC(116) Using 2 of 4 workers for Concurrent thread roots
[1125.475s][info][gc          ] GC(116) Concurrent thread roots 0.896ms
[1125.475s][info][gc,start    ] GC(116) Concurrent weak references
[1125.475s][info][gc,task     ] GC(116) Using 2 of 4 workers for concurrent weak references
[1125.475s][info][gc,ref      ] GC(116) Encountered references: Soft: 6557, Weak: 23582, Final: 34, Phantom: 1024
[1125.475s][info][gc,ref      ] GC(116) Discovered  references: Soft: 0, Weak: 10257, Final: 0, Phantom: 777
[1125.475s][info][gc,ref      ] GC(116) Enqueued    references: Soft: 0, Weak: 2, Final: 0, Phantom: 0
[1125.475s][info][gc          ] GC(116) Concurrent weak references 0.485ms
[1125.475s][info][gc,start    ] GC(116) Concurrent weak roots
[1125.475s][info][gc,task     ] GC(116) Using 2 of 4 workers for concurrent weak root
[1125.476s][info][gc          ] GC(116) Concurrent weak roots 0.983ms
[1125.476s][info][gc,start    ] GC(116) Concurrent cleanup
[1125.476s][info][gc          ] GC(116) Concurrent cleanup 7097M->5005M(8192M) 0.044ms
[1125.476s][info][gc,ergo     ] GC(116) Free: 2774M, Max: 4096K regular, 540M humongous, Frag: 81% external, 0% internal; Reserve: 411M, Max: 4096K
[1125.476s][info][gc,start    ] GC(116) Concurrent strong roots
[1125.477s][info][gc,task     ] GC(116) Using 2 of 4 workers for concurrent strong root
[1125.483s][info][gc          ] GC(116) Concurrent strong roots 6.262ms
[1125.483s][info][gc,start    ] GC(116) Concurrent evacuation
[1125.483s][info][gc,task     ] GC(116) Using 2 of 4 workers for concurrent evacuation
[1125.530s][info][gc          ] GC(116) Concurrent evacuation 46.843ms
[1125.530s][info][gc,start    ] GC(116) Pause Init Update Refs
[1125.530s][info][gc,ergo     ] GC(116) Pacer for Update Refs. Used: 5141M, Free: 2750M, Non-Taxable: 275M, Alloc Tax Rate: 2.3x
[1125.530s][info][gc          ] GC(116) Pause Init Update Refs 0.048ms
[1125.530s][info][gc,start    ] GC(116) Concurrent update references
[1125.530s][info][gc,task     ] GC(116) Using 2 of 4 workers for concurrent reference update
[1125.664s][info][gc          ] GC(116) Concurrent update references 134.614ms
[1125.664s][info][gc,start    ] GC(116) Concurrent update thread roots
[1125.666s][info][gc          ] GC(116) Concurrent update thread roots 1.422ms
[1125.666s][info][gc,start    ] GC(116) Pause Final Update Refs
[1125.666s][info][gc,task     ] GC(116) Using 4 of 4 workers for final reference update
[1125.666s][info][gc          ] GC(116) Pause Final Update Refs 0.095ms
[1125.666s][info][gc,start    ] GC(116) Concurrent cleanup
[1125.666s][info][gc          ] GC(116) Concurrent cleanup 5208M->744M(8192M) 0.103ms
[1125.666s][info][gc,ergo     ] Free: 7035M, Max: 4096K regular, 5228M humongous, Frag: 26% external, 0% internal; Reserve: 412M, Max: 4096K
[1125.666s][info][gc,stats    ] 
[1125.666s][info][gc,stats    ] All times are wall-clock times, except per-root-class counters, that are sum over
[1125.666s][info][gc,stats    ] all workers. Dividing the <total> over the root stage time estimates parallelism.
[1125.666s][info][gc,stats    ] 
[1125.666s][info][gc,stats    ] Concurrent Reset                  14309 us
[1125.666s][info][gc,stats    ] Pause Init Mark (G)                 169 us
[1125.666s][info][gc,stats    ] Pause Init Mark (N)                 124 us
[1125.666s][info][gc,stats    ]   Update Region States               38 us
[1125.666s][info][gc,stats    ] Concurrent Mark Roots              7685 us, parallelism: 1.94x
[1125.666s][info][gc,stats    ]   CMR: <total>                    14899 us
[1125.666s][info][gc,stats    ]   CMR: Thread Roots                1423 us, workers (us): 773, 650, ---, ---, 
[1125.666s][info][gc,stats    ]   CMR: Code Cache Roots           12735 us, workers (us): 5949, 6786, ---, ---, 
[1125.666s][info][gc,stats    ]   CMR: VM Strong Roots               20 us, workers (us):  20,   0, ---, ---, 
[1125.666s][info][gc,stats    ]   CMR: CLDG Roots                   721 us, workers (us): 721, ---, ---, ---, 
[1125.666s][info][gc,stats    ] Concurrent Marking               226721 us
[1125.666s][info][gc,stats    ] Pause Final Mark (G)                402 us
[1125.666s][info][gc,stats    ] Pause Final Mark (N)                373 us
[1125.666s][info][gc,stats    ]   Finish Mark                        92 us
[1125.666s][info][gc,stats    ]   Update Region States               52 us
[1125.666s][info][gc,stats    ]   Choose Collection Set             146 us
[1125.666s][info][gc,stats    ]   Rebuild Free Set                   12 us
[1125.666s][info][gc,stats    ] Concurrent Thread Roots             919 us, parallelism: 1.78x
[1125.666s][info][gc,stats    ]   CTR: <total>                     1632 us
[1125.666s][info][gc,stats    ]   CTR: Thread Roots                1632 us, workers (us): 831, 801, ---, ---, 
[1125.666s][info][gc,stats    ] Concurrent Weak References          497 us, parallelism: 1.11x
[1125.666s][info][gc,stats    ]   CWRF: <total>                     550 us
[1125.666s][info][gc,stats    ]   CWRF: Weak References             550 us, workers (us): 416, 134, ---, ---, 
[1125.666s][info][gc,stats    ] Concurrent Weak Roots              1005 us
[1125.667s][info][gc,stats    ]   Roots                             904 us, parallelism: 1.72x
[1125.667s][info][gc,stats    ]     CWR: <total>                   1555 us
[1125.667s][info][gc,stats    ]     CWR: VM Weak Roots             1555 us, workers (us): 795, 759, ---, ---, 
[1125.667s][info][gc,stats    ]   Rendezvous                         57 us
[1125.667s][info][gc,stats    ] Concurrent Cleanup                   57 us
[1125.667s][info][gc,stats    ] Concurrent Strong Roots            6303 us, parallelism: 1.94x
[1125.667s][info][gc,stats    ]   CSR: <total>                    12236 us
[1125.667s][info][gc,stats    ]   CSR: Code Cache Roots           11980 us, workers (us): 5899, 6081, ---, ---, 
[1125.667s][info][gc,stats    ]   CSR: VM Strong Roots                8 us, workers (us):   4,   4, ---, ---, 
[1125.667s][info][gc,stats    ]   CSR: CLDG Roots                   248 us, workers (us): 248, ---, ---, ---, 
[1125.667s][info][gc,stats    ] Concurrent Evacuation             46883 us
[1125.667s][info][gc,stats    ] Pause Init Update Refs (G)           80 us
[1125.667s][info][gc,stats    ] Pause Init Update Refs (N)           59 us
[1125.667s][info][gc,stats    ]   Manage GCLABs                       8 us
[1125.667s][info][gc,stats    ] Concurrent Update Refs           134648 us
[1125.667s][info][gc,stats    ] Concurrent Update Thread Roots     1447 us
[1125.667s][info][gc,stats    ] Pause Final Update Refs (G)         161 us
[1125.667s][info][gc,stats    ] Pause Final Update Refs (N)         128 us
[1125.667s][info][gc,stats    ]   Update Region States               39 us
[1125.667s][info][gc,stats    ]   Trash Collection Set               11 us
[1125.667s][info][gc,stats    ]   Rebuild Free Set                   12 us
[1125.667s][info][gc,stats    ] Concurrent Cleanup                  133 us
[1125.667s][info][gc,stats    ] 
[1125.667s][info][gc,stats    ] Allocation pacing accrued:
[1125.667s][info][gc,stats    ]       0 of  8770 ms (  0.0%): <total>
[1125.667s][info][gc,stats    ]       0 of  8770 ms (  0.0%): <average total>
[1125.667s][info][gc,stats    ] 
[1125.667s][info][gc,metaspace] Metaspace: 136205K(137664K)->136205K(137664K) NonClass: 115135K(115968K)->115135K(115968K) Class: 21070K(21696K)->21070K(21696K)
[1125.667s][info][gc,ergo     ] Pacer for Idle. Initial: 163M, Alloc Tax Rate: 1.0x
[1134.470s][info][gc          ] Trigger: Free (818M) is below minimum threshold (819M)
[1134.470s][info][gc,ergo     ] Free: 818M, Max: 4096K regular, 508M humongous, Frag: 37% external, 0% internal; Reserve: 412M, Max: 4096K
[1134.470s][info][gc,start    ] GC(117) Concurrent reset
[1134.470s][info][gc,task     ] GC(117) Using 2 of 4 workers for concurrent reset
[1134.470s][info][gc,ergo     ] GC(117) Pacer for Reset. Non-Taxable: 8192M
[1134.487s][info][gc          ] GC(117) Concurrent reset 17.008ms
[1134.487s][info][gc,start    ] GC(117) Pause Init Mark
[1134.487s][info][gc,task     ] GC(117) Using 4 of 4 workers for init marking
[1134.487s][info][gc,ergo     ] GC(117) Pacer for Mark. Expected Live: 455M, Free: 802M, Non-Taxable: 82180K, Alloc Tax Rate: 0.7x
[1134.487s][info][gc          ] GC(117) Pause Init Mark 0.108ms
[1134.487s][info][gc,start    ] GC(117) Concurrent marking roots
[1134.487s][info][gc,task     ] GC(117) Using 2 of 4 workers for concurrent marking roots
[1134.495s][info][gc          ] GC(117) Concurrent marking roots 7.952ms
[1134.495s][info][gc,start    ] GC(117) Concurrent marking
[1134.495s][info][gc,task     ] GC(117) Using 2 of 4 workers for concurrent marking
[1134.714s][info][gc          ] GC(117) Concurrent marking 219.162ms
[1134.714s][info][gc,start    ] GC(117) Pause Final Mark
[1134.714s][info][gc,task     ] GC(117) Using 4 of 4 workers for final marking
[1134.715s][info][gc,ergo     ] GC(117) Adaptive CSet Selection. Target Free: 1160M, Actual Free: 2944M, Max CSet: 341M, Min Garbage: 0B
[1134.715s][info][gc,ergo     ] GC(117) Collectable Garbage: 6497M (99%), Immediate: 1916M (29%), CSet: 4581M (70%)
[1134.715s][info][gc,ergo     ] GC(117) Pacer for Evacuation. Used CSet: 4656M, Free: 2546M, Non-Taxable: 254M, Alloc Tax Rate: 4.5x
[1134.715s][info][gc          ] GC(117) Pause Final Mark 0.371ms
[1134.715s][info][gc,start    ] GC(117) Concurrent thread roots
[1134.715s][info][gc,task     ] GC(117) Using 2 of 4 workers for Concurrent thread roots
[1134.716s][info][gc          ] GC(117) Concurrent thread roots 0.947ms
[1134.716s][info][gc,start    ] GC(117) Concurrent weak references
[1134.716s][info][gc,task     ] GC(117) Using 2 of 4 workers for concurrent weak references
[1134.716s][info][gc,ref      ] GC(117) Encountered references: Soft: 6557, Weak: 23583, Final: 34, Phantom: 1027
[1134.716s][info][gc,ref      ] GC(117) Discovered  references: Soft: 0, Weak: 5137, Final: 0, Phantom: 779
[1134.716s][info][gc,ref      ] GC(117) Enqueued    references: Soft: 0, Weak: 2, Final: 0, Phantom: 0
[1134.716s][info][gc          ] GC(117) Concurrent weak references 0.291ms
[1134.716s][info][gc,start    ] GC(117) Concurrent weak roots
[1134.716s][info][gc,task     ] GC(117) Using 2 of 4 workers for concurrent weak root
[1134.717s][info][gc          ] GC(117) Concurrent weak roots 0.972ms
[1134.717s][info][gc,start    ] GC(117) Concurrent cleanup
[1134.717s][info][gc          ] GC(117) Concurrent cleanup 7157M->5241M(8192M) 0.041ms
[1134.717s][info][gc,ergo     ] GC(117) Free: 2538M, Max: 4096K regular, 512M humongous, Frag: 80% external, 0% internal; Reserve: 411M, Max: 4096K
[1134.717s][info][gc,start    ] GC(117) Concurrent strong roots
[1134.717s][info][gc,task     ] GC(117) Using 2 of 4 workers for concurrent strong root
[1134.723s][info][gc          ] GC(117) Concurrent strong roots 6.157ms
[1134.723s][info][gc,start    ] GC(117) Concurrent evacuation
[1134.723s][info][gc,task     ] GC(117) Using 2 of 4 workers for concurrent evacuation
[1134.762s][info][gc          ] GC(117) Concurrent evacuation 38.554ms
[1134.762s][info][gc,start    ] GC(117) Pause Init Update Refs
[1134.762s][info][gc,ergo     ] GC(117) Pacer for Update Refs. Used: 5357M, Free: 2502M, Non-Taxable: 250M, Alloc Tax Rate: 2.6x
[1134.762s][info][gc          ] GC(117) Pause Init Update Refs 0.051ms
[1134.762s][info][gc,start    ] GC(117) Concurrent update references
[1134.762s][info][gc,task     ] GC(117) Using 2 of 4 workers for concurrent reference update
[1134.896s][info][gc          ] GC(117) Concurrent update references 134.265ms
[1134.896s][info][gc,start    ] GC(117) Concurrent update thread roots
[1134.898s][info][gc          ] GC(117) Concurrent update thread roots 1.417ms
[1134.898s][info][gc,start    ] GC(117) Pause Final Update Refs
[1134.898s][info][gc,task     ] GC(117) Using 4 of 4 workers for final reference update
[1134.898s][info][gc          ] GC(117) Pause Final Update Refs 0.153ms
[1134.898s][info][gc,start    ] GC(117) Concurrent cleanup
[1134.898s][info][gc          ] GC(117) Concurrent cleanup 5425M->769M(8192M) 0.057ms
[1134.898s][info][gc,ergo     ] Free: 7010M, Max: 4096K regular, 5260M humongous, Frag: 25% external, 0% internal; Reserve: 412M, Max: 4096K
[1134.898s][info][gc,stats    ] 
[1134.898s][info][gc,stats    ] All times are wall-clock times, except per-root-class counters, that are sum over
[1134.898s][info][gc,stats    ] all workers. Dividing the <total> over the root stage time estimates parallelism.
[1134.898s][info][gc,stats    ] 
[1134.898s][info][gc,stats    ] Concurrent Reset                  17063 us
[1134.898s][info][gc,stats    ] Pause Init Mark (G)                 170 us
[1134.898s][info][gc,stats    ] Pause Init Mark (N)                 119 us
[1134.898s][info][gc,stats    ]   Update Region States               42 us
[1134.898s][info][gc,stats    ] Concurrent Mark Roots              7989 us, parallelism: 1.92x
[1134.898s][info][gc,stats    ]   CMR: <total>                    15339 us
[1134.898s][info][gc,stats    ]   CMR: Thread Roots                1434 us, workers (us): 672, 762, ---, ---, 
[1134.898s][info][gc,stats    ]   CMR: Code Cache Roots           13097 us, workers (us): 6211, 6886, ---, ---, 
[1134.898s][info][gc,stats    ]   CMR: VM Strong Roots               15 us, workers (us):  15,   0, ---, ---, 
[1134.898s][info][gc,stats    ]   CMR: CLDG Roots                   793 us, workers (us): 793, ---, ---, ---, 
[1134.898s][info][gc,stats    ] Concurrent Marking               219208 us
[1134.898s][info][gc,stats    ] Pause Final Mark (G)                439 us
[1134.898s][info][gc,stats    ] Pause Final Mark (N)                382 us
[1134.898s][info][gc,stats    ]   Finish Mark                        78 us
[1134.898s][info][gc,stats    ]   Update Region States               81 us
[1134.898s][info][gc,stats    ]   Choose Collection Set             145 us
[1134.898s][info][gc,stats    ]   Rebuild Free Set                   11 us
[1134.898s][info][gc,stats    ] Concurrent Thread Roots             969 us, parallelism: 1.82x
[1134.898s][info][gc,stats    ]   CTR: <total>                     1768 us
[1134.898s][info][gc,stats    ]   CTR: Thread Roots                1768 us, workers (us): 898, 870, ---, ---, 
[1134.898s][info][gc,stats    ] Concurrent Weak References          302 us, parallelism: 1.30x
[1134.898s][info][gc,stats    ]   CWRF: <total>                     393 us
[1134.898s][info][gc,stats    ]   CWRF: Weak References             393 us, workers (us): 212, 181, ---, ---, 
[1134.898s][info][gc,stats    ] Concurrent Weak Roots               994 us
[1134.898s][info][gc,stats    ]   Roots                             927 us, parallelism: 1.73x
[1134.898s][info][gc,stats    ]     CWR: <total>                   1604 us
[1134.898s][info][gc,stats    ]     CWR: VM Weak Roots             1604 us, workers (us): 801, 802, ---, ---, 
[1134.898s][info][gc,stats    ]   Rendezvous                         23 us
[1134.898s][info][gc,stats    ] Concurrent Cleanup                   54 us
[1134.898s][info][gc,stats    ] Concurrent Strong Roots            6187 us, parallelism: 1.96x
[1134.899s][info][gc,stats    ]   CSR: <total>                    12118 us
[1134.899s][info][gc,stats    ]   CSR: Code Cache Roots           11872 us, workers (us): 6089, 5783, ---, ---, 
[1134.899s][info][gc,stats    ]   CSR: VM Strong Roots                8 us, workers (us):   4,   4, ---, ---, 
[1134.899s][info][gc,stats    ]   CSR: CLDG Roots                   239 us, workers (us): ---, 239, ---, ---, 
[1134.899s][info][gc,stats    ] Concurrent Evacuation             38588 us
[1134.899s][info][gc,stats    ] Pause Init Update Refs (G)          124 us
[1134.899s][info][gc,stats    ] Pause Init Update Refs (N)           66 us
[1134.899s][info][gc,stats    ]   Manage GCLABs                       9 us
[1134.899s][info][gc,stats    ] Concurrent Update Refs           134306 us
[1134.899s][info][gc,stats    ] Concurrent Update Thread Roots     1431 us
[1134.899s][info][gc,stats    ] Pause Final Update Refs (G)         205 us
[1134.899s][info][gc,stats    ] Pause Final Update Refs (N)         177 us
[1134.899s][info][gc,stats    ]   Update Region States               81 us
[1134.899s][info][gc,stats    ]   Trash Collection Set               15 us
[1134.899s][info][gc,stats    ]   Rebuild Free Set                   12 us
[1134.899s][info][gc,stats    ] Concurrent Cleanup                   70 us
[1134.899s][info][gc,stats    ] 
[1134.899s][info][gc,stats    ] Allocation pacing accrued:
[1134.899s][info][gc,stats    ]       0 of  9232 ms (  0.0%): <total>
[1134.899s][info][gc,stats    ]       0 of  9232 ms (  0.0%): <average total>
[1134.899s][info][gc,stats    ] 
[1134.899s][info][gc,metaspace] Metaspace: 136209K(137664K)->136209K(137664K) NonClass: 115139K(115968K)->115139K(115968K) Class: 21070K(21696K)->21070K(21696K)
[1134.899s][info][gc,ergo     ] Pacer for Idle. Initial: 163M, Alloc Tax Rate: 1.0x
[1146.731s][info][gc          ] Trigger: Free (818M) is below minimum threshold (819M)
[1146.731s][info][gc,ergo     ] Free: 818M, Max: 4096K regular, 540M humongous, Frag: 33% external, 0% internal; Reserve: 412M, Max: 4096K
[1146.731s][info][gc,start    ] GC(118) Concurrent reset
[1146.731s][info][gc,task     ] GC(118) Using 2 of 4 workers for concurrent reset
[1146.731s][info][gc,ergo     ] GC(118) Pacer for Reset. Non-Taxable: 8192M
[1146.744s][info][gc          ] GC(118) Concurrent reset 13.036ms
[1146.745s][info][gc,start    ] GC(118) Pause Init Mark
[1146.745s][info][gc,task     ] GC(118) Using 4 of 4 workers for init marking
[1146.745s][info][gc,ergo     ] GC(118) Pacer for Mark. Expected Live: 452M, Free: 818M, Non-Taxable: 83857K, Alloc Tax Rate: 0.7x
[1146.745s][info][gc          ] GC(118) Pause Init Mark 0.112ms
[1146.745s][info][gc,start    ] GC(118) Concurrent marking roots
[1146.745s][info][gc,task     ] GC(118) Using 2 of 4 workers for concurrent marking roots
[1146.753s][info][gc          ] GC(118) Concurrent marking roots 8.421ms
[1146.753s][info][gc,start    ] GC(118) Concurrent marking
[1146.753s][info][gc,task     ] GC(118) Using 2 of 4 workers for concurrent marking
[1146.977s][info][gc          ] GC(118) Concurrent marking 223.859ms
[1146.977s][info][gc,start    ] GC(118) Pause Final Mark
[1146.977s][info][gc,task     ] GC(118) Using 4 of 4 workers for final marking
[1146.977s][info][gc,ergo     ] GC(118) Adaptive CSet Selection. Target Free: 1160M, Actual Free: 2416M, Max CSet: 341M, Min Garbage: 0B
[1146.977s][info][gc,ergo     ] GC(118) Collectable Garbage: 6475M (99%), Immediate: 1404M (21%), CSet: 5071M (77%)
[1146.977s][info][gc,ergo     ] GC(118) Pacer for Evacuation. Used CSet: 5152M, Free: 2011M, Non-Taxable: 201M, Alloc Tax Rate: 6.3x
[1146.977s][info][gc          ] GC(118) Pause Final Mark 0.316ms
[1146.977s][info][gc,start    ] GC(118) Concurrent thread roots
[1146.978s][info][gc,task     ] GC(118) Using 2 of 4 workers for Concurrent thread roots
[1146.978s][info][gc          ] GC(118) Concurrent thread roots 0.839ms
[1146.978s][info][gc,start    ] GC(118) Concurrent weak references
[1146.978s][info][gc,task     ] GC(118) Using 2 of 4 workers for concurrent weak references
[1146.979s][info][gc,ref      ] GC(118) Encountered references: Soft: 6557, Weak: 23588, Final: 34, Phantom: 1033
[1146.979s][info][gc,ref      ] GC(118) Discovered  references: Soft: 0, Weak: 11760, Final: 0, Phantom: 855
[1146.979s][info][gc,ref      ] GC(118) Enqueued    references: Soft: 0, Weak: 5, Final: 0, Phantom: 0
[1146.979s][info][gc          ] GC(118) Concurrent weak references 0.627ms
[1146.979s][info][gc,start    ] GC(118) Concurrent weak roots
[1146.979s][info][gc,task     ] GC(118) Using 2 of 4 workers for concurrent weak root
[1146.980s][info][gc          ] GC(118) Concurrent weak roots 0.871ms
[1146.980s][info][gc,start    ] GC(118) Concurrent cleanup
[1146.980s][info][gc          ] GC(118) Concurrent cleanup 7180M->5776M(8192M) 0.035ms
[1146.980s][info][gc,ergo     ] GC(118) Free: 2003M, Max: 4096K regular, 540M humongous, Frag: 73% external, 0% internal; Reserve: 411M, Max: 4096K
[1146.980s][info][gc,start    ] GC(118) Concurrent strong roots
[1146.980s][info][gc,task     ] GC(118) Using 2 of 4 workers for concurrent strong root
[1146.986s][info][gc          ] GC(118) Concurrent strong roots 6.078ms
[1146.986s][info][gc,start    ] GC(118) Concurrent evacuation
[1146.986s][info][gc,task     ] GC(118) Using 2 of 4 workers for concurrent evacuation
[1147.027s][info][gc          ] GC(118) Concurrent evacuation 41.175ms
[1147.027s][info][gc,start    ] GC(118) Pause Init Update Refs
[1147.027s][info][gc,ergo     ] GC(118) Pacer for Update Refs. Used: 5884M, Free: 1983M, Non-Taxable: 198M, Alloc Tax Rate: 3.6x
[1147.027s][info][gc          ] GC(118) Pause Init Update Refs 0.047ms
[1147.027s][info][gc,start    ] GC(118) Concurrent update references
[1147.027s][info][gc,task     ] GC(118) Using 2 of 4 workers for concurrent reference update
[1147.176s][info][gc          ] GC(118) Concurrent update references 148.444ms
[1147.176s][info][gc,start    ] GC(118) Concurrent update thread roots
[1147.177s][info][gc          ] GC(118) Concurrent update thread roots 1.335ms
[1147.177s][info][gc,start    ] GC(118) Pause Final Update Refs
[1147.177s][info][gc,task     ] GC(118) Using 4 of 4 workers for final reference update
[1147.177s][info][gc          ] GC(118) Pause Final Update Refs 0.145ms
[1147.178s][info][gc,start    ] GC(118) Concurrent cleanup
[1147.178s][info][gc          ] GC(118) Concurrent cleanup 5960M->808M(8192M) 0.081ms
[1147.178s][info][gc,ergo     ] Free: 6971M, Max: 4096K regular, 5204M humongous, Frag: 26% external, 0% internal; Reserve: 412M, Max: 4096K
[1147.178s][info][gc,stats    ] 
[1147.178s][info][gc,stats    ] All times are wall-clock times, except per-root-class counters, that are sum over
[1147.178s][info][gc,stats    ] all workers. Dividing the <total> over the root stage time estimates parallelism.
[1147.178s][info][gc,stats    ] 
[1147.178s][info][gc,stats    ] Concurrent Reset                  13100 us
[1147.178s][info][gc,stats    ] Pause Init Mark (G)                 242 us
[1147.178s][info][gc,stats    ] Pause Init Mark (N)                 123 us
[1147.178s][info][gc,stats    ]   Update Region States               47 us
[1147.178s][info][gc,stats    ] Concurrent Mark Roots              8446 us, parallelism: 1.95x
[1147.178s][info][gc,stats    ]   CMR: <total>                    16440 us
[1147.178s][info][gc,stats    ]   CMR: Thread Roots                1665 us, workers (us): 824, 841, ---, ---, 
[1147.178s][info][gc,stats    ]   CMR: Code Cache Roots           14077 us, workers (us): 6715, 7362, ---, ---, 
[1147.178s][info][gc,stats    ]   CMR: VM Strong Roots               14 us, workers (us):  14,   0, ---, ---, 
[1147.178s][info][gc,stats    ]   CMR: CLDG Roots                   684 us, workers (us): 684, ---, ---, ---, 
[1147.178s][info][gc,stats    ] Concurrent Marking               223899 us
[1147.178s][info][gc,stats    ] Pause Final Mark (G)                353 us
[1147.178s][info][gc,stats    ] Pause Final Mark (N)                327 us
[1147.178s][info][gc,stats    ]   Finish Mark                        67 us
[1147.178s][info][gc,stats    ]   Update Region States               43 us
[1147.178s][info][gc,stats    ]   Choose Collection Set             141 us
[1147.178s][info][gc,stats    ]   Rebuild Free Set                   10 us
[1147.178s][info][gc,stats    ] Concurrent Thread Roots             860 us, parallelism: 1.80x
[1147.178s][info][gc,stats    ]   CTR: <total>                     1547 us
[1147.178s][info][gc,stats    ]   CTR: Thread Roots                1547 us, workers (us): 794, 753, ---, ---, 
[1147.178s][info][gc,stats    ] Concurrent Weak References          638 us, parallelism: 0.74x
[1147.178s][info][gc,stats    ]   CWRF: <total>                     473 us
[1147.178s][info][gc,stats    ]   CWRF: Weak References             473 us, workers (us): 466,   7, ---, ---, 
[1147.178s][info][gc,stats    ] Concurrent Weak Roots               891 us
[1147.178s][info][gc,stats    ]   Roots                             826 us, parallelism: 1.79x
[1147.178s][info][gc,stats    ]     CWR: <total>                   1481 us
[1147.178s][info][gc,stats    ]     CWR: VM Weak Roots             1481 us, workers (us): 740, 740, ---, ---, 
[1147.178s][info][gc,stats    ]   Rendezvous                         23 us
[1147.178s][info][gc,stats    ] Concurrent Cleanup                   49 us
[1147.178s][info][gc,stats    ] Concurrent Strong Roots            6105 us, parallelism: 1.96x
[1147.178s][info][gc,stats    ]   CSR: <total>                    11936 us
[1147.178s][info][gc,stats    ]   CSR: Code Cache Roots           11578 us, workers (us): 6016, 5562, ---, ---, 
[1147.178s][info][gc,stats    ]   CSR: VM Strong Roots                8 us, workers (us):   4,   3, ---, ---, 
[1147.178s][info][gc,stats    ]   CSR: CLDG Roots                   351 us, workers (us): ---, 351, ---, ---, 
[1147.178s][info][gc,stats    ] Concurrent Evacuation             41227 us
[1147.178s][info][gc,stats    ] Pause Init Update Refs (G)           92 us
[1147.178s][info][gc,stats    ] Pause Init Update Refs (N)           58 us
[1147.178s][info][gc,stats    ]   Manage GCLABs                       6 us
[1147.178s][info][gc,stats    ] Concurrent Update Refs           148491 us
[1147.178s][info][gc,stats    ] Concurrent Update Thread Roots     1353 us
[1147.178s][info][gc,stats    ] Pause Final Update Refs (G)         281 us
[1147.178s][info][gc,stats    ] Pause Final Update Refs (N)         168 us
[1147.178s][info][gc,stats    ]   Update Region States               80 us
[1147.178s][info][gc,stats    ]   Trash Collection Set               17 us
[1147.178s][info][gc,stats    ]   Rebuild Free Set                   11 us
[1147.178s][info][gc,stats    ] Concurrent Cleanup                   99 us
[1147.178s][info][gc,stats    ] 
[1147.178s][info][gc,stats    ] Allocation pacing accrued:
[1147.178s][info][gc,stats    ]       0 of 12279 ms (  0.0%): <total>
[1147.178s][info][gc,stats    ]       0 of 12279 ms (  0.0%): <average total>
[1147.178s][info][gc,stats    ] 
[1147.178s][info][gc,metaspace] Metaspace: 136220K(137728K)->136220K(137728K) NonClass: 115150K(116032K)->115150K(116032K) Class: 21070K(21696K)->21070K(21696K)
[1147.178s][info][gc,ergo     ] Pacer for Idle. Initial: 163M, Alloc Tax Rate: 1.0x
[1155.587s][info][gc          ] Trigger: Free (815M) is below minimum threshold (819M)
[1155.587s][info][gc,ergo     ] Free: 815M, Max: 4096K regular, 532M humongous, Frag: 34% external, 0% internal; Reserve: 412M, Max: 4096K
[1155.587s][info][gc,start    ] GC(119) Concurrent reset
[1155.587s][info][gc,task     ] GC(119) Using 2 of 4 workers for concurrent reset
[1155.587s][info][gc,ergo     ] GC(119) Pacer for Reset. Non-Taxable: 8192M
[1155.600s][info][gc          ] GC(119) Concurrent reset 13.089ms
[1155.600s][info][gc,start    ] GC(119) Pause Init Mark
[1155.600s][info][gc,task     ] GC(119) Using 4 of 4 workers for init marking
[1155.600s][info][gc,ergo     ] GC(119) Pacer for Mark. Expected Live: 454M, Free: 815M, Non-Taxable: 83496K, Alloc Tax Rate: 0.7x
[1155.601s][info][gc          ] GC(119) Pause Init Mark 0.115ms
[1155.601s][info][gc,start    ] GC(119) Concurrent marking roots
[1155.601s][info][gc,task     ] GC(119) Using 2 of 4 workers for concurrent marking roots
[1155.609s][info][gc          ] GC(119) Concurrent marking roots 8.641ms
[1155.609s][info][gc,start    ] GC(119) Concurrent marking
[1155.609s][info][gc,task     ] GC(119) Using 2 of 4 workers for concurrent marking
[1155.845s][info][gc          ] GC(119) Concurrent marking 236.048ms
[1155.845s][info][gc,start    ] GC(119) Pause Final Mark
[1155.845s][info][gc,task     ] GC(119) Using 4 of 4 workers for final marking
[1155.845s][info][gc,ergo     ] GC(119) Adaptive CSet Selection. Target Free: 1160M, Actual Free: 3140M, Max CSet: 341M, Min Garbage: 0B
[1155.846s][info][gc,ergo     ] GC(119) Collectable Garbage: 6464M (99%), Immediate: 2124M (32%), CSet: 4340M (66%)
[1155.846s][info][gc,ergo     ] GC(119) Pacer for Evacuation. Used CSet: 4436M, Free: 2739M, Non-Taxable: 273M, Alloc Tax Rate: 4.0x
[1155.846s][info][gc          ] GC(119) Pause Final Mark 0.391ms
[1155.846s][info][gc,start    ] GC(119) Concurrent thread roots
[1155.846s][info][gc,task     ] GC(119) Using 2 of 4 workers for Concurrent thread roots
[1155.847s][info][gc          ] GC(119) Concurrent thread roots 0.801ms
[1155.847s][info][gc,start    ] GC(119) Concurrent weak references
[1155.847s][info][gc,task     ] GC(119) Using 2 of 4 workers for concurrent weak references
[1155.847s][info][gc,ref      ] GC(119) Encountered references: Soft: 6557, Weak: 23584, Final: 34, Phantom: 1033
[1155.847s][info][gc,ref      ] GC(119) Discovered  references: Soft: 0, Weak: 11835, Final: 0, Phantom: 783
[1155.847s][info][gc,ref      ] GC(119) Enqueued    references: Soft: 0, Weak: 1, Final: 0, Phantom: 0
[1155.847s][info][gc          ] GC(119) Concurrent weak references 0.561ms
[1155.847s][info][gc,start    ] GC(119) Concurrent weak roots
[1155.847s][info][gc,task     ] GC(119) Using 2 of 4 workers for concurrent weak root
[1155.848s][info][gc          ] GC(119) Concurrent weak roots 0.885ms
[1155.848s][info][gc,start    ] GC(119) Concurrent cleanup
[1155.848s][info][gc          ] GC(119) Concurrent cleanup 7173M->5049M(8192M) 0.036ms
[1155.848s][info][gc,ergo     ] GC(119) Free: 2730M, Max: 4096K regular, 532M humongous, Frag: 81% external, 0% internal; Reserve: 411M, Max: 4096K
[1155.848s][info][gc,start    ] GC(119) Concurrent strong roots
[1155.848s][info][gc,task     ] GC(119) Using 2 of 4 workers for concurrent strong root
[1155.854s][info][gc          ] GC(119) Concurrent strong roots 5.945ms
[1155.854s][info][gc,start    ] GC(119) Concurrent evacuation
[1155.854s][info][gc,task     ] GC(119) Using 2 of 4 workers for concurrent evacuation
[1155.899s][info][gc          ] GC(119) Concurrent evacuation 45.209ms
[1155.899s][info][gc,start    ] GC(119) Pause Init Update Refs
[1155.899s][info][gc,ergo     ] GC(119) Pacer for Update Refs. Used: 5173M, Free: 2706M, Non-Taxable: 270M, Alloc Tax Rate: 2.3x
[1155.899s][info][gc          ] GC(119) Pause Init Update Refs 0.045ms
[1155.899s][info][gc,start    ] GC(119) Concurrent update references
[1155.899s][info][gc,task     ] GC(119) Using 2 of 4 workers for concurrent reference update
[1156.046s][info][gc          ] GC(119) Concurrent update references 146.281ms
[1156.046s][info][gc,start    ] GC(119) Concurrent update thread roots
[1156.047s][info][gc          ] GC(119) Concurrent update thread roots 1.455ms
[1156.047s][info][gc,start    ] GC(119) Pause Final Update Refs
[1156.047s][info][gc,task     ] GC(119) Using 4 of 4 workers for final reference update
[1156.047s][info][gc          ] GC(119) Pause Final Update Refs 0.103ms
[1156.047s][info][gc,start    ] GC(119) Concurrent cleanup
[1156.047s][info][gc          ] GC(119) Concurrent cleanup 5241M->805M(8192M) 0.057ms
[1156.047s][info][gc,ergo     ] Free: 6974M, Max: 4096K regular, 5160M humongous, Frag: 26% external, 0% internal; Reserve: 412M, Max: 4096K
[1156.047s][info][gc,stats    ] 
[1156.047s][info][gc,stats    ] All times are wall-clock times, except per-root-class counters, that are sum over
[1156.047s][info][gc,stats    ] all workers. Dividing the <total> over the root stage time estimates parallelism.
[1156.048s][info][gc,stats    ] 
[1156.048s][info][gc,stats    ] Concurrent Reset                  13145 us
[1156.048s][info][gc,stats    ] Pause Init Mark (G)                 203 us
[1156.048s][info][gc,stats    ] Pause Init Mark (N)                 128 us
[1156.048s][info][gc,stats    ]   Update Region States               44 us
[1156.048s][info][gc,stats    ] Concurrent Mark Roots              8670 us, parallelism: 1.95x
[1156.048s][info][gc,stats    ]   CMR: <total>                    16941 us
[1156.048s][info][gc,stats    ]   CMR: Thread Roots                1420 us, workers (us): 658, 762, ---, ---, 
[1156.048s][info][gc,stats    ]   CMR: Code Cache Roots           14845 us, workers (us): 7146, 7699, ---, ---, 
[1156.048s][info][gc,stats    ]   CMR: VM Strong Roots               14 us, workers (us):  14,   0, ---, ---, 
[1156.048s][info][gc,stats    ]   CMR: CLDG Roots                   662 us, workers (us): 662, ---, ---, ---, 
[1156.048s][info][gc,stats    ] Concurrent Marking               236088 us
[1156.048s][info][gc,stats    ] Pause Final Mark (G)                454 us
[1156.048s][info][gc,stats    ] Pause Final Mark (N)                403 us
[1156.048s][info][gc,stats    ]   Finish Mark                        68 us
[1156.048s][info][gc,stats    ]   Update Region States               45 us
[1156.048s][info][gc,stats    ]   Choose Collection Set             209 us
[1156.048s][info][gc,stats    ]   Rebuild Free Set                   11 us
[1156.048s][info][gc,stats    ] Concurrent Thread Roots             823 us, parallelism: 1.76x
[1156.048s][info][gc,stats    ]   CTR: <total>                     1449 us
[1156.048s][info][gc,stats    ]   CTR: Thread Roots                1449 us, workers (us): 720, 730, ---, ---, 
[1156.048s][info][gc,stats    ] Concurrent Weak References          572 us, parallelism: 0.87x
[1156.048s][info][gc,stats    ]   CWRF: <total>                     500 us
[1156.048s][info][gc,stats    ]   CWRF: Weak References             500 us, workers (us):  43, 457, ---, ---, 
[1156.048s][info][gc,stats    ] Concurrent Weak Roots               899 us
[1156.048s][info][gc,stats    ]   Roots                             840 us, parallelism: 1.80x
[1156.048s][info][gc,stats    ]     CWR: <total>                   1512 us
[1156.048s][info][gc,stats    ]     CWR: VM Weak Roots             1512 us, workers (us): 756, 756, ---, ---, 
[1156.048s][info][gc,stats    ]   Rendezvous                         23 us
[1156.048s][info][gc,stats    ] Concurrent Cleanup                   48 us
[1156.048s][info][gc,stats    ] Concurrent Strong Roots            5970 us, parallelism: 1.95x
[1156.048s][info][gc,stats    ]   CSR: <total>                    11646 us
[1156.048s][info][gc,stats    ]   CSR: Code Cache Roots           11373 us, workers (us): 5862, 5511, ---, ---, 
[1156.048s][info][gc,stats    ]   CSR: VM Strong Roots                9 us, workers (us):   5,   4, ---, ---, 
[1156.048s][info][gc,stats    ]   CSR: CLDG Roots                   265 us, workers (us): ---, 265, ---, ---, 
[1156.048s][info][gc,stats    ] Concurrent Evacuation             45247 us
[1156.048s][info][gc,stats    ] Pause Init Update Refs (G)           94 us
[1156.048s][info][gc,stats    ] Pause Init Update Refs (N)           56 us
[1156.048s][info][gc,stats    ]   Manage GCLABs                       6 us
[1156.048s][info][gc,stats    ] Concurrent Update Refs           146323 us
[1156.048s][info][gc,stats    ] Concurrent Update Thread Roots     1471 us
[1156.048s][info][gc,stats    ] Pause Final Update Refs (G)         156 us
[1156.048s][info][gc,stats    ] Pause Final Update Refs (N)         128 us
[1156.048s][info][gc,stats    ]   Update Region States               39 us
[1156.048s][info][gc,stats    ]   Trash Collection Set               13 us
[1156.048s][info][gc,stats    ]   Rebuild Free Set                   11 us
[1156.048s][info][gc,stats    ] Concurrent Cleanup                   70 us
[1156.048s][info][gc,stats    ] 
[1156.048s][info][gc,stats    ] Allocation pacing accrued:
[1156.048s][info][gc,stats    ]       0 of  8870 ms (  0.0%): <total>
[1156.048s][info][gc,stats    ]       0 of  8870 ms (  0.0%): <average total>
[1156.048s][info][gc,stats    ] 
[1156.048s][info][gc,metaspace] Metaspace: 136226K(137728K)->136226K(137728K) NonClass: 115156K(116032K)->115156K(116032K) Class: 21070K(21696K)->21070K(21696K)
[1156.048s][info][gc,ergo     ] Pacer for Idle. Initial: 163M, Alloc Tax Rate: 1.0x
[1166.339s][info][gc          ] Trigger: Free (818M) is below minimum threshold (819M)
[1166.339s][info][gc,ergo     ] Free: 818M, Max: 4096K regular, 520M humongous, Frag: 35% external, 0% internal; Reserve: 412M, Max: 4096K
[1166.339s][info][gc,start    ] GC(120) Concurrent reset
[1166.339s][info][gc,task     ] GC(120) Using 2 of 4 workers for concurrent reset
[1166.339s][info][gc,ergo     ] GC(120) Pacer for Reset. Non-Taxable: 8192M
[1166.357s][info][gc          ] GC(120) Concurrent reset 17.593ms
[1166.357s][info][gc,start    ] GC(120) Pause Init Mark
[1166.357s][info][gc,task     ] GC(120) Using 4 of 4 workers for init marking
[1166.357s][info][gc,ergo     ] GC(120) Pacer for Mark. Expected Live: 457M, Free: 798M, Non-Taxable: 81817K, Alloc Tax Rate: 0.7x
[1166.357s][info][gc          ] GC(120) Pause Init Mark 0.107ms
[1166.357s][info][gc,start    ] GC(120) Concurrent marking roots
[1166.357s][info][gc,task     ] GC(120) Using 2 of 4 workers for concurrent marking roots
[1166.365s][info][gc          ] GC(120) Concurrent marking roots 8.377ms
[1166.365s][info][gc,start    ] GC(120) Concurrent marking
[1166.365s][info][gc,task     ] GC(120) Using 2 of 4 workers for concurrent marking
[1166.585s][info][gc          ] GC(120) Concurrent marking 219.452ms
[1166.585s][info][gc,start    ] GC(120) Pause Final Mark
[1166.585s][info][gc,task     ] GC(120) Using 4 of 4 workers for final marking
[1166.585s][info][gc,ergo     ] GC(120) Adaptive CSet Selection. Target Free: 1160M, Actual Free: 2568M, Max CSet: 341M, Min Garbage: 0B
[1166.585s][info][gc,ergo     ] GC(120) Collectable Garbage: 6505M (99%), Immediate: 1520M (23%), CSet: 4985M (76%)
[1166.585s][info][gc,ergo     ] GC(120) Pacer for Evacuation. Used CSet: 5056M, Free: 2170M, Non-Taxable: 217M, Alloc Tax Rate: 5.7x
[1166.585s][info][gc          ] GC(120) Pause Final Mark 0.316ms
[1166.585s][info][gc,start    ] GC(120) Concurrent thread roots
[1166.585s][info][gc,task     ] GC(120) Using 2 of 4 workers for Concurrent thread roots
[1166.586s][info][gc          ] GC(120) Concurrent thread roots 0.778ms
[1166.586s][info][gc,start    ] GC(120) Concurrent weak references
[1166.586s][info][gc,task     ] GC(120) Using 2 of 4 workers for concurrent weak references
[1166.586s][info][gc,ref      ] GC(120) Encountered references: Soft: 6557, Weak: 23586, Final: 34, Phantom: 1036
[1166.586s][info][gc,ref      ] GC(120) Discovered  references: Soft: 0, Weak: 9295, Final: 33, Phantom: 951
[1166.586s][info][gc,ref      ] GC(120) Enqueued    references: Soft: 0, Weak: 2, Final: 0, Phantom: 0
[1166.586s][info][gc          ] GC(120) Concurrent weak references 0.398ms
[1166.586s][info][gc,start    ] GC(120) Concurrent weak roots
[1166.586s][info][gc,task     ] GC(120) Using 2 of 4 workers for concurrent weak root
[1166.587s][info][gc          ] GC(120) Concurrent weak roots 0.929ms
[1166.587s][info][gc,start    ] GC(120) Concurrent cleanup
[1166.587s][info][gc          ] GC(120) Concurrent cleanup 7137M->5617M(8192M) 0.036ms
[1166.587s][info][gc,ergo     ] GC(120) Free: 2163M, Max: 4096K regular, 520M humongous, Frag: 76% external, 0% internal; Reserve: 411M, Max: 4096K
[1166.587s][info][gc,start    ] GC(120) Concurrent strong roots
[1166.587s][info][gc,task     ] GC(120) Using 2 of 4 workers for concurrent strong root
[1166.594s][info][gc          ] GC(120) Concurrent strong roots 6.191ms
[1166.594s][info][gc,start    ] GC(120) Concurrent evacuation
[1166.594s][info][gc,task     ] GC(120) Using 2 of 4 workers for concurrent evacuation
[1166.632s][info][gc          ] GC(120) Concurrent evacuation 38.001ms
[1166.632s][info][gc,start    ] GC(120) Pause Init Update Refs
[1166.632s][info][gc,ergo     ] GC(120) Pacer for Update Refs. Used: 5716M, Free: 2139M, Non-Taxable: 213M, Alloc Tax Rate: 3.3x
[1166.632s][info][gc          ] GC(120) Pause Init Update Refs 0.044ms
[1166.632s][info][gc,start    ] GC(120) Concurrent update references
[1166.632s][info][gc,task     ] GC(120) Using 2 of 4 workers for concurrent reference update
[1166.765s][info][gc          ] GC(120) Concurrent update references 132.993ms
[1166.765s][info][gc,start    ] GC(120) Concurrent update thread roots
[1166.766s][info][gc          ] GC(120) Concurrent update thread roots 1.368ms
[1166.766s][info][gc,start    ] GC(120) Pause Final Update Refs
[1166.766s][info][gc,task     ] GC(120) Using 4 of 4 workers for final reference update
[1166.766s][info][gc          ] GC(120) Pause Final Update Refs 0.100ms
[1166.766s][info][gc,start    ] GC(120) Concurrent cleanup
[1166.766s][info][gc          ] GC(120) Concurrent cleanup 5776M->720M(8192M) 0.071ms
[1166.766s][info][gc,ergo     ] Free: 7059M, Max: 4096K regular, 5220M humongous, Frag: 26% external, 0% internal; Reserve: 412M, Max: 4096K
[1166.767s][info][gc,stats    ] 
[1166.767s][info][gc,stats    ] All times are wall-clock times, except per-root-class counters, that are sum over
[1166.767s][info][gc,stats    ] all workers. Dividing the <total> over the root stage time estimates parallelism.
[1166.767s][info][gc,stats    ] 
[1166.767s][info][gc,stats    ] Concurrent Reset                  17689 us
[1166.767s][info][gc,stats    ] Pause Init Mark (G)                 205 us
[1166.767s][info][gc,stats    ] Pause Init Mark (N)                 119 us
[1166.767s][info][gc,stats    ]   Update Region States               27 us
[1166.767s][info][gc,stats    ] Concurrent Mark Roots              8406 us, parallelism: 1.91x
[1166.767s][info][gc,stats    ]   CMR: <total>                    16015 us
[1166.767s][info][gc,stats    ]   CMR: Thread Roots                1411 us, workers (us): 649, 762, ---, ---, 
[1166.767s][info][gc,stats    ]   CMR: Code Cache Roots           13466 us, workers (us): 6240, 7226, ---, ---, 
[1166.767s][info][gc,stats    ]   CMR: VM Strong Roots               35 us, workers (us):  31,   4, ---, ---, 
[1166.767s][info][gc,stats    ]   CMR: CLDG Roots                  1103 us, workers (us): 1103, ---, ---, ---, 
[1166.767s][info][gc,stats    ] Concurrent Marking               219497 us
[1166.767s][info][gc,stats    ] Pause Final Mark (G)                346 us
[1166.767s][info][gc,stats    ] Pause Final Mark (N)                327 us
[1166.767s][info][gc,stats    ]   Finish Mark                        73 us
[1166.767s][info][gc,stats    ]   Update Region States               21 us
[1166.767s][info][gc,stats    ]   Choose Collection Set             157 us
[1166.767s][info][gc,stats    ]   Rebuild Free Set                   10 us
[1166.767s][info][gc,stats    ] Concurrent Thread Roots             799 us, parallelism: 1.80x
[1166.767s][info][gc,stats    ]   CTR: <total>                     1436 us
[1166.767s][info][gc,stats    ]   CTR: Thread Roots                1436 us, workers (us): 735, 701, ---, ---, 
[1166.767s][info][gc,stats    ] Concurrent Weak References          408 us, parallelism: 1.27x
[1166.767s][info][gc,stats    ]   CWRF: <total>                     520 us
[1166.767s][info][gc,stats    ]   CWRF: Weak References             520 us, workers (us): 187, 332, ---, ---, 
[1166.767s][info][gc,stats    ] Concurrent Weak Roots               951 us
[1166.767s][info][gc,stats    ]   Roots                             834 us, parallelism: 1.80x
[1166.767s][info][gc,stats    ]     CWR: <total>                   1498 us
[1166.767s][info][gc,stats    ]     CWR: VM Weak Roots             1498 us, workers (us): 749, 749, ---, ---, 
[1166.767s][info][gc,stats    ]   Rendezvous                         74 us
[1166.767s][info][gc,stats    ] Concurrent Cleanup                   49 us
[1166.767s][info][gc,stats    ] Concurrent Strong Roots            6219 us, parallelism: 1.94x
[1166.767s][info][gc,stats    ]   CSR: <total>                    12091 us
[1166.767s][info][gc,stats    ]   CSR: Code Cache Roots           11853 us, workers (us): 5761, 6092, ---, ---, 
[1166.767s][info][gc,stats    ]   CSR: VM Strong Roots                8 us, workers (us):   4,   4, ---, ---, 
[1166.767s][info][gc,stats    ]   CSR: CLDG Roots                   230 us, workers (us): 230, ---, ---, ---, 
[1166.767s][info][gc,stats    ] Concurrent Evacuation             38039 us
[1166.767s][info][gc,stats    ] Pause Init Update Refs (G)           76 us
[1166.767s][info][gc,stats    ] Pause Init Update Refs (N)           55 us
[1166.767s][info][gc,stats    ]   Manage GCLABs                       5 us
[1166.767s][info][gc,stats    ] Concurrent Update Refs           133024 us
[1166.767s][info][gc,stats    ] Concurrent Update Thread Roots     1392 us
[1166.767s][info][gc,stats    ] Pause Final Update Refs (G)         227 us
[1166.767s][info][gc,stats    ] Pause Final Update Refs (N)         124 us
[1166.767s][info][gc,stats    ]   Update Region States               39 us
[1166.767s][info][gc,stats    ]   Trash Collection Set               15 us
[1166.767s][info][gc,stats    ]   Rebuild Free Set                   11 us
[1166.767s][info][gc,stats    ] Concurrent Cleanup                   85 us
[1166.767s][info][gc,stats    ] 
[1166.767s][info][gc,stats    ] Allocation pacing accrued:
[1166.767s][info][gc,stats    ]       0 of 10719 ms (  0.0%): <total>
[1166.767s][info][gc,stats    ]       0 of 10719 ms (  0.0%): <average total>
[1166.767s][info][gc,stats    ] 
[1166.767s][info][gc,metaspace] Metaspace: 136231K(137728K)->136231K(137728K) NonClass: 115161K(116032K)->115161K(116032K) Class: 21070K(21696K)->21070K(21696K)
[1166.767s][info][gc,ergo     ] Pacer for Idle. Initial: 163M, Alloc Tax Rate: 1.0x
[1175.724s][info][gc          ] Trigger: Average GC time (464.70 ms) is above the time for instantaneous allocation rate (1586 MB/s) to deplete free headroom (601M) (spike threshold = 1.79)
[1175.724s][info][gc,ergo     ] Free: 1011M, Max: 4096K regular, 544M humongous, Frag: 46% external, 0% internal; Reserve: 412M, Max: 4096K
[1175.724s][info][gc,start    ] GC(121) Concurrent reset
[1175.724s][info][gc,task     ] GC(121) Using 2 of 4 workers for concurrent reset
[1175.724s][info][gc,ergo     ] GC(121) Pacer for Reset. Non-Taxable: 8192M
[1175.743s][info][gc          ] GC(121) Concurrent reset 18.646ms
[1175.743s][info][gc,start    ] GC(121) Pause Init Mark
[1175.743s][info][gc,task     ] GC(121) Using 4 of 4 workers for init marking
[1175.743s][info][gc,ergo     ] GC(121) Pacer for Mark. Expected Live: 456M, Free: 991M, Non-Taxable: 101520K, Alloc Tax Rate: 0.6x
[1175.743s][info][gc          ] GC(121) Pause Init Mark 0.115ms
[1175.743s][info][gc,start    ] GC(121) Concurrent marking roots
[1175.743s][info][gc,task     ] GC(121) Using 2 of 4 workers for concurrent marking roots
[1175.752s][info][gc          ] GC(121) Concurrent marking roots 9.101ms
[1175.752s][info][gc,start    ] GC(121) Concurrent marking
[1175.752s][info][gc,task     ] GC(121) Using 2 of 4 workers for concurrent marking
[1175.967s][info][gc          ] GC(121) Concurrent marking 215.196ms
[1175.967s][info][gc,start    ] GC(121) Pause Final Mark
[1175.967s][info][gc,task     ] GC(121) Using 4 of 4 workers for final marking
[1175.967s][info][gc,ergo     ] GC(121) Adaptive CSet Selection. Target Free: 1160M, Actual Free: 3228M, Max CSet: 341M, Min Garbage: 0B
[1175.968s][info][gc,ergo     ] GC(121) Collectable Garbage: 6304M (99%), Immediate: 2016M (31%), CSet: 4288M (67%)
[1175.968s][info][gc,ergo     ] GC(121) Pacer for Evacuation. Used CSet: 4368M, Free: 2827M, Non-Taxable: 282M, Alloc Tax Rate: 3.8x
[1175.968s][info][gc          ] GC(121) Pause Final Mark 0.317ms
[1175.968s][info][gc,start    ] GC(121) Concurrent thread roots
[1175.968s][info][gc,task     ] GC(121) Using 2 of 4 workers for Concurrent thread roots
[1175.968s][info][gc          ] GC(121) Concurrent thread roots 0.840ms
[1175.968s][info][gc,start    ] GC(121) Concurrent weak references
[1175.968s][info][gc,task     ] GC(121) Using 2 of 4 workers for concurrent weak references
[1175.969s][info][gc,ref      ] GC(121) Encountered references: Soft: 6557, Weak: 23591, Final: 34, Phantom: 1042
[1175.969s][info][gc,ref      ] GC(121) Discovered  references: Soft: 0, Weak: 11742, Final: 33, Phantom: 789
[1175.969s][info][gc,ref      ] GC(121) Enqueued    references: Soft: 0, Weak: 5, Final: 0, Phantom: 0
[1175.969s][info][gc          ] GC(121) Concurrent weak references 0.472ms
[1175.969s][info][gc,start    ] GC(121) Concurrent weak roots
[1175.969s][info][gc,task     ] GC(121) Using 2 of 4 workers for concurrent weak root
[1175.970s][info][gc          ] GC(121) Concurrent weak roots 0.925ms
[1175.970s][info][gc,start    ] GC(121) Concurrent cleanup
[1175.970s][info][gc          ] GC(121) Concurrent cleanup 6976M->4960M(8192M) 0.036ms
[1175.970s][info][gc,ergo     ] GC(121) Free: 2819M, Max: 4096K regular, 552M humongous, Frag: 81% external, 0% internal; Reserve: 411M, Max: 4096K
[1175.970s][info][gc,start    ] GC(121) Concurrent strong roots
[1175.970s][info][gc,task     ] GC(121) Using 2 of 4 workers for concurrent strong root
[1175.976s][info][gc          ] GC(121) Concurrent strong roots 6.070ms
[1175.976s][info][gc,start    ] GC(121) Concurrent evacuation
[1175.976s][info][gc,task     ] GC(121) Using 2 of 4 workers for concurrent evacuation
[1176.016s][info][gc          ] GC(121) Concurrent evacuation 40.233ms
[1176.016s][info][gc,start    ] GC(121) Pause Init Update Refs
[1176.016s][info][gc,ergo     ] GC(121) Pacer for Update Refs. Used: 5056M, Free: 2807M, Non-Taxable: 280M, Alloc Tax Rate: 2.2x
[1176.017s][info][gc          ] GC(121) Pause Init Update Refs 0.051ms
[1176.017s][info][gc,start    ] GC(121) Concurrent update references
[1176.017s][info][gc,task     ] GC(121) Using 2 of 4 workers for concurrent reference update
[1176.167s][info][gc          ] GC(121) Concurrent update references 149.939ms
[1176.167s][info][gc,start    ] GC(121) Concurrent update thread roots
[1176.168s][info][gc          ] GC(121) Concurrent update thread roots 1.448ms
[1176.168s][info][gc,start    ] GC(121) Pause Final Update Refs
[1176.168s][info][gc,task     ] GC(121) Using 4 of 4 workers for final reference update
[1176.168s][info][gc          ] GC(121) Pause Final Update Refs 0.116ms
[1176.168s][info][gc,start    ] GC(121) Concurrent cleanup
[1176.168s][info][gc          ] GC(121) Concurrent cleanup 5140M->772M(8192M) 0.067ms
[1176.168s][info][gc,ergo     ] Free: 7007M, Max: 4096K regular, 5060M humongous, Frag: 28% external, 0% internal; Reserve: 412M, Max: 4096K
[1176.168s][info][gc,stats    ] 
[1176.168s][info][gc,stats    ] All times are wall-clock times, except per-root-class counters, that are sum over
[1176.168s][info][gc,stats    ] all workers. Dividing the <total> over the root stage time estimates parallelism.
[1176.168s][info][gc,stats    ] 
[1176.168s][info][gc,stats    ] Concurrent Reset                  18725 us
[1176.168s][info][gc,stats    ] Pause Init Mark (G)                 215 us
[1176.168s][info][gc,stats    ] Pause Init Mark (N)                 127 us
[1176.168s][info][gc,stats    ]   Update Region States               44 us
[1176.168s][info][gc,stats    ] Concurrent Mark Roots              9143 us, parallelism: 1.95x
[1176.168s][info][gc,stats    ]   CMR: <total>                    17866 us
[1176.168s][info][gc,stats    ]   CMR: Thread Roots                1563 us, workers (us): 742, 822, ---, ---, 
[1176.168s][info][gc,stats    ]   CMR: Code Cache Roots           15514 us, workers (us): 8189, 7325, ---, ---, 
[1176.168s][info][gc,stats    ]   CMR: VM Strong Roots               14 us, workers (us):   8,   6, ---, ---, 
[1176.168s][info][gc,stats    ]   CMR: CLDG Roots                   775 us, workers (us): ---, 775, ---, ---, 
[1176.168s][info][gc,stats    ] Concurrent Marking               215243 us
[1176.168s][info][gc,stats    ] Pause Final Mark (G)                378 us
[1176.169s][info][gc,stats    ] Pause Final Mark (N)                328 us
[1176.169s][info][gc,stats    ]   Finish Mark                        97 us
[1176.169s][info][gc,stats    ]   Update Region States               17 us
[1176.169s][info][gc,stats    ]   Choose Collection Set             136 us
[1176.169s][info][gc,stats    ]   Rebuild Free Set                   11 us
[1176.169s][info][gc,stats    ] Concurrent Thread Roots             863 us, parallelism: 1.79x
[1176.169s][info][gc,stats    ]   CTR: <total>                     1549 us
[1176.169s][info][gc,stats    ]   CTR: Thread Roots                1549 us, workers (us): 775, 775, ---, ---, 
[1176.169s][info][gc,stats    ] Concurrent Weak References          487 us, parallelism: 0.91x
[1176.169s][info][gc,stats    ]   CWRF: <total>                     445 us
[1176.169s][info][gc,stats    ]   CWRF: Weak References             445 us, workers (us):  48, 397, ---, ---, 
[1176.169s][info][gc,stats    ] Concurrent Weak Roots               945 us
[1176.169s][info][gc,stats    ]   Roots                             877 us, parallelism: 1.77x
[1176.169s][info][gc,stats    ]     CWR: <total>                   1557 us
[1176.169s][info][gc,stats    ]     CWR: VM Weak Roots             1557 us, workers (us): 792, 765, ---, ---, 
[1176.169s][info][gc,stats    ]   Rendezvous                         23 us
[1176.169s][info][gc,stats    ] Concurrent Cleanup                   49 us
[1176.169s][info][gc,stats    ] Concurrent Strong Roots            6102 us, parallelism: 1.96x
[1176.169s][info][gc,stats    ]   CSR: <total>                    11942 us
[1176.169s][info][gc,stats    ]   CSR: Code Cache Roots           11708 us, workers (us): 5932, 5776, ---, ---, 
[1176.169s][info][gc,stats    ]   CSR: VM Strong Roots                7 us, workers (us):   4,   4, ---, ---, 
[1176.169s][info][gc,stats    ]   CSR: CLDG Roots                   226 us, workers (us): ---, 226, ---, ---, 
[1176.169s][info][gc,stats    ] Concurrent Evacuation             40308 us
[1176.169s][info][gc,stats    ] Pause Init Update Refs (G)          202 us
[1176.169s][info][gc,stats    ] Pause Init Update Refs (N)           62 us
[1176.169s][info][gc,stats    ]   Manage GCLABs                       9 us
[1176.169s][info][gc,stats    ] Concurrent Update Refs           149983 us
[1176.169s][info][gc,stats    ] Concurrent Update Thread Roots     1471 us
[1176.169s][info][gc,stats    ] Pause Final Update Refs (G)         205 us
[1176.169s][info][gc,stats    ] Pause Final Update Refs (N)         131 us
[1176.169s][info][gc,stats    ]   Update Region States               53 us
[1176.169s][info][gc,stats    ]   Trash Collection Set               12 us
[1176.169s][info][gc,stats    ]   Rebuild Free Set                   11 us
[1176.169s][info][gc,stats    ] Concurrent Cleanup                   81 us
[1176.169s][info][gc,stats    ] 
[1176.169s][info][gc,stats    ] Allocation pacing accrued:
[1176.169s][info][gc,stats    ]       0 of  9402 ms (  0.0%): <total>
[1176.169s][info][gc,stats    ]       0 of  9402 ms (  0.0%): <average total>
[1176.169s][info][gc,stats    ] 
[1176.169s][info][gc,metaspace] Metaspace: 136232K(137728K)->136232K(137728K) NonClass: 115162K(116032K)->115162K(116032K) Class: 21070K(21696K)->21070K(21696K)
[1176.169s][info][gc,ergo     ] Pacer for Idle. Initial: 163M, Alloc Tax Rate: 1.0x
[1186.673s][info][gc          ] Trigger: Free (815M) is below minimum threshold (819M)
[1186.673s][info][gc,ergo     ] Free: 815M, Max: 4096K regular, 544M humongous, Frag: 33% external, 0% internal; Reserve: 412M, Max: 4096K
[1186.673s][info][gc,start    ] GC(122) Concurrent reset
[1186.673s][info][gc,task     ] GC(122) Using 2 of 4 workers for concurrent reset
[1186.673s][info][gc,ergo     ] GC(122) Pacer for Reset. Non-Taxable: 8192M
[1186.687s][info][gc          ] GC(122) Concurrent reset 13.752ms
[1186.687s][info][gc,start    ] GC(122) Pause Init Mark
[1186.687s][info][gc,task     ] GC(122) Using 4 of 4 workers for init marking
[1186.687s][info][gc,ergo     ] GC(122) Pacer for Mark. Expected Live: 451M, Free: 808M, Non-Taxable: 82822K, Alloc Tax Rate: 0.7x
[1186.687s][info][gc          ] GC(122) Pause Init Mark 0.125ms
[1186.687s][info][gc,start    ] GC(122) Concurrent marking roots
[1186.687s][info][gc,task     ] GC(122) Using 2 of 4 workers for concurrent marking roots
[1186.696s][info][gc          ] GC(122) Concurrent marking roots 8.840ms
[1186.696s][info][gc,start    ] GC(122) Concurrent marking
[1186.696s][info][gc,task     ] GC(122) Using 2 of 4 workers for concurrent marking
[1186.913s][info][gc          ] GC(122) Concurrent marking 216.913ms
[1186.913s][info][gc,start    ] GC(122) Pause Final Mark
[1186.913s][info][gc,task     ] GC(122) Using 4 of 4 workers for final marking
[1186.913s][info][gc,ergo     ] GC(122) Adaptive CSet Selection. Target Free: 1160M, Actual Free: 2904M, Max CSet: 341M, Min Garbage: 0B
[1186.914s][info][gc,ergo     ] GC(122) Collectable Garbage: 6496M (99%), Immediate: 1760M (26%), CSet: 4736M (72%)
[1186.914s][info][gc,ergo     ] GC(122) Pacer for Evacuation. Used CSet: 4804M, Free: 2499M, Non-Taxable: 249M, Alloc Tax Rate: 4.7x
[1186.914s][info][gc          ] GC(122) Pause Final Mark 0.319ms
[1186.914s][info][gc,start    ] GC(122) Concurrent thread roots
[1186.914s][info][gc,task     ] GC(122) Using 2 of 4 workers for Concurrent thread roots
[1186.914s][info][gc          ] GC(122) Concurrent thread roots 0.832ms
[1186.914s][info][gc,start    ] GC(122) Concurrent weak references
[1186.914s][info][gc,task     ] GC(122) Using 2 of 4 workers for concurrent weak references
[1186.915s][info][gc,ref      ] GC(122) Encountered references: Soft: 6557, Weak: 23591, Final: 34, Phantom: 1048
[1186.915s][info][gc,ref      ] GC(122) Discovered  references: Soft: 0, Weak: 11848, Final: 0, Phantom: 963
[1186.915s][info][gc,ref      ] GC(122) Enqueued    references: Soft: 0, Weak: 3, Final: 0, Phantom: 0
[1186.915s][info][gc          ] GC(122) Concurrent weak references 0.558ms
[1186.915s][info][gc,start    ] GC(122) Concurrent weak roots
[1186.915s][info][gc,task     ] GC(122) Using 2 of 4 workers for concurrent weak root
[1186.916s][info][gc          ] GC(122) Concurrent weak roots 0.952ms
[1186.916s][info][gc,start    ] GC(122) Concurrent cleanup
[1186.916s][info][gc          ] GC(122) Concurrent cleanup 7048M->5288M(8192M) 0.034ms
[1186.916s][info][gc,ergo     ] GC(122) Free: 2491M, Max: 4096K regular, 544M humongous, Frag: 79% external, 0% internal; Reserve: 411M, Max: 4096K
[1186.916s][info][gc,start    ] GC(122) Concurrent strong roots
[1186.916s][info][gc,task     ] GC(122) Using 2 of 4 workers for concurrent strong root
[1186.922s][info][gc          ] GC(122) Concurrent strong roots 5.732ms
[1186.922s][info][gc,start    ] GC(122) Concurrent evacuation
[1186.922s][info][gc,task     ] GC(122) Using 2 of 4 workers for concurrent evacuation
[1186.958s][info][gc          ] GC(122) Concurrent evacuation 36.340ms
[1186.958s][info][gc,start    ] GC(122) Pause Init Update Refs
[1186.958s][info][gc,ergo     ] GC(122) Pacer for Update Refs. Used: 5380M, Free: 2471M, Non-Taxable: 247M, Alloc Tax Rate: 2.7x
[1186.958s][info][gc          ] GC(122) Pause Init Update Refs 0.046ms
[1186.958s][info][gc,start    ] GC(122) Concurrent update references
[1186.958s][info][gc,task     ] GC(122) Using 2 of 4 workers for concurrent reference update
[1187.089s][info][gc          ] GC(122) Concurrent update references 130.575ms
[1187.089s][info][gc,start    ] GC(122) Concurrent update thread roots
[1187.091s][info][gc          ] GC(122) Concurrent update thread roots 1.633ms
[1187.091s][info][gc,start    ] GC(122) Pause Final Update Refs
[1187.091s][info][gc,task     ] GC(122) Using 4 of 4 workers for final reference update
[1187.091s][info][gc          ] GC(122) Pause Final Update Refs 0.102ms
[1187.091s][info][gc,start    ] GC(122) Concurrent cleanup
[1187.091s][info][gc          ] GC(122) Concurrent cleanup 5436M->632M(8192M) 0.071ms
[1187.091s][info][gc,ergo     ] Free: 7147M, Max: 4096K regular, 5392M humongous, Frag: 25% external, 0% internal; Reserve: 412M, Max: 4096K
[1187.091s][info][gc,stats    ] 
[1187.091s][info][gc,stats    ] All times are wall-clock times, except per-root-class counters, that are sum over
[1187.091s][info][gc,stats    ] all workers. Dividing the <total> over the root stage time estimates parallelism.
[1187.091s][info][gc,stats    ] 
[1187.091s][info][gc,stats    ] Concurrent Reset                  13859 us
[1187.091s][info][gc,stats    ] Pause Init Mark (G)                 215 us
[1187.091s][info][gc,stats    ] Pause Init Mark (N)                 138 us
[1187.091s][info][gc,stats    ]   Update Region States               54 us
[1187.091s][info][gc,stats    ] Concurrent Mark Roots              8872 us, parallelism: 1.95x
[1187.091s][info][gc,stats    ]   CMR: <total>                    17326 us
[1187.091s][info][gc,stats    ]   CMR: Thread Roots                1587 us, workers (us): 755, 832, ---, ---, 
[1187.091s][info][gc,stats    ]   CMR: Code Cache Roots           14977 us, workers (us): 7162, 7815, ---, ---, 
[1187.091s][info][gc,stats    ]   CMR: VM Strong Roots               14 us, workers (us):  13,   0, ---, ---, 
[1187.091s][info][gc,stats    ]   CMR: CLDG Roots                   748 us, workers (us): 748, ---, ---, ---, 
[1187.091s][info][gc,stats    ] Concurrent Marking               216960 us
[1187.091s][info][gc,stats    ] Pause Final Mark (G)                360 us
[1187.091s][info][gc,stats    ] Pause Final Mark (N)                330 us
[1187.091s][info][gc,stats    ]   Finish Mark                        61 us
[1187.091s][info][gc,stats    ]   Update Region States               42 us
[1187.091s][info][gc,stats    ]   Choose Collection Set             147 us
[1187.091s][info][gc,stats    ]   Rebuild Free Set                   10 us
[1187.091s][info][gc,stats    ] Concurrent Thread Roots             853 us, parallelism: 1.82x
[1187.091s][info][gc,stats    ]   CTR: <total>                     1555 us
[1187.091s][info][gc,stats    ]   CTR: Thread Roots                1555 us, workers (us): 788, 767, ---, ---, 
[1187.091s][info][gc,stats    ] Concurrent Weak References          568 us, parallelism: 0.92x
[1187.091s][info][gc,stats    ]   CWRF: <total>                     525 us
[1187.091s][info][gc,stats    ]   CWRF: Weak References             525 us, workers (us):  31, 495, ---, ---, 
[1187.091s][info][gc,stats    ] Concurrent Weak Roots               971 us
[1187.091s][info][gc,stats    ]   Roots                             881 us, parallelism: 1.76x
[1187.091s][info][gc,stats    ]     CWR: <total>                   1550 us
[1187.091s][info][gc,stats    ]     CWR: VM Weak Roots             1550 us, workers (us): 791, 759, ---, ---, 
[1187.091s][info][gc,stats    ]   Rendezvous                         49 us
[1187.091s][info][gc,stats    ] Concurrent Cleanup                   47 us
[1187.091s][info][gc,stats    ] Concurrent Strong Roots            5753 us, parallelism: 1.95x
[1187.091s][info][gc,stats    ]   CSR: <total>                    11230 us
[1187.092s][info][gc,stats    ]   CSR: Code Cache Roots           11000 us, workers (us): 5372, 5627, ---, ---, 
[1187.092s][info][gc,stats    ]   CSR: VM Strong Roots                8 us, workers (us):   8,   0, ---, ---, 
[1187.092s][info][gc,stats    ]   CSR: CLDG Roots                   223 us, workers (us): 223, ---, ---, ---, 
[1187.092s][info][gc,stats    ] Concurrent Evacuation             36382 us
[1187.092s][info][gc,stats    ] Pause Init Update Refs (G)           82 us
[1187.092s][info][gc,stats    ] Pause Init Update Refs (N)           57 us
[1187.092s][info][gc,stats    ]   Manage GCLABs                       6 us
[1187.092s][info][gc,stats    ] Concurrent Update Refs           130710 us
[1187.092s][info][gc,stats    ] Concurrent Update Thread Roots     1664 us
[1187.092s][info][gc,stats    ] Pause Final Update Refs (G)         339 us
[1187.092s][info][gc,stats    ] Pause Final Update Refs (N)         124 us
[1187.092s][info][gc,stats    ]   Update Region States               39 us
[1187.092s][info][gc,stats    ]   Trash Collection Set               12 us
[1187.092s][info][gc,stats    ]   Rebuild Free Set                   12 us
[1187.092s][info][gc,stats    ] Concurrent Cleanup                   85 us
[1187.092s][info][gc,stats    ] 
[1187.092s][info][gc,stats    ] Allocation pacing accrued:
[1187.092s][info][gc,stats    ]       0 of 10923 ms (  0.0%): <total>
[1187.092s][info][gc,stats    ]       0 of 10923 ms (  0.0%): <average total>
[1187.092s][info][gc,stats    ] 
[1187.092s][info][gc,metaspace] Metaspace: 136233K(137728K)->136233K(137728K) NonClass: 115163K(116032K)->115163K(116032K) Class: 21070K(21696K)->21070K(21696K)
[1187.092s][info][gc,ergo     ] Pacer for Idle. Initial: 163M, Alloc Tax Rate: 1.0x
[1195.868s][info][gc          ] Trigger: Free (813M) is below minimum threshold (819M)
[1195.868s][info][gc,ergo     ] Free: 813M, Max: 4096K regular, 552M humongous, Frag: 31% external, 0% internal; Reserve: 412M, Max: 4096K
[1195.868s][info][gc,start    ] GC(123) Concurrent reset
[1195.868s][info][gc,task     ] GC(123) Using 2 of 4 workers for concurrent reset
[1195.868s][info][gc,ergo     ] GC(123) Pacer for Reset. Non-Taxable: 8192M
[1195.890s][info][gc          ] GC(123) Concurrent reset 22.145ms
[1195.891s][info][gc,start    ] GC(123) Pause Init Mark
[1195.891s][info][gc,task     ] GC(123) Using 4 of 4 workers for init marking
[1195.891s][info][gc,ergo     ] GC(123) Pacer for Mark. Expected Live: 450M, Free: 785M, Non-Taxable: 80459K, Alloc Tax Rate: 0.7x
[1195.891s][info][gc          ] GC(123) Pause Init Mark 0.154ms
[1195.891s][info][gc,start    ] GC(123) Concurrent marking roots
[1195.891s][info][gc,task     ] GC(123) Using 2 of 4 workers for concurrent marking roots
[1195.900s][info][gc          ] GC(123) Concurrent marking roots 8.829ms
[1195.900s][info][gc,start    ] GC(123) Concurrent marking
[1195.900s][info][gc,task     ] GC(123) Using 2 of 4 workers for concurrent marking
[1196.141s][info][gc          ] GC(123) Concurrent marking 241.046ms
[1196.141s][info][gc,start    ] GC(123) Pause Final Mark
[1196.141s][info][gc,task     ] GC(123) Using 4 of 4 workers for final marking
[1196.141s][info][gc,ergo     ] GC(123) Adaptive CSet Selection. Target Free: 1160M, Actual Free: 2904M, Max CSet: 341M, Min Garbage: 0B
[1196.141s][info][gc,ergo     ] GC(123) Collectable Garbage: 6469M (99%), Immediate: 1908M (29%), CSet: 4561M (70%)
[1196.141s][info][gc,ergo     ] GC(123) Pacer for Evacuation. Used CSet: 4676M, Free: 2496M, Non-Taxable: 249M, Alloc Tax Rate: 4.6x
[1196.141s][info][gc          ] GC(123) Pause Final Mark 0.318ms
[1196.141s][info][gc,start    ] GC(123) Concurrent thread roots
[1196.141s][info][gc,task     ] GC(123) Using 2 of 4 workers for Concurrent thread roots
[1196.142s][info][gc          ] GC(123) Concurrent thread roots 0.845ms
[1196.142s][info][gc,start    ] GC(123) Concurrent weak references
[1196.142s][info][gc,task     ] GC(123) Using 2 of 4 workers for concurrent weak references
[1196.142s][info][gc,ref      ] GC(123) Encountered references: Soft: 6557, Weak: 23591, Final: 34, Phantom: 1051
[1196.142s][info][gc,ref      ] GC(123) Discovered  references: Soft: 0, Weak: 5019, Final: 0, Phantom: 966
[1196.142s][info][gc,ref      ] GC(123) Enqueued    references: Soft: 0, Weak: 2, Final: 0, Phantom: 0
[1196.142s][info][gc          ] GC(123) Concurrent weak references 0.313ms
[1196.142s][info][gc,start    ] GC(123) Concurrent weak roots
[1196.142s][info][gc,task     ] GC(123) Using 2 of 4 workers for concurrent weak root
[1196.143s][info][gc          ] GC(123) Concurrent weak roots 0.924ms
[1196.143s][info][gc,start    ] GC(123) Concurrent cleanup
[1196.143s][info][gc          ] GC(123) Concurrent cleanup 7200M->5292M(8192M) 0.037ms
[1196.143s][info][gc,ergo     ] GC(123) Free: 2487M, Max: 4096K regular, 552M humongous, Frag: 78% external, 0% internal; Reserve: 411M, Max: 4096K
[1196.143s][info][gc,start    ] GC(123) Concurrent strong roots
[1196.143s][info][gc,task     ] GC(123) Using 2 of 4 workers for concurrent strong root
[1196.149s][info][gc          ] GC(123) Concurrent strong roots 5.837ms
[1196.149s][info][gc,start    ] GC(123) Concurrent evacuation
[1196.149s][info][gc,task     ] GC(123) Using 2 of 4 workers for concurrent evacuation
[1196.204s][info][gc          ] GC(123) Concurrent evacuation 54.837ms
[1196.204s][info][gc,start    ] GC(123) Pause Init Update Refs
[1196.204s][info][gc,ergo     ] GC(123) Pacer for Update Refs. Used: 5464M, Free: 2435M, Non-Taxable: 243M, Alloc Tax Rate: 2.7x
[1196.204s][info][gc          ] GC(123) Pause Init Update Refs 0.045ms
[1196.204s][info][gc,start    ] GC(123) Concurrent update references
[1196.204s][info][gc,task     ] GC(123) Using 2 of 4 workers for concurrent reference update
[1196.361s][info][gc          ] GC(123) Concurrent update references 156.897ms
[1196.361s][info][gc,start    ] GC(123) Concurrent update thread roots
[1196.362s][info][gc          ] GC(123) Concurrent update thread roots 1.387ms
[1196.363s][info][gc,start    ] GC(123) Pause Final Update Refs
[1196.363s][info][gc,task     ] GC(123) Using 4 of 4 workers for final reference update
[1196.363s][info][gc          ] GC(123) Pause Final Update Refs 0.111ms
[1196.363s][info][gc,start    ] GC(123) Concurrent cleanup
[1196.363s][info][gc          ] GC(123) Concurrent cleanup 5540M->864M(8192M) 0.106ms
[1196.363s][info][gc,ergo     ] Free: 6915M, Max: 4096K regular, 5316M humongous, Frag: 24% external, 0% internal; Reserve: 412M, Max: 4096K
[1196.363s][info][gc,stats    ] 
[1196.363s][info][gc,stats    ] All times are wall-clock times, except per-root-class counters, that are sum over
[1196.363s][info][gc,stats    ] all workers. Dividing the <total> over the root stage time estimates parallelism.
[1196.363s][info][gc,stats    ] 
[1196.363s][info][gc,stats    ] Concurrent Reset                  22254 us
[1196.363s][info][gc,stats    ] Pause Init Mark (G)                 296 us
[1196.363s][info][gc,stats    ] Pause Init Mark (N)                 167 us
[1196.363s][info][gc,stats    ]   Update Region States               79 us
[1196.363s][info][gc,stats    ] Concurrent Mark Roots              8867 us, parallelism: 1.94x
[1196.363s][info][gc,stats    ]   CMR: <total>                    17164 us
[1196.363s][info][gc,stats    ]   CMR: Thread Roots                1449 us, workers (us): 791, 658, ---, ---, 
[1196.363s][info][gc,stats    ]   CMR: Code Cache Roots           14773 us, workers (us): 6875, 7898, ---, ---, 
[1196.363s][info][gc,stats    ]   CMR: VM Strong Roots               14 us, workers (us):  14,   0, ---, ---, 
[1196.363s][info][gc,stats    ]   CMR: CLDG Roots                   928 us, workers (us): 928, ---, ---, ---, 
[1196.363s][info][gc,stats    ] Concurrent Marking               241090 us
[1196.363s][info][gc,stats    ] Pause Final Mark (G)                387 us
[1196.363s][info][gc,stats    ] Pause Final Mark (N)                329 us
[1196.363s][info][gc,stats    ]   Finish Mark                        67 us
[1196.363s][info][gc,stats    ]   Update Region States               40 us
[1196.363s][info][gc,stats    ]   Choose Collection Set             145 us
[1196.363s][info][gc,stats    ]   Rebuild Free Set                   11 us
[1196.363s][info][gc,stats    ] Concurrent Thread Roots             867 us, parallelism: 1.77x
[1196.363s][info][gc,stats    ]   CTR: <total>                     1531 us
[1196.363s][info][gc,stats    ]   CTR: Thread Roots                1531 us, workers (us): 760, 771, ---, ---, 
[1196.363s][info][gc,stats    ] Concurrent Weak References          324 us, parallelism: 1.06x
[1196.363s][info][gc,stats    ]   CWRF: <total>                     344 us
[1196.363s][info][gc,stats    ]   CWRF: Weak References             344 us, workers (us): 208, 137, ---, ---, 
[1196.363s][info][gc,stats    ] Concurrent Weak Roots               946 us
[1196.363s][info][gc,stats    ]   Roots                             878 us, parallelism: 1.72x
[1196.363s][info][gc,stats    ]     CWR: <total>                   1511 us
[1196.363s][info][gc,stats    ]     CWR: VM Weak Roots             1511 us, workers (us): 755, 757, ---, ---, 
[1196.363s][info][gc,stats    ]   Rendezvous                         24 us
[1196.363s][info][gc,stats    ] Concurrent Cleanup                   50 us
[1196.363s][info][gc,stats    ] Concurrent Strong Roots            5864 us, parallelism: 1.96x
[1196.363s][info][gc,stats    ]   CSR: <total>                    11482 us
[1196.363s][info][gc,stats    ]   CSR: Code Cache Roots           11220 us, workers (us): 5704, 5516, ---, ---, 
[1196.363s][info][gc,stats    ]   CSR: VM Strong Roots                8 us, workers (us):   5,   3, ---, ---, 
[1196.363s][info][gc,stats    ]   CSR: CLDG Roots                   254 us, workers (us): ---, 254, ---, ---, 
[1196.363s][info][gc,stats    ] Concurrent Evacuation             54886 us
[1196.363s][info][gc,stats    ] Pause Init Update Refs (G)          106 us
[1196.363s][info][gc,stats    ] Pause Init Update Refs (N)           56 us
[1196.363s][info][gc,stats    ]   Manage GCLABs                       5 us
[1196.363s][info][gc,stats    ] Concurrent Update Refs           156942 us
[1196.363s][info][gc,stats    ] Concurrent Update Thread Roots     1413 us
[1196.363s][info][gc,stats    ] Pause Final Update Refs (G)         234 us
[1196.363s][info][gc,stats    ] Pause Final Update Refs (N)         167 us
[1196.363s][info][gc,stats    ]   Update Region States               49 us
[1196.363s][info][gc,stats    ]   Trash Collection Set               15 us
[1196.363s][info][gc,stats    ]   Rebuild Free Set                   11 us
[1196.363s][info][gc,stats    ] Concurrent Cleanup                  129 us
[1196.363s][info][gc,stats    ] 
[1196.363s][info][gc,stats    ] Allocation pacing accrued:
[1196.363s][info][gc,stats    ]       0 of  9272 ms (  0.0%): <total>
[1196.363s][info][gc,stats    ]       0 of  9272 ms (  0.0%): <average total>
[1196.363s][info][gc,stats    ] 
[1196.364s][info][gc,metaspace] Metaspace: 136239K(137728K)->136239K(137728K) NonClass: 115169K(116032K)->115169K(116032K) Class: 21070K(21696K)->21070K(21696K)
[1196.364s][info][gc,ergo     ] Pacer for Idle. Initial: 163M, Alloc Tax Rate: 1.0x
[1207.830s][info][gc          ] Trigger: Average GC time (525.22 ms) is above the time for instantaneous allocation rate (954 MB/s) to deplete free headroom (430M) (spike threshold = 1.78)
[1207.830s][info][gc,ergo     ] Free: 839M, Max: 4096K regular, 504M humongous, Frag: 40% external, 0% internal; Reserve: 412M, Max: 4096K
[1207.830s][info][gc,start    ] GC(124) Concurrent reset
[1207.830s][info][gc,task     ] GC(124) Using 2 of 4 workers for concurrent reset
[1207.830s][info][gc,ergo     ] GC(124) Pacer for Reset. Non-Taxable: 8192M
[1207.845s][info][gc          ] GC(124) Concurrent reset 14.255ms
[1207.845s][info][gc,start    ] GC(124) Pause Init Mark
[1207.845s][info][gc,task     ] GC(124) Using 4 of 4 workers for init marking
[1207.845s][info][gc,ergo     ] GC(124) Pacer for Mark. Expected Live: 458M, Free: 835M, Non-Taxable: 85577K, Alloc Tax Rate: 0.7x
[1207.845s][info][gc          ] GC(124) Pause Init Mark 0.119ms
[1207.845s][info][gc,start    ] GC(124) Concurrent marking roots
[1207.845s][info][gc,task     ] GC(124) Using 2 of 4 workers for concurrent marking roots
[1207.853s][info][gc          ] GC(124) Concurrent marking roots 8.290ms
[1207.853s][info][gc,start    ] GC(124) Concurrent marking
[1207.853s][info][gc,task     ] GC(124) Using 2 of 4 workers for concurrent marking
[1208.080s][info][gc          ] GC(124) Concurrent marking 226.422ms
[1208.080s][info][gc,start    ] GC(124) Pause Final Mark
[1208.080s][info][gc,task     ] GC(124) Using 4 of 4 workers for final marking
[1208.080s][info][gc,ergo     ] GC(124) Adaptive CSet Selection. Target Free: 1160M, Actual Free: 2100M, Max CSet: 341M, Min Garbage: 0B
[1208.080s][info][gc,ergo     ] GC(124) Collectable Garbage: 6461M (99%), Immediate: 980M (15%), CSet: 5481M (84%)
[1208.080s][info][gc,ergo     ] GC(124) Pacer for Evacuation. Used CSet: 5556M, Free: 1699M, Non-Taxable: 169M, Alloc Tax Rate: 8.0x
[1208.080s][info][gc          ] GC(124) Pause Final Mark 0.325ms
[1208.080s][info][gc,start    ] GC(124) Concurrent thread roots
[1208.080s][info][gc,task     ] GC(124) Using 2 of 4 workers for Concurrent thread roots
[1208.081s][info][gc          ] GC(124) Concurrent thread roots 0.821ms
[1208.081s][info][gc,start    ] GC(124) Concurrent weak references
[1208.081s][info][gc,task     ] GC(124) Using 2 of 4 workers for concurrent weak references
[1208.081s][info][gc,ref      ] GC(124) Encountered references: Soft: 6557, Weak: 23594, Final: 34, Phantom: 1054
[1208.081s][info][gc,ref      ] GC(124) Discovered  references: Soft: 0, Weak: 11762, Final: 0, Phantom: 823
[1208.081s][info][gc,ref      ] GC(124) Enqueued    references: Soft: 0, Weak: 4, Final: 0, Phantom: 0
[1208.081s][info][gc          ] GC(124) Concurrent weak references 0.542ms
[1208.081s][info][gc,start    ] GC(124) Concurrent weak roots
[1208.081s][info][gc,task     ] GC(124) Using 2 of 4 workers for concurrent weak root
[1208.082s][info][gc          ] GC(124) Concurrent weak roots 0.926ms
[1208.082s][info][gc,start    ] GC(124) Concurrent cleanup
[1208.082s][info][gc          ] GC(124) Concurrent cleanup 7069M->6089M(8192M) 0.027ms
[1208.082s][info][gc,ergo     ] GC(124) Free: 1691M, Max: 4096K regular, 504M humongous, Frag: 70% external, 0% internal; Reserve: 411M, Max: 4096K
[1208.082s][info][gc,start    ] GC(124) Concurrent strong roots
[1208.082s][info][gc,task     ] GC(124) Using 2 of 4 workers for concurrent strong root
[1208.088s][info][gc          ] GC(124) Concurrent strong roots 5.604ms
[1208.088s][info][gc,start    ] GC(124) Concurrent evacuation
[1208.088s][info][gc,task     ] GC(124) Using 2 of 4 workers for concurrent evacuation
[1208.129s][info][gc          ] GC(124) Concurrent evacuation 40.660ms
[1208.129s][info][gc,start    ] GC(124) Pause Init Update Refs
[1208.129s][info][gc,ergo     ] GC(124) Pacer for Update Refs. Used: 6172M, Free: 1687M, Non-Taxable: 168M, Alloc Tax Rate: 4.5x
[1208.129s][info][gc          ] GC(124) Pause Init Update Refs 0.044ms
[1208.129s][info][gc,start    ] GC(124) Concurrent update references
[1208.129s][info][gc,task     ] GC(124) Using 2 of 4 workers for concurrent reference update
[1208.264s][info][gc          ] GC(124) Concurrent update references 135.350ms
[1208.264s][info][gc,start    ] GC(124) Concurrent update thread roots
[1208.266s][info][gc          ] GC(124) Concurrent update thread roots 1.411ms
[1208.266s][info][gc,start    ] GC(124) Pause Final Update Refs
[1208.266s][info][gc,task     ] GC(124) Using 4 of 4 workers for final reference update
[1208.266s][info][gc          ] GC(124) Pause Final Update Refs 0.105ms
[1208.266s][info][gc,start    ] GC(124) Concurrent cleanup
[1208.266s][info][gc          ] GC(124) Concurrent cleanup 6188M->632M(8192M) 0.076ms
[1208.266s][info][gc,ergo     ] Free: 7147M, Max: 4096K regular, 5116M humongous, Frag: 29% external, 0% internal; Reserve: 412M, Max: 4096K
[1208.266s][info][gc,stats    ] 
[1208.266s][info][gc,stats    ] All times are wall-clock times, except per-root-class counters, that are sum over
[1208.266s][info][gc,stats    ] all workers. Dividing the <total> over the root stage time estimates parallelism.
[1208.266s][info][gc,stats    ] 
[1208.266s][info][gc,stats    ] Concurrent Reset                  14380 us
[1208.266s][info][gc,stats    ] Pause Init Mark (G)                 212 us
[1208.266s][info][gc,stats    ] Pause Init Mark (N)                 131 us
[1208.266s][info][gc,stats    ]   Update Region States               44 us
[1208.266s][info][gc,stats    ] Concurrent Mark Roots              8319 us, parallelism: 1.93x
[1208.266s][info][gc,stats    ]   CMR: <total>                    16060 us
[1208.266s][info][gc,stats    ]   CMR: Thread Roots                1454 us, workers (us): 663, 791, ---, ---, 
[1208.266s][info][gc,stats    ]   CMR: Code Cache Roots           13880 us, workers (us): 7365, 6515, ---, ---, 
[1208.266s][info][gc,stats    ]   CMR: VM Strong Roots               14 us, workers (us):   8,   6, ---, ---, 
[1208.266s][info][gc,stats    ]   CMR: CLDG Roots                   711 us, workers (us): ---, 711, ---, ---, 
[1208.266s][info][gc,stats    ] Concurrent Marking               226466 us
[1208.266s][info][gc,stats    ] Pause Final Mark (G)                363 us
[1208.266s][info][gc,stats    ] Pause Final Mark (N)                336 us
[1208.266s][info][gc,stats    ]   Finish Mark                        62 us
[1208.266s][info][gc,stats    ]   Update Region States               37 us
[1208.266s][info][gc,stats    ]   Choose Collection Set             160 us
[1208.266s][info][gc,stats    ]   Rebuild Free Set                   10 us
[1208.266s][info][gc,stats    ] Concurrent Thread Roots             841 us, parallelism: 1.83x
[1208.266s][info][gc,stats    ]   CTR: <total>                     1540 us
[1208.266s][info][gc,stats    ]   CTR: Thread Roots                1540 us, workers (us): 784, 755, ---, ---, 
[1208.266s][info][gc,stats    ] Concurrent Weak References          553 us, parallelism: 0.93x
[1208.266s][info][gc,stats    ]   CWRF: <total>                     513 us
[1208.266s][info][gc,stats    ]   CWRF: Weak References             513 us, workers (us): 459,  54, ---, ---, 
[1208.266s][info][gc,stats    ] Concurrent Weak Roots               939 us
[1208.266s][info][gc,stats    ]   Roots                             883 us, parallelism: 1.76x
[1208.266s][info][gc,stats    ]     CWR: <total>                   1553 us
[1208.266s][info][gc,stats    ]     CWR: VM Weak Roots             1553 us, workers (us): 793, 760, ---, ---, 
[1208.266s][info][gc,stats    ]   Rendezvous                         22 us
[1208.266s][info][gc,stats    ] Concurrent Cleanup                   39 us
[1208.266s][info][gc,stats    ] Concurrent Strong Roots            5627 us, parallelism: 1.97x
[1208.266s][info][gc,stats    ]   CSR: <total>                    11059 us
[1208.266s][info][gc,stats    ]   CSR: Code Cache Roots           10829 us, workers (us): 5537, 5292, ---, ---, 
[1208.266s][info][gc,stats    ]   CSR: VM Strong Roots                8 us, workers (us):   4,   4, ---, ---, 
[1208.266s][info][gc,stats    ]   CSR: CLDG Roots                   221 us, workers (us): ---, 221, ---, ---, 
[1208.266s][info][gc,stats    ] Concurrent Evacuation             40708 us
[1208.266s][info][gc,stats    ] Pause Init Update Refs (G)          145 us
[1208.266s][info][gc,stats    ] Pause Init Update Refs (N)           55 us
[1208.266s][info][gc,stats    ]   Manage GCLABs                       6 us
[1208.266s][info][gc,stats    ] Concurrent Update Refs           135396 us
[1208.266s][info][gc,stats    ] Concurrent Update Thread Roots     1427 us
[1208.266s][info][gc,stats    ] Pause Final Update Refs (G)         147 us
[1208.266s][info][gc,stats    ] Pause Final Update Refs (N)         119 us
[1208.266s][info][gc,stats    ]   Update Region States               38 us
[1208.266s][info][gc,stats    ]   Trash Collection Set               16 us
[1208.266s][info][gc,stats    ]   Rebuild Free Set                   10 us
[1208.266s][info][gc,stats    ] Concurrent Cleanup                   91 us
[1208.266s][info][gc,stats    ] 
[1208.267s][info][gc,stats    ] Allocation pacing accrued:
[1208.267s][info][gc,stats    ]       0 of 11903 ms (  0.0%): <total>
[1208.267s][info][gc,stats    ]       0 of 11903 ms (  0.0%): <average total>
[1208.267s][info][gc,stats    ] 
[1208.267s][info][gc,metaspace] Metaspace: 136252K(137728K)->136252K(137728K) NonClass: 115182K(116032K)->115182K(116032K) Class: 21070K(21696K)->21070K(21696K)
[1208.267s][info][gc,ergo     ] Pacer for Idle. Initial: 163M, Alloc Tax Rate: 1.0x
[1219.118s][info][gc          ] Trigger: Free (815M) is below minimum threshold (819M)
[1219.118s][info][gc,ergo     ] Free: 815M, Max: 4096K regular, 544M humongous, Frag: 33% external, 0% internal; Reserve: 412M, Max: 4096K
[1219.118s][info][gc,start    ] GC(125) Concurrent reset
[1219.118s][info][gc,task     ] GC(125) Using 2 of 4 workers for concurrent reset
[1219.118s][info][gc,ergo     ] GC(125) Pacer for Reset. Non-Taxable: 8192M
[1219.146s][info][gc          ] GC(125) Concurrent reset 27.998ms
[1219.146s][info][gc,start    ] GC(125) Pause Init Mark
[1219.146s][info][gc,task     ] GC(125) Using 4 of 4 workers for init marking
[1219.146s][info][gc,ergo     ] GC(125) Pacer for Mark. Expected Live: 454M, Free: 782M, Non-Taxable: 80175K, Alloc Tax Rate: 0.7x
[1219.146s][info][gc          ] GC(125) Pause Init Mark 0.122ms
[1219.146s][info][gc,start    ] GC(125) Concurrent marking roots
[1219.146s][info][gc,task     ] GC(125) Using 2 of 4 workers for concurrent marking roots
[1219.156s][info][gc          ] GC(125) Concurrent marking roots 9.870ms
[1219.156s][info][gc,start    ] GC(125) Concurrent marking
[1219.156s][info][gc,task     ] GC(125) Using 2 of 4 workers for concurrent marking
[1220.483s][info][gc          ] GC(125) Concurrent marking 1327.291ms
[1220.483s][info][gc,start    ] GC(125) Pause Final Mark
[1220.484s][info][gc,task     ] GC(125) Using 4 of 4 workers for final marking
[1220.484s][info][gc,ergo     ] GC(125) Adaptive CSet Selection. Target Free: 1160M, Actual Free: 1296M, Max CSet: 341M, Min Garbage: 0B
[1220.484s][info][gc,ergo     ] GC(125) Collectable Garbage: 6484M (99%), Immediate: 596M (9%), CSet: 5888M (90%)
[1220.484s][info][gc,ergo     ] GC(125) Pacer for Evacuation. Used CSet: 5992M, Free: 888M, Non-Taxable: 90951K, Alloc Tax Rate: 16.5x
[1220.484s][info][gc          ] GC(125) Pause Final Mark 0.737ms
[1220.484s][info][gc,start    ] GC(125) Concurrent thread roots
[1220.484s][info][gc,task     ] GC(125) Using 2 of 4 workers for Concurrent thread roots
[1220.485s][info][gc          ] GC(125) Concurrent thread roots 0.780ms
[1220.485s][info][gc,start    ] GC(125) Concurrent weak references
[1220.485s][info][gc,task     ] GC(125) Using 2 of 4 workers for concurrent weak references
[1220.485s][info][gc,ref      ] GC(125) Encountered references: Soft: 6557, Weak: 23593, Final: 34, Phantom: 1057
[1220.485s][info][gc,ref      ] GC(125) Discovered  references: Soft: 0, Weak: 584, Final: 1, Phantom: 982
[1220.485s][info][gc,ref      ] GC(125) Enqueued    references: Soft: 0, Weak: 2, Final: 0, Phantom: 0
[1220.485s][info][gc          ] GC(125) Concurrent weak references 0.156ms
[1220.485s][info][gc,start    ] GC(125) Concurrent weak roots
[1220.485s][info][gc,task     ] GC(125) Using 2 of 4 workers for concurrent weak root
[1220.486s][info][gc          ] GC(125) Concurrent weak roots 0.952ms
[1220.486s][info][gc,start    ] GC(125) Concurrent cleanup
[1220.486s][info][gc          ] GC(125) Concurrent cleanup 7496M->6900M(8192M) 0.032ms
[1220.486s][info][gc,ergo     ] GC(125) Free: 880M, Max: 4096K regular, 280M humongous, Frag: 69% external, 0% internal; Reserve: 411M, Max: 4096K
[1220.486s][info][gc,start    ] GC(125) Concurrent strong roots
[1220.486s][info][gc,task     ] GC(125) Using 2 of 4 workers for concurrent strong root
[1220.494s][info][gc          ] GC(125) Concurrent strong roots 7.830ms
[1220.494s][info][gc,start    ] GC(125) Concurrent evacuation
[1220.494s][info][gc,task     ] GC(125) Using 2 of 4 workers for concurrent evacuation
[1220.585s][info][gc          ] GC(125) Concurrent evacuation 90.660ms
[1220.585s][info][gc,start    ] GC(125) Pause Init Update Refs
[1220.585s][info][gc,ergo     ] GC(125) Pacer for Update Refs. Used: 7083M, Free: 804M, Non-Taxable: 82336K, Alloc Tax Rate: 10.8x
[1220.585s][info][gc          ] GC(125) Pause Init Update Refs 0.048ms
[1220.585s][info][gc,start    ] GC(125) Concurrent update references
[1220.585s][info][gc,task     ] GC(125) Using 2 of 4 workers for concurrent reference update
[1220.795s][info][gc          ] GC(125) Concurrent update references 209.568ms
[1220.795s][info][gc,start    ] GC(125) Concurrent update thread roots
[1220.796s][info][gc          ] GC(125) Concurrent update thread roots 1.553ms
[1220.796s][info][gc,start    ] GC(125) Pause Final Update Refs
[1220.796s][info][gc,task     ] GC(125) Using 4 of 4 workers for final reference update
[1220.796s][info][gc          ] GC(125) Pause Final Update Refs 0.113ms
[1220.796s][info][gc,start    ] GC(125) Concurrent cleanup
[1220.796s][info][gc          ] GC(125) Concurrent cleanup 7296M->1308M(8192M) 0.080ms
[1220.797s][info][gc,ergo     ] Free: 6471M, Max: 4096K regular, 3412M humongous, Frag: 48% external, 0% internal; Reserve: 412M, Max: 4096K
[1220.797s][info][gc,stats    ] 
[1220.797s][info][gc,stats    ] All times are wall-clock times, except per-root-class counters, that are sum over
[1220.797s][info][gc,stats    ] all workers. Dividing the <total> over the root stage time estimates parallelism.
[1220.797s][info][gc,stats    ] 
[1220.797s][info][gc,stats    ] Concurrent Reset                  28046 us
[1220.797s][info][gc,stats    ] Pause Init Mark (G)                 203 us
[1220.797s][info][gc,stats    ] Pause Init Mark (N)                 135 us
[1220.797s][info][gc,stats    ]   Update Region States               53 us
[1220.797s][info][gc,stats    ] Concurrent Mark Roots              9913 us, parallelism: 1.95x
[1220.797s][info][gc,stats    ]   CMR: <total>                    19374 us
[1220.797s][info][gc,stats    ]   CMR: Thread Roots                1464 us, workers (us): 682, 782, ---, ---, 
[1220.797s][info][gc,stats    ]   CMR: Code Cache Roots           17047 us, workers (us): 8160, 8887, ---, ---, 
[1220.797s][info][gc,stats    ]   CMR: VM Strong Roots               13 us, workers (us):  13,   0, ---, ---, 
[1220.797s][info][gc,stats    ]   CMR: CLDG Roots                   850 us, workers (us): 850, ---, ---, ---, 
[1220.797s][info][gc,stats    ] Concurrent Marking              1327322 us
[1220.797s][info][gc,stats    ] Pause Final Mark (G)                769 us
[1220.797s][info][gc,stats    ] Pause Final Mark (N)                748 us
[1220.797s][info][gc,stats    ]   Finish Mark                       280 us
[1220.797s][info][gc,stats    ]   Update Region States               18 us
[1220.797s][info][gc,stats    ]   Choose Collection Set             376 us
[1220.797s][info][gc,stats    ]   Rebuild Free Set                    9 us
[1220.797s][info][gc,stats    ] Concurrent Thread Roots             800 us, parallelism: 1.84x
[1220.797s][info][gc,stats    ]   CTR: <total>                     1470 us
[1220.797s][info][gc,stats    ]   CTR: Thread Roots                1470 us, workers (us): 732, 738, ---, ---, 
[1220.797s][info][gc,stats    ] Concurrent Weak References          167 us, parallelism: 0.91x
[1220.797s][info][gc,stats    ]   CWRF: <total>                     152 us
[1220.797s][info][gc,stats    ]   CWRF: Weak References             152 us, workers (us):  76,  77, ---, ---, 
[1220.797s][info][gc,stats    ] Concurrent Weak Roots               970 us
[1220.797s][info][gc,stats    ]   Roots                             906 us, parallelism: 1.80x
[1220.797s][info][gc,stats    ]     CWR: <total>                   1631 us
[1220.797s][info][gc,stats    ]     CWR: VM Weak Roots             1631 us, workers (us): 816, 815, ---, ---, 
[1220.797s][info][gc,stats    ]   Rendezvous                         25 us
[1220.797s][info][gc,stats    ] Concurrent Cleanup                   45 us
[1220.797s][info][gc,stats    ] Concurrent Strong Roots            7901 us, parallelism: 1.93x
[1220.797s][info][gc,stats    ]   CSR: <total>                    15256 us
[1220.797s][info][gc,stats    ]   CSR: Code Cache Roots           14943 us, workers (us): 7542, 7401, ---, ---, 
[1220.797s][info][gc,stats    ]   CSR: VM Strong Roots               11 us, workers (us):   6,   5, ---, ---, 
[1220.797s][info][gc,stats    ]   CSR: CLDG Roots                   302 us, workers (us): ---, 302, ---, ---, 
[1220.797s][info][gc,stats    ] Concurrent Evacuation             90715 us
[1220.797s][info][gc,stats    ] Pause Init Update Refs (G)          114 us
[1220.797s][info][gc,stats    ] Pause Init Update Refs (N)           59 us
[1220.797s][info][gc,stats    ]   Manage GCLABs                       6 us
[1220.797s][info][gc,stats    ] Concurrent Update Refs           209610 us
[1220.797s][info][gc,stats    ] Concurrent Update Thread Roots     1578 us
[1220.797s][info][gc,stats    ] Pause Final Update Refs (G)         210 us
[1220.797s][info][gc,stats    ] Pause Final Update Refs (N)         135 us
[1220.797s][info][gc,stats    ]   Update Region States               37 us
[1220.797s][info][gc,stats    ]   Trash Collection Set               14 us
[1220.797s][info][gc,stats    ]   Rebuild Free Set                   23 us
[1220.797s][info][gc,stats    ] Concurrent Cleanup                   95 us
[1220.797s][info][gc,stats    ] Pacing                            58413 us
[1220.797s][info][gc,stats    ] 
[1220.797s][info][gc,stats    ] Allocation pacing accrued:
[1220.797s][info][gc,stats    ]      10 of 12531 ms (  0.1%): Server thread
[1220.797s][info][gc,stats    ]      11 of 12531 ms (  0.1%): Paper Common Worker #0
[1220.797s][info][gc,stats    ]      16 of 12531 ms (  0.1%): Paper Common Worker #1
[1220.797s][info][gc,stats    ]      12 of 12531 ms (  0.1%): RegionFile I/O Thread #0
[1220.797s][info][gc,stats    ]      10 of 12531 ms (  0.1%): Craft Scheduler Thread - 44
[1220.797s][info][gc,stats    ]      58 of 12531 ms (  0.5%): <total>
[1220.797s][info][gc,stats    ]       1 of 12531 ms (  0.0%): <average total>
[1220.797s][info][gc,stats    ]      12 of 12531 ms (  0.1%): <average non-zero>
[1220.797s][info][gc,stats    ] 
[1220.797s][info][gc,metaspace] Metaspace: 136252K(137728K)->136255K(137728K) NonClass: 115182K(116032K)->115184K(116032K) Class: 21070K(21696K)->21071K(21696K)
[1220.797s][info][gc,ergo     ] Pacer for Idle. Initial: 163M, Alloc Tax Rate: 1.0x
[1223.316s][info][gc          ] Trigger: Average GC time (2205.08 ms) is above the time for instantaneous allocation rate (1800 MB/s) to deplete free headroom (3609M) (spike threshold = 1.80)
[1223.316s][info][gc,ergo     ] Free: 4019M, Max: 4096K regular, 3412M humongous, Frag: 15% external, 0% internal; Reserve: 412M, Max: 4096K
[1223.316s][info][gc,start    ] GC(126) Concurrent reset
[1223.316s][info][gc,task     ] GC(126) Using 2 of 4 workers for concurrent reset
[1223.316s][info][gc,ergo     ] GC(126) Pacer for Reset. Non-Taxable: 8192M
[1223.335s][info][gc          ] GC(126) Concurrent reset 19.087ms
[1223.336s][info][gc,start    ] GC(126) Pause Init Mark
[1223.336s][info][gc,task     ] GC(126) Using 4 of 4 workers for init marking
[1223.336s][info][gc,ergo     ] GC(126) Pacer for Mark. Expected Live: 462M, Free: 3999M, Non-Taxable: 399M, Alloc Tax Rate: 0.1x
[1223.336s][info][gc          ] GC(126) Pause Init Mark 0.202ms
[1223.336s][info][gc,start    ] GC(126) Concurrent marking roots
[1223.336s][info][gc,task     ] GC(126) Using 2 of 4 workers for concurrent marking roots
[1223.347s][info][gc          ] GC(126) Concurrent marking roots 11.507ms
[1223.347s][info][gc,start    ] GC(126) Concurrent marking
[1223.347s][info][gc,task     ] GC(126) Using 2 of 4 workers for concurrent marking
[1223.587s][info][gc          ] GC(126) Concurrent marking 239.322ms
[1223.587s][info][gc,start    ] GC(126) Pause Final Mark
[1223.587s][info][gc,task     ] GC(126) Using 4 of 4 workers for final marking
[1223.587s][info][gc,ergo     ] GC(126) Adaptive CSet Selection. Target Free: 1160M, Actual Free: 4964M, Max CSet: 341M, Min Garbage: 0B
[1223.587s][info][gc,ergo     ] GC(126) Collectable Garbage: 3273M (98%), Immediate: 792M (23%), CSet: 2480M (75%)
[1223.587s][info][gc,ergo     ] GC(126) Pacer for Evacuation. Used CSet: 2580M, Free: 4560M, Non-Taxable: 456M, Alloc Tax Rate: 1.4x
[1223.587s][info][gc          ] GC(126) Pause Final Mark 0.305ms
[1223.587s][info][gc,start    ] GC(126) Concurrent thread roots
[1223.587s][info][gc,task     ] GC(126) Using 2 of 4 workers for Concurrent thread roots
[1223.588s][info][gc          ] GC(126) Concurrent thread roots 0.987ms
[1223.588s][info][gc,start    ] GC(126) Concurrent weak references
[1223.588s][info][gc,task     ] GC(126) Using 2 of 4 workers for concurrent weak references
[1223.589s][info][gc,ref      ] GC(126) Encountered references: Soft: 6557, Weak: 23604, Final: 34, Phantom: 1068
[1223.589s][info][gc,ref      ] GC(126) Discovered  references: Soft: 0, Weak: 2578, Final: 1, Phantom: 983
[1223.589s][info][gc,ref      ] GC(126) Enqueued    references: Soft: 0, Weak: 4, Final: 0, Phantom: 2
[1223.589s][info][gc          ] GC(126) Concurrent weak references 0.502ms
[1223.589s][info][gc,start    ] GC(126) Concurrent weak roots
[1223.589s][info][gc,task     ] GC(126) Using 2 of 4 workers for concurrent weak root
[1223.590s][info][gc          ] GC(126) Concurrent weak roots 1.199ms
[1223.590s][info][gc,start    ] GC(126) Concurrent cleanup
[1223.590s][info][gc          ] GC(126) Concurrent cleanup 4021M->3228M(8192M) 0.034ms
[1223.590s][info][gc,ergo     ] GC(126) Free: 4551M, Max: 4096K regular, 3416M humongous, Frag: 25% external, 0% internal; Reserve: 411M, Max: 4096K
[1223.590s][info][gc,start    ] GC(126) Concurrent strong roots
[1223.590s][info][gc,task     ] GC(126) Using 2 of 4 workers for concurrent strong root
[1223.599s][info][gc          ] GC(126) Concurrent strong roots 8.734ms
[1223.599s][info][gc,start    ] GC(126) Concurrent evacuation
[1223.599s][info][gc,task     ] GC(126) Using 2 of 4 workers for concurrent evacuation
[1223.645s][info][gc          ] GC(126) Concurrent evacuation 46.440ms
[1223.645s][info][gc,start    ] GC(126) Pause Init Update Refs
[1223.645s][info][gc,ergo     ] GC(126) Pacer for Update Refs. Used: 3351M, Free: 4532M, Non-Taxable: 453M, Alloc Tax Rate: 1.1x
[1223.645s][info][gc          ] GC(126) Pause Init Update Refs 0.053ms
[1223.645s][info][gc,start    ] GC(126) Concurrent update references
[1223.645s][info][gc,task     ] GC(126) Using 2 of 4 workers for concurrent reference update
[1223.790s][info][gc          ] GC(126) Concurrent update references 144.590ms
[1223.790s][info][gc,start    ] GC(126) Concurrent update thread roots
[1223.791s][info][gc          ] GC(126) Concurrent update thread roots 1.402ms
[1223.791s][info][gc,start    ] GC(126) Pause Final Update Refs
[1223.791s][info][gc,task     ] GC(126) Using 4 of 4 workers for final reference update
[1223.792s][info][gc          ] GC(126) Pause Final Update Refs 0.091ms
[1223.792s][info][gc,start    ] GC(126) Concurrent cleanup
[1223.792s][info][gc          ] GC(126) Concurrent cleanup 3408M->828M(8192M) 0.053ms
[1223.792s][info][gc,ergo     ] Free: 6951M, Max: 4096K regular, 4012M humongous, Frag: 43% external, 0% internal; Reserve: 412M, Max: 4096K
[1223.792s][info][gc,stats    ] 
[1223.792s][info][gc,stats    ] All times are wall-clock times, except per-root-class counters, that are sum over
[1223.792s][info][gc,stats    ] all workers. Dividing the <total> over the root stage time estimates parallelism.
[1223.792s][info][gc,stats    ] 
[1223.792s][info][gc,stats    ] Concurrent Reset                  19322 us
[1223.792s][info][gc,stats    ] Pause Init Mark (G)                 443 us
[1223.792s][info][gc,stats    ] Pause Init Mark (N)                 215 us
[1223.792s][info][gc,stats    ]   Update Region States               71 us
[1223.792s][info][gc,stats    ] Concurrent Mark Roots             11543 us, parallelism: 1.93x
[1223.792s][info][gc,stats    ]   CMR: <total>                    22277 us
[1223.792s][info][gc,stats    ]   CMR: Thread Roots                1623 us, workers (us): 779, 844, ---, ---, 
[1223.792s][info][gc,stats    ]   CMR: Code Cache Roots           19721 us, workers (us): 9433, 10288, ---, ---, 
[1223.792s][info][gc,stats    ]   CMR: VM Strong Roots               21 us, workers (us):  21,   0, ---, ---, 
[1223.792s][info][gc,stats    ]   CMR: CLDG Roots                   913 us, workers (us): 913, ---, ---, ---, 
[1223.792s][info][gc,stats    ] Concurrent Marking               239393 us
[1223.792s][info][gc,stats    ] Pause Final Mark (G)                335 us
[1223.792s][info][gc,stats    ] Pause Final Mark (N)                316 us
[1223.792s][info][gc,stats    ]   Finish Mark                        97 us
[1223.792s][info][gc,stats    ]   Update Region States               29 us
[1223.792s][info][gc,stats    ]   Choose Collection Set             110 us
[1223.792s][info][gc,stats    ]   Rebuild Free Set                   10 us
[1223.792s][info][gc,stats    ] Concurrent Thread Roots            1013 us, parallelism: 1.86x
[1223.792s][info][gc,stats    ]   CTR: <total>                     1887 us
[1223.792s][info][gc,stats    ]   CTR: Thread Roots                1887 us, workers (us): 950, 937, ---, ---, 
[1223.792s][info][gc,stats    ] Concurrent Weak References          513 us, parallelism: 0.85x
[1223.792s][info][gc,stats    ]   CWRF: <total>                     438 us
[1223.792s][info][gc,stats    ]   CWRF: Weak References             438 us, workers (us):   8, 430, ---, ---, 
[1223.792s][info][gc,stats    ] Concurrent Weak Roots              1215 us
[1223.792s][info][gc,stats    ]   Roots                            1148 us, parallelism: 1.65x
[1223.792s][info][gc,stats    ]     CWR: <total>                   1893 us
[1223.792s][info][gc,stats    ]     CWR: VM Weak Roots             1893 us, workers (us): 946, 947, ---, ---, 
[1223.792s][info][gc,stats    ]   Rendezvous                         28 us
[1223.792s][info][gc,stats    ] Concurrent Cleanup                   52 us
[1223.792s][info][gc,stats    ] Concurrent Strong Roots            8774 us, parallelism: 1.95x
[1223.792s][info][gc,stats    ]   CSR: <total>                    17109 us
[1223.792s][info][gc,stats    ]   CSR: Code Cache Roots           16681 us, workers (us): 8088, 8593, ---, ---, 
[1223.792s][info][gc,stats    ]   CSR: VM Strong Roots               11 us, workers (us):   6,   5, ---, ---, 
[1223.792s][info][gc,stats    ]   CSR: CLDG Roots                   417 us, workers (us): 417, ---, ---, ---, 
[1223.792s][info][gc,stats    ] Concurrent Evacuation             46489 us
[1223.792s][info][gc,stats    ] Pause Init Update Refs (G)           97 us
[1223.792s][info][gc,stats    ] Pause Init Update Refs (N)           64 us
[1223.792s][info][gc,stats    ]   Manage GCLABs                      10 us
[1223.792s][info][gc,stats    ] Concurrent Update Refs           144640 us
[1223.792s][info][gc,stats    ] Concurrent Update Thread Roots     1417 us
[1223.792s][info][gc,stats    ] Pause Final Update Refs (G)         161 us
[1223.792s][info][gc,stats    ] Pause Final Update Refs (N)         112 us
[1223.792s][info][gc,stats    ]   Update Region States               37 us
[1223.792s][info][gc,stats    ]   Trash Collection Set                7 us
[1223.792s][info][gc,stats    ]   Rebuild Free Set                   10 us
[1223.792s][info][gc,stats    ] Concurrent Cleanup                   67 us
[1223.792s][info][gc,stats    ] 
[1223.792s][info][gc,stats    ] Allocation pacing accrued:
[1223.792s][info][gc,stats    ]       0 of  2995 ms (  0.0%): <total>
[1223.792s][info][gc,stats    ]       0 of  2995 ms (  0.0%): <average total>
[1223.792s][info][gc,stats    ] 
[1223.792s][info][gc,metaspace] Metaspace: 136255K(137728K)->136256K(137728K) NonClass: 115184K(116032K)->115185K(116032K) Class: 21071K(21696K)->21071K(21696K)
[1223.792s][info][gc,ergo     ] Pacer for Idle. Initial: 163M, Alloc Tax Rate: 1.0x
[1234.156s][info][gc          ] Trigger: Average GC time (1743.88 ms) is above the time for instantaneous allocation rate (903 MB/s) to deplete free headroom (1518M) (spike threshold = 1.80)
[1234.156s][info][gc,ergo     ] Free: 1928M, Max: 4096K regular, 1668M humongous, Frag: 14% external, 0% internal; Reserve: 412M, Max: 4096K
[1234.156s][info][gc,start    ] GC(127) Concurrent reset
[1234.156s][info][gc,task     ] GC(127) Using 2 of 4 workers for concurrent reset
[1234.156s][info][gc,ergo     ] GC(127) Pacer for Reset. Non-Taxable: 8192M
[1234.164s][info][gc          ] GC(127) Concurrent reset 7.859ms
[1234.164s][info][gc,start    ] GC(127) Pause Init Mark
[1234.164s][info][gc,task     ] GC(127) Using 4 of 4 workers for init marking
[1234.164s][info][gc,ergo     ] GC(127) Pacer for Mark. Expected Live: 466M, Free: 1924M, Non-Taxable: 192M, Alloc Tax Rate: 0.3x
[1234.164s][info][gc          ] GC(127) Pause Init Mark 0.121ms
[1234.165s][info][gc,start    ] GC(127) Concurrent marking roots
[1234.165s][info][gc,task     ] GC(127) Using 2 of 4 workers for concurrent marking roots
[1234.173s][info][gc          ] GC(127) Concurrent marking roots 8.982ms
[1234.174s][info][gc,start    ] GC(127) Concurrent marking
[1234.174s][info][gc,task     ] GC(127) Using 2 of 4 workers for concurrent marking
[1234.395s][info][gc          ] GC(127) Concurrent marking 221.212ms
[1234.395s][info][gc,start    ] GC(127) Pause Final Mark
[1234.395s][info][gc,task     ] GC(127) Using 4 of 4 workers for final marking
[1234.395s][info][gc,ergo     ] GC(127) Adaptive CSet Selection. Target Free: 1160M, Actual Free: 2612M, Max CSet: 341M, Min Garbage: 0B
[1234.395s][info][gc,ergo     ] GC(127) Collectable Garbage: 5354M (99%), Immediate: 392M (7%), CSet: 4962M (92%)
[1234.395s][info][gc,ergo     ] GC(127) Pacer for Evacuation. Used CSet: 5056M, Free: 2204M, Non-Taxable: 220M, Alloc Tax Rate: 5.6x
[1234.395s][info][gc          ] GC(127) Pause Final Mark 0.333ms
[1234.395s][info][gc,start    ] GC(127) Concurrent thread roots
[1234.395s][info][gc,task     ] GC(127) Using 2 of 4 workers for Concurrent thread roots
[1234.396s][info][gc          ] GC(127) Concurrent thread roots 0.846ms
[1234.396s][info][gc,start    ] GC(127) Concurrent weak references
[1234.396s][info][gc,task     ] GC(127) Using 2 of 4 workers for concurrent weak references
[1234.396s][info][gc,ref      ] GC(127) Encountered references: Soft: 6557, Weak: 23605, Final: 34, Phantom: 1069
[1234.396s][info][gc,ref      ] GC(127) Discovered  references: Soft: 0, Weak: 5561, Final: 1, Phantom: 809
[1234.396s][info][gc,ref      ] GC(127) Enqueued    references: Soft: 0, Weak: 4, Final: 0, Phantom: 0
[1234.396s][info][gc          ] GC(127) Concurrent weak references 0.284ms
[1234.396s][info][gc,start    ] GC(127) Concurrent weak roots
[1234.396s][info][gc,task     ] GC(127) Using 2 of 4 workers for concurrent weak root
[1234.397s][info][gc          ] GC(127) Concurrent weak roots 0.961ms
[1234.397s][info][gc,start    ] GC(127) Concurrent cleanup
[1234.397s][info][gc          ] GC(127) Concurrent cleanup 5977M->5585M(8192M) 0.027ms
[1234.397s][info][gc,ergo     ] GC(127) Free: 2195M, Max: 4096K regular, 1540M humongous, Frag: 30% external, 0% internal; Reserve: 411M, Max: 4096K
[1234.397s][info][gc,start    ] GC(127) Concurrent strong roots
[1234.397s][info][gc,task     ] GC(127) Using 2 of 4 workers for concurrent strong root
[1234.404s][info][gc          ] GC(127) Concurrent strong roots 6.431ms
[1234.404s][info][gc,start    ] GC(127) Concurrent evacuation
[1234.404s][info][gc,task     ] GC(127) Using 2 of 4 workers for concurrent evacuation
[1234.449s][info][gc          ] GC(127) Concurrent evacuation 44.793ms
[1234.449s][info][gc,start    ] GC(127) Pause Init Update Refs
[1234.449s][info][gc,ergo     ] GC(127) Pacer for Update Refs. Used: 5704M, Free: 2171M, Non-Taxable: 217M, Alloc Tax Rate: 3.2x
[1234.449s][info][gc          ] GC(127) Pause Init Update Refs 0.049ms
[1234.449s][info][gc,start    ] GC(127) Concurrent update references
[1234.449s][info][gc,task     ] GC(127) Using 2 of 4 workers for concurrent reference update
[1234.585s][info][gc          ] GC(127) Concurrent update references 135.870ms
[1234.585s][info][gc,start    ] GC(127) Concurrent update thread roots
[1234.586s][info][gc          ] GC(127) Concurrent update thread roots 1.295ms
[1234.586s][info][gc,start    ] GC(127) Pause Final Update Refs
[1234.586s][info][gc,task     ] GC(127) Using 4 of 4 workers for final reference update
[1234.586s][info][gc          ] GC(127) Pause Final Update Refs 0.089ms
[1234.586s][info][gc,start    ] GC(127) Concurrent cleanup
[1234.586s][info][gc          ] GC(127) Concurrent cleanup 5784M->728M(8192M) 0.070ms
[1234.586s][info][gc,ergo     ] Free: 7051M, Max: 4096K regular, 3604M humongous, Frag: 49% external, 0% internal; Reserve: 412M, Max: 4096K
[1234.586s][info][gc,stats    ] 
[1234.586s][info][gc,stats    ] All times are wall-clock times, except per-root-class counters, that are sum over
[1234.586s][info][gc,stats    ] all workers. Dividing the <total> over the root stage time estimates parallelism.
[1234.586s][info][gc,stats    ] 
[1234.586s][info][gc,stats    ] Concurrent Reset                   7918 us
[1234.586s][info][gc,stats    ] Pause Init Mark (G)                 225 us
[1234.586s][info][gc,stats    ] Pause Init Mark (N)                 132 us
[1234.586s][info][gc,stats    ]   Update Region States               55 us
[1234.586s][info][gc,stats    ] Concurrent Mark Roots              9028 us, parallelism: 1.95x
[1234.586s][info][gc,stats    ]   CMR: <total>                    17560 us
[1234.586s][info][gc,stats    ]   CMR: Thread Roots                1780 us, workers (us): 963, 818, ---, ---, 
[1234.586s][info][gc,stats    ]   CMR: Code Cache Roots           15025 us, workers (us): 7816, 7208, ---, ---, 
[1234.586s][info][gc,stats    ]   CMR: VM Strong Roots               14 us, workers (us):   8,   6, ---, ---, 
[1234.586s][info][gc,stats    ]   CMR: CLDG Roots                   742 us, workers (us): ---, 742, ---, ---, 
[1234.586s][info][gc,stats    ] Concurrent Marking               221261 us
[1234.586s][info][gc,stats    ] Pause Final Mark (G)                401 us
[1234.586s][info][gc,stats    ] Pause Final Mark (N)                344 us
[1234.586s][info][gc,stats    ]   Finish Mark                        69 us
[1234.586s][info][gc,stats    ]   Update Region States               42 us
[1234.586s][info][gc,stats    ]   Choose Collection Set             159 us
[1234.587s][info][gc,stats    ]   Rebuild Free Set                    8 us
[1234.587s][info][gc,stats    ] Concurrent Thread Roots             868 us, parallelism: 1.78x
[1234.587s][info][gc,stats    ]   CTR: <total>                     1547 us
[1234.587s][info][gc,stats    ]   CTR: Thread Roots                1547 us, workers (us): 773, 774, ---, ---, 
[1234.587s][info][gc,stats    ] Concurrent Weak References          295 us, parallelism: 1.16x
[1234.587s][info][gc,stats    ]   CWRF: <total>                     342 us
[1234.587s][info][gc,stats    ]   CWRF: Weak References             342 us, workers (us): 163, 179, ---, ---, 
[1234.587s][info][gc,stats    ] Concurrent Weak Roots               982 us
[1234.587s][info][gc,stats    ]   Roots                             886 us, parallelism: 1.73x
[1234.587s][info][gc,stats    ]     CWR: <total>                   1531 us
[1234.587s][info][gc,stats    ]     CWR: VM Weak Roots             1531 us, workers (us): 766, 765, ---, ---, 
[1234.587s][info][gc,stats    ]   Rendezvous                         53 us
[1234.587s][info][gc,stats    ] Concurrent Cleanup                   39 us
[1234.587s][info][gc,stats    ] Concurrent Strong Roots            6459 us, parallelism: 1.96x
[1234.587s][info][gc,stats    ]   CSR: <total>                    12645 us
[1234.587s][info][gc,stats    ]   CSR: Code Cache Roots           12385 us, workers (us): 6364, 6021, ---, ---, 
[1234.587s][info][gc,stats    ]   CSR: VM Strong Roots                8 us, workers (us):   4,   4, ---, ---, 
[1234.587s][info][gc,stats    ]   CSR: CLDG Roots                   252 us, workers (us): ---, 252, ---, ---, 
[1234.587s][info][gc,stats    ] Concurrent Evacuation             44850 us
[1234.587s][info][gc,stats    ] Pause Init Update Refs (G)           87 us
[1234.587s][info][gc,stats    ] Pause Init Update Refs (N)           60 us
[1234.587s][info][gc,stats    ]   Manage GCLABs                       8 us
[1234.587s][info][gc,stats    ] Concurrent Update Refs           135926 us
[1234.587s][info][gc,stats    ] Concurrent Update Thread Roots     1321 us
[1234.587s][info][gc,stats    ] Pause Final Update Refs (G)         131 us
[1234.587s][info][gc,stats    ] Pause Final Update Refs (N)         110 us
[1234.587s][info][gc,stats    ]   Update Region States               27 us
[1234.587s][info][gc,stats    ]   Trash Collection Set               13 us
[1234.587s][info][gc,stats    ]   Rebuild Free Set                    9 us
[1234.587s][info][gc,stats    ] Concurrent Cleanup                   84 us
[1234.587s][info][gc,stats    ] 
[1234.587s][info][gc,stats    ] Allocation pacing accrued:
[1234.587s][info][gc,stats    ]       0 of 10795 ms (  0.0%): <total>
[1234.587s][info][gc,stats    ]       0 of 10795 ms (  0.0%): <average total>
[1234.587s][info][gc,stats    ] 
[1234.587s][info][gc,metaspace] Metaspace: 136257K(137728K)->136257K(137728K) NonClass: 115186K(116032K)->115186K(116032K) Class: 21071K(21696K)->21071K(21696K)
[1234.587s][info][gc,ergo     ] Pacer for Idle. Initial: 163M, Alloc Tax Rate: 1.0x
[1242.637s][info][gc          ] Trigger: Average GC time (1357.35 ms) is above the time for average allocation rate (1593 MB/s) to deplete free headroom (1621M) (margin of error = 1.86)
[1242.637s][info][gc,ergo     ] Free headroom: 2031M (free) - 409M (spike) - 0B (penalties) = 1621M
[1242.637s][info][gc,ergo     ] Free: 2031M, Max: 4096K regular, 1540M humongous, Frag: 24% external, 0% internal; Reserve: 412M, Max: 4096K
[1242.637s][info][gc,start    ] GC(128) Concurrent reset
[1242.637s][info][gc,task     ] GC(128) Using 2 of 4 workers for concurrent reset
[1242.637s][info][gc,ergo     ] GC(128) Pacer for Reset. Non-Taxable: 8192M
[1242.657s][info][gc          ] GC(128) Concurrent reset 19.735ms
[1242.657s][info][gc,start    ] GC(128) Pause Init Mark
[1242.657s][info][gc,task     ] GC(128) Using 4 of 4 workers for init marking
[1242.657s][info][gc,ergo     ] GC(128) Pacer for Mark. Expected Live: 472M, Free: 2007M, Non-Taxable: 200M, Alloc Tax Rate: 0.3x
[1242.657s][info][gc          ] GC(128) Pause Init Mark 0.118ms
[1242.657s][info][gc,start    ] GC(128) Concurrent marking roots
[1242.657s][info][gc,task     ] GC(128) Using 2 of 4 workers for concurrent marking roots
[1242.668s][info][gc          ] GC(128) Concurrent marking roots 10.956ms
[1242.668s][info][gc,start    ] GC(128) Concurrent marking
[1242.668s][info][gc,task     ] GC(128) Using 2 of 4 workers for concurrent marking
[1242.931s][info][gc          ] GC(128) Concurrent marking 262.767ms
[1242.931s][info][gc,start    ] GC(128) Pause Final Mark
[1242.931s][info][gc,task     ] GC(128) Using 4 of 4 workers for final marking
[1242.931s][info][gc,ergo     ] GC(128) Adaptive CSet Selection. Target Free: 1160M, Actual Free: 2380M, Max CSet: 341M, Min Garbage: 0B
[1242.931s][info][gc,ergo     ] GC(128) Collectable Garbage: 5223M (99%), Immediate: 400M (7%), CSet: 4823M (91%)
[1242.931s][info][gc,ergo     ] GC(128) Pacer for Evacuation. Used CSet: 4964M, Free: 1972M, Non-Taxable: 197M, Alloc Tax Rate: 6.2x
[1242.931s][info][gc          ] GC(128) Pause Final Mark 0.345ms
[1242.931s][info][gc,start    ] GC(128) Concurrent thread roots
[1242.931s][info][gc,task     ] GC(128) Using 2 of 4 workers for Concurrent thread roots
[1242.932s][info][gc          ] GC(128) Concurrent thread roots 0.892ms
[1242.932s][info][gc,start    ] GC(128) Concurrent weak references
[1242.932s][info][gc,task     ] GC(128) Using 2 of 4 workers for concurrent weak references
[1242.933s][info][gc,ref      ] GC(128) Encountered references: Soft: 6557, Weak: 23602, Final: 34, Phantom: 1069
[1242.933s][info][gc,ref      ] GC(128) Discovered  references: Soft: 0, Weak: 9343, Final: 1, Phantom: 996
[1242.933s][info][gc,ref      ] GC(128) Enqueued    references: Soft: 0, Weak: 1, Final: 0, Phantom: 0
[1242.933s][info][gc          ] GC(128) Concurrent weak references 0.458ms
[1242.933s][info][gc,start    ] GC(128) Concurrent weak roots
[1242.933s][info][gc,task     ] GC(128) Using 2 of 4 workers for concurrent weak root
[1242.934s][info][gc          ] GC(128) Concurrent weak roots 1.023ms
[1242.934s][info][gc,start    ] GC(128) Concurrent cleanup
[1242.934s][info][gc          ] GC(128) Concurrent cleanup 6216M->5816M(8192M) 0.035ms
[1242.934s][info][gc,ergo     ] GC(128) Free: 1963M, Max: 4096K regular, 1292M humongous, Frag: 34% external, 0% internal; Reserve: 411M, Max: 4096K
[1242.934s][info][gc,start    ] GC(128) Concurrent strong roots
[1242.934s][info][gc,task     ] GC(128) Using 2 of 4 workers for concurrent strong root
[1242.941s][info][gc          ] GC(128) Concurrent strong roots 6.694ms
[1242.941s][info][gc,start    ] GC(128) Concurrent evacuation
[1242.941s][info][gc,task     ] GC(128) Using 2 of 4 workers for concurrent evacuation
[1243.010s][info][gc          ] GC(128) Concurrent evacuation 69.636ms
[1243.010s][info][gc,start    ] GC(128) Pause Init Update Refs
[1243.010s][info][gc,ergo     ] GC(128) Pacer for Update Refs. Used: 6032M, Free: 1891M, Non-Taxable: 189M, Alloc Tax Rate: 3.9x
[1243.010s][info][gc          ] GC(128) Pause Init Update Refs 0.047ms
[1243.011s][info][gc,start    ] GC(128) Concurrent update references
[1243.011s][info][gc,task     ] GC(128) Using 2 of 4 workers for concurrent reference update
[1243.228s][info][gc          ] GC(128) Concurrent update references 217.138ms
[1243.228s][info][gc,start    ] GC(128) Concurrent update thread roots
[1243.229s][info][gc          ] GC(128) Concurrent update thread roots 1.444ms
[1243.229s][info][gc,start    ] GC(128) Pause Final Update Refs
[1243.229s][info][gc,task     ] GC(128) Using 4 of 4 workers for final reference update
[1243.229s][info][gc          ] GC(128) Pause Final Update Refs 0.099ms
[1243.229s][info][gc,start    ] GC(128) Concurrent cleanup
[1243.229s][info][gc          ] GC(128) Concurrent cleanup 6337M->1373M(8192M) 0.065ms
[1243.229s][info][gc,ergo     ] Free: 6406M, Max: 4096K regular, 1292M humongous, Frag: 80% external, 0% internal; Reserve: 412M, Max: 4096K
[1243.229s][info][gc,stats    ] 
[1243.229s][info][gc,stats    ] All times are wall-clock times, except per-root-class counters, that are sum over
[1243.229s][info][gc,stats    ] all workers. Dividing the <total> over the root stage time estimates parallelism.
[1243.229s][info][gc,stats    ] 
[1243.229s][info][gc,stats    ] Concurrent Reset                  19788 us
[1243.229s][info][gc,stats    ] Pause Init Mark (G)                 189 us
[1243.229s][info][gc,stats    ] Pause Init Mark (N)                 130 us
[1243.229s][info][gc,stats    ]   Update Region States               48 us
[1243.230s][info][gc,stats    ] Concurrent Mark Roots             11002 us, parallelism: 1.92x
[1243.230s][info][gc,stats    ]   CMR: <total>                    21133 us
[1243.230s][info][gc,stats    ]   CMR: Thread Roots                1492 us, workers (us): 802, 690, ---, ---, 
[1243.230s][info][gc,stats    ]   CMR: Code Cache Roots           18129 us, workers (us): 8264, 9865, ---, ---, 
[1243.230s][info][gc,stats    ]   CMR: VM Strong Roots               29 us, workers (us):  29,   0, ---, ---, 
[1243.230s][info][gc,stats    ]   CMR: CLDG Roots                  1482 us, workers (us): 1482, ---, ---, ---, 
[1243.230s][info][gc,stats    ] Concurrent Marking               262827 us
[1243.230s][info][gc,stats    ] Pause Final Mark (G)                402 us
[1243.230s][info][gc,stats    ] Pause Final Mark (N)                356 us
[1243.230s][info][gc,stats    ]   Finish Mark                        70 us
[1243.230s][info][gc,stats    ]   Update Region States               58 us
[1243.230s][info][gc,stats    ]   Choose Collection Set             152 us
[1243.230s][info][gc,stats    ]   Rebuild Free Set                    8 us
[1243.230s][info][gc,stats    ] Concurrent Thread Roots             914 us, parallelism: 1.75x
[1243.230s][info][gc,stats    ]   CTR: <total>                     1600 us
[1243.230s][info][gc,stats    ]   CTR: Thread Roots                1600 us, workers (us): 812, 788, ---, ---, 
[1243.230s][info][gc,stats    ] Concurrent Weak References          469 us, parallelism: 1.04x
[1243.230s][info][gc,stats    ]   CWRF: <total>                     489 us
[1243.230s][info][gc,stats    ]   CWRF: Weak References             489 us, workers (us): 134, 355, ---, ---, 
[1243.230s][info][gc,stats    ] Concurrent Weak Roots              1044 us
[1243.230s][info][gc,stats    ]   Roots                             974 us, parallelism: 1.78x
[1243.230s][info][gc,stats    ]     CWR: <total>                   1734 us
[1243.230s][info][gc,stats    ]     CWR: VM Weak Roots             1734 us, workers (us): 880, 854, ---, ---, 
[1243.230s][info][gc,stats    ]   Rendezvous                         26 us
[1243.230s][info][gc,stats    ] Concurrent Cleanup                   48 us
[1243.230s][info][gc,stats    ] Concurrent Strong Roots            6735 us, parallelism: 1.96x
[1243.230s][info][gc,stats    ]   CSR: <total>                    13171 us
[1243.230s][info][gc,stats    ]   CSR: Code Cache Roots           12781 us, workers (us): 6580, 6201, ---, ---, 
[1243.230s][info][gc,stats    ]   CSR: VM Strong Roots                9 us, workers (us):   5,   4, ---, ---, 
[1243.230s][info][gc,stats    ]   CSR: CLDG Roots                   380 us, workers (us): ---, 380, ---, ---, 
[1243.230s][info][gc,stats    ] Concurrent Evacuation             69688 us
[1243.230s][info][gc,stats    ] Pause Init Update Refs (G)          126 us
[1243.230s][info][gc,stats    ] Pause Init Update Refs (N)           58 us
[1243.230s][info][gc,stats    ]   Manage GCLABs                       6 us
[1243.230s][info][gc,stats    ] Concurrent Update Refs           217176 us
[1243.230s][info][gc,stats    ] Concurrent Update Thread Roots     1470 us
[1243.230s][info][gc,stats    ] Pause Final Update Refs (G)         155 us
[1243.230s][info][gc,stats    ] Pause Final Update Refs (N)         126 us
[1243.230s][info][gc,stats    ]   Update Region States               42 us
[1243.230s][info][gc,stats    ]   Trash Collection Set               12 us
[1243.230s][info][gc,stats    ]   Rebuild Free Set                    8 us
[1243.230s][info][gc,stats    ] Concurrent Cleanup                   78 us
[1243.230s][info][gc,stats    ] 
[1243.230s][info][gc,stats    ] Allocation pacing accrued:
[1243.230s][info][gc,stats    ]       0 of  8643 ms (  0.0%): <total>
[1243.230s][info][gc,stats    ]       0 of  8643 ms (  0.0%): <average total>
[1243.230s][info][gc,stats    ] 
[1243.230s][info][gc,metaspace] Metaspace: 136258K(137728K)->136259K(137728K) NonClass: 115187K(116032K)->115188K(116032K) Class: 21071K(21696K)->21071K(21696K)
[1243.230s][info][gc,ergo     ] Pacer for Idle. Initial: 163M, Alloc Tax Rate: 1.0x
[1251.313s][info][gc          ] Trigger: Average GC time (1137.59 ms) is above the time for average allocation rate (565 MB/s) to deplete free headroom (638M) (margin of error = 1.88)
[1251.313s][info][gc,ergo     ] Free headroom: 1048M (free) - 409M (spike) - 0B (penalties) = 638M
[1251.313s][info][gc,ergo     ] Free: 1048M, Max: 4096K regular, 828M humongous, Frag: 21% external, 0% internal; Reserve: 412M, Max: 4096K
[1251.313s][info][gc,start    ] GC(129) Concurrent reset
[1251.313s][info][gc,task     ] GC(129) Using 2 of 4 workers for concurrent reset
[1251.313s][info][gc,ergo     ] GC(129) Pacer for Reset. Non-Taxable: 8192M
[1251.331s][info][gc          ] GC(129) Concurrent reset 17.791ms
[1251.331s][info][gc,start    ] GC(129) Pause Init Mark
[1251.331s][info][gc,task     ] GC(129) Using 4 of 4 workers for init marking
[1251.331s][info][gc,ergo     ] GC(129) Pacer for Mark. Expected Live: 476M, Free: 1040M, Non-Taxable: 104M, Alloc Tax Rate: 0.6x
[1251.331s][info][gc          ] GC(129) Pause Init Mark 0.117ms
[1251.331s][info][gc,start    ] GC(129) Concurrent marking roots
[1251.331s][info][gc,task     ] GC(129) Using 2 of 4 workers for concurrent marking roots
[1251.342s][info][gc          ] GC(129) Concurrent marking roots 10.556ms
[1251.342s][info][gc,start    ] GC(129) Concurrent marking
[1251.342s][info][gc,task     ] GC(129) Using 2 of 4 workers for concurrent marking
[1251.572s][info][gc          ] GC(129) Concurrent marking 230.465ms
[1251.572s][info][gc,start    ] GC(129) Pause Final Mark
[1251.572s][info][gc,task     ] GC(129) Using 4 of 4 workers for final marking
[1251.573s][info][gc,ergo     ] GC(129) Adaptive CSet Selection. Target Free: 1160M, Actual Free: 2240M, Max CSet: 341M, Min Garbage: 0B
[1251.573s][info][gc,ergo     ] GC(129) Collectable Garbage: 6244M (99%), Immediate: 980M (15%), CSet: 5264M (83%)
[1251.573s][info][gc,ergo     ] GC(129) Pacer for Evacuation. Used CSet: 5352M, Free: 1832M, Non-Taxable: 183M, Alloc Tax Rate: 7.1x
[1251.573s][info][gc          ] GC(129) Pause Final Mark 0.315ms
[1251.573s][info][gc,start    ] GC(129) Concurrent thread roots
[1251.573s][info][gc,task     ] GC(129) Using 2 of 4 workers for Concurrent thread roots
[1251.574s][info][gc          ] GC(129) Concurrent thread roots 0.786ms
[1251.574s][info][gc,start    ] GC(129) Concurrent weak references
[1251.574s][info][gc,task     ] GC(129) Using 2 of 4 workers for concurrent weak references
[1251.574s][info][gc,ref      ] GC(129) Encountered references: Soft: 6557, Weak: 23604, Final: 34, Phantom: 1072
[1251.574s][info][gc,ref      ] GC(129) Discovered  references: Soft: 0, Weak: 12618, Final: 1, Phantom: 809
[1251.574s][info][gc,ref      ] GC(129) Enqueued    references: Soft: 0, Weak: 2, Final: 0, Phantom: 0
[1251.574s][info][gc          ] GC(129) Concurrent weak references 0.640ms
[1251.574s][info][gc,start    ] GC(129) Concurrent weak roots
[1251.574s][info][gc,task     ] GC(129) Using 2 of 4 workers for concurrent weak root
[1251.575s][info][gc          ] GC(129) Concurrent weak roots 0.948ms
[1251.575s][info][gc,start    ] GC(129) Concurrent cleanup
[1251.575s][info][gc          ] GC(129) Concurrent cleanup 6936M->5956M(8192M) 0.027ms
[1251.575s][info][gc,ergo     ] GC(129) Free: 1823M, Max: 4096K regular, 620M humongous, Frag: 66% external, 0% internal; Reserve: 411M, Max: 4096K
[1251.575s][info][gc,start    ] GC(129) Concurrent strong roots
[1251.575s][info][gc,task     ] GC(129) Using 2 of 4 workers for concurrent strong root
[1251.582s][info][gc          ] GC(129) Concurrent strong roots 6.671ms
[1251.582s][info][gc,start    ] GC(129) Concurrent evacuation
[1251.582s][info][gc,task     ] GC(129) Using 2 of 4 workers for concurrent evacuation
[1251.627s][info][gc          ] GC(129) Concurrent evacuation 44.613ms
[1251.627s][info][gc,start    ] GC(129) Pause Init Update Refs
[1251.627s][info][gc,ergo     ] GC(129) Pacer for Update Refs. Used: 6076M, Free: 1795M, Non-Taxable: 179M, Alloc Tax Rate: 4.1x
[1251.627s][info][gc          ] GC(129) Pause Init Update Refs 0.050ms
[1251.627s][info][gc,start    ] GC(129) Concurrent update references
[1251.627s][info][gc,task     ] GC(129) Using 2 of 4 workers for concurrent reference update
[1251.777s][info][gc          ] GC(129) Concurrent update references 150.025ms
[1251.777s][info][gc,start    ] GC(129) Concurrent update thread roots
[1251.778s][info][gc          ] GC(129) Concurrent update thread roots 1.454ms
[1251.778s][info][gc,start    ] GC(129) Pause Final Update Refs
[1251.778s][info][gc,task     ] GC(129) Using 4 of 4 workers for final reference update
[1251.778s][info][gc          ] GC(129) Pause Final Update Refs 0.141ms
[1251.778s][info][gc,start    ] GC(129) Concurrent cleanup
[1251.779s][info][gc          ] GC(129) Concurrent cleanup 6180M->828M(8192M) 0.062ms
[1251.779s][info][gc,ergo     ] Free: 6951M, Max: 4096K regular, 5096M humongous, Frag: 27% external, 0% internal; Reserve: 412M, Max: 4096K
[1251.779s][info][gc,stats    ] 
[1251.779s][info][gc,stats    ] All times are wall-clock times, except per-root-class counters, that are sum over
[1251.779s][info][gc,stats    ] all workers. Dividing the <total> over the root stage time estimates parallelism.
[1251.779s][info][gc,stats    ] 
[1251.779s][info][gc,stats    ] Concurrent Reset                  17904 us
[1251.779s][info][gc,stats    ] Pause Init Mark (G)                 189 us
[1251.779s][info][gc,stats    ] Pause Init Mark (N)                 128 us
[1251.779s][info][gc,stats    ]   Update Region States               45 us
[1251.779s][info][gc,stats    ] Concurrent Mark Roots             10600 us, parallelism: 1.93x
[1251.779s][info][gc,stats    ]   CMR: <total>                    20445 us
[1251.779s][info][gc,stats    ]   CMR: Thread Roots                1522 us, workers (us): 796, 726, ---, ---, 
[1251.779s][info][gc,stats    ]   CMR: Code Cache Roots           17949 us, workers (us): 8469, 9479, ---, ---, 
[1251.779s][info][gc,stats    ]   CMR: VM Strong Roots               24 us, workers (us):  19,   5, ---, ---, 
[1251.779s][info][gc,stats    ]   CMR: CLDG Roots                   951 us, workers (us): 951, ---, ---, ---, 
[1251.779s][info][gc,stats    ] Concurrent Marking               230510 us
[1251.779s][info][gc,stats    ] Pause Final Mark (G)                385 us
[1251.779s][info][gc,stats    ] Pause Final Mark (N)                326 us
[1251.779s][info][gc,stats    ]   Finish Mark                        72 us
[1251.779s][info][gc,stats    ]   Update Region States               16 us
[1251.779s][info][gc,stats    ]   Choose Collection Set             159 us
[1251.779s][info][gc,stats    ]   Rebuild Free Set                    9 us
[1251.779s][info][gc,stats    ] Concurrent Thread Roots             807 us, parallelism: 1.80x
[1251.779s][info][gc,stats    ]   CTR: <total>                     1450 us
[1251.779s][info][gc,stats    ]   CTR: Thread Roots                1450 us, workers (us): 743, 707, ---, ---, 
[1251.779s][info][gc,stats    ] Concurrent Weak References          650 us, parallelism: 1.01x
[1251.779s][info][gc,stats    ]   CWRF: <total>                     654 us
[1251.779s][info][gc,stats    ]   CWRF: Weak References             654 us, workers (us): 115, 540, ---, ---, 
[1251.779s][info][gc,stats    ] Concurrent Weak Roots               961 us
[1251.779s][info][gc,stats    ]   Roots                             904 us, parallelism: 1.78x
[1251.779s][info][gc,stats    ]     CWR: <total>                   1606 us
[1251.779s][info][gc,stats    ]     CWR: VM Weak Roots             1606 us, workers (us): 818, 788, ---, ---, 
[1251.779s][info][gc,stats    ]   Rendezvous                         23 us
[1251.779s][info][gc,stats    ] Concurrent Cleanup                   39 us
[1251.779s][info][gc,stats    ] Concurrent Strong Roots            6703 us, parallelism: 1.95x
[1251.779s][info][gc,stats    ]   CSR: <total>                    13078 us
[1251.779s][info][gc,stats    ]   CSR: Code Cache Roots           12773 us, workers (us): 6290, 6483, ---, ---, 
[1251.779s][info][gc,stats    ]   CSR: VM Strong Roots                8 us, workers (us):   8,   0, ---, ---, 
[1251.779s][info][gc,stats    ]   CSR: CLDG Roots                   297 us, workers (us): 297, ---, ---, ---, 
[1251.779s][info][gc,stats    ] Concurrent Evacuation             44660 us
[1251.779s][info][gc,stats    ] Pause Init Update Refs (G)          111 us
[1251.779s][info][gc,stats    ] Pause Init Update Refs (N)           61 us
[1251.779s][info][gc,stats    ]   Manage GCLABs                       9 us
[1251.779s][info][gc,stats    ] Concurrent Update Refs           150073 us
[1251.779s][info][gc,stats    ] Concurrent Update Thread Roots     1469 us
[1251.779s][info][gc,stats    ] Pause Final Update Refs (G)         226 us
[1251.779s][info][gc,stats    ] Pause Final Update Refs (N)         162 us
[1251.779s][info][gc,stats    ]   Update Region States               76 us
[1251.779s][info][gc,stats    ]   Trash Collection Set               16 us
[1251.779s][info][gc,stats    ]   Rebuild Free Set                   10 us
[1251.779s][info][gc,stats    ] Concurrent Cleanup                   74 us
[1251.779s][info][gc,stats    ] 
[1251.779s][info][gc,stats    ] Allocation pacing accrued:
[1251.779s][info][gc,stats    ]       0 of  8549 ms (  0.0%): <total>
[1251.779s][info][gc,stats    ]       0 of  8549 ms (  0.0%): <average total>
[1251.779s][info][gc,stats    ] 
[1251.779s][info][gc,metaspace] Metaspace: 136262K(137728K)->136262K(137728K) NonClass: 115191K(116032K)->115191K(116032K) Class: 21071K(21696K)->21071K(21696K)
[1251.779s][info][gc,ergo     ] Pacer for Idle. Initial: 163M, Alloc Tax Rate: 1.0x
[1263.731s][info][gc          ] Trigger: Average GC time (932.77 ms) is above the time for average allocation rate (490 MB/s) to deplete free headroom (454M) (margin of error = 1.88)
[1263.731s][info][gc,ergo     ] Free headroom: 864M (free) - 409M (spike) - 0B (penalties) = 454M
[1263.731s][info][gc,ergo     ] Free: 864M, Max: 4096K regular, 592M humongous, Frag: 32% external, 0% internal; Reserve: 412M, Max: 4096K
[1263.731s][info][gc,start    ] GC(130) Concurrent reset
[1263.731s][info][gc,task     ] GC(130) Using 2 of 4 workers for concurrent reset
[1263.731s][info][gc,ergo     ] GC(130) Pacer for Reset. Non-Taxable: 8192M
[1263.750s][info][gc          ] GC(130) Concurrent reset 18.987ms
[1263.750s][info][gc,start    ] GC(130) Pause Init Mark
[1263.750s][info][gc,task     ] GC(130) Using 4 of 4 workers for init marking
[1263.750s][info][gc,ergo     ] GC(130) Pacer for Mark. Expected Live: 479M, Free: 852M, Non-Taxable: 87252K, Alloc Tax Rate: 0.7x
[1263.750s][info][gc          ] GC(130) Pause Init Mark 0.128ms
[1263.750s][info][gc,start    ] GC(130) Concurrent marking roots
[1263.750s][info][gc,task     ] GC(130) Using 2 of 4 workers for concurrent marking roots
[1263.759s][info][gc          ] GC(130) Concurrent marking roots 8.286ms
[1263.759s][info][gc,start    ] GC(130) Concurrent marking
[1263.759s][info][gc,task     ] GC(130) Using 2 of 4 workers for concurrent marking
[1263.979s][info][gc          ] GC(130) Concurrent marking 220.012ms
[1263.979s][info][gc,start    ] GC(130) Pause Final Mark
[1263.979s][info][gc,task     ] GC(130) Using 4 of 4 workers for final marking
[1263.979s][info][gc,ergo     ] GC(130) Adaptive CSet Selection. Target Free: 1160M, Actual Free: 1736M, Max CSet: 341M, Min Garbage: 0B
[1263.979s][info][gc,ergo     ] GC(130) Collectable Garbage: 6435M (99%), Immediate: 612M (9%), CSet: 5823M (90%)
[1263.979s][info][gc,ergo     ] GC(130) Pacer for Evacuation. Used CSet: 5908M, Free: 1331M, Non-Taxable: 133M, Alloc Tax Rate: 10.8x
[1263.979s][info][gc          ] GC(130) Pause Final Mark 0.311ms
[1263.979s][info][gc,start    ] GC(130) Concurrent thread roots
[1263.979s][info][gc,task     ] GC(130) Using 2 of 4 workers for Concurrent thread roots
[1263.980s][info][gc          ] GC(130) Concurrent thread roots 0.805ms
[1263.980s][info][gc,start    ] GC(130) Concurrent weak references
[1263.980s][info][gc,task     ] GC(130) Using 2 of 4 workers for concurrent weak references
[1263.980s][info][gc,ref      ] GC(130) Encountered references: Soft: 6557, Weak: 23609, Final: 34, Phantom: 1078
[1263.980s][info][gc,ref      ] GC(130) Discovered  references: Soft: 0, Weak: 9146, Final: 33, Phantom: 810
[1263.980s][info][gc,ref      ] GC(130) Enqueued    references: Soft: 0, Weak: 5, Final: 0, Phantom: 0
[1263.980s][info][gc          ] GC(130) Concurrent weak references 0.416ms
[1263.980s][info][gc,start    ] GC(130) Concurrent weak roots
[1263.980s][info][gc,task     ] GC(130) Using 2 of 4 workers for concurrent weak root
[1263.981s][info][gc          ] GC(130) Concurrent weak roots 0.915ms
[1263.981s][info][gc,start    ] GC(130) Concurrent cleanup
[1263.981s][info][gc          ] GC(130) Concurrent cleanup 7069M->6457M(8192M) 0.028ms
[1263.981s][info][gc,ergo     ] GC(130) Free: 1323M, Max: 4096K regular, 436M humongous, Frag: 67% external, 0% internal; Reserve: 411M, Max: 4096K
[1263.981s][info][gc,start    ] GC(130) Concurrent strong roots
[1263.981s][info][gc,task     ] GC(130) Using 2 of 4 workers for concurrent strong root
[1263.989s][info][gc          ] GC(130) Concurrent strong roots 7.247ms
[1263.989s][info][gc,start    ] GC(130) Concurrent evacuation
[1263.989s][info][gc,task     ] GC(130) Using 2 of 4 workers for concurrent evacuation
[1264.043s][info][gc          ] GC(130) Concurrent evacuation 54.399ms
[1264.043s][info][gc,start    ] GC(130) Pause Init Update Refs
[1264.043s][info][gc,ergo     ] GC(130) Pacer for Update Refs. Used: 6592M, Free: 1279M, Non-Taxable: 127M, Alloc Tax Rate: 6.3x
[1264.043s][info][gc          ] GC(130) Pause Init Update Refs 0.045ms
[1264.043s][info][gc,start    ] GC(130) Concurrent update references
[1264.043s][info][gc,task     ] GC(130) Using 2 of 4 workers for concurrent reference update
[1264.183s][info][gc          ] GC(130) Concurrent update references 139.664ms
[1264.183s][info][gc,start    ] GC(130) Concurrent update thread roots
[1264.184s][info][gc          ] GC(130) Concurrent update thread roots 1.285ms
[1264.184s][info][gc,start    ] GC(130) Pause Final Update Refs
[1264.184s][info][gc,task     ] GC(130) Using 4 of 4 workers for final reference update
[1264.184s][info][gc          ] GC(130) Pause Final Update Refs 0.105ms
[1264.184s][info][gc,start    ] GC(130) Concurrent cleanup
[1264.185s][info][gc          ] GC(130) Concurrent cleanup 6644M->736M(8192M) 0.077ms
[1264.185s][info][gc,ergo     ] Free: 7043M, Max: 4096K regular, 5336M humongous, Frag: 25% external, 0% internal; Reserve: 412M, Max: 4096K
[1264.185s][info][gc,stats    ] 
[1264.185s][info][gc,stats    ] All times are wall-clock times, except per-root-class counters, that are sum over
[1264.185s][info][gc,stats    ] all workers. Dividing the <total> over the root stage time estimates parallelism.
[1264.185s][info][gc,stats    ] 
[1264.185s][info][gc,stats    ] Concurrent Reset                  19060 us
[1264.185s][info][gc,stats    ] Pause Init Mark (G)                 209 us
[1264.185s][info][gc,stats    ] Pause Init Mark (N)                 143 us
[1264.185s][info][gc,stats    ]   Update Region States               53 us
[1264.185s][info][gc,stats    ] Concurrent Mark Roots              8309 us, parallelism: 1.96x
[1264.185s][info][gc,stats    ]   CMR: <total>                    16249 us
[1264.185s][info][gc,stats    ]   CMR: Thread Roots                1416 us, workers (us): 761, 655, ---, ---, 
[1264.185s][info][gc,stats    ]   CMR: Code Cache Roots           14131 us, workers (us): 6684, 7447, ---, ---, 
[1264.185s][info][gc,stats    ]   CMR: VM Strong Roots               13 us, workers (us):  12,   0, ---, ---, 
[1264.185s][info][gc,stats    ]   CMR: CLDG Roots                   690 us, workers (us): 690, ---, ---, ---, 
[1264.185s][info][gc,stats    ] Concurrent Marking               220057 us
[1264.185s][info][gc,stats    ] Pause Final Mark (G)                350 us
[1264.185s][info][gc,stats    ] Pause Final Mark (N)                322 us
[1264.185s][info][gc,stats    ]   Finish Mark                        62 us
[1264.185s][info][gc,stats    ]   Update Region States               15 us
[1264.185s][info][gc,stats    ]   Choose Collection Set             169 us
[1264.185s][info][gc,stats    ]   Rebuild Free Set                    8 us
[1264.185s][info][gc,stats    ] Concurrent Thread Roots             820 us, parallelism: 1.87x
[1264.185s][info][gc,stats    ]   CTR: <total>                     1534 us
[1264.185s][info][gc,stats    ]   CTR: Thread Roots                1534 us, workers (us): 765, 768, ---, ---, 
[1264.185s][info][gc,stats    ] Concurrent Weak References          427 us, parallelism: 1.16x
[1264.185s][info][gc,stats    ]   CWRF: <total>                     496 us
[1264.185s][info][gc,stats    ]   CWRF: Weak References             496 us, workers (us): 183, 314, ---, ---, 
[1264.185s][info][gc,stats    ] Concurrent Weak Roots               937 us
[1264.185s][info][gc,stats    ]   Roots                             867 us, parallelism: 1.79x
[1264.185s][info][gc,stats    ]     CWR: <total>                   1553 us
[1264.185s][info][gc,stats    ]     CWR: VM Weak Roots             1553 us, workers (us): 777, 776, ---, ---, 
[1264.185s][info][gc,stats    ]   Rendezvous                         27 us
[1264.185s][info][gc,stats    ] Concurrent Cleanup                   40 us
[1264.185s][info][gc,stats    ] Concurrent Strong Roots            7276 us, parallelism: 1.96x
[1264.185s][info][gc,stats    ]   CSR: <total>                    14267 us
[1264.185s][info][gc,stats    ]   CSR: Code Cache Roots           13929 us, workers (us): 6842, 7087, ---, ---, 
[1264.185s][info][gc,stats    ]   CSR: VM Strong Roots                9 us, workers (us):   5,   4, ---, ---, 
[1264.185s][info][gc,stats    ]   CSR: CLDG Roots                   329 us, workers (us): 329, ---, ---, ---, 
[1264.185s][info][gc,stats    ] Concurrent Evacuation             54448 us
[1264.185s][info][gc,stats    ] Pause Init Update Refs (G)          109 us
[1264.185s][info][gc,stats    ] Pause Init Update Refs (N)           56 us
[1264.185s][info][gc,stats    ]   Manage GCLABs                       6 us
[1264.185s][info][gc,stats    ] Concurrent Update Refs           139698 us
[1264.185s][info][gc,stats    ] Concurrent Update Thread Roots     1302 us
[1264.185s][info][gc,stats    ] Pause Final Update Refs (G)         191 us
[1264.185s][info][gc,stats    ] Pause Final Update Refs (N)         120 us
[1264.185s][info][gc,stats    ]   Update Region States               40 us
[1264.185s][info][gc,stats    ]   Trash Collection Set               15 us
[1264.185s][info][gc,stats    ]   Rebuild Free Set                    9 us
[1264.185s][info][gc,stats    ] Concurrent Cleanup                   91 us
[1264.185s][info][gc,stats    ] 
[1264.185s][info][gc,stats    ] Allocation pacing accrued:
[1264.185s][info][gc,stats    ]       0 of 12406 ms (  0.0%): <total>
[1264.185s][info][gc,stats    ]       0 of 12406 ms (  0.0%): <average total>
[1264.185s][info][gc,stats    ] 
[1264.185s][info][gc,metaspace] Metaspace: 136271K(137728K)->136271K(137728K) NonClass: 115200K(116032K)->115200K(116032K) Class: 21071K(21696K)->21071K(21696K)
[1264.185s][info][gc,ergo     ] Pacer for Idle. Initial: 163M, Alloc Tax Rate: 1.0x
[1272.096s][info][gc          ] Trigger: Free (811M) is below minimum threshold (819M)
[1272.096s][info][gc,ergo     ] Free: 811M, Max: 4096K regular, 436M humongous, Frag: 46% external, 0% internal; Reserve: 412M, Max: 4096K
[1272.096s][info][gc,start    ] GC(131) Concurrent reset
[1272.096s][info][gc,task     ] GC(131) Using 2 of 4 workers for concurrent reset
[1272.096s][info][gc,ergo     ] GC(131) Pacer for Reset. Non-Taxable: 8192M
[1272.116s][info][gc          ] GC(131) Concurrent reset 19.625ms
[1272.116s][info][gc,start    ] GC(131) Pause Init Mark
[1272.116s][info][gc,task     ] GC(131) Using 4 of 4 workers for init marking
[1272.116s][info][gc,ergo     ] GC(131) Pacer for Mark. Expected Live: 475M, Free: 803M, Non-Taxable: 82280K, Alloc Tax Rate: 0.7x
[1272.116s][info][gc          ] GC(131) Pause Init Mark 0.128ms
[1272.116s][info][gc,start    ] GC(131) Concurrent marking roots
[1272.116s][info][gc,task     ] GC(131) Using 2 of 4 workers for concurrent marking roots
[1272.124s][info][gc          ] GC(131) Concurrent marking roots 7.989ms
[1272.124s][info][gc,start    ] GC(131) Concurrent marking
[1272.124s][info][gc,task     ] GC(131) Using 2 of 4 workers for concurrent marking
[1272.363s][info][gc          ] GC(131) Concurrent marking 239.104ms
[1272.363s][info][gc,start    ] GC(131) Pause Final Mark
[1272.363s][info][gc,task     ] GC(131) Using 4 of 4 workers for final marking
[1272.363s][info][gc,ergo     ] GC(131) Adaptive CSet Selection. Target Free: 1160M, Actual Free: 2412M, Max CSet: 341M, Min Garbage: 0B
[1272.363s][info][gc,ergo     ] GC(131) Collectable Garbage: 6461M (99%), Immediate: 1328M (20%), CSet: 5133M (79%)
[1272.363s][info][gc,ergo     ] GC(131) Pacer for Evacuation. Used CSet: 5240M, Free: 2004M, Non-Taxable: 200M, Alloc Tax Rate: 6.4x
[1272.363s][info][gc          ] GC(131) Pause Final Mark 0.364ms
[1272.364s][info][gc,start    ] GC(131) Concurrent thread roots
[1272.364s][info][gc,task     ] GC(131) Using 2 of 4 workers for Concurrent thread roots
[1272.364s][info][gc          ] GC(131) Concurrent thread roots 0.879ms
[1272.364s][info][gc,start    ] GC(131) Concurrent weak references
[1272.364s][info][gc,task     ] GC(131) Using 2 of 4 workers for concurrent weak references
[1272.365s][info][gc,ref      ] GC(131) Encountered references: Soft: 6557, Weak: 23609, Final: 34, Phantom: 1084
[1272.365s][info][gc,ref      ] GC(131) Discovered  references: Soft: 0, Weak: 11786, Final: 33, Phantom: 814
[1272.365s][info][gc,ref      ] GC(131) Enqueued    references: Soft: 0, Weak: 3, Final: 0, Phantom: 0
[1272.365s][info][gc          ] GC(131) Concurrent weak references 0.652ms
[1272.365s][info][gc,start    ] GC(131) Concurrent weak roots
[1272.365s][info][gc,task     ] GC(131) Using 2 of 4 workers for concurrent weak root
[1272.366s][info][gc          ] GC(131) Concurrent weak roots 1.095ms
[1272.366s][info][gc,start    ] GC(131) Concurrent cleanup
[1272.366s][info][gc          ] GC(131) Concurrent cleanup 7112M->5784M(8192M) 0.039ms
[1272.366s][info][gc,ergo     ] GC(131) Free: 1995M, Max: 4096K regular, 392M humongous, Frag: 81% external, 0% internal; Reserve: 411M, Max: 4096K
[1272.366s][info][gc,start    ] GC(131) Concurrent strong roots
[1272.366s][info][gc,task     ] GC(131) Using 2 of 4 workers for concurrent strong root
[1272.373s][info][gc          ] GC(131) Concurrent strong roots 6.207ms
[1272.373s][info][gc,start    ] GC(131) Concurrent evacuation
[1272.373s][info][gc,task     ] GC(131) Using 2 of 4 workers for concurrent evacuation
[1272.427s][info][gc          ] GC(131) Concurrent evacuation 54.020ms
[1272.427s][info][gc,start    ] GC(131) Pause Init Update Refs
[1272.427s][info][gc,ergo     ] GC(131) Pacer for Update Refs. Used: 5924M, Free: 1967M, Non-Taxable: 196M, Alloc Tax Rate: 3.7x
[1272.427s][info][gc          ] GC(131) Pause Init Update Refs 0.045ms
[1272.427s][info][gc,start    ] GC(131) Concurrent update references
[1272.427s][info][gc,task     ] GC(131) Using 2 of 4 workers for concurrent reference update
[1272.571s][info][gc          ] GC(131) Concurrent update references 143.927ms
[1272.571s][info][gc,start    ] GC(131) Concurrent update thread roots
[1272.572s][info][gc          ] GC(131) Concurrent update thread roots 1.287ms
[1272.572s][info][gc,start    ] GC(131) Pause Final Update Refs
[1272.572s][info][gc,task     ] GC(131) Using 4 of 4 workers for final reference update
[1272.572s][info][gc          ] GC(131) Pause Final Update Refs 0.113ms
[1272.572s][info][gc,start    ] GC(131) Concurrent cleanup
[1272.572s][info][gc          ] GC(131) Concurrent cleanup 6000M->760M(8192M) 0.073ms
[1272.572s][info][gc,ergo     ] Free: 7019M, Max: 4096K regular, 5244M humongous, Frag: 26% external, 0% internal; Reserve: 412M, Max: 4096K
[1272.572s][info][gc,stats    ] 
[1272.572s][info][gc,stats    ] All times are wall-clock times, except per-root-class counters, that are sum over
[1272.572s][info][gc,stats    ] all workers. Dividing the <total> over the root stage time estimates parallelism.
[1272.572s][info][gc,stats    ] 
[1272.572s][info][gc,stats    ] Concurrent Reset                  19710 us
[1272.572s][info][gc,stats    ] Pause Init Mark (G)                 192 us
[1272.572s][info][gc,stats    ] Pause Init Mark (N)                 141 us
[1272.572s][info][gc,stats    ]   Update Region States               55 us
[1272.572s][info][gc,stats    ] Concurrent Mark Roots              8020 us, parallelism: 1.95x
[1272.572s][info][gc,stats    ]   CMR: <total>                    15676 us
[1272.572s][info][gc,stats    ]   CMR: Thread Roots                1539 us, workers (us): 745, 793, ---, ---, 
[1272.572s][info][gc,stats    ]   CMR: Code Cache Roots           13257 us, workers (us): 7080, 6177, ---, ---, 
[1272.572s][info][gc,stats    ]   CMR: VM Strong Roots               15 us, workers (us):   8,   7, ---, ---, 
[1272.572s][info][gc,stats    ]   CMR: CLDG Roots                   866 us, workers (us): ---, 866, ---, ---, 
[1272.572s][info][gc,stats    ] Concurrent Marking               239153 us
[1272.573s][info][gc,stats    ] Pause Final Mark (G)                487 us
[1272.573s][info][gc,stats    ] Pause Final Mark (N)                375 us
[1272.573s][info][gc,stats    ]   Finish Mark                        97 us
[1272.573s][info][gc,stats    ]   Update Region States               54 us
[1272.573s][info][gc,stats    ]   Choose Collection Set             148 us
[1272.573s][info][gc,stats    ]   Rebuild Free Set                   10 us
[1272.573s][info][gc,stats    ] Concurrent Thread Roots             902 us, parallelism: 1.73x
[1272.573s][info][gc,stats    ]   CTR: <total>                     1562 us
[1272.573s][info][gc,stats    ]   CTR: Thread Roots                1562 us, workers (us): 791, 771, ---, ---, 
[1272.573s][info][gc,stats    ] Concurrent Weak References          663 us, parallelism: 0.86x
[1272.573s][info][gc,stats    ]   CWRF: <total>                     570 us
[1272.573s][info][gc,stats    ]   CWRF: Weak References             570 us, workers (us):  48, 522, ---, ---, 
[1272.573s][info][gc,stats    ] Concurrent Weak Roots              1116 us
[1272.573s][info][gc,stats    ]   Roots                             988 us, parallelism: 1.70x
[1272.573s][info][gc,stats    ]     CWR: <total>                   1680 us
[1272.573s][info][gc,stats    ]     CWR: VM Weak Roots             1680 us, workers (us): 846, 834, ---, ---, 
[1272.573s][info][gc,stats    ]   Rendezvous                         83 us
[1272.573s][info][gc,stats    ] Concurrent Cleanup                   52 us
[1272.573s][info][gc,stats    ] Concurrent Strong Roots            6236 us, parallelism: 1.94x
[1272.573s][info][gc,stats    ]   CSR: <total>                    12113 us
[1272.573s][info][gc,stats    ]   CSR: Code Cache Roots           11847 us, workers (us): 6076, 5772, ---, ---, 
[1272.573s][info][gc,stats    ]   CSR: VM Strong Roots               10 us, workers (us):   5,   5, ---, ---, 
[1272.573s][info][gc,stats    ]   CSR: CLDG Roots                   257 us, workers (us): ---, 257, ---, ---, 
[1272.573s][info][gc,stats    ] Concurrent Evacuation             54070 us
[1272.573s][info][gc,stats    ] Pause Init Update Refs (G)          136 us
[1272.573s][info][gc,stats    ] Pause Init Update Refs (N)           56 us
[1272.573s][info][gc,stats    ]   Manage GCLABs                       5 us
[1272.573s][info][gc,stats    ] Concurrent Update Refs           143972 us
[1272.573s][info][gc,stats    ] Concurrent Update Thread Roots     1306 us
[1272.573s][info][gc,stats    ] Pause Final Update Refs (G)         196 us
[1272.573s][info][gc,stats    ] Pause Final Update Refs (N)         137 us
[1272.573s][info][gc,stats    ]   Update Region States               42 us
[1272.573s][info][gc,stats    ]   Trash Collection Set               19 us
[1272.573s][info][gc,stats    ]   Rebuild Free Set                   12 us
[1272.573s][info][gc,stats    ] Concurrent Cleanup                   87 us
[1272.573s][info][gc,stats    ] 
[1272.573s][info][gc,stats    ] Allocation pacing accrued:
[1272.573s][info][gc,stats    ]       0 of  8388 ms (  0.0%): <total>
[1272.573s][info][gc,stats    ]       0 of  8388 ms (  0.0%): <average total>
[1272.573s][info][gc,stats    ] 
[1272.573s][info][gc,metaspace] Metaspace: 136271K(137728K)->136271K(137728K) NonClass: 115200K(116032K)->115200K(116032K) Class: 21071K(21696K)->21071K(21696K)
[1272.573s][info][gc,ergo     ] Pacer for Idle. Initial: 163M, Alloc Tax Rate: 1.0x
[1284.042s][info][gc          ] Trigger: Average GC time (691.58 ms) is above the time for average allocation rate (686 MB/s) to deplete free headroom (438M) (margin of error = 1.87)
[1284.042s][info][gc,ergo     ] Free headroom: 847M (free) - 409M (spike) - 0B (penalties) = 438M
[1284.042s][info][gc,ergo     ] Free: 847M, Max: 4096K regular, 392M humongous, Frag: 54% external, 0% internal; Reserve: 412M, Max: 4096K
[1284.042s][info][gc,start    ] GC(132) Concurrent reset
[1284.042s][info][gc,task     ] GC(132) Using 2 of 4 workers for concurrent reset
[1284.042s][info][gc,ergo     ] GC(132) Pacer for Reset. Non-Taxable: 8192M
[1284.061s][info][gc          ] GC(132) Concurrent reset 19.020ms
[1284.061s][info][gc,start    ] GC(132) Pause Init Mark
[1284.061s][info][gc,task     ] GC(132) Using 4 of 4 workers for init marking
[1284.062s][info][gc,ergo     ] GC(132) Pacer for Mark. Expected Live: 477M, Free: 839M, Non-Taxable: 85998K, Alloc Tax Rate: 0.7x
[1284.062s][info][gc          ] GC(132) Pause Init Mark 0.132ms
[1284.062s][info][gc,start    ] GC(132) Concurrent marking roots
[1284.062s][info][gc,task     ] GC(132) Using 2 of 4 workers for concurrent marking roots
[1284.071s][info][gc          ] GC(132) Concurrent marking roots 9.245ms
[1284.071s][info][gc,start    ] GC(132) Concurrent marking
[1284.071s][info][gc,task     ] GC(132) Using 2 of 4 workers for concurrent marking
[1284.298s][info][gc          ] GC(132) Concurrent marking 226.752ms
[1284.298s][info][gc,start    ] GC(132) Pause Final Mark
[1284.298s][info][gc,task     ] GC(132) Using 4 of 4 workers for final marking
[1284.298s][info][gc,ergo     ] GC(132) Adaptive CSet Selection. Target Free: 1160M, Actual Free: 1844M, Max CSet: 341M, Min Garbage: 0B
[1284.298s][info][gc,ergo     ] GC(132) Collectable Garbage: 6440M (99%), Immediate: 724M (11%), CSet: 5716M (88%)
[1284.298s][info][gc,ergo     ] GC(132) Pacer for Evacuation. Used CSet: 5808M, Free: 1439M, Non-Taxable: 143M, Alloc Tax Rate: 9.9x
[1284.298s][info][gc          ] GC(132) Pause Final Mark 0.316ms
[1284.298s][info][gc,start    ] GC(132) Concurrent thread roots
[1284.298s][info][gc,task     ] GC(132) Using 2 of 4 workers for Concurrent thread roots
[1284.299s][info][gc          ] GC(132) Concurrent thread roots 0.766ms
[1284.299s][info][gc,start    ] GC(132) Concurrent weak references
[1284.299s][info][gc,task     ] GC(132) Using 2 of 4 workers for concurrent weak references
[1284.299s][info][gc,ref      ] GC(132) Encountered references: Soft: 6557, Weak: 23609, Final: 34, Phantom: 1087
[1284.299s][info][gc,ref      ] GC(132) Discovered  references: Soft: 0, Weak: 11827, Final: 0, Phantom: 819
[1284.299s][info][gc,ref      ] GC(132) Enqueued    references: Soft: 0, Weak: 2, Final: 0, Phantom: 0
[1284.299s][info][gc          ] GC(132) Concurrent weak references 0.576ms
[1284.299s][info][gc,start    ] GC(132) Concurrent weak roots
[1284.299s][info][gc,task     ] GC(132) Using 2 of 4 workers for concurrent weak root
[1284.300s][info][gc          ] GC(132) Concurrent weak roots 0.939ms
[1284.300s][info][gc,start    ] GC(132) Concurrent cleanup
[1284.300s][info][gc          ] GC(132) Concurrent cleanup 7072M->6348M(8192M) 0.025ms
[1284.300s][info][gc,ergo     ] GC(132) Free: 1431M, Max: 4096K regular, 392M humongous, Frag: 73% external, 0% internal; Reserve: 411M, Max: 4096K
[1284.300s][info][gc,start    ] GC(132) Concurrent strong roots
[1284.300s][info][gc,task     ] GC(132) Using 2 of 4 workers for concurrent strong root
[1284.308s][info][gc          ] GC(132) Concurrent strong roots 7.389ms
[1284.308s][info][gc,start    ] GC(132) Concurrent evacuation
[1284.308s][info][gc,task     ] GC(132) Using 2 of 4 workers for concurrent evacuation
[1284.355s][info][gc          ] GC(132) Concurrent evacuation 46.898ms
[1284.355s][info][gc,start    ] GC(132) Pause Init Update Refs
[1284.355s][info][gc,ergo     ] GC(132) Pacer for Update Refs. Used: 6472M, Free: 1403M, Non-Taxable: 140M, Alloc Tax Rate: 5.6x
[1284.355s][info][gc          ] GC(132) Pause Init Update Refs 0.050ms
[1284.355s][info][gc,start    ] GC(132) Concurrent update references
[1284.355s][info][gc,task     ] GC(132) Using 2 of 4 workers for concurrent reference update
[1284.490s][info][gc          ] GC(132) Concurrent update references 134.867ms
[1284.490s][info][gc,start    ] GC(132) Concurrent update thread roots
[1284.491s][info][gc          ] GC(132) Concurrent update thread roots 1.426ms
[1284.491s][info][gc,start    ] GC(132) Pause Final Update Refs
[1284.491s][info][gc,task     ] GC(132) Using 4 of 4 workers for final reference update
[1284.491s][info][gc          ] GC(132) Pause Final Update Refs 0.088ms
[1284.491s][info][gc,start    ] GC(132) Concurrent cleanup
[1284.492s][info][gc          ] GC(132) Concurrent cleanup 6524M->716M(8192M) 0.067ms
[1284.492s][info][gc,ergo     ] Free: 7063M, Max: 4096K regular, 5192M humongous, Frag: 27% external, 0% internal; Reserve: 412M, Max: 4096K
[1284.492s][info][gc,stats    ] 
[1284.492s][info][gc,stats    ] All times are wall-clock times, except per-root-class counters, that are sum over
[1284.492s][info][gc,stats    ] all workers. Dividing the <total> over the root stage time estimates parallelism.
[1284.492s][info][gc,stats    ] 
[1284.492s][info][gc,stats    ] Concurrent Reset                  19110 us
[1284.492s][info][gc,stats    ] Pause Init Mark (G)                 194 us
[1284.492s][info][gc,stats    ] Pause Init Mark (N)                 144 us
[1284.492s][info][gc,stats    ]   Update Region States               43 us
[1284.492s][info][gc,stats    ] Concurrent Mark Roots              9287 us, parallelism: 1.93x
[1284.492s][info][gc,stats    ]   CMR: <total>                    17969 us
[1284.492s][info][gc,stats    ]   CMR: Thread Roots                1512 us, workers (us): 758, 754, ---, ---, 
[1284.492s][info][gc,stats    ]   CMR: Code Cache Roots           15555 us, workers (us): 7336, 8219, ---, ---, 
[1284.492s][info][gc,stats    ]   CMR: VM Strong Roots               14 us, workers (us):  14,   0, ---, ---, 
[1284.492s][info][gc,stats    ]   CMR: CLDG Roots                   888 us, workers (us): 888, ---, ---, ---, 
[1284.492s][info][gc,stats    ] Concurrent Marking               226798 us
[1284.492s][info][gc,stats    ] Pause Final Mark (G)                388 us
[1284.492s][info][gc,stats    ] Pause Final Mark (N)                329 us
[1284.492s][info][gc,stats    ]   Finish Mark                        66 us
[1284.492s][info][gc,stats    ]   Update Region States               15 us
[1284.492s][info][gc,stats    ]   Choose Collection Set             165 us
[1284.492s][info][gc,stats    ]   Rebuild Free Set                    9 us
[1284.492s][info][gc,stats    ] Concurrent Thread Roots             786 us, parallelism: 1.83x
[1284.492s][info][gc,stats    ]   CTR: <total>                     1439 us
[1284.492s][info][gc,stats    ]   CTR: Thread Roots                1439 us, workers (us): 723, 716, ---, ---, 
[1284.492s][info][gc,stats    ] Concurrent Weak References          587 us, parallelism: 0.96x
[1284.492s][info][gc,stats    ]   CWRF: <total>                     566 us
[1284.492s][info][gc,stats    ]   CWRF: Weak References             566 us, workers (us):  54, 512, ---, ---, 
[1284.492s][info][gc,stats    ] Concurrent Weak Roots               954 us
[1284.492s][info][gc,stats    ]   Roots                             888 us, parallelism: 1.76x
[1284.492s][info][gc,stats    ]     CWR: <total>                   1563 us
[1284.492s][info][gc,stats    ]     CWR: VM Weak Roots             1563 us, workers (us): 798, 766, ---, ---, 
[1284.492s][info][gc,stats    ]   Rendezvous                         30 us
[1284.492s][info][gc,stats    ] Concurrent Cleanup                   37 us
[1284.492s][info][gc,stats    ] Concurrent Strong Roots            7437 us, parallelism: 1.95x
[1284.492s][info][gc,stats    ]   CSR: <total>                    14523 us
[1284.492s][info][gc,stats    ]   CSR: Code Cache Roots           14261 us, workers (us): 7290, 6971, ---, ---, 
[1284.492s][info][gc,stats    ]   CSR: VM Strong Roots                8 us, workers (us):   4,   4, ---, ---, 
[1284.492s][info][gc,stats    ]   CSR: CLDG Roots                   254 us, workers (us): ---, 254, ---, ---, 
[1284.492s][info][gc,stats    ] Concurrent Evacuation             46945 us
[1284.492s][info][gc,stats    ] Pause Init Update Refs (G)          126 us
[1284.492s][info][gc,stats    ] Pause Init Update Refs (N)           62 us
[1284.492s][info][gc,stats    ]   Manage GCLABs                       9 us
[1284.492s][info][gc,stats    ] Concurrent Update Refs           134912 us
[1284.492s][info][gc,stats    ] Concurrent Update Thread Roots     1440 us
[1284.492s][info][gc,stats    ] Pause Final Update Refs (G)         130 us
[1284.492s][info][gc,stats    ] Pause Final Update Refs (N)         103 us
[1284.492s][info][gc,stats    ]   Update Region States               23 us
[1284.492s][info][gc,stats    ]   Trash Collection Set               16 us
[1284.492s][info][gc,stats    ]   Rebuild Free Set                    9 us
[1284.492s][info][gc,stats    ] Concurrent Cleanup                   80 us
[1284.492s][info][gc,stats    ] 
[1284.492s][info][gc,stats    ] Allocation pacing accrued:
[1284.492s][info][gc,stats    ]       0 of 11919 ms (  0.0%): <total>
[1284.492s][info][gc,stats    ]       0 of 11919 ms (  0.0%): <average total>
[1284.492s][info][gc,stats    ] 
[1284.492s][info][gc,metaspace] Metaspace: 136272K(137728K)->136272K(137728K) NonClass: 115200K(116032K)->115200K(116032K) Class: 21071K(21696K)->21071K(21696K)
[1284.492s][info][gc,ergo     ] Pacer for Idle. Initial: 163M, Alloc Tax Rate: 1.0x
[1292.967s][info][gc          ] Trigger: Free (815M) is below minimum threshold (819M)
[1292.968s][info][gc,ergo     ] Free: 815M, Max: 4096K regular, 392M humongous, Frag: 52% external, 0% internal; Reserve: 412M, Max: 4096K
[1292.968s][info][gc,start    ] GC(133) Concurrent reset
[1292.968s][info][gc,task     ] GC(133) Using 2 of 4 workers for concurrent reset
[1292.968s][info][gc,ergo     ] GC(133) Pacer for Reset. Non-Taxable: 8192M
[1292.985s][info][gc          ] GC(133) Concurrent reset 17.447ms
[1292.985s][info][gc,start    ] GC(133) Pause Init Mark
[1292.985s][info][gc,task     ] GC(133) Using 4 of 4 workers for init marking
[1292.985s][info][gc,ergo     ] GC(133) Pacer for Mark. Expected Live: 476M, Free: 813M, Non-Taxable: 83264K, Alloc Tax Rate: 0.7x
[1292.985s][info][gc          ] GC(133) Pause Init Mark 0.125ms
[1292.985s][info][gc,start    ] GC(133) Concurrent marking roots
[1292.985s][info][gc,task     ] GC(133) Using 2 of 4 workers for concurrent marking roots
[1292.995s][info][gc          ] GC(133) Concurrent marking roots 9.518ms
[1292.995s][info][gc,start    ] GC(133) Concurrent marking
[1292.995s][info][gc,task     ] GC(133) Using 2 of 4 workers for concurrent marking
[1293.222s][info][gc          ] GC(133) Concurrent marking 227.153ms
[1293.222s][info][gc,start    ] GC(133) Pause Final Mark
[1293.222s][info][gc,task     ] GC(133) Using 4 of 4 workers for final marking
[1293.222s][info][gc,ergo     ] GC(133) Adaptive CSet Selection. Target Free: 1160M, Actual Free: 3136M, Max CSet: 341M, Min Garbage: 0B
[1293.222s][info][gc,ergo     ] GC(133) Collectable Garbage: 6459M (99%), Immediate: 2068M (31%), CSet: 4391M (67%)
[1293.222s][info][gc,ergo     ] GC(133) Pacer for Evacuation. Used CSet: 4488M, Free: 2731M, Non-Taxable: 273M, Alloc Tax Rate: 4.0x
[1293.222s][info][gc          ] GC(133) Pause Final Mark 0.322ms
[1293.222s][info][gc,start    ] GC(133) Concurrent thread roots
[1293.222s][info][gc,task     ] GC(133) Using 2 of 4 workers for Concurrent thread roots
[1293.223s][info][gc          ] GC(133) Concurrent thread roots 0.779ms
[1293.223s][info][gc,start    ] GC(133) Concurrent weak references
[1293.223s][info][gc,task     ] GC(133) Using 2 of 4 workers for concurrent weak references
[1293.223s][info][gc,ref      ] GC(133) Encountered references: Soft: 6557, Weak: 23612, Final: 34, Phantom: 1090
[1293.223s][info][gc,ref      ] GC(133) Discovered  references: Soft: 0, Weak: 4027, Final: 1, Phantom: 1015
[1293.223s][info][gc,ref      ] GC(133) Enqueued    references: Soft: 0, Weak: 4, Final: 0, Phantom: 0
[1293.223s][info][gc          ] GC(133) Concurrent weak references 0.232ms
[1293.223s][info][gc,start    ] GC(133) Concurrent weak roots
[1293.223s][info][gc,task     ] GC(133) Using 2 of 4 workers for concurrent weak root
[1293.224s][info][gc          ] GC(133) Concurrent weak roots 0.909ms
[1293.224s][info][gc,start    ] GC(133) Concurrent cleanup
[1293.224s][info][gc          ] GC(133) Concurrent cleanup 7124M->5056M(8192M) 0.038ms
[1293.224s][info][gc,ergo     ] GC(133) Free: 2724M, Max: 4096K regular, 384M humongous, Frag: 86% external, 0% internal; Reserve: 411M, Max: 4096K
[1293.224s][info][gc,start    ] GC(133) Concurrent strong roots
[1293.224s][info][gc,task     ] GC(133) Using 2 of 4 workers for concurrent strong root
[1293.230s][info][gc          ] GC(133) Concurrent strong roots 5.837ms
[1293.230s][info][gc,start    ] GC(133) Concurrent evacuation
[1293.230s][info][gc,task     ] GC(133) Using 2 of 4 workers for concurrent evacuation
[1293.275s][info][gc          ] GC(133) Concurrent evacuation 44.755ms
[1293.275s][info][gc,start    ] GC(133) Pause Init Update Refs
[1293.275s][info][gc,ergo     ] GC(133) Pacer for Update Refs. Used: 5171M, Free: 2708M, Non-Taxable: 270M, Alloc Tax Rate: 2.3x
[1293.275s][info][gc          ] GC(133) Pause Init Update Refs 0.047ms
[1293.275s][info][gc,start    ] GC(133) Concurrent update references
[1293.275s][info][gc,task     ] GC(133) Using 2 of 4 workers for concurrent reference update
[1293.420s][info][gc          ] GC(133) Concurrent update references 145.016ms
[1293.420s][info][gc,start    ] GC(133) Concurrent update thread roots
[1293.422s][info][gc          ] GC(133) Concurrent update thread roots 1.293ms
[1293.422s][info][gc,start    ] GC(133) Pause Final Update Refs
[1293.422s][info][gc,task     ] GC(133) Using 4 of 4 workers for final reference update
[1293.422s][info][gc          ] GC(133) Pause Final Update Refs 0.133ms
[1293.422s][info][gc,start    ] GC(133) Concurrent cleanup
[1293.422s][info][gc          ] GC(133) Concurrent cleanup 5223M->735M(8192M) 0.066ms
[1293.422s][info][gc,ergo     ] Free: 7044M, Max: 4096K regular, 5288M humongous, Frag: 25% external, 0% internal; Reserve: 412M, Max: 4096K
[1293.422s][info][gc,stats    ] 
[1293.422s][info][gc,stats    ] All times are wall-clock times, except per-root-class counters, that are sum over
[1293.422s][info][gc,stats    ] all workers. Dividing the <total> over the root stage time estimates parallelism.
[1293.422s][info][gc,stats    ] 
[1293.422s][info][gc,stats    ] Concurrent Reset                  17510 us
[1293.422s][info][gc,stats    ] Pause Init Mark (G)                 215 us
[1293.422s][info][gc,stats    ] Pause Init Mark (N)                 136 us
[1293.422s][info][gc,stats    ]   Update Region States               57 us
[1293.422s][info][gc,stats    ] Concurrent Mark Roots              9551 us, parallelism: 1.95x
[1293.422s][info][gc,stats    ]   CMR: <total>                    18660 us
[1293.422s][info][gc,stats    ]   CMR: Thread Roots                2089 us, workers (us): 1076, 1013, ---, ---, 
[1293.422s][info][gc,stats    ]   CMR: Code Cache Roots           15825 us, workers (us): 7518, 8307, ---, ---, 
[1293.422s][info][gc,stats    ]   CMR: VM Strong Roots               11 us, workers (us):  11,   0, ---, ---, 
[1293.422s][info][gc,stats    ]   CMR: CLDG Roots                   735 us, workers (us): 735, ---, ---, ---, 
[1293.422s][info][gc,stats    ] Concurrent Marking               227189 us
[1293.422s][info][gc,stats    ] Pause Final Mark (G)                361 us
[1293.422s][info][gc,stats    ] Pause Final Mark (N)                333 us
[1293.422s][info][gc,stats    ]   Finish Mark                        68 us
[1293.422s][info][gc,stats    ]   Update Region States               41 us
[1293.422s][info][gc,stats    ]   Choose Collection Set             143 us
[1293.422s][info][gc,stats    ]   Rebuild Free Set                   12 us
[1293.422s][info][gc,stats    ] Concurrent Thread Roots             800 us, parallelism: 1.80x
[1293.422s][info][gc,stats    ]   CTR: <total>                     1442 us
[1293.422s][info][gc,stats    ]   CTR: Thread Roots                1442 us, workers (us): 739, 703, ---, ---, 
[1293.422s][info][gc,stats    ] Concurrent Weak References          242 us, parallelism: 1.23x
[1293.422s][info][gc,stats    ]   CWRF: <total>                     298 us
[1293.422s][info][gc,stats    ]   CWRF: Weak References             298 us, workers (us): 130, 168, ---, ---, 
[1293.422s][info][gc,stats    ] Concurrent Weak Roots               930 us
[1293.422s][info][gc,stats    ]   Roots                             837 us, parallelism: 1.80x
[1293.422s][info][gc,stats    ]     CWR: <total>                   1504 us
[1293.422s][info][gc,stats    ]     CWR: VM Weak Roots             1504 us, workers (us): 753, 751, ---, ---, 
[1293.422s][info][gc,stats    ]   Rendezvous                         50 us
[1293.422s][info][gc,stats    ] Concurrent Cleanup                   51 us
[1293.422s][info][gc,stats    ] Concurrent Strong Roots            5858 us, parallelism: 1.95x
[1293.422s][info][gc,stats    ]   CSR: <total>                    11451 us
[1293.422s][info][gc,stats    ]   CSR: Code Cache Roots           11222 us, workers (us): 5533, 5689, ---, ---, 
[1293.422s][info][gc,stats    ]   CSR: VM Strong Roots                7 us, workers (us):   7,   0, ---, ---, 
[1293.422s][info][gc,stats    ]   CSR: CLDG Roots                   222 us, workers (us): 222, ---, ---, ---, 
[1293.422s][info][gc,stats    ] Concurrent Evacuation             44821 us
[1293.422s][info][gc,stats    ] Pause Init Update Refs (G)          141 us
[1293.422s][info][gc,stats    ] Pause Init Update Refs (N)           58 us
[1293.422s][info][gc,stats    ]   Manage GCLABs                       7 us
[1293.422s][info][gc,stats    ] Concurrent Update Refs           145057 us
[1293.422s][info][gc,stats    ] Concurrent Update Thread Roots     1315 us
[1293.422s][info][gc,stats    ] Pause Final Update Refs (G)         220 us
[1293.422s][info][gc,stats    ] Pause Final Update Refs (N)         160 us
[1293.422s][info][gc,stats    ]   Update Region States               64 us
[1293.422s][info][gc,stats    ]   Trash Collection Set               14 us
[1293.422s][info][gc,stats    ]   Rebuild Free Set                   11 us
[1293.422s][info][gc,stats    ] Concurrent Cleanup                   81 us
[1293.422s][info][gc,stats    ] 
[1293.422s][info][gc,stats    ] Allocation pacing accrued:
[1293.422s][info][gc,stats    ]       0 of  8930 ms (  0.0%): <total>
[1293.422s][info][gc,stats    ]       0 of  8930 ms (  0.0%): <average total>
[1293.422s][info][gc,stats    ] 
[1293.423s][info][gc,metaspace] Metaspace: 136274K(137728K)->136274K(137728K) NonClass: 115203K(116032K)->115203K(116032K) Class: 21071K(21696K)->21071K(21696K)
[1293.423s][info][gc,ergo     ] Pacer for Idle. Initial: 163M, Alloc Tax Rate: 1.0x
[1305.401s][info][gc          ] Trigger: Free (816M) is below minimum threshold (819M)
[1305.401s][info][gc,ergo     ] Free: 816M, Max: 4096K regular, 384M humongous, Frag: 53% external, 0% internal; Reserve: 412M, Max: 4096K
[1305.401s][info][gc,start    ] GC(134) Concurrent reset
[1305.401s][info][gc,task     ] GC(134) Using 2 of 4 workers for concurrent reset
[1305.401s][info][gc,ergo     ] GC(134) Pacer for Reset. Non-Taxable: 8192M
[1305.414s][info][gc          ] GC(134) Concurrent reset 12.882ms
[1305.414s][info][gc,start    ] GC(134) Pause Init Mark
[1305.414s][info][gc,task     ] GC(134) Using 4 of 4 workers for init marking
[1305.414s][info][gc,ergo     ] GC(134) Pacer for Mark. Expected Live: 468M, Free: 815M, Non-Taxable: 83512K, Alloc Tax Rate: 0.7x
[1305.414s][info][gc          ] GC(134) Pause Init Mark 0.102ms
[1305.414s][info][gc,start    ] GC(134) Concurrent marking roots
[1305.414s][info][gc,task     ] GC(134) Using 2 of 4 workers for concurrent marking roots
[1305.423s][info][gc          ] GC(134) Concurrent marking roots 8.644ms
[1305.423s][info][gc,start    ] GC(134) Concurrent marking
[1305.423s][info][gc,task     ] GC(134) Using 2 of 4 workers for concurrent marking
[1305.654s][info][gc          ] GC(134) Concurrent marking 231.406ms
[1305.655s][info][gc,start    ] GC(134) Pause Final Mark
[1305.655s][info][gc,task     ] GC(134) Using 4 of 4 workers for final marking
[1305.655s][info][gc,ergo     ] GC(134) Adaptive CSet Selection. Target Free: 1160M, Actual Free: 2148M, Max CSet: 341M, Min Garbage: 0B
[1305.655s][info][gc,ergo     ] GC(134) Collectable Garbage: 6463M (99%), Immediate: 1072M (16%), CSet: 5391M (82%)
[1305.655s][info][gc,ergo     ] GC(134) Pacer for Evacuation. Used CSet: 5484M, Free: 1744M, Non-Taxable: 174M, Alloc Tax Rate: 7.7x
[1305.655s][info][gc          ] GC(134) Pause Final Mark 0.300ms
[1305.655s][info][gc,start    ] GC(134) Concurrent thread roots
[1305.655s][info][gc,task     ] GC(134) Using 2 of 4 workers for Concurrent thread roots
[1305.656s][info][gc          ] GC(134) Concurrent thread roots 0.773ms
[1305.656s][info][gc,start    ] GC(134) Concurrent weak references
[1305.656s][info][gc,task     ] GC(134) Using 2 of 4 workers for concurrent weak references
[1305.656s][info][gc,ref      ] GC(134) Encountered references: Soft: 6557, Weak: 23611, Final: 34, Phantom: 1093
[1305.656s][info][gc,ref      ] GC(134) Discovered  references: Soft: 0, Weak: 11235, Final: 0, Phantom: 826
[1305.656s][info][gc,ref      ] GC(134) Enqueued    references: Soft: 0, Weak: 2, Final: 0, Phantom: 0
[1305.656s][info][gc          ] GC(134) Concurrent weak references 0.543ms
[1305.656s][info][gc,start    ] GC(134) Concurrent weak roots
[1305.656s][info][gc,task     ] GC(134) Using 2 of 4 workers for concurrent weak root
[1305.657s][info][gc          ] GC(134) Concurrent weak roots 0.876ms
[1305.657s][info][gc,start    ] GC(134) Concurrent cleanup
[1305.657s][info][gc          ] GC(134) Concurrent cleanup 7116M->6044M(8192M) 0.039ms
[1305.657s][info][gc,ergo     ] GC(134) Free: 1736M, Max: 4096K regular, 388M humongous, Frag: 78% external, 0% internal; Reserve: 411M, Max: 4096K
[1305.657s][info][gc,start    ] GC(134) Concurrent strong roots
[1305.657s][info][gc,task     ] GC(134) Using 2 of 4 workers for concurrent strong root
[1305.663s][info][gc          ] GC(134) Concurrent strong roots 5.976ms
[1305.663s][info][gc,start    ] GC(134) Concurrent evacuation
[1305.663s][info][gc,task     ] GC(134) Using 2 of 4 workers for concurrent evacuation
[1305.708s][info][gc          ] GC(134) Concurrent evacuation 44.974ms
[1305.708s][info][gc,start    ] GC(134) Pause Init Update Refs
[1305.708s][info][gc,ergo     ] GC(134) Pacer for Update Refs. Used: 6159M, Free: 1716M, Non-Taxable: 171M, Alloc Tax Rate: 4.4x
[1305.708s][info][gc          ] GC(134) Pause Init Update Refs 0.045ms
[1305.708s][info][gc,start    ] GC(134) Concurrent update references
[1305.708s][info][gc,task     ] GC(134) Using 2 of 4 workers for concurrent reference update
[1305.847s][info][gc          ] GC(134) Concurrent update references 138.279ms
[1305.847s][info][gc,start    ] GC(134) Concurrent update thread roots
[1305.848s][info][gc          ] GC(134) Concurrent update thread roots 1.392ms
[1305.848s][info][gc,start    ] GC(134) Pause Final Update Refs
[1305.848s][info][gc,task     ] GC(134) Using 4 of 4 workers for final reference update
[1305.848s][info][gc          ] GC(134) Pause Final Update Refs 0.089ms
[1305.848s][info][gc,start    ] GC(134) Concurrent cleanup
[1305.848s][info][gc          ] GC(134) Concurrent cleanup 6219M->739M(8192M) 0.065ms
[1305.848s][info][gc,ergo     ] Free: 7040M, Max: 4096K regular, 5204M humongous, Frag: 26% external, 0% internal; Reserve: 412M, Max: 4096K
[1305.848s][info][gc,stats    ] 
[1305.848s][info][gc,stats    ] All times are wall-clock times, except per-root-class counters, that are sum over
[1305.848s][info][gc,stats    ] all workers. Dividing the <total> over the root stage time estimates parallelism.
[1305.848s][info][gc,stats    ] 
[1305.848s][info][gc,stats    ] Concurrent Reset                  12933 us
[1305.848s][info][gc,stats    ] Pause Init Mark (G)                 191 us
[1305.848s][info][gc,stats    ] Pause Init Mark (N)                 112 us
[1305.848s][info][gc,stats    ]   Update Region States               41 us
[1305.848s][info][gc,stats    ] Concurrent Mark Roots              8668 us, parallelism: 1.95x
[1305.848s][info][gc,stats    ]   CMR: <total>                    16862 us
[1305.848s][info][gc,stats    ]   CMR: Thread Roots                1542 us, workers (us): 792, 750, ---, ---, 
[1305.848s][info][gc,stats    ]   CMR: Code Cache Roots           14586 us, workers (us): 7636, 6950, ---, ---, 
[1305.848s][info][gc,stats    ]   CMR: VM Strong Roots               14 us, workers (us):   8,   7, ---, ---, 
[1305.848s][info][gc,stats    ]   CMR: CLDG Roots                   719 us, workers (us): ---, 719, ---, ---, 
[1305.848s][info][gc,stats    ] Concurrent Marking               231453 us
[1305.848s][info][gc,stats    ] Pause Final Mark (G)                339 us
[1305.848s][info][gc,stats    ] Pause Final Mark (N)                311 us
[1305.848s][info][gc,stats    ]   Finish Mark                        68 us
[1305.848s][info][gc,stats    ]   Update Region States               21 us
[1305.848s][info][gc,stats    ]   Choose Collection Set             146 us
[1305.848s][info][gc,stats    ]   Rebuild Free Set                    9 us
[1305.848s][info][gc,stats    ] Concurrent Thread Roots             794 us, parallelism: 1.78x
[1305.848s][info][gc,stats    ]   CTR: <total>                     1417 us
[1305.849s][info][gc,stats    ]   CTR: Thread Roots                1417 us, workers (us): 726, 691, ---, ---, 
[1305.849s][info][gc,stats    ] Concurrent Weak References          554 us, parallelism: 1.08x
[1305.849s][info][gc,stats    ]   CWRF: <total>                     599 us
[1305.849s][info][gc,stats    ]   CWRF: Weak References             599 us, workers (us): 154, 445, ---, ---, 
[1305.849s][info][gc,stats    ] Concurrent Weak Roots               889 us
[1305.849s][info][gc,stats    ]   Roots                             832 us, parallelism: 1.79x
[1305.849s][info][gc,stats    ]     CWR: <total>                   1491 us
[1305.849s][info][gc,stats    ]     CWR: VM Weak Roots             1491 us, workers (us): 746, 744, ---, ---, 
[1305.849s][info][gc,stats    ]   Rendezvous                         23 us
[1305.849s][info][gc,stats    ] Concurrent Cleanup                   62 us
[1305.849s][info][gc,stats    ] Concurrent Strong Roots            6000 us, parallelism: 1.96x
[1305.849s][info][gc,stats    ]   CSR: <total>                    11732 us
[1305.849s][info][gc,stats    ]   CSR: Code Cache Roots           11467 us, workers (us): 5873, 5594, ---, ---, 
[1305.849s][info][gc,stats    ]   CSR: VM Strong Roots               11 us, workers (us):   7,   4, ---, ---, 
[1305.849s][info][gc,stats    ]   CSR: CLDG Roots                   254 us, workers (us): ---, 254, ---, ---, 
[1305.849s][info][gc,stats    ] Concurrent Evacuation             45013 us
[1305.849s][info][gc,stats    ] Pause Init Update Refs (G)           85 us
[1305.849s][info][gc,stats    ] Pause Init Update Refs (N)           56 us
[1305.849s][info][gc,stats    ]   Manage GCLABs                       6 us
[1305.849s][info][gc,stats    ] Concurrent Update Refs           138316 us
[1305.849s][info][gc,stats    ] Concurrent Update Thread Roots     1406 us
[1305.849s][info][gc,stats    ] Pause Final Update Refs (G)         139 us
[1305.849s][info][gc,stats    ] Pause Final Update Refs (N)         104 us
[1305.849s][info][gc,stats    ]   Update Region States               27 us
[1305.849s][info][gc,stats    ]   Trash Collection Set               15 us
[1305.849s][info][gc,stats    ]   Rebuild Free Set                   10 us
[1305.849s][info][gc,stats    ] Concurrent Cleanup                   78 us
[1305.849s][info][gc,stats    ] 
[1305.849s][info][gc,stats    ] Allocation pacing accrued:
[1305.849s][info][gc,stats    ]       0 of 12426 ms (  0.0%): <total>
[1305.849s][info][gc,stats    ]       0 of 12426 ms (  0.0%): <average total>
[1305.849s][info][gc,stats    ] 
[1305.849s][info][gc,metaspace] Metaspace: 136279K(137728K)->136279K(137728K) NonClass: 115208K(116032K)->115208K(116032K) Class: 21071K(21696K)->21071K(21696K)
[1305.849s][info][gc,ergo     ] Pacer for Idle. Initial: 163M, Alloc Tax Rate: 1.0x
[1313.823s][info][gc          ] Trigger: Free (816M) is below minimum threshold (819M)
[1313.823s][info][gc,ergo     ] Free: 816M, Max: 4096K regular, 508M humongous, Frag: 38% external, 0% internal; Reserve: 412M, Max: 4096K
[1313.823s][info][gc,start    ] GC(135) Concurrent reset
[1313.823s][info][gc,task     ] GC(135) Using 2 of 4 workers for concurrent reset
[1313.823s][info][gc,ergo     ] GC(135) Pacer for Reset. Non-Taxable: 8192M
[1313.840s][info][gc          ] GC(135) Concurrent reset 16.422ms
[1313.840s][info][gc,start    ] GC(135) Pause Init Mark
[1313.840s][info][gc,task     ] GC(135) Using 4 of 4 workers for init marking
[1313.840s][info][gc,ergo     ] GC(135) Pacer for Mark. Expected Live: 469M, Free: 808M, Non-Taxable: 82743K, Alloc Tax Rate: 0.7x
[1313.840s][info][gc          ] GC(135) Pause Init Mark 0.124ms
[1313.840s][info][gc,start    ] GC(135) Concurrent marking roots
[1313.840s][info][gc,task     ] GC(135) Using 2 of 4 workers for concurrent marking roots
[1313.850s][info][gc          ] GC(135) Concurrent marking roots 10.271ms
[1313.850s][info][gc,start    ] GC(135) Concurrent marking
[1313.850s][info][gc,task     ] GC(135) Using 2 of 4 workers for concurrent marking
[1314.075s][info][gc          ] GC(135) Concurrent marking 224.864ms
[1314.075s][info][gc,start    ] GC(135) Pause Final Mark
[1314.075s][info][gc,task     ] GC(135) Using 4 of 4 workers for final marking
[1314.075s][info][gc,ergo     ] GC(135) Adaptive CSet Selection. Target Free: 1160M, Actual Free: 3404M, Max CSet: 341M, Min Garbage: 0B
[1314.075s][info][gc,ergo     ] GC(135) Collectable Garbage: 6474M (99%), Immediate: 2332M (35%), CSet: 4142M (63%)
[1314.075s][info][gc,ergo     ] GC(135) Pacer for Evacuation. Used CSet: 4232M, Free: 2996M, Non-Taxable: 299M, Alloc Tax Rate: 3.5x
[1314.076s][info][gc          ] GC(135) Pause Final Mark 0.291ms
[1314.076s][info][gc,start    ] GC(135) Concurrent thread roots
[1314.076s][info][gc,task     ] GC(135) Using 2 of 4 workers for Concurrent thread roots
[1314.076s][info][gc          ] GC(135) Concurrent thread roots 0.798ms
[1314.076s][info][gc,start    ] GC(135) Concurrent weak references
[1314.076s][info][gc,task     ] GC(135) Using 2 of 4 workers for concurrent weak references
[1314.077s][info][gc,ref      ] GC(135) Encountered references: Soft: 6557, Weak: 23614, Final: 34, Phantom: 1099
[1314.077s][info][gc,ref      ] GC(135) Discovered  references: Soft: 0, Weak: 11759, Final: 33, Phantom: 824
[1314.077s][info][gc,ref      ] GC(135) Enqueued    references: Soft: 0, Weak: 3, Final: 0, Phantom: 0
[1314.077s][info][gc          ] GC(135) Concurrent weak references 0.557ms
[1314.077s][info][gc,start    ] GC(135) Concurrent weak roots
[1314.077s][info][gc,task     ] GC(135) Using 2 of 4 workers for concurrent weak root
[1314.078s][info][gc          ] GC(135) Concurrent weak roots 1.017ms
[1314.078s][info][gc,start    ] GC(135) Concurrent cleanup
[1314.078s][info][gc          ] GC(135) Concurrent cleanup 7124M->4792M(8192M) 0.039ms
[1314.078s][info][gc,ergo     ] GC(135) Free: 2987M, Max: 4096K regular, 384M humongous, Frag: 88% external, 0% internal; Reserve: 411M, Max: 4096K
[1314.078s][info][gc,start    ] GC(135) Concurrent strong roots
[1314.078s][info][gc,task     ] GC(135) Using 2 of 4 workers for concurrent strong root
[1314.085s][info][gc          ] GC(135) Concurrent strong roots 7.051ms
[1314.085s][info][gc,start    ] GC(135) Concurrent evacuation
[1314.085s][info][gc,task     ] GC(135) Using 2 of 4 workers for concurrent evacuation
[1314.136s][info][gc          ] GC(135) Concurrent evacuation 50.682ms
[1314.136s][info][gc,start    ] GC(135) Pause Init Update Refs
[1314.136s][info][gc,ergo     ] GC(135) Pacer for Update Refs. Used: 4920M, Free: 2955M, Non-Taxable: 295M, Alloc Tax Rate: 2.0x
[1314.136s][info][gc          ] GC(135) Pause Init Update Refs 0.055ms
[1314.136s][info][gc,start    ] GC(135) Concurrent update references
[1314.136s][info][gc,task     ] GC(135) Using 2 of 4 workers for concurrent reference update
[1314.280s][info][gc          ] GC(135) Concurrent update references 143.986ms
[1314.280s][info][gc,start    ] GC(135) Concurrent update thread roots
[1314.281s][info][gc          ] GC(135) Concurrent update thread roots 1.413ms
[1314.281s][info][gc,start    ] GC(135) Pause Final Update Refs
[1314.281s][info][gc,task     ] GC(135) Using 4 of 4 workers for final reference update
[1314.282s][info][gc          ] GC(135) Pause Final Update Refs 0.115ms
[1314.282s][info][gc,start    ] GC(135) Concurrent cleanup
[1314.282s][info][gc          ] GC(135) Concurrent cleanup 4964M->732M(8192M) 0.066ms
[1314.282s][info][gc,ergo     ] Free: 7047M, Max: 4096K regular, 5308M humongous, Frag: 25% external, 0% internal; Reserve: 412M, Max: 4096K
[1314.282s][info][gc,stats    ] 
[1314.282s][info][gc,stats    ] All times are wall-clock times, except per-root-class counters, that are sum over
[1314.282s][info][gc,stats    ] all workers. Dividing the <total> over the root stage time estimates parallelism.
[1314.282s][info][gc,stats    ] 
[1314.282s][info][gc,stats    ] Concurrent Reset                  16490 us
[1314.282s][info][gc,stats    ] Pause Init Mark (G)                 211 us
[1314.282s][info][gc,stats    ] Pause Init Mark (N)                 137 us
[1314.282s][info][gc,stats    ]   Update Region States               49 us
[1314.282s][info][gc,stats    ] Concurrent Mark Roots             10308 us, parallelism: 1.95x
[1314.282s][info][gc,stats    ]   CMR: <total>                    20072 us
[1314.282s][info][gc,stats    ]   CMR: Thread Roots                1578 us, workers (us): 820, 757, ---, ---, 
[1314.282s][info][gc,stats    ]   CMR: Code Cache Roots           17695 us, workers (us): 9205, 8490, ---, ---, 
[1314.282s][info][gc,stats    ]   CMR: VM Strong Roots               17 us, workers (us):   9,   8, ---, ---, 
[1314.282s][info][gc,stats    ]   CMR: CLDG Roots                   782 us, workers (us): ---, 782, ---, ---, 
[1314.282s][info][gc,stats    ] Concurrent Marking               224914 us
[1314.282s][info][gc,stats    ] Pause Final Mark (G)                321 us
[1314.282s][info][gc,stats    ] Pause Final Mark (N)                303 us
[1314.282s][info][gc,stats    ]   Finish Mark                        66 us
[1314.282s][info][gc,stats    ]   Update Region States               15 us
[1314.282s][info][gc,stats    ]   Choose Collection Set             139 us
[1314.282s][info][gc,stats    ]   Rebuild Free Set                   11 us
[1314.282s][info][gc,stats    ] Concurrent Thread Roots             815 us, parallelism: 1.82x
[1314.282s][info][gc,stats    ]   CTR: <total>                     1485 us
[1314.282s][info][gc,stats    ]   CTR: Thread Roots                1485 us, workers (us): 762, 723, ---, ---, 
[1314.282s][info][gc,stats    ] Concurrent Weak References          567 us, parallelism: 0.84x
[1314.282s][info][gc,stats    ]   CWRF: <total>                     477 us
[1314.282s][info][gc,stats    ]   CWRF: Weak References             477 us, workers (us):  31, 446, ---, ---, 
[1314.282s][info][gc,stats    ] Concurrent Weak Roots              1034 us
[1314.282s][info][gc,stats    ]   Roots                             929 us, parallelism: 1.79x
[1314.282s][info][gc,stats    ]     CWR: <total>                   1662 us
[1314.282s][info][gc,stats    ]     CWR: VM Weak Roots             1662 us, workers (us): 846, 816, ---, ---, 
[1314.282s][info][gc,stats    ]   Rendezvous                         67 us
[1314.282s][info][gc,stats    ] Concurrent Cleanup                   52 us
[1314.282s][info][gc,stats    ] Concurrent Strong Roots            7085 us, parallelism: 1.95x
[1314.282s][info][gc,stats    ]   CSR: <total>                    13833 us
[1314.282s][info][gc,stats    ]   CSR: Code Cache Roots           13522 us, workers (us): 6631, 6892, ---, ---, 
[1314.282s][info][gc,stats    ]   CSR: VM Strong Roots               10 us, workers (us):   5,   5, ---, ---, 
[1314.282s][info][gc,stats    ]   CSR: CLDG Roots                   301 us, workers (us): 301, ---, ---, ---, 
[1314.282s][info][gc,stats    ] Concurrent Evacuation             50748 us
[1314.282s][info][gc,stats    ] Pause Init Update Refs (G)          103 us
[1314.282s][info][gc,stats    ] Pause Init Update Refs (N)           66 us
[1314.282s][info][gc,stats    ]   Manage GCLABs                      12 us
[1314.282s][info][gc,stats    ] Concurrent Update Refs           144033 us
[1314.282s][info][gc,stats    ] Concurrent Update Thread Roots     1440 us
[1314.282s][info][gc,stats    ] Pause Final Update Refs (G)         206 us
[1314.282s][info][gc,stats    ] Pause Final Update Refs (N)         138 us
[1314.282s][info][gc,stats    ]   Update Region States               51 us
[1314.282s][info][gc,stats    ]   Trash Collection Set               12 us
[1314.282s][info][gc,stats    ]   Rebuild Free Set                   11 us
[1314.282s][info][gc,stats    ] Concurrent Cleanup                   81 us
[1314.282s][info][gc,stats    ] 
[1314.282s][info][gc,stats    ] Allocation pacing accrued:
[1314.282s][info][gc,stats    ]       0 of  8433 ms (  0.0%): <total>
[1314.282s][info][gc,stats    ]       0 of  8433 ms (  0.0%): <average total>
[1314.282s][info][gc,stats    ] 
[1314.282s][info][gc,metaspace] Metaspace: 136279K(137728K)->136279K(137728K) NonClass: 115208K(116032K)->115208K(116032K) Class: 21071K(21696K)->21071K(21696K)
[1314.282s][info][gc,ergo     ] Pacer for Idle. Initial: 163M, Alloc Tax Rate: 1.0x
[1326.344s][info][gc          ] Trigger: Free (815M) is below minimum threshold (819M)
[1326.344s][info][gc,ergo     ] Free: 815M, Max: 4096K regular, 384M humongous, Frag: 53% external, 0% internal; Reserve: 412M, Max: 4096K
[1326.344s][info][gc,start    ] GC(136) Concurrent reset
[1326.344s][info][gc,task     ] GC(136) Using 2 of 4 workers for concurrent reset
[1326.344s][info][gc,ergo     ] GC(136) Pacer for Reset. Non-Taxable: 8192M
[1326.361s][info][gc          ] GC(136) Concurrent reset 17.000ms
[1326.361s][info][gc,start    ] GC(136) Pause Init Mark
[1326.361s][info][gc,task     ] GC(136) Using 4 of 4 workers for init marking
[1326.361s][info][gc,ergo     ] GC(136) Pacer for Mark. Expected Live: 470M, Free: 799M, Non-Taxable: 81885K, Alloc Tax Rate: 0.7x
[1326.361s][info][gc          ] GC(136) Pause Init Mark 0.118ms
[1326.361s][info][gc,start    ] GC(136) Concurrent marking roots
[1326.361s][info][gc,task     ] GC(136) Using 2 of 4 workers for concurrent marking roots
[1326.371s][info][gc          ] GC(136) Concurrent marking roots 10.329ms
[1326.371s][info][gc,start    ] GC(136) Concurrent marking
[1326.371s][info][gc,task     ] GC(136) Using 2 of 4 workers for concurrent marking
[1326.591s][info][gc          ] GC(136) Concurrent marking 219.802ms
[1326.591s][info][gc,start    ] GC(136) Pause Final Mark
[1326.591s][info][gc,task     ] GC(136) Using 4 of 4 workers for final marking
[1326.592s][info][gc,ergo     ] GC(136) Adaptive CSet Selection. Target Free: 1160M, Actual Free: 2328M, Max CSet: 341M, Min Garbage: 0B
[1326.592s][info][gc,ergo     ] GC(136) Collectable Garbage: 6484M (99%), Immediate: 1232M (18%), CSet: 5252M (80%)
[1326.592s][info][gc,ergo     ] GC(136) Pacer for Evacuation. Used CSet: 5340M, Free: 1923M, Non-Taxable: 192M, Alloc Tax Rate: 6.8x
[1326.592s][info][gc          ] GC(136) Pause Final Mark 0.315ms
[1326.592s][info][gc,start    ] GC(136) Concurrent thread roots
[1326.592s][info][gc,task     ] GC(136) Using 2 of 4 workers for Concurrent thread roots
[1326.593s][info][gc          ] GC(136) Concurrent thread roots 0.808ms
[1326.593s][info][gc,start    ] GC(136) Concurrent weak references
[1326.593s][info][gc,task     ] GC(136) Using 2 of 4 workers for concurrent weak references
[1326.593s][info][gc,ref      ] GC(136) Encountered references: Soft: 6557, Weak: 23620, Final: 34, Phantom: 1108
[1326.593s][info][gc,ref      ] GC(136) Discovered  references: Soft: 0, Weak: 2356, Final: 0, Phantom: 982
[1326.593s][info][gc,ref      ] GC(136) Enqueued    references: Soft: 0, Weak: 6, Final: 0, Phantom: 0
[1326.593s][info][gc          ] GC(136) Concurrent weak references 0.186ms
[1326.593s][info][gc,start    ] GC(136) Concurrent weak roots
[1326.593s][info][gc,task     ] GC(136) Using 2 of 4 workers for concurrent weak root
[1326.594s][info][gc          ] GC(136) Concurrent weak roots 0.937ms
[1326.594s][info][gc,start    ] GC(136) Concurrent cleanup
[1326.594s][info][gc          ] GC(136) Concurrent cleanup 7096M->5864M(8192M) 0.029ms
[1326.594s][info][gc,ergo     ] GC(136) Free: 1915M, Max: 4096K regular, 384M humongous, Frag: 80% external, 0% internal; Reserve: 411M, Max: 4096K
[1326.594s][info][gc,start    ] GC(136) Concurrent strong roots
[1326.594s][info][gc,task     ] GC(136) Using 2 of 4 workers for concurrent strong root
[1326.600s][info][gc          ] GC(136) Concurrent strong roots 6.138ms
[1326.600s][info][gc,start    ] GC(136) Concurrent evacuation
[1326.600s][info][gc,task     ] GC(136) Using 2 of 4 workers for concurrent evacuation
[1326.644s][info][gc          ] GC(136) Concurrent evacuation 44.012ms
[1326.644s][info][gc,start    ] GC(136) Pause Init Update Refs
[1326.644s][info][gc,ergo     ] GC(136) Pacer for Update Refs. Used: 5980M, Free: 1891M, Non-Taxable: 189M, Alloc Tax Rate: 3.9x
[1326.644s][info][gc          ] GC(136) Pause Init Update Refs 0.050ms
[1326.644s][info][gc,start    ] GC(136) Concurrent update references
[1326.644s][info][gc,task     ] GC(136) Using 2 of 4 workers for concurrent reference update
[1326.779s][info][gc          ] GC(136) Concurrent update references 134.504ms
[1326.779s][info][gc,start    ] GC(136) Concurrent update thread roots
[1326.780s][info][gc          ] GC(136) Concurrent update thread roots 1.399ms
[1326.780s][info][gc,start    ] GC(136) Pause Final Update Refs
[1326.780s][info][gc,task     ] GC(136) Using 4 of 4 workers for final reference update
[1326.780s][info][gc          ] GC(136) Pause Final Update Refs 0.095ms
[1326.780s][info][gc,start    ] GC(136) Concurrent cleanup
[1326.780s][info][gc          ] GC(136) Concurrent cleanup 6056M->716M(8192M) 0.065ms
[1326.780s][info][gc,ergo     ] Free: 7063M, Max: 4096K regular, 5232M humongous, Frag: 26% external, 0% internal; Reserve: 412M, Max: 4096K
[1326.780s][info][gc,stats    ] 
[1326.780s][info][gc,stats    ] All times are wall-clock times, except per-root-class counters, that are sum over
[1326.780s][info][gc,stats    ] all workers. Dividing the <total> over the root stage time estimates parallelism.
[1326.780s][info][gc,stats    ] 
[1326.780s][info][gc,stats    ] Concurrent Reset                  17088 us
[1326.780s][info][gc,stats    ] Pause Init Mark (G)                 273 us
[1326.780s][info][gc,stats    ] Pause Init Mark (N)                 128 us
[1326.780s][info][gc,stats    ]   Update Region States               51 us
[1326.780s][info][gc,stats    ] Concurrent Mark Roots             10369 us, parallelism: 1.92x
[1326.780s][info][gc,stats    ]   CMR: <total>                    19872 us
[1326.780s][info][gc,stats    ]   CMR: Thread Roots                1507 us, workers (us): 756, 751, ---, ---, 
[1326.780s][info][gc,stats    ]   CMR: Code Cache Roots           17193 us, workers (us): 8026, 9167, ---, ---, 
[1326.780s][info][gc,stats    ]   CMR: VM Strong Roots               20 us, workers (us):  20,   0, ---, ---, 
[1326.780s][info][gc,stats    ]   CMR: CLDG Roots                  1152 us, workers (us): 1152, ---, ---, ---, 
[1326.780s][info][gc,stats    ] Concurrent Marking               219849 us
[1326.780s][info][gc,stats    ] Pause Final Mark (G)                384 us
[1326.780s][info][gc,stats    ] Pause Final Mark (N)                326 us
[1326.780s][info][gc,stats    ]   Finish Mark                        61 us
[1326.780s][info][gc,stats    ]   Update Region States               36 us
[1326.780s][info][gc,stats    ]   Choose Collection Set             153 us
[1326.780s][info][gc,stats    ]   Rebuild Free Set                   10 us
[1326.781s][info][gc,stats    ] Concurrent Thread Roots             826 us, parallelism: 1.83x
[1326.781s][info][gc,stats    ]   CTR: <total>                     1514 us
[1326.781s][info][gc,stats    ]   CTR: Thread Roots                1514 us, workers (us): 762, 753, ---, ---, 
[1326.781s][info][gc,stats    ] Concurrent Weak References          197 us, parallelism: 0.82x
[1326.781s][info][gc,stats    ]   CWRF: <total>                     161 us
[1326.781s][info][gc,stats    ]   CWRF: Weak References             161 us, workers (us):  79,  83, ---, ---, 
[1326.781s][info][gc,stats    ] Concurrent Weak Roots               951 us
[1326.781s][info][gc,stats    ]   Roots                             876 us, parallelism: 1.78x
[1326.781s][info][gc,stats    ]     CWR: <total>                   1556 us
[1326.781s][info][gc,stats    ]     CWR: VM Weak Roots             1556 us, workers (us): 792, 764, ---, ---, 
[1326.781s][info][gc,stats    ]   Rendezvous                         41 us
[1326.781s][info][gc,stats    ] Concurrent Cleanup                   41 us
[1326.781s][info][gc,stats    ] Concurrent Strong Roots            6165 us, parallelism: 1.96x
[1326.781s][info][gc,stats    ]   CSR: <total>                    12078 us
[1326.781s][info][gc,stats    ]   CSR: Code Cache Roots           11851 us, workers (us): 5844, 6006, ---, ---, 
[1326.781s][info][gc,stats    ]   CSR: VM Strong Roots                7 us, workers (us):   7,   0, ---, ---, 
[1326.781s][info][gc,stats    ]   CSR: CLDG Roots                   220 us, workers (us): 220, ---, ---, ---, 
[1326.781s][info][gc,stats    ] Concurrent Evacuation             44047 us
[1326.781s][info][gc,stats    ] Pause Init Update Refs (G)          113 us
[1326.781s][info][gc,stats    ] Pause Init Update Refs (N)           61 us
[1326.781s][info][gc,stats    ]   Manage GCLABs                      10 us
[1326.781s][info][gc,stats    ] Concurrent Update Refs           134552 us
[1326.781s][info][gc,stats    ] Concurrent Update Thread Roots     1417 us
[1326.781s][info][gc,stats    ] Pause Final Update Refs (G)         150 us
[1326.781s][info][gc,stats    ] Pause Final Update Refs (N)         122 us
[1326.781s][info][gc,stats    ]   Update Region States               28 us
[1326.781s][info][gc,stats    ]   Trash Collection Set               15 us
[1326.781s][info][gc,stats    ]   Rebuild Free Set                   10 us
[1326.781s][info][gc,stats    ] Concurrent Cleanup                   77 us
[1326.781s][info][gc,stats    ] 
[1326.781s][info][gc,stats    ] Allocation pacing accrued:
[1326.781s][info][gc,stats    ]       0 of 12499 ms (  0.0%): <total>
[1326.781s][info][gc,stats    ]       0 of 12499 ms (  0.0%): <average total>
[1326.781s][info][gc,stats    ] 
[1326.781s][info][gc,metaspace] Metaspace: 136285K(137728K)->136285K(137728K) NonClass: 115213K(116032K)->115213K(116032K) Class: 21071K(21696K)->21071K(21696K)
[1326.781s][info][gc,ergo     ] Pacer for Idle. Initial: 163M, Alloc Tax Rate: 1.0x
[1335.414s][info][gc          ] Trigger: Free (815M) is below minimum threshold (819M)
[1335.414s][info][gc,ergo     ] Free: 815M, Max: 4096K regular, 384M humongous, Frag: 53% external, 0% internal; Reserve: 412M, Max: 4096K
[1335.414s][info][gc,start    ] GC(137) Concurrent reset
[1335.414s][info][gc,task     ] GC(137) Using 2 of 4 workers for concurrent reset
[1335.414s][info][gc,ergo     ] GC(137) Pacer for Reset. Non-Taxable: 8192M
[1335.431s][info][gc          ] GC(137) Concurrent reset 16.767ms
[1335.431s][info][gc,start    ] GC(137) Pause Init Mark
[1335.431s][info][gc,task     ] GC(137) Using 4 of 4 workers for init marking
[1335.431s][info][gc,ergo     ] GC(137) Pacer for Mark. Expected Live: 466M, Free: 807M, Non-Taxable: 82704K, Alloc Tax Rate: 0.7x
[1335.431s][info][gc          ] GC(137) Pause Init Mark 0.125ms
[1335.431s][info][gc,start    ] GC(137) Concurrent marking roots
[1335.431s][info][gc,task     ] GC(137) Using 2 of 4 workers for concurrent marking roots
[1335.440s][info][gc          ] GC(137) Concurrent marking roots 8.584ms
[1335.440s][info][gc,start    ] GC(137) Concurrent marking
[1335.440s][info][gc,task     ] GC(137) Using 2 of 4 workers for concurrent marking
[1335.668s][info][gc          ] GC(137) Concurrent marking 228.338ms
[1335.668s][info][gc,start    ] GC(137) Pause Final Mark
[1335.668s][info][gc,task     ] GC(137) Using 4 of 4 workers for final marking
[1335.669s][info][gc,ergo     ] GC(137) Adaptive CSet Selection. Target Free: 1160M, Actual Free: 3380M, Max CSet: 341M, Min Garbage: 0B
[1335.669s][info][gc,ergo     ] GC(137) Collectable Garbage: 6473M (99%), Immediate: 2340M (35%), CSet: 4133M (63%)
[1335.669s][info][gc,ergo     ] GC(137) Pacer for Evacuation. Used CSet: 4224M, Free: 2972M, Non-Taxable: 297M, Alloc Tax Rate: 3.5x
[1335.669s][info][gc          ] GC(137) Pause Final Mark 0.339ms
[1335.669s][info][gc,start    ] GC(137) Concurrent thread roots
[1335.669s][info][gc,task     ] GC(137) Using 2 of 4 workers for Concurrent thread roots
[1335.670s][info][gc          ] GC(137) Concurrent thread roots 0.845ms
[1335.670s][info][gc,start    ] GC(137) Concurrent weak references
[1335.670s][info][gc,task     ] GC(137) Using 2 of 4 workers for concurrent weak references
[1335.670s][info][gc,ref      ] GC(137) Encountered references: Soft: 6557, Weak: 23620, Final: 34, Phantom: 1112
[1335.670s][info][gc,ref      ] GC(137) Discovered  references: Soft: 0, Weak: 11444, Final: 0, Phantom: 773
[1335.670s][info][gc,ref      ] GC(137) Enqueued    references: Soft: 0, Weak: 3, Final: 0, Phantom: 1
[1335.670s][info][gc          ] GC(137) Concurrent weak references 0.487ms
[1335.670s][info][gc,start    ] GC(137) Concurrent weak roots
[1335.670s][info][gc,task     ] GC(137) Using 2 of 4 workers for concurrent weak root
[1335.671s][info][gc          ] GC(137) Concurrent weak roots 0.907ms
[1335.671s][info][gc,start    ] GC(137) Concurrent cleanup
[1335.671s][info][gc          ] GC(137) Concurrent cleanup 7156M->4816M(8192M) 0.041ms
[1335.671s][info][gc,ergo     ] GC(137) Free: 2964M, Max: 4096K regular, 348M humongous, Frag: 89% external, 0% internal; Reserve: 411M, Max: 4096K
[1335.671s][info][gc,start    ] GC(137) Concurrent strong roots
[1335.671s][info][gc,task     ] GC(137) Using 2 of 4 workers for concurrent strong root
[1335.677s][info][gc          ] GC(137) Concurrent strong roots 5.910ms
[1335.677s][info][gc,start    ] GC(137) Concurrent evacuation
[1335.677s][info][gc,task     ] GC(137) Using 2 of 4 workers for concurrent evacuation
[1335.722s][info][gc          ] GC(137) Concurrent evacuation 45.054ms
[1335.722s][info][gc,start    ] GC(137) Pause Init Update Refs
[1335.722s][info][gc,ergo     ] GC(137) Pacer for Update Refs. Used: 4939M, Free: 2936M, Non-Taxable: 293M, Alloc Tax Rate: 2.1x
[1335.722s][info][gc          ] GC(137) Pause Init Update Refs 0.045ms
[1335.722s][info][gc,start    ] GC(137) Concurrent update references
[1335.722s][info][gc,task     ] GC(137) Using 2 of 4 workers for concurrent reference update
[1335.867s][info][gc          ] GC(137) Concurrent update references 144.223ms
[1335.867s][info][gc,start    ] GC(137) Concurrent update thread roots
[1335.868s][info][gc          ] GC(137) Concurrent update thread roots 1.469ms
[1335.868s][info][gc,start    ] GC(137) Pause Final Update Refs
[1335.868s][info][gc,task     ] GC(137) Using 4 of 4 workers for final reference update
[1335.868s][info][gc          ] GC(137) Pause Final Update Refs 0.088ms
[1335.868s][info][gc,start    ] GC(137) Concurrent cleanup
[1335.868s][info][gc          ] GC(137) Concurrent cleanup 4995M->771M(8192M) 0.104ms
[1335.868s][info][gc,ergo     ] Free: 7008M, Max: 4096K regular, 5380M humongous, Frag: 24% external, 0% internal; Reserve: 412M, Max: 4096K
[1335.868s][info][gc,stats    ] 
[1335.868s][info][gc,stats    ] All times are wall-clock times, except per-root-class counters, that are sum over
[1335.868s][info][gc,stats    ] all workers. Dividing the <total> over the root stage time estimates parallelism.
[1335.868s][info][gc,stats    ] 
[1335.868s][info][gc,stats    ] Concurrent Reset                  16828 us
[1335.868s][info][gc,stats    ] Pause Init Mark (G)                 283 us
[1335.868s][info][gc,stats    ] Pause Init Mark (N)                 138 us
[1335.869s][info][gc,stats    ]   Update Region States               47 us
[1335.869s][info][gc,stats    ] Concurrent Mark Roots              8616 us, parallelism: 1.94x
[1335.869s][info][gc,stats    ]   CMR: <total>                    16737 us
[1335.869s][info][gc,stats    ]   CMR: Thread Roots                1406 us, workers (us): 708, 698, ---, ---, 
[1335.869s][info][gc,stats    ]   CMR: Code Cache Roots           14528 us, workers (us): 6873, 7655, ---, ---, 
[1335.869s][info][gc,stats    ]   CMR: VM Strong Roots               12 us, workers (us):  12,   0, ---, ---, 
[1335.869s][info][gc,stats    ]   CMR: CLDG Roots                   789 us, workers (us): 789, ---, ---, ---, 
[1335.869s][info][gc,stats    ] Concurrent Marking               228370 us
[1335.869s][info][gc,stats    ] Pause Final Mark (G)                401 us
[1335.869s][info][gc,stats    ] Pause Final Mark (N)                350 us
[1335.869s][info][gc,stats    ]   Finish Mark                        88 us
[1335.869s][info][gc,stats    ]   Update Region States               51 us
[1335.869s][info][gc,stats    ]   Choose Collection Set             135 us
[1335.869s][info][gc,stats    ]   Rebuild Free Set                   10 us
[1335.869s][info][gc,stats    ] Concurrent Thread Roots             861 us, parallelism: 1.87x
[1335.869s][info][gc,stats    ]   CTR: <total>                     1607 us
[1335.869s][info][gc,stats    ]   CTR: Thread Roots                1607 us, workers (us): 809, 798, ---, ---, 
[1335.869s][info][gc,stats    ] Concurrent Weak References          497 us, parallelism: 0.96x
[1335.869s][info][gc,stats    ]   CWRF: <total>                     475 us
[1335.869s][info][gc,stats    ]   CWRF: Weak References             475 us, workers (us):  50, 425, ---, ---, 
[1335.869s][info][gc,stats    ] Concurrent Weak Roots               976 us
[1335.869s][info][gc,stats    ]   Roots                             830 us, parallelism: 1.79x
[1335.869s][info][gc,stats    ]     CWR: <total>                   1489 us
[1335.869s][info][gc,stats    ]     CWR: VM Weak Roots             1489 us, workers (us): 746, 743, ---, ---, 
[1335.869s][info][gc,stats    ]   Rendezvous                         55 us
[1335.869s][info][gc,stats    ] Concurrent Cleanup                   52 us
[1335.869s][info][gc,stats    ] Concurrent Strong Roots            5937 us, parallelism: 1.96x
[1335.869s][info][gc,stats    ]   CSR: <total>                    11654 us
[1335.869s][info][gc,stats    ]   CSR: Code Cache Roots           11418 us, workers (us): 5607, 5811, ---, ---, 
[1335.869s][info][gc,stats    ]   CSR: VM Strong Roots                7 us, workers (us):   3,   4, ---, ---, 
[1335.869s][info][gc,stats    ]   CSR: CLDG Roots                   229 us, workers (us): 229, ---, ---, ---, 
[1335.869s][info][gc,stats    ] Concurrent Evacuation             45101 us
[1335.869s][info][gc,stats    ] Pause Init Update Refs (G)          105 us
[1335.869s][info][gc,stats    ] Pause Init Update Refs (N)           56 us
[1335.869s][info][gc,stats    ]   Manage GCLABs                       6 us
[1335.869s][info][gc,stats    ] Concurrent Update Refs           144273 us
[1335.869s][info][gc,stats    ] Concurrent Update Thread Roots     1488 us
[1335.869s][info][gc,stats    ] Pause Final Update Refs (G)         170 us
[1335.869s][info][gc,stats    ] Pause Final Update Refs (N)         108 us
[1335.869s][info][gc,stats    ]   Update Region States               31 us
[1335.869s][info][gc,stats    ]   Trash Collection Set                8 us
[1335.869s][info][gc,stats    ]   Rebuild Free Set                   11 us
[1335.869s][info][gc,stats    ] Concurrent Cleanup                  128 us
[1335.869s][info][gc,stats    ] 
[1335.869s][info][gc,stats    ] Allocation pacing accrued:
[1335.869s][info][gc,stats    ]       0 of  9088 ms (  0.0%): <total>
[1335.869s][info][gc,stats    ]       0 of  9088 ms (  0.0%): <average total>
[1335.869s][info][gc,stats    ] 
[1335.869s][info][gc,metaspace] Metaspace: 136295K(137792K)->136297K(137792K) NonClass: 115224K(116096K)->115225K(116096K) Class: 21071K(21696K)->21071K(21696K)
[1335.869s][info][gc,ergo     ] Pacer for Idle. Initial: 163M, Alloc Tax Rate: 1.0x
[1347.417s][info][gc          ] Trigger: Free (816M) is below minimum threshold (819M)
[1347.417s][info][gc,ergo     ] Free: 816M, Max: 4096K regular, 348M humongous, Frag: 57% external, 0% internal; Reserve: 412M, Max: 4096K
[1347.417s][info][gc,start    ] GC(138) Concurrent reset
[1347.417s][info][gc,task     ] GC(138) Using 2 of 4 workers for concurrent reset
[1347.417s][info][gc,ergo     ] GC(138) Pacer for Reset. Non-Taxable: 8192M
[1347.429s][info][gc          ] GC(138) Concurrent reset 11.714ms
[1347.429s][info][gc,start    ] GC(138) Pause Init Mark
[1347.429s][info][gc,task     ] GC(138) Using 4 of 4 workers for init marking
[1347.429s][info][gc,ergo     ] GC(138) Pacer for Mark. Expected Live: 466M, Free: 816M, Non-Taxable: 83564K, Alloc Tax Rate: 0.7x
[1347.429s][info][gc          ] GC(138) Pause Init Mark 0.120ms
[1347.429s][info][gc,start    ] GC(138) Concurrent marking roots
[1347.429s][info][gc,task     ] GC(138) Using 2 of 4 workers for concurrent marking roots
[1347.438s][info][gc          ] GC(138) Concurrent marking roots 8.985ms
[1347.438s][info][gc,start    ] GC(138) Concurrent marking
[1347.438s][info][gc,task     ] GC(138) Using 2 of 4 workers for concurrent marking
[1347.684s][info][gc          ] GC(138) Concurrent marking 245.781ms
[1347.684s][info][gc,start    ] GC(138) Pause Final Mark
[1347.684s][info][gc,task     ] GC(138) Using 4 of 4 workers for final marking
[1347.684s][info][gc,ergo     ] GC(138) Adaptive CSet Selection. Target Free: 1160M, Actual Free: 1504M, Max CSet: 341M, Min Garbage: 0B
[1347.684s][info][gc,ergo     ] GC(138) Collectable Garbage: 6440M (99%), Immediate: 432M (6%), CSet: 6008M (92%)
[1347.684s][info][gc,ergo     ] GC(138) Pacer for Evacuation. Used CSet: 6124M, Free: 1100M, Non-Taxable: 110M, Alloc Tax Rate: 13.6x
[1347.684s][info][gc          ] GC(138) Pause Final Mark 0.362ms
[1347.684s][info][gc,start    ] GC(138) Concurrent thread roots
[1347.684s][info][gc,task     ] GC(138) Using 2 of 4 workers for Concurrent thread roots
[1347.685s][info][gc          ] GC(138) Concurrent thread roots 0.879ms
[1347.685s][info][gc,start    ] GC(138) Concurrent weak references
[1347.685s][info][gc,task     ] GC(138) Using 2 of 4 workers for concurrent weak references
[1347.686s][info][gc,ref      ] GC(138) Encountered references: Soft: 6557, Weak: 23622, Final: 34, Phantom: 1115
[1347.686s][info][gc,ref      ] GC(138) Discovered  references: Soft: 0, Weak: 11886, Final: 0, Phantom: 778
[1347.686s][info][gc,ref      ] GC(138) Enqueued    references: Soft: 0, Weak: 4, Final: 0, Phantom: 1
[1347.686s][info][gc          ] GC(138) Concurrent weak references 0.620ms
[1347.686s][info][gc,start    ] GC(138) Concurrent weak roots
[1347.686s][info][gc,task     ] GC(138) Using 2 of 4 workers for concurrent weak root
[1347.687s][info][gc          ] GC(138) Concurrent weak roots 0.950ms
[1347.687s][info][gc,start    ] GC(138) Concurrent cleanup
[1347.687s][info][gc          ] GC(138) Concurrent cleanup 7120M->6688M(8192M) 0.024ms
[1347.687s][info][gc,ergo     ] GC(138) Free: 1092M, Max: 4096K regular, 348M humongous, Frag: 68% external, 0% internal; Reserve: 411M, Max: 4096K
[1347.687s][info][gc,start    ] GC(138) Concurrent strong roots
[1347.687s][info][gc,task     ] GC(138) Using 2 of 4 workers for concurrent strong root
[1347.694s][info][gc          ] GC(138) Concurrent strong roots 7.469ms
[1347.694s][info][gc,start    ] GC(138) Concurrent evacuation
[1347.694s][info][gc,task     ] GC(138) Using 2 of 4 workers for concurrent evacuation
[1347.750s][info][gc          ] GC(138) Concurrent evacuation 55.503ms
[1347.750s][info][gc,start    ] GC(138) Pause Init Update Refs
[1347.750s][info][gc,ergo     ] GC(138) Pacer for Update Refs. Used: 6843M, Free: 1056M, Non-Taxable: 105M, Alloc Tax Rate: 7.9x
[1347.750s][info][gc          ] GC(138) Pause Init Update Refs 0.044ms
[1347.750s][info][gc,start    ] GC(138) Concurrent update references
[1347.750s][info][gc,task     ] GC(138) Using 2 of 4 workers for concurrent reference update
[1347.916s][info][gc          ] GC(138) Concurrent update references 166.244ms
[1347.916s][info][gc,start    ] GC(138) Concurrent update thread roots
[1347.918s][info][gc          ] GC(138) Concurrent update thread roots 1.408ms
[1347.918s][info][gc,start    ] GC(138) Pause Final Update Refs
[1347.918s][info][gc,task     ] GC(138) Using 4 of 4 workers for final reference update
[1347.918s][info][gc          ] GC(138) Pause Final Update Refs 0.091ms
[1347.918s][info][gc,start    ] GC(138) Concurrent cleanup
[1347.918s][info][gc          ] GC(138) Concurrent cleanup 6931M->807M(8192M) 0.071ms
[1347.918s][info][gc,ergo     ] Free: 6972M, Max: 4096K regular, 4208M humongous, Frag: 40% external, 0% internal; Reserve: 412M, Max: 4096K
[1347.918s][info][gc,stats    ] 
[1347.918s][info][gc,stats    ] All times are wall-clock times, except per-root-class counters, that are sum over
[1347.918s][info][gc,stats    ] all workers. Dividing the <total> over the root stage time estimates parallelism.
[1347.918s][info][gc,stats    ] 
[1347.918s][info][gc,stats    ] Concurrent Reset                  11772 us
[1347.918s][info][gc,stats    ] Pause Init Mark (G)                 218 us
[1347.918s][info][gc,stats    ] Pause Init Mark (N)                 133 us
[1347.918s][info][gc,stats    ]   Update Region States               51 us
[1347.918s][info][gc,stats    ] Concurrent Mark Roots              9016 us, parallelism: 1.95x
[1347.918s][info][gc,stats    ]   CMR: <total>                    17621 us
[1347.918s][info][gc,stats    ]   CMR: Thread Roots                1499 us, workers (us): 713, 786, ---, ---, 
[1347.918s][info][gc,stats    ]   CMR: Code Cache Roots           15455 us, workers (us): 7447, 8008, ---, ---, 
[1347.918s][info][gc,stats    ]   CMR: VM Strong Roots               12 us, workers (us):  12,   0, ---, ---, 
[1347.918s][info][gc,stats    ]   CMR: CLDG Roots                   655 us, workers (us): 655, ---, ---, ---, 
[1347.918s][info][gc,stats    ] Concurrent Marking               245817 us
[1347.918s][info][gc,stats    ] Pause Final Mark (G)                437 us
[1347.918s][info][gc,stats    ] Pause Final Mark (N)                374 us
[1347.918s][info][gc,stats    ]   Finish Mark                        82 us
[1347.918s][info][gc,stats    ]   Update Region States               46 us
[1347.918s][info][gc,stats    ]   Choose Collection Set             173 us
[1347.918s][info][gc,stats    ]   Rebuild Free Set                    8 us
[1347.918s][info][gc,stats    ] Concurrent Thread Roots             896 us, parallelism: 1.76x
[1347.918s][info][gc,stats    ]   CTR: <total>                     1577 us
[1347.918s][info][gc,stats    ]   CTR: Thread Roots                1577 us, workers (us): 792, 784, ---, ---, 
[1347.918s][info][gc,stats    ] Concurrent Weak References          631 us, parallelism: 0.88x
[1347.918s][info][gc,stats    ]   CWRF: <total>                     556 us
[1347.918s][info][gc,stats    ]   CWRF: Weak References             556 us, workers (us): 555,   0, ---, ---, 
[1347.918s][info][gc,stats    ] Concurrent Weak Roots               964 us
[1347.918s][info][gc,stats    ]   Roots                             906 us, parallelism: 1.76x
[1347.918s][info][gc,stats    ]     CWR: <total>                   1594 us
[1347.918s][info][gc,stats    ]     CWR: VM Weak Roots             1594 us, workers (us): 811, 783, ---, ---, 
[1347.918s][info][gc,stats    ]   Rendezvous                         23 us
[1347.918s][info][gc,stats    ] Concurrent Cleanup                   36 us
[1347.918s][info][gc,stats    ] Concurrent Strong Roots            7500 us, parallelism: 1.97x
[1347.918s][info][gc,stats    ]   CSR: <total>                    14738 us
[1347.918s][info][gc,stats    ]   CSR: Code Cache Roots           14445 us, workers (us): 7357, 7088, ---, ---, 
[1347.918s][info][gc,stats    ]   CSR: VM Strong Roots                8 us, workers (us):   4,   4, ---, ---, 
[1347.918s][info][gc,stats    ]   CSR: CLDG Roots                   285 us, workers (us): ---, 285, ---, ---, 
[1347.918s][info][gc,stats    ] Concurrent Evacuation             55554 us
[1347.918s][info][gc,stats    ] Pause Init Update Refs (G)          113 us
[1347.918s][info][gc,stats    ] Pause Init Update Refs (N)           55 us
[1347.918s][info][gc,stats    ]   Manage GCLABs                       6 us
[1347.918s][info][gc,stats    ] Concurrent Update Refs           166285 us
[1347.918s][info][gc,stats    ] Concurrent Update Thread Roots     1432 us
[1347.918s][info][gc,stats    ] Pause Final Update Refs (G)         142 us
[1347.918s][info][gc,stats    ] Pause Final Update Refs (N)         114 us
[1347.918s][info][gc,stats    ]   Update Region States               27 us
[1347.918s][info][gc,stats    ]   Trash Collection Set               16 us
[1347.918s][info][gc,stats    ]   Rebuild Free Set                    8 us
[1347.918s][info][gc,stats    ] Concurrent Cleanup                   85 us
[1347.918s][info][gc,stats    ] 
[1347.918s][info][gc,stats    ] Allocation pacing accrued:
[1347.918s][info][gc,stats    ]       0 of 12050 ms (  0.0%): <total>
[1347.919s][info][gc,stats    ]       0 of 12050 ms (  0.0%): <average total>
[1347.919s][info][gc,stats    ] 
[1347.919s][info][gc,metaspace] Metaspace: 136303K(137792K)->136304K(137792K) NonClass: 115231K(116096K)->115232K(116096K) Class: 21072K(21696K)->21072K(21696K)
[1347.919s][info][gc,ergo     ] Pacer for Idle. Initial: 163M, Alloc Tax Rate: 1.0x
[1356.279s][info][gc          ] Trigger: Free (816M) is below minimum threshold (819M)
[1356.279s][info][gc,ergo     ] Free: 816M, Max: 4096K regular, 348M humongous, Frag: 57% external, 0% internal; Reserve: 412M, Max: 4096K
[1356.279s][info][gc,start    ] GC(139) Concurrent reset
[1356.279s][info][gc,task     ] GC(139) Using 2 of 4 workers for concurrent reset
[1356.279s][info][gc,ergo     ] GC(139) Pacer for Reset. Non-Taxable: 8192M
[1356.295s][info][gc          ] GC(139) Concurrent reset 15.702ms
[1356.295s][info][gc,start    ] GC(139) Pause Init Mark
[1356.295s][info][gc,task     ] GC(139) Using 4 of 4 workers for init marking
[1356.295s][info][gc,ergo     ] GC(139) Pacer for Mark. Expected Live: 469M, Free: 816M, Non-Taxable: 83564K, Alloc Tax Rate: 0.7x
[1356.295s][info][gc          ] GC(139) Pause Init Mark 0.121ms
[1356.295s][info][gc,start    ] GC(139) Concurrent marking roots
[1356.296s][info][gc,task     ] GC(139) Using 2 of 4 workers for concurrent marking roots
[1356.304s][info][gc          ] GC(139) Concurrent marking roots 8.901ms
[1356.304s][info][gc,start    ] GC(139) Concurrent marking
[1356.304s][info][gc,task     ] GC(139) Using 2 of 4 workers for concurrent marking
[1356.533s][info][gc          ] GC(139) Concurrent marking 228.979ms
[1356.533s][info][gc,start    ] GC(139) Pause Final Mark
[1356.533s][info][gc,task     ] GC(139) Using 4 of 4 workers for final marking
[1356.534s][info][gc,ergo     ] GC(139) Adaptive CSet Selection. Target Free: 1160M, Actual Free: 3728M, Max CSet: 341M, Min Garbage: 0B
[1356.534s][info][gc,ergo     ] GC(139) Collectable Garbage: 6472M (99%), Immediate: 2712M (41%), CSet: 3760M (57%)
[1356.534s][info][gc,ergo     ] GC(139) Pacer for Evacuation. Used CSet: 3840M, Free: 3324M, Non-Taxable: 332M, Alloc Tax Rate: 2.8x
[1356.534s][info][gc          ] GC(139) Pause Final Mark 0.316ms
[1356.534s][info][gc,start    ] GC(139) Concurrent thread roots
[1356.534s][info][gc,task     ] GC(139) Using 2 of 4 workers for Concurrent thread roots
[1356.535s][info][gc          ] GC(139) Concurrent thread roots 0.830ms
[1356.535s][info][gc,start    ] GC(139) Concurrent weak references
[1356.535s][info][gc,task     ] GC(139) Using 2 of 4 workers for concurrent weak references
[1356.535s][info][gc,ref      ] GC(139) Encountered references: Soft: 6557, Weak: 23623, Final: 34, Phantom: 1117
[1356.535s][info][gc,ref      ] GC(139) Discovered  references: Soft: 0, Weak: 13208, Final: 0, Phantom: 836
[1356.535s][info][gc,ref      ] GC(139) Enqueued    references: Soft: 0, Weak: 4, Final: 0, Phantom: 0
[1356.535s][info][gc          ] GC(139) Concurrent weak references 0.730ms
[1356.535s][info][gc,start    ] GC(139) Concurrent weak roots
[1356.535s][info][gc,task     ] GC(139) Using 2 of 4 workers for concurrent weak root
[1356.536s][info][gc          ] GC(139) Concurrent weak roots 0.915ms
[1356.536s][info][gc,start    ] GC(139) Concurrent cleanup
[1356.536s][info][gc          ] GC(139) Concurrent cleanup 7177M->4465M(8192M) 0.043ms
[1356.536s][info][gc,ergo     ] GC(139) Free: 3314M, Max: 4096K regular, 348M humongous, Frag: 90% external, 0% internal; Reserve: 411M, Max: 4096K
[1356.536s][info][gc,start    ] GC(139) Concurrent strong roots
[1356.536s][info][gc,task     ] GC(139) Using 2 of 4 workers for concurrent strong root
[1356.542s][info][gc          ] GC(139) Concurrent strong roots 5.872ms
[1356.542s][info][gc,start    ] GC(139) Concurrent evacuation
[1356.542s][info][gc,task     ] GC(139) Using 2 of 4 workers for concurrent evacuation
[1356.583s][info][gc          ] GC(139) Concurrent evacuation 40.741ms
[1356.583s][info][gc,start    ] GC(139) Pause Init Update Refs
[1356.583s][info][gc,ergo     ] GC(139) Pacer for Update Refs. Used: 4569M, Free: 3294M, Non-Taxable: 329M, Alloc Tax Rate: 1.7x
[1356.583s][info][gc          ] GC(139) Pause Init Update Refs 0.045ms
[1356.583s][info][gc,start    ] GC(139) Concurrent update references
[1356.583s][info][gc,task     ] GC(139) Using 2 of 4 workers for concurrent reference update
[1356.731s][info][gc          ] GC(139) Concurrent update references 147.306ms
[1356.731s][info][gc,start    ] GC(139) Concurrent update thread roots
[1356.732s][info][gc          ] GC(139) Concurrent update thread roots 1.337ms
[1356.732s][info][gc,start    ] GC(139) Pause Final Update Refs
[1356.732s][info][gc,task     ] GC(139) Using 4 of 4 workers for final reference update
[1356.732s][info][gc          ] GC(139) Pause Final Update Refs 0.098ms
[1356.732s][info][gc,start    ] GC(139) Concurrent cleanup
[1356.732s][info][gc          ] GC(139) Concurrent cleanup 4629M->789M(8192M) 0.065ms
[1356.732s][info][gc,ergo     ] Free: 6990M, Max: 4096K regular, 3480M humongous, Frag: 51% external, 0% internal; Reserve: 412M, Max: 4096K
[1356.732s][info][gc,stats    ] 
[1356.732s][info][gc,stats    ] All times are wall-clock times, except per-root-class counters, that are sum over
[1356.732s][info][gc,stats    ] all workers. Dividing the <total> over the root stage time estimates parallelism.
[1356.732s][info][gc,stats    ] 
[1356.732s][info][gc,stats    ] Concurrent Reset                  15762 us
[1356.732s][info][gc,stats    ] Pause Init Mark (G)                 256 us
[1356.732s][info][gc,stats    ] Pause Init Mark (N)                 134 us
[1356.732s][info][gc,stats    ]   Update Region States               51 us
[1356.732s][info][gc,stats    ] Concurrent Mark Roots              8930 us, parallelism: 1.70x
[1356.732s][info][gc,stats    ]   CMR: <total>                    15137 us
[1356.732s][info][gc,stats    ]   CMR: Thread Roots                 667 us, workers (us): 281, 386, ---, ---, 
[1356.732s][info][gc,stats    ]   CMR: Code Cache Roots           13776 us, workers (us): 6529, 7247, ---, ---, 
[1356.732s][info][gc,stats    ]   CMR: VM Strong Roots               12 us, workers (us):  12,   0, ---, ---, 
[1356.732s][info][gc,stats    ]   CMR: CLDG Roots                   681 us, workers (us): 681, ---, ---, ---, 
[1356.732s][info][gc,stats    ] Concurrent Marking               229026 us
[1356.732s][info][gc,stats    ] Pause Final Mark (G)                354 us
[1356.732s][info][gc,stats    ] Pause Final Mark (N)                327 us
[1356.732s][info][gc,stats    ]   Finish Mark                        77 us
[1356.732s][info][gc,stats    ]   Update Region States               40 us
[1356.732s][info][gc,stats    ]   Choose Collection Set             130 us
[1356.732s][info][gc,stats    ]   Rebuild Free Set                   12 us
[1356.732s][info][gc,stats    ] Concurrent Thread Roots             851 us, parallelism: 1.86x
[1356.732s][info][gc,stats    ]   CTR: <total>                     1580 us
[1356.732s][info][gc,stats    ]   CTR: Thread Roots                1580 us, workers (us): 787, 793, ---, ---, 
[1356.732s][info][gc,stats    ] Concurrent Weak References          741 us, parallelism: 0.91x
[1356.732s][info][gc,stats    ]   CWRF: <total>                     674 us
[1356.733s][info][gc,stats    ]   CWRF: Weak References             674 us, workers (us):  47, 627, ---, ---, 
[1356.733s][info][gc,stats    ] Concurrent Weak Roots               930 us
[1356.733s][info][gc,stats    ]   Roots                             848 us, parallelism: 1.79x
[1356.733s][info][gc,stats    ]     CWR: <total>                   1515 us
[1356.733s][info][gc,stats    ]     CWR: VM Weak Roots             1515 us, workers (us): 758, 758, ---, ---, 
[1356.733s][info][gc,stats    ]   Rendezvous                         47 us
[1356.733s][info][gc,stats    ] Concurrent Cleanup                   55 us
[1356.733s][info][gc,stats    ] Concurrent Strong Roots            5892 us, parallelism: 1.95x
[1356.733s][info][gc,stats    ]   CSR: <total>                    11497 us
[1356.733s][info][gc,stats    ]   CSR: Code Cache Roots           11248 us, workers (us): 5493, 5755, ---, ---, 
[1356.733s][info][gc,stats    ]   CSR: VM Strong Roots                9 us, workers (us):   9,   0, ---, ---, 
[1356.733s][info][gc,stats    ]   CSR: CLDG Roots                   240 us, workers (us): 240, ---, ---, ---, 
[1356.733s][info][gc,stats    ] Concurrent Evacuation             40800 us
[1356.733s][info][gc,stats    ] Pause Init Update Refs (G)          108 us
[1356.733s][info][gc,stats    ] Pause Init Update Refs (N)           56 us
[1356.733s][info][gc,stats    ]   Manage GCLABs                       5 us
[1356.733s][info][gc,stats    ] Concurrent Update Refs           147359 us
[1356.733s][info][gc,stats    ] Concurrent Update Thread Roots     1362 us
[1356.733s][info][gc,stats    ] Pause Final Update Refs (G)         195 us
[1356.733s][info][gc,stats    ] Pause Final Update Refs (N)         118 us
[1356.733s][info][gc,stats    ]   Update Region States               36 us
[1356.733s][info][gc,stats    ]   Trash Collection Set               13 us
[1356.733s][info][gc,stats    ]   Rebuild Free Set                   12 us
[1356.733s][info][gc,stats    ] Concurrent Cleanup                   80 us
[1356.733s][info][gc,stats    ] 
[1356.733s][info][gc,stats    ] Allocation pacing accrued:
[1356.733s][info][gc,stats    ]       0 of  8814 ms (  0.0%): <total>
[1356.733s][info][gc,stats    ]       0 of  8814 ms (  0.0%): <average total>
[1356.733s][info][gc,stats    ] 
[1356.733s][info][gc,metaspace] Metaspace: 136304K(137792K)->136304K(137792K) NonClass: 115232K(116096K)->115232K(116096K) Class: 21072K(21696K)->21072K(21696K)
[1356.733s][info][gc,ergo     ] Pacer for Idle. Initial: 163M, Alloc Tax Rate: 1.0x
[1366.530s][info][gc          ] Trigger: Free (818M) is below minimum threshold (819M)
[1366.530s][info][gc,ergo     ] Free: 818M, Max: 4096K regular, 348M humongous, Frag: 57% external, 0% internal; Reserve: 412M, Max: 4096K
[1366.530s][info][gc,start    ] GC(140) Concurrent reset
[1366.530s][info][gc,task     ] GC(140) Using 2 of 4 workers for concurrent reset
[1366.530s][info][gc,ergo     ] GC(140) Pacer for Reset. Non-Taxable: 8192M
[1366.548s][info][gc          ] GC(140) Concurrent reset 17.492ms
[1366.548s][info][gc,start    ] GC(140) Pause Init Mark
[1366.548s][info][gc,task     ] GC(140) Using 4 of 4 workers for init marking
[1366.548s][info][gc,ergo     ] GC(140) Pacer for Mark. Expected Live: 467M, Free: 806M, Non-Taxable: 82625K, Alloc Tax Rate: 0.7x
[1366.548s][info][gc          ] GC(140) Pause Init Mark 0.125ms
[1366.548s][info][gc,start    ] GC(140) Concurrent marking roots
[1366.548s][info][gc,task     ] GC(140) Using 2 of 4 workers for concurrent marking roots
[1366.559s][info][gc          ] GC(140) Concurrent marking roots 11.478ms
[1366.559s][info][gc,start    ] GC(140) Concurrent marking
[1366.559s][info][gc,task     ] GC(140) Using 2 of 4 workers for concurrent marking
[1366.800s][info][gc          ] GC(140) Concurrent marking 240.167ms
[1366.800s][info][gc,start    ] GC(140) Pause Final Mark
[1366.800s][info][gc,task     ] GC(140) Using 4 of 4 workers for final marking
[1366.800s][info][gc,ergo     ] GC(140) Adaptive CSet Selection. Target Free: 1160M, Actual Free: 1804M, Max CSet: 341M, Min Garbage: 0B
[1366.800s][info][gc,ergo     ] GC(140) Collectable Garbage: 6448M (99%), Immediate: 740M (11%), CSet: 5708M (88%)
[1366.800s][info][gc,ergo     ] GC(140) Pacer for Evacuation. Used CSet: 5825M, Free: 1400M, Non-Taxable: 140M, Alloc Tax Rate: 10.2x
[1366.800s][info][gc          ] GC(140) Pause Final Mark 0.344ms
[1366.800s][info][gc,start    ] GC(140) Concurrent thread roots
[1366.800s][info][gc,task     ] GC(140) Using 2 of 4 workers for Concurrent thread roots
[1366.801s][info][gc          ] GC(140) Concurrent thread roots 0.707ms
[1366.801s][info][gc,start    ] GC(140) Concurrent weak references
[1366.801s][info][gc,task     ] GC(140) Using 2 of 4 workers for concurrent weak references
[1366.801s][info][gc,ref      ] GC(140) Encountered references: Soft: 6557, Weak: 23628, Final: 34, Phantom: 1132
[1366.801s][info][gc,ref      ] GC(140) Discovered  references: Soft: 0, Weak: 9283, Final: 33, Phantom: 845
[1366.801s][info][gc,ref      ] GC(140) Enqueued    references: Soft: 0, Weak: 4, Final: 0, Phantom: 0
[1366.801s][info][gc          ] GC(140) Concurrent weak references 0.371ms
[1366.801s][info][gc,start    ] GC(140) Concurrent weak roots
[1366.801s][info][gc,task     ] GC(140) Using 2 of 4 workers for concurrent weak root
[1366.802s][info][gc          ] GC(140) Concurrent weak roots 0.933ms
[1366.802s][info][gc,start    ] GC(140) Concurrent cleanup
[1366.802s][info][gc          ] GC(140) Concurrent cleanup 7125M->6385M(8192M) 0.026ms
[1366.802s][info][gc,ergo     ] GC(140) Free: 1391M, Max: 4096K regular, 348M humongous, Frag: 75% external, 0% internal; Reserve: 411M, Max: 4096K
[1366.802s][info][gc,start    ] GC(140) Concurrent strong roots
[1366.802s][info][gc,task     ] GC(140) Using 2 of 4 workers for concurrent strong root
[1366.808s][info][gc          ] GC(140) Concurrent strong roots 6.289ms
[1366.808s][info][gc,start    ] GC(140) Concurrent evacuation
[1366.809s][info][gc,task     ] GC(140) Using 2 of 4 workers for concurrent evacuation
[1366.875s][info][gc          ] GC(140) Concurrent evacuation 66.722ms
[1366.875s][info][gc,start    ] GC(140) Pause Init Update Refs
[1366.875s][info][gc,ergo     ] GC(140) Pacer for Update Refs. Used: 6545M, Free: 1351M, Non-Taxable: 135M, Alloc Tax Rate: 5.9x
[1366.875s][info][gc          ] GC(140) Pause Init Update Refs 0.047ms
[1366.875s][info][gc,start    ] GC(140) Concurrent update references
[1366.875s][info][gc,task     ] GC(140) Using 2 of 4 workers for concurrent reference update
[1367.028s][info][gc          ] GC(140) Concurrent update references 152.981ms
[1367.028s][info][gc,start    ] GC(140) Concurrent update thread roots
[1367.030s][info][gc          ] GC(140) Concurrent update thread roots 1.313ms
[1367.030s][info][gc,start    ] GC(140) Pause Final Update Refs
[1367.030s][info][gc,task     ] GC(140) Using 4 of 4 workers for final reference update
[1367.030s][info][gc          ] GC(140) Pause Final Update Refs 0.096ms
[1367.030s][info][gc,start    ] GC(140) Concurrent cleanup
[1367.030s][info][gc          ] GC(140) Concurrent cleanup 6617M->792M(8192M) 0.076ms
[1367.030s][info][gc,ergo     ] Free: 6987M, Max: 4096K regular, 4996M humongous, Frag: 29% external, 0% internal; Reserve: 412M, Max: 4096K
[1367.030s][info][gc,stats    ] 
[1367.030s][info][gc,stats    ] All times are wall-clock times, except per-root-class counters, that are sum over
[1367.030s][info][gc,stats    ] all workers. Dividing the <total> over the root stage time estimates parallelism.
[1367.030s][info][gc,stats    ] 
[1367.030s][info][gc,stats    ] Concurrent Reset                  17627 us
[1367.030s][info][gc,stats    ] Pause Init Mark (G)                 212 us
[1367.030s][info][gc,stats    ] Pause Init Mark (N)                 138 us
[1367.030s][info][gc,stats    ]   Update Region States               39 us
[1367.030s][info][gc,stats    ] Concurrent Mark Roots             11522 us, parallelism: 1.94x
[1367.030s][info][gc,stats    ]   CMR: <total>                    22299 us
[1367.030s][info][gc,stats    ]   CMR: Thread Roots                1453 us, workers (us): 750, 702, ---, ---, 
[1367.030s][info][gc,stats    ]   CMR: Code Cache Roots           19758 us, workers (us): 9330, 10429, ---, ---, 
[1367.030s][info][gc,stats    ]   CMR: VM Strong Roots               22 us, workers (us):  22,   0, ---, ---, 
[1367.030s][info][gc,stats    ]   CMR: CLDG Roots                  1066 us, workers (us): 1066, ---, ---, ---, 
[1367.030s][info][gc,stats    ] Concurrent Marking               240201 us
[1367.030s][info][gc,stats    ] Pause Final Mark (G)                424 us
[1367.030s][info][gc,stats    ] Pause Final Mark (N)                354 us
[1367.030s][info][gc,stats    ]   Finish Mark                        74 us
[1367.030s][info][gc,stats    ]   Update Region States               50 us
[1367.030s][info][gc,stats    ]   Choose Collection Set             157 us
[1367.030s][info][gc,stats    ]   Rebuild Free Set                    8 us
[1367.030s][info][gc,stats    ] Concurrent Thread Roots             728 us, parallelism: 1.74x
[1367.030s][info][gc,stats    ]   CTR: <total>                     1264 us
[1367.030s][info][gc,stats    ]   CTR: Thread Roots                1264 us, workers (us): 633, 631, ---, ---, 
[1367.030s][info][gc,stats    ] Concurrent Weak References          382 us, parallelism: 1.25x
[1367.030s][info][gc,stats    ]   CWRF: <total>                     477 us
[1367.030s][info][gc,stats    ]   CWRF: Weak References             477 us, workers (us): 179, 298, ---, ---, 
[1367.030s][info][gc,stats    ] Concurrent Weak Roots               954 us
[1367.030s][info][gc,stats    ]   Roots                             883 us, parallelism: 1.77x
[1367.030s][info][gc,stats    ]     CWR: <total>                   1565 us
[1367.030s][info][gc,stats    ]     CWR: VM Weak Roots             1565 us, workers (us): 800, 765, ---, ---, 
[1367.030s][info][gc,stats    ]   Rendezvous                         22 us
[1367.030s][info][gc,stats    ] Concurrent Cleanup                   38 us
[1367.030s][info][gc,stats    ] Concurrent Strong Roots            6323 us, parallelism: 1.96x
[1367.030s][info][gc,stats    ]   CSR: <total>                    12388 us
[1367.030s][info][gc,stats    ]   CSR: Code Cache Roots           12048 us, workers (us): 5871, 6178, ---, ---, 
[1367.030s][info][gc,stats    ]   CSR: VM Strong Roots                7 us, workers (us):   7,   0, ---, ---, 
[1367.030s][info][gc,stats    ]   CSR: CLDG Roots                   332 us, workers (us): 332, ---, ---, ---, 
[1367.030s][info][gc,stats    ] Concurrent Evacuation             66795 us
[1367.030s][info][gc,stats    ] Pause Init Update Refs (G)          140 us
[1367.030s][info][gc,stats    ] Pause Init Update Refs (N)           58 us
[1367.030s][info][gc,stats    ]   Manage GCLABs                       7 us
[1367.030s][info][gc,stats    ] Concurrent Update Refs           153017 us
[1367.030s][info][gc,stats    ] Concurrent Update Thread Roots     1338 us
[1367.030s][info][gc,stats    ] Pause Final Update Refs (G)         130 us
[1367.031s][info][gc,stats    ] Pause Final Update Refs (N)         110 us
[1367.031s][info][gc,stats    ]   Update Region States               36 us
[1367.031s][info][gc,stats    ]   Trash Collection Set               16 us
[1367.031s][info][gc,stats    ]   Rebuild Free Set                   10 us
[1367.031s][info][gc,stats    ] Concurrent Cleanup                   91 us
[1367.031s][info][gc,stats    ] 
[1367.031s][info][gc,stats    ] Allocation pacing accrued:
[1367.031s][info][gc,stats    ]       0 of 10298 ms (  0.0%): <total>
[1367.031s][info][gc,stats    ]       0 of 10298 ms (  0.0%): <average total>
[1367.031s][info][gc,stats    ] 
[1367.031s][info][gc,metaspace] Metaspace: 136307K(137792K)->136307K(137792K) NonClass: 115235K(116096K)->115235K(116096K) Class: 21072K(21696K)->21072K(21696K)
[1367.031s][info][gc,ergo     ] Pacer for Idle. Initial: 163M, Alloc Tax Rate: 1.0x
[1376.800s][info][gc          ] Trigger: Free (816M) is below minimum threshold (819M)
[1376.800s][info][gc,ergo     ] Free: 816M, Max: 4096K regular, 348M humongous, Frag: 57% external, 0% internal; Reserve: 412M, Max: 4096K
[1376.800s][info][gc,start    ] GC(141) Concurrent reset
[1376.800s][info][gc,task     ] GC(141) Using 2 of 4 workers for concurrent reset
[1376.800s][info][gc,ergo     ] GC(141) Pacer for Reset. Non-Taxable: 8192M
[1376.817s][info][gc          ] GC(141) Concurrent reset 17.087ms
[1376.817s][info][gc,start    ] GC(141) Pause Init Mark
[1376.817s][info][gc,task     ] GC(141) Using 4 of 4 workers for init marking
[1376.817s][info][gc,ergo     ] GC(141) Pacer for Mark. Expected Live: 472M, Free: 808M, Non-Taxable: 82745K, Alloc Tax Rate: 0.7x
[1376.817s][info][gc          ] GC(141) Pause Init Mark 0.109ms
[1376.817s][info][gc,start    ] GC(141) Concurrent marking roots
[1376.817s][info][gc,task     ] GC(141) Using 2 of 4 workers for concurrent marking roots
[1376.828s][info][gc          ] GC(141) Concurrent marking roots 10.320ms
[1376.828s][info][gc,start    ] GC(141) Concurrent marking
[1376.828s][info][gc,task     ] GC(141) Using 2 of 4 workers for concurrent marking
[1377.083s][info][gc          ] GC(141) Concurrent marking 255.805ms
[1377.084s][info][gc,start    ] GC(141) Pause Final Mark
[1377.084s][info][gc,task     ] GC(141) Using 4 of 4 workers for final marking
[1377.084s][info][gc,ergo     ] GC(141) Adaptive CSet Selection. Target Free: 1160M, Actual Free: 1896M, Max CSet: 341M, Min Garbage: 0B
[1377.084s][info][gc,ergo     ] GC(141) Collectable Garbage: 6448M (99%), Immediate: 904M (13%), CSet: 5544M (85%)
[1377.084s][info][gc,ergo     ] GC(141) Pacer for Evacuation. Used CSet: 5656M, Free: 1492M, Non-Taxable: 149M, Alloc Tax Rate: 9.3x
[1377.084s][info][gc          ] GC(141) Pause Final Mark 0.313ms
[1377.084s][info][gc,start    ] GC(141) Concurrent thread roots
[1377.084s][info][gc,task     ] GC(141) Using 2 of 4 workers for Concurrent thread roots
[1377.085s][info][gc          ] GC(141) Concurrent thread roots 0.801ms
[1377.085s][info][gc,start    ] GC(141) Concurrent weak references
[1377.085s][info][gc,task     ] GC(141) Using 2 of 4 workers for concurrent weak references
[1377.085s][info][gc,ref      ] GC(141) Encountered references: Soft: 6557, Weak: 23625, Final: 34, Phantom: 1132
[1377.085s][info][gc,ref      ] GC(141) Discovered  references: Soft: 0, Weak: 11627, Final: 1, Phantom: 846
[1377.085s][info][gc,ref      ] GC(141) Enqueued    references: Soft: 0, Weak: 1, Final: 0, Phantom: 0
[1377.085s][info][gc          ] GC(141) Concurrent weak references 0.596ms
[1377.085s][info][gc,start    ] GC(141) Concurrent weak roots
[1377.085s][info][gc,task     ] GC(141) Using 2 of 4 workers for concurrent weak root
[1377.086s][info][gc          ] GC(141) Concurrent weak roots 0.906ms
[1377.086s][info][gc,start    ] GC(141) Concurrent cleanup
[1377.086s][info][gc          ] GC(141) Concurrent cleanup 7200M->6296M(8192M) 0.026ms
[1377.086s][info][gc,ergo     ] GC(141) Free: 1483M, Max: 4096K regular, 332M humongous, Frag: 78% external, 0% internal; Reserve: 411M, Max: 4096K
[1377.086s][info][gc,start    ] GC(141) Concurrent strong roots
[1377.086s][info][gc,task     ] GC(141) Using 2 of 4 workers for concurrent strong root
[1377.094s][info][gc          ] GC(141) Concurrent strong roots 7.316ms
[1377.094s][info][gc,start    ] GC(141) Concurrent evacuation
[1377.094s][info][gc,task     ] GC(141) Using 2 of 4 workers for concurrent evacuation
[1377.163s][info][gc          ] GC(141) Concurrent evacuation 69.183ms
[1377.163s][info][gc,start    ] GC(141) Pause Init Update Refs
[1377.163s][info][gc,ergo     ] GC(141) Pacer for Update Refs. Used: 6488M, Free: 1407M, Non-Taxable: 140M, Alloc Tax Rate: 5.6x
[1377.163s][info][gc          ] GC(141) Pause Init Update Refs 0.048ms
[1377.163s][info][gc,start    ] GC(141) Concurrent update references
[1377.163s][info][gc,task     ] GC(141) Using 2 of 4 workers for concurrent reference update
[1377.324s][info][gc          ] GC(141) Concurrent update references 160.786ms
[1377.324s][info][gc,start    ] GC(141) Concurrent update thread roots
[1377.325s][info][gc          ] GC(141) Concurrent update thread roots 1.282ms
[1377.325s][info][gc,start    ] GC(141) Pause Final Update Refs
[1377.325s][info][gc,task     ] GC(141) Using 4 of 4 workers for final reference update
[1377.325s][info][gc          ] GC(141) Pause Final Update Refs 0.098ms
[1377.325s][info][gc,start    ] GC(141) Concurrent cleanup
[1377.325s][info][gc          ] GC(141) Concurrent cleanup 6616M->960M(8192M) 0.071ms
[1377.325s][info][gc,ergo     ] Free: 6819M, Max: 4096K regular, 2940M humongous, Frag: 57% external, 0% internal; Reserve: 412M, Max: 4096K
[1377.325s][info][gc,stats    ] 
[1377.325s][info][gc,stats    ] All times are wall-clock times, except per-root-class counters, that are sum over
[1377.325s][info][gc,stats    ] all workers. Dividing the <total> over the root stage time estimates parallelism.
[1377.325s][info][gc,stats    ] 
[1377.325s][info][gc,stats    ] Concurrent Reset                  17147 us
[1377.325s][info][gc,stats    ] Pause Init Mark (G)                 148 us
[1377.325s][info][gc,stats    ] Pause Init Mark (N)                 120 us
[1377.325s][info][gc,stats    ]   Update Region States               45 us
[1377.326s][info][gc,stats    ] Concurrent Mark Roots             10346 us, parallelism: 1.96x
[1377.326s][info][gc,stats    ]   CMR: <total>                    20255 us
[1377.326s][info][gc,stats    ]   CMR: Thread Roots                1839 us, workers (us): 901, 938, ---, ---, 
[1377.326s][info][gc,stats    ]   CMR: Code Cache Roots           17650 us, workers (us): 9218, 8431, ---, ---, 
[1377.326s][info][gc,stats    ]   CMR: VM Strong Roots               17 us, workers (us):   9,   8, ---, ---, 
[1377.326s][info][gc,stats    ]   CMR: CLDG Roots                   749 us, workers (us): ---, 749, ---, ---, 
[1377.326s][info][gc,stats    ] Concurrent Marking               255851 us
[1377.326s][info][gc,stats    ] Pause Final Mark (G)                373 us
[1377.326s][info][gc,stats    ] Pause Final Mark (N)                324 us
[1377.326s][info][gc,stats    ]   Finish Mark                        66 us
[1377.326s][info][gc,stats    ]   Update Region States               15 us
[1377.326s][info][gc,stats    ]   Choose Collection Set             162 us
[1377.326s][info][gc,stats    ]   Rebuild Free Set                    9 us
[1377.326s][info][gc,stats    ] Concurrent Thread Roots             815 us, parallelism: 1.87x
[1377.326s][info][gc,stats    ]   CTR: <total>                     1526 us
[1377.326s][info][gc,stats    ]   CTR: Thread Roots                1526 us, workers (us): 765, 761, ---, ---, 
[1377.326s][info][gc,stats    ] Concurrent Weak References          606 us, parallelism: 0.93x
[1377.326s][info][gc,stats    ]   CWRF: <total>                     564 us
[1377.326s][info][gc,stats    ]   CWRF: Weak References             564 us, workers (us):  29, 535, ---, ---, 
[1377.326s][info][gc,stats    ] Concurrent Weak Roots               920 us
[1377.326s][info][gc,stats    ]   Roots                             862 us, parallelism: 1.80x
[1377.326s][info][gc,stats    ]     CWR: <total>                   1553 us
[1377.326s][info][gc,stats    ]     CWR: VM Weak Roots             1553 us, workers (us): 775, 778, ---, ---, 
[1377.326s][info][gc,stats    ]   Rendezvous                         25 us
[1377.326s][info][gc,stats    ] Concurrent Cleanup                   38 us
[1377.326s][info][gc,stats    ] Concurrent Strong Roots            7361 us, parallelism: 1.96x
[1377.326s][info][gc,stats    ]   CSR: <total>                    14460 us
[1377.326s][info][gc,stats    ]   CSR: Code Cache Roots           14219 us, workers (us): 6979, 7240, ---, ---, 
[1377.326s][info][gc,stats    ]   CSR: VM Strong Roots                8 us, workers (us):   4,   4, ---, ---, 
[1377.326s][info][gc,stats    ]   CSR: CLDG Roots                   233 us, workers (us): 233, ---, ---, ---, 
[1377.326s][info][gc,stats    ] Concurrent Evacuation             69215 us
[1377.326s][info][gc,stats    ] Pause Init Update Refs (G)          144 us
[1377.326s][info][gc,stats    ] Pause Init Update Refs (N)           59 us
[1377.326s][info][gc,stats    ]   Manage GCLABs                      10 us
[1377.326s][info][gc,stats    ] Concurrent Update Refs           160821 us
[1377.326s][info][gc,stats    ] Concurrent Update Thread Roots     1301 us
[1377.326s][info][gc,stats    ] Pause Final Update Refs (G)         156 us
[1377.326s][info][gc,stats    ] Pause Final Update Refs (N)         123 us
[1377.326s][info][gc,stats    ]   Update Region States               37 us
[1377.326s][info][gc,stats    ]   Trash Collection Set               14 us
[1377.326s][info][gc,stats    ]   Rebuild Free Set                    9 us
[1377.326s][info][gc,stats    ] Concurrent Cleanup                   84 us
[1377.326s][info][gc,stats    ] 
[1377.326s][info][gc,stats    ] Allocation pacing accrued:
[1377.326s][info][gc,stats    ]       0 of 10295 ms (  0.0%): <total>
[1377.326s][info][gc,stats    ]       0 of 10295 ms (  0.0%): <average total>
[1377.326s][info][gc,stats    ] 
[1377.326s][info][gc,metaspace] Metaspace: 136308K(137792K)->136308K(137792K) NonClass: 115236K(116096K)->115236K(116096K) Class: 21072K(21696K)->21072K(21696K)
[1377.326s][info][gc,ergo     ] Pacer for Idle. Initial: 163M, Alloc Tax Rate: 1.0x
[1385.678s][info][gc          ] Trigger: Average GC time (555.06 ms) is above the time for average allocation rate (1270 MB/s) to deplete free headroom (669M) (margin of error = 1.86)
[1385.678s][info][gc,ergo     ] Free headroom: 1079M (free) - 409M (spike) - 0B (penalties) = 669M
[1385.678s][info][gc,ergo     ] Free: 1079M, Max: 4096K regular, 492M humongous, Frag: 54% external, 0% internal; Reserve: 412M, Max: 4096K
[1385.678s][info][gc,start    ] GC(142) Concurrent reset
[1385.678s][info][gc,task     ] GC(142) Using 2 of 4 workers for concurrent reset
[1385.678s][info][gc,ergo     ] GC(142) Pacer for Reset. Non-Taxable: 8192M
[1385.694s][info][gc          ] GC(142) Concurrent reset 15.791ms
[1385.694s][info][gc,start    ] GC(142) Pause Init Mark
[1385.694s][info][gc,task     ] GC(142) Using 4 of 4 workers for init marking
[1385.694s][info][gc,ergo     ] GC(142) Pacer for Mark. Expected Live: 478M, Free: 1067M, Non-Taxable: 106M, Alloc Tax Rate: 0.5x
[1385.694s][info][gc          ] GC(142) Pause Init Mark 0.145ms
[1385.694s][info][gc,start    ] GC(142) Concurrent marking roots
[1385.694s][info][gc,task     ] GC(142) Using 2 of 4 workers for concurrent marking roots
[1385.702s][info][gc          ] GC(142) Concurrent marking roots 8.564ms
[1385.703s][info][gc,start    ] GC(142) Concurrent marking
[1385.703s][info][gc,task     ] GC(142) Using 2 of 4 workers for concurrent marking
[1385.933s][info][gc          ] GC(142) Concurrent marking 230.651ms
[1385.933s][info][gc,start    ] GC(142) Pause Final Mark
[1385.933s][info][gc,task     ] GC(142) Using 4 of 4 workers for final marking
[1385.933s][info][gc,ergo     ] GC(142) Adaptive CSet Selection. Target Free: 1160M, Actual Free: 2584M, Max CSet: 341M, Min Garbage: 0B
[1385.934s][info][gc,ergo     ] GC(142) Collectable Garbage: 6219M (99%), Immediate: 1324M (21%), CSet: 4895M (78%)
[1385.934s][info][gc,ergo     ] GC(142) Pacer for Evacuation. Used CSet: 4980M, Free: 2179M, Non-Taxable: 217M, Alloc Tax Rate: 5.6x
[1385.934s][info][gc          ] GC(142) Pause Final Mark 0.320ms
[1385.934s][info][gc,start    ] GC(142) Concurrent thread roots
[1385.934s][info][gc,task     ] GC(142) Using 2 of 4 workers for Concurrent thread roots
[1385.934s][info][gc          ] GC(142) Concurrent thread roots 0.836ms
[1385.934s][info][gc,start    ] GC(142) Concurrent weak references
[1385.934s][info][gc,task     ] GC(142) Using 2 of 4 workers for concurrent weak references
[1385.935s][info][gc,ref      ] GC(142) Encountered references: Soft: 6557, Weak: 23630, Final: 34, Phantom: 1138
[1385.935s][info][gc,ref      ] GC(142) Discovered  references: Soft: 0, Weak: 11714, Final: 0, Phantom: 853
[1385.935s][info][gc,ref      ] GC(142) Enqueued    references: Soft: 0, Weak: 4, Final: 0, Phantom: 0
[1385.935s][info][gc          ] GC(142) Concurrent weak references 0.624ms
[1385.935s][info][gc,start    ] GC(142) Concurrent weak roots
[1385.935s][info][gc,task     ] GC(142) Using 2 of 4 workers for concurrent weak root
[1385.936s][info][gc          ] GC(142) Concurrent weak roots 0.962ms
[1385.936s][info][gc,start    ] GC(142) Concurrent cleanup
[1385.936s][info][gc          ] GC(142) Concurrent cleanup 6932M->5608M(8192M) 0.032ms
[1385.936s][info][gc,ergo     ] GC(142) Free: 2171M, Max: 4096K regular, 332M humongous, Frag: 85% external, 0% internal; Reserve: 411M, Max: 4096K
[1385.936s][info][gc,start    ] GC(142) Concurrent strong roots
[1385.936s][info][gc,task     ] GC(142) Using 2 of 4 workers for concurrent strong root
[1385.944s][info][gc          ] GC(142) Concurrent strong roots 8.056ms
[1385.944s][info][gc,start    ] GC(142) Concurrent evacuation
[1385.944s][info][gc,task     ] GC(142) Using 2 of 4 workers for concurrent evacuation
[1385.992s][info][gc          ] GC(142) Concurrent evacuation 48.186ms
[1385.992s][info][gc,start    ] GC(142) Pause Init Update Refs
[1385.993s][info][gc,ergo     ] GC(142) Pacer for Update Refs. Used: 5756M, Free: 2111M, Non-Taxable: 211M, Alloc Tax Rate: 3.3x
[1385.993s][info][gc          ] GC(142) Pause Init Update Refs 0.048ms
[1385.993s][info][gc,start    ] GC(142) Concurrent update references
[1385.993s][info][gc,task     ] GC(142) Using 2 of 4 workers for concurrent reference update
[1386.142s][info][gc          ] GC(142) Concurrent update references 149.200ms
[1386.142s][info][gc,start    ] GC(142) Concurrent update thread roots
[1386.144s][info][gc          ] GC(142) Concurrent update thread roots 1.692ms
[1386.144s][info][gc,start    ] GC(142) Pause Final Update Refs
[1386.144s][info][gc,task     ] GC(142) Using 4 of 4 workers for final reference update
[1386.144s][info][gc          ] GC(142) Pause Final Update Refs 0.142ms
[1386.144s][info][gc,start    ] GC(142) Concurrent cleanup
[1386.144s][info][gc          ] GC(142) Concurrent cleanup 5852M->872M(8192M) 0.071ms
[1386.144s][info][gc,ergo     ] Free: 6907M, Max: 4096K regular, 4868M humongous, Frag: 30% external, 0% internal; Reserve: 412M, Max: 4096K
[1386.144s][info][gc,stats    ] 
[1386.144s][info][gc,stats    ] All times are wall-clock times, except per-root-class counters, that are sum over
[1386.144s][info][gc,stats    ] all workers. Dividing the <total> over the root stage time estimates parallelism.
[1386.144s][info][gc,stats    ] 
[1386.144s][info][gc,stats    ] Concurrent Reset                  15847 us
[1386.144s][info][gc,stats    ] Pause Init Mark (G)                 221 us
[1386.144s][info][gc,stats    ] Pause Init Mark (N)                 156 us
[1386.144s][info][gc,stats    ]   Update Region States               85 us
[1386.144s][info][gc,stats    ] Concurrent Mark Roots              8597 us, parallelism: 1.95x
[1386.144s][info][gc,stats    ]   CMR: <total>                    16791 us
[1386.144s][info][gc,stats    ]   CMR: Thread Roots                1524 us, workers (us): 722, 802, ---, ---, 
[1386.144s][info][gc,stats    ]   CMR: Code Cache Roots           14569 us, workers (us): 6988, 7581, ---, ---, 
[1386.144s][info][gc,stats    ]   CMR: VM Strong Roots               12 us, workers (us):  12,   0, ---, ---, 
[1386.144s][info][gc,stats    ]   CMR: CLDG Roots                   686 us, workers (us): 686, ---, ---, ---, 
[1386.144s][info][gc,stats    ] Concurrent Marking               230702 us
[1386.144s][info][gc,stats    ] Pause Final Mark (G)                350 us
[1386.144s][info][gc,stats    ] Pause Final Mark (N)                332 us
[1386.144s][info][gc,stats    ]   Finish Mark                        67 us
[1386.144s][info][gc,stats    ]   Update Region States               37 us
[1386.144s][info][gc,stats    ]   Choose Collection Set             148 us
[1386.144s][info][gc,stats    ]   Rebuild Free Set                   10 us
[1386.144s][info][gc,stats    ] Concurrent Thread Roots             858 us, parallelism: 1.81x
[1386.144s][info][gc,stats    ]   CTR: <total>                     1551 us
[1386.144s][info][gc,stats    ]   CTR: Thread Roots                1551 us, workers (us): 787, 764, ---, ---, 
[1386.144s][info][gc,stats    ] Concurrent Weak References          634 us, parallelism: 0.94x
[1386.144s][info][gc,stats    ]   CWRF: <total>                     595 us
[1386.144s][info][gc,stats    ]   CWRF: Weak References             595 us, workers (us):  70, 524, ---, ---, 
[1386.144s][info][gc,stats    ] Concurrent Weak Roots               982 us
[1386.144s][info][gc,stats    ]   Roots                             894 us, parallelism: 1.76x
[1386.144s][info][gc,stats    ]     CWR: <total>                   1575 us
[1386.144s][info][gc,stats    ]     CWR: VM Weak Roots             1575 us, workers (us): 802, 772, ---, ---, 
[1386.144s][info][gc,stats    ]   Rendezvous                         47 us
[1386.144s][info][gc,stats    ] Concurrent Cleanup                   45 us
[1386.144s][info][gc,stats    ] Concurrent Strong Roots            8095 us, parallelism: 1.96x
[1386.144s][info][gc,stats    ]   CSR: <total>                    15839 us
[1386.144s][info][gc,stats    ]   CSR: Code Cache Roots           15571 us, workers (us): 7904, 7667, ---, ---, 
[1386.144s][info][gc,stats    ]   CSR: VM Strong Roots                8 us, workers (us):   4,   4, ---, ---, 
[1386.144s][info][gc,stats    ]   CSR: CLDG Roots                   260 us, workers (us): ---, 260, ---, ---, 
[1386.144s][info][gc,stats    ] Concurrent Evacuation             48231 us
[1386.144s][info][gc,stats    ] Pause Init Update Refs (G)          141 us
[1386.144s][info][gc,stats    ] Pause Init Update Refs (N)           61 us
[1386.144s][info][gc,stats    ]   Manage GCLABs                       5 us
[1386.144s][info][gc,stats    ] Concurrent Update Refs           149271 us
[1386.144s][info][gc,stats    ] Concurrent Update Thread Roots     1724 us
[1386.144s][info][gc,stats    ] Pause Final Update Refs (G)         189 us
[1386.144s][info][gc,stats    ] Pause Final Update Refs (N)         157 us
[1386.144s][info][gc,stats    ]   Update Region States               85 us
[1386.144s][info][gc,stats    ]   Trash Collection Set                8 us
[1386.144s][info][gc,stats    ]   Rebuild Free Set                   11 us
[1386.144s][info][gc,stats    ] Concurrent Cleanup                   85 us
[1386.144s][info][gc,stats    ] 
[1386.144s][info][gc,stats    ] Allocation pacing accrued:
[1386.144s][info][gc,stats    ]       0 of  8819 ms (  0.0%): <total>
[1386.144s][info][gc,stats    ]       0 of  8819 ms (  0.0%): <average total>
[1386.144s][info][gc,stats    ] 
[1386.144s][info][gc,metaspace] Metaspace: 136308K(137792K)->136308K(137792K) NonClass: 115236K(116096K)->115236K(116096K) Class: 21072K(21696K)->21072K(21696K)
[1386.145s][info][gc,ergo     ] Pacer for Idle. Initial: 163M, Alloc Tax Rate: 1.0x
[1394.751s][info][gc          ] Trigger: Average GC time (535.69 ms) is above the time for average allocation rate (846 MB/s) to deplete free headroom (450M) (margin of error = 1.88)
[1394.751s][info][gc,ergo     ] Free headroom: 859M (free) - 409M (spike) - 0B (penalties) = 450M
[1394.751s][info][gc,ergo     ] Free: 859M, Max: 4096K regular, 332M humongous, Frag: 62% external, 0% internal; Reserve: 412M, Max: 4096K
[1394.751s][info][gc,start    ] GC(143) Concurrent reset
[1394.751s][info][gc,task     ] GC(143) Using 2 of 4 workers for concurrent reset
[1394.751s][info][gc,ergo     ] GC(143) Pacer for Reset. Non-Taxable: 8192M
[1394.771s][info][gc          ] GC(143) Concurrent reset 20.578ms
[1394.771s][info][gc,start    ] GC(143) Pause Init Mark
[1394.771s][info][gc,task     ] GC(143) Using 4 of 4 workers for init marking
[1394.771s][info][gc,ergo     ] GC(143) Pacer for Mark. Expected Live: 477M, Free: 851M, Non-Taxable: 87213K, Alloc Tax Rate: 0.7x
[1394.771s][info][gc          ] GC(143) Pause Init Mark 0.116ms
[1394.771s][info][gc,start    ] GC(143) Concurrent marking roots
[1394.771s][info][gc,task     ] GC(143) Using 2 of 4 workers for concurrent marking roots
[1394.780s][info][gc          ] GC(143) Concurrent marking roots 8.856ms
[1394.780s][info][gc,start    ] GC(143) Concurrent marking
[1394.780s][info][gc,task     ] GC(143) Using 2 of 4 workers for concurrent marking
[1395.021s][info][gc          ] GC(143) Concurrent marking 240.246ms
[1395.021s][info][gc,start    ] GC(143) Pause Final Mark
[1395.021s][info][gc,task     ] GC(143) Using 4 of 4 workers for final marking
[1395.021s][info][gc,ergo     ] GC(143) Adaptive CSet Selection. Target Free: 1160M, Actual Free: 2876M, Max CSet: 341M, Min Garbage: 0B
[1395.021s][info][gc,ergo     ] GC(143) Collectable Garbage: 6396M (99%), Immediate: 1764M (27%), CSet: 4632M (72%)
[1395.021s][info][gc,ergo     ] GC(143) Pacer for Evacuation. Used CSet: 4756M, Free: 2471M, Non-Taxable: 247M, Alloc Tax Rate: 4.7x
[1395.021s][info][gc          ] GC(143) Pause Final Mark 0.387ms
[1395.021s][info][gc,start    ] GC(143) Concurrent thread roots
[1395.021s][info][gc,task     ] GC(143) Using 2 of 4 workers for Concurrent thread roots
[1395.022s][info][gc          ] GC(143) Concurrent thread roots 0.870ms
[1395.022s][info][gc,start    ] GC(143) Concurrent weak references
[1395.022s][info][gc,task     ] GC(143) Using 2 of 4 workers for concurrent weak references
[1395.023s][info][gc,ref      ] GC(143) Encountered references: Soft: 6557, Weak: 23629, Final: 34, Phantom: 1141
[1395.023s][info][gc,ref      ] GC(143) Discovered  references: Soft: 0, Weak: 11750, Final: 0, Phantom: 855
[1395.023s][info][gc,ref      ] GC(143) Enqueued    references: Soft: 0, Weak: 2, Final: 0, Phantom: 0
[1395.023s][info][gc          ] GC(143) Concurrent weak references 1.097ms
[1395.023s][info][gc,start    ] GC(143) Concurrent weak roots
[1395.023s][info][gc,task     ] GC(143) Using 2 of 4 workers for concurrent weak root
[1395.024s][info][gc          ] GC(143) Concurrent weak roots 1.008ms
[1395.024s][info][gc,start    ] GC(143) Concurrent cleanup
[1395.024s][info][gc          ] GC(143) Concurrent cleanup 7084M->5320M(8192M) 0.049ms
[1395.024s][info][gc,ergo     ] GC(143) Free: 2459M, Max: 4096K regular, 332M humongous, Frag: 87% external, 0% internal; Reserve: 411M, Max: 4096K
[1395.024s][info][gc,start    ] GC(143) Concurrent strong roots
[1395.024s][info][gc,task     ] GC(143) Using 2 of 4 workers for concurrent strong root
[1395.033s][info][gc          ] GC(143) Concurrent strong roots 8.765ms
[1395.033s][info][gc,start    ] GC(143) Concurrent evacuation
[1395.033s][info][gc,task     ] GC(143) Using 2 of 4 workers for concurrent evacuation
[1395.102s][info][gc          ] GC(143) Concurrent evacuation 69.047ms
[1395.102s][info][gc,start    ] GC(143) Pause Init Update Refs
[1395.102s][info][gc,ergo     ] GC(143) Pacer for Update Refs. Used: 5492M, Free: 2419M, Non-Taxable: 241M, Alloc Tax Rate: 2.8x
[1395.102s][info][gc          ] GC(143) Pause Init Update Refs 0.049ms
[1395.102s][info][gc,start    ] GC(143) Concurrent update references
[1395.102s][info][gc,task     ] GC(143) Using 2 of 4 workers for concurrent reference update
[1395.252s][info][gc          ] GC(143) Concurrent update references 149.424ms
[1395.252s][info][gc,start    ] GC(143) Concurrent update thread roots
[1395.253s][info][gc          ] GC(143) Concurrent update thread roots 1.407ms
[1395.253s][info][gc,start    ] GC(143) Pause Final Update Refs
[1395.253s][info][gc,task     ] GC(143) Using 4 of 4 workers for final reference update
[1395.253s][info][gc          ] GC(143) Pause Final Update Refs 0.089ms
[1395.253s][info][gc,start    ] GC(143) Concurrent cleanup
[1395.253s][info][gc          ] GC(143) Concurrent cleanup 5528M->776M(8192M) 0.062ms
[1395.253s][info][gc,ergo     ] Free: 7003M, Max: 4096K regular, 5340M humongous, Frag: 24% external, 0% internal; Reserve: 412M, Max: 4096K
[1395.254s][info][gc,stats    ] 
[1395.254s][info][gc,stats    ] All times are wall-clock times, except per-root-class counters, that are sum over
[1395.254s][info][gc,stats    ] all workers. Dividing the <total> over the root stage time estimates parallelism.
[1395.254s][info][gc,stats    ] 
[1395.254s][info][gc,stats    ] Concurrent Reset                  20644 us
[1395.254s][info][gc,stats    ] Pause Init Mark (G)                 206 us
[1395.254s][info][gc,stats    ] Pause Init Mark (N)                 129 us
[1395.254s][info][gc,stats    ]   Update Region States               44 us
[1395.254s][info][gc,stats    ] Concurrent Mark Roots              8885 us, parallelism: 1.96x
[1395.254s][info][gc,stats    ]   CMR: <total>                    17371 us
[1395.254s][info][gc,stats    ]   CMR: Thread Roots                1515 us, workers (us): 728, 787, ---, ---, 
[1395.254s][info][gc,stats    ]   CMR: Code Cache Roots           15158 us, workers (us): 7279, 7879, ---, ---, 
[1395.254s][info][gc,stats    ]   CMR: VM Strong Roots               15 us, workers (us):  15,   0, ---, ---, 
[1395.254s][info][gc,stats    ]   CMR: CLDG Roots                   683 us, workers (us): 683, ---, ---, ---, 
[1395.254s][info][gc,stats    ] Concurrent Marking               240292 us
[1395.254s][info][gc,stats    ] Pause Final Mark (G)                486 us
[1395.254s][info][gc,stats    ] Pause Final Mark (N)                398 us
[1395.254s][info][gc,stats    ]   Finish Mark                        91 us
[1395.254s][info][gc,stats    ]   Update Region States               78 us
[1395.254s][info][gc,stats    ]   Choose Collection Set             151 us
[1395.254s][info][gc,stats    ]   Rebuild Free Set                   11 us
[1395.254s][info][gc,stats    ] Concurrent Thread Roots             894 us, parallelism: 1.73x
[1395.254s][info][gc,stats    ]   CTR: <total>                     1545 us
[1395.254s][info][gc,stats    ]   CTR: Thread Roots                1545 us, workers (us): 790, 755, ---, ---, 
[1395.254s][info][gc,stats    ] Concurrent Weak References         1109 us, parallelism: 0.99x
[1395.254s][info][gc,stats    ]   CWRF: <total>                    1098 us
[1395.254s][info][gc,stats    ]   CWRF: Weak References            1098 us, workers (us): 118, 980, ---, ---, 
[1395.254s][info][gc,stats    ] Concurrent Weak Roots              1036 us
[1395.254s][info][gc,stats    ]   Roots                             900 us, parallelism: 1.80x
[1395.254s][info][gc,stats    ]     CWR: <total>                   1622 us
[1395.254s][info][gc,stats    ]     CWR: VM Weak Roots             1622 us, workers (us): 815, 806, ---, ---, 
[1395.254s][info][gc,stats    ]   Rendezvous                         86 us
[1395.254s][info][gc,stats    ] Concurrent Cleanup                   63 us
[1395.254s][info][gc,stats    ] Concurrent Strong Roots            8817 us, parallelism: 1.96x
[1395.254s][info][gc,stats    ]   CSR: <total>                    17306 us
[1395.254s][info][gc,stats    ]   CSR: Code Cache Roots           17059 us, workers (us): 8431, 8627, ---, ---, 
[1395.254s][info][gc,stats    ]   CSR: VM Strong Roots                8 us, workers (us):   8,   0, ---, ---, 
[1395.254s][info][gc,stats    ]   CSR: CLDG Roots                   239 us, workers (us): 239, ---, ---, ---, 
[1395.254s][info][gc,stats    ] Concurrent Evacuation             69116 us
[1395.254s][info][gc,stats    ] Pause Init Update Refs (G)          158 us
[1395.254s][info][gc,stats    ] Pause Init Update Refs (N)           63 us
[1395.254s][info][gc,stats    ]   Manage GCLABs                       6 us
[1395.254s][info][gc,stats    ] Concurrent Update Refs           149468 us
[1395.254s][info][gc,stats    ] Concurrent Update Thread Roots     1433 us
[1395.254s][info][gc,stats    ] Pause Final Update Refs (G)         147 us
[1395.254s][info][gc,stats    ] Pause Final Update Refs (N)         110 us
[1395.254s][info][gc,stats    ]   Update Region States               27 us
[1395.254s][info][gc,stats    ]   Trash Collection Set               14 us
[1395.254s][info][gc,stats    ]   Rebuild Free Set                   11 us
[1395.254s][info][gc,stats    ] Concurrent Cleanup                   75 us
[1395.254s][info][gc,stats    ] 
[1395.254s][info][gc,stats    ] Allocation pacing accrued:
[1395.254s][info][gc,stats    ]       0 of  9110 ms (  0.0%): <total>
[1395.254s][info][gc,stats    ]       0 of  9110 ms (  0.0%): <average total>
[1395.254s][info][gc,stats    ] 
[1395.254s][info][gc,metaspace] Metaspace: 136308K(137792K)->136308K(137792K) NonClass: 115236K(116096K)->115236K(116096K) Class: 21072K(21696K)->21072K(21696K)
[1395.254s][info][gc,ergo     ] Pacer for Idle. Initial: 163M, Alloc Tax Rate: 1.0x
[1406.662s][info][gc          ] Trigger: Free (815M) is below minimum threshold (819M)
[1406.662s][info][gc,ergo     ] Free: 815M, Max: 4096K regular, 332M humongous, Frag: 59% external, 0% internal; Reserve: 412M, Max: 4096K
[1406.662s][info][gc,start    ] GC(144) Concurrent reset
[1406.662s][info][gc,task     ] GC(144) Using 2 of 4 workers for concurrent reset
[1406.662s][info][gc,ergo     ] GC(144) Pacer for Reset. Non-Taxable: 8192M
[1406.683s][info][gc          ] GC(144) Concurrent reset 21.480ms
[1406.683s][info][gc,start    ] GC(144) Pause Init Mark
[1406.683s][info][gc,task     ] GC(144) Using 4 of 4 workers for init marking
[1406.683s][info][gc,ergo     ] GC(144) Pacer for Mark. Expected Live: 478M, Free: 807M, Non-Taxable: 82669K, Alloc Tax Rate: 0.7x
[1406.683s][info][gc          ] GC(144) Pause Init Mark 0.168ms
[1406.683s][info][gc,start    ] GC(144) Concurrent marking roots
[1406.684s][info][gc,task     ] GC(144) Using 2 of 4 workers for concurrent marking roots
[1406.696s][info][gc          ] GC(144) Concurrent marking roots 12.867ms
[1406.696s][info][gc,start    ] GC(144) Concurrent marking
[1406.696s][info][gc,task     ] GC(144) Using 2 of 4 workers for concurrent marking
[1406.907s][info][gc          ] GC(144) Concurrent marking 211.104ms
[1406.908s][info][gc,start    ] GC(144) Pause Final Mark
[1406.908s][info][gc,task     ] GC(144) Using 4 of 4 workers for final marking
[1406.908s][info][gc,ergo     ] GC(144) Adaptive CSet Selection. Target Free: 1160M, Actual Free: 3716M, Max CSet: 341M, Min Garbage: 0B
[1406.908s][info][gc,ergo     ] GC(144) Collectable Garbage: 6506M (99%), Immediate: 2632M (40%), CSet: 3874M (59%)
[1406.908s][info][gc,ergo     ] GC(144) Pacer for Evacuation. Used CSet: 3932M, Free: 3311M, Non-Taxable: 331M, Alloc Tax Rate: 2.9x
[1406.908s][info][gc          ] GC(144) Pause Final Mark 0.330ms
[1406.908s][info][gc,start    ] GC(144) Concurrent thread roots
[1406.908s][info][gc,task     ] GC(144) Using 2 of 4 workers for Concurrent thread roots
[1406.909s][info][gc          ] GC(144) Concurrent thread roots 0.771ms
[1406.909s][info][gc,start    ] GC(144) Concurrent weak references
[1406.909s][info][gc,task     ] GC(144) Using 2 of 4 workers for concurrent weak references
[1406.909s][info][gc,ref      ] GC(144) Encountered references: Soft: 6557, Weak: 23630, Final: 34, Phantom: 1144
[1406.909s][info][gc,ref      ] GC(144) Discovered  references: Soft: 0, Weak: 4311, Final: 1, Phantom: 861
[1406.909s][info][gc,ref      ] GC(144) Enqueued    references: Soft: 0, Weak: 2, Final: 0, Phantom: 0
[1406.909s][info][gc          ] GC(144) Concurrent weak references 0.396ms
[1406.909s][info][gc,start    ] GC(144) Concurrent weak roots
[1406.909s][info][gc,task     ] GC(144) Using 2 of 4 workers for concurrent weak root
[1406.910s][info][gc          ] GC(144) Concurrent weak roots 0.917ms
[1406.910s][info][gc,start    ] GC(144) Concurrent cleanup
[1406.910s][info][gc          ] GC(144) Concurrent cleanup 7109M->4477M(8192M) 0.045ms
[1406.910s][info][gc,ergo     ] GC(144) Free: 3302M, Max: 4096K regular, 332M humongous, Frag: 90% external, 0% internal; Reserve: 411M, Max: 4096K
[1406.910s][info][gc,start    ] GC(144) Concurrent strong roots
[1406.910s][info][gc,task     ] GC(144) Using 2 of 4 workers for concurrent strong root
[1406.917s][info][gc          ] GC(144) Concurrent strong roots 7.102ms
[1406.917s][info][gc,start    ] GC(144) Concurrent evacuation
[1406.917s][info][gc,task     ] GC(144) Using 2 of 4 workers for concurrent evacuation
[1406.948s][info][gc          ] GC(144) Concurrent evacuation 31.106ms
[1406.948s][info][gc,start    ] GC(144) Pause Init Update Refs
[1406.948s][info][gc,ergo     ] GC(144) Pacer for Update Refs. Used: 4553M, Free: 3286M, Non-Taxable: 328M, Alloc Tax Rate: 1.7x
[1406.949s][info][gc          ] GC(144) Pause Init Update Refs 0.044ms
[1406.949s][info][gc,start    ] GC(144) Concurrent update references
[1406.949s][info][gc,task     ] GC(144) Using 2 of 4 workers for concurrent reference update
[1407.079s][info][gc          ] GC(144) Concurrent update references 129.949ms
[1407.079s][info][gc,start    ] GC(144) Concurrent update thread roots
[1407.080s][info][gc          ] GC(144) Concurrent update thread roots 1.312ms
[1407.080s][info][gc,start    ] GC(144) Pause Final Update Refs
[1407.080s][info][gc,task     ] GC(144) Using 4 of 4 workers for final reference update
[1407.080s][info][gc          ] GC(144) Pause Final Update Refs 0.119ms
[1407.080s][info][gc,start    ] GC(144) Concurrent cleanup
[1407.080s][info][gc          ] GC(144) Concurrent cleanup 4617M->689M(8192M) 0.069ms
[1407.080s][info][gc,ergo     ] Free: 7090M, Max: 4096K regular, 5184M humongous, Frag: 27% external, 0% internal; Reserve: 412M, Max: 4096K
[1407.080s][info][gc,stats    ] 
[1407.080s][info][gc,stats    ] All times are wall-clock times, except per-root-class counters, that are sum over
[1407.080s][info][gc,stats    ] all workers. Dividing the <total> over the root stage time estimates parallelism.
[1407.080s][info][gc,stats    ] 
[1407.080s][info][gc,stats    ] Concurrent Reset                  21554 us
[1407.080s][info][gc,stats    ] Pause Init Mark (G)                 268 us
[1407.080s][info][gc,stats    ] Pause Init Mark (N)                 184 us
[1407.080s][info][gc,stats    ]   Update Region States               55 us
[1407.080s][info][gc,stats    ] Concurrent Mark Roots             12912 us, parallelism: 1.95x
[1407.080s][info][gc,stats    ]   CMR: <total>                    25184 us
[1407.080s][info][gc,stats    ]   CMR: Thread Roots                1732 us, workers (us): 921, 811, ---, ---, 
[1407.080s][info][gc,stats    ]   CMR: Code Cache Roots           22401 us, workers (us): 10624, 11777, ---, ---, 
[1407.080s][info][gc,stats    ]   CMR: VM Strong Roots               15 us, workers (us):  13,   2, ---, ---, 
[1407.080s][info][gc,stats    ]   CMR: CLDG Roots                  1036 us, workers (us): 1036, ---, ---, ---, 
[1407.080s][info][gc,stats    ] Concurrent Marking               211148 us
[1407.080s][info][gc,stats    ] Pause Final Mark (G)                402 us
[1407.080s][info][gc,stats    ] Pause Final Mark (N)                341 us
[1407.080s][info][gc,stats    ]   Finish Mark                        74 us
[1407.080s][info][gc,stats    ]   Update Region States               59 us
[1407.080s][info][gc,stats    ]   Choose Collection Set             130 us
[1407.080s][info][gc,stats    ]   Rebuild Free Set                   11 us
[1407.080s][info][gc,stats    ] Concurrent Thread Roots             794 us, parallelism: 1.80x
[1407.080s][info][gc,stats    ]   CTR: <total>                     1429 us
[1407.080s][info][gc,stats    ]   CTR: Thread Roots                1429 us, workers (us): 728, 700, ---, ---, 
[1407.080s][info][gc,stats    ] Concurrent Weak References          407 us, parallelism: 0.82x
[1407.080s][info][gc,stats    ]   CWRF: <total>                     333 us
[1407.080s][info][gc,stats    ]   CWRF: Weak References             333 us, workers (us): 332,   0, ---, ---, 
[1407.080s][info][gc,stats    ] Concurrent Weak Roots               930 us
[1407.080s][info][gc,stats    ]   Roots                             874 us, parallelism: 1.78x
[1407.080s][info][gc,stats    ]     CWR: <total>                   1559 us
[1407.080s][info][gc,stats    ]     CWR: VM Weak Roots             1559 us, workers (us): 793, 766, ---, ---, 
[1407.081s][info][gc,stats    ]   Rendezvous                         22 us
[1407.081s][info][gc,stats    ] Concurrent Cleanup                   57 us
[1407.081s][info][gc,stats    ] Concurrent Strong Roots            7146 us, parallelism: 1.96x
[1407.081s][info][gc,stats    ]   CSR: <total>                    13981 us
[1407.081s][info][gc,stats    ]   CSR: Code Cache Roots           13682 us, workers (us): 6701, 6981, ---, ---, 
[1407.081s][info][gc,stats    ]   CSR: VM Strong Roots                8 us, workers (us):   8,   0, ---, ---, 
[1407.081s][info][gc,stats    ]   CSR: CLDG Roots                   291 us, workers (us): 291, ---, ---, ---, 
[1407.081s][info][gc,stats    ] Concurrent Evacuation             31152 us
[1407.081s][info][gc,stats    ] Pause Init Update Refs (G)          101 us
[1407.081s][info][gc,stats    ] Pause Init Update Refs (N)           55 us
[1407.081s][info][gc,stats    ]   Manage GCLABs                       5 us
[1407.081s][info][gc,stats    ] Concurrent Update Refs           129991 us
[1407.081s][info][gc,stats    ] Concurrent Update Thread Roots     1333 us
[1407.081s][info][gc,stats    ] Pause Final Update Refs (G)         191 us
[1407.081s][info][gc,stats    ] Pause Final Update Refs (N)         133 us
[1407.081s][info][gc,stats    ]   Update Region States               54 us
[1407.081s][info][gc,stats    ]   Trash Collection Set               14 us
[1407.081s][info][gc,stats    ]   Rebuild Free Set                   12 us
[1407.081s][info][gc,stats    ] Concurrent Cleanup                   91 us
[1407.081s][info][gc,stats    ] 
[1407.081s][info][gc,stats    ] Allocation pacing accrued:
[1407.081s][info][gc,stats    ]       0 of 11827 ms (  0.0%): <total>
[1407.081s][info][gc,stats    ]       0 of 11827 ms (  0.0%): <average total>
[1407.081s][info][gc,stats    ] 
[1407.081s][info][gc,metaspace] Metaspace: 136322K(137792K)->136322K(137792K) NonClass: 115250K(116096K)->115250K(116096K) Class: 21072K(21696K)->21072K(21696K)
[1407.081s][info][gc,ergo     ] Pacer for Idle. Initial: 163M, Alloc Tax Rate: 1.0x
[1416.484s][info][gc          ] Trigger: Average GC time (532.21 ms) is above the time for average allocation rate (835 MB/s) to deplete free headroom (442M) (margin of error = 1.88)
[1416.484s][info][gc,ergo     ] Free headroom: 851M (free) - 409M (spike) - 0B (penalties) = 442M
[1416.484s][info][gc,ergo     ] Free: 851M, Max: 4096K regular, 332M humongous, Frag: 61% external, 0% internal; Reserve: 412M, Max: 4096K
[1416.484s][info][gc,start    ] GC(145) Concurrent reset
[1416.485s][info][gc,task     ] GC(145) Using 2 of 4 workers for concurrent reset
[1416.485s][info][gc,ergo     ] GC(145) Pacer for Reset. Non-Taxable: 8192M
[1416.500s][info][gc          ] GC(145) Concurrent reset 15.358ms
[1416.500s][info][gc,start    ] GC(145) Pause Init Mark
[1416.500s][info][gc,task     ] GC(145) Using 4 of 4 workers for init marking
[1416.500s][info][gc,ergo     ] GC(145) Pacer for Mark. Expected Live: 473M, Free: 839M, Non-Taxable: 85986K, Alloc Tax Rate: 0.7x
[1416.500s][info][gc          ] GC(145) Pause Init Mark 0.121ms
[1416.500s][info][gc,start    ] GC(145) Concurrent marking roots
[1416.500s][info][gc,task     ] GC(145) Using 2 of 4 workers for concurrent marking roots
[1416.512s][info][gc          ] GC(145) Concurrent marking roots 12.164ms
[1416.512s][info][gc,start    ] GC(145) Concurrent marking
[1416.512s][info][gc,task     ] GC(145) Using 2 of 4 workers for concurrent marking
[1416.733s][info][gc          ] GC(145) Concurrent marking 220.414ms
[1416.733s][info][gc,start    ] GC(145) Pause Final Mark
[1416.733s][info][gc,task     ] GC(145) Using 4 of 4 workers for final marking
[1416.733s][info][gc,ergo     ] GC(145) Adaptive CSet Selection. Target Free: 1160M, Actual Free: 2768M, Max CSet: 341M, Min Garbage: 0B
[1416.733s][info][gc,ergo     ] GC(145) Collectable Garbage: 6456M (99%), Immediate: 1744M (26%), CSet: 4712M (72%)
[1416.733s][info][gc,ergo     ] GC(145) Pacer for Evacuation. Used CSet: 4788M, Free: 2360M, Non-Taxable: 236M, Alloc Tax Rate: 5.0x
[1416.733s][info][gc          ] GC(145) Pause Final Mark 0.317ms
[1416.733s][info][gc,start    ] GC(145) Concurrent thread roots
[1416.733s][info][gc,task     ] GC(145) Using 2 of 4 workers for Concurrent thread roots
[1416.734s][info][gc          ] GC(145) Concurrent thread roots 0.815ms
[1416.734s][info][gc,start    ] GC(145) Concurrent weak references
[1416.734s][info][gc,task     ] GC(145) Using 2 of 4 workers for concurrent weak references
[1416.734s][info][gc,ref      ] GC(145) Encountered references: Soft: 6557, Weak: 23633, Final: 34, Phantom: 1147
[1416.734s][info][gc,ref      ] GC(145) Discovered  references: Soft: 0, Weak: 7136, Final: 0, Phantom: 1065
[1416.734s][info][gc,ref      ] GC(145) Enqueued    references: Soft: 0, Weak: 4, Final: 0, Phantom: 0
[1416.734s][info][gc          ] GC(145) Concurrent weak references 0.304ms
[1416.734s][info][gc,start    ] GC(145) Concurrent weak roots
[1416.734s][info][gc,task     ] GC(145) Using 2 of 4 workers for concurrent weak root
[1416.735s][info][gc          ] GC(145) Concurrent weak roots 0.951ms
[1416.735s][info][gc,start    ] GC(145) Concurrent cleanup
[1416.735s][info][gc          ] GC(145) Concurrent cleanup 7172M->5428M(8192M) 0.037ms
[1416.735s][info][gc,ergo     ] GC(145) Free: 2351M, Max: 4096K regular, 300M humongous, Frag: 88% external, 0% internal; Reserve: 411M, Max: 4096K
[1416.735s][info][gc,start    ] GC(145) Concurrent strong roots
[1416.735s][info][gc,task     ] GC(145) Using 2 of 4 workers for concurrent strong root
[1416.741s][info][gc          ] GC(145) Concurrent strong roots 5.797ms
[1416.741s][info][gc,start    ] GC(145) Concurrent evacuation
[1416.741s][info][gc,task     ] GC(145) Using 2 of 4 workers for concurrent evacuation
[1416.787s][info][gc          ] GC(145) Concurrent evacuation 45.508ms
[1416.787s][info][gc,start    ] GC(145) Pause Init Update Refs
[1416.787s][info][gc,ergo     ] GC(145) Pacer for Update Refs. Used: 5536M, Free: 2323M, Non-Taxable: 232M, Alloc Tax Rate: 2.9x
[1416.787s][info][gc          ] GC(145) Pause Init Update Refs 0.051ms
[1416.787s][info][gc,start    ] GC(145) Concurrent update references
[1416.787s][info][gc,task     ] GC(145) Using 2 of 4 workers for concurrent reference update
[1416.934s][info][gc          ] GC(145) Concurrent update references 146.910ms
[1416.934s][info][gc,start    ] GC(145) Concurrent update thread roots
[1416.935s][info][gc          ] GC(145) Concurrent update thread roots 1.436ms
[1416.935s][info][gc,start    ] GC(145) Pause Final Update Refs
[1416.935s][info][gc,task     ] GC(145) Using 4 of 4 workers for final reference update
[1416.936s][info][gc          ] GC(145) Pause Final Update Refs 0.093ms
[1416.936s][info][gc,start    ] GC(145) Concurrent cleanup
[1416.936s][info][gc          ] GC(145) Concurrent cleanup 5620M->832M(8192M) 0.060ms
[1416.936s][info][gc,ergo     ] Free: 6947M, Max: 4096K regular, 5380M humongous, Frag: 23% external, 0% internal; Reserve: 412M, Max: 4096K
[1416.936s][info][gc,stats    ] 
[1416.936s][info][gc,stats    ] All times are wall-clock times, except per-root-class counters, that are sum over
[1416.936s][info][gc,stats    ] all workers. Dividing the <total> over the root stage time estimates parallelism.
[1416.936s][info][gc,stats    ] 
[1416.936s][info][gc,stats    ] Concurrent Reset                  15450 us
[1416.936s][info][gc,stats    ] Pause Init Mark (G)                 277 us
[1416.936s][info][gc,stats    ] Pause Init Mark (N)                 132 us
[1416.936s][info][gc,stats    ]   Update Region States               41 us
[1416.936s][info][gc,stats    ] Concurrent Mark Roots             12210 us, parallelism: 1.95x
[1416.936s][info][gc,stats    ]   CMR: <total>                    23799 us
[1416.936s][info][gc,stats    ]   CMR: Thread Roots                1547 us, workers (us): 722, 826, ---, ---, 
[1416.936s][info][gc,stats    ]   CMR: Code Cache Roots           21340 us, workers (us): 10272, 11068, ---, ---, 
[1416.936s][info][gc,stats    ]   CMR: VM Strong Roots               17 us, workers (us):   8,   9, ---, ---, 
[1416.936s][info][gc,stats    ]   CMR: CLDG Roots                   895 us, workers (us): 895, ---, ---, ---, 
[1416.936s][info][gc,stats    ] Concurrent Marking               220454 us
[1416.936s][info][gc,stats    ] Pause Final Mark (G)                347 us
[1416.936s][info][gc,stats    ] Pause Final Mark (N)                328 us
[1416.936s][info][gc,stats    ]   Finish Mark                        66 us
[1416.936s][info][gc,stats    ]   Update Region States               39 us
[1416.936s][info][gc,stats    ]   Choose Collection Set             146 us
[1416.936s][info][gc,stats    ]   Rebuild Free Set                   10 us
[1416.936s][info][gc,stats    ] Concurrent Thread Roots             832 us, parallelism: 1.86x
[1416.936s][info][gc,stats    ]   CTR: <total>                     1548 us
[1416.936s][info][gc,stats    ]   CTR: Thread Roots                1548 us, workers (us): 769, 778, ---, ---, 
[1416.936s][info][gc,stats    ] Concurrent Weak References          314 us, parallelism: 1.39x
[1416.936s][info][gc,stats    ]   CWRF: <total>                     438 us
[1416.936s][info][gc,stats    ]   CWRF: Weak References             438 us, workers (us): 241, 196, ---, ---, 
[1416.936s][info][gc,stats    ] Concurrent Weak Roots               974 us
[1416.936s][info][gc,stats    ]   Roots                             906 us, parallelism: 1.77x
[1416.936s][info][gc,stats    ]     CWR: <total>                   1606 us
[1416.936s][info][gc,stats    ]     CWR: VM Weak Roots             1606 us, workers (us): 819, 787, ---, ---, 
[1416.936s][info][gc,stats    ]   Rendezvous                         25 us
[1416.936s][info][gc,stats    ] Concurrent Cleanup                   50 us
[1416.936s][info][gc,stats    ] Concurrent Strong Roots            5823 us, parallelism: 1.96x
[1416.936s][info][gc,stats    ]   CSR: <total>                    11391 us
[1416.936s][info][gc,stats    ]   CSR: Code Cache Roots           11123 us, workers (us): 5689, 5434, ---, ---, 
[1416.936s][info][gc,stats    ]   CSR: VM Strong Roots                7 us, workers (us):   4,   4, ---, ---, 
[1416.936s][info][gc,stats    ]   CSR: CLDG Roots                   261 us, workers (us): ---, 261, ---, ---, 
[1416.936s][info][gc,stats    ] Concurrent Evacuation             45583 us
[1416.936s][info][gc,stats    ] Pause Init Update Refs (G)          121 us
[1416.936s][info][gc,stats    ] Pause Init Update Refs (N)           62 us
[1416.936s][info][gc,stats    ]   Manage GCLABs                       7 us
[1416.936s][info][gc,stats    ] Concurrent Update Refs           146954 us
[1416.936s][info][gc,stats    ] Concurrent Update Thread Roots     1463 us
[1416.936s][info][gc,stats    ] Pause Final Update Refs (G)         221 us
[1416.936s][info][gc,stats    ] Pause Final Update Refs (N)         119 us
[1416.936s][info][gc,stats    ]   Update Region States               32 us
[1416.936s][info][gc,stats    ]   Trash Collection Set               14 us
[1416.936s][info][gc,stats    ]   Rebuild Free Set                   11 us
[1416.936s][info][gc,stats    ] Concurrent Cleanup                   74 us
[1416.936s][info][gc,stats    ] 
[1416.936s][info][gc,stats    ] Allocation pacing accrued:
[1416.936s][info][gc,stats    ]       0 of  9856 ms (  0.0%): <total>
[1416.936s][info][gc,stats    ]       0 of  9856 ms (  0.0%): <average total>
[1416.936s][info][gc,stats    ] 
[1416.936s][info][gc,metaspace] Metaspace: 136327K(137792K)->136327K(137792K) NonClass: 115255K(116096K)->115255K(116096K) Class: 21072K(21696K)->21072K(21696K)
[1416.936s][info][gc,ergo     ] Pacer for Idle. Initial: 163M, Alloc Tax Rate: 1.0x
[1424.944s][info][gc          ] Trigger: Free (815M) is below minimum threshold (819M)
[1424.944s][info][gc,ergo     ] Free: 815M, Max: 4096K regular, 300M humongous, Frag: 63% external, 0% internal; Reserve: 412M, Max: 4096K
[1424.944s][info][gc,start    ] GC(146) Concurrent reset
[1424.944s][info][gc,task     ] GC(146) Using 2 of 4 workers for concurrent reset
[1424.944s][info][gc,ergo     ] GC(146) Pacer for Reset. Non-Taxable: 8192M
[1424.957s][info][gc          ] GC(146) Concurrent reset 12.977ms
[1424.957s][info][gc,start    ] GC(146) Pause Init Mark
[1424.957s][info][gc,task     ] GC(146) Using 4 of 4 workers for init marking
[1424.957s][info][gc,ergo     ] GC(146) Pacer for Mark. Expected Live: 465M, Free: 811M, Non-Taxable: 83130K, Alloc Tax Rate: 0.7x
[1424.958s][info][gc          ] GC(146) Pause Init Mark 0.122ms
[1424.958s][info][gc,start    ] GC(146) Concurrent marking roots
[1424.958s][info][gc,task     ] GC(146) Using 2 of 4 workers for concurrent marking roots
[1424.966s][info][gc          ] GC(146) Concurrent marking roots 8.489ms
[1424.966s][info][gc,start    ] GC(146) Concurrent marking
[1424.966s][info][gc,task     ] GC(146) Using 2 of 4 workers for concurrent marking
[1425.176s][info][gc          ] GC(146) Concurrent marking 209.873ms
[1425.176s][info][gc,start    ] GC(146) Pause Final Mark
[1425.176s][info][gc,task     ] GC(146) Using 4 of 4 workers for final marking
[1425.176s][info][gc,ergo     ] GC(146) Adaptive CSet Selection. Target Free: 1160M, Actual Free: 4848M, Max CSet: 341M, Min Garbage: 0B
[1425.176s][info][gc,ergo     ] GC(146) Collectable Garbage: 6519M (99%), Immediate: 3744M (57%), CSet: 2775M (42%)
[1425.176s][info][gc,ergo     ] GC(146) Pacer for Evacuation. Used CSet: 2816M, Free: 4443M, Non-Taxable: 444M, Alloc Tax Rate: 1.5x
[1425.176s][info][gc          ] GC(146) Pause Final Mark 0.281ms
[1425.176s][info][gc,start    ] GC(146) Concurrent thread roots
[1425.176s][info][gc,task     ] GC(146) Using 2 of 4 workers for Concurrent thread roots
[1425.177s][info][gc          ] GC(146) Concurrent thread roots 0.813ms
[1425.177s][info][gc,start    ] GC(146) Concurrent weak references
[1425.177s][info][gc,task     ] GC(146) Using 2 of 4 workers for concurrent weak references
[1425.178s][info][gc,ref      ] GC(146) Encountered references: Soft: 6557, Weak: 23632, Final: 34, Phantom: 1150
[1425.178s][info][gc,ref      ] GC(146) Discovered  references: Soft: 0, Weak: 11548, Final: 0, Phantom: 861
[1425.178s][info][gc,ref      ] GC(146) Enqueued    references: Soft: 0, Weak: 2, Final: 0, Phantom: 0
[1425.178s][info][gc          ] GC(146) Concurrent weak references 0.566ms
[1425.178s][info][gc,start    ] GC(146) Concurrent weak roots
[1425.178s][info][gc,task     ] GC(146) Using 2 of 4 workers for concurrent weak root
[1425.179s][info][gc          ] GC(146) Concurrent weak roots 0.912ms
[1425.179s][info][gc,start    ] GC(146) Concurrent cleanup
[1425.179s][info][gc          ] GC(146) Concurrent cleanup 7090M->3346M(8192M) 0.050ms
[1425.179s][info][gc,ergo     ] GC(146) Free: 4435M, Max: 4096K regular, 300M humongous, Frag: 94% external, 0% internal; Reserve: 410M, Max: 4096K
[1425.179s][info][gc,start    ] GC(146) Concurrent strong roots
[1425.179s][info][gc,task     ] GC(146) Using 2 of 4 workers for concurrent strong root
[1425.185s][info][gc          ] GC(146) Concurrent strong roots 5.882ms
[1425.185s][info][gc,start    ] GC(146) Concurrent evacuation
[1425.185s][info][gc,task     ] GC(146) Using 2 of 4 workers for concurrent evacuation
[1425.205s][info][gc          ] GC(146) Concurrent evacuation 20.748ms
[1425.206s][info][gc,start    ] GC(146) Pause Init Update Refs
[1425.206s][info][gc,ergo     ] GC(146) Pacer for Update Refs. Used: 3400M, Free: 4427M, Non-Taxable: 442M, Alloc Tax Rate: 1.1x
[1425.206s][info][gc          ] GC(146) Pause Init Update Refs 0.048ms
[1425.206s][info][gc,start    ] GC(146) Concurrent update references
[1425.206s][info][gc,task     ] GC(146) Using 2 of 4 workers for concurrent reference update
[1425.326s][info][gc          ] GC(146) Concurrent update references 120.198ms
[1425.326s][info][gc,start    ] GC(146) Concurrent update thread roots
[1425.327s][info][gc          ] GC(146) Concurrent update thread roots 1.411ms
[1425.327s][info][gc,start    ] GC(146) Pause Final Update Refs
[1425.327s][info][gc,task     ] GC(146) Using 4 of 4 workers for final reference update
[1425.327s][info][gc          ] GC(146) Pause Final Update Refs 0.094ms
[1425.327s][info][gc,start    ] GC(146) Concurrent cleanup
[1425.327s][info][gc          ] GC(146) Concurrent cleanup 3448M->632M(8192M) 0.045ms
[1425.327s][info][gc,ergo     ] Free: 7147M, Max: 4096K regular, 5156M humongous, Frag: 28% external, 0% internal; Reserve: 412M, Max: 4096K
[1425.327s][info][gc,stats    ] 
[1425.328s][info][gc,stats    ] All times are wall-clock times, except per-root-class counters, that are sum over
[1425.328s][info][gc,stats    ] all workers. Dividing the <total> over the root stage time estimates parallelism.
[1425.328s][info][gc,stats    ] 
[1425.328s][info][gc,stats    ] Concurrent Reset                  13039 us
[1425.328s][info][gc,stats    ] Pause Init Mark (G)                 217 us
[1425.328s][info][gc,stats    ] Pause Init Mark (N)                 135 us
[1425.328s][info][gc,stats    ]   Update Region States               51 us
[1425.328s][info][gc,stats    ] Concurrent Mark Roots              8527 us, parallelism: 1.95x
[1425.328s][info][gc,stats    ]   CMR: <total>                    16619 us
[1425.328s][info][gc,stats    ]   CMR: Thread Roots                1415 us, workers (us): 654, 760, ---, ---, 
[1425.328s][info][gc,stats    ]   CMR: Code Cache Roots           14491 us, workers (us): 6940, 7551, ---, ---, 
[1425.328s][info][gc,stats    ]   CMR: VM Strong Roots               13 us, workers (us):   6,   7, ---, ---, 
[1425.328s][info][gc,stats    ]   CMR: CLDG Roots                   701 us, workers (us): 701, ---, ---, ---, 
[1425.328s][info][gc,stats    ] Concurrent Marking               209917 us
[1425.328s][info][gc,stats    ] Pause Final Mark (G)                348 us
[1425.328s][info][gc,stats    ] Pause Final Mark (N)                295 us
[1425.328s][info][gc,stats    ]   Finish Mark                        62 us
[1425.328s][info][gc,stats    ]   Update Region States               47 us
[1425.328s][info][gc,stats    ]   Choose Collection Set             106 us
[1425.328s][info][gc,stats    ]   Rebuild Free Set                   12 us
[1425.328s][info][gc,stats    ] Concurrent Thread Roots             837 us, parallelism: 1.82x
[1425.328s][info][gc,stats    ]   CTR: <total>                     1526 us
[1425.328s][info][gc,stats    ]   CTR: Thread Roots                1526 us, workers (us): 759, 767, ---, ---, 
[1425.328s][info][gc,stats    ] Concurrent Weak References          577 us, parallelism: 1.21x
[1425.328s][info][gc,stats    ]   CWRF: <total>                     700 us
[1425.328s][info][gc,stats    ]   CWRF: Weak References             700 us, workers (us): 499, 201, ---, ---, 
[1425.328s][info][gc,stats    ] Concurrent Weak Roots               926 us
[1425.328s][info][gc,stats    ]   Roots                             867 us, parallelism: 1.81x
[1425.328s][info][gc,stats    ]     CWR: <total>                   1570 us
[1425.328s][info][gc,stats    ]     CWR: VM Weak Roots             1570 us, workers (us): 786, 785, ---, ---, 
[1425.328s][info][gc,stats    ]   Rendezvous                         25 us
[1425.328s][info][gc,stats    ] Concurrent Cleanup                   63 us
[1425.328s][info][gc,stats    ] Concurrent Strong Roots            5915 us, parallelism: 1.96x
[1425.328s][info][gc,stats    ]   CSR: <total>                    11567 us
[1425.328s][info][gc,stats    ]   CSR: Code Cache Roots           11297 us, workers (us): 5532, 5765, ---, ---, 
[1425.328s][info][gc,stats    ]   CSR: VM Strong Roots                8 us, workers (us):   4,   4, ---, ---, 
[1425.328s][info][gc,stats    ]   CSR: CLDG Roots                   262 us, workers (us): 262, ---, ---, ---, 
[1425.328s][info][gc,stats    ] Concurrent Evacuation             20788 us
[1425.328s][info][gc,stats    ] Pause Init Update Refs (G)           80 us
[1425.328s][info][gc,stats    ] Pause Init Update Refs (N)           59 us
[1425.328s][info][gc,stats    ]   Manage GCLABs                       6 us
[1425.328s][info][gc,stats    ] Concurrent Update Refs           120247 us
[1425.328s][info][gc,stats    ] Concurrent Update Thread Roots     1436 us
[1425.328s][info][gc,stats    ] Pause Final Update Refs (G)         129 us
[1425.328s][info][gc,stats    ] Pause Final Update Refs (N)         108 us
[1425.328s][info][gc,stats    ]   Update Region States               37 us
[1425.328s][info][gc,stats    ]   Trash Collection Set               11 us
[1425.328s][info][gc,stats    ]   Rebuild Free Set                   13 us
[1425.328s][info][gc,stats    ] Concurrent Cleanup                   59 us
[1425.328s][info][gc,stats    ] 
[1425.328s][info][gc,stats    ] Allocation pacing accrued:
[1425.328s][info][gc,stats    ]       0 of  8392 ms (  0.0%): <total>
[1425.328s][info][gc,stats    ]       0 of  8392 ms (  0.0%): <average total>
[1425.328s][info][gc,stats    ] 
[1425.328s][info][gc,metaspace] Metaspace: 136328K(137792K)->136328K(137792K) NonClass: 115255K(116096K)->115255K(116096K) Class: 21072K(21696K)->21072K(21696K)
[1425.328s][info][gc,ergo     ] Pacer for Idle. Initial: 163M, Alloc Tax Rate: 1.0x
[1435.770s][info][gc          ] Trigger: Free (815M) is below minimum threshold (819M)
[1435.770s][info][gc,ergo     ] Free: 815M, Max: 4096K regular, 312M humongous, Frag: 62% external, 0% internal; Reserve: 412M, Max: 4096K
[1435.770s][info][gc,start    ] GC(147) Concurrent reset
[1435.770s][info][gc,task     ] GC(147) Using 2 of 4 workers for concurrent reset
[1435.770s][info][gc,ergo     ] GC(147) Pacer for Reset. Non-Taxable: 8192M
[1435.779s][info][gc          ] GC(147) Concurrent reset 9.044ms
[1435.779s][info][gc,start    ] GC(147) Pause Init Mark
[1435.780s][info][gc,task     ] GC(147) Using 4 of 4 workers for init marking
[1435.780s][info][gc,ergo     ] GC(147) Pacer for Mark. Expected Live: 450M, Free: 811M, Non-Taxable: 83131K, Alloc Tax Rate: 0.7x
[1435.780s][info][gc          ] GC(147) Pause Init Mark 0.160ms
[1435.780s][info][gc,start    ] GC(147) Concurrent marking roots
[1435.780s][info][gc,task     ] GC(147) Using 2 of 4 workers for concurrent marking roots
[1435.788s][info][gc          ] GC(147) Concurrent marking roots 8.626ms
[1435.788s][info][gc,start    ] GC(147) Concurrent marking
[1435.788s][info][gc,task     ] GC(147) Using 2 of 4 workers for concurrent marking
[1436.031s][info][gc          ] GC(147) Concurrent marking 242.289ms
[1436.031s][info][gc,start    ] GC(147) Pause Final Mark
[1436.031s][info][gc,task     ] GC(147) Using 4 of 4 workers for final marking
[1436.031s][info][gc,ergo     ] GC(147) Adaptive CSet Selection. Target Free: 1160M, Actual Free: 2728M, Max CSet: 341M, Min Garbage: 0B
[1436.031s][info][gc,ergo     ] GC(147) Collectable Garbage: 6458M (99%), Immediate: 1680M (25%), CSet: 4778M (73%)
[1436.031s][info][gc,ergo     ] GC(147) Pacer for Evacuation. Used CSet: 4880M, Free: 2323M, Non-Taxable: 232M, Alloc Tax Rate: 5.1x
[1436.031s][info][gc          ] GC(147) Pause Final Mark 0.348ms
[1436.031s][info][gc,start    ] GC(147) Concurrent thread roots
[1436.031s][info][gc,task     ] GC(147) Using 2 of 4 workers for Concurrent thread roots
[1436.032s][info][gc          ] GC(147) Concurrent thread roots 0.885ms
[1436.032s][info][gc,start    ] GC(147) Concurrent weak references
[1436.032s][info][gc,task     ] GC(147) Using 2 of 4 workers for concurrent weak references
[1436.033s][info][gc,ref      ] GC(147) Encountered references: Soft: 6557, Weak: 23637, Final: 34, Phantom: 1159
[1436.033s][info][gc,ref      ] GC(147) Discovered  references: Soft: 0, Weak: 13465, Final: 0, Phantom: 864
[1436.033s][info][gc,ref      ] GC(147) Enqueued    references: Soft: 0, Weak: 4, Final: 0, Phantom: 0
[1436.033s][info][gc          ] GC(147) Concurrent weak references 0.817ms
[1436.033s][info][gc,start    ] GC(147) Concurrent weak roots
[1436.033s][info][gc,task     ] GC(147) Using 2 of 4 workers for concurrent weak root
[1436.034s][info][gc          ] GC(147) Concurrent weak roots 0.918ms
[1436.034s][info][gc,start    ] GC(147) Concurrent cleanup
[1436.034s][info][gc          ] GC(147) Concurrent cleanup 7144M->5464M(8192M) 0.035ms
[1436.034s][info][gc,ergo     ] GC(147) Free: 2315M, Max: 4096K regular, 312M humongous, Frag: 87% external, 0% internal; Reserve: 411M, Max: 4096K
[1436.034s][info][gc,start    ] GC(147) Concurrent strong roots
[1436.034s][info][gc,task     ] GC(147) Using 2 of 4 workers for concurrent strong root
[1436.040s][info][gc          ] GC(147) Concurrent strong roots 5.709ms
[1436.040s][info][gc,start    ] GC(147) Concurrent evacuation
[1436.040s][info][gc,task     ] GC(147) Using 2 of 4 workers for concurrent evacuation
[1436.090s][info][gc          ] GC(147) Concurrent evacuation 50.808ms
[1436.090s][info][gc,start    ] GC(147) Pause Init Update Refs
[1436.090s][info][gc,ergo     ] GC(147) Pacer for Update Refs. Used: 5591M, Free: 2296M, Non-Taxable: 229M, Alloc Tax Rate: 3.0x
[1436.090s][info][gc          ] GC(147) Pause Init Update Refs 0.045ms
[1436.091s][info][gc,start    ] GC(147) Concurrent update references
[1436.091s][info][gc,task     ] GC(147) Using 2 of 4 workers for concurrent reference update
[1436.248s][info][gc          ] GC(147) Concurrent update references 157.657ms
[1436.248s][info][gc,start    ] GC(147) Concurrent update thread roots
[1436.250s][info][gc          ] GC(147) Concurrent update thread roots 1.380ms
[1436.250s][info][gc,start    ] GC(147) Pause Final Update Refs
[1436.250s][info][gc,task     ] GC(147) Using 4 of 4 workers for final reference update
[1436.250s][info][gc          ] GC(147) Pause Final Update Refs 0.106ms
[1436.250s][info][gc,start    ] GC(147) Concurrent cleanup
[1436.250s][info][gc          ] GC(147) Concurrent cleanup 5694M->814M(8192M) 0.074ms
[1436.250s][info][gc,ergo     ] Free: 6965M, Max: 4096K regular, 5420M humongous, Frag: 23% external, 0% internal; Reserve: 412M, Max: 4096K
[1436.250s][info][gc,stats    ] 
[1436.250s][info][gc,stats    ] All times are wall-clock times, except per-root-class counters, that are sum over
[1436.250s][info][gc,stats    ] all workers. Dividing the <total> over the root stage time estimates parallelism.
[1436.250s][info][gc,stats    ] 
[1436.250s][info][gc,stats    ] Concurrent Reset                   9179 us
[1436.250s][info][gc,stats    ] Pause Init Mark (G)                 364 us
[1436.250s][info][gc,stats    ] Pause Init Mark (N)                 173 us
[1436.250s][info][gc,stats    ]   Update Region States               52 us
[1436.250s][info][gc,stats    ] Concurrent Mark Roots              8661 us, parallelism: 1.94x
[1436.250s][info][gc,stats    ]   CMR: <total>                    16819 us
[1436.250s][info][gc,stats    ]   CMR: Thread Roots                1402 us, workers (us): 675, 727, ---, ---, 
[1436.250s][info][gc,stats    ]   CMR: Code Cache Roots           14428 us, workers (us): 6766, 7662, ---, ---, 
[1436.250s][info][gc,stats    ]   CMR: VM Strong Roots               23 us, workers (us):  22,   0, ---, ---, 
[1436.250s][info][gc,stats    ]   CMR: CLDG Roots                   966 us, workers (us): 966, ---, ---, ---, 
[1436.250s][info][gc,stats    ] Concurrent Marking               242334 us
[1436.250s][info][gc,stats    ] Pause Final Mark (G)                430 us
[1436.250s][info][gc,stats    ] Pause Final Mark (N)                359 us
[1436.250s][info][gc,stats    ]   Finish Mark                        76 us
[1436.250s][info][gc,stats    ]   Update Region States               59 us
[1436.250s][info][gc,stats    ]   Choose Collection Set             150 us
[1436.250s][info][gc,stats    ]   Rebuild Free Set                   10 us
[1436.250s][info][gc,stats    ] Concurrent Thread Roots             906 us, parallelism: 1.73x
[1436.250s][info][gc,stats    ]   CTR: <total>                     1572 us
[1436.250s][info][gc,stats    ]   CTR: Thread Roots                1572 us, workers (us): 812, 760, ---, ---, 
[1436.250s][info][gc,stats    ] Concurrent Weak References          828 us, parallelism: 0.90x
[1436.250s][info][gc,stats    ]   CWRF: <total>                     742 us
[1436.250s][info][gc,stats    ]   CWRF: Weak References             742 us, workers (us): 741,   0, ---, ---, 
[1436.250s][info][gc,stats    ] Concurrent Weak Roots               937 us
[1436.250s][info][gc,stats    ]   Roots                             872 us, parallelism: 1.76x
[1436.250s][info][gc,stats    ]     CWR: <total>                   1533 us
[1436.250s][info][gc,stats    ]     CWR: VM Weak Roots             1533 us, workers (us): 766, 766, ---, ---, 
[1436.250s][info][gc,stats    ]   Rendezvous                         25 us
[1436.250s][info][gc,stats    ] Concurrent Cleanup                   47 us
[1436.250s][info][gc,stats    ] Concurrent Strong Roots            5735 us, parallelism: 1.95x
[1436.250s][info][gc,stats    ]   CSR: <total>                    11209 us
[1436.250s][info][gc,stats    ]   CSR: Code Cache Roots           10967 us, workers (us): 5589, 5378, ---, ---, 
[1436.250s][info][gc,stats    ]   CSR: VM Strong Roots                8 us, workers (us):   4,   4, ---, ---, 
[1436.250s][info][gc,stats    ]   CSR: CLDG Roots                   233 us, workers (us): ---, 233, ---, ---, 
[1436.250s][info][gc,stats    ] Concurrent Evacuation             50849 us
[1436.250s][info][gc,stats    ] Pause Init Update Refs (G)          151 us
[1436.250s][info][gc,stats    ] Pause Init Update Refs (N)           56 us
[1436.250s][info][gc,stats    ]   Manage GCLABs                       6 us
[1436.250s][info][gc,stats    ] Concurrent Update Refs           157706 us
[1436.250s][info][gc,stats    ] Concurrent Update Thread Roots     1409 us
[1436.250s][info][gc,stats    ] Pause Final Update Refs (G)         250 us
[1436.250s][info][gc,stats    ] Pause Final Update Refs (N)         129 us
[1436.251s][info][gc,stats    ]   Update Region States               51 us
[1436.251s][info][gc,stats    ]   Trash Collection Set               11 us
[1436.251s][info][gc,stats    ]   Rebuild Free Set                   10 us
[1436.251s][info][gc,stats    ] Concurrent Cleanup                   88 us
[1436.251s][info][gc,stats    ] 
[1436.251s][info][gc,stats    ] Allocation pacing accrued:
[1436.251s][info][gc,stats    ]       0 of 10923 ms (  0.0%): <total>
[1436.251s][info][gc,stats    ]       0 of 10923 ms (  0.0%): <average total>
[1436.251s][info][gc,stats    ] 
[1436.251s][info][gc,metaspace] Metaspace: 136330K(137792K)->136330K(137792K) NonClass: 115257K(116096K)->115257K(116096K) Class: 21072K(21696K)->21072K(21696K)
[1436.251s][info][gc,ergo     ] Pacer for Idle. Initial: 163M, Alloc Tax Rate: 1.0x
[1444.178s][info][gc          ] Trigger: Free (815M) is below minimum threshold (819M)
[1444.178s][info][gc,ergo     ] Free: 815M, Max: 4096K regular, 300M humongous, Frag: 63% external, 0% internal; Reserve: 412M, Max: 4096K
[1444.178s][info][gc,start    ] GC(148) Concurrent reset
[1444.178s][info][gc,task     ] GC(148) Using 2 of 4 workers for concurrent reset
[1444.178s][info][gc,ergo     ] GC(148) Pacer for Reset. Non-Taxable: 8192M
[1444.196s][info][gc          ] GC(148) Concurrent reset 17.625ms
[1444.196s][info][gc,start    ] GC(148) Pause Init Mark
[1444.196s][info][gc,task     ] GC(148) Using 4 of 4 workers for init marking
[1444.196s][info][gc,ergo     ] GC(148) Pacer for Mark. Expected Live: 454M, Free: 799M, Non-Taxable: 81867K, Alloc Tax Rate: 0.7x
[1444.196s][info][gc          ] GC(148) Pause Init Mark 0.131ms
[1444.196s][info][gc,start    ] GC(148) Concurrent marking roots
[1444.196s][info][gc,task     ] GC(148) Using 2 of 4 workers for concurrent marking roots
[1444.206s][info][gc          ] GC(148) Concurrent marking roots 9.594ms
[1444.206s][info][gc,start    ] GC(148) Concurrent marking
[1444.206s][info][gc,task     ] GC(148) Using 2 of 4 workers for concurrent marking
[1444.433s][info][gc          ] GC(148) Concurrent marking 227.451ms
[1444.433s][info][gc,start    ] GC(148) Pause Final Mark
[1444.433s][info][gc,task     ] GC(148) Using 4 of 4 workers for final marking
[1444.433s][info][gc,ergo     ] GC(148) Adaptive CSet Selection. Target Free: 1160M, Actual Free: 2988M, Max CSet: 341M, Min Garbage: 0B
[1444.434s][info][gc,ergo     ] GC(148) Collectable Garbage: 6485M (99%), Immediate: 1980M (30%), CSet: 4505M (69%)
[1444.434s][info][gc,ergo     ] GC(148) Pacer for Evacuation. Used CSet: 4592M, Free: 2587M, Non-Taxable: 258M, Alloc Tax Rate: 4.3x
[1444.434s][info][gc          ] GC(148) Pause Final Mark 0.328ms
[1444.434s][info][gc,start    ] GC(148) Concurrent thread roots
[1444.434s][info][gc,task     ] GC(148) Using 2 of 4 workers for Concurrent thread roots
[1444.434s][info][gc          ] GC(148) Concurrent thread roots 0.813ms
[1444.434s][info][gc,start    ] GC(148) Concurrent weak references
[1444.434s][info][gc,task     ] GC(148) Using 2 of 4 workers for concurrent weak references
[1444.435s][info][gc,ref      ] GC(148) Encountered references: Soft: 6557, Weak: 23638, Final: 34, Phantom: 1162
[1444.435s][info][gc,ref      ] GC(148) Discovered  references: Soft: 0, Weak: 11812, Final: 0, Phantom: 1035
[1444.435s][info][gc,ref      ] GC(148) Enqueued    references: Soft: 0, Weak: 4, Final: 0, Phantom: 0
[1444.435s][info][gc          ] GC(148) Concurrent weak references 0.612ms
[1444.435s][info][gc,start    ] GC(148) Concurrent weak roots
[1444.435s][info][gc,task     ] GC(148) Using 2 of 4 workers for concurrent weak root
[1444.436s][info][gc          ] GC(148) Concurrent weak roots 0.980ms
[1444.436s][info][gc,start    ] GC(148) Concurrent cleanup
[1444.436s][info][gc          ] GC(148) Concurrent cleanup 7180M->5200M(8192M) 0.041ms
[1444.436s][info][gc,ergo     ] GC(148) Free: 2579M, Max: 4096K regular, 300M humongous, Frag: 89% external, 0% internal; Reserve: 411M, Max: 4096K
[1444.436s][info][gc,start    ] GC(148) Concurrent strong roots
[1444.436s][info][gc,task     ] GC(148) Using 2 of 4 workers for concurrent strong root
[1444.444s][info][gc          ] GC(148) Concurrent strong roots 7.599ms
[1444.444s][info][gc,start    ] GC(148) Concurrent evacuation
[1444.444s][info][gc,task     ] GC(148) Using 2 of 4 workers for concurrent evacuation
[1444.488s][info][gc          ] GC(148) Concurrent evacuation 44.304ms
[1444.488s][info][gc,start    ] GC(148) Pause Init Update Refs
[1444.488s][info][gc,ergo     ] GC(148) Pacer for Update Refs. Used: 5324M, Free: 2547M, Non-Taxable: 254M, Alloc Tax Rate: 2.6x
[1444.488s][info][gc          ] GC(148) Pause Init Update Refs 0.045ms
[1444.488s][info][gc,start    ] GC(148) Concurrent update references
[1444.488s][info][gc,task     ] GC(148) Using 2 of 4 workers for concurrent reference update
[1444.630s][info][gc          ] GC(148) Concurrent update references 141.957ms
[1444.630s][info][gc,start    ] GC(148) Concurrent update thread roots
[1444.632s][info][gc          ] GC(148) Concurrent update thread roots 1.509ms
[1444.632s][info][gc,start    ] GC(148) Pause Final Update Refs
[1444.632s][info][gc,task     ] GC(148) Using 4 of 4 workers for final reference update
[1444.632s][info][gc          ] GC(148) Pause Final Update Refs 0.106ms
[1444.632s][info][gc,start    ] GC(148) Concurrent cleanup
[1444.632s][info][gc          ] GC(148) Concurrent cleanup 5408M->816M(8192M) 0.069ms
[1444.632s][info][gc,ergo     ] Free: 6963M, Max: 4096K regular, 5196M humongous, Frag: 26% external, 0% internal; Reserve: 412M, Max: 4096K
[1444.632s][info][gc,stats    ] 
[1444.632s][info][gc,stats    ] All times are wall-clock times, except per-root-class counters, that are sum over
[1444.632s][info][gc,stats    ] all workers. Dividing the <total> over the root stage time estimates parallelism.
[1444.632s][info][gc,stats    ] 
[1444.632s][info][gc,stats    ] Concurrent Reset                  17681 us
[1444.632s][info][gc,stats    ] Pause Init Mark (G)                 261 us
[1444.632s][info][gc,stats    ] Pause Init Mark (N)                 143 us
[1444.632s][info][gc,stats    ]   Update Region States               55 us
[1444.632s][info][gc,stats    ] Concurrent Mark Roots              9630 us, parallelism: 1.94x
[1444.632s][info][gc,stats    ]   CMR: <total>                    18669 us
[1444.632s][info][gc,stats    ]   CMR: Thread Roots                1581 us, workers (us): 828, 754, ---, ---, 
[1444.632s][info][gc,stats    ]   CMR: Code Cache Roots           16286 us, workers (us): 7717, 8570, ---, ---, 
[1444.632s][info][gc,stats    ]   CMR: VM Strong Roots               17 us, workers (us):   8,   9, ---, ---, 
[1444.632s][info][gc,stats    ]   CMR: CLDG Roots                   785 us, workers (us): 785, ---, ---, ---, 
[1444.632s][info][gc,stats    ] Concurrent Marking               227485 us
[1444.632s][info][gc,stats    ] Pause Final Mark (G)                386 us
[1444.632s][info][gc,stats    ] Pause Final Mark (N)                339 us
[1444.632s][info][gc,stats    ]   Finish Mark                        73 us
[1444.632s][info][gc,stats    ]   Update Region States               45 us
[1444.632s][info][gc,stats    ]   Choose Collection Set             145 us
[1444.632s][info][gc,stats    ]   Rebuild Free Set                   11 us
[1444.632s][info][gc,stats    ] Concurrent Thread Roots             834 us, parallelism: 1.84x
[1444.632s][info][gc,stats    ]   CTR: <total>                     1536 us
[1444.632s][info][gc,stats    ]   CTR: Thread Roots                1536 us, workers (us): 772, 764, ---, ---, 
[1444.632s][info][gc,stats    ] Concurrent Weak References          623 us, parallelism: 0.88x
[1444.632s][info][gc,stats    ]   CWRF: <total>                     548 us
[1444.632s][info][gc,stats    ]   CWRF: Weak References             548 us, workers (us): 548,   0, ---, ---, 
[1444.632s][info][gc,stats    ] Concurrent Weak Roots              1002 us
[1444.632s][info][gc,stats    ]   Roots                             880 us, parallelism: 1.78x
[1444.632s][info][gc,stats    ]     CWR: <total>                   1568 us
[1444.632s][info][gc,stats    ]     CWR: VM Weak Roots             1568 us, workers (us): 798, 770, ---, ---, 
[1444.633s][info][gc,stats    ]   Rendezvous                         80 us
[1444.633s][info][gc,stats    ] Concurrent Cleanup                   53 us
[1444.633s][info][gc,stats    ] Concurrent Strong Roots            7626 us, parallelism: 1.95x
[1444.633s][info][gc,stats    ]   CSR: <total>                    14888 us
[1444.633s][info][gc,stats    ]   CSR: Code Cache Roots           14540 us, workers (us): 7118, 7422, ---, ---, 
[1444.633s][info][gc,stats    ]   CSR: VM Strong Roots               14 us, workers (us):   7,   7, ---, ---, 
[1444.633s][info][gc,stats    ]   CSR: CLDG Roots                   334 us, workers (us): 334, ---, ---, ---, 
[1444.633s][info][gc,stats    ] Concurrent Evacuation             44340 us
[1444.633s][info][gc,stats    ] Pause Init Update Refs (G)          161 us
[1444.633s][info][gc,stats    ] Pause Init Update Refs (N)           56 us
[1444.633s][info][gc,stats    ]   Manage GCLABs                       5 us
[1444.633s][info][gc,stats    ] Concurrent Update Refs           141998 us
[1444.633s][info][gc,stats    ] Concurrent Update Thread Roots     1532 us
[1444.633s][info][gc,stats    ] Pause Final Update Refs (G)         187 us
[1444.633s][info][gc,stats    ] Pause Final Update Refs (N)         133 us
[1444.633s][info][gc,stats    ]   Update Region States               45 us
[1444.633s][info][gc,stats    ]   Trash Collection Set               12 us
[1444.633s][info][gc,stats    ]   Rebuild Free Set                   12 us
[1444.633s][info][gc,stats    ] Concurrent Cleanup                   84 us
[1444.633s][info][gc,stats    ] 
[1444.633s][info][gc,stats    ] Allocation pacing accrued:
[1444.633s][info][gc,stats    ]       0 of  8382 ms (  0.0%): <total>
[1444.633s][info][gc,stats    ]       0 of  8382 ms (  0.0%): <average total>
[1444.633s][info][gc,stats    ] 
[1444.633s][info][gc,metaspace] Metaspace: 136341K(137792K)->136341K(137792K) NonClass: 115268K(116096K)->115268K(116096K) Class: 21072K(21696K)->21072K(21696K)
[1444.633s][info][gc,ergo     ] Pacer for Idle. Initial: 163M, Alloc Tax Rate: 1.0x
[1454.379s][info][gc          ] Trigger: Free (815M) is below minimum threshold (819M)
[1454.379s][info][gc,ergo     ] Free: 815M, Max: 4096K regular, 300M humongous, Frag: 63% external, 0% internal; Reserve: 412M, Max: 4096K
[1454.379s][info][gc,start    ] GC(149) Concurrent reset
[1454.379s][info][gc,task     ] GC(149) Using 2 of 4 workers for concurrent reset
[1454.379s][info][gc,ergo     ] GC(149) Pacer for Reset. Non-Taxable: 8192M
[1454.393s][info][gc          ] GC(149) Concurrent reset 13.997ms
[1454.393s][info][gc,start    ] GC(149) Pause Init Mark
[1454.393s][info][gc,task     ] GC(149) Using 4 of 4 workers for init marking
[1454.393s][info][gc,ergo     ] GC(149) Pacer for Mark. Expected Live: 446M, Free: 807M, Non-Taxable: 82686K, Alloc Tax Rate: 0.7x
[1454.393s][info][gc          ] GC(149) Pause Init Mark 0.112ms
[1454.393s][info][gc,start    ] GC(149) Concurrent marking roots
[1454.393s][info][gc,task     ] GC(149) Using 2 of 4 workers for concurrent marking roots
[1454.402s][info][gc          ] GC(149) Concurrent marking roots 8.629ms
[1454.402s][info][gc,start    ] GC(149) Concurrent marking
[1454.402s][info][gc,task     ] GC(149) Using 2 of 4 workers for concurrent marking
[1454.623s][info][gc          ] GC(149) Concurrent marking 221.215ms
[1454.623s][info][gc,start    ] GC(149) Pause Final Mark
[1454.623s][info][gc,task     ] GC(149) Using 4 of 4 workers for final marking
[1454.624s][info][gc,ergo     ] GC(149) Adaptive CSet Selection. Target Free: 1160M, Actual Free: 2688M, Max CSet: 341M, Min Garbage: 0B
[1454.624s][info][gc,ergo     ] GC(149) Collectable Garbage: 6489M (99%), Immediate: 1596M (24%), CSet: 4893M (75%)
[1454.624s][info][gc,ergo     ] GC(149) Pacer for Evacuation. Used CSet: 4968M, Free: 2291M, Non-Taxable: 229M, Alloc Tax Rate: 5.3x
[1454.624s][info][gc          ] GC(149) Pause Final Mark 0.326ms
[1454.624s][info][gc,start    ] GC(149) Concurrent thread roots
[1454.624s][info][gc,task     ] GC(149) Using 2 of 4 workers for Concurrent thread roots
[1454.625s][info][gc          ] GC(149) Concurrent thread roots 0.783ms
[1454.625s][info][gc,start    ] GC(149) Concurrent weak references
[1454.625s][info][gc,task     ] GC(149) Using 2 of 4 workers for concurrent weak references
[1454.625s][info][gc,ref      ] GC(149) Encountered references: Soft: 6557, Weak: 23637, Final: 34, Phantom: 1165
[1454.625s][info][gc,ref      ] GC(149) Discovered  references: Soft: 0, Weak: 4534, Final: 1, Phantom: 873
[1454.625s][info][gc,ref      ] GC(149) Enqueued    references: Soft: 0, Weak: 2, Final: 0, Phantom: 0
[1454.625s][info][gc          ] GC(149) Concurrent weak references 0.283ms
[1454.625s][info][gc,start    ] GC(149) Concurrent weak roots
[1454.625s][info][gc,task     ] GC(149) Using 2 of 4 workers for concurrent weak root
[1454.626s][info][gc          ] GC(149) Concurrent weak roots 0.873ms
[1454.626s][info][gc,start    ] GC(149) Concurrent cleanup
[1454.626s][info][gc          ] GC(149) Concurrent cleanup 7092M->5496M(8192M) 0.031ms
[1454.626s][info][gc,ergo     ] GC(149) Free: 2283M, Max: 4096K regular, 300M humongous, Frag: 87% external, 0% internal; Reserve: 411M, Max: 4096K
[1454.626s][info][gc,start    ] GC(149) Concurrent strong roots
[1454.626s][info][gc,task     ] GC(149) Using 2 of 4 workers for concurrent strong root
[1454.632s][info][gc          ] GC(149) Concurrent strong roots 6.168ms
[1454.632s][info][gc,start    ] GC(149) Concurrent evacuation
[1454.632s][info][gc,task     ] GC(149) Using 2 of 4 workers for concurrent evacuation
[1454.672s][info][gc          ] GC(149) Concurrent evacuation 40.194ms
[1454.672s][info][gc,start    ] GC(149) Pause Init Update Refs
[1454.672s][info][gc,ergo     ] GC(149) Pacer for Update Refs. Used: 5596M, Free: 2263M, Non-Taxable: 226M, Alloc Tax Rate: 3.0x
[1454.672s][info][gc          ] GC(149) Pause Init Update Refs 0.043ms
[1454.672s][info][gc,start    ] GC(149) Concurrent update references
[1454.672s][info][gc,task     ] GC(149) Using 2 of 4 workers for concurrent reference update
[1454.802s][info][gc          ] GC(149) Concurrent update references 129.852ms
[1454.802s][info][gc,start    ] GC(149) Concurrent update thread roots
[1454.804s][info][gc          ] GC(149) Concurrent update thread roots 1.415ms
[1454.804s][info][gc,start    ] GC(149) Pause Final Update Refs
[1454.804s][info][gc,task     ] GC(149) Using 4 of 4 workers for final reference update
[1454.804s][info][gc          ] GC(149) Pause Final Update Refs 0.097ms
[1454.804s][info][gc,start    ] GC(149) Concurrent cleanup
[1454.804s][info][gc          ] GC(149) Concurrent cleanup 5653M->685M(8192M) 0.069ms
[1454.804s][info][gc,ergo     ] Free: 7094M, Max: 4096K regular, 5180M humongous, Frag: 27% external, 0% internal; Reserve: 412M, Max: 4096K
[1454.804s][info][gc,stats    ] 
[1454.804s][info][gc,stats    ] All times are wall-clock times, except per-root-class counters, that are sum over
[1454.804s][info][gc,stats    ] all workers. Dividing the <total> over the root stage time estimates parallelism.
[1454.804s][info][gc,stats    ] 
[1454.804s][info][gc,stats    ] Concurrent Reset                  14072 us
[1454.804s][info][gc,stats    ] Pause Init Mark (G)                 228 us
[1454.804s][info][gc,stats    ] Pause Init Mark (N)                 125 us
[1454.804s][info][gc,stats    ]   Update Region States               44 us
[1454.804s][info][gc,stats    ] Concurrent Mark Roots              8666 us, parallelism: 1.95x
[1454.804s][info][gc,stats    ]   CMR: <total>                    16917 us
[1454.804s][info][gc,stats    ]   CMR: Thread Roots                1394 us, workers (us): 723, 671, ---, ---, 
[1454.804s][info][gc,stats    ]   CMR: Code Cache Roots           14772 us, workers (us): 7002, 7770, ---, ---, 
[1454.804s][info][gc,stats    ]   CMR: VM Strong Roots               13 us, workers (us):  13,   0, ---, ---, 
[1454.804s][info][gc,stats    ]   CMR: CLDG Roots                   738 us, workers (us): 738, ---, ---, ---, 
[1454.804s][info][gc,stats    ] Concurrent Marking               221264 us
[1454.804s][info][gc,stats    ] Pause Final Mark (G)                387 us
[1454.804s][info][gc,stats    ] Pause Final Mark (N)                337 us
[1454.804s][info][gc,stats    ]   Finish Mark                        66 us
[1454.804s][info][gc,stats    ]   Update Region States               34 us
[1454.804s][info][gc,stats    ]   Choose Collection Set             157 us
[1454.804s][info][gc,stats    ]   Rebuild Free Set                    9 us
[1454.804s][info][gc,stats    ] Concurrent Thread Roots             797 us, parallelism: 1.86x
[1454.804s][info][gc,stats    ]   CTR: <total>                     1483 us
[1454.804s][info][gc,stats    ]   CTR: Thread Roots                1483 us, workers (us): 737, 746, ---, ---, 
[1454.804s][info][gc,stats    ] Concurrent Weak References          294 us, parallelism: 1.07x
[1454.804s][info][gc,stats    ]   CWRF: <total>                     313 us
[1454.804s][info][gc,stats    ]   CWRF: Weak References             313 us, workers (us): 122, 192, ---, ---, 
[1454.804s][info][gc,stats    ] Concurrent Weak Roots               886 us
[1454.804s][info][gc,stats    ]   Roots                             828 us, parallelism: 1.80x
[1454.804s][info][gc,stats    ]     CWR: <total>                   1490 us
[1454.804s][info][gc,stats    ]     CWR: VM Weak Roots             1490 us, workers (us): 744, 745, ---, ---, 
[1454.804s][info][gc,stats    ]   Rendezvous                         24 us
[1454.804s][info][gc,stats    ] Concurrent Cleanup                   43 us
[1454.804s][info][gc,stats    ] Concurrent Strong Roots            6197 us, parallelism: 1.96x
[1454.804s][info][gc,stats    ]   CSR: <total>                    12117 us
[1454.804s][info][gc,stats    ]   CSR: Code Cache Roots           11884 us, workers (us): 5817, 6068, ---, ---, 
[1454.804s][info][gc,stats    ]   CSR: VM Strong Roots                8 us, workers (us):   4,   4, ---, ---, 
[1454.804s][info][gc,stats    ]   CSR: CLDG Roots                   226 us, workers (us): 226, ---, ---, ---, 
[1454.804s][info][gc,stats    ] Concurrent Evacuation             40238 us
[1454.804s][info][gc,stats    ] Pause Init Update Refs (G)          134 us
[1454.804s][info][gc,stats    ] Pause Init Update Refs (N)           54 us
[1454.804s][info][gc,stats    ]   Manage GCLABs                       5 us
[1454.804s][info][gc,stats    ] Concurrent Update Refs           129885 us
[1454.804s][info][gc,stats    ] Concurrent Update Thread Roots     1434 us
[1454.804s][info][gc,stats    ] Pause Final Update Refs (G)         175 us
[1454.804s][info][gc,stats    ] Pause Final Update Refs (N)         122 us
[1454.804s][info][gc,stats    ]   Update Region States               32 us
[1454.804s][info][gc,stats    ]   Trash Collection Set               15 us
[1454.804s][info][gc,stats    ]   Rebuild Free Set                   11 us
[1454.804s][info][gc,stats    ] Concurrent Cleanup                   84 us
[1454.805s][info][gc,stats    ] 
[1454.805s][info][gc,stats    ] Allocation pacing accrued:
[1454.805s][info][gc,stats    ]       0 of 10172 ms (  0.0%): <total>
[1454.805s][info][gc,stats    ]       0 of 10172 ms (  0.0%): <average total>
[1454.805s][info][gc,stats    ] 
[1454.805s][info][gc,metaspace] Metaspace: 136341K(137792K)->136341K(137792K) NonClass: 115268K(116096K)->115268K(116096K) Class: 21072K(21696K)->21072K(21696K)
[1454.805s][info][gc,ergo     ] Pacer for Idle. Initial: 163M, Alloc Tax Rate: 1.0x
[1464.360s][info][gc          ] Trigger: Average GC time (485.07 ms) is above the time for instantaneous allocation rate (1319 MB/s) to deplete free headroom (537M) (spike threshold = 1.80)
[1464.361s][info][gc,ergo     ] Free: 947M, Max: 4096K regular, 300M humongous, Frag: 68% external, 0% internal; Reserve: 412M, Max: 4096K
[1464.361s][info][gc,start    ] GC(150) Concurrent reset
[1464.361s][info][gc,task     ] GC(150) Using 2 of 4 workers for concurrent reset
[1464.361s][info][gc,ergo     ] GC(150) Pacer for Reset. Non-Taxable: 8192M
[1464.384s][info][gc          ] GC(150) Concurrent reset 23.490ms
[1464.384s][info][gc,start    ] GC(150) Pause Init Mark
[1464.384s][info][gc,task     ] GC(150) Using 4 of 4 workers for init marking
[1464.384s][info][gc,ergo     ] GC(150) Pacer for Mark. Expected Live: 449M, Free: 927M, Non-Taxable: 94974K, Alloc Tax Rate: 0.6x
[1464.384s][info][gc          ] GC(150) Pause Init Mark 0.121ms
[1464.384s][info][gc,start    ] GC(150) Concurrent marking roots
[1464.384s][info][gc,task     ] GC(150) Using 2 of 4 workers for concurrent marking roots
[1464.394s][info][gc          ] GC(150) Concurrent marking roots 9.247ms
[1464.394s][info][gc,start    ] GC(150) Concurrent marking
[1464.394s][info][gc,task     ] GC(150) Using 2 of 4 workers for concurrent marking
[1464.635s][info][gc          ] GC(150) Concurrent marking 241.197ms
[1464.635s][info][gc,start    ] GC(150) Pause Final Mark
[1464.635s][info][gc,task     ] GC(150) Using 4 of 4 workers for final marking
[1464.635s][info][gc,ergo     ] GC(150) Adaptive CSet Selection. Target Free: 1160M, Actual Free: 2512M, Max CSet: 341M, Min Garbage: 0B
[1464.635s][info][gc,ergo     ] GC(150) Collectable Garbage: 6324M (99%), Immediate: 1404M (22%), CSet: 4920M (77%)
[1464.635s][info][gc,ergo     ] GC(150) Pacer for Evacuation. Used CSet: 5039M, Free: 2111M, Non-Taxable: 211M, Alloc Tax Rate: 5.8x
[1464.635s][info][gc          ] GC(150) Pause Final Mark 0.326ms
[1464.635s][info][gc,start    ] GC(150) Concurrent thread roots
[1464.635s][info][gc,task     ] GC(150) Using 2 of 4 workers for Concurrent thread roots
[1464.636s][info][gc          ] GC(150) Concurrent thread roots 0.860ms
[1464.636s][info][gc,start    ] GC(150) Concurrent weak references
[1464.636s][info][gc,task     ] GC(150) Using 2 of 4 workers for concurrent weak references
[1464.637s][info][gc,ref      ] GC(150) Encountered references: Soft: 6557, Weak: 23640, Final: 34, Phantom: 1171
[1464.637s][info][gc,ref      ] GC(150) Discovered  references: Soft: 0, Weak: 13447, Final: 0, Phantom: 872
[1464.637s][info][gc,ref      ] GC(150) Enqueued    references: Soft: 0, Weak: 3, Final: 0, Phantom: 0
[1464.637s][info][gc          ] GC(150) Concurrent weak references 0.674ms
[1464.637s][info][gc,start    ] GC(150) Concurrent weak roots
[1464.637s][info][gc,task     ] GC(150) Using 2 of 4 workers for concurrent weak root
[1464.638s][info][gc          ] GC(150) Concurrent weak roots 0.901ms
[1464.638s][info][gc,start    ] GC(150) Concurrent cleanup
[1464.638s][info][gc          ] GC(150) Concurrent cleanup 7081M->5677M(8192M) 0.033ms
[1464.638s][info][gc,ergo     ] GC(150) Free: 2103M, Max: 4096K regular, 300M humongous, Frag: 86% external, 0% internal; Reserve: 411M, Max: 4096K
[1464.638s][info][gc,start    ] GC(150) Concurrent strong roots
[1464.638s][info][gc,task     ] GC(150) Using 2 of 4 workers for concurrent strong root
[1464.644s][info][gc          ] GC(150) Concurrent strong roots 6.077ms
[1464.644s][info][gc,start    ] GC(150) Concurrent evacuation
[1464.644s][info][gc,task     ] GC(150) Using 2 of 4 workers for concurrent evacuation
[1464.710s][info][gc          ] GC(150) Concurrent evacuation 65.475ms
[1464.710s][info][gc,start    ] GC(150) Pause Init Update Refs
[1464.710s][info][gc,ergo     ] GC(150) Pacer for Update Refs. Used: 5844M, Free: 2059M, Non-Taxable: 205M, Alloc Tax Rate: 3.5x
[1464.710s][info][gc          ] GC(150) Pause Init Update Refs 0.044ms
[1464.710s][info][gc,start    ] GC(150) Concurrent update references
[1464.710s][info][gc,task     ] GC(150) Using 2 of 4 workers for concurrent reference update
[1464.880s][info][gc          ] GC(150) Concurrent update references 170.507ms
[1464.880s][info][gc,start    ] GC(150) Concurrent update thread roots
[1464.881s][info][gc          ] GC(150) Concurrent update thread roots 1.241ms
[1464.882s][info][gc,start    ] GC(150) Pause Final Update Refs
[1464.882s][info][gc,task     ] GC(150) Using 4 of 4 workers for final reference update
[1464.882s][info][gc          ] GC(150) Pause Final Update Refs 0.089ms
[1464.882s][info][gc,start    ] GC(150) Concurrent cleanup
[1464.882s][info][gc          ] GC(150) Concurrent cleanup 6048M->1008M(8192M) 0.071ms
[1464.882s][info][gc,ergo     ] Free: 6771M, Max: 4096K regular, 5152M humongous, Frag: 24% external, 0% internal; Reserve: 412M, Max: 4096K
[1464.882s][info][gc,stats    ] 
[1464.882s][info][gc,stats    ] All times are wall-clock times, except per-root-class counters, that are sum over
[1464.882s][info][gc,stats    ] all workers. Dividing the <total> over the root stage time estimates parallelism.
[1464.882s][info][gc,stats    ] 
[1464.882s][info][gc,stats    ] Concurrent Reset                  23593 us
[1464.882s][info][gc,stats    ] Pause Init Mark (G)                 329 us
[1464.882s][info][gc,stats    ] Pause Init Mark (N)                 133 us
[1464.882s][info][gc,stats    ]   Update Region States               44 us
[1464.882s][info][gc,stats    ] Concurrent Mark Roots              9289 us, parallelism: 1.92x
[1464.882s][info][gc,stats    ]   CMR: <total>                    17820 us
[1464.882s][info][gc,stats    ]   CMR: Thread Roots                1377 us, workers (us): 728, 649, ---, ---, 
[1464.882s][info][gc,stats    ]   CMR: Code Cache Roots           15544 us, workers (us): 8168, 7376, ---, ---, 
[1464.882s][info][gc,stats    ]   CMR: VM Strong Roots               17 us, workers (us):   9,   8, ---, ---, 
[1464.882s][info][gc,stats    ]   CMR: CLDG Roots                   882 us, workers (us): ---, 882, ---, ---, 
[1464.882s][info][gc,stats    ] Concurrent Marking               241240 us
[1464.882s][info][gc,stats    ] Pause Final Mark (G)                383 us
[1464.882s][info][gc,stats    ] Pause Final Mark (N)                337 us
[1464.882s][info][gc,stats    ]   Finish Mark                        66 us
[1464.882s][info][gc,stats    ]   Update Region States               43 us
[1464.882s][info][gc,stats    ]   Choose Collection Set             148 us
[1464.882s][info][gc,stats    ]   Rebuild Free Set                   10 us
[1464.882s][info][gc,stats    ] Concurrent Thread Roots             882 us, parallelism: 1.78x
[1464.882s][info][gc,stats    ]   CTR: <total>                     1568 us
[1464.882s][info][gc,stats    ]   CTR: Thread Roots                1568 us, workers (us): 781, 788, ---, ---, 
[1464.882s][info][gc,stats    ] Concurrent Weak References          686 us, parallelism: 0.93x
[1464.882s][info][gc,stats    ]   CWRF: <total>                     639 us
[1464.882s][info][gc,stats    ]   CWRF: Weak References             639 us, workers (us): 598,  41, ---, ---, 
[1464.882s][info][gc,stats    ] Concurrent Weak Roots               915 us
[1464.882s][info][gc,stats    ]   Roots                             857 us, parallelism: 1.75x
[1464.882s][info][gc,stats    ]     CWR: <total>                   1501 us
[1464.882s][info][gc,stats    ]     CWR: VM Weak Roots             1501 us, workers (us): 751, 750, ---, ---, 
[1464.882s][info][gc,stats    ]   Rendezvous                         23 us
[1464.882s][info][gc,stats    ] Concurrent Cleanup                   45 us
[1464.882s][info][gc,stats    ] Concurrent Strong Roots            6106 us, parallelism: 1.96x
[1464.882s][info][gc,stats    ]   CSR: <total>                    11943 us
[1464.882s][info][gc,stats    ]   CSR: Code Cache Roots           11702 us, workers (us): 5933, 5770, ---, ---, 
[1464.882s][info][gc,stats    ]   CSR: VM Strong Roots                9 us, workers (us):   5,   4, ---, ---, 
[1464.882s][info][gc,stats    ]   CSR: CLDG Roots                   231 us, workers (us): ---, 231, ---, ---, 
[1464.882s][info][gc,stats    ] Concurrent Evacuation             65515 us
[1464.882s][info][gc,stats    ] Pause Init Update Refs (G)          104 us
[1464.882s][info][gc,stats    ] Pause Init Update Refs (N)           54 us
[1464.882s][info][gc,stats    ]   Manage GCLABs                       5 us
[1464.882s][info][gc,stats    ] Concurrent Update Refs           170547 us
[1464.882s][info][gc,stats    ] Concurrent Update Thread Roots     1269 us
[1464.882s][info][gc,stats    ] Pause Final Update Refs (G)         208 us
[1464.882s][info][gc,stats    ] Pause Final Update Refs (N)         113 us
[1464.882s][info][gc,stats    ]   Update Region States               26 us
[1464.882s][info][gc,stats    ]   Trash Collection Set               14 us
[1464.882s][info][gc,stats    ]   Rebuild Free Set                   10 us
[1464.882s][info][gc,stats    ] Concurrent Cleanup                   85 us
[1464.882s][info][gc,stats    ] 
[1464.882s][info][gc,stats    ] Allocation pacing accrued:
[1464.882s][info][gc,stats    ]       0 of 10078 ms (  0.0%): <total>
[1464.882s][info][gc,stats    ]       0 of 10078 ms (  0.0%): <average total>
[1464.882s][info][gc,stats    ] 
[1464.882s][info][gc,metaspace] Metaspace: 136341K(137792K)->136341K(137792K) NonClass: 115268K(116096K)->115268K(116096K) Class: 21072K(21696K)->21072K(21696K)
[1464.882s][info][gc,ergo     ] Pacer for Idle. Initial: 163M, Alloc Tax Rate: 1.0x
[1474.022s][info][gc          ] Trigger: Free (819M) is below minimum threshold (819M)
[1474.022s][info][gc,ergo     ] Free: 819M, Max: 4096K regular, 300M humongous, Frag: 63% external, 0% internal; Reserve: 412M, Max: 4096K
[1474.022s][info][gc,start    ] GC(151) Concurrent reset
[1474.022s][info][gc,task     ] GC(151) Using 2 of 4 workers for concurrent reset
[1474.022s][info][gc,ergo     ] GC(151) Pacer for Reset. Non-Taxable: 8192M
[1474.038s][info][gc          ] GC(151) Concurrent reset 16.412ms
[1474.039s][info][gc,start    ] GC(151) Pause Init Mark
[1474.039s][info][gc,task     ] GC(151) Using 4 of 4 workers for init marking
[1474.039s][info][gc,ergo     ] GC(151) Pacer for Mark. Expected Live: 458M, Free: 815M, Non-Taxable: 83457K, Alloc Tax Rate: 0.7x
[1474.039s][info][gc          ] GC(151) Pause Init Mark 0.121ms
[1474.039s][info][gc,start    ] GC(151) Concurrent marking roots
[1474.039s][info][gc,task     ] GC(151) Using 2 of 4 workers for concurrent marking roots
[1474.048s][info][gc          ] GC(151) Concurrent marking roots 9.285ms
[1474.048s][info][gc,start    ] GC(151) Concurrent marking
[1474.048s][info][gc,task     ] GC(151) Using 2 of 4 workers for concurrent marking
[1474.256s][info][gc          ] GC(151) Concurrent marking 207.939ms
[1474.256s][info][gc,start    ] GC(151) Pause Final Mark
[1474.256s][info][gc,task     ] GC(151) Using 4 of 4 workers for final marking
[1474.256s][info][gc,ergo     ] GC(151) Adaptive CSet Selection. Target Free: 1160M, Actual Free: 4588M, Max CSet: 341M, Min Garbage: 0B
[1474.256s][info][gc,ergo     ] GC(151) Collectable Garbage: 6513M (99%), Immediate: 3536M (53%), CSet: 2977M (45%)
[1474.256s][info][gc,ergo     ] GC(151) Pacer for Evacuation. Used CSet: 3020M, Free: 4191M, Non-Taxable: 419M, Alloc Tax Rate: 1.8x
[1474.256s][info][gc          ] GC(151) Pause Final Mark 0.263ms
[1474.256s][info][gc,start    ] GC(151) Concurrent thread roots
[1474.256s][info][gc,task     ] GC(151) Using 2 of 4 workers for Concurrent thread roots
[1474.257s][info][gc          ] GC(151) Concurrent thread roots 0.779ms
[1474.257s][info][gc,start    ] GC(151) Concurrent weak references
[1474.257s][info][gc,task     ] GC(151) Using 2 of 4 workers for concurrent weak references
[1474.258s][info][gc,ref      ] GC(151) Encountered references: Soft: 6557, Weak: 23642, Final: 34, Phantom: 1174
[1474.258s][info][gc,ref      ] GC(151) Discovered  references: Soft: 0, Weak: 11613, Final: 1, Phantom: 874
[1474.258s][info][gc,ref      ] GC(151) Enqueued    references: Soft: 0, Weak: 4, Final: 0, Phantom: 0
[1474.258s][info][gc          ] GC(151) Concurrent weak references 0.443ms
[1474.258s][info][gc,start    ] GC(151) Concurrent weak roots
[1474.258s][info][gc,task     ] GC(151) Using 2 of 4 workers for concurrent weak root
[1474.259s][info][gc          ] GC(151) Concurrent weak roots 0.892ms
[1474.259s][info][gc,start    ] GC(151) Concurrent cleanup
[1474.259s][info][gc          ] GC(151) Concurrent cleanup 7134M->3598M(8192M) 0.050ms
[1474.259s][info][gc,ergo     ] GC(151) Free: 4182M, Max: 4096K regular, 300M humongous, Frag: 93% external, 0% internal; Reserve: 411M, Max: 4096K
[1474.259s][info][gc,start    ] GC(151) Concurrent strong roots
[1474.259s][info][gc,task     ] GC(151) Using 2 of 4 workers for concurrent strong root
[1474.265s][info][gc          ] GC(151) Concurrent strong roots 6.058ms
[1474.265s][info][gc,start    ] GC(151) Concurrent evacuation
[1474.265s][info][gc,task     ] GC(151) Using 2 of 4 workers for concurrent evacuation
[1474.290s][info][gc          ] GC(151) Concurrent evacuation 25.135ms
[1474.290s][info][gc,start    ] GC(151) Pause Init Update Refs
[1474.290s][info][gc,ergo     ] GC(151) Pacer for Update Refs. Used: 3657M, Free: 4170M, Non-Taxable: 417M, Alloc Tax Rate: 1.1x
[1474.290s][info][gc          ] GC(151) Pause Init Update Refs 0.046ms
[1474.290s][info][gc,start    ] GC(151) Concurrent update references
[1474.290s][info][gc,task     ] GC(151) Using 2 of 4 workers for concurrent reference update
[1474.416s][info][gc          ] GC(151) Concurrent update references 125.463ms
[1474.416s][info][gc,start    ] GC(151) Concurrent update thread roots
[1474.417s][info][gc          ] GC(151) Concurrent update thread roots 1.361ms
[1474.417s][info][gc,start    ] GC(151) Pause Final Update Refs
[1474.417s][info][gc,task     ] GC(151) Using 4 of 4 workers for final reference update
[1474.417s][info][gc          ] GC(151) Pause Final Update Refs 0.089ms
[1474.417s][info][gc,start    ] GC(151) Concurrent cleanup
[1474.417s][info][gc          ] GC(151) Concurrent cleanup 3713M->693M(8192M) 0.048ms
[1474.417s][info][gc,ergo     ] Free: 7086M, Max: 4096K regular, 5112M humongous, Frag: 28% external, 0% internal; Reserve: 412M, Max: 4096K
[1474.417s][info][gc,stats    ] 
[1474.417s][info][gc,stats    ] All times are wall-clock times, except per-root-class counters, that are sum over
[1474.417s][info][gc,stats    ] all workers. Dividing the <total> over the root stage time estimates parallelism.
[1474.417s][info][gc,stats    ] 
[1474.417s][info][gc,stats    ] Concurrent Reset                  16526 us
[1474.417s][info][gc,stats    ] Pause Init Mark (G)                 276 us
[1474.417s][info][gc,stats    ] Pause Init Mark (N)                 133 us
[1474.417s][info][gc,stats    ]   Update Region States               50 us
[1474.417s][info][gc,stats    ] Concurrent Mark Roots              9333 us, parallelism: 1.96x
[1474.417s][info][gc,stats    ]   CMR: <total>                    18246 us
[1474.417s][info][gc,stats    ]   CMR: Thread Roots                1379 us, workers (us): 717, 662, ---, ---, 
[1474.417s][info][gc,stats    ]   CMR: Code Cache Roots           16112 us, workers (us): 7654, 8458, ---, ---, 
[1474.417s][info][gc,stats    ]   CMR: VM Strong Roots               15 us, workers (us):   7,   8, ---, ---, 
[1474.417s][info][gc,stats    ]   CMR: CLDG Roots                   741 us, workers (us): 741, ---, ---, ---, 
[1474.417s][info][gc,stats    ] Concurrent Marking               207985 us
[1474.417s][info][gc,stats    ] Pause Final Mark (G)                292 us
[1474.417s][info][gc,stats    ] Pause Final Mark (N)                274 us
[1474.417s][info][gc,stats    ]   Finish Mark                        61 us
[1474.417s][info][gc,stats    ]   Update Region States               20 us
[1474.417s][info][gc,stats    ]   Choose Collection Set             114 us
[1474.417s][info][gc,stats    ]   Rebuild Free Set                   11 us
[1474.417s][info][gc,stats    ] Concurrent Thread Roots             793 us, parallelism: 1.86x
[1474.417s][info][gc,stats    ]   CTR: <total>                     1474 us
[1474.417s][info][gc,stats    ]   CTR: Thread Roots                1474 us, workers (us): 741, 733, ---, ---, 
[1474.417s][info][gc,stats    ] Concurrent Weak References          454 us, parallelism: 0.90x
[1474.417s][info][gc,stats    ]   CWRF: <total>                     408 us
[1474.417s][info][gc,stats    ]   CWRF: Weak References             408 us, workers (us): 372,  36, ---, ---, 
[1474.417s][info][gc,stats    ] Concurrent Weak Roots               912 us
[1474.418s][info][gc,stats    ]   Roots                             846 us, parallelism: 1.79x
[1474.418s][info][gc,stats    ]     CWR: <total>                   1515 us
[1474.418s][info][gc,stats    ]     CWR: VM Weak Roots             1515 us, workers (us): 758, 757, ---, ---, 
[1474.418s][info][gc,stats    ]   Rendezvous                         24 us
[1474.418s][info][gc,stats    ] Concurrent Cleanup                   62 us
[1474.418s][info][gc,stats    ] Concurrent Strong Roots            6090 us, parallelism: 1.96x
[1474.418s][info][gc,stats    ]   CSR: <total>                    11912 us
[1474.418s][info][gc,stats    ]   CSR: Code Cache Roots           11630 us, workers (us): 5965, 5665, ---, ---, 
[1474.418s][info][gc,stats    ]   CSR: VM Strong Roots                8 us, workers (us):   4,   4, ---, ---, 
[1474.418s][info][gc,stats    ]   CSR: CLDG Roots                   274 us, workers (us): ---, 274, ---, ---, 
[1474.418s][info][gc,stats    ] Concurrent Evacuation             25189 us
[1474.418s][info][gc,stats    ] Pause Init Update Refs (G)           93 us
[1474.418s][info][gc,stats    ] Pause Init Update Refs (N)           57 us
[1474.418s][info][gc,stats    ]   Manage GCLABs                       6 us
[1474.418s][info][gc,stats    ] Concurrent Update Refs           125503 us
[1474.418s][info][gc,stats    ] Concurrent Update Thread Roots     1387 us
[1474.418s][info][gc,stats    ] Pause Final Update Refs (G)         134 us
[1474.418s][info][gc,stats    ] Pause Final Update Refs (N)         111 us
[1474.418s][info][gc,stats    ]   Update Region States               28 us
[1474.418s][info][gc,stats    ]   Trash Collection Set               11 us
[1474.418s][info][gc,stats    ]   Rebuild Free Set                   13 us
[1474.418s][info][gc,stats    ] Concurrent Cleanup                   61 us
[1474.418s][info][gc,stats    ] 
[1474.418s][info][gc,stats    ] Allocation pacing accrued:
[1474.418s][info][gc,stats    ]       0 of  9535 ms (  0.0%): <total>
[1474.418s][info][gc,stats    ]       0 of  9535 ms (  0.0%): <average total>
[1474.418s][info][gc,stats    ] 
[1474.418s][info][gc,metaspace] Metaspace: 136341K(137792K)->136343K(137792K) NonClass: 115269K(116096K)->115270K(116096K) Class: 21072K(21696K)->21072K(21696K)
[1474.418s][info][gc,ergo     ] Pacer for Idle. Initial: 163M, Alloc Tax Rate: 1.0x
[1483.636s][info][gc          ] Trigger: Free (818M) is below minimum threshold (819M)
[1483.637s][info][gc,ergo     ] Free: 818M, Max: 4096K regular, 308M humongous, Frag: 62% external, 0% internal; Reserve: 412M, Max: 4096K
[1483.637s][info][gc,start    ] GC(152) Concurrent reset
[1483.637s][info][gc,task     ] GC(152) Using 2 of 4 workers for concurrent reset
[1483.637s][info][gc,ergo     ] GC(152) Pacer for Reset. Non-Taxable: 8192M
[1483.652s][info][gc          ] GC(152) Concurrent reset 15.003ms
[1483.652s][info][gc,start    ] GC(152) Pause Init Mark
[1483.652s][info][gc,task     ] GC(152) Using 4 of 4 workers for init marking
[1483.652s][info][gc,ergo     ] GC(152) Pacer for Mark. Expected Live: 458M, Free: 794M, Non-Taxable: 81307K, Alloc Tax Rate: 0.7x
[1483.652s][info][gc          ] GC(152) Pause Init Mark 0.113ms
[1483.652s][info][gc,start    ] GC(152) Concurrent marking roots
[1483.652s][info][gc,task     ] GC(152) Using 2 of 4 workers for concurrent marking roots
[1483.660s][info][gc          ] GC(152) Concurrent marking roots 8.588ms
[1483.660s][info][gc,start    ] GC(152) Concurrent marking
[1483.660s][info][gc,task     ] GC(152) Using 2 of 4 workers for concurrent marking
[1483.887s][info][gc          ] GC(152) Concurrent marking 226.463ms
[1483.887s][info][gc,start    ] GC(152) Pause Final Mark
[1483.887s][info][gc,task     ] GC(152) Using 4 of 4 workers for final marking
[1483.887s][info][gc,ergo     ] GC(152) Adaptive CSet Selection. Target Free: 1160M, Actual Free: 2764M, Max CSet: 341M, Min Garbage: 0B
[1483.887s][info][gc,ergo     ] GC(152) Collectable Garbage: 6488M (99%), Immediate: 1740M (26%), CSet: 4748M (72%)
[1483.887s][info][gc,ergo     ] GC(152) Pacer for Evacuation. Used CSet: 4840M, Free: 2363M, Non-Taxable: 236M, Alloc Tax Rate: 5.0x
[1483.887s][info][gc          ] GC(152) Pause Final Mark 0.329ms
[1483.887s][info][gc,start    ] GC(152) Concurrent thread roots
[1483.887s][info][gc,task     ] GC(152) Using 2 of 4 workers for Concurrent thread roots
[1483.888s][info][gc          ] GC(152) Concurrent thread roots 0.909ms
[1483.888s][info][gc,start    ] GC(152) Concurrent weak references
[1483.888s][info][gc,task     ] GC(152) Using 2 of 4 workers for concurrent weak references
[1483.889s][info][gc,ref      ] GC(152) Encountered references: Soft: 6557, Weak: 23645, Final: 34, Phantom: 1183
[1483.889s][info][gc,ref      ] GC(152) Discovered  references: Soft: 0, Weak: 9913, Final: 0, Phantom: 1100
[1483.889s][info][gc,ref      ] GC(152) Enqueued    references: Soft: 0, Weak: 4, Final: 0, Phantom: 0
[1483.889s][info][gc          ] GC(152) Concurrent weak references 0.390ms
[1483.889s][info][gc,start    ] GC(152) Concurrent weak roots
[1483.889s][info][gc,task     ] GC(152) Using 2 of 4 workers for concurrent weak root
[1483.890s][info][gc          ] GC(152) Concurrent weak roots 0.872ms
[1483.890s][info][gc,start    ] GC(152) Concurrent cleanup
[1483.890s][info][gc          ] GC(152) Concurrent cleanup 7164M->5424M(8192M) 0.034ms
[1483.890s][info][gc,ergo     ] GC(152) Free: 2355M, Max: 4096K regular, 308M humongous, Frag: 87% external, 0% internal; Reserve: 411M, Max: 4096K
[1483.890s][info][gc,start    ] GC(152) Concurrent strong roots
[1483.890s][info][gc,task     ] GC(152) Using 2 of 4 workers for concurrent strong root
[1483.896s][info][gc          ] GC(152) Concurrent strong roots 5.964ms
[1483.896s][info][gc,start    ] GC(152) Concurrent evacuation
[1483.896s][info][gc,task     ] GC(152) Using 2 of 4 workers for concurrent evacuation
[1483.939s][info][gc          ] GC(152) Concurrent evacuation 43.095ms
[1483.939s][info][gc,start    ] GC(152) Pause Init Update Refs
[1483.939s][info][gc,ergo     ] GC(152) Pacer for Update Refs. Used: 5536M, Free: 2339M, Non-Taxable: 233M, Alloc Tax Rate: 2.9x
[1483.939s][info][gc          ] GC(152) Pause Init Update Refs 0.046ms
[1483.939s][info][gc,start    ] GC(152) Concurrent update references
[1483.939s][info][gc,task     ] GC(152) Using 2 of 4 workers for concurrent reference update
[1484.088s][info][gc          ] GC(152) Concurrent update references 149.490ms
[1484.088s][info][gc,start    ] GC(152) Concurrent update thread roots
[1484.090s][info][gc          ] GC(152) Concurrent update thread roots 1.494ms
[1484.090s][info][gc,start    ] GC(152) Pause Final Update Refs
[1484.090s][info][gc,task     ] GC(152) Using 4 of 4 workers for final reference update
[1484.090s][info][gc          ] GC(152) Pause Final Update Refs 0.144ms
[1484.090s][info][gc,start    ] GC(152) Concurrent cleanup
[1484.090s][info][gc          ] GC(152) Concurrent cleanup 5688M->848M(8192M) 0.075ms
[1484.090s][info][gc,ergo     ] Free: 6931M, Max: 4096K regular, 5324M humongous, Frag: 24% external, 0% internal; Reserve: 412M, Max: 4096K
[1484.090s][info][gc,stats    ] 
[1484.090s][info][gc,stats    ] All times are wall-clock times, except per-root-class counters, that are sum over
[1484.090s][info][gc,stats    ] all workers. Dividing the <total> over the root stage time estimates parallelism.
[1484.090s][info][gc,stats    ] 
[1484.090s][info][gc,stats    ] Concurrent Reset                  15048 us
[1484.090s][info][gc,stats    ] Pause Init Mark (G)                 201 us
[1484.090s][info][gc,stats    ] Pause Init Mark (N)                 126 us
[1484.090s][info][gc,stats    ]   Update Region States               42 us
[1484.090s][info][gc,stats    ] Concurrent Mark Roots              8614 us, parallelism: 1.95x
[1484.091s][info][gc,stats    ]   CMR: <total>                    16815 us
[1484.091s][info][gc,stats    ]   CMR: Thread Roots                1660 us, workers (us): 742, 918, ---, ---, 
[1484.091s][info][gc,stats    ]   CMR: Code Cache Roots           14222 us, workers (us): 7655, 6567, ---, ---, 
[1484.091s][info][gc,stats    ]   CMR: VM Strong Roots               15 us, workers (us):   8,   7, ---, ---, 
[1484.091s][info][gc,stats    ]   CMR: CLDG Roots                   918 us, workers (us): ---, 918, ---, ---, 
[1484.091s][info][gc,stats    ] Concurrent Marking               226509 us
[1484.091s][info][gc,stats    ] Pause Final Mark (G)                401 us
[1484.091s][info][gc,stats    ] Pause Final Mark (N)                340 us
[1484.091s][info][gc,stats    ]   Finish Mark                        72 us
[1484.091s][info][gc,stats    ]   Update Region States               39 us
[1484.091s][info][gc,stats    ]   Choose Collection Set             147 us
[1484.091s][info][gc,stats    ]   Rebuild Free Set                   10 us
[1484.091s][info][gc,stats    ] Concurrent Thread Roots             931 us, parallelism: 1.79x
[1484.091s][info][gc,stats    ]   CTR: <total>                     1664 us
[1484.091s][info][gc,stats    ]   CTR: Thread Roots                1664 us, workers (us): 838, 826, ---, ---, 
[1484.091s][info][gc,stats    ] Concurrent Weak References          401 us, parallelism: 1.25x
[1484.091s][info][gc,stats    ]   CWRF: <total>                     501 us
[1484.091s][info][gc,stats    ]   CWRF: Weak References             501 us, workers (us): 185, 316, ---, ---, 
[1484.091s][info][gc,stats    ] Concurrent Weak Roots               886 us
[1484.091s][info][gc,stats    ]   Roots                             827 us, parallelism: 1.80x
[1484.091s][info][gc,stats    ]     CWR: <total>                   1489 us
[1484.091s][info][gc,stats    ]     CWR: VM Weak Roots             1489 us, workers (us): 745, 744, ---, ---, 
[1484.091s][info][gc,stats    ]   Rendezvous                         24 us
[1484.091s][info][gc,stats    ] Concurrent Cleanup                   46 us
[1484.091s][info][gc,stats    ] Concurrent Strong Roots            5994 us, parallelism: 1.96x
[1484.091s][info][gc,stats    ]   CSR: <total>                    11763 us
[1484.091s][info][gc,stats    ]   CSR: Code Cache Roots           11528 us, workers (us): 5643, 5885, ---, ---, 
[1484.091s][info][gc,stats    ]   CSR: VM Strong Roots                8 us, workers (us):   4,   4, ---, ---, 
[1484.091s][info][gc,stats    ]   CSR: CLDG Roots                   227 us, workers (us): 227, ---, ---, ---, 
[1484.091s][info][gc,stats    ] Concurrent Evacuation             43144 us
[1484.091s][info][gc,stats    ] Pause Init Update Refs (G)          115 us
[1484.091s][info][gc,stats    ] Pause Init Update Refs (N)           57 us
[1484.091s][info][gc,stats    ]   Manage GCLABs                       6 us
[1484.091s][info][gc,stats    ] Concurrent Update Refs           149547 us
[1484.091s][info][gc,stats    ] Concurrent Update Thread Roots     1536 us
[1484.091s][info][gc,stats    ] Pause Final Update Refs (G)         248 us
[1484.091s][info][gc,stats    ] Pause Final Update Refs (N)         176 us
[1484.091s][info][gc,stats    ]   Update Region States               64 us
[1484.091s][info][gc,stats    ]   Trash Collection Set               21 us
[1484.091s][info][gc,stats    ]   Rebuild Free Set                   12 us
[1484.091s][info][gc,stats    ] Concurrent Cleanup                   91 us
[1484.091s][info][gc,stats    ] 
[1484.091s][info][gc,stats    ] Allocation pacing accrued:
[1484.091s][info][gc,stats    ]       0 of  9673 ms (  0.0%): <total>
[1484.091s][info][gc,stats    ]       0 of  9673 ms (  0.0%): <average total>
[1484.091s][info][gc,stats    ] 
[1484.091s][info][gc,metaspace] Metaspace: 136343K(137792K)->136343K(137792K) NonClass: 115270K(116096K)->115270K(116096K) Class: 21072K(21696K)->21072K(21696K)
[1484.091s][info][gc,ergo     ] Pacer for Idle. Initial: 163M, Alloc Tax Rate: 1.0x
[1492.312s][info][gc          ] Trigger: Free (815M) is below minimum threshold (819M)
[1492.312s][info][gc,ergo     ] Free: 815M, Max: 4096K regular, 296M humongous, Frag: 64% external, 0% internal; Reserve: 412M, Max: 4096K
[1492.312s][info][gc,start    ] GC(153) Concurrent reset
[1492.312s][info][gc,task     ] GC(153) Using 2 of 4 workers for concurrent reset
[1492.312s][info][gc,ergo     ] GC(153) Pacer for Reset. Non-Taxable: 8192M
[1492.326s][info][gc          ] GC(153) Concurrent reset 13.673ms
[1492.326s][info][gc,start    ] GC(153) Pause Init Mark
[1492.326s][info][gc,task     ] GC(153) Using 4 of 4 workers for init marking
[1492.326s][info][gc,ergo     ] GC(153) Pacer for Mark. Expected Live: 456M, Free: 811M, Non-Taxable: 83109K, Alloc Tax Rate: 0.7x
[1492.326s][info][gc          ] GC(153) Pause Init Mark 0.157ms
[1492.326s][info][gc,start    ] GC(153) Concurrent marking roots
[1492.326s][info][gc,task     ] GC(153) Using 2 of 4 workers for concurrent marking roots
[1492.335s][info][gc          ] GC(153) Concurrent marking roots 8.571ms
[1492.335s][info][gc,start    ] GC(153) Concurrent marking
[1492.335s][info][gc,task     ] GC(153) Using 2 of 4 workers for concurrent marking
[1492.569s][info][gc          ] GC(153) Concurrent marking 234.352ms
[1492.569s][info][gc,start    ] GC(153) Pause Final Mark
[1492.569s][info][gc,task     ] GC(153) Using 4 of 4 workers for final marking
[1492.569s][info][gc,ergo     ] GC(153) Adaptive CSet Selection. Target Free: 1160M, Actual Free: 2564M, Max CSet: 341M, Min Garbage: 0B
[1492.569s][info][gc,ergo     ] GC(153) Collectable Garbage: 6456M (99%), Immediate: 1508M (23%), CSet: 4948M (76%)
[1492.569s][info][gc,ergo     ] GC(153) Pacer for Evacuation. Used CSet: 5052M, Free: 2163M, Non-Taxable: 216M, Alloc Tax Rate: 5.7x
[1492.569s][info][gc          ] GC(153) Pause Final Mark 0.296ms
[1492.570s][info][gc,start    ] GC(153) Concurrent thread roots
[1492.570s][info][gc,task     ] GC(153) Using 2 of 4 workers for Concurrent thread roots
[1492.570s][info][gc          ] GC(153) Concurrent thread roots 0.783ms
[1492.570s][info][gc,start    ] GC(153) Concurrent weak references
[1492.570s][info][gc,task     ] GC(153) Using 2 of 4 workers for concurrent weak references
[1492.571s][info][gc,ref      ] GC(153) Encountered references: Soft: 6557, Weak: 23642, Final: 34, Phantom: 1183
[1492.571s][info][gc,ref      ] GC(153) Discovered  references: Soft: 0, Weak: 12526, Final: 0, Phantom: 880
[1492.571s][info][gc,ref      ] GC(153) Enqueued    references: Soft: 0, Weak: 1, Final: 0, Phantom: 0
[1492.571s][info][gc          ] GC(153) Concurrent weak references 0.534ms
[1492.571s][info][gc,start    ] GC(153) Concurrent weak roots
[1492.571s][info][gc,task     ] GC(153) Using 2 of 4 workers for concurrent weak root
[1492.572s][info][gc          ] GC(153) Concurrent weak roots 0.919ms
[1492.572s][info][gc,start    ] GC(153) Concurrent cleanup
[1492.572s][info][gc          ] GC(153) Concurrent cleanup 7133M->5625M(8192M) 0.031ms
[1492.572s][info][gc,ergo     ] GC(153) Free: 2155M, Max: 4096K regular, 296M humongous, Frag: 87% external, 0% internal; Reserve: 411M, Max: 4096K
[1492.572s][info][gc,start    ] GC(153) Concurrent strong roots
[1492.572s][info][gc,task     ] GC(153) Using 2 of 4 workers for concurrent strong root
[1492.578s][info][gc          ] GC(153) Concurrent strong roots 6.161ms
[1492.578s][info][gc,start    ] GC(153) Concurrent evacuation
[1492.578s][info][gc,task     ] GC(153) Using 2 of 4 workers for concurrent evacuation
[1492.628s][info][gc          ] GC(153) Concurrent evacuation 50.339ms
[1492.628s][info][gc,start    ] GC(153) Pause Init Update Refs
[1492.629s][info][gc,ergo     ] GC(153) Pacer for Update Refs. Used: 5748M, Free: 2139M, Non-Taxable: 213M, Alloc Tax Rate: 3.3x
[1492.629s][info][gc          ] GC(153) Pause Init Update Refs 0.046ms
[1492.629s][info][gc,start    ] GC(153) Concurrent update references
[1492.629s][info][gc,task     ] GC(153) Using 2 of 4 workers for concurrent reference update
[1492.781s][info][gc          ] GC(153) Concurrent update references 152.119ms
[1492.781s][info][gc,start    ] GC(153) Concurrent update thread roots
[1492.782s][info][gc          ] GC(153) Concurrent update thread roots 1.399ms
[1492.782s][info][gc,start    ] GC(153) Pause Final Update Refs
[1492.782s][info][gc,task     ] GC(153) Using 4 of 4 workers for final reference update
[1492.782s][info][gc          ] GC(153) Pause Final Update Refs 0.096ms
[1492.782s][info][gc,start    ] GC(153) Concurrent cleanup
[1492.782s][info][gc          ] GC(153) Concurrent cleanup 5864M->812M(8192M) 0.072ms
[1492.782s][info][gc,ergo     ] Free: 6967M, Max: 4096K regular, 5196M humongous, Frag: 26% external, 0% internal; Reserve: 412M, Max: 4096K
[1492.783s][info][gc,stats    ] 
[1492.783s][info][gc,stats    ] All times are wall-clock times, except per-root-class counters, that are sum over
[1492.783s][info][gc,stats    ] all workers. Dividing the <total> over the root stage time estimates parallelism.
[1492.783s][info][gc,stats    ] 
[1492.783s][info][gc,stats    ] Concurrent Reset                  13735 us
[1492.783s][info][gc,stats    ] Pause Init Mark (G)                 275 us
[1492.783s][info][gc,stats    ] Pause Init Mark (N)                 170 us
[1492.783s][info][gc,stats    ]   Update Region States               61 us
[1492.783s][info][gc,stats    ] Concurrent Mark Roots              8604 us, parallelism: 1.92x
[1492.783s][info][gc,stats    ]   CMR: <total>                    16545 us
[1492.783s][info][gc,stats    ]   CMR: Thread Roots                1400 us, workers (us): 662, 738, ---, ---, 
[1492.783s][info][gc,stats    ]   CMR: Code Cache Roots           14290 us, workers (us): 7604, 6686, ---, ---, 
[1492.783s][info][gc,stats    ]   CMR: VM Strong Roots               18 us, workers (us):   9,   8, ---, ---, 
[1492.783s][info][gc,stats    ]   CMR: CLDG Roots                   837 us, workers (us): ---, 837, ---, ---, 
[1492.783s][info][gc,stats    ] Concurrent Marking               234398 us
[1492.783s][info][gc,stats    ] Pause Final Mark (G)                358 us
[1492.783s][info][gc,stats    ] Pause Final Mark (N)                307 us
[1492.783s][info][gc,stats    ]   Finish Mark                        65 us
[1492.783s][info][gc,stats    ]   Update Region States               15 us
[1492.783s][info][gc,stats    ]   Choose Collection Set             151 us
[1492.783s][info][gc,stats    ]   Rebuild Free Set                   10 us
[1492.783s][info][gc,stats    ] Concurrent Thread Roots             801 us, parallelism: 1.82x
[1492.783s][info][gc,stats    ]   CTR: <total>                     1456 us
[1492.783s][info][gc,stats    ]   CTR: Thread Roots                1456 us, workers (us): 742, 714, ---, ---, 
[1492.783s][info][gc,stats    ] Concurrent Weak References          544 us, parallelism: 1.15x
[1492.783s][info][gc,stats    ]   CWRF: <total>                     625 us
[1492.783s][info][gc,stats    ]   CWRF: Weak References             625 us, workers (us): 153, 472, ---, ---, 
[1492.783s][info][gc,stats    ] Concurrent Weak Roots               932 us
[1492.783s][info][gc,stats    ]   Roots                             873 us, parallelism: 1.78x
[1492.783s][info][gc,stats    ]     CWR: <total>                   1553 us
[1492.783s][info][gc,stats    ]     CWR: VM Weak Roots             1553 us, workers (us): 790, 762, ---, ---, 
[1492.783s][info][gc,stats    ]   Rendezvous                         23 us
[1492.783s][info][gc,stats    ] Concurrent Cleanup                   43 us
[1492.783s][info][gc,stats    ] Concurrent Strong Roots            6193 us, parallelism: 1.96x
[1492.783s][info][gc,stats    ]   CSR: <total>                    12146 us
[1492.783s][info][gc,stats    ]   CSR: Code Cache Roots           11920 us, workers (us): 5868, 6052, ---, ---, 
[1492.783s][info][gc,stats    ]   CSR: VM Strong Roots                7 us, workers (us):   7,   0, ---, ---, 
[1492.783s][info][gc,stats    ]   CSR: CLDG Roots                   219 us, workers (us): 219, ---, ---, ---, 
[1492.783s][info][gc,stats    ] Concurrent Evacuation             50406 us
[1492.783s][info][gc,stats    ] Pause Init Update Refs (G)          107 us
[1492.783s][info][gc,stats    ] Pause Init Update Refs (N)           57 us
[1492.783s][info][gc,stats    ]   Manage GCLABs                       5 us
[1492.783s][info][gc,stats    ] Concurrent Update Refs           152169 us
[1492.783s][info][gc,stats    ] Concurrent Update Thread Roots     1415 us
[1492.783s][info][gc,stats    ] Pause Final Update Refs (G)         223 us
[1492.783s][info][gc,stats    ] Pause Final Update Refs (N)         116 us
[1492.783s][info][gc,stats    ]   Update Region States               36 us
[1492.783s][info][gc,stats    ]   Trash Collection Set               12 us
[1492.783s][info][gc,stats    ]   Rebuild Free Set                   11 us
[1492.783s][info][gc,stats    ] Concurrent Cleanup                   86 us
[1492.783s][info][gc,stats    ] 
[1492.783s][info][gc,stats    ] Allocation pacing accrued:
[1492.783s][info][gc,stats    ]       0 of  8692 ms (  0.0%): <total>
[1492.783s][info][gc,stats    ]       0 of  8692 ms (  0.0%): <average total>
[1492.783s][info][gc,stats    ] 
[1492.783s][info][gc,metaspace] Metaspace: 136343K(137792K)->136343K(137792K) NonClass: 115270K(116096K)->115270K(116096K) Class: 21072K(21696K)->21072K(21696K)
[1492.783s][info][gc,ergo     ] Pacer for Idle. Initial: 163M, Alloc Tax Rate: 1.0x
[1503.581s][info][gc          ] Trigger: Free (819M) is below minimum threshold (819M)
[1503.581s][info][gc,ergo     ] Free: 819M, Max: 4096K regular, 296M humongous, Frag: 64% external, 0% internal; Reserve: 412M, Max: 4096K
[1503.581s][info][gc,start    ] GC(154) Concurrent reset
[1503.581s][info][gc,task     ] GC(154) Using 2 of 4 workers for concurrent reset
[1503.581s][info][gc,ergo     ] GC(154) Pacer for Reset. Non-Taxable: 8192M
[1503.595s][info][gc          ] GC(154) Concurrent reset 14.538ms
[1503.596s][info][gc,start    ] GC(154) Pause Init Mark
[1503.596s][info][gc,task     ] GC(154) Using 4 of 4 workers for init marking
[1503.596s][info][gc,ergo     ] GC(154) Pacer for Mark. Expected Live: 459M, Free: 815M, Non-Taxable: 83472K, Alloc Tax Rate: 0.7x
[1503.596s][info][gc          ] GC(154) Pause Init Mark 0.118ms
[1503.596s][info][gc,start    ] GC(154) Concurrent marking roots
[1503.596s][info][gc,task     ] GC(154) Using 2 of 4 workers for concurrent marking roots
[1503.604s][info][gc          ] GC(154) Concurrent marking roots 8.633ms
[1503.604s][info][gc,start    ] GC(154) Concurrent marking
[1503.604s][info][gc,task     ] GC(154) Using 2 of 4 workers for concurrent marking
[1503.822s][info][gc          ] GC(154) Concurrent marking 217.554ms
[1503.822s][info][gc,start    ] GC(154) Pause Final Mark
[1503.822s][info][gc,task     ] GC(154) Using 4 of 4 workers for final marking
[1503.822s][info][gc,ergo     ] GC(154) Adaptive CSet Selection. Target Free: 1160M, Actual Free: 3060M, Max CSet: 341M, Min Garbage: 0B
[1503.822s][info][gc,ergo     ] GC(154) Collectable Garbage: 6487M (99%), Immediate: 1984M (30%), CSet: 4503M (69%)
[1503.822s][info][gc,ergo     ] GC(154) Pacer for Evacuation. Used CSet: 4572M, Free: 2659M, Non-Taxable: 265M, Alloc Tax Rate: 4.2x
[1503.822s][info][gc          ] GC(154) Pause Final Mark 0.307ms
[1503.822s][info][gc,start    ] GC(154) Concurrent thread roots
[1503.822s][info][gc,task     ] GC(154) Using 2 of 4 workers for Concurrent thread roots
[1503.823s][info][gc          ] GC(154) Concurrent thread roots 0.758ms
[1503.823s][info][gc,start    ] GC(154) Concurrent weak references
[1503.823s][info][gc,task     ] GC(154) Using 2 of 4 workers for concurrent weak references
[1503.824s][info][gc,ref      ] GC(154) Encountered references: Soft: 6557, Weak: 23646, Final: 34, Phantom: 1186
[1503.824s][info][gc,ref      ] GC(154) Discovered  references: Soft: 0, Weak: 11656, Final: 1, Phantom: 885
[1503.824s][info][gc,ref      ] GC(154) Enqueued    references: Soft: 0, Weak: 4, Final: 0, Phantom: 0
[1503.824s][info][gc          ] GC(154) Concurrent weak references 0.591ms
[1503.824s][info][gc,start    ] GC(154) Concurrent weak roots
[1503.824s][info][gc,task     ] GC(154) Using 2 of 4 workers for concurrent weak root
[1503.825s][info][gc          ] GC(154) Concurrent weak roots 0.882ms
[1503.825s][info][gc,start    ] GC(154) Concurrent cleanup
[1503.825s][info][gc          ] GC(154) Concurrent cleanup 7113M->5129M(8192M) 0.035ms
[1503.825s][info][gc,ergo     ] GC(154) Free: 2651M, Max: 4096K regular, 296M humongous, Frag: 89% external, 0% internal; Reserve: 411M, Max: 4096K
[1503.825s][info][gc,start    ] GC(154) Concurrent strong roots
[1503.825s][info][gc,task     ] GC(154) Using 2 of 4 workers for concurrent strong root
[1503.831s][info][gc          ] GC(154) Concurrent strong roots 5.918ms
[1503.831s][info][gc,start    ] GC(154) Concurrent evacuation
[1503.831s][info][gc,task     ] GC(154) Using 2 of 4 workers for concurrent evacuation
[1503.867s][info][gc          ] GC(154) Concurrent evacuation 36.773ms
[1503.867s][info][gc,start    ] GC(154) Pause Init Update Refs
[1503.868s][info][gc,ergo     ] GC(154) Pacer for Update Refs. Used: 5216M, Free: 2635M, Non-Taxable: 263M, Alloc Tax Rate: 2.4x
[1503.868s][info][gc          ] GC(154) Pause Init Update Refs 0.051ms
[1503.868s][info][gc,start    ] GC(154) Concurrent update references
[1503.868s][info][gc,task     ] GC(154) Using 2 of 4 workers for concurrent reference update
[1504.001s][info][gc          ] GC(154) Concurrent update references 132.996ms
[1504.001s][info][gc,start    ] GC(154) Concurrent update thread roots
[1504.002s][info][gc          ] GC(154) Concurrent update thread roots 1.424ms
[1504.002s][info][gc,start    ] GC(154) Pause Final Update Refs
[1504.002s][info][gc,task     ] GC(154) Using 4 of 4 workers for final reference update
[1504.002s][info][gc          ] GC(154) Pause Final Update Refs 0.092ms
[1504.002s][info][gc,start    ] GC(154) Concurrent cleanup
[1504.002s][info][gc          ] GC(154) Concurrent cleanup 5280M->708M(8192M) 0.068ms
[1504.002s][info][gc,ergo     ] Free: 7071M, Max: 4096K regular, 5192M humongous, Frag: 27% external, 0% internal; Reserve: 412M, Max: 4096K
[1504.002s][info][gc,stats    ] 
[1504.002s][info][gc,stats    ] All times are wall-clock times, except per-root-class counters, that are sum over
[1504.002s][info][gc,stats    ] all workers. Dividing the <total> over the root stage time estimates parallelism.
[1504.002s][info][gc,stats    ] 
[1504.002s][info][gc,stats    ] Concurrent Reset                  14637 us
[1504.002s][info][gc,stats    ] Pause Init Mark (G)                 192 us
[1504.002s][info][gc,stats    ] Pause Init Mark (N)                 131 us
[1504.002s][info][gc,stats    ]   Update Region States               44 us
[1504.002s][info][gc,stats    ] Concurrent Mark Roots              8659 us, parallelism: 1.96x
[1504.002s][info][gc,stats    ]   CMR: <total>                    16931 us
[1504.002s][info][gc,stats    ]   CMR: Thread Roots                1366 us, workers (us): 700, 666, ---, ---, 
[1504.003s][info][gc,stats    ]   CMR: Code Cache Roots           14581 us, workers (us): 7759, 6822, ---, ---, 
[1504.003s][info][gc,stats    ]   CMR: VM Strong Roots               17 us, workers (us):   9,   8, ---, ---, 
[1504.003s][info][gc,stats    ]   CMR: CLDG Roots                   968 us, workers (us): ---, 968, ---, ---, 
[1504.003s][info][gc,stats    ] Concurrent Marking               217598 us
[1504.003s][info][gc,stats    ] Pause Final Mark (G)                379 us
[1504.003s][info][gc,stats    ] Pause Final Mark (N)                318 us
[1504.003s][info][gc,stats    ]   Finish Mark                        64 us
[1504.003s][info][gc,stats    ]   Update Region States               36 us
[1504.003s][info][gc,stats    ]   Choose Collection Set             141 us
[1504.003s][info][gc,stats    ]   Rebuild Free Set                   10 us
[1504.003s][info][gc,stats    ] Concurrent Thread Roots             780 us, parallelism: 1.81x
[1504.003s][info][gc,stats    ]   CTR: <total>                     1411 us
[1504.003s][info][gc,stats    ]   CTR: Thread Roots                1411 us, workers (us): 721, 689, ---, ---, 
[1504.003s][info][gc,stats    ] Concurrent Weak References          602 us, parallelism: 0.86x
[1504.003s][info][gc,stats    ]   CWRF: <total>                     520 us
[1504.003s][info][gc,stats    ]   CWRF: Weak References             520 us, workers (us):   2, 518, ---, ---, 
[1504.003s][info][gc,stats    ] Concurrent Weak Roots               896 us
[1504.003s][info][gc,stats    ]   Roots                             830 us, parallelism: 1.80x
[1504.003s][info][gc,stats    ]     CWR: <total>                   1494 us
[1504.003s][info][gc,stats    ]     CWR: VM Weak Roots             1494 us, workers (us): 747, 747, ---, ---, 
[1504.003s][info][gc,stats    ]   Rendezvous                         25 us
[1504.003s][info][gc,stats    ] Concurrent Cleanup                   47 us
[1504.003s][info][gc,stats    ] Concurrent Strong Roots            5943 us, parallelism: 1.96x
[1504.003s][info][gc,stats    ]   CSR: <total>                    11661 us
[1504.003s][info][gc,stats    ]   CSR: Code Cache Roots           11428 us, workers (us): 5582, 5846, ---, ---, 
[1504.003s][info][gc,stats    ]   CSR: VM Strong Roots                8 us, workers (us):   4,   4, ---, ---, 
[1504.003s][info][gc,stats    ]   CSR: CLDG Roots                   225 us, workers (us): 225, ---, ---, ---, 
[1504.003s][info][gc,stats    ] Concurrent Evacuation             36829 us
[1504.003s][info][gc,stats    ] Pause Init Update Refs (G)          112 us
[1504.003s][info][gc,stats    ] Pause Init Update Refs (N)           62 us
[1504.003s][info][gc,stats    ]   Manage GCLABs                       9 us
[1504.003s][info][gc,stats    ] Concurrent Update Refs           133038 us
[1504.003s][info][gc,stats    ] Concurrent Update Thread Roots     1448 us
[1504.003s][info][gc,stats    ] Pause Final Update Refs (G)         186 us
[1504.003s][info][gc,stats    ] Pause Final Update Refs (N)         115 us
[1504.003s][info][gc,stats    ]   Update Region States               37 us
[1504.003s][info][gc,stats    ]   Trash Collection Set               10 us
[1504.003s][info][gc,stats    ]   Rebuild Free Set                   10 us
[1504.003s][info][gc,stats    ] Concurrent Cleanup                   82 us
[1504.003s][info][gc,stats    ] 
[1504.003s][info][gc,stats    ] Allocation pacing accrued:
[1504.003s][info][gc,stats    ]       0 of 11220 ms (  0.0%): <total>
[1504.003s][info][gc,stats    ]       0 of 11220 ms (  0.0%): <average total>
[1504.003s][info][gc,stats    ] 
[1504.003s][info][gc,metaspace] Metaspace: 136343K(137792K)->136343K(137792K) NonClass: 115271K(116096K)->115271K(116096K) Class: 21072K(21696K)->21072K(21696K)
[1504.003s][info][gc,ergo     ] Pacer for Idle. Initial: 163M, Alloc Tax Rate: 1.0x
[1511.950s][info][gc          ] Trigger: Average GC time (491.98 ms) is above the time for instantaneous allocation rate (1264 MB/s) to deplete free headroom (537M) (spike threshold = 1.78)
[1511.950s][info][gc,ergo     ] Free: 947M, Max: 4096K regular, 296M humongous, Frag: 69% external, 0% internal; Reserve: 412M, Max: 4096K
[1511.950s][info][gc,start    ] GC(155) Concurrent reset
[1511.950s][info][gc,task     ] GC(155) Using 2 of 4 workers for concurrent reset
[1511.950s][info][gc,ergo     ] GC(155) Pacer for Reset. Non-Taxable: 8192M
[1511.964s][info][gc          ] GC(155) Concurrent reset 14.016ms
[1511.964s][info][gc,start    ] GC(155) Pause Init Mark
[1511.964s][info][gc,task     ] GC(155) Using 4 of 4 workers for init marking
[1511.964s][info][gc,ergo     ] GC(155) Pacer for Mark. Expected Live: 458M, Free: 939M, Non-Taxable: 96158K, Alloc Tax Rate: 0.6x
[1511.964s][info][gc          ] GC(155) Pause Init Mark 0.110ms
[1511.964s][info][gc,start    ] GC(155) Concurrent marking roots
[1511.964s][info][gc,task     ] GC(155) Using 2 of 4 workers for concurrent marking roots
[1511.973s][info][gc          ] GC(155) Concurrent marking roots 8.732ms
[1511.973s][info][gc,start    ] GC(155) Concurrent marking
[1511.973s][info][gc,task     ] GC(155) Using 2 of 4 workers for concurrent marking
[1512.209s][info][gc          ] GC(155) Concurrent marking 236.292ms
[1512.210s][info][gc,start    ] GC(155) Pause Final Mark
[1512.210s][info][gc,task     ] GC(155) Using 4 of 4 workers for final marking
[1512.210s][info][gc,ergo     ] GC(155) Adaptive CSet Selection. Target Free: 1160M, Actual Free: 2840M, Max CSet: 341M, Min Garbage: 0B
[1512.210s][info][gc,ergo     ] GC(155) Collectable Garbage: 6324M (99%), Immediate: 1708M (26%), CSet: 4616M (72%)
[1512.210s][info][gc,ergo     ] GC(155) Pacer for Evacuation. Used CSet: 4724M, Free: 2447M, Non-Taxable: 244M, Alloc Tax Rate: 4.7x
[1512.210s][info][gc          ] GC(155) Pause Final Mark 0.300ms
[1512.210s][info][gc,start    ] GC(155) Concurrent thread roots
[1512.210s][info][gc,task     ] GC(155) Using 2 of 4 workers for Concurrent thread roots
[1512.211s][info][gc          ] GC(155) Concurrent thread roots 0.823ms
[1512.211s][info][gc,start    ] GC(155) Concurrent weak references
[1512.211s][info][gc,task     ] GC(155) Using 2 of 4 workers for concurrent weak references
[1512.211s][info][gc,ref      ] GC(155) Encountered references: Soft: 6557, Weak: 23647, Final: 34, Phantom: 1192
[1512.211s][info][gc,ref      ] GC(155) Discovered  references: Soft: 0, Weak: 13579, Final: 0, Phantom: 886
[1512.211s][info][gc,ref      ] GC(155) Enqueued    references: Soft: 0, Weak: 3, Final: 0, Phantom: 0
[1512.211s][info][gc          ] GC(155) Concurrent weak references 0.669ms
[1512.211s][info][gc,start    ] GC(155) Concurrent weak roots
[1512.211s][info][gc,task     ] GC(155) Using 2 of 4 workers for concurrent weak root
[1512.212s][info][gc          ] GC(155) Concurrent weak roots 0.932ms
[1512.212s][info][gc,start    ] GC(155) Concurrent cleanup
[1512.212s][info][gc          ] GC(155) Concurrent cleanup 7050M->5342M(8192M) 0.037ms
[1512.212s][info][gc,ergo     ] GC(155) Free: 2439M, Max: 4096K regular, 296M humongous, Frag: 88% external, 0% internal; Reserve: 410M, Max: 4096K
[1512.212s][info][gc,start    ] GC(155) Concurrent strong roots
[1512.212s][info][gc,task     ] GC(155) Using 2 of 4 workers for concurrent strong root
[1512.220s][info][gc          ] GC(155) Concurrent strong roots 7.711ms
[1512.220s][info][gc,start    ] GC(155) Concurrent evacuation
[1512.220s][info][gc,task     ] GC(155) Using 2 of 4 workers for concurrent evacuation
[1512.273s][info][gc          ] GC(155) Concurrent evacuation 53.069ms
[1512.273s][info][gc,start    ] GC(155) Pause Init Update Refs
[1512.273s][info][gc,ergo     ] GC(155) Pacer for Update Refs. Used: 5520M, Free: 2371M, Non-Taxable: 237M, Alloc Tax Rate: 2.8x
[1512.273s][info][gc          ] GC(155) Pause Init Update Refs 0.045ms
[1512.273s][info][gc,start    ] GC(155) Concurrent update references
[1512.273s][info][gc,task     ] GC(155) Using 2 of 4 workers for concurrent reference update
[1512.423s][info][gc          ] GC(155) Concurrent update references 149.597ms
[1512.423s][info][gc,start    ] GC(155) Concurrent update thread roots
[1512.424s][info][gc          ] GC(155) Concurrent update thread roots 1.487ms
[1512.425s][info][gc,start    ] GC(155) Pause Final Update Refs
[1512.425s][info][gc,task     ] GC(155) Using 4 of 4 workers for final reference update
[1512.425s][info][gc          ] GC(155) Pause Final Update Refs 0.090ms
[1512.425s][info][gc,start    ] GC(155) Concurrent cleanup
[1512.425s][info][gc          ] GC(155) Concurrent cleanup 5612M->888M(8192M) 0.059ms
[1512.425s][info][gc,ergo     ] Free: 6891M, Max: 4096K regular, 5120M humongous, Frag: 26% external, 0% internal; Reserve: 412M, Max: 4096K
[1512.425s][info][gc,stats    ] 
[1512.425s][info][gc,stats    ] All times are wall-clock times, except per-root-class counters, that are sum over
[1512.425s][info][gc,stats    ] all workers. Dividing the <total> over the root stage time estimates parallelism.
[1512.425s][info][gc,stats    ] 
[1512.425s][info][gc,stats    ] Concurrent Reset                  14076 us
[1512.425s][info][gc,stats    ] Pause Init Mark (G)                 208 us
[1512.425s][info][gc,stats    ] Pause Init Mark (N)                 121 us
[1512.425s][info][gc,stats    ]   Update Region States               49 us
[1512.425s][info][gc,stats    ] Concurrent Mark Roots              8761 us, parallelism: 1.94x
[1512.425s][info][gc,stats    ]   CMR: <total>                    17036 us
[1512.425s][info][gc,stats    ]   CMR: Thread Roots                1414 us, workers (us): 770, 644, ---, ---, 
[1512.425s][info][gc,stats    ]   CMR: Code Cache Roots           14746 us, workers (us): 6887, 7859, ---, ---, 
[1512.425s][info][gc,stats    ]   CMR: VM Strong Roots               25 us, workers (us):  12,  13, ---, ---, 
[1512.425s][info][gc,stats    ]   CMR: CLDG Roots                   852 us, workers (us): 852, ---, ---, ---, 
[1512.425s][info][gc,stats    ] Concurrent Marking               236344 us
[1512.425s][info][gc,stats    ] Pause Final Mark (G)                329 us
[1512.425s][info][gc,stats    ] Pause Final Mark (N)                311 us
[1512.425s][info][gc,stats    ]   Finish Mark                        78 us
[1512.425s][info][gc,stats    ]   Update Region States               20 us
[1512.425s][info][gc,stats    ]   Choose Collection Set             134 us
[1512.425s][info][gc,stats    ]   Rebuild Free Set                   10 us
[1512.425s][info][gc,stats    ] Concurrent Thread Roots             845 us, parallelism: 1.83x
[1512.425s][info][gc,stats    ]   CTR: <total>                     1545 us
[1512.425s][info][gc,stats    ]   CTR: Thread Roots                1545 us, workers (us): 777, 768, ---, ---, 
[1512.425s][info][gc,stats    ] Concurrent Weak References          679 us, parallelism: 0.97x
[1512.425s][info][gc,stats    ]   CWRF: <total>                     656 us
[1512.425s][info][gc,stats    ]   CWRF: Weak References             656 us, workers (us):  54, 601, ---, ---, 
[1512.425s][info][gc,stats    ] Concurrent Weak Roots               953 us
[1512.425s][info][gc,stats    ]   Roots                             845 us, parallelism: 1.81x
[1512.425s][info][gc,stats    ]     CWR: <total>                   1528 us
[1512.425s][info][gc,stats    ]     CWR: VM Weak Roots             1528 us, workers (us): 764, 764, ---, ---, 
[1512.425s][info][gc,stats    ]   Rendezvous                         66 us
[1512.425s][info][gc,stats    ] Concurrent Cleanup                   50 us
[1512.425s][info][gc,stats    ] Concurrent Strong Roots            7744 us, parallelism: 1.95x
[1512.425s][info][gc,stats    ]   CSR: <total>                    15077 us
[1512.425s][info][gc,stats    ]   CSR: Code Cache Roots           14765 us, workers (us): 7187, 7578, ---, ---, 
[1512.425s][info][gc,stats    ]   CSR: VM Strong Roots                8 us, workers (us):   4,   4, ---, ---, 
[1512.425s][info][gc,stats    ]   CSR: CLDG Roots                   303 us, workers (us): 303, ---, ---, ---, 
[1512.425s][info][gc,stats    ] Concurrent Evacuation             53104 us
[1512.425s][info][gc,stats    ] Pause Init Update Refs (G)           78 us
[1512.425s][info][gc,stats    ] Pause Init Update Refs (N)           56 us
[1512.425s][info][gc,stats    ]   Manage GCLABs                       6 us
[1512.425s][info][gc,stats    ] Concurrent Update Refs           149630 us
[1512.425s][info][gc,stats    ] Concurrent Update Thread Roots     1500 us
[1512.425s][info][gc,stats    ] Pause Final Update Refs (G)         156 us
[1512.425s][info][gc,stats    ] Pause Final Update Refs (N)         116 us
[1512.425s][info][gc,stats    ]   Update Region States               29 us
[1512.425s][info][gc,stats    ]   Trash Collection Set               14 us
[1512.425s][info][gc,stats    ]   Rebuild Free Set                   11 us
[1512.425s][info][gc,stats    ] Concurrent Cleanup                   72 us
[1512.425s][info][gc,stats    ] 
[1512.425s][info][gc,stats    ] Allocation pacing accrued:
[1512.425s][info][gc,stats    ]       0 of  8422 ms (  0.0%): <total>
[1512.425s][info][gc,stats    ]       0 of  8422 ms (  0.0%): <average total>
[1512.425s][info][gc,stats    ] 
[1512.425s][info][gc,metaspace] Metaspace: 136343K(137792K)->136343K(137792K) NonClass: 115271K(116096K)->115271K(116096K) Class: 21072K(21696K)->21072K(21696K)
[1512.425s][info][gc,ergo     ] Pacer for Idle. Initial: 163M, Alloc Tax Rate: 1.0x
[1520.979s][info][gc          ] Trigger: Free (819M) is below minimum threshold (819M)
[1520.979s][info][gc,ergo     ] Free: 819M, Max: 4096K regular, 296M humongous, Frag: 63% external, 0% internal; Reserve: 412M, Max: 4096K
[1520.979s][info][gc,start    ] GC(156) Concurrent reset
[1520.979s][info][gc,task     ] GC(156) Using 2 of 4 workers for concurrent reset
[1520.979s][info][gc,ergo     ] GC(156) Pacer for Reset. Non-Taxable: 8192M
[1520.999s][info][gc          ] GC(156) Concurrent reset 20.009ms
[1521.000s][info][gc,start    ] GC(156) Pause Init Mark
[1521.000s][info][gc,task     ] GC(156) Using 4 of 4 workers for init marking
[1521.000s][info][gc,ergo     ] GC(156) Pacer for Mark. Expected Live: 456M, Free: 799M, Non-Taxable: 81821K, Alloc Tax Rate: 0.7x
[1521.000s][info][gc          ] GC(156) Pause Init Mark 0.114ms
[1521.000s][info][gc,start    ] GC(156) Concurrent marking roots
[1521.000s][info][gc,task     ] GC(156) Using 2 of 4 workers for concurrent marking roots
[1521.009s][info][gc          ] GC(156) Concurrent marking roots 9.611ms
[1521.009s][info][gc,start    ] GC(156) Concurrent marking
[1521.009s][info][gc,task     ] GC(156) Using 2 of 4 workers for concurrent marking
[1521.229s][info][gc          ] GC(156) Concurrent marking 219.313ms
[1521.229s][info][gc,start    ] GC(156) Pause Final Mark
[1521.229s][info][gc,task     ] GC(156) Using 4 of 4 workers for final marking
[1521.229s][info][gc,ergo     ] GC(156) Adaptive CSet Selection. Target Free: 1160M, Actual Free: 3864M, Max CSet: 341M, Min Garbage: 0B
[1521.229s][info][gc,ergo     ] GC(156) Collectable Garbage: 6517M (99%), Immediate: 2816M (42%), CSet: 3701M (56%)
[1521.229s][info][gc,ergo     ] GC(156) Pacer for Evacuation. Used CSet: 3756M, Free: 3463M, Non-Taxable: 346M, Alloc Tax Rate: 2.7x
[1521.229s][info][gc          ] GC(156) Pause Final Mark 0.346ms
[1521.229s][info][gc,start    ] GC(156) Concurrent thread roots
[1521.229s][info][gc,task     ] GC(156) Using 2 of 4 workers for Concurrent thread roots
[1521.230s][info][gc          ] GC(156) Concurrent thread roots 0.871ms
[1521.230s][info][gc,start    ] GC(156) Concurrent weak references
[1521.230s][info][gc,task     ] GC(156) Using 2 of 4 workers for concurrent weak references
[1521.231s][info][gc,ref      ] GC(156) Encountered references: Soft: 6557, Weak: 23647, Final: 34, Phantom: 1195
[1521.231s][info][gc,ref      ] GC(156) Discovered  references: Soft: 0, Weak: 11604, Final: 0, Phantom: 1132
[1521.231s][info][gc,ref      ] GC(156) Enqueued    references: Soft: 0, Weak: 2, Final: 0, Phantom: 0
[1521.231s][info][gc          ] GC(156) Concurrent weak references 0.906ms
[1521.231s][info][gc,start    ] GC(156) Concurrent weak roots
[1521.231s][info][gc,task     ] GC(156) Using 2 of 4 workers for concurrent weak root
[1521.232s][info][gc          ] GC(156) Concurrent weak roots 1.330ms
[1521.232s][info][gc,start    ] GC(156) Concurrent cleanup
[1521.232s][info][gc          ] GC(156) Concurrent cleanup 7141M->4325M(8192M) 0.051ms
[1521.232s][info][gc,ergo     ] GC(156) Free: 3455M, Max: 4096K regular, 296M humongous, Frag: 92% external, 0% internal; Reserve: 411M, Max: 4096K
[1521.232s][info][gc,start    ] GC(156) Concurrent strong roots
[1521.232s][info][gc,task     ] GC(156) Using 2 of 4 workers for concurrent strong root
[1521.241s][info][gc          ] GC(156) Concurrent strong roots 8.473ms
[1521.241s][info][gc,start    ] GC(156) Concurrent evacuation
[1521.241s][info][gc,task     ] GC(156) Using 2 of 4 workers for concurrent evacuation
[1521.271s][info][gc          ] GC(156) Concurrent evacuation 30.409ms
[1521.271s][info][gc,start    ] GC(156) Pause Init Update Refs
[1521.271s][info][gc,ergo     ] GC(156) Pacer for Update Refs. Used: 4396M, Free: 3443M, Non-Taxable: 344M, Alloc Tax Rate: 1.6x
[1521.271s][info][gc          ] GC(156) Pause Init Update Refs 0.045ms
[1521.271s][info][gc,start    ] GC(156) Concurrent update references
[1521.271s][info][gc,task     ] GC(156) Using 2 of 4 workers for concurrent reference update
[1521.406s][info][gc          ] GC(156) Concurrent update references 134.887ms
[1521.406s][info][gc,start    ] GC(156) Concurrent update thread roots
[1521.408s][info][gc          ] GC(156) Concurrent update thread roots 1.455ms
[1521.408s][info][gc,start    ] GC(156) Pause Final Update Refs
[1521.408s][info][gc,task     ] GC(156) Using 4 of 4 workers for final reference update
[1521.408s][info][gc          ] GC(156) Pause Final Update Refs 0.144ms
[1521.408s][info][gc,start    ] GC(156) Concurrent cleanup
[1521.408s][info][gc          ] GC(156) Concurrent cleanup 4472M->716M(8192M) 0.058ms
[1521.408s][info][gc,ergo     ] Free: 7063M, Max: 4096K regular, 5360M humongous, Frag: 24% external, 0% internal; Reserve: 412M, Max: 4096K
[1521.408s][info][gc,stats    ] 
[1521.408s][info][gc,stats    ] All times are wall-clock times, except per-root-class counters, that are sum over
[1521.408s][info][gc,stats    ] all workers. Dividing the <total> over the root stage time estimates parallelism.
[1521.408s][info][gc,stats    ] 
[1521.408s][info][gc,stats    ] Concurrent Reset                  20060 us
[1521.408s][info][gc,stats    ] Pause Init Mark (G)                 199 us
[1521.408s][info][gc,stats    ] Pause Init Mark (N)                 126 us
[1521.408s][info][gc,stats    ]   Update Region States               44 us
[1521.408s][info][gc,stats    ] Concurrent Mark Roots              9639 us, parallelism: 1.94x
[1521.408s][info][gc,stats    ]   CMR: <total>                    18693 us
[1521.408s][info][gc,stats    ]   CMR: Thread Roots                1499 us, workers (us): 761, 738, ---, ---, 
[1521.408s][info][gc,stats    ]   CMR: Code Cache Roots           15721 us, workers (us): 7127, 8594, ---, ---, 
[1521.408s][info][gc,stats    ]   CMR: VM Strong Roots               23 us, workers (us):  12,  11, ---, ---, 
[1521.408s][info][gc,stats    ]   CMR: CLDG Roots                  1450 us, workers (us): 1450, ---, ---, ---, 
[1521.408s][info][gc,stats    ] Concurrent Marking               219370 us
[1521.408s][info][gc,stats    ] Pause Final Mark (G)                445 us
[1521.408s][info][gc,stats    ] Pause Final Mark (N)                357 us
[1521.408s][info][gc,stats    ]   Finish Mark                        94 us
[1521.408s][info][gc,stats    ]   Update Region States               54 us
[1521.408s][info][gc,stats    ]   Choose Collection Set             130 us
[1521.408s][info][gc,stats    ]   Rebuild Free Set                   12 us
[1521.408s][info][gc,stats    ] Concurrent Thread Roots             893 us, parallelism: 1.82x
[1521.409s][info][gc,stats    ]   CTR: <total>                     1625 us
[1521.409s][info][gc,stats    ]   CTR: Thread Roots                1625 us, workers (us): 826, 799, ---, ---, 
[1521.409s][info][gc,stats    ] Concurrent Weak References          917 us, parallelism: 0.91x
[1521.409s][info][gc,stats    ]   CWRF: <total>                     836 us
[1521.409s][info][gc,stats    ]   CWRF: Weak References             836 us, workers (us):  99, 737, ---, ---, 
[1521.409s][info][gc,stats    ] Concurrent Weak Roots              1352 us
[1521.409s][info][gc,stats    ]   Roots                            1156 us, parallelism: 1.68x
[1521.409s][info][gc,stats    ]     CWR: <total>                   1943 us
[1521.409s][info][gc,stats    ]     CWR: VM Weak Roots             1943 us, workers (us): 984, 959, ---, ---, 
[1521.409s][info][gc,stats    ]   Rendezvous                        151 us
[1521.409s][info][gc,stats    ] Concurrent Cleanup                   64 us
[1521.409s][info][gc,stats    ] Concurrent Strong Roots            8519 us, parallelism: 1.96x
[1521.409s][info][gc,stats    ]   CSR: <total>                    16690 us
[1521.409s][info][gc,stats    ]   CSR: Code Cache Roots           16252 us, workers (us): 7906, 8346, ---, ---, 
[1521.409s][info][gc,stats    ]   CSR: VM Strong Roots               11 us, workers (us):   4,   6, ---, ---, 
[1521.409s][info][gc,stats    ]   CSR: CLDG Roots                   427 us, workers (us): 427, ---, ---, ---, 
[1521.409s][info][gc,stats    ] Concurrent Evacuation             30455 us
[1521.409s][info][gc,stats    ] Pause Init Update Refs (G)           83 us
[1521.409s][info][gc,stats    ] Pause Init Update Refs (N)           60 us
[1521.409s][info][gc,stats    ]   Manage GCLABs                       5 us
[1521.409s][info][gc,stats    ] Concurrent Update Refs           134931 us
[1521.409s][info][gc,stats    ] Concurrent Update Thread Roots     1477 us
[1521.409s][info][gc,stats    ] Pause Final Update Refs (G)         311 us
[1521.409s][info][gc,stats    ] Pause Final Update Refs (N)         168 us
[1521.409s][info][gc,stats    ]   Update Region States               82 us
[1521.409s][info][gc,stats    ]   Trash Collection Set               13 us
[1521.409s][info][gc,stats    ]   Rebuild Free Set                   13 us
[1521.409s][info][gc,stats    ] Concurrent Cleanup                   72 us
[1521.409s][info][gc,stats    ] 
[1521.409s][info][gc,stats    ] Allocation pacing accrued:
[1521.409s][info][gc,stats    ]       0 of  8984 ms (  0.0%): <total>
[1521.409s][info][gc,stats    ]       0 of  8984 ms (  0.0%): <average total>
[1521.409s][info][gc,stats    ] 
[1521.409s][info][gc,metaspace] Metaspace: 136344K(137792K)->136344K(137792K) NonClass: 115272K(116096K)->115272K(116096K) Class: 21072K(21696K)->21072K(21696K)
[1521.409s][info][gc,ergo     ] Pacer for Idle. Initial: 163M, Alloc Tax Rate: 1.0x
[1529.866s][info][gc          ] Trigger: Average GC time (486.82 ms) is above the time for instantaneous allocation rate (1553 MB/s) to deplete free headroom (685M) (spike threshold = 1.77)
[1529.866s][info][gc,ergo     ] Free: 1095M, Max: 4096K regular, 396M humongous, Frag: 64% external, 0% internal; Reserve: 412M, Max: 4096K
[1529.866s][info][gc,start    ] GC(157) Concurrent reset
[1529.866s][info][gc,task     ] GC(157) Using 2 of 4 workers for concurrent reset
[1529.866s][info][gc,ergo     ] GC(157) Pacer for Reset. Non-Taxable: 8192M
[1529.882s][info][gc          ] GC(157) Concurrent reset 16.217ms
[1529.882s][info][gc,start    ] GC(157) Pause Init Mark
[1529.882s][info][gc,task     ] GC(157) Using 4 of 4 workers for init marking
[1529.883s][info][gc,ergo     ] GC(157) Pacer for Mark. Expected Live: 458M, Free: 1091M, Non-Taxable: 109M, Alloc Tax Rate: 0.5x
[1529.883s][info][gc          ] GC(157) Pause Init Mark 0.168ms
[1529.883s][info][gc,start    ] GC(157) Concurrent marking roots
[1529.883s][info][gc,task     ] GC(157) Using 2 of 4 workers for concurrent marking roots
[1529.892s][info][gc          ] GC(157) Concurrent marking roots 8.868ms
[1529.892s][info][gc,start    ] GC(157) Concurrent marking
[1529.892s][info][gc,task     ] GC(157) Using 2 of 4 workers for concurrent marking
[1530.123s][info][gc          ] GC(157) Concurrent marking 231.853ms
[1530.124s][info][gc,start    ] GC(157) Pause Final Mark
[1530.124s][info][gc,task     ] GC(157) Using 4 of 4 workers for final marking
[1530.124s][info][gc,ergo     ] GC(157) Adaptive CSet Selection. Target Free: 1160M, Actual Free: 2560M, Max CSet: 341M, Min Garbage: 0B
[1530.124s][info][gc,ergo     ] GC(157) Collectable Garbage: 6189M (99%), Immediate: 1204M (19%), CSet: 4985M (80%)
[1530.124s][info][gc,ergo     ] GC(157) Pacer for Evacuation. Used CSet: 5076M, Free: 2163M, Non-Taxable: 216M, Alloc Tax Rate: 5.7x
[1530.124s][info][gc          ] GC(157) Pause Final Mark 0.391ms
[1530.124s][info][gc,start    ] GC(157) Concurrent thread roots
[1530.124s][info][gc,task     ] GC(157) Using 2 of 4 workers for Concurrent thread roots
[1530.125s][info][gc          ] GC(157) Concurrent thread roots 0.788ms
[1530.125s][info][gc,start    ] GC(157) Concurrent weak references
[1530.125s][info][gc,task     ] GC(157) Using 2 of 4 workers for concurrent weak references
[1530.126s][info][gc,ref      ] GC(157) Encountered references: Soft: 6557, Weak: 23650, Final: 34, Phantom: 1201
[1530.126s][info][gc,ref      ] GC(157) Discovered  references: Soft: 0, Weak: 13400, Final: 0, Phantom: 892
[1530.126s][info][gc,ref      ] GC(157) Enqueued    references: Soft: 0, Weak: 3, Final: 0, Phantom: 0
[1530.126s][info][gc          ] GC(157) Concurrent weak references 1.070ms
[1530.126s][info][gc,start    ] GC(157) Concurrent weak roots
[1530.126s][info][gc,task     ] GC(157) Using 2 of 4 workers for concurrent weak root
[1530.127s][info][gc          ] GC(157) Concurrent weak roots 0.932ms
[1530.127s][info][gc,start    ] GC(157) Concurrent cleanup
[1530.127s][info][gc          ] GC(157) Concurrent cleanup 6829M->5625M(8192M) 0.030ms
[1530.127s][info][gc,ergo     ] GC(157) Free: 2155M, Max: 4096K regular, 296M humongous, Frag: 87% external, 0% internal; Reserve: 411M, Max: 4096K
[1530.127s][info][gc,start    ] GC(157) Concurrent strong roots
[1530.127s][info][gc,task     ] GC(157) Using 2 of 4 workers for concurrent strong root
[1530.133s][info][gc          ] GC(157) Concurrent strong roots 6.026ms
[1530.133s][info][gc,start    ] GC(157) Concurrent evacuation
[1530.133s][info][gc,task     ] GC(157) Using 2 of 4 workers for concurrent evacuation
[1530.186s][info][gc          ] GC(157) Concurrent evacuation 53.425ms
[1530.186s][info][gc,start    ] GC(157) Pause Init Update Refs
[1530.186s][info][gc,ergo     ] GC(157) Pacer for Update Refs. Used: 5744M, Free: 2131M, Non-Taxable: 213M, Alloc Tax Rate: 3.3x
[1530.186s][info][gc          ] GC(157) Pause Init Update Refs 0.049ms
[1530.187s][info][gc,start    ] GC(157) Concurrent update references
[1530.187s][info][gc,task     ] GC(157) Using 2 of 4 workers for concurrent reference update
[1530.335s][info][gc          ] GC(157) Concurrent update references 148.170ms
[1530.335s][info][gc,start    ] GC(157) Concurrent update thread roots
[1530.336s][info][gc          ] GC(157) Concurrent update thread roots 1.419ms
[1530.336s][info][gc,start    ] GC(157) Pause Final Update Refs
[1530.336s][info][gc,task     ] GC(157) Using 4 of 4 workers for final reference update
[1530.336s][info][gc          ] GC(157) Pause Final Update Refs 0.107ms
[1530.336s][info][gc,start    ] GC(157) Concurrent cleanup
[1530.336s][info][gc          ] GC(157) Concurrent cleanup 5822M->750M(8192M) 0.071ms
[1530.337s][info][gc,ergo     ] Free: 7029M, Max: 4096K regular, 4968M humongous, Frag: 30% external, 0% internal; Reserve: 412M, Max: 4096K
[1530.337s][info][gc,stats    ] 
[1530.337s][info][gc,stats    ] All times are wall-clock times, except per-root-class counters, that are sum over
[1530.337s][info][gc,stats    ] all workers. Dividing the <total> over the root stage time estimates parallelism.
[1530.337s][info][gc,stats    ] 
[1530.337s][info][gc,stats    ] Concurrent Reset                  16313 us
[1530.337s][info][gc,stats    ] Pause Init Mark (G)                 317 us
[1530.337s][info][gc,stats    ] Pause Init Mark (N)                 186 us
[1530.337s][info][gc,stats    ]   Update Region States               62 us
[1530.337s][info][gc,stats    ] Concurrent Mark Roots              8930 us, parallelism: 1.93x
[1530.337s][info][gc,stats    ]   CMR: <total>                    17239 us
[1530.337s][info][gc,stats    ]   CMR: Thread Roots                1949 us, workers (us): 980, 969, ---, ---, 
[1530.337s][info][gc,stats    ]   CMR: Code Cache Roots           14361 us, workers (us): 7632, 6729, ---, ---, 
[1530.337s][info][gc,stats    ]   CMR: VM Strong Roots               19 us, workers (us):  10,   9, ---, ---, 
[1530.337s][info][gc,stats    ]   CMR: CLDG Roots                   910 us, workers (us): ---, 910, ---, ---, 
[1530.337s][info][gc,stats    ] Concurrent Marking               231902 us
[1530.337s][info][gc,stats    ] Pause Final Mark (G)                430 us
[1530.337s][info][gc,stats    ] Pause Final Mark (N)                402 us
[1530.337s][info][gc,stats    ]   Finish Mark                       101 us
[1530.337s][info][gc,stats    ]   Update Region States               77 us
[1530.337s][info][gc,stats    ]   Choose Collection Set             148 us
[1530.337s][info][gc,stats    ]   Rebuild Free Set                    9 us
[1530.337s][info][gc,stats    ] Concurrent Thread Roots             811 us, parallelism: 1.81x
[1530.337s][info][gc,stats    ]   CTR: <total>                     1469 us
[1530.337s][info][gc,stats    ]   CTR: Thread Roots                1469 us, workers (us): 751, 717, ---, ---, 
[1530.337s][info][gc,stats    ] Concurrent Weak References         1081 us, parallelism: 0.95x
[1530.337s][info][gc,stats    ]   CWRF: <total>                    1030 us
[1530.337s][info][gc,stats    ]   CWRF: Weak References            1030 us, workers (us): 994,  36, ---, ---, 
[1530.337s][info][gc,stats    ] Concurrent Weak Roots               947 us
[1530.337s][info][gc,stats    ]   Roots                             888 us, parallelism: 1.77x
[1530.337s][info][gc,stats    ]     CWR: <total>                   1576 us
[1530.337s][info][gc,stats    ]     CWR: VM Weak Roots             1576 us, workers (us): 800, 776, ---, ---, 
[1530.337s][info][gc,stats    ]   Rendezvous                         23 us
[1530.337s][info][gc,stats    ] Concurrent Cleanup                   43 us
[1530.337s][info][gc,stats    ] Concurrent Strong Roots            6053 us, parallelism: 1.94x
[1530.337s][info][gc,stats    ]   CSR: <total>                    11765 us
[1530.337s][info][gc,stats    ]   CSR: Code Cache Roots           11533 us, workers (us): 5660, 5873, ---, ---, 
[1530.337s][info][gc,stats    ]   CSR: VM Strong Roots                8 us, workers (us):   7,   0, ---, ---, 
[1530.337s][info][gc,stats    ]   CSR: CLDG Roots                   225 us, workers (us): 225, ---, ---, ---, 
[1530.337s][info][gc,stats    ] Concurrent Evacuation             53475 us
[1530.337s][info][gc,stats    ] Pause Init Update Refs (G)          129 us
[1530.337s][info][gc,stats    ] Pause Init Update Refs (N)           61 us
[1530.337s][info][gc,stats    ]   Manage GCLABs                       6 us
[1530.337s][info][gc,stats    ] Concurrent Update Refs           148210 us
[1530.337s][info][gc,stats    ] Concurrent Update Thread Roots     1487 us
[1530.337s][info][gc,stats    ] Pause Final Update Refs (G)         215 us
[1530.337s][info][gc,stats    ] Pause Final Update Refs (N)         121 us
[1530.337s][info][gc,stats    ]   Update Region States               37 us
[1530.337s][info][gc,stats    ]   Trash Collection Set               15 us
[1530.337s][info][gc,stats    ]   Rebuild Free Set                   10 us
[1530.337s][info][gc,stats    ] Concurrent Cleanup                   84 us
[1530.337s][info][gc,stats    ] 
[1530.337s][info][gc,stats    ] Allocation pacing accrued:
[1530.337s][info][gc,stats    ]       0 of  8928 ms (  0.0%): <total>
[1530.337s][info][gc,stats    ]       0 of  8928 ms (  0.0%): <average total>
[1530.337s][info][gc,stats    ] 
[1530.337s][info][gc,metaspace] Metaspace: 136344K(137792K)->136344K(137792K) NonClass: 115272K(116096K)->115272K(116096K) Class: 21072K(21696K)->21072K(21696K)
[1530.337s][info][gc,ergo     ] Pacer for Idle. Initial: 163M, Alloc Tax Rate: 1.0x
[1538.599s][info][gc          ] Trigger: Free (811M) is below minimum threshold (819M)
[1538.599s][info][gc,ergo     ] Free: 811M, Max: 4096K regular, 296M humongous, Frag: 63% external, 0% internal; Reserve: 412M, Max: 4096K
[1538.599s][info][gc,start    ] GC(158) Concurrent reset
[1538.599s][info][gc,task     ] GC(158) Using 2 of 4 workers for concurrent reset
[1538.599s][info][gc,ergo     ] GC(158) Pacer for Reset. Non-Taxable: 8192M
[1538.616s][info][gc          ] GC(158) Concurrent reset 16.858ms
[1538.616s][info][gc,start    ] GC(158) Pause Init Mark
[1538.616s][info][gc,task     ] GC(158) Using 4 of 4 workers for init marking
[1538.617s][info][gc,ergo     ] GC(158) Pacer for Mark. Expected Live: 458M, Free: 799M, Non-Taxable: 81857K, Alloc Tax Rate: 0.7x
[1538.617s][info][gc          ] GC(158) Pause Init Mark 0.130ms
[1538.617s][info][gc,start    ] GC(158) Concurrent marking roots
[1538.617s][info][gc,task     ] GC(158) Using 2 of 4 workers for concurrent marking roots
[1538.625s][info][gc          ] GC(158) Concurrent marking roots 8.748ms
[1538.625s][info][gc,start    ] GC(158) Concurrent marking
[1538.625s][info][gc,task     ] GC(158) Using 2 of 4 workers for concurrent marking
[1538.856s][info][gc          ] GC(158) Concurrent marking 231.103ms
[1538.857s][info][gc,start    ] GC(158) Pause Final Mark
[1538.857s][info][gc,task     ] GC(158) Using 4 of 4 workers for final marking
[1538.857s][info][gc,ergo     ] GC(158) Adaptive CSet Selection. Target Free: 1160M, Actual Free: 3188M, Max CSet: 341M, Min Garbage: 0B
[1538.857s][info][gc,ergo     ] GC(158) Collectable Garbage: 6480M (99%), Immediate: 2220M (34%), CSet: 4260M (65%)
[1538.857s][info][gc,ergo     ] GC(158) Pacer for Evacuation. Used CSet: 4348M, Free: 2787M, Non-Taxable: 278M, Alloc Tax Rate: 3.8x
[1538.857s][info][gc          ] GC(158) Pause Final Mark 0.288ms
[1538.857s][info][gc,start    ] GC(158) Concurrent thread roots
[1538.857s][info][gc,task     ] GC(158) Using 2 of 4 workers for Concurrent thread roots
[1538.858s][info][gc          ] GC(158) Concurrent thread roots 0.794ms
[1538.858s][info][gc,start    ] GC(158) Concurrent weak references
[1538.858s][info][gc,task     ] GC(158) Using 2 of 4 workers for concurrent weak references
[1538.858s][info][gc,ref      ] GC(158) Encountered references: Soft: 6557, Weak: 23650, Final: 34, Phantom: 1201
[1538.858s][info][gc,ref      ] GC(158) Discovered  references: Soft: 0, Weak: 13543, Final: 0, Phantom: 899
[1538.858s][info][gc,ref      ] GC(158) Enqueued    references: Soft: 0, Weak: 3, Final: 0, Phantom: 0
[1538.858s][info][gc          ] GC(158) Concurrent weak references 0.624ms
[1538.858s][info][gc,start    ] GC(158) Concurrent weak roots
[1538.858s][info][gc,task     ] GC(158) Using 2 of 4 workers for concurrent weak root
[1538.859s][info][gc          ] GC(158) Concurrent weak roots 0.883ms
[1538.859s][info][gc,start    ] GC(158) Concurrent cleanup
[1538.859s][info][gc          ] GC(158) Concurrent cleanup 7220M->5000M(8192M) 0.038ms
[1538.859s][info][gc,ergo     ] GC(158) Free: 2779M, Max: 4096K regular, 288M humongous, Frag: 90% external, 0% internal; Reserve: 411M, Max: 4096K
[1538.859s][info][gc,start    ] GC(158) Concurrent strong roots
[1538.859s][info][gc,task     ] GC(158) Using 2 of 4 workers for concurrent strong root
[1538.865s][info][gc          ] GC(158) Concurrent strong roots 6.111ms
[1538.865s][info][gc,start    ] GC(158) Concurrent evacuation
[1538.865s][info][gc,task     ] GC(158) Using 2 of 4 workers for concurrent evacuation
[1538.911s][info][gc          ] GC(158) Concurrent evacuation 45.874ms
[1538.911s][info][gc,start    ] GC(158) Pause Init Update Refs
[1538.911s][info][gc,ergo     ] GC(158) Pacer for Update Refs. Used: 5128M, Free: 2743M, Non-Taxable: 274M, Alloc Tax Rate: 2.3x
[1538.911s][info][gc          ] GC(158) Pause Init Update Refs 0.046ms
[1538.911s][info][gc,start    ] GC(158) Concurrent update references
[1538.911s][info][gc,task     ] GC(158) Using 2 of 4 workers for concurrent reference update
[1539.070s][info][gc          ] GC(158) Concurrent update references 158.209ms
[1539.070s][info][gc,start    ] GC(158) Concurrent update thread roots
[1539.071s][info][gc          ] GC(158) Concurrent update thread roots 1.387ms
[1539.071s][info][gc,start    ] GC(158) Pause Final Update Refs
[1539.071s][info][gc,task     ] GC(158) Using 4 of 4 workers for final reference update
[1539.071s][info][gc          ] GC(158) Pause Final Update Refs 0.089ms
[1539.071s][info][gc,start    ] GC(158) Concurrent cleanup
[1539.071s][info][gc          ] GC(158) Concurrent cleanup 5220M->872M(8192M) 0.066ms
[1539.071s][info][gc,ergo     ] Free: 6907M, Max: 4096K regular, 5264M humongous, Frag: 24% external, 0% internal; Reserve: 412M, Max: 4096K
[1539.071s][info][gc,stats    ] 
[1539.071s][info][gc,stats    ] All times are wall-clock times, except per-root-class counters, that are sum over
[1539.071s][info][gc,stats    ] all workers. Dividing the <total> over the root stage time estimates parallelism.
[1539.071s][info][gc,stats    ] 
[1539.071s][info][gc,stats    ] Concurrent Reset                  16961 us
[1539.071s][info][gc,stats    ] Pause Init Mark (G)                 254 us
[1539.071s][info][gc,stats    ] Pause Init Mark (N)                 143 us
[1539.071s][info][gc,stats    ]   Update Region States               55 us
[1539.071s][info][gc,stats    ] Concurrent Mark Roots              8786 us, parallelism: 1.94x
[1539.071s][info][gc,stats    ]   CMR: <total>                    17064 us
[1539.071s][info][gc,stats    ]   CMR: Thread Roots                1490 us, workers (us): 736, 754, ---, ---, 
[1539.071s][info][gc,stats    ]   CMR: Code Cache Roots           14615 us, workers (us): 7793, 6822, ---, ---, 
[1539.071s][info][gc,stats    ]   CMR: VM Strong Roots               15 us, workers (us):   8,   7, ---, ---, 
[1539.071s][info][gc,stats    ]   CMR: CLDG Roots                   944 us, workers (us): ---, 944, ---, ---, 
[1539.071s][info][gc,stats    ] Concurrent Marking               231151 us
[1539.072s][info][gc,stats    ] Pause Final Mark (G)                318 us
[1539.072s][info][gc,stats    ] Pause Final Mark (N)                299 us
[1539.072s][info][gc,stats    ]   Finish Mark                        65 us
[1539.072s][info][gc,stats    ]   Update Region States               16 us
[1539.072s][info][gc,stats    ]   Choose Collection Set             139 us
[1539.072s][info][gc,stats    ]   Rebuild Free Set                   11 us
[1539.072s][info][gc,stats    ] Concurrent Thread Roots             812 us, parallelism: 1.86x
[1539.072s][info][gc,stats    ]   CTR: <total>                     1510 us
[1539.072s][info][gc,stats    ]   CTR: Thread Roots                1510 us, workers (us): 753, 757, ---, ---, 
[1539.072s][info][gc,stats    ] Concurrent Weak References          634 us, parallelism: 0.99x
[1539.072s][info][gc,stats    ]   CWRF: <total>                     625 us
[1539.072s][info][gc,stats    ]   CWRF: Weak References             625 us, workers (us): 560,  66, ---, ---, 
[1539.072s][info][gc,stats    ] Concurrent Weak Roots               896 us
[1539.072s][info][gc,stats    ]   Roots                             834 us, parallelism: 1.79x
[1539.072s][info][gc,stats    ]     CWR: <total>                   1496 us
[1539.072s][info][gc,stats    ]     CWR: VM Weak Roots             1496 us, workers (us): 747, 748, ---, ---, 
[1539.072s][info][gc,stats    ]   Rendezvous                         27 us
[1539.072s][info][gc,stats    ] Concurrent Cleanup                   50 us
[1539.072s][info][gc,stats    ] Concurrent Strong Roots            6138 us, parallelism: 1.97x
[1539.072s][info][gc,stats    ]   CSR: <total>                    12076 us
[1539.072s][info][gc,stats    ]   CSR: Code Cache Roots           11823 us, workers (us): 6036, 5787, ---, ---, 
[1539.072s][info][gc,stats    ]   CSR: VM Strong Roots                8 us, workers (us):   4,   4, ---, ---, 
[1539.072s][info][gc,stats    ]   CSR: CLDG Roots                   245 us, workers (us): ---, 245, ---, ---, 
[1539.072s][info][gc,stats    ] Concurrent Evacuation             45914 us
[1539.072s][info][gc,stats    ] Pause Init Update Refs (G)          109 us
[1539.072s][info][gc,stats    ] Pause Init Update Refs (N)           57 us
[1539.072s][info][gc,stats    ]   Manage GCLABs                       6 us
[1539.072s][info][gc,stats    ] Concurrent Update Refs           158251 us
[1539.072s][info][gc,stats    ] Concurrent Update Thread Roots     1413 us
[1539.072s][info][gc,stats    ] Pause Final Update Refs (G)         137 us
[1539.072s][info][gc,stats    ] Pause Final Update Refs (N)         115 us
[1539.072s][info][gc,stats    ]   Update Region States               26 us
[1539.072s][info][gc,stats    ]   Trash Collection Set               14 us
[1539.072s][info][gc,stats    ]   Rebuild Free Set                   12 us
[1539.072s][info][gc,stats    ] Concurrent Cleanup                   81 us
[1539.072s][info][gc,stats    ] 
[1539.072s][info][gc,stats    ] Allocation pacing accrued:
[1539.072s][info][gc,stats    ]       0 of  8735 ms (  0.0%): <total>
[1539.072s][info][gc,stats    ]       0 of  8735 ms (  0.0%): <average total>
[1539.072s][info][gc,stats    ] 
[1539.072s][info][gc,metaspace] Metaspace: 136344K(137792K)->136344K(137792K) NonClass: 115272K(116096K)->115272K(116096K) Class: 21072K(21696K)->21072K(21696K)
[1539.072s][info][gc,ergo     ] Pacer for Idle. Initial: 163M, Alloc Tax Rate: 1.0x
[1550.159s][info][gc          ] Trigger: Free (815M) is below minimum threshold (819M)
[1550.159s][info][gc,ergo     ] Free: 815M, Max: 4096K regular, 288M humongous, Frag: 65% external, 0% internal; Reserve: 412M, Max: 4096K
[1550.159s][info][gc,start    ] GC(159) Concurrent reset
[1550.159s][info][gc,task     ] GC(159) Using 2 of 4 workers for concurrent reset
[1550.159s][info][gc,ergo     ] GC(159) Pacer for Reset. Non-Taxable: 8192M
[1550.177s][info][gc          ] GC(159) Concurrent reset 17.965ms
[1550.177s][info][gc,start    ] GC(159) Pause Init Mark
[1550.177s][info][gc,task     ] GC(159) Using 4 of 4 workers for init marking
[1550.177s][info][gc,ergo     ] GC(159) Pacer for Mark. Expected Live: 456M, Free: 811M, Non-Taxable: 83109K, Alloc Tax Rate: 0.7x
[1550.177s][info][gc          ] GC(159) Pause Init Mark 0.123ms
[1550.177s][info][gc,start    ] GC(159) Concurrent marking roots
[1550.177s][info][gc,task     ] GC(159) Using 2 of 4 workers for concurrent marking roots
[1550.187s][info][gc          ] GC(159) Concurrent marking roots 9.460ms
[1550.187s][info][gc,start    ] GC(159) Concurrent marking
[1550.187s][info][gc,task     ] GC(159) Using 2 of 4 workers for concurrent marking
[1550.481s][info][gc          ] GC(159) Concurrent marking 294.125ms
[1550.481s][info][gc,start    ] GC(159) Pause Final Mark
[1550.481s][info][gc,task     ] GC(159) Using 4 of 4 workers for final marking
[1550.481s][info][gc,ergo     ] GC(159) Adaptive CSet Selection. Target Free: 1160M, Actual Free: 2372M, Max CSet: 341M, Min Garbage: 0B
[1550.481s][info][gc,ergo     ] GC(159) Collectable Garbage: 6493M (99%), Immediate: 1432M (21%), CSet: 5061M (77%)
[1550.481s][info][gc,ergo     ] GC(159) Pacer for Evacuation. Used CSet: 5128M, Free: 1968M, Non-Taxable: 196M, Alloc Tax Rate: 6.4x
[1550.481s][info][gc          ] GC(159) Pause Final Mark 0.307ms
[1550.481s][info][gc,start    ] GC(159) Concurrent thread roots
[1550.481s][info][gc,task     ] GC(159) Using 2 of 4 workers for Concurrent thread roots
[1550.482s][info][gc          ] GC(159) Concurrent thread roots 0.841ms
[1550.482s][info][gc,start    ] GC(159) Concurrent weak references
[1550.482s][info][gc,task     ] GC(159) Using 2 of 4 workers for concurrent weak references
[1550.483s][info][gc,ref      ] GC(159) Encountered references: Soft: 6557, Weak: 23655, Final: 34, Phantom: 1213
[1550.483s][info][gc,ref      ] GC(159) Discovered  references: Soft: 0, Weak: 3055, Final: 1, Phantom: 909
[1550.483s][info][gc,ref      ] GC(159) Enqueued    references: Soft: 0, Weak: 4, Final: 0, Phantom: 0
[1550.483s][info][gc          ] GC(159) Concurrent weak references 0.606ms
[1550.483s][info][gc,start    ] GC(159) Concurrent weak roots
[1550.483s][info][gc,task     ] GC(159) Using 2 of 4 workers for concurrent weak root
[1550.484s][info][gc          ] GC(159) Concurrent weak roots 0.908ms
[1550.484s][info][gc,start    ] GC(159) Concurrent cleanup
[1550.484s][info][gc          ] GC(159) Concurrent cleanup 7253M->5821M(8192M) 0.035ms
[1550.484s][info][gc,ergo     ] GC(159) Free: 1959M, Max: 4096K regular, 264M humongous, Frag: 87% external, 0% internal; Reserve: 411M, Max: 4096K
[1550.484s][info][gc,start    ] GC(159) Concurrent strong roots
[1550.484s][info][gc,task     ] GC(159) Using 2 of 4 workers for concurrent strong root
[1550.490s][info][gc          ] GC(159) Concurrent strong roots 6.215ms
[1550.490s][info][gc,start    ] GC(159) Concurrent evacuation
[1550.490s][info][gc,task     ] GC(159) Using 2 of 4 workers for concurrent evacuation
[1550.534s][info][gc          ] GC(159) Concurrent evacuation 43.765ms
[1550.534s][info][gc,start    ] GC(159) Pause Init Update Refs
[1550.534s][info][gc,ergo     ] GC(159) Pacer for Update Refs. Used: 5913M, Free: 1938M, Non-Taxable: 193M, Alloc Tax Rate: 3.7x
[1550.534s][info][gc          ] GC(159) Pause Init Update Refs 0.047ms
[1550.534s][info][gc,start    ] GC(159) Concurrent update references
[1550.534s][info][gc,task     ] GC(159) Using 2 of 4 workers for concurrent reference update
[1550.694s][info][gc          ] GC(159) Concurrent update references 160.482ms
[1550.694s][info][gc,start    ] GC(159) Concurrent update thread roots
[1550.696s][info][gc          ] GC(159) Concurrent update thread roots 1.359ms
[1550.696s][info][gc,start    ] GC(159) Pause Final Update Refs
[1550.696s][info][gc,task     ] GC(159) Using 4 of 4 workers for final reference update
[1550.696s][info][gc          ] GC(159) Pause Final Update Refs 0.102ms
[1550.696s][info][gc,start    ] GC(159) Concurrent cleanup
[1550.696s][info][gc          ] GC(159) Concurrent cleanup 6012M->884M(8192M) 0.069ms
[1550.696s][info][gc,ergo     ] Free: 6895M, Max: 4096K regular, 5132M humongous, Frag: 26% external, 0% internal; Reserve: 412M, Max: 4096K
[1550.696s][info][gc,stats    ] 
[1550.696s][info][gc,stats    ] All times are wall-clock times, except per-root-class counters, that are sum over
[1550.696s][info][gc,stats    ] all workers. Dividing the <total> over the root stage time estimates parallelism.
[1550.696s][info][gc,stats    ] 
[1550.696s][info][gc,stats    ] Concurrent Reset                  18048 us
[1550.696s][info][gc,stats    ] Pause Init Mark (G)                 325 us
[1550.696s][info][gc,stats    ] Pause Init Mark (N)                 135 us
[1550.696s][info][gc,stats    ]   Update Region States               46 us
[1550.696s][info][gc,stats    ] Concurrent Mark Roots              9492 us, parallelism: 1.93x
[1550.696s][info][gc,stats    ]   CMR: <total>                    18342 us
[1550.696s][info][gc,stats    ]   CMR: Thread Roots                1542 us, workers (us): 706, 836, ---, ---, 
[1550.696s][info][gc,stats    ]   CMR: Code Cache Roots           15792 us, workers (us): 8446, 7346, ---, ---, 
[1550.696s][info][gc,stats    ]   CMR: VM Strong Roots               33 us, workers (us):  17,  16, ---, ---, 
[1550.696s][info][gc,stats    ]   CMR: CLDG Roots                   975 us, workers (us): ---, 975, ---, ---, 
[1550.696s][info][gc,stats    ] Concurrent Marking               294160 us
[1550.696s][info][gc,stats    ] Pause Final Mark (G)                337 us
[1550.696s][info][gc,stats    ] Pause Final Mark (N)                318 us
[1550.696s][info][gc,stats    ]   Finish Mark                        70 us
[1550.696s][info][gc,stats    ]   Update Region States               17 us
[1550.696s][info][gc,stats    ]   Choose Collection Set             152 us
[1550.696s][info][gc,stats    ]   Rebuild Free Set                   10 us
[1550.696s][info][gc,stats    ] Concurrent Thread Roots             865 us, parallelism: 1.83x
[1550.696s][info][gc,stats    ]   CTR: <total>                     1585 us
[1550.696s][info][gc,stats    ]   CTR: Thread Roots                1585 us, workers (us): 796, 789, ---, ---, 
[1550.696s][info][gc,stats    ] Concurrent Weak References          618 us, parallelism: 0.90x
[1550.696s][info][gc,stats    ]   CWRF: <total>                     554 us
[1550.696s][info][gc,stats    ]   CWRF: Weak References             554 us, workers (us): 527,  27, ---, ---, 
[1550.696s][info][gc,stats    ] Concurrent Weak Roots               922 us
[1550.696s][info][gc,stats    ]   Roots                             858 us, parallelism: 1.79x
[1550.696s][info][gc,stats    ]     CWR: <total>                   1538 us
[1550.696s][info][gc,stats    ]     CWR: VM Weak Roots             1538 us, workers (us): 769, 769, ---, ---, 
[1550.696s][info][gc,stats    ]   Rendezvous                         28 us
[1550.696s][info][gc,stats    ] Concurrent Cleanup                   47 us
[1550.697s][info][gc,stats    ] Concurrent Strong Roots            6240 us, parallelism: 1.96x
[1550.697s][info][gc,stats    ]   CSR: <total>                    12238 us
[1550.697s][info][gc,stats    ]   CSR: Code Cache Roots           11913 us, workers (us): 5813, 6101, ---, ---, 
[1550.697s][info][gc,stats    ]   CSR: VM Strong Roots                9 us, workers (us):   5,   4, ---, ---, 
[1550.697s][info][gc,stats    ]   CSR: CLDG Roots                   315 us, workers (us): 315, ---, ---, ---, 
[1550.697s][info][gc,stats    ] Concurrent Evacuation             43805 us
[1550.697s][info][gc,stats    ] Pause Init Update Refs (G)          119 us
[1550.697s][info][gc,stats    ] Pause Init Update Refs (N)           58 us
[1550.697s][info][gc,stats    ]   Manage GCLABs                       6 us
[1550.697s][info][gc,stats    ] Concurrent Update Refs           160517 us
[1550.697s][info][gc,stats    ] Concurrent Update Thread Roots     1373 us
[1550.697s][info][gc,stats    ] Pause Final Update Refs (G)         144 us
[1550.697s][info][gc,stats    ] Pause Final Update Refs (N)         116 us
[1550.697s][info][gc,stats    ]   Update Region States               38 us
[1550.697s][info][gc,stats    ]   Trash Collection Set               14 us
[1550.697s][info][gc,stats    ]   Rebuild Free Set                   11 us
[1550.697s][info][gc,stats    ] Concurrent Cleanup                   88 us
[1550.697s][info][gc,stats    ] 
[1550.697s][info][gc,stats    ] Allocation pacing accrued:
[1550.697s][info][gc,stats    ]       0 of 11625 ms (  0.0%): <total>
[1550.697s][info][gc,stats    ]       0 of 11625 ms (  0.0%): <average total>
[1550.697s][info][gc,stats    ] 
[1550.697s][info][gc,metaspace] Metaspace: 136347K(137792K)->136347K(137792K) NonClass: 115274K(116096K)->115274K(116096K) Class: 21072K(21696K)->21072K(21696K)
[1550.697s][info][gc,ergo     ] Pacer for Idle. Initial: 163M, Alloc Tax Rate: 1.0x
[1559.247s][info][gc          ] Trigger: Average GC time (572.62 ms) is above the time for instantaneous allocation rate (1536 MB/s) to deplete free headroom (689M) (spike threshold = 1.77)
[1559.247s][info][gc,ergo     ] Free: 1099M, Max: 4096K regular, 308M humongous, Frag: 72% external, 0% internal; Reserve: 412M, Max: 4096K
[1559.247s][info][gc,start    ] GC(160) Concurrent reset
[1559.247s][info][gc,task     ] GC(160) Using 2 of 4 workers for concurrent reset
[1559.247s][info][gc,ergo     ] GC(160) Pacer for Reset. Non-Taxable: 8192M
[1559.267s][info][gc          ] GC(160) Concurrent reset 19.698ms
[1559.267s][info][gc,start    ] GC(160) Pause Init Mark
[1559.267s][info][gc,task     ] GC(160) Using 4 of 4 workers for init marking
[1559.267s][info][gc,ergo     ] GC(160) Pacer for Mark. Expected Live: 455M, Free: 1083M, Non-Taxable: 108M, Alloc Tax Rate: 0.5x
[1559.267s][info][gc          ] GC(160) Pause Init Mark 0.183ms
[1559.267s][info][gc,start    ] GC(160) Concurrent marking roots
[1559.267s][info][gc,task     ] GC(160) Using 2 of 4 workers for concurrent marking roots
[1559.277s][info][gc          ] GC(160) Concurrent marking roots 9.381ms
[1559.277s][info][gc,start    ] GC(160) Concurrent marking
[1559.277s][info][gc,task     ] GC(160) Using 2 of 4 workers for concurrent marking
[1559.502s][info][gc          ] GC(160) Concurrent marking 224.918ms
[1559.502s][info][gc,start    ] GC(160) Pause Final Mark
[1559.502s][info][gc,task     ] GC(160) Using 4 of 4 workers for final marking
[1559.502s][info][gc,ergo     ] GC(160) Adaptive CSet Selection. Target Free: 1160M, Actual Free: 2840M, Max CSet: 341M, Min Garbage: 0B
[1559.502s][info][gc,ergo     ] GC(160) Collectable Garbage: 6193M (99%), Immediate: 1512M (24%), CSet: 4681M (75%)
[1559.502s][info][gc,ergo     ] GC(160) Pacer for Evacuation. Used CSet: 4776M, Free: 2439M, Non-Taxable: 243M, Alloc Tax Rate: 4.8x
[1559.502s][info][gc          ] GC(160) Pause Final Mark 0.303ms
[1559.502s][info][gc,start    ] GC(160) Concurrent thread roots
[1559.502s][info][gc,task     ] GC(160) Using 2 of 4 workers for Concurrent thread roots
[1559.503s][info][gc          ] GC(160) Concurrent thread roots 0.818ms
[1559.503s][info][gc,start    ] GC(160) Concurrent weak references
[1559.503s][info][gc,task     ] GC(160) Using 2 of 4 workers for concurrent weak references
[1559.503s][info][gc,ref      ] GC(160) Encountered references: Soft: 6557, Weak: 23654, Final: 34, Phantom: 1216
[1559.503s][info][gc,ref      ] GC(160) Discovered  references: Soft: 0, Weak: 3590, Final: 0, Phantom: 845
[1559.503s][info][gc,ref      ] GC(160) Enqueued    references: Soft: 0, Weak: 2, Final: 0, Phantom: 0
[1559.503s][info][gc          ] GC(160) Concurrent weak references 0.350ms
[1559.503s][info][gc,start    ] GC(160) Concurrent weak roots
[1559.503s][info][gc,task     ] GC(160) Using 2 of 4 workers for concurrent weak root
[1559.504s][info][gc          ] GC(160) Concurrent weak roots 0.951ms
[1559.504s][info][gc,start    ] GC(160) Concurrent cleanup
[1559.504s][info][gc          ] GC(160) Concurrent cleanup 6861M->5349M(8192M) 0.034ms
[1559.504s][info][gc,ergo     ] GC(160) Free: 2430M, Max: 4096K regular, 284M humongous, Frag: 89% external, 0% internal; Reserve: 411M, Max: 4096K
[1559.504s][info][gc,start    ] GC(160) Concurrent strong roots
[1559.504s][info][gc,task     ] GC(160) Using 2 of 4 workers for concurrent strong root
[1559.511s][info][gc          ] GC(160) Concurrent strong roots 6.144ms
[1559.511s][info][gc,start    ] GC(160) Concurrent evacuation
[1559.511s][info][gc,task     ] GC(160) Using 2 of 4 workers for concurrent evacuation
[1559.561s][info][gc          ] GC(160) Concurrent evacuation 50.125ms
[1559.561s][info][gc,start    ] GC(160) Pause Init Update Refs
[1559.561s][info][gc,ergo     ] GC(160) Pacer for Update Refs. Used: 5473M, Free: 2406M, Non-Taxable: 240M, Alloc Tax Rate: 2.8x
[1559.561s][info][gc          ] GC(160) Pause Init Update Refs 0.045ms
[1559.561s][info][gc,start    ] GC(160) Concurrent update references
[1559.561s][info][gc,task     ] GC(160) Using 2 of 4 workers for concurrent reference update
[1559.708s][info][gc          ] GC(160) Concurrent update references 147.437ms
[1559.708s][info][gc,start    ] GC(160) Concurrent update thread roots
[1559.710s][info][gc          ] GC(160) Concurrent update thread roots 1.251ms
[1559.710s][info][gc,start    ] GC(160) Pause Final Update Refs
[1559.710s][info][gc,task     ] GC(160) Using 4 of 4 workers for final reference update
[1559.710s][info][gc          ] GC(160) Pause Final Update Refs 0.092ms
[1559.710s][info][gc,start    ] GC(160) Concurrent cleanup
[1559.710s][info][gc          ] GC(160) Concurrent cleanup 5605M->829M(8192M) 0.060ms
[1559.710s][info][gc,ergo     ] Free: 6950M, Max: 4096K regular, 4840M humongous, Frag: 31% external, 0% internal; Reserve: 412M, Max: 4096K
[1559.710s][info][gc,stats    ] 
[1559.710s][info][gc,stats    ] All times are wall-clock times, except per-root-class counters, that are sum over
[1559.710s][info][gc,stats    ] all workers. Dividing the <total> over the root stage time estimates parallelism.
[1559.710s][info][gc,stats    ] 
[1559.710s][info][gc,stats    ] Concurrent Reset                  19864 us
[1559.710s][info][gc,stats    ] Pause Init Mark (G)                 299 us
[1559.710s][info][gc,stats    ] Pause Init Mark (N)                 197 us
[1559.710s][info][gc,stats    ]   Update Region States               71 us
[1559.710s][info][gc,stats    ] Concurrent Mark Roots              9430 us, parallelism: 1.94x
[1559.710s][info][gc,stats    ]   CMR: <total>                    18266 us
[1559.710s][info][gc,stats    ]   CMR: Thread Roots                1357 us, workers (us): 705, 652, ---, ---, 
[1559.710s][info][gc,stats    ]   CMR: Code Cache Roots           15867 us, workers (us): 7404, 8463, ---, ---, 
[1559.710s][info][gc,stats    ]   CMR: VM Strong Roots               23 us, workers (us):  12,  12, ---, ---, 
[1559.710s][info][gc,stats    ]   CMR: CLDG Roots                  1018 us, workers (us): 1018, ---, ---, ---, 
[1559.710s][info][gc,stats    ] Concurrent Marking               224949 us
[1559.710s][info][gc,stats    ] Pause Final Mark (G)                374 us
[1559.710s][info][gc,stats    ] Pause Final Mark (N)                314 us
[1559.710s][info][gc,stats    ]   Finish Mark                        63 us
[1559.710s][info][gc,stats    ]   Update Region States               30 us
[1559.710s][info][gc,stats    ]   Choose Collection Set             146 us
[1559.710s][info][gc,stats    ]   Rebuild Free Set                   10 us
[1559.710s][info][gc,stats    ] Concurrent Thread Roots             844 us, parallelism: 1.79x
[1559.710s][info][gc,stats    ]   CTR: <total>                     1507 us
[1559.710s][info][gc,stats    ]   CTR: Thread Roots                1507 us, workers (us): 765, 742, ---, ---, 
[1559.710s][info][gc,stats    ] Concurrent Weak References          360 us, parallelism: 0.79x
[1559.710s][info][gc,stats    ]   CWRF: <total>                     286 us
[1559.710s][info][gc,stats    ]   CWRF: Weak References             286 us, workers (us): 286,   0, ---, ---, 
[1559.710s][info][gc,stats    ] Concurrent Weak Roots               972 us
[1559.710s][info][gc,stats    ]   Roots                             888 us, parallelism: 1.78x
[1559.710s][info][gc,stats    ]     CWR: <total>                   1577 us
[1559.710s][info][gc,stats    ]     CWR: VM Weak Roots             1577 us, workers (us): 801, 776, ---, ---, 
[1559.710s][info][gc,stats    ]   Rendezvous                         42 us
[1559.710s][info][gc,stats    ] Concurrent Cleanup                   47 us
[1559.710s][info][gc,stats    ] Concurrent Strong Roots            6167 us, parallelism: 1.96x
[1559.710s][info][gc,stats    ]   CSR: <total>                    12059 us
[1559.710s][info][gc,stats    ]   CSR: Code Cache Roots           11825 us, workers (us): 5793, 6032, ---, ---, 
[1559.710s][info][gc,stats    ]   CSR: VM Strong Roots                7 us, workers (us):   7,   0, ---, ---, 
[1559.710s][info][gc,stats    ]   CSR: CLDG Roots                   227 us, workers (us): 227, ---, ---, ---, 
[1559.710s][info][gc,stats    ] Concurrent Evacuation             50175 us
[1559.710s][info][gc,stats    ] Pause Init Update Refs (G)          111 us
[1559.710s][info][gc,stats    ] Pause Init Update Refs (N)           56 us
[1559.710s][info][gc,stats    ]   Manage GCLABs                       5 us
[1559.710s][info][gc,stats    ] Concurrent Update Refs           147481 us
[1559.710s][info][gc,stats    ] Concurrent Update Thread Roots     1269 us
[1559.710s][info][gc,stats    ] Pause Final Update Refs (G)         136 us
[1559.710s][info][gc,stats    ] Pause Final Update Refs (N)         108 us
[1559.710s][info][gc,stats    ]   Update Region States               27 us
[1559.710s][info][gc,stats    ]   Trash Collection Set               14 us
[1559.710s][info][gc,stats    ]   Rebuild Free Set                   11 us
[1559.710s][info][gc,stats    ] Concurrent Cleanup                   73 us
[1559.710s][info][gc,stats    ] 
[1559.710s][info][gc,stats    ] Allocation pacing accrued:
[1559.710s][info][gc,stats    ]       0 of  9014 ms (  0.0%): <total>
[1559.710s][info][gc,stats    ]       0 of  9014 ms (  0.0%): <average total>
[1559.710s][info][gc,stats    ] 
[1559.710s][info][gc,metaspace] Metaspace: 136347K(137792K)->136347K(137792K) NonClass: 115274K(116096K)->115274K(116096K) Class: 21072K(21696K)->21072K(21696K)
[1559.710s][info][gc,ergo     ] Pacer for Idle. Initial: 163M, Alloc Tax Rate: 1.0x
[1570.119s][info][gc          ] Trigger: Free (819M) is below minimum threshold (819M)
[1570.119s][info][gc,ergo     ] Free: 819M, Max: 4096K regular, 300M humongous, Frag: 63% external, 0% internal; Reserve: 412M, Max: 4096K
[1570.119s][info][gc,start    ] GC(161) Concurrent reset
[1570.119s][info][gc,task     ] GC(161) Using 2 of 4 workers for concurrent reset
[1570.119s][info][gc,ergo     ] GC(161) Pacer for Reset. Non-Taxable: 8192M
[1570.134s][info][gc          ] GC(161) Concurrent reset 15.353ms
[1570.134s][info][gc,start    ] GC(161) Pause Init Mark
[1570.134s][info][gc,task     ] GC(161) Using 4 of 4 workers for init marking
[1570.134s][info][gc,ergo     ] GC(161) Pacer for Mark. Expected Live: 453M, Free: 810M, Non-Taxable: 83028K, Alloc Tax Rate: 0.7x
[1570.134s][info][gc          ] GC(161) Pause Init Mark 0.159ms
[1570.134s][info][gc,start    ] GC(161) Concurrent marking roots
[1570.134s][info][gc,task     ] GC(161) Using 2 of 4 workers for concurrent marking roots
[1570.148s][info][gc          ] GC(161) Concurrent marking roots 13.484ms
[1570.148s][info][gc,start    ] GC(161) Concurrent marking
[1570.148s][info][gc,task     ] GC(161) Using 2 of 4 workers for concurrent marking
[1570.366s][info][gc          ] GC(161) Concurrent marking 218.328ms
[1570.366s][info][gc,start    ] GC(161) Pause Final Mark
[1570.366s][info][gc,task     ] GC(161) Using 4 of 4 workers for final marking
[1570.366s][info][gc,ergo     ] GC(161) Adaptive CSet Selection. Target Free: 1160M, Actual Free: 3988M, Max CSet: 341M, Min Garbage: 0B
[1570.367s][info][gc,ergo     ] GC(161) Collectable Garbage: 6497M (99%), Immediate: 2956M (45%), CSet: 3541M (54%)
[1570.367s][info][gc,ergo     ] GC(161) Pacer for Evacuation. Used CSet: 3605M, Free: 3584M, Non-Taxable: 358M, Alloc Tax Rate: 2.5x
[1570.367s][info][gc          ] GC(161) Pause Final Mark 0.331ms
[1570.367s][info][gc,start    ] GC(161) Concurrent thread roots
[1570.367s][info][gc,task     ] GC(161) Using 2 of 4 workers for Concurrent thread roots
[1570.367s][info][gc          ] GC(161) Concurrent thread roots 0.824ms
[1570.367s][info][gc,start    ] GC(161) Concurrent weak references
[1570.368s][info][gc,task     ] GC(161) Using 2 of 4 workers for concurrent weak references
[1570.368s][info][gc,ref      ] GC(161) Encountered references: Soft: 6557, Weak: 23655, Final: 34, Phantom: 1216
[1570.368s][info][gc,ref      ] GC(161) Discovered  references: Soft: 0, Weak: 10722, Final: 1, Phantom: 904
[1570.368s][info][gc,ref      ] GC(161) Enqueued    references: Soft: 0, Weak: 3, Final: 0, Phantom: 0
[1570.368s][info][gc          ] GC(161) Concurrent weak references 0.500ms
[1570.368s][info][gc,start    ] GC(161) Concurrent weak roots
[1570.368s][info][gc,task     ] GC(161) Using 2 of 4 workers for concurrent weak root
[1570.369s][info][gc          ] GC(161) Concurrent weak roots 0.943ms
[1570.369s][info][gc,start    ] GC(161) Concurrent cleanup
[1570.369s][info][gc          ] GC(161) Concurrent cleanup 7158M->4202M(8192M) 0.066ms
[1570.369s][info][gc,ergo     ] GC(161) Free: 3575M, Max: 4096K regular, 268M humongous, Frag: 93% external, 0% internal; Reserve: 411M, Max: 4096K
[1570.369s][info][gc,start    ] GC(161) Concurrent strong roots
[1570.369s][info][gc,task     ] GC(161) Using 2 of 4 workers for concurrent strong root
[1570.378s][info][gc          ] GC(161) Concurrent strong roots 8.628ms
[1570.378s][info][gc,start    ] GC(161) Concurrent evacuation
[1570.378s][info][gc,task     ] GC(161) Using 2 of 4 workers for concurrent evacuation
[1570.411s][info][gc          ] GC(161) Concurrent evacuation 33.196ms
[1570.411s][info][gc,start    ] GC(161) Pause Init Update Refs
[1570.411s][info][gc,ergo     ] GC(161) Pacer for Update Refs. Used: 4277M, Free: 3567M, Non-Taxable: 356M, Alloc Tax Rate: 1.5x
[1570.411s][info][gc          ] GC(161) Pause Init Update Refs 0.045ms
[1570.411s][info][gc,start    ] GC(161) Concurrent update references
[1570.411s][info][gc,task     ] GC(161) Using 2 of 4 workers for concurrent reference update
[1570.544s][info][gc          ] GC(161) Concurrent update references 132.538ms
[1570.544s][info][gc,start    ] GC(161) Concurrent update thread roots
[1570.545s][info][gc          ] GC(161) Concurrent update thread roots 1.403ms
[1570.545s][info][gc,start    ] GC(161) Pause Final Update Refs
[1570.545s][info][gc,task     ] GC(161) Using 4 of 4 workers for final reference update
[1570.545s][info][gc          ] GC(161) Pause Final Update Refs 0.103ms
[1570.545s][info][gc,start    ] GC(161) Concurrent cleanup
[1570.545s][info][gc          ] GC(161) Concurrent cleanup 4353M->748M(8192M) 0.061ms
[1570.545s][info][gc,ergo     ] Free: 7031M, Max: 4096K regular, 5368M humongous, Frag: 24% external, 0% internal; Reserve: 412M, Max: 4096K
[1570.545s][info][gc,stats    ] 
[1570.545s][info][gc,stats    ] All times are wall-clock times, except per-root-class counters, that are sum over
[1570.545s][info][gc,stats    ] all workers. Dividing the <total> over the root stage time estimates parallelism.
[1570.545s][info][gc,stats    ] 
[1570.545s][info][gc,stats    ] Concurrent Reset                  15434 us
[1570.545s][info][gc,stats    ] Pause Init Mark (G)                 283 us
[1570.545s][info][gc,stats    ] Pause Init Mark (N)                 178 us
[1570.545s][info][gc,stats    ]   Update Region States               76 us
[1570.545s][info][gc,stats    ] Concurrent Mark Roots             13523 us, parallelism: 1.95x
[1570.545s][info][gc,stats    ]   CMR: <total>                    26393 us
[1570.545s][info][gc,stats    ]   CMR: Thread Roots                1453 us, workers (us): 755, 697, ---, ---, 
[1570.546s][info][gc,stats    ]   CMR: Code Cache Roots           23952 us, workers (us): 12439, 11513, ---, ---, 
[1570.546s][info][gc,stats    ]   CMR: VM Strong Roots               14 us, workers (us):  12,   2, ---, ---, 
[1570.546s][info][gc,stats    ]   CMR: CLDG Roots                   975 us, workers (us): ---, 975, ---, ---, 
[1570.546s][info][gc,stats    ] Concurrent Marking               218395 us
[1570.546s][info][gc,stats    ] Pause Final Mark (G)                426 us
[1570.546s][info][gc,stats    ] Pause Final Mark (N)                343 us
[1570.546s][info][gc,stats    ]   Finish Mark                        77 us
[1570.546s][info][gc,stats    ]   Update Region States               52 us
[1570.546s][info][gc,stats    ]   Choose Collection Set             134 us
[1570.546s][info][gc,stats    ]   Rebuild Free Set                   12 us
[1570.546s][info][gc,stats    ] Concurrent Thread Roots             845 us, parallelism: 1.77x
[1570.546s][info][gc,stats    ]   CTR: <total>                     1493 us
[1570.546s][info][gc,stats    ]   CTR: Thread Roots                1493 us, workers (us): 752, 742, ---, ---, 
[1570.546s][info][gc,stats    ] Concurrent Weak References          511 us, parallelism: 1.14x
[1570.546s][info][gc,stats    ]   CWRF: <total>                     581 us
[1570.546s][info][gc,stats    ]   CWRF: Weak References             581 us, workers (us): 397, 184, ---, ---, 
[1570.546s][info][gc,stats    ] Concurrent Weak Roots               972 us
[1570.546s][info][gc,stats    ]   Roots                             880 us, parallelism: 1.77x
[1570.546s][info][gc,stats    ]     CWR: <total>                   1558 us
[1570.546s][info][gc,stats    ]     CWR: VM Weak Roots             1558 us, workers (us): 781, 778, ---, ---, 
[1570.546s][info][gc,stats    ]   Rendezvous                         41 us
[1570.546s][info][gc,stats    ] Concurrent Cleanup                   80 us
[1570.546s][info][gc,stats    ] Concurrent Strong Roots            8676 us, parallelism: 1.94x
[1570.546s][info][gc,stats    ]   CSR: <total>                    16820 us
[1570.546s][info][gc,stats    ]   CSR: Code Cache Roots           16257 us, workers (us): 8436, 7821, ---, ---, 
[1570.546s][info][gc,stats    ]   CSR: VM Strong Roots               16 us, workers (us):   8,   8, ---, ---, 
[1570.546s][info][gc,stats    ]   CSR: CLDG Roots                   547 us, workers (us): ---, 547, ---, ---, 
[1570.546s][info][gc,stats    ] Concurrent Evacuation             33244 us
[1570.546s][info][gc,stats    ] Pause Init Update Refs (G)           82 us
[1570.546s][info][gc,stats    ] Pause Init Update Refs (N)           56 us
[1570.546s][info][gc,stats    ]   Manage GCLABs                       6 us
[1570.546s][info][gc,stats    ] Concurrent Update Refs           132584 us
[1570.546s][info][gc,stats    ] Concurrent Update Thread Roots     1420 us
[1570.546s][info][gc,stats    ] Pause Final Update Refs (G)         188 us
[1570.546s][info][gc,stats    ] Pause Final Update Refs (N)         126 us
[1570.546s][info][gc,stats    ]   Update Region States               40 us
[1570.546s][info][gc,stats    ]   Trash Collection Set               12 us
[1570.546s][info][gc,stats    ]   Rebuild Free Set                   12 us
[1570.546s][info][gc,stats    ] Concurrent Cleanup                   75 us
[1570.546s][info][gc,stats    ] 
[1570.546s][info][gc,stats    ] Allocation pacing accrued:
[1570.546s][info][gc,stats    ]       0 of 10835 ms (  0.0%): <total>
[1570.546s][info][gc,stats    ]       0 of 10835 ms (  0.0%): <average total>
[1570.546s][info][gc,stats    ] 
[1570.546s][info][gc,metaspace] Metaspace: 136347K(137792K)->136347K(137792K) NonClass: 115274K(116096K)->115274K(116096K) Class: 21072K(21696K)->21072K(21696K)
[1570.546s][info][gc,ergo     ] Pacer for Idle. Initial: 163M, Alloc Tax Rate: 1.0x
[1580.478s][info][gc          ] Trigger: Free (815M) is below minimum threshold (819M)
[1580.478s][info][gc,ergo     ] Free: 815M, Max: 4096K regular, 356M humongous, Frag: 56% external, 0% internal; Reserve: 412M, Max: 4096K
[1580.478s][info][gc,start    ] GC(162) Concurrent reset
[1580.478s][info][gc,task     ] GC(162) Using 2 of 4 workers for concurrent reset
[1580.478s][info][gc,ergo     ] GC(162) Pacer for Reset. Non-Taxable: 8192M
[1580.493s][info][gc          ] GC(162) Concurrent reset 15.055ms
[1580.493s][info][gc,start    ] GC(162) Pause Init Mark
[1580.493s][info][gc,task     ] GC(162) Using 4 of 4 workers for init marking
[1580.493s][info][gc,ergo     ] GC(162) Pacer for Mark. Expected Live: 455M, Free: 815M, Non-Taxable: 83496K, Alloc Tax Rate: 0.7x
[1580.493s][info][gc          ] GC(162) Pause Init Mark 0.141ms
[1580.493s][info][gc,start    ] GC(162) Concurrent marking roots
[1580.493s][info][gc,task     ] GC(162) Using 2 of 4 workers for concurrent marking roots
[1580.509s][info][gc          ] GC(162) Concurrent marking roots 15.543ms
[1580.509s][info][gc,start    ] GC(162) Concurrent marking
[1580.509s][info][gc,task     ] GC(162) Using 2 of 4 workers for concurrent marking
[1580.739s][info][gc          ] GC(162) Concurrent marking 230.175ms
[1580.739s][info][gc,start    ] GC(162) Pause Final Mark
[1580.739s][info][gc,task     ] GC(162) Using 4 of 4 workers for final marking
[1580.739s][info][gc,ergo     ] GC(162) Adaptive CSet Selection. Target Free: 1160M, Actual Free: 2108M, Max CSet: 341M, Min Garbage: 0B
[1580.739s][info][gc,ergo     ] GC(162) Collectable Garbage: 6475M (99%), Immediate: 1164M (17%), CSet: 5311M (81%)
[1580.739s][info][gc,ergo     ] GC(162) Pacer for Evacuation. Used CSet: 5392M, Free: 1704M, Non-Taxable: 170M, Alloc Tax Rate: 7.7x
[1580.739s][info][gc          ] GC(162) Pause Final Mark 0.293ms
[1580.739s][info][gc,start    ] GC(162) Concurrent thread roots
[1580.739s][info][gc,task     ] GC(162) Using 2 of 4 workers for Concurrent thread roots
[1580.740s][info][gc          ] GC(162) Concurrent thread roots 0.830ms
[1580.740s][info][gc,start    ] GC(162) Concurrent weak references
[1580.740s][info][gc,task     ] GC(162) Using 2 of 4 workers for concurrent weak references
[1580.740s][info][gc,ref      ] GC(162) Encountered references: Soft: 6557, Weak: 23657, Final: 34, Phantom: 1222
[1580.740s][info][gc,ref      ] GC(162) Discovered  references: Soft: 0, Weak: 2464, Final: 33, Phantom: 1035
[1580.740s][info][gc,ref      ] GC(162) Enqueued    references: Soft: 0, Weak: 3, Final: 0, Phantom: 0
[1580.740s][info][gc          ] GC(162) Concurrent weak references 0.274ms
[1580.740s][info][gc,start    ] GC(162) Concurrent weak roots
[1580.740s][info][gc,task     ] GC(162) Using 2 of 4 workers for concurrent weak root
[1580.741s][info][gc          ] GC(162) Concurrent weak roots 0.899ms
[1580.741s][info][gc,start    ] GC(162) Concurrent cleanup
[1580.741s][info][gc          ] GC(162) Concurrent cleanup 7248M->6084M(8192M) 0.029ms
[1580.741s][info][gc,ergo     ] GC(162) Free: 1695M, Max: 4096K regular, 288M humongous, Frag: 83% external, 0% internal; Reserve: 411M, Max: 4096K
[1580.741s][info][gc,start    ] GC(162) Concurrent strong roots
[1580.741s][info][gc,task     ] GC(162) Using 2 of 4 workers for concurrent strong root
[1580.747s][info][gc          ] GC(162) Concurrent strong roots 5.728ms
[1580.747s][info][gc,start    ] GC(162) Concurrent evacuation
[1580.747s][info][gc,task     ] GC(162) Using 2 of 4 workers for concurrent evacuation
[1580.787s][info][gc          ] GC(162) Concurrent evacuation 40.026ms
[1580.787s][info][gc,start    ] GC(162) Pause Init Update Refs
[1580.787s][info][gc,ergo     ] GC(162) Pacer for Update Refs. Used: 6180M, Free: 1683M, Non-Taxable: 168M, Alloc Tax Rate: 4.5x
[1580.787s][info][gc          ] GC(162) Pause Init Update Refs 0.046ms
[1580.787s][info][gc,start    ] GC(162) Concurrent update references
[1580.787s][info][gc,task     ] GC(162) Using 2 of 4 workers for concurrent reference update
[1580.942s][info][gc          ] GC(162) Concurrent update references 155.072ms
[1580.942s][info][gc,start    ] GC(162) Concurrent update thread roots
[1580.944s][info][gc          ] GC(162) Concurrent update thread roots 1.449ms
[1580.944s][info][gc,start    ] GC(162) Pause Final Update Refs
[1580.944s][info][gc,task     ] GC(162) Using 4 of 4 workers for final reference update
[1580.944s][info][gc          ] GC(162) Pause Final Update Refs 0.094ms
[1580.944s][info][gc,start    ] GC(162) Concurrent cleanup
[1580.944s][info][gc          ] GC(162) Concurrent cleanup 6280M->892M(8192M) 0.079ms
[1580.944s][info][gc,ergo     ] Free: 6887M, Max: 4096K regular, 5208M humongous, Frag: 25% external, 0% internal; Reserve: 412M, Max: 4096K
[1580.944s][info][gc,stats    ] 
[1580.944s][info][gc,stats    ] All times are wall-clock times, except per-root-class counters, that are sum over
[1580.944s][info][gc,stats    ] all workers. Dividing the <total> over the root stage time estimates parallelism.
[1580.944s][info][gc,stats    ] 
[1580.944s][info][gc,stats    ] Concurrent Reset                  15119 us
[1580.944s][info][gc,stats    ] Pause Init Mark (G)                 293 us
[1580.944s][info][gc,stats    ] Pause Init Mark (N)                 153 us
[1580.944s][info][gc,stats    ]   Update Region States               74 us
[1580.944s][info][gc,stats    ] Concurrent Mark Roots             15599 us, parallelism: 1.97x
[1580.944s][info][gc,stats    ]   CMR: <total>                    30656 us
[1580.944s][info][gc,stats    ]   CMR: Thread Roots                1421 us, workers (us): 679, 743, ---, ---, 
[1580.944s][info][gc,stats    ]   CMR: Code Cache Roots           28376 us, workers (us): 13802, 14574, ---, ---, 
[1580.944s][info][gc,stats    ]   CMR: VM Strong Roots               13 us, workers (us):  13,   0, ---, ---, 
[1580.944s][info][gc,stats    ]   CMR: CLDG Roots                   846 us, workers (us): 846, ---, ---, ---, 
[1580.944s][info][gc,stats    ] Concurrent Marking               230220 us
[1580.944s][info][gc,stats    ] Pause Final Mark (G)                330 us
[1580.944s][info][gc,stats    ] Pause Final Mark (N)                304 us
[1580.944s][info][gc,stats    ]   Finish Mark                        61 us
[1580.944s][info][gc,stats    ]   Update Region States               16 us
[1580.944s][info][gc,stats    ]   Choose Collection Set             148 us
[1580.944s][info][gc,stats    ]   Rebuild Free Set                    9 us
[1580.944s][info][gc,stats    ] Concurrent Thread Roots             850 us, parallelism: 1.85x
[1580.944s][info][gc,stats    ]   CTR: <total>                     1569 us
[1580.944s][info][gc,stats    ]   CTR: Thread Roots                1569 us, workers (us): 786, 783, ---, ---, 
[1580.944s][info][gc,stats    ] Concurrent Weak References          285 us, parallelism: 0.78x
[1580.944s][info][gc,stats    ]   CWRF: <total>                     222 us
[1580.944s][info][gc,stats    ]   CWRF: Weak References             222 us, workers (us): 210,  13, ---, ---, 
[1580.944s][info][gc,stats    ] Concurrent Weak Roots               914 us
[1580.944s][info][gc,stats    ]   Roots                             844 us, parallelism: 1.80x
[1580.944s][info][gc,stats    ]     CWR: <total>                   1516 us
[1580.945s][info][gc,stats    ]     CWR: VM Weak Roots             1516 us, workers (us): 758, 758, ---, ---, 
[1580.945s][info][gc,stats    ]   Rendezvous                         35 us
[1580.945s][info][gc,stats    ] Concurrent Cleanup                   40 us
[1580.945s][info][gc,stats    ] Concurrent Strong Roots            5755 us, parallelism: 1.95x
[1580.945s][info][gc,stats    ]   CSR: <total>                    11250 us
[1580.945s][info][gc,stats    ]   CSR: Code Cache Roots           10930 us, workers (us): 5620, 5310, ---, ---, 
[1580.945s][info][gc,stats    ]   CSR: VM Strong Roots                9 us, workers (us):   5,   4, ---, ---, 
[1580.945s][info][gc,stats    ]   CSR: CLDG Roots                   311 us, workers (us): ---, 311, ---, ---, 
[1580.945s][info][gc,stats    ] Concurrent Evacuation             40069 us
[1580.945s][info][gc,stats    ] Pause Init Update Refs (G)           78 us
[1580.945s][info][gc,stats    ] Pause Init Update Refs (N)           57 us
[1580.945s][info][gc,stats    ]   Manage GCLABs                       5 us
[1580.945s][info][gc,stats    ] Concurrent Update Refs           155106 us
[1580.945s][info][gc,stats    ] Concurrent Update Thread Roots     1463 us
[1580.945s][info][gc,stats    ] Pause Final Update Refs (G)         190 us
[1580.945s][info][gc,stats    ] Pause Final Update Refs (N)         120 us
[1580.945s][info][gc,stats    ]   Update Region States               29 us
[1580.945s][info][gc,stats    ]   Trash Collection Set               15 us
[1580.945s][info][gc,stats    ]   Rebuild Free Set                   12 us
[1580.945s][info][gc,stats    ] Concurrent Cleanup                   98 us
[1580.945s][info][gc,stats    ] 
[1580.945s][info][gc,stats    ] Allocation pacing accrued:
[1580.945s][info][gc,stats    ]       0 of 10399 ms (  0.0%): <total>
[1580.945s][info][gc,stats    ]       0 of 10399 ms (  0.0%): <average total>
[1580.945s][info][gc,stats    ] 
[1580.945s][info][gc,metaspace] Metaspace: 136349K(137792K)->136349K(137792K) NonClass: 115277K(116096K)->115277K(116096K) Class: 21072K(21696K)->21072K(21696K)
[1580.945s][info][gc,ergo     ] Pacer for Idle. Initial: 163M, Alloc Tax Rate: 1.0x
[1588.797s][info][gc          ] Trigger: Average GC time (509.53 ms) is above the time for average allocation rate (1920 MB/s) to deplete free headroom (902M) (margin of error = 1.88)
[1588.797s][info][gc,ergo     ] Free headroom: 1311M (free) - 409M (spike) - 0B (penalties) = 902M
[1588.797s][info][gc,ergo     ] Free: 1311M, Max: 4096K regular, 604M humongous, Frag: 54% external, 0% internal; Reserve: 412M, Max: 4096K
[1588.797s][info][gc,start    ] GC(163) Concurrent reset
[1588.797s][info][gc,task     ] GC(163) Using 2 of 4 workers for concurrent reset
[1588.797s][info][gc,ergo     ] GC(163) Pacer for Reset. Non-Taxable: 8192M
[1588.820s][info][gc          ] GC(163) Concurrent reset 23.637ms
[1588.821s][info][gc,start    ] GC(163) Pause Init Mark
[1588.821s][info][gc,task     ] GC(163) Using 4 of 4 workers for init marking
[1588.821s][info][gc,ergo     ] GC(163) Pacer for Mark. Expected Live: 453M, Free: 1291M, Non-Taxable: 129M, Alloc Tax Rate: 0.4x
[1588.821s][info][gc          ] GC(163) Pause Init Mark 0.138ms
[1588.821s][info][gc,start    ] GC(163) Concurrent marking roots
[1588.821s][info][gc,task     ] GC(163) Using 2 of 4 workers for concurrent marking roots
[1588.835s][info][gc          ] GC(163) Concurrent marking roots 14.131ms
[1588.835s][info][gc,start    ] GC(163) Concurrent marking
[1588.835s][info][gc,task     ] GC(163) Using 2 of 4 workers for concurrent marking
[1589.077s][info][gc          ] GC(163) Concurrent marking 242.281ms
[1589.077s][info][gc,start    ] GC(163) Pause Final Mark
[1589.077s][info][gc,task     ] GC(163) Using 4 of 4 workers for final marking
[1589.077s][info][gc,ergo     ] GC(163) Adaptive CSet Selection. Target Free: 1160M, Actual Free: 3320M, Max CSet: 341M, Min Garbage: 0B
[1589.078s][info][gc,ergo     ] GC(163) Collectable Garbage: 5967M (99%), Immediate: 1904M (31%), CSet: 4063M (67%)
[1589.078s][info][gc,ergo     ] GC(163) Pacer for Evacuation. Used CSet: 4176M, Free: 2919M, Non-Taxable: 291M, Alloc Tax Rate: 3.5x
[1589.078s][info][gc          ] GC(163) Pause Final Mark 0.348ms
[1589.078s][info][gc,start    ] GC(163) Concurrent thread roots
[1589.078s][info][gc,task     ] GC(163) Using 2 of 4 workers for Concurrent thread roots
[1589.079s][info][gc          ] GC(163) Concurrent thread roots 0.823ms
[1589.079s][info][gc,start    ] GC(163) Concurrent weak references
[1589.079s][info][gc,task     ] GC(163) Using 2 of 4 workers for concurrent weak references
[1589.079s][info][gc,ref      ] GC(163) Encountered references: Soft: 6557, Weak: 23657, Final: 34, Phantom: 1225
[1589.079s][info][gc,ref      ] GC(163) Discovered  references: Soft: 0, Weak: 11749, Final: 0, Phantom: 914
[1589.079s][info][gc,ref      ] GC(163) Enqueued    references: Soft: 0, Weak: 2, Final: 0, Phantom: 0
[1589.079s][info][gc          ] GC(163) Concurrent weak references 0.616ms
[1589.079s][info][gc,start    ] GC(163) Concurrent weak roots
[1589.079s][info][gc,task     ] GC(163) Using 2 of 4 workers for concurrent weak root
[1589.080s][info][gc          ] GC(163) Concurrent weak roots 0.944ms
[1589.080s][info][gc,start    ] GC(163) Concurrent cleanup
[1589.080s][info][gc          ] GC(163) Concurrent cleanup 6772M->4868M(8192M) 0.037ms
[1589.080s][info][gc,ergo     ] GC(163) Free: 2911M, Max: 4096K regular, 300M humongous, Frag: 90% external, 0% internal; Reserve: 411M, Max: 4096K
[1589.080s][info][gc,start    ] GC(163) Concurrent strong roots
[1589.080s][info][gc,task     ] GC(163) Using 2 of 4 workers for concurrent strong root
[1589.086s][info][gc          ] GC(163) Concurrent strong roots 6.152ms
[1589.086s][info][gc,start    ] GC(163) Concurrent evacuation
[1589.086s][info][gc,task     ] GC(163) Using 2 of 4 workers for concurrent evacuation
[1589.148s][info][gc          ] GC(163) Concurrent evacuation 61.231ms
[1589.148s][info][gc,start    ] GC(163) Pause Init Update Refs
[1589.148s][info][gc,ergo     ] GC(163) Pacer for Update Refs. Used: 5028M, Free: 2867M, Non-Taxable: 286M, Alloc Tax Rate: 2.1x
[1589.148s][info][gc          ] GC(163) Pause Init Update Refs 0.056ms
[1589.148s][info][gc,start    ] GC(163) Concurrent update references
[1589.148s][info][gc,task     ] GC(163) Using 2 of 4 workers for concurrent reference update
[1589.318s][info][gc          ] GC(163) Concurrent update references 170.649ms
[1589.319s][info][gc,start    ] GC(163) Concurrent update thread roots
[1589.320s][info][gc          ] GC(163) Concurrent update thread roots 1.419ms
[1589.320s][info][gc,start    ] GC(163) Pause Final Update Refs
[1589.320s][info][gc,task     ] GC(163) Using 4 of 4 workers for final reference update
[1589.320s][info][gc          ] GC(163) Pause Final Update Refs 0.103ms
[1589.320s][info][gc,start    ] GC(163) Concurrent cleanup
[1589.320s][info][gc          ] GC(163) Concurrent cleanup 5084M->908M(8192M) 0.065ms
[1589.320s][info][gc,ergo     ] Free: 6871M, Max: 4096K regular, 4620M humongous, Frag: 33% external, 0% internal; Reserve: 412M, Max: 4096K
[1589.320s][info][gc,stats    ] 
[1589.320s][info][gc,stats    ] All times are wall-clock times, except per-root-class counters, that are sum over
[1589.320s][info][gc,stats    ] all workers. Dividing the <total> over the root stage time estimates parallelism.
[1589.320s][info][gc,stats    ] 
[1589.320s][info][gc,stats    ] Concurrent Reset                  23761 us
[1589.320s][info][gc,stats    ] Pause Init Mark (G)                 194 us
[1589.320s][info][gc,stats    ] Pause Init Mark (N)                 150 us
[1589.320s][info][gc,stats    ]   Update Region States               41 us
[1589.320s][info][gc,stats    ] Concurrent Mark Roots             14216 us, parallelism: 1.94x
[1589.320s][info][gc,stats    ]   CMR: <total>                    27597 us
[1589.320s][info][gc,stats    ]   CMR: Thread Roots                1671 us, workers (us): 813, 858, ---, ---, 
[1589.320s][info][gc,stats    ]   CMR: Code Cache Roots           25079 us, workers (us): 12155, 12924, ---, ---, 
[1589.320s][info][gc,stats    ]   CMR: VM Strong Roots               24 us, workers (us):  24,   0, ---, ---, 
[1589.320s][info][gc,stats    ]   CMR: CLDG Roots                   823 us, workers (us): 823, ---, ---, ---, 
[1589.320s][info][gc,stats    ] Concurrent Marking               242326 us
[1589.320s][info][gc,stats    ] Pause Final Mark (G)                434 us
[1589.320s][info][gc,stats    ] Pause Final Mark (N)                361 us
[1589.320s][info][gc,stats    ]   Finish Mark                        90 us
[1589.320s][info][gc,stats    ]   Update Region States               61 us
[1589.320s][info][gc,stats    ]   Choose Collection Set             121 us
[1589.320s][info][gc,stats    ]   Rebuild Free Set                   10 us
[1589.320s][info][gc,stats    ] Concurrent Thread Roots             846 us, parallelism: 1.77x
[1589.320s][info][gc,stats    ]   CTR: <total>                     1496 us
[1589.320s][info][gc,stats    ]   CTR: Thread Roots                1496 us, workers (us): 746, 750, ---, ---, 
[1589.321s][info][gc,stats    ] Concurrent Weak References          628 us, parallelism: 0.88x
[1589.321s][info][gc,stats    ]   CWRF: <total>                     552 us
[1589.321s][info][gc,stats    ]   CWRF: Weak References             552 us, workers (us):  40, 512, ---, ---, 
[1589.321s][info][gc,stats    ] Concurrent Weak Roots               965 us
[1589.321s][info][gc,stats    ]   Roots                             864 us, parallelism: 1.73x
[1589.321s][info][gc,stats    ]     CWR: <total>                   1496 us
[1589.321s][info][gc,stats    ]     CWR: VM Weak Roots             1496 us, workers (us): 748, 748, ---, ---, 
[1589.321s][info][gc,stats    ]   Rendezvous                         58 us
[1589.321s][info][gc,stats    ] Concurrent Cleanup                   50 us
[1589.321s][info][gc,stats    ] Concurrent Strong Roots            6185 us, parallelism: 1.95x
[1589.321s][info][gc,stats    ]   CSR: <total>                    12063 us
[1589.321s][info][gc,stats    ]   CSR: Code Cache Roots           11829 us, workers (us): 5803, 6026, ---, ---, 
[1589.321s][info][gc,stats    ]   CSR: VM Strong Roots                8 us, workers (us):   7,   0, ---, ---, 
[1589.321s][info][gc,stats    ]   CSR: CLDG Roots                   226 us, workers (us): 226, ---, ---, ---, 
[1589.321s][info][gc,stats    ] Concurrent Evacuation             61327 us
[1589.321s][info][gc,stats    ] Pause Init Update Refs (G)           91 us
[1589.321s][info][gc,stats    ] Pause Init Update Refs (N)           67 us
[1589.321s][info][gc,stats    ]   Manage GCLABs                      10 us
[1589.321s][info][gc,stats    ] Concurrent Update Refs           170696 us
[1589.321s][info][gc,stats    ] Concurrent Update Thread Roots     1444 us
[1589.321s][info][gc,stats    ] Pause Final Update Refs (G)         185 us
[1589.321s][info][gc,stats    ] Pause Final Update Refs (N)         128 us
[1589.321s][info][gc,stats    ]   Update Region States               40 us
[1589.321s][info][gc,stats    ]   Trash Collection Set               14 us
[1589.321s][info][gc,stats    ]   Rebuild Free Set                   11 us
[1589.321s][info][gc,stats    ] Concurrent Cleanup                   80 us
[1589.321s][info][gc,stats    ] 
[1589.321s][info][gc,stats    ] Allocation pacing accrued:
[1589.321s][info][gc,stats    ]       0 of  8376 ms (  0.0%): <total>
[1589.321s][info][gc,stats    ]       0 of  8376 ms (  0.0%): <average total>
[1589.321s][info][gc,stats    ] 
[1589.321s][info][gc,metaspace] Metaspace: 136349K(137792K)->136349K(137792K) NonClass: 115277K(116096K)->115277K(116096K) Class: 21072K(21696K)->21072K(21696K)
[1589.321s][info][gc,ergo     ] Pacer for Idle. Initial: 163M, Alloc Tax Rate: 1.0x
[1600.785s][info][gc          ] Trigger: Free (815M) is below minimum threshold (819M)
[1600.785s][info][gc,ergo     ] Free: 815M, Max: 4096K regular, 332M humongous, Frag: 59% external, 0% internal; Reserve: 412M, Max: 4096K
[1600.785s][info][gc,start    ] GC(164) Concurrent reset
[1600.785s][info][gc,task     ] GC(164) Using 2 of 4 workers for concurrent reset
[1600.785s][info][gc,ergo     ] GC(164) Pacer for Reset. Non-Taxable: 8192M
[1600.800s][info][gc          ] GC(164) Concurrent reset 15.188ms
[1600.800s][info][gc,start    ] GC(164) Pause Init Mark
[1600.800s][info][gc,task     ] GC(164) Using 4 of 4 workers for init marking
[1600.800s][info][gc,ergo     ] GC(164) Pacer for Mark. Expected Live: 457M, Free: 807M, Non-Taxable: 82727K, Alloc Tax Rate: 0.7x
[1600.800s][info][gc          ] GC(164) Pause Init Mark 0.143ms
[1600.800s][info][gc,start    ] GC(164) Concurrent marking roots
[1600.801s][info][gc,task     ] GC(164) Using 2 of 4 workers for concurrent marking roots
[1600.813s][info][gc          ] GC(164) Concurrent marking roots 12.328ms
[1600.813s][info][gc,start    ] GC(164) Concurrent marking
[1600.813s][info][gc,task     ] GC(164) Using 2 of 4 workers for concurrent marking
[1601.032s][info][gc          ] GC(164) Concurrent marking 219.288ms
[1601.032s][info][gc,start    ] GC(164) Pause Final Mark
[1601.032s][info][gc,task     ] GC(164) Using 4 of 4 workers for final marking
[1601.032s][info][gc,ergo     ] GC(164) Adaptive CSet Selection. Target Free: 1160M, Actual Free: 3360M, Max CSet: 341M, Min Garbage: 0B
[1601.032s][info][gc,ergo     ] GC(164) Collectable Garbage: 6504M (99%), Immediate: 2212M (33%), CSet: 4292M (65%)
[1601.033s][info][gc,ergo     ] GC(164) Pacer for Evacuation. Used CSet: 4352M, Free: 2964M, Non-Taxable: 296M, Alloc Tax Rate: 3.6x
[1601.033s][info][gc          ] GC(164) Pause Final Mark 0.288ms
[1601.033s][info][gc,start    ] GC(164) Concurrent thread roots
[1601.033s][info][gc,task     ] GC(164) Using 2 of 4 workers for Concurrent thread roots
[1601.033s][info][gc          ] GC(164) Concurrent thread roots 0.843ms
[1601.033s][info][gc,start    ] GC(164) Concurrent weak references
[1601.033s][info][gc,task     ] GC(164) Using 2 of 4 workers for concurrent weak references
[1601.034s][info][gc,ref      ] GC(164) Encountered references: Soft: 6557, Weak: 23662, Final: 34, Phantom: 1231
[1601.034s][info][gc,ref      ] GC(164) Discovered  references: Soft: 0, Weak: 983, Final: 1, Phantom: 1103
[1601.034s][info][gc,ref      ] GC(164) Enqueued    references: Soft: 0, Weak: 5, Final: 0, Phantom: 0
[1601.034s][info][gc          ] GC(164) Concurrent weak references 0.184ms
[1601.034s][info][gc,start    ] GC(164) Concurrent weak roots
[1601.034s][info][gc,task     ] GC(164) Using 2 of 4 workers for concurrent weak root
[1601.034s][info][gc          ] GC(164) Concurrent weak roots 0.894ms
[1601.035s][info][gc,start    ] GC(164) Concurrent cleanup
[1601.035s][info][gc          ] GC(164) Concurrent cleanup 7036M->4824M(8192M) 0.038ms
[1601.035s][info][gc,ergo     ] GC(164) Free: 2956M, Max: 4096K regular, 492M humongous, Frag: 84% external, 0% internal; Reserve: 411M, Max: 4096K
[1601.035s][info][gc,start    ] GC(164) Concurrent strong roots
[1601.035s][info][gc,task     ] GC(164) Using 2 of 4 workers for concurrent strong root
[1601.041s][info][gc          ] GC(164) Concurrent strong roots 6.519ms
[1601.041s][info][gc,start    ] GC(164) Concurrent evacuation
[1601.041s][info][gc,task     ] GC(164) Using 2 of 4 workers for concurrent evacuation
[1601.076s][info][gc          ] GC(164) Concurrent evacuation 35.290ms
[1601.077s][info][gc,start    ] GC(164) Pause Init Update Refs
[1601.077s][info][gc,ergo     ] GC(164) Pacer for Update Refs. Used: 4888M, Free: 2955M, Non-Taxable: 295M, Alloc Tax Rate: 2.0x
[1601.077s][info][gc          ] GC(164) Pause Init Update Refs 0.054ms
[1601.077s][info][gc,start    ] GC(164) Concurrent update references
[1601.077s][info][gc,task     ] GC(164) Using 2 of 4 workers for concurrent reference update
[1601.207s][info][gc          ] GC(164) Concurrent update references 129.990ms
[1601.207s][info][gc,start    ] GC(164) Concurrent update thread roots
[1601.208s][info][gc          ] GC(164) Concurrent update thread roots 1.367ms
[1601.208s][info][gc,start    ] GC(164) Pause Final Update Refs
[1601.208s][info][gc,task     ] GC(164) Using 4 of 4 workers for final reference update
[1601.208s][info][gc          ] GC(164) Pause Final Update Refs 0.157ms
[1601.208s][info][gc,start    ] GC(164) Concurrent cleanup
[1601.208s][info][gc          ] GC(164) Concurrent cleanup 4911M->559M(8192M) 0.057ms
[1601.208s][info][gc,ergo     ] Free: 7220M, Max: 4096K regular, 5356M humongous, Frag: 26% external, 0% internal; Reserve: 412M, Max: 4096K
[1601.208s][info][gc,stats    ] 
[1601.208s][info][gc,stats    ] All times are wall-clock times, except per-root-class counters, that are sum over
[1601.208s][info][gc,stats    ] all workers. Dividing the <total> over the root stage time estimates parallelism.
[1601.208s][info][gc,stats    ] 
[1601.208s][info][gc,stats    ] Concurrent Reset                  15320 us
[1601.208s][info][gc,stats    ] Pause Init Mark (G)                 468 us
[1601.208s][info][gc,stats    ] Pause Init Mark (N)                 154 us
[1601.208s][info][gc,stats    ]   Update Region States               58 us
[1601.208s][info][gc,stats    ] Concurrent Mark Roots             12387 us, parallelism: 1.91x
[1601.208s][info][gc,stats    ]   CMR: <total>                    23615 us
[1601.208s][info][gc,stats    ]   CMR: Thread Roots                1496 us, workers (us): 702, 794, ---, ---, 
[1601.208s][info][gc,stats    ]   CMR: Code Cache Roots           20667 us, workers (us): 11082, 9585, ---, ---, 
[1601.208s][info][gc,stats    ]   CMR: VM Strong Roots               35 us, workers (us):  25,  10, ---, ---, 
[1601.208s][info][gc,stats    ]   CMR: CLDG Roots                  1417 us, workers (us): ---, 1417, ---, ---, 
[1601.209s][info][gc,stats    ] Concurrent Marking               219334 us
[1601.209s][info][gc,stats    ] Pause Final Mark (G)                328 us
[1601.209s][info][gc,stats    ] Pause Final Mark (N)                299 us
[1601.209s][info][gc,stats    ]   Finish Mark                        66 us
[1601.209s][info][gc,stats    ]   Update Region States               17 us
[1601.209s][info][gc,stats    ]   Choose Collection Set             138 us
[1601.209s][info][gc,stats    ]   Rebuild Free Set                   10 us
[1601.209s][info][gc,stats    ] Concurrent Thread Roots             861 us, parallelism: 1.84x
[1601.209s][info][gc,stats    ]   CTR: <total>                     1580 us
[1601.209s][info][gc,stats    ]   CTR: Thread Roots                1580 us, workers (us): 806, 774, ---, ---, 
[1601.209s][info][gc,stats    ] Concurrent Weak References          195 us, parallelism: 0.78x
[1601.209s][info][gc,stats    ]   CWRF: <total>                     151 us
[1601.209s][info][gc,stats    ]   CWRF: Weak References             151 us, workers (us):  44, 107, ---, ---, 
[1601.209s][info][gc,stats    ] Concurrent Weak Roots               911 us
[1601.209s][info][gc,stats    ]   Roots                             848 us, parallelism: 1.81x
[1601.209s][info][gc,stats    ]     CWR: <total>                   1534 us
[1601.209s][info][gc,stats    ]     CWR: VM Weak Roots             1534 us, workers (us): 767, 767, ---, ---, 
[1601.209s][info][gc,stats    ]   Rendezvous                         24 us
[1601.209s][info][gc,stats    ] Concurrent Cleanup                   50 us
[1601.209s][info][gc,stats    ] Concurrent Strong Roots            6552 us, parallelism: 1.97x
[1601.209s][info][gc,stats    ]   CSR: <total>                    12879 us
[1601.209s][info][gc,stats    ]   CSR: Code Cache Roots           12647 us, workers (us): 6421, 6226, ---, ---, 
[1601.209s][info][gc,stats    ]   CSR: VM Strong Roots                8 us, workers (us):   4,   3, ---, ---, 
[1601.209s][info][gc,stats    ]   CSR: CLDG Roots                   225 us, workers (us): ---, 225, ---, ---, 
[1601.209s][info][gc,stats    ] Concurrent Evacuation             35343 us
[1601.209s][info][gc,stats    ] Pause Init Update Refs (G)          148 us
[1601.209s][info][gc,stats    ] Pause Init Update Refs (N)           65 us
[1601.209s][info][gc,stats    ]   Manage GCLABs                      12 us
[1601.209s][info][gc,stats    ] Concurrent Update Refs           130025 us
[1601.209s][info][gc,stats    ] Concurrent Update Thread Roots     1389 us
[1601.209s][info][gc,stats    ] Pause Final Update Refs (G)         203 us
[1601.209s][info][gc,stats    ] Pause Final Update Refs (N)         173 us
[1601.209s][info][gc,stats    ]   Update Region States               40 us
[1601.209s][info][gc,stats    ]   Trash Collection Set               14 us
[1601.209s][info][gc,stats    ]   Rebuild Free Set                   11 us
[1601.209s][info][gc,stats    ] Concurrent Cleanup                   70 us
[1601.209s][info][gc,stats    ] 
[1601.209s][info][gc,stats    ] Allocation pacing accrued:
[1601.209s][info][gc,stats    ]       0 of 11888 ms (  0.0%): <total>
[1601.209s][info][gc,stats    ]       0 of 11888 ms (  0.0%): <average total>
[1601.209s][info][gc,stats    ] 
[1601.209s][info][gc,metaspace] Metaspace: 136349K(137792K)->136349K(137792K) NonClass: 115277K(116096K)->115277K(116096K) Class: 21072K(21696K)->21072K(21696K)
[1601.209s][info][gc,ergo     ] Pacer for Idle. Initial: 163M, Alloc Tax Rate: 1.0x
[1610.062s][info][gc          ] Trigger: Average GC time (538.60 ms) is above the time for instantaneous allocation rate (1234 MB/s) to deplete free headroom (590M) (spike threshold = 1.77)
[1610.062s][info][gc,ergo     ] Free: 1000M, Max: 4096K regular, 492M humongous, Frag: 51% external, 0% internal; Reserve: 412M, Max: 4096K
[1610.062s][info][gc,start    ] GC(165) Concurrent reset
[1610.062s][info][gc,task     ] GC(165) Using 2 of 4 workers for concurrent reset
[1610.062s][info][gc,ergo     ] GC(165) Pacer for Reset. Non-Taxable: 8192M
[1610.078s][info][gc          ] GC(165) Concurrent reset 15.802ms
[1610.078s][info][gc,start    ] GC(165) Pause Init Mark
[1610.078s][info][gc,task     ] GC(165) Using 4 of 4 workers for init marking
[1610.078s][info][gc,ergo     ] GC(165) Pacer for Mark. Expected Live: 456M, Free: 992M, Non-Taxable: 101584K, Alloc Tax Rate: 0.6x
[1610.078s][info][gc          ] GC(165) Pause Init Mark 0.155ms
[1610.078s][info][gc,start    ] GC(165) Concurrent marking roots
[1610.078s][info][gc,task     ] GC(165) Using 2 of 4 workers for concurrent marking roots
[1610.089s][info][gc          ] GC(165) Concurrent marking roots 10.570ms
[1610.089s][info][gc,start    ] GC(165) Concurrent marking
[1610.089s][info][gc,task     ] GC(165) Using 2 of 4 workers for concurrent marking
[1610.330s][info][gc          ] GC(165) Concurrent marking 241.193ms
[1610.330s][info][gc,start    ] GC(165) Pause Final Mark
[1610.330s][info][gc,task     ] GC(165) Using 4 of 4 workers for final marking
[1610.331s][info][gc,ergo     ] GC(165) Adaptive CSet Selection. Target Free: 1160M, Actual Free: 2344M, Max CSet: 341M, Min Garbage: 0B
[1610.331s][info][gc,ergo     ] GC(165) Collectable Garbage: 6283M (99%), Immediate: 1276M (20%), CSet: 5007M (79%)
[1610.331s][info][gc,ergo     ] GC(165) Pacer for Evacuation. Used CSet: 5104M, Free: 1940M, Non-Taxable: 194M, Alloc Tax Rate: 6.4x
[1610.331s][info][gc          ] GC(165) Pause Final Mark 0.319ms
[1610.331s][info][gc,start    ] GC(165) Concurrent thread roots
[1610.331s][info][gc,task     ] GC(165) Using 2 of 4 workers for Concurrent thread roots
[1610.331s][info][gc          ] GC(165) Concurrent thread roots 0.751ms
[1610.332s][info][gc,start    ] GC(165) Concurrent weak references
[1610.332s][info][gc,task     ] GC(165) Using 2 of 4 workers for concurrent weak references
[1610.332s][info][gc,ref      ] GC(165) Encountered references: Soft: 6557, Weak: 23660, Final: 34, Phantom: 1234
[1610.332s][info][gc,ref      ] GC(165) Discovered  references: Soft: 0, Weak: 4929, Final: 0, Phantom: 1108
[1610.332s][info][gc,ref      ] GC(165) Enqueued    references: Soft: 0, Weak: 2, Final: 0, Phantom: 0
[1610.332s][info][gc          ] GC(165) Concurrent weak references 0.331ms
[1610.332s][info][gc,start    ] GC(165) Concurrent weak roots
[1610.332s][info][gc,task     ] GC(165) Using 2 of 4 workers for concurrent weak root
[1610.333s][info][gc          ] GC(165) Concurrent weak roots 0.924ms
[1610.333s][info][gc,start    ] GC(165) Concurrent cleanup
[1610.333s][info][gc          ] GC(165) Concurrent cleanup 7124M->5848M(8192M) 0.032ms
[1610.333s][info][gc,ergo     ] GC(165) Free: 1932M, Max: 4096K regular, 356M humongous, Frag: 82% external, 0% internal; Reserve: 411M, Max: 4096K
[1610.333s][info][gc,start    ] GC(165) Concurrent strong roots
[1610.333s][info][gc,task     ] GC(165) Using 2 of 4 workers for concurrent strong root
[1610.342s][info][gc          ] GC(165) Concurrent strong roots 8.881ms
[1610.342s][info][gc,start    ] GC(165) Concurrent evacuation
[1610.342s][info][gc,task     ] GC(165) Using 2 of 4 workers for concurrent evacuation
[1610.394s][info][gc          ] GC(165) Concurrent evacuation 52.118ms
[1610.394s][info][gc,start    ] GC(165) Pause Init Update Refs
[1610.394s][info][gc,ergo     ] GC(165) Pacer for Update Refs. Used: 6011M, Free: 1868M, Non-Taxable: 186M, Alloc Tax Rate: 3.9x
[1610.394s][info][gc          ] GC(165) Pause Init Update Refs 0.046ms
[1610.394s][info][gc,start    ] GC(165) Concurrent update references
[1610.394s][info][gc,task     ] GC(165) Using 2 of 4 workers for concurrent reference update
[1610.553s][info][gc          ] GC(165) Concurrent update references 158.541ms
[1610.553s][info][gc,start    ] GC(165) Concurrent update thread roots
[1610.554s][info][gc          ] GC(165) Concurrent update thread roots 1.273ms
[1610.554s][info][gc,start    ] GC(165) Pause Final Update Refs
[1610.554s][info][gc,task     ] GC(165) Using 4 of 4 workers for final reference update
[1610.554s][info][gc          ] GC(165) Pause Final Update Refs 0.097ms
[1610.554s][info][gc,start    ] GC(165) Concurrent cleanup
[1610.554s][info][gc          ] GC(165) Concurrent cleanup 6115M->1011M(8192M) 0.067ms
[1610.554s][info][gc,ergo     ] Free: 6768M, Max: 4096K regular, 5160M humongous, Frag: 24% external, 0% internal; Reserve: 412M, Max: 4096K
[1610.554s][info][gc,stats    ] 
[1610.554s][info][gc,stats    ] All times are wall-clock times, except per-root-class counters, that are sum over
[1610.554s][info][gc,stats    ] all workers. Dividing the <total> over the root stage time estimates parallelism.
[1610.554s][info][gc,stats    ] 
[1610.554s][info][gc,stats    ] Concurrent Reset                  15862 us
[1610.554s][info][gc,stats    ] Pause Init Mark (G)                 216 us
[1610.554s][info][gc,stats    ] Pause Init Mark (N)                 168 us
[1610.554s][info][gc,stats    ]   Update Region States               76 us
[1610.554s][info][gc,stats    ] Concurrent Mark Roots             10641 us, parallelism: 1.93x
[1610.554s][info][gc,stats    ]   CMR: <total>                    20541 us
[1610.554s][info][gc,stats    ]   CMR: Thread Roots                1460 us, workers (us): 729, 731, ---, ---, 
[1610.554s][info][gc,stats    ]   CMR: Code Cache Roots           17985 us, workers (us): 8465, 9519, ---, ---, 
[1610.554s][info][gc,stats    ]   CMR: VM Strong Roots               15 us, workers (us):  14,   0, ---, ---, 
[1610.554s][info][gc,stats    ]   CMR: CLDG Roots                  1082 us, workers (us): 1082, ---, ---, ---, 
[1610.554s][info][gc,stats    ] Concurrent Marking               241245 us
[1610.554s][info][gc,stats    ] Pause Final Mark (G)                409 us
[1610.554s][info][gc,stats    ] Pause Final Mark (N)                330 us
[1610.554s][info][gc,stats    ]   Finish Mark                        78 us
[1610.554s][info][gc,stats    ]   Update Region States               17 us
[1610.554s][info][gc,stats    ]   Choose Collection Set             156 us
[1610.554s][info][gc,stats    ]   Rebuild Free Set                   11 us
[1610.554s][info][gc,stats    ] Concurrent Thread Roots             772 us, parallelism: 1.83x
[1610.554s][info][gc,stats    ]   CTR: <total>                     1415 us
[1610.554s][info][gc,stats    ]   CTR: Thread Roots                1415 us, workers (us): 707, 709, ---, ---, 
[1610.554s][info][gc,stats    ] Concurrent Weak References          342 us, parallelism: 1.43x
[1610.554s][info][gc,stats    ]   CWRF: <total>                     490 us
[1610.554s][info][gc,stats    ]   CWRF: Weak References             490 us, workers (us): 226, 263, ---, ---, 
[1610.554s][info][gc,stats    ] Concurrent Weak Roots               943 us
[1610.554s][info][gc,stats    ]   Roots                             880 us, parallelism: 1.80x
[1610.554s][info][gc,stats    ]     CWR: <total>                   1583 us
[1610.554s][info][gc,stats    ]     CWR: VM Weak Roots             1583 us, workers (us): 792, 792, ---, ---, 
[1610.555s][info][gc,stats    ]   Rendezvous                         23 us
[1610.555s][info][gc,stats    ] Concurrent Cleanup                   45 us
[1610.555s][info][gc,stats    ] Concurrent Strong Roots            8916 us, parallelism: 1.97x
[1610.555s][info][gc,stats    ]   CSR: <total>                    17537 us
[1610.555s][info][gc,stats    ]   CSR: Code Cache Roots           17274 us, workers (us): 8775, 8499, ---, ---, 
[1610.555s][info][gc,stats    ]   CSR: VM Strong Roots               10 us, workers (us):   5,   4, ---, ---, 
[1610.555s][info][gc,stats    ]   CSR: CLDG Roots                   253 us, workers (us): ---, 253, ---, ---, 
[1610.555s][info][gc,stats    ] Concurrent Evacuation             52153 us
[1610.555s][info][gc,stats    ] Pause Init Update Refs (G)          120 us
[1610.555s][info][gc,stats    ] Pause Init Update Refs (N)           57 us
[1610.555s][info][gc,stats    ]   Manage GCLABs                       6 us
[1610.555s][info][gc,stats    ] Concurrent Update Refs           158576 us
[1610.555s][info][gc,stats    ] Concurrent Update Thread Roots     1299 us
[1610.555s][info][gc,stats    ] Pause Final Update Refs (G)         149 us
[1610.555s][info][gc,stats    ] Pause Final Update Refs (N)         119 us
[1610.555s][info][gc,stats    ]   Update Region States               30 us
[1610.555s][info][gc,stats    ]   Trash Collection Set               14 us
[1610.555s][info][gc,stats    ]   Rebuild Free Set                   10 us
[1610.555s][info][gc,stats    ] Concurrent Cleanup                   80 us
[1610.555s][info][gc,stats    ] 
[1610.555s][info][gc,stats    ] Allocation pacing accrued:
[1610.555s][info][gc,stats    ]       0 of  9346 ms (  0.0%): <total>
[1610.555s][info][gc,stats    ]       0 of  9346 ms (  0.0%): <average total>
[1610.555s][info][gc,stats    ] 
[1610.555s][info][gc,metaspace] Metaspace: 136349K(137792K)->136349K(137792K) NonClass: 115277K(116096K)->115277K(116096K) Class: 21072K(21696K)->21072K(21696K)
[1610.555s][info][gc,ergo     ] Pacer for Idle. Initial: 163M, Alloc Tax Rate: 1.0x
[1621.557s][info][gc          ] Trigger: Free (816M) is below minimum threshold (819M)
[1621.557s][info][gc,ergo     ] Free: 816M, Max: 4096K regular, 356M humongous, Frag: 56% external, 0% internal; Reserve: 412M, Max: 4096K
[1621.557s][info][gc,start    ] GC(166) Concurrent reset
[1621.557s][info][gc,task     ] GC(166) Using 2 of 4 workers for concurrent reset
[1621.557s][info][gc,ergo     ] GC(166) Pacer for Reset. Non-Taxable: 8192M
[1621.576s][info][gc          ] GC(166) Concurrent reset 18.971ms
[1621.576s][info][gc,start    ] GC(166) Pause Init Mark
[1621.576s][info][gc,task     ] GC(166) Using 4 of 4 workers for init marking
[1621.576s][info][gc,ergo     ] GC(166) Pacer for Mark. Expected Live: 456M, Free: 808M, Non-Taxable: 82744K, Alloc Tax Rate: 0.7x
[1621.576s][info][gc          ] GC(166) Pause Init Mark 0.159ms
[1621.576s][info][gc,start    ] GC(166) Concurrent marking roots
[1621.576s][info][gc,task     ] GC(166) Using 2 of 4 workers for concurrent marking roots
[1621.585s][info][gc          ] GC(166) Concurrent marking roots 8.677ms
[1621.585s][info][gc,start    ] GC(166) Concurrent marking
[1621.585s][info][gc,task     ] GC(166) Using 2 of 4 workers for concurrent marking
[1621.816s][info][gc          ] GC(166) Concurrent marking 231.196ms
[1621.816s][info][gc,start    ] GC(166) Pause Final Mark
[1621.816s][info][gc,task     ] GC(166) Using 4 of 4 workers for final marking
[1621.817s][info][gc,ergo     ] GC(166) Adaptive CSet Selection. Target Free: 1160M, Actual Free: 3420M, Max CSet: 341M, Min Garbage: 0B
[1621.817s][info][gc,ergo     ] GC(166) Collectable Garbage: 6493M (99%), Immediate: 2348M (35%), CSet: 4145M (63%)
[1621.817s][info][gc,ergo     ] GC(166) Pacer for Evacuation. Used CSet: 4216M, Free: 3016M, Non-Taxable: 301M, Alloc Tax Rate: 3.4x
[1621.817s][info][gc          ] GC(166) Pause Final Mark 0.338ms
[1621.817s][info][gc,start    ] GC(166) Concurrent thread roots
[1621.817s][info][gc,task     ] GC(166) Using 2 of 4 workers for Concurrent thread roots
[1621.818s][info][gc          ] GC(166) Concurrent thread roots 0.798ms
[1621.818s][info][gc,start    ] GC(166) Concurrent weak references
[1621.818s][info][gc,task     ] GC(166) Using 2 of 4 workers for concurrent weak references
[1621.818s][info][gc,ref      ] GC(166) Encountered references: Soft: 6557, Weak: 23659, Final: 34, Phantom: 1234
[1621.818s][info][gc,ref      ] GC(166) Discovered  references: Soft: 0, Weak: 2304, Final: 0, Phantom: 917
[1621.818s][info][gc,ref      ] GC(166) Enqueued    references: Soft: 0, Weak: 1, Final: 0, Phantom: 0
[1621.818s][info][gc          ] GC(166) Concurrent weak references 0.252ms
[1621.818s][info][gc,start    ] GC(166) Concurrent weak roots
[1621.818s][info][gc,task     ] GC(166) Using 2 of 4 workers for concurrent weak root
[1621.819s][info][gc          ] GC(166) Concurrent weak roots 0.960ms
[1621.819s][info][gc,start    ] GC(166) Concurrent cleanup
[1621.819s][info][gc          ] GC(166) Concurrent cleanup 7120M->4772M(8192M) 0.076ms
[1621.819s][info][gc,ergo     ] GC(166) Free: 3007M, Max: 4096K regular, 356M humongous, Frag: 89% external, 0% internal; Reserve: 411M, Max: 4096K
[1621.819s][info][gc,start    ] GC(166) Concurrent strong roots
[1621.819s][info][gc,task     ] GC(166) Using 2 of 4 workers for concurrent strong root
[1621.825s][info][gc          ] GC(166) Concurrent strong roots 5.954ms
[1621.825s][info][gc,start    ] GC(166) Concurrent evacuation
[1621.825s][info][gc,task     ] GC(166) Using 2 of 4 workers for concurrent evacuation
[1621.862s][info][gc          ] GC(166) Concurrent evacuation 37.360ms
[1621.862s][info][gc,start    ] GC(166) Pause Init Update Refs
[1621.862s][info][gc,ergo     ] GC(166) Pacer for Update Refs. Used: 4868M, Free: 2983M, Non-Taxable: 298M, Alloc Tax Rate: 2.0x
[1621.862s][info][gc          ] GC(166) Pause Init Update Refs 0.044ms
[1621.862s][info][gc,start    ] GC(166) Concurrent update references
[1621.862s][info][gc,task     ] GC(166) Using 2 of 4 workers for concurrent reference update
[1622.002s][info][gc          ] GC(166) Concurrent update references 139.690ms
[1622.002s][info][gc,start    ] GC(166) Concurrent update thread roots
[1622.004s][info][gc          ] GC(166) Concurrent update thread roots 1.592ms
[1622.004s][info][gc,start    ] GC(166) Pause Final Update Refs
[1622.004s][info][gc,task     ] GC(166) Using 4 of 4 workers for final reference update
[1622.004s][info][gc          ] GC(166) Pause Final Update Refs 0.122ms
[1622.004s][info][gc,start    ] GC(166) Concurrent cleanup
[1622.004s][info][gc          ] GC(166) Concurrent cleanup 4936M->720M(8192M) 0.075ms
[1622.004s][info][gc,ergo     ] Free: 7059M, Max: 4096K regular, 5036M humongous, Frag: 29% external, 0% internal; Reserve: 412M, Max: 4096K
[1622.004s][info][gc,stats    ] 
[1622.004s][info][gc,stats    ] All times are wall-clock times, except per-root-class counters, that are sum over
[1622.004s][info][gc,stats    ] all workers. Dividing the <total> over the root stage time estimates parallelism.
[1622.004s][info][gc,stats    ] 
[1622.004s][info][gc,stats    ] Concurrent Reset                  19199 us
[1622.004s][info][gc,stats    ] Pause Init Mark (G)                 292 us
[1622.004s][info][gc,stats    ] Pause Init Mark (N)                 172 us
[1622.004s][info][gc,stats    ]   Update Region States               62 us
[1622.004s][info][gc,stats    ] Concurrent Mark Roots              8727 us, parallelism: 1.90x
[1622.004s][info][gc,stats    ]   CMR: <total>                    16558 us
[1622.004s][info][gc,stats    ]   CMR: Thread Roots                1398 us, workers (us): 723, 676, ---, ---, 
[1622.004s][info][gc,stats    ]   CMR: Code Cache Roots           14171 us, workers (us): 6580, 7591, ---, ---, 
[1622.004s][info][gc,stats    ]   CMR: VM Strong Roots               21 us, workers (us):  20,   0, ---, ---, 
[1622.004s][info][gc,stats    ]   CMR: CLDG Roots                   968 us, workers (us): 968, ---, ---, ---, 
[1622.004s][info][gc,stats    ] Concurrent Marking               231248 us
[1622.004s][info][gc,stats    ] Pause Final Mark (G)                367 us
[1622.005s][info][gc,stats    ] Pause Final Mark (N)                349 us
[1622.005s][info][gc,stats    ]   Finish Mark                        97 us
[1622.005s][info][gc,stats    ]   Update Region States               36 us
[1622.005s][info][gc,stats    ]   Choose Collection Set             140 us
[1622.005s][info][gc,stats    ]   Rebuild Free Set                    9 us
[1622.005s][info][gc,stats    ] Concurrent Thread Roots             820 us, parallelism: 1.84x
[1622.005s][info][gc,stats    ]   CTR: <total>                     1506 us
[1622.005s][info][gc,stats    ]   CTR: Thread Roots                1506 us, workers (us): 754, 752, ---, ---, 
[1622.005s][info][gc,stats    ] Concurrent Weak References          264 us, parallelism: 0.74x
[1622.005s][info][gc,stats    ]   CWRF: <total>                     194 us
[1622.005s][info][gc,stats    ]   CWRF: Weak References             194 us, workers (us):  51, 144, ---, ---, 
[1622.005s][info][gc,stats    ] Concurrent Weak Roots               981 us
[1622.005s][info][gc,stats    ]   Roots                             875 us, parallelism: 1.78x
[1622.005s][info][gc,stats    ]     CWR: <total>                   1561 us
[1622.005s][info][gc,stats    ]     CWR: VM Weak Roots             1561 us, workers (us): 795, 766, ---, ---, 
[1622.005s][info][gc,stats    ]   Rendezvous                         64 us
[1622.005s][info][gc,stats    ] Concurrent Cleanup                   99 us
[1622.005s][info][gc,stats    ] Concurrent Strong Roots            5982 us, parallelism: 1.97x
[1622.005s][info][gc,stats    ]   CSR: <total>                    11758 us
[1622.005s][info][gc,stats    ]   CSR: Code Cache Roots           11512 us, workers (us): 5881, 5630, ---, ---, 
[1622.005s][info][gc,stats    ]   CSR: VM Strong Roots                8 us, workers (us):   4,   4, ---, ---, 
[1622.005s][info][gc,stats    ]   CSR: CLDG Roots                   238 us, workers (us): ---, 238, ---, ---, 
[1622.005s][info][gc,stats    ] Concurrent Evacuation             37403 us
[1622.005s][info][gc,stats    ] Pause Init Update Refs (G)          114 us
[1622.005s][info][gc,stats    ] Pause Init Update Refs (N)           55 us
[1622.005s][info][gc,stats    ]   Manage GCLABs                       6 us
[1622.005s][info][gc,stats    ] Concurrent Update Refs           139744 us
[1622.005s][info][gc,stats    ] Concurrent Update Thread Roots     1659 us
[1622.005s][info][gc,stats    ] Pause Final Update Refs (G)         197 us
[1622.005s][info][gc,stats    ] Pause Final Update Refs (N)         137 us
[1622.005s][info][gc,stats    ]   Update Region States               48 us
[1622.005s][info][gc,stats    ]   Trash Collection Set               15 us
[1622.005s][info][gc,stats    ]   Rebuild Free Set                   12 us
[1622.005s][info][gc,stats    ] Concurrent Cleanup                   95 us
[1622.005s][info][gc,stats    ] 
[1622.005s][info][gc,stats    ] Allocation pacing accrued:
[1622.005s][info][gc,stats    ]       0 of 11450 ms (  0.0%): <total>
[1622.005s][info][gc,stats    ]       0 of 11450 ms (  0.0%): <average total>
[1622.005s][info][gc,stats    ] 
[1622.005s][info][gc,metaspace] Metaspace: 136349K(137792K)->136349K(137792K) NonClass: 115277K(116096K)->115277K(116096K) Class: 21072K(21696K)->21072K(21696K)
[1622.005s][info][gc,ergo     ] Pacer for Idle. Initial: 163M, Alloc Tax Rate: 1.0x
[1631.468s][info][gc          ] Trigger: Free (816M) is below minimum threshold (819M)
[1631.468s][info][gc,ergo     ] Free: 816M, Max: 4096K regular, 524M humongous, Frag: 36% external, 0% internal; Reserve: 412M, Max: 4096K
[1631.468s][info][gc,start    ] GC(167) Concurrent reset
[1631.468s][info][gc,task     ] GC(167) Using 2 of 4 workers for concurrent reset
[1631.468s][info][gc,ergo     ] GC(167) Pacer for Reset. Non-Taxable: 8192M
[1631.482s][info][gc          ] GC(167) Concurrent reset 14.330ms
[1631.482s][info][gc,start    ] GC(167) Pause Init Mark
[1631.482s][info][gc,task     ] GC(167) Using 4 of 4 workers for init marking
[1631.482s][info][gc,ergo     ] GC(167) Pacer for Mark. Expected Live: 457M, Free: 812M, Non-Taxable: 83152K, Alloc Tax Rate: 0.7x
[1631.482s][info][gc          ] GC(167) Pause Init Mark 0.084ms
[1631.482s][info][gc,start    ] GC(167) Concurrent marking roots
[1631.482s][info][gc,task     ] GC(167) Using 2 of 4 workers for concurrent marking roots
[1631.491s][info][gc          ] GC(167) Concurrent marking roots 9.105ms
[1631.491s][info][gc,start    ] GC(167) Concurrent marking
[1631.491s][info][gc,task     ] GC(167) Using 2 of 4 workers for concurrent marking
[1631.714s][info][gc          ] GC(167) Concurrent marking 222.610ms
[1631.714s][info][gc,start    ] GC(167) Pause Final Mark
[1631.714s][info][gc,task     ] GC(167) Using 4 of 4 workers for final marking
[1631.714s][info][gc,ergo     ] GC(167) Adaptive CSet Selection. Target Free: 1160M, Actual Free: 2512M, Max CSet: 341M, Min Garbage: 0B
[1631.714s][info][gc,ergo     ] GC(167) Collectable Garbage: 6472M (99%), Immediate: 1448M (22%), CSet: 5024M (77%)
[1631.714s][info][gc,ergo     ] GC(167) Pacer for Evacuation. Used CSet: 5112M, Free: 2108M, Non-Taxable: 210M, Alloc Tax Rate: 5.9x
[1631.714s][info][gc          ] GC(167) Pause Final Mark 0.342ms
[1631.714s][info][gc,start    ] GC(167) Concurrent thread roots
[1631.714s][info][gc,task     ] GC(167) Using 2 of 4 workers for Concurrent thread roots
[1631.715s][info][gc          ] GC(167) Concurrent thread roots 0.732ms
[1631.715s][info][gc,start    ] GC(167) Concurrent weak references
[1631.715s][info][gc,task     ] GC(167) Using 2 of 4 workers for concurrent weak references
[1631.716s][info][gc,ref      ] GC(167) Encountered references: Soft: 6557, Weak: 23668, Final: 34, Phantom: 1246
[1631.716s][info][gc,ref      ] GC(167) Discovered  references: Soft: 0, Weak: 11627, Final: 33, Phantom: 925
[1631.716s][info][gc,ref      ] GC(167) Enqueued    references: Soft: 0, Weak: 6, Final: 0, Phantom: 0
[1631.716s][info][gc          ] GC(167) Concurrent weak references 0.468ms
[1631.716s][info][gc,start    ] GC(167) Concurrent weak roots
[1631.716s][info][gc,task     ] GC(167) Using 2 of 4 workers for concurrent weak root
[1631.717s][info][gc          ] GC(167) Concurrent weak roots 0.955ms
[1631.717s][info][gc,start    ] GC(167) Concurrent cleanup
[1631.717s][info][gc          ] GC(167) Concurrent cleanup 7128M->5680M(8192M) 0.034ms
[1631.717s][info][gc,ergo     ] GC(167) Free: 2100M, Max: 4096K regular, 356M humongous, Frag: 83% external, 0% internal; Reserve: 411M, Max: 4096K
[1631.717s][info][gc,start    ] GC(167) Concurrent strong roots
[1631.717s][info][gc,task     ] GC(167) Using 2 of 4 workers for concurrent strong root
[1631.723s][info][gc          ] GC(167) Concurrent strong roots 6.057ms
[1631.723s][info][gc,start    ] GC(167) Concurrent evacuation
[1631.723s][info][gc,task     ] GC(167) Using 2 of 4 workers for concurrent evacuation
[1631.767s][info][gc          ] GC(167) Concurrent evacuation 44.178ms
[1631.767s][info][gc,start    ] GC(167) Pause Init Update Refs
[1631.767s][info][gc,ergo     ] GC(167) Pacer for Update Refs. Used: 5791M, Free: 2080M, Non-Taxable: 208M, Alloc Tax Rate: 3.4x
[1631.767s][info][gc          ] GC(167) Pause Init Update Refs 0.045ms
[1631.767s][info][gc,start    ] GC(167) Concurrent update references
[1631.767s][info][gc,task     ] GC(167) Using 2 of 4 workers for concurrent reference update
[1631.914s][info][gc          ] GC(167) Concurrent update references 146.443ms
[1631.914s][info][gc,start    ] GC(167) Concurrent update thread roots
[1631.915s][info][gc          ] GC(167) Concurrent update thread roots 1.478ms
[1631.915s][info][gc,start    ] GC(167) Pause Final Update Refs
[1631.915s][info][gc,task     ] GC(167) Using 4 of 4 workers for final reference update
[1631.915s][info][gc          ] GC(167) Pause Final Update Refs 0.133ms
[1631.915s][info][gc,start    ] GC(167) Concurrent cleanup
[1631.915s][info][gc          ] GC(167) Concurrent cleanup 5871M->759M(8192M) 0.065ms
[1631.915s][info][gc,ergo     ] Free: 7020M, Max: 4096K regular, 5396M humongous, Frag: 23% external, 0% internal; Reserve: 412M, Max: 4096K
[1631.915s][info][gc,stats    ] 
[1631.915s][info][gc,stats    ] All times are wall-clock times, except per-root-class counters, that are sum over
[1631.915s][info][gc,stats    ] all workers. Dividing the <total> over the root stage time estimates parallelism.
[1631.915s][info][gc,stats    ] 
[1631.916s][info][gc,stats    ] Concurrent Reset                  14396 us
[1631.916s][info][gc,stats    ] Pause Init Mark (G)                 159 us
[1631.916s][info][gc,stats    ] Pause Init Mark (N)                  96 us
[1631.916s][info][gc,stats    ]   Update Region States               16 us
[1631.916s][info][gc,stats    ] Concurrent Mark Roots              9151 us, parallelism: 1.95x
[1631.916s][info][gc,stats    ]   CMR: <total>                    17884 us
[1631.916s][info][gc,stats    ]   CMR: Thread Roots                1350 us, workers (us): 693, 657, ---, ---, 
[1631.916s][info][gc,stats    ]   CMR: Code Cache Roots           15832 us, workers (us): 7560, 8272, ---, ---, 
[1631.916s][info][gc,stats    ]   CMR: VM Strong Roots               14 us, workers (us):  14,   0, ---, ---, 
[1631.916s][info][gc,stats    ]   CMR: CLDG Roots                   687 us, workers (us): 687, ---, ---, ---, 
[1631.916s][info][gc,stats    ] Concurrent Marking               222644 us
[1631.916s][info][gc,stats    ] Pause Final Mark (G)                374 us
[1631.916s][info][gc,stats    ] Pause Final Mark (N)                353 us
[1631.916s][info][gc,stats    ]   Finish Mark                        84 us
[1631.916s][info][gc,stats    ]   Update Region States               42 us
[1631.916s][info][gc,stats    ]   Choose Collection Set             154 us
[1631.916s][info][gc,stats    ]   Rebuild Free Set                   10 us
[1631.916s][info][gc,stats    ] Concurrent Thread Roots             754 us, parallelism: 1.83x
[1631.916s][info][gc,stats    ]   CTR: <total>                     1382 us
[1631.916s][info][gc,stats    ]   CTR: Thread Roots                1382 us, workers (us): 687, 695, ---, ---, 
[1631.916s][info][gc,stats    ] Concurrent Weak References          479 us, parallelism: 0.95x
[1631.916s][info][gc,stats    ]   CWRF: <total>                     457 us
[1631.916s][info][gc,stats    ]   CWRF: Weak References             457 us, workers (us): 400,  57, ---, ---, 
[1631.916s][info][gc,stats    ] Concurrent Weak Roots               975 us
[1631.916s][info][gc,stats    ]   Roots                             872 us, parallelism: 1.79x
[1631.916s][info][gc,stats    ]     CWR: <total>                   1565 us
[1631.916s][info][gc,stats    ]     CWR: VM Weak Roots             1565 us, workers (us): 781, 784, ---, ---, 
[1631.916s][info][gc,stats    ]   Rendezvous                         62 us
[1631.916s][info][gc,stats    ] Concurrent Cleanup                   47 us
[1631.916s][info][gc,stats    ] Concurrent Strong Roots            6087 us, parallelism: 1.95x
[1631.916s][info][gc,stats    ]   CSR: <total>                    11844 us
[1631.916s][info][gc,stats    ]   CSR: Code Cache Roots           11607 us, workers (us): 5718, 5889, ---, ---, 
[1631.916s][info][gc,stats    ]   CSR: VM Strong Roots                7 us, workers (us):   7,   0, ---, ---, 
[1631.916s][info][gc,stats    ]   CSR: CLDG Roots                   230 us, workers (us): 230, ---, ---, ---, 
[1631.916s][info][gc,stats    ] Concurrent Evacuation             44233 us
[1631.916s][info][gc,stats    ] Pause Init Update Refs (G)          106 us
[1631.916s][info][gc,stats    ] Pause Init Update Refs (N)           56 us
[1631.916s][info][gc,stats    ]   Manage GCLABs                       6 us
[1631.916s][info][gc,stats    ] Concurrent Update Refs           146490 us
[1631.916s][info][gc,stats    ] Concurrent Update Thread Roots     1504 us
[1631.916s][info][gc,stats    ] Pause Final Update Refs (G)         212 us
[1631.916s][info][gc,stats    ] Pause Final Update Refs (N)         155 us
[1631.916s][info][gc,stats    ]   Update Region States               69 us
[1631.916s][info][gc,stats    ]   Trash Collection Set               14 us
[1631.916s][info][gc,stats    ]   Rebuild Free Set                   12 us
[1631.916s][info][gc,stats    ] Concurrent Cleanup                   78 us
[1631.916s][info][gc,stats    ] 
[1631.916s][info][gc,stats    ] Allocation pacing accrued:
[1631.916s][info][gc,stats    ]       0 of  9911 ms (  0.0%): <total>
[1631.916s][info][gc,stats    ]       0 of  9911 ms (  0.0%): <average total>
[1631.916s][info][gc,stats    ] 
[1631.916s][info][gc,metaspace] Metaspace: 136367K(137792K)->136367K(137792K) NonClass: 115295K(116096K)->115295K(116096K) Class: 21072K(21696K)->21072K(21696K)
[1631.916s][info][gc,ergo     ] Pacer for Idle. Initial: 163M, Alloc Tax Rate: 1.0x
[1639.212s][info][gc          ] Trigger: Average GC time (493.98 ms) is above the time for average allocation rate (1033 MB/s) to deplete free headroom (510M) (margin of error = 1.89)
[1639.212s][info][gc,ergo     ] Free headroom: 920M (free) - 409M (spike) - 0B (penalties) = 510M
[1639.212s][info][gc,ergo     ] Free: 920M, Max: 4096K regular, 356M humongous, Frag: 61% external, 0% internal; Reserve: 412M, Max: 4096K
[1639.212s][info][gc,start    ] GC(168) Concurrent reset
[1639.212s][info][gc,task     ] GC(168) Using 2 of 4 workers for concurrent reset
[1639.212s][info][gc,ergo     ] GC(168) Pacer for Reset. Non-Taxable: 8192M
[1639.240s][info][gc          ] GC(168) Concurrent reset 28.299ms
[1639.240s][info][gc,start    ] GC(168) Pause Init Mark
[1639.240s][info][gc,task     ] GC(168) Using 4 of 4 workers for init marking
[1639.240s][info][gc,ergo     ] GC(168) Pacer for Mark. Expected Live: 459M, Free: 896M, Non-Taxable: 91753K, Alloc Tax Rate: 0.6x
[1639.240s][info][gc          ] GC(168) Pause Init Mark 0.224ms
[1639.240s][info][gc,start    ] GC(168) Concurrent marking roots
[1639.240s][info][gc,task     ] GC(168) Using 2 of 4 workers for concurrent marking roots
[1639.253s][info][gc          ] GC(168) Concurrent marking roots 12.838ms
[1639.253s][info][gc,start    ] GC(168) Concurrent marking
[1639.253s][info][gc,task     ] GC(168) Using 2 of 4 workers for concurrent marking
[1639.498s][info][gc          ] GC(168) Concurrent marking 244.669ms
[1639.498s][info][gc,start    ] GC(168) Pause Final Mark
[1639.498s][info][gc,task     ] GC(168) Using 4 of 4 workers for final marking
[1639.498s][info][gc,ergo     ] GC(168) Adaptive CSet Selection. Target Free: 1160M, Actual Free: 4860M, Max CSet: 341M, Min Garbage: 0B
[1639.498s][info][gc,ergo     ] GC(168) Collectable Garbage: 6411M (99%), Immediate: 3728M (57%), CSet: 2683M (41%)
[1639.498s][info][gc,ergo     ] GC(168) Pacer for Evacuation. Used CSet: 2748M, Free: 4460M, Non-Taxable: 446M, Alloc Tax Rate: 1.5x
[1639.498s][info][gc          ] GC(168) Pause Final Mark 0.291ms
[1639.498s][info][gc,start    ] GC(168) Concurrent thread roots
[1639.498s][info][gc,task     ] GC(168) Using 2 of 4 workers for Concurrent thread roots
[1639.499s][info][gc          ] GC(168) Concurrent thread roots 0.923ms
[1639.499s][info][gc,start    ] GC(168) Concurrent weak references
[1639.499s][info][gc,task     ] GC(168) Using 2 of 4 workers for concurrent weak references
[1639.500s][info][gc,ref      ] GC(168) Encountered references: Soft: 6557, Weak: 23663, Final: 34, Phantom: 1246
[1639.500s][info][gc,ref      ] GC(168) Discovered  references: Soft: 0, Weak: 5880, Final: 0, Phantom: 928
[1639.500s][info][gc,ref      ] GC(168) Enqueued    references: Soft: 0, Weak: 1, Final: 0, Phantom: 0
[1639.500s][info][gc          ] GC(168) Concurrent weak references 0.388ms
[1639.500s][info][gc,start    ] GC(168) Concurrent weak roots
[1639.500s][info][gc,task     ] GC(168) Using 2 of 4 workers for concurrent weak root
[1639.501s][info][gc          ] GC(168) Concurrent weak roots 1.257ms
[1639.501s][info][gc,start    ] GC(168) Concurrent cleanup
[1639.501s][info][gc          ] GC(168) Concurrent cleanup 7057M->3329M(8192M) 0.087ms
[1639.501s][info][gc,ergo     ] GC(168) Free: 4451M, Max: 4096K regular, 360M humongous, Frag: 92% external, 0% internal; Reserve: 411M, Max: 4096K
[1639.501s][info][gc,start    ] GC(168) Concurrent strong roots
[1639.501s][info][gc,task     ] GC(168) Using 2 of 4 workers for concurrent strong root
[1639.508s][info][gc          ] GC(168) Concurrent strong roots 7.030ms
[1639.508s][info][gc,start    ] GC(168) Concurrent evacuation
[1639.508s][info][gc,task     ] GC(168) Using 2 of 4 workers for concurrent evacuation
[1639.558s][info][gc          ] GC(168) Concurrent evacuation 49.328ms
[1639.558s][info][gc,start    ] GC(168) Pause Init Update Refs
[1639.558s][info][gc,ergo     ] GC(168) Pacer for Update Refs. Used: 3412M, Free: 4435M, Non-Taxable: 443M, Alloc Tax Rate: 1.1x
[1639.558s][info][gc          ] GC(168) Pause Init Update Refs 0.070ms
[1639.558s][info][gc,start    ] GC(168) Concurrent update references
[1639.558s][info][gc,task     ] GC(168) Using 2 of 4 workers for concurrent reference update
[1639.727s][info][gc          ] GC(168) Concurrent update references 169.560ms
[1639.727s][info][gc,start    ] GC(168) Concurrent update thread roots
[1639.729s][info][gc          ] GC(168) Concurrent update thread roots 1.537ms
[1639.729s][info][gc,start    ] GC(168) Pause Final Update Refs
[1639.729s][info][gc,task     ] GC(168) Using 4 of 4 workers for final reference update
[1639.729s][info][gc          ] GC(168) Pause Final Update Refs 0.096ms
[1639.729s][info][gc,start    ] GC(168) Concurrent cleanup
[1639.729s][info][gc          ] GC(168) Concurrent cleanup 3500M->752M(8192M) 0.057ms
[1639.729s][info][gc,ergo     ] Free: 7027M, Max: 4096K regular, 5132M humongous, Frag: 27% external, 0% internal; Reserve: 412M, Max: 4096K
[1639.729s][info][gc,stats    ] 
[1639.729s][info][gc,stats    ] All times are wall-clock times, except per-root-class counters, that are sum over
[1639.729s][info][gc,stats    ] all workers. Dividing the <total> over the root stage time estimates parallelism.
[1639.729s][info][gc,stats    ] 
[1639.729s][info][gc,stats    ] Concurrent Reset                  28417 us
[1639.729s][info][gc,stats    ] Pause Init Mark (G)                 357 us
[1639.729s][info][gc,stats    ] Pause Init Mark (N)                 245 us
[1639.729s][info][gc,stats    ]   Update Region States               99 us
[1639.729s][info][gc,stats    ] Concurrent Mark Roots             12891 us, parallelism: 1.69x
[1639.729s][info][gc,stats    ]   CMR: <total>                    21808 us
[1639.729s][info][gc,stats    ]   CMR: Thread Roots                 675 us, workers (us): 383, 292, ---, ---, 
[1639.729s][info][gc,stats    ]   CMR: Code Cache Roots           20155 us, workers (us): 9630, 10525, ---, ---, 
[1639.729s][info][gc,stats    ]   CMR: VM Strong Roots               38 us, workers (us):  18,  20, ---, ---, 
[1639.729s][info][gc,stats    ]   CMR: CLDG Roots                   940 us, workers (us): 940, ---, ---, ---, 
[1639.729s][info][gc,stats    ] Concurrent Marking               244714 us
[1639.729s][info][gc,stats    ] Pause Final Mark (G)                326 us
[1639.729s][info][gc,stats    ] Pause Final Mark (N)                303 us
[1639.729s][info][gc,stats    ]   Finish Mark                        75 us
[1639.729s][info][gc,stats    ]   Update Region States               19 us
[1639.729s][info][gc,stats    ]   Choose Collection Set             120 us
[1639.730s][info][gc,stats    ]   Rebuild Free Set                   12 us
[1639.730s][info][gc,stats    ] Concurrent Thread Roots             947 us, parallelism: 1.85x
[1639.730s][info][gc,stats    ]   CTR: <total>                     1755 us
[1639.730s][info][gc,stats    ]   CTR: Thread Roots                1755 us, workers (us): 874, 881, ---, ---, 
[1639.730s][info][gc,stats    ] Concurrent Weak References          402 us, parallelism: 0.96x
[1639.730s][info][gc,stats    ]   CWRF: <total>                     385 us
[1639.730s][info][gc,stats    ]   CWRF: Weak References             385 us, workers (us):  84, 301, ---, ---, 
[1639.730s][info][gc,stats    ] Concurrent Weak Roots              1287 us
[1639.730s][info][gc,stats    ]   Roots                            1140 us, parallelism: 1.81x
[1639.730s][info][gc,stats    ]     CWR: <total>                   2065 us
[1639.730s][info][gc,stats    ]     CWR: VM Weak Roots             2065 us, workers (us): 1015, 1050, ---, ---, 
[1639.730s][info][gc,stats    ]   Rendezvous                         93 us
[1639.730s][info][gc,stats    ] Concurrent Cleanup                  102 us
[1639.730s][info][gc,stats    ] Concurrent Strong Roots            7066 us, parallelism: 1.95x
[1639.730s][info][gc,stats    ]   CSR: <total>                    13749 us
[1639.730s][info][gc,stats    ]   CSR: Code Cache Roots           13370 us, workers (us): 6844, 6526, ---, ---, 
[1639.730s][info][gc,stats    ]   CSR: VM Strong Roots               10 us, workers (us):   7,   4, ---, ---, 
[1639.730s][info][gc,stats    ]   CSR: CLDG Roots                   369 us, workers (us): ---, 369, ---, ---, 
[1639.730s][info][gc,stats    ] Concurrent Evacuation             49419 us
[1639.730s][info][gc,stats    ] Pause Init Update Refs (G)          169 us
[1639.730s][info][gc,stats    ] Pause Init Update Refs (N)           82 us
[1639.730s][info][gc,stats    ]   Manage GCLABs                      12 us
[1639.730s][info][gc,stats    ] Concurrent Update Refs           169610 us
[1639.730s][info][gc,stats    ] Concurrent Update Thread Roots     1568 us
[1639.730s][info][gc,stats    ] Pause Final Update Refs (G)         179 us
[1639.730s][info][gc,stats    ] Pause Final Update Refs (N)         123 us
[1639.730s][info][gc,stats    ]   Update Region States               32 us
[1639.730s][info][gc,stats    ]   Trash Collection Set               11 us
[1639.730s][info][gc,stats    ]   Rebuild Free Set                   13 us
[1639.730s][info][gc,stats    ] Concurrent Cleanup                   73 us
[1639.730s][info][gc,stats    ] 
[1639.730s][info][gc,stats    ] Allocation pacing accrued:
[1639.730s][info][gc,stats    ]       0 of  7814 ms (  0.0%): <total>
[1639.730s][info][gc,stats    ]       0 of  7814 ms (  0.0%): <average total>
[1639.730s][info][gc,stats    ] 
[1639.730s][info][gc,metaspace] Metaspace: 136367K(137792K)->136367K(137792K) NonClass: 115295K(116096K)->115295K(116096K) Class: 21072K(21696K)->21072K(21696K)
[1639.730s][info][gc,ergo     ] Pacer for Idle. Initial: 163M, Alloc Tax Rate: 1.0x
[1651.202s][info][gc          ] Trigger: Average GC time (551.86 ms) is above the time for instantaneous allocation rate (1150 MB/s) to deplete free headroom (593M) (spike threshold = 1.75)
[1651.202s][info][gc,ergo     ] Free: 1003M, Max: 4096K regular, 608M humongous, Frag: 39% external, 0% internal; Reserve: 412M, Max: 4096K
[1651.202s][info][gc,start    ] GC(169) Concurrent reset
[1651.202s][info][gc,task     ] GC(169) Using 2 of 4 workers for concurrent reset
[1651.202s][info][gc,ergo     ] GC(169) Pacer for Reset. Non-Taxable: 8192M
[1651.213s][info][gc          ] GC(169) Concurrent reset 10.445ms
[1651.213s][info][gc,start    ] GC(169) Pause Init Mark
[1651.213s][info][gc,task     ] GC(169) Using 4 of 4 workers for init marking
[1651.213s][info][gc,ergo     ] GC(169) Pacer for Mark. Expected Live: 449M, Free: 987M, Non-Taxable: 101081K, Alloc Tax Rate: 0.6x
[1651.213s][info][gc          ] GC(169) Pause Init Mark 0.106ms
[1651.213s][info][gc,start    ] GC(169) Concurrent marking roots
[1651.213s][info][gc,task     ] GC(169) Using 2 of 4 workers for concurrent marking roots
[1651.221s][info][gc          ] GC(169) Concurrent marking roots 8.167ms
[1651.221s][info][gc,start    ] GC(169) Concurrent marking
[1651.221s][info][gc,task     ] GC(169) Using 2 of 4 workers for concurrent marking
[1651.449s][info][gc          ] GC(169) Concurrent marking 227.407ms
[1651.449s][info][gc,start    ] GC(169) Pause Final Mark
[1651.449s][info][gc,task     ] GC(169) Using 4 of 4 workers for final marking
[1651.449s][info][gc,ergo     ] GC(169) Adaptive CSet Selection. Target Free: 1160M, Actual Free: 2684M, Max CSet: 341M, Min Garbage: 0B
[1651.449s][info][gc,ergo     ] GC(169) Collectable Garbage: 6316M (99%), Immediate: 1448M (22%), CSet: 4868M (76%)
[1651.449s][info][gc,ergo     ] GC(169) Pacer for Evacuation. Used CSet: 4936M, Free: 2280M, Non-Taxable: 228M, Alloc Tax Rate: 5.3x
[1651.449s][info][gc          ] GC(169) Pause Final Mark 0.291ms
[1651.449s][info][gc,start    ] GC(169) Concurrent thread roots
[1651.449s][info][gc,task     ] GC(169) Using 2 of 4 workers for Concurrent thread roots
[1651.450s][info][gc          ] GC(169) Concurrent thread roots 0.736ms
[1651.450s][info][gc,start    ] GC(169) Concurrent weak references
[1651.450s][info][gc,task     ] GC(169) Using 2 of 4 workers for concurrent weak references
[1651.450s][info][gc,ref      ] GC(169) Encountered references: Soft: 6557, Weak: 23667, Final: 34, Phantom: 1252
[1651.450s][info][gc,ref      ] GC(169) Discovered  references: Soft: 0, Weak: 2049, Final: 1, Phantom: 984
[1651.450s][info][gc,ref      ] GC(169) Enqueued    references: Soft: 0, Weak: 3, Final: 0, Phantom: 0
[1651.450s][info][gc          ] GC(169) Concurrent weak references 0.150ms
[1651.450s][info][gc,start    ] GC(169) Concurrent weak roots
[1651.450s][info][gc,task     ] GC(169) Using 2 of 4 workers for concurrent weak root
[1651.451s][info][gc          ] GC(169) Concurrent weak roots 0.875ms
[1651.451s][info][gc,start    ] GC(169) Concurrent cleanup
[1651.451s][info][gc          ] GC(169) Concurrent cleanup 6956M->5508M(8192M) 0.030ms
[1651.451s][info][gc,ergo     ] GC(169) Free: 2271M, Max: 4096K regular, 524M humongous, Frag: 77% external, 0% internal; Reserve: 411M, Max: 4096K
[1651.451s][info][gc,start    ] GC(169) Concurrent strong roots
[1651.451s][info][gc,task     ] GC(169) Using 2 of 4 workers for concurrent strong root
[1651.457s][info][gc          ] GC(169) Concurrent strong roots 5.802ms
[1651.457s][info][gc,start    ] GC(169) Concurrent evacuation
[1651.457s][info][gc,task     ] GC(169) Using 2 of 4 workers for concurrent evacuation
[1651.495s][info][gc          ] GC(169) Concurrent evacuation 38.070ms
[1651.495s][info][gc,start    ] GC(169) Pause Init Update Refs
[1651.495s][info][gc,ergo     ] GC(169) Pacer for Update Refs. Used: 5588M, Free: 2263M, Non-Taxable: 226M, Alloc Tax Rate: 3.0x
[1651.495s][info][gc          ] GC(169) Pause Init Update Refs 0.052ms
[1651.495s][info][gc,start    ] GC(169) Concurrent update references
[1651.495s][info][gc,task     ] GC(169) Using 2 of 4 workers for concurrent reference update
[1651.665s][info][gc          ] GC(169) Concurrent update references 169.972ms
[1651.665s][info][gc,start    ] GC(169) Concurrent update thread roots
[1651.667s][info][gc          ] GC(169) Concurrent update thread roots 1.394ms
[1651.667s][info][gc,start    ] GC(169) Pause Final Update Refs
[1651.667s][info][gc,task     ] GC(169) Using 4 of 4 workers for final reference update
[1651.667s][info][gc          ] GC(169) Pause Final Update Refs 0.098ms
[1651.667s][info][gc,start    ] GC(169) Concurrent cleanup
[1651.667s][info][gc          ] GC(169) Concurrent cleanup 5660M->724M(8192M) 0.062ms
[1651.667s][info][gc,ergo     ] Free: 7055M, Max: 4096K regular, 5052M humongous, Frag: 29% external, 0% internal; Reserve: 412M, Max: 4096K
[1651.667s][info][gc,stats    ] 
[1651.667s][info][gc,stats    ] All times are wall-clock times, except per-root-class counters, that are sum over
[1651.667s][info][gc,stats    ] all workers. Dividing the <total> over the root stage time estimates parallelism.
[1651.667s][info][gc,stats    ] 
[1651.667s][info][gc,stats    ] Concurrent Reset                  10557 us
[1651.667s][info][gc,stats    ] Pause Init Mark (G)                 296 us
[1651.667s][info][gc,stats    ] Pause Init Mark (N)                 118 us
[1651.667s][info][gc,stats    ]   Update Region States               39 us
[1651.667s][info][gc,stats    ] Concurrent Mark Roots              8198 us, parallelism: 1.94x
[1651.667s][info][gc,stats    ]   CMR: <total>                    15878 us
[1651.667s][info][gc,stats    ]   CMR: Thread Roots                1376 us, workers (us): 681, 695, ---, ---, 
[1651.667s][info][gc,stats    ]   CMR: Code Cache Roots           13698 us, workers (us): 6460, 7237, ---, ---, 
[1651.667s][info][gc,stats    ]   CMR: VM Strong Roots               23 us, workers (us):  11,  12, ---, ---, 
[1651.667s][info][gc,stats    ]   CMR: CLDG Roots                   782 us, workers (us): 782, ---, ---, ---, 
[1651.667s][info][gc,stats    ] Concurrent Marking               227446 us
[1651.667s][info][gc,stats    ] Pause Final Mark (G)                329 us
[1651.667s][info][gc,stats    ] Pause Final Mark (N)                303 us
[1651.667s][info][gc,stats    ]   Finish Mark                        61 us
[1651.667s][info][gc,stats    ]   Update Region States               16 us
[1651.667s][info][gc,stats    ]   Choose Collection Set             150 us
[1651.667s][info][gc,stats    ]   Rebuild Free Set                   10 us
[1651.667s][info][gc,stats    ] Concurrent Thread Roots             753 us, parallelism: 1.85x
[1651.667s][info][gc,stats    ]   CTR: <total>                     1394 us
[1651.667s][info][gc,stats    ]   CTR: Thread Roots                1394 us, workers (us): 700, 694, ---, ---, 
[1651.667s][info][gc,stats    ] Concurrent Weak References          160 us, parallelism: 0.96x
[1651.667s][info][gc,stats    ]   CWRF: <total>                     154 us
[1651.667s][info][gc,stats    ]   CWRF: Weak References             154 us, workers (us):  89,  65, ---, ---, 
[1651.667s][info][gc,stats    ] Concurrent Weak Roots               888 us
[1651.667s][info][gc,stats    ]   Roots                             828 us, parallelism: 1.80x
[1651.667s][info][gc,stats    ]     CWR: <total>                   1492 us
[1651.667s][info][gc,stats    ]     CWR: VM Weak Roots             1492 us, workers (us): 746, 746, ---, ---, 
[1651.667s][info][gc,stats    ]   Rendezvous                         27 us
[1651.667s][info][gc,stats    ] Concurrent Cleanup                   42 us
[1651.667s][info][gc,stats    ] Concurrent Strong Roots            5828 us, parallelism: 1.96x
[1651.667s][info][gc,stats    ]   CSR: <total>                    11433 us
[1651.667s][info][gc,stats    ]   CSR: Code Cache Roots           11197 us, workers (us): 5727, 5470, ---, ---, 
[1651.667s][info][gc,stats    ]   CSR: VM Strong Roots                8 us, workers (us):   4,   4, ---, ---, 
[1651.667s][info][gc,stats    ]   CSR: CLDG Roots                   227 us, workers (us): ---, 227, ---, ---, 
[1651.667s][info][gc,stats    ] Concurrent Evacuation             38120 us
[1651.667s][info][gc,stats    ] Pause Init Update Refs (G)          133 us
[1651.667s][info][gc,stats    ] Pause Init Update Refs (N)           64 us
[1651.667s][info][gc,stats    ]   Manage GCLABs                      10 us
[1651.667s][info][gc,stats    ] Concurrent Update Refs           170006 us
[1651.667s][info][gc,stats    ] Concurrent Update Thread Roots     1420 us
[1651.667s][info][gc,stats    ] Pause Final Update Refs (G)         141 us
[1651.667s][info][gc,stats    ] Pause Final Update Refs (N)         112 us
[1651.667s][info][gc,stats    ]   Update Region States               37 us
[1651.667s][info][gc,stats    ]   Trash Collection Set               14 us
[1651.667s][info][gc,stats    ]   Rebuild Free Set                   10 us
[1651.667s][info][gc,stats    ] Concurrent Cleanup                   75 us
[1651.667s][info][gc,stats    ] 
[1651.667s][info][gc,stats    ] Allocation pacing accrued:
[1651.667s][info][gc,stats    ]       0 of 11937 ms (  0.0%): <total>
[1651.667s][info][gc,stats    ]       0 of 11937 ms (  0.0%): <average total>
[1651.667s][info][gc,stats    ] 
[1651.667s][info][gc,metaspace] Metaspace: 136367K(137792K)->136367K(137792K) NonClass: 115295K(116096K)->115295K(116096K) Class: 21072K(21696K)->21072K(21696K)
[1651.667s][info][gc,ergo     ] Pacer for Idle. Initial: 163M, Alloc Tax Rate: 1.0x
[1661.461s][info][gc          ] Trigger: Average GC time (526.03 ms) is above the time for average allocation rate (1071 MB/s) to deplete free headroom (562M) (margin of error = 1.89)
[1661.461s][info][gc,ergo     ] Free headroom: 971M (free) - 409M (spike) - 0B (penalties) = 562M
[1661.461s][info][gc,ergo     ] Free: 971M, Max: 4096K regular, 524M humongous, Frag: 46% external, 0% internal; Reserve: 412M, Max: 4096K
[1661.461s][info][gc,start    ] GC(170) Concurrent reset
[1661.461s][info][gc,task     ] GC(170) Using 2 of 4 workers for concurrent reset
[1661.461s][info][gc,ergo     ] GC(170) Pacer for Reset. Non-Taxable: 8192M
[1661.480s][info][gc          ] GC(170) Concurrent reset 18.923ms
[1661.480s][info][gc,start    ] GC(170) Pause Init Mark
[1661.480s][info][gc,task     ] GC(170) Using 4 of 4 workers for init marking
[1661.480s][info][gc,ergo     ] GC(170) Pacer for Mark. Expected Live: 451M, Free: 946M, Non-Taxable: 96955K, Alloc Tax Rate: 0.6x
[1661.480s][info][gc          ] GC(170) Pause Init Mark 0.141ms
[1661.480s][info][gc,start    ] GC(170) Concurrent marking roots
[1661.480s][info][gc,task     ] GC(170) Using 2 of 4 workers for concurrent marking roots
[1661.490s][info][gc          ] GC(170) Concurrent marking roots 10.221ms
[1661.490s][info][gc,start    ] GC(170) Concurrent marking
[1661.490s][info][gc,task     ] GC(170) Using 2 of 4 workers for concurrent marking
[1661.731s][info][gc          ] GC(170) Concurrent marking 240.439ms
[1661.731s][info][gc,start    ] GC(170) Pause Final Mark
[1661.731s][info][gc,task     ] GC(170) Using 4 of 4 workers for final marking
[1661.731s][info][gc,ergo     ] GC(170) Adaptive CSet Selection. Target Free: 1160M, Actual Free: 2608M, Max CSet: 341M, Min Garbage: 0B
[1661.731s][info][gc,ergo     ] GC(170) Collectable Garbage: 6299M (99%), Immediate: 1500M (23%), CSet: 4799M (75%)
[1661.731s][info][gc,ergo     ] GC(170) Pacer for Evacuation. Used CSet: 4904M, Free: 2204M, Non-Taxable: 220M, Alloc Tax Rate: 5.4x
[1661.731s][info][gc          ] GC(170) Pause Final Mark 0.333ms
[1661.731s][info][gc,start    ] GC(170) Concurrent thread roots
[1661.731s][info][gc,task     ] GC(170) Using 2 of 4 workers for Concurrent thread roots
[1661.732s][info][gc          ] GC(170) Concurrent thread roots 0.808ms
[1661.732s][info][gc,start    ] GC(170) Concurrent weak references
[1661.732s][info][gc,task     ] GC(170) Using 2 of 4 workers for concurrent weak references
[1661.733s][info][gc,ref      ] GC(170) Encountered references: Soft: 6557, Weak: 23667, Final: 34, Phantom: 1252
[1661.733s][info][gc,ref      ] GC(170) Discovered  references: Soft: 0, Weak: 11688, Final: 1, Phantom: 925
[1661.733s][info][gc,ref      ] GC(170) Enqueued    references: Soft: 0, Weak: 3, Final: 0, Phantom: 0
[1661.733s][info][gc          ] GC(170) Concurrent weak references 0.758ms
[1661.733s][info][gc,start    ] GC(170) Concurrent weak roots
[1661.733s][info][gc,task     ] GC(170) Using 2 of 4 workers for concurrent weak root
[1661.734s][info][gc          ] GC(170) Concurrent weak roots 0.897ms
[1661.734s][info][gc,start    ] GC(170) Concurrent cleanup
[1661.734s][info][gc          ] GC(170) Concurrent cleanup 7084M->5584M(8192M) 0.044ms
[1661.734s][info][gc,ergo     ] GC(170) Free: 2196M, Max: 4096K regular, 404M humongous, Frag: 82% external, 0% internal; Reserve: 411M, Max: 4096K
[1661.734s][info][gc,start    ] GC(170) Concurrent strong roots
[1661.734s][info][gc,task     ] GC(170) Using 2 of 4 workers for concurrent strong root
[1661.740s][info][gc          ] GC(170) Concurrent strong roots 5.983ms
[1661.740s][info][gc,start    ] GC(170) Concurrent evacuation
[1661.740s][info][gc,task     ] GC(170) Using 2 of 4 workers for concurrent evacuation
[1661.789s][info][gc          ] GC(170) Concurrent evacuation 49.580ms
[1661.790s][info][gc,start    ] GC(170) Pause Init Update Refs
[1661.790s][info][gc,ergo     ] GC(170) Pacer for Update Refs. Used: 5723M, Free: 2164M, Non-Taxable: 216M, Alloc Tax Rate: 3.2x
[1661.790s][info][gc          ] GC(170) Pause Init Update Refs 0.048ms
[1661.790s][info][gc,start    ] GC(170) Concurrent update references
[1661.790s][info][gc,task     ] GC(170) Using 2 of 4 workers for concurrent reference update
[1661.947s][info][gc          ] GC(170) Concurrent update references 157.439ms
[1661.947s][info][gc,start    ] GC(170) Concurrent update thread roots
[1661.948s][info][gc          ] GC(170) Concurrent update thread roots 1.417ms
[1661.949s][info][gc,start    ] GC(170) Pause Final Update Refs
[1661.949s][info][gc,task     ] GC(170) Using 4 of 4 workers for final reference update
[1661.949s][info][gc          ] GC(170) Pause Final Update Refs 0.097ms
[1661.949s][info][gc,start    ] GC(170) Concurrent cleanup
[1661.949s][info][gc          ] GC(170) Concurrent cleanup 5815M->911M(8192M) 0.071ms
[1661.949s][info][gc,ergo     ] Free: 6868M, Max: 4096K regular, 5048M humongous, Frag: 27% external, 0% internal; Reserve: 412M, Max: 4096K
[1661.949s][info][gc,stats    ] 
[1661.949s][info][gc,stats    ] All times are wall-clock times, except per-root-class counters, that are sum over
[1661.949s][info][gc,stats    ] all workers. Dividing the <total> over the root stage time estimates parallelism.
[1661.949s][info][gc,stats    ] 
[1661.949s][info][gc,stats    ] Concurrent Reset                  18989 us
[1661.949s][info][gc,stats    ] Pause Init Mark (G)                 245 us
[1661.949s][info][gc,stats    ] Pause Init Mark (N)                 153 us
[1661.949s][info][gc,stats    ]   Update Region States               65 us
[1661.949s][info][gc,stats    ] Concurrent Mark Roots             10258 us, parallelism: 1.95x
[1661.949s][info][gc,stats    ]   CMR: <total>                    20038 us
[1661.949s][info][gc,stats    ]   CMR: Thread Roots                1405 us, workers (us): 711, 694, ---, ---, 
[1661.949s][info][gc,stats    ]   CMR: Code Cache Roots           17772 us, workers (us): 8463, 9309, ---, ---, 
[1661.949s][info][gc,stats    ]   CMR: VM Strong Roots               14 us, workers (us):  14,   0, ---, ---, 
[1661.949s][info][gc,stats    ]   CMR: CLDG Roots                   847 us, workers (us): 847, ---, ---, ---, 
[1661.949s][info][gc,stats    ] Concurrent Marking               240481 us
[1661.949s][info][gc,stats    ] Pause Final Mark (G)                415 us
[1661.949s][info][gc,stats    ] Pause Final Mark (N)                344 us
[1661.949s][info][gc,stats    ]   Finish Mark                        99 us
[1661.949s][info][gc,stats    ]   Update Region States               19 us
[1661.949s][info][gc,stats    ]   Choose Collection Set             148 us
[1661.949s][info][gc,stats    ]   Rebuild Free Set                   11 us
[1661.949s][info][gc,stats    ] Concurrent Thread Roots             832 us, parallelism: 1.79x
[1661.949s][info][gc,stats    ]   CTR: <total>                     1486 us
[1661.949s][info][gc,stats    ]   CTR: Thread Roots                1486 us, workers (us): 754, 732, ---, ---, 
[1661.949s][info][gc,stats    ] Concurrent Weak References          769 us, parallelism: 0.95x
[1661.949s][info][gc,stats    ]   CWRF: <total>                     732 us
[1661.949s][info][gc,stats    ]   CWRF: Weak References             732 us, workers (us): 677,  55, ---, ---, 
[1661.949s][info][gc,stats    ] Concurrent Weak Roots               913 us
[1661.949s][info][gc,stats    ]   Roots                             839 us, parallelism: 1.80x
[1661.949s][info][gc,stats    ]     CWR: <total>                   1509 us
[1661.949s][info][gc,stats    ]     CWR: VM Weak Roots             1509 us, workers (us): 755, 754, ---, ---, 
[1661.949s][info][gc,stats    ]   Rendezvous                         37 us
[1661.949s][info][gc,stats    ] Concurrent Cleanup                   56 us
[1661.949s][info][gc,stats    ] Concurrent Strong Roots            6011 us, parallelism: 1.94x
[1661.949s][info][gc,stats    ]   CSR: <total>                    11672 us
[1661.949s][info][gc,stats    ]   CSR: Code Cache Roots           11356 us, workers (us): 5546, 5810, ---, ---, 
[1661.949s][info][gc,stats    ]   CSR: VM Strong Roots                9 us, workers (us):   5,   5, ---, ---, 
[1661.949s][info][gc,stats    ]   CSR: CLDG Roots                   307 us, workers (us): 307, ---, ---, ---, 
[1661.949s][info][gc,stats    ] Concurrent Evacuation             49625 us
[1661.949s][info][gc,stats    ] Pause Init Update Refs (G)           79 us
[1661.949s][info][gc,stats    ] Pause Init Update Refs (N)           59 us
[1661.949s][info][gc,stats    ]   Manage GCLABs                       6 us
[1661.949s][info][gc,stats    ] Concurrent Update Refs           157478 us
[1661.949s][info][gc,stats    ] Concurrent Update Thread Roots     1436 us
[1661.949s][info][gc,stats    ] Pause Final Update Refs (G)         186 us
[1661.949s][info][gc,stats    ] Pause Final Update Refs (N)         121 us
[1661.949s][info][gc,stats    ]   Update Region States               37 us
[1661.949s][info][gc,stats    ]   Trash Collection Set               10 us
[1661.949s][info][gc,stats    ]   Rebuild Free Set                   11 us
[1661.949s][info][gc,stats    ] Concurrent Cleanup                   86 us
[1661.949s][info][gc,stats    ] 
[1661.949s][info][gc,stats    ] Allocation pacing accrued:
[1661.949s][info][gc,stats    ]       0 of 10282 ms (  0.0%): <total>
[1661.949s][info][gc,stats    ]       0 of 10282 ms (  0.0%): <average total>
[1661.949s][info][gc,stats    ] 
[1661.949s][info][gc,metaspace] Metaspace: 136369K(137856K)->136369K(137856K) NonClass: 115297K(116160K)->115297K(116160K) Class: 21072K(21696K)->21072K(21696K)
[1661.949s][info][gc,ergo     ] Pacer for Idle. Initial: 163M, Alloc Tax Rate: 1.0x
[1672.664s][info][gc          ] Trigger: Free (812M) is below minimum threshold (819M)
[1672.664s][info][gc,ergo     ] Free: 812M, Max: 4096K regular, 404M humongous, Frag: 50% external, 0% internal; Reserve: 412M, Max: 4096K
[1672.664s][info][gc,start    ] GC(171) Concurrent reset
[1672.664s][info][gc,task     ] GC(171) Using 2 of 4 workers for concurrent reset
[1672.664s][info][gc,ergo     ] GC(171) Pacer for Reset. Non-Taxable: 8192M
[1672.687s][info][gc          ] GC(171) Concurrent reset 23.652ms
[1672.688s][info][gc,start    ] GC(171) Pause Init Mark
[1672.688s][info][gc,task     ] GC(171) Using 4 of 4 workers for init marking
[1672.688s][info][gc,ergo     ] GC(171) Pacer for Mark. Expected Live: 456M, Free: 804M, Non-Taxable: 82335K, Alloc Tax Rate: 0.7x
[1672.688s][info][gc          ] GC(171) Pause Init Mark 0.116ms
[1672.688s][info][gc,start    ] GC(171) Concurrent marking roots
[1672.688s][info][gc,task     ] GC(171) Using 2 of 4 workers for concurrent marking roots
[1672.698s][info][gc          ] GC(171) Concurrent marking roots 9.849ms
[1672.698s][info][gc,start    ] GC(171) Concurrent marking
[1672.698s][info][gc,task     ] GC(171) Using 2 of 4 workers for concurrent marking
[1672.918s][info][gc          ] GC(171) Concurrent marking 220.312ms
[1672.918s][info][gc,start    ] GC(171) Pause Final Mark
[1672.918s][info][gc,task     ] GC(171) Using 4 of 4 workers for final marking
[1672.918s][info][gc,ergo     ] GC(171) Adaptive CSet Selection. Target Free: 1160M, Actual Free: 3264M, Max CSet: 341M, Min Garbage: 0B
[1672.918s][info][gc,ergo     ] GC(171) Collectable Garbage: 6496M (99%), Immediate: 2176M (33%), CSet: 4320M (66%)
[1672.918s][info][gc,ergo     ] GC(171) Pacer for Evacuation. Used CSet: 4392M, Free: 2860M, Non-Taxable: 286M, Alloc Tax Rate: 3.8x
[1672.918s][info][gc          ] GC(171) Pause Final Mark 0.319ms
[1672.918s][info][gc,start    ] GC(171) Concurrent thread roots
[1672.918s][info][gc,task     ] GC(171) Using 2 of 4 workers for Concurrent thread roots
[1672.919s][info][gc          ] GC(171) Concurrent thread roots 0.733ms
[1672.919s][info][gc,start    ] GC(171) Concurrent weak references
[1672.919s][info][gc,task     ] GC(171) Using 2 of 4 workers for concurrent weak references
[1672.919s][info][gc,ref      ] GC(171) Encountered references: Soft: 6557, Weak: 23665, Final: 34, Phantom: 1252
[1672.919s][info][gc,ref      ] GC(171) Discovered  references: Soft: 0, Weak: 846, Final: 0, Phantom: 926
[1672.919s][info][gc,ref      ] GC(171) Enqueued    references: Soft: 0, Weak: 1, Final: 0, Phantom: 0
[1672.919s][info][gc          ] GC(171) Concurrent weak references 0.150ms
[1672.919s][info][gc,start    ] GC(171) Concurrent weak roots
[1672.919s][info][gc,task     ] GC(171) Using 2 of 4 workers for concurrent weak root
[1672.920s][info][gc          ] GC(171) Concurrent weak roots 0.944ms
[1672.920s][info][gc,start    ] GC(171) Concurrent cleanup
[1672.920s][info][gc          ] GC(171) Concurrent cleanup 7104M->4928M(8192M) 0.036ms
[1672.920s][info][gc,ergo     ] GC(171) Free: 2851M, Max: 4096K regular, 404M humongous, Frag: 86% external, 0% internal; Reserve: 411M, Max: 4096K
[1672.920s][info][gc,start    ] GC(171) Concurrent strong roots
[1672.920s][info][gc,task     ] GC(171) Using 2 of 4 workers for concurrent strong root
[1672.927s][info][gc          ] GC(171) Concurrent strong roots 6.233ms
[1672.927s][info][gc,start    ] GC(171) Concurrent evacuation
[1672.927s][info][gc,task     ] GC(171) Using 2 of 4 workers for concurrent evacuation
[1672.964s][info][gc          ] GC(171) Concurrent evacuation 37.247ms
[1672.964s][info][gc,start    ] GC(171) Pause Init Update Refs
[1672.964s][info][gc,ergo     ] GC(171) Pacer for Update Refs. Used: 5024M, Free: 2831M, Non-Taxable: 283M, Alloc Tax Rate: 2.2x
[1672.964s][info][gc          ] GC(171) Pause Init Update Refs 0.043ms
[1672.964s][info][gc,start    ] GC(171) Concurrent update references
[1672.964s][info][gc,task     ] GC(171) Using 2 of 4 workers for concurrent reference update
[1673.102s][info][gc          ] GC(171) Concurrent update references 137.828ms
[1673.102s][info][gc,start    ] GC(171) Concurrent update thread roots
[1673.103s][info][gc          ] GC(171) Concurrent update thread roots 1.411ms
[1673.103s][info][gc,start    ] GC(171) Pause Final Update Refs
[1673.103s][info][gc,task     ] GC(171) Using 4 of 4 workers for final reference update
[1673.103s][info][gc          ] GC(171) Pause Final Update Refs 0.095ms
[1673.103s][info][gc,start    ] GC(171) Concurrent cleanup
[1673.103s][info][gc          ] GC(171) Concurrent cleanup 5092M->700M(8192M) 0.066ms
[1673.104s][info][gc,ergo     ] Free: 7079M, Max: 4096K regular, 5100M humongous, Frag: 28% external, 0% internal; Reserve: 412M, Max: 4096K
[1673.104s][info][gc,stats    ] 
[1673.104s][info][gc,stats    ] All times are wall-clock times, except per-root-class counters, that are sum over
[1673.104s][info][gc,stats    ] all workers. Dividing the <total> over the root stage time estimates parallelism.
[1673.104s][info][gc,stats    ] 
[1673.104s][info][gc,stats    ] Concurrent Reset                  23756 us
[1673.104s][info][gc,stats    ] Pause Init Mark (G)                 201 us
[1673.104s][info][gc,stats    ] Pause Init Mark (N)                 129 us
[1673.104s][info][gc,stats    ]   Update Region States               45 us
[1673.104s][info][gc,stats    ] Concurrent Mark Roots              9885 us, parallelism: 1.93x
[1673.104s][info][gc,stats    ]   CMR: <total>                    19116 us
[1673.104s][info][gc,stats    ]   CMR: Thread Roots                1427 us, workers (us): 697, 729, ---, ---, 
[1673.104s][info][gc,stats    ]   CMR: Code Cache Roots           16506 us, workers (us): 7686, 8820, ---, ---, 
[1673.104s][info][gc,stats    ]   CMR: VM Strong Roots               20 us, workers (us):  20,   0, ---, ---, 
[1673.104s][info][gc,stats    ]   CMR: CLDG Roots                  1164 us, workers (us): 1164, ---, ---, ---, 
[1673.104s][info][gc,stats    ] Concurrent Marking               220361 us
[1673.104s][info][gc,stats    ] Pause Final Mark (G)                349 us
[1673.104s][info][gc,stats    ] Pause Final Mark (N)                330 us
[1673.104s][info][gc,stats    ]   Finish Mark                        68 us
[1673.104s][info][gc,stats    ]   Update Region States               47 us
[1673.104s][info][gc,stats    ]   Choose Collection Set             138 us
[1673.104s][info][gc,stats    ]   Rebuild Free Set                   10 us
[1673.104s][info][gc,stats    ] Concurrent Thread Roots             794 us, parallelism: 1.74x
[1673.104s][info][gc,stats    ]   CTR: <total>                     1379 us
[1673.104s][info][gc,stats    ]   CTR: Thread Roots                1379 us, workers (us): 695, 684, ---, ---, 
[1673.104s][info][gc,stats    ] Concurrent Weak References          161 us, parallelism: 0.70x
[1673.104s][info][gc,stats    ]   CWRF: <total>                     113 us
[1673.104s][info][gc,stats    ]   CWRF: Weak References             113 us, workers (us):  32,  82, ---, ---, 
[1673.104s][info][gc,stats    ] Concurrent Weak Roots               962 us
[1673.104s][info][gc,stats    ]   Roots                             836 us, parallelism: 1.80x
[1673.104s][info][gc,stats    ]     CWR: <total>                   1508 us
[1673.104s][info][gc,stats    ]     CWR: VM Weak Roots             1508 us, workers (us): 754, 754, ---, ---, 
[1673.104s][info][gc,stats    ]   Rendezvous                         87 us
[1673.104s][info][gc,stats    ] Concurrent Cleanup                   48 us
[1673.104s][info][gc,stats    ] Concurrent Strong Roots            6268 us, parallelism: 1.96x
[1673.104s][info][gc,stats    ]   CSR: <total>                    12287 us
[1673.104s][info][gc,stats    ]   CSR: Code Cache Roots           12044 us, workers (us): 5914, 6130, ---, ---, 
[1673.104s][info][gc,stats    ]   CSR: VM Strong Roots                8 us, workers (us):   8,   0, ---, ---, 
[1673.104s][info][gc,stats    ]   CSR: CLDG Roots                   235 us, workers (us): 235, ---, ---, ---, 
[1673.104s][info][gc,stats    ] Concurrent Evacuation             37281 us
[1673.104s][info][gc,stats    ] Pause Init Update Refs (G)          110 us
[1673.104s][info][gc,stats    ] Pause Init Update Refs (N)           54 us
[1673.104s][info][gc,stats    ]   Manage GCLABs                       6 us
[1673.104s][info][gc,stats    ] Concurrent Update Refs           137873 us
[1673.104s][info][gc,stats    ] Concurrent Update Thread Roots     1433 us
[1673.104s][info][gc,stats    ] Pause Final Update Refs (G)         181 us
[1673.104s][info][gc,stats    ] Pause Final Update Refs (N)         123 us
[1673.104s][info][gc,stats    ]   Update Region States               39 us
[1673.104s][info][gc,stats    ]   Trash Collection Set                9 us
[1673.104s][info][gc,stats    ]   Rebuild Free Set                   10 us
[1673.104s][info][gc,stats    ] Concurrent Cleanup                   80 us
[1673.104s][info][gc,stats    ] 
[1673.104s][info][gc,stats    ] Allocation pacing accrued:
[1673.104s][info][gc,stats    ]       0 of 11155 ms (  0.0%): <total>
[1673.104s][info][gc,stats    ]       0 of 11155 ms (  0.0%): <average total>
[1673.104s][info][gc,stats    ] 
[1673.104s][info][gc,metaspace] Metaspace: 136375K(137856K)->136375K(137856K) NonClass: 115303K(116160K)->115303K(116160K) Class: 21072K(21696K)->21072K(21696K)
[1673.104s][info][gc,ergo     ] Pacer for Idle. Initial: 163M, Alloc Tax Rate: 1.0x
[1682.134s][info][gc          ] Trigger: Average GC time (508.55 ms) is above the time for average allocation rate (845 MB/s) to deplete free headroom (425M) (margin of error = 1.90)
[1682.134s][info][gc,ergo     ] Free headroom: 835M (free) - 409M (spike) - 0B (penalties) = 425M
[1682.134s][info][gc,ergo     ] Free: 835M, Max: 4096K regular, 540M humongous, Frag: 35% external, 0% internal; Reserve: 412M, Max: 4096K
[1682.134s][info][gc,start    ] GC(172) Concurrent reset
[1682.134s][info][gc,task     ] GC(172) Using 2 of 4 workers for concurrent reset
[1682.134s][info][gc,ergo     ] GC(172) Pacer for Reset. Non-Taxable: 8192M
[1682.152s][info][gc          ] GC(172) Concurrent reset 18.734ms
[1682.153s][info][gc,start    ] GC(172) Pause Init Mark
[1682.153s][info][gc,task     ] GC(172) Using 4 of 4 workers for init marking
[1682.153s][info][gc,ergo     ] GC(172) Pacer for Mark. Expected Live: 457M, Free: 831M, Non-Taxable: 85141K, Alloc Tax Rate: 0.7x
[1682.153s][info][gc          ] GC(172) Pause Init Mark 0.306ms
[1682.153s][info][gc,start    ] GC(172) Concurrent marking roots
[1682.153s][info][gc,task     ] GC(172) Using 2 of 4 workers for concurrent marking roots
[1682.163s][info][gc          ] GC(172) Concurrent marking roots 9.916ms
[1682.163s][info][gc,start    ] GC(172) Concurrent marking
[1682.163s][info][gc,task     ] GC(172) Using 2 of 4 workers for concurrent marking
[1682.409s][info][gc          ] GC(172) Concurrent marking 246.474ms
[1682.410s][info][gc,start    ] GC(172) Pause Final Mark
[1682.410s][info][gc,task     ] GC(172) Using 4 of 4 workers for final marking
[1682.410s][info][gc,ergo     ] GC(172) Adaptive CSet Selection. Target Free: 1160M, Actual Free: 2812M, Max CSet: 341M, Min Garbage: 0B
[1682.410s][info][gc,ergo     ] GC(172) Collectable Garbage: 6448M (99%), Immediate: 1704M (26%), CSet: 4744M (73%)
[1682.410s][info][gc,ergo     ] GC(172) Pacer for Evacuation. Used CSet: 4836M, Free: 2408M, Non-Taxable: 240M, Alloc Tax Rate: 4.9x
[1682.410s][info][gc          ] GC(172) Pause Final Mark 0.333ms
[1682.410s][info][gc,start    ] GC(172) Concurrent thread roots
[1682.410s][info][gc,task     ] GC(172) Using 2 of 4 workers for Concurrent thread roots
[1682.411s][info][gc          ] GC(172) Concurrent thread roots 0.796ms
[1682.411s][info][gc,start    ] GC(172) Concurrent weak references
[1682.411s][info][gc,task     ] GC(172) Using 2 of 4 workers for concurrent weak references
[1682.411s][info][gc,ref      ] GC(172) Encountered references: Soft: 6557, Weak: 23671, Final: 34, Phantom: 1261
[1682.411s][info][gc,ref      ] GC(172) Discovered  references: Soft: 0, Weak: 913, Final: 0, Phantom: 932
[1682.411s][info][gc,ref      ] GC(172) Enqueued    references: Soft: 0, Weak: 4, Final: 0, Phantom: 0
[1682.411s][info][gc          ] GC(172) Concurrent weak references 0.141ms
[1682.411s][info][gc,start    ] GC(172) Concurrent weak roots
[1682.411s][info][gc,task     ] GC(172) Using 2 of 4 workers for concurrent weak root
[1682.412s][info][gc          ] GC(172) Concurrent weak roots 0.878ms
[1682.412s][info][gc,start    ] GC(172) Concurrent cleanup
[1682.412s][info][gc          ] GC(172) Concurrent cleanup 7084M->5380M(8192M) 0.032ms
[1682.412s][info][gc,ergo     ] GC(172) Free: 2399M, Max: 4096K regular, 404M humongous, Frag: 84% external, 0% internal; Reserve: 411M, Max: 4096K
[1682.412s][info][gc,start    ] GC(172) Concurrent strong roots
[1682.412s][info][gc,task     ] GC(172) Using 2 of 4 workers for concurrent strong root
[1682.422s][info][gc          ] GC(172) Concurrent strong roots 9.976ms
[1682.422s][info][gc,start    ] GC(172) Concurrent evacuation
[1682.422s][info][gc,task     ] GC(172) Using 2 of 4 workers for concurrent evacuation
[1682.469s][info][gc          ] GC(172) Concurrent evacuation 47.515ms
[1682.469s][info][gc,start    ] GC(172) Pause Init Update Refs
[1682.469s][info][gc,ergo     ] GC(172) Pacer for Update Refs. Used: 5492M, Free: 2383M, Non-Taxable: 238M, Alloc Tax Rate: 2.8x
[1682.469s][info][gc          ] GC(172) Pause Init Update Refs 0.048ms
[1682.469s][info][gc,start    ] GC(172) Concurrent update references
[1682.469s][info][gc,task     ] GC(172) Using 2 of 4 workers for concurrent reference update
[1682.613s][info][gc          ] GC(172) Concurrent update references 143.289ms
[1682.613s][info][gc,start    ] GC(172) Concurrent update thread roots
[1682.614s][info][gc          ] GC(172) Concurrent update thread roots 1.394ms
[1682.614s][info][gc,start    ] GC(172) Pause Final Update Refs
[1682.614s][info][gc,task     ] GC(172) Using 4 of 4 workers for final reference update
[1682.614s][info][gc          ] GC(172) Pause Final Update Refs 0.091ms
[1682.614s][info][gc,start    ] GC(172) Concurrent cleanup
[1682.614s][info][gc          ] GC(172) Concurrent cleanup 5580M->744M(8192M) 0.074ms
[1682.614s][info][gc,ergo     ] Free: 7035M, Max: 4096K regular, 5372M humongous, Frag: 24% external, 0% internal; Reserve: 412M, Max: 4096K
[1682.614s][info][gc,stats    ] 
[1682.615s][info][gc,stats    ] All times are wall-clock times, except per-root-class counters, that are sum over
[1682.615s][info][gc,stats    ] all workers. Dividing the <total> over the root stage time estimates parallelism.
[1682.615s][info][gc,stats    ] 
[1682.615s][info][gc,stats    ] Concurrent Reset                  18822 us
[1682.615s][info][gc,stats    ] Pause Init Mark (G)                 425 us
[1682.615s][info][gc,stats    ] Pause Init Mark (N)                 321 us
[1682.615s][info][gc,stats    ]   Update Region States              138 us
[1682.615s][info][gc,stats    ] Concurrent Mark Roots              9959 us, parallelism: 1.88x
[1682.615s][info][gc,stats    ]   CMR: <total>                    18765 us
[1682.615s][info][gc,stats    ]   CMR: Thread Roots                1685 us, workers (us): 817, 868, ---, ---, 
[1682.615s][info][gc,stats    ]   CMR: Code Cache Roots           15829 us, workers (us): 8544, 7286, ---, ---, 
[1682.615s][info][gc,stats    ]   CMR: VM Strong Roots               54 us, workers (us):  43,  12, ---, ---, 
[1682.615s][info][gc,stats    ]   CMR: CLDG Roots                  1197 us, workers (us): ---, 1197, ---, ---, 
[1682.615s][info][gc,stats    ] Concurrent Marking               246520 us
[1682.615s][info][gc,stats    ] Pause Final Mark (G)                396 us
[1682.615s][info][gc,stats    ] Pause Final Mark (N)                344 us
[1682.615s][info][gc,stats    ]   Finish Mark                        68 us
[1682.615s][info][gc,stats    ]   Update Region States               54 us
[1682.615s][info][gc,stats    ]   Choose Collection Set             145 us
[1682.615s][info][gc,stats    ]   Rebuild Free Set                   10 us
[1682.615s][info][gc,stats    ] Concurrent Thread Roots             815 us, parallelism: 1.86x
[1682.615s][info][gc,stats    ]   CTR: <total>                     1512 us
[1682.615s][info][gc,stats    ]   CTR: Thread Roots                1512 us, workers (us): 760, 752, ---, ---, 
[1682.615s][info][gc,stats    ] Concurrent Weak References          152 us, parallelism: 0.80x
[1682.615s][info][gc,stats    ]   CWRF: <total>                     121 us
[1682.615s][info][gc,stats    ]   CWRF: Weak References             121 us, workers (us):  76,  45, ---, ---, 
[1682.615s][info][gc,stats    ] Concurrent Weak Roots               893 us
[1682.615s][info][gc,stats    ]   Roots                             835 us, parallelism: 1.79x
[1682.615s][info][gc,stats    ]     CWR: <total>                   1497 us
[1682.615s][info][gc,stats    ]     CWR: VM Weak Roots             1497 us, workers (us): 750, 747, ---, ---, 
[1682.615s][info][gc,stats    ]   Rendezvous                         23 us
[1682.615s][info][gc,stats    ] Concurrent Cleanup                   45 us
[1682.615s][info][gc,stats    ] Concurrent Strong Roots           10019 us, parallelism: 1.96x
[1682.615s][info][gc,stats    ]   CSR: <total>                    19651 us
[1682.615s][info][gc,stats    ]   CSR: Code Cache Roots           19130 us, workers (us): 9846, 9284, ---, ---, 
[1682.615s][info][gc,stats    ]   CSR: VM Strong Roots               12 us, workers (us):   7,   5, ---, ---, 
[1682.615s][info][gc,stats    ]   CSR: CLDG Roots                   509 us, workers (us): ---, 509, ---, ---, 
[1682.615s][info][gc,stats    ] Concurrent Evacuation             47561 us
[1682.615s][info][gc,stats    ] Pause Init Update Refs (G)           93 us
[1682.615s][info][gc,stats    ] Pause Init Update Refs (N)           59 us
[1682.615s][info][gc,stats    ]   Manage GCLABs                       6 us
[1682.615s][info][gc,stats    ] Concurrent Update Refs           143342 us
[1682.615s][info][gc,stats    ] Concurrent Update Thread Roots     1420 us
[1682.615s][info][gc,stats    ] Pause Final Update Refs (G)         139 us
[1682.615s][info][gc,stats    ] Pause Final Update Refs (N)         116 us
[1682.615s][info][gc,stats    ]   Update Region States               31 us
[1682.615s][info][gc,stats    ]   Trash Collection Set               11 us
[1682.615s][info][gc,stats    ]   Rebuild Free Set                   11 us
[1682.615s][info][gc,stats    ] Concurrent Cleanup                   91 us
[1682.615s][info][gc,stats    ] 
[1682.615s][info][gc,stats    ] Allocation pacing accrued:
[1682.615s][info][gc,stats    ]       0 of  9511 ms (  0.0%): <total>
[1682.615s][info][gc,stats    ]       0 of  9511 ms (  0.0%): <average total>
[1682.615s][info][gc,stats    ] 
[1682.615s][info][gc,metaspace] Metaspace: 136375K(137856K)->136375K(137856K) NonClass: 115303K(116160K)->115303K(116160K) Class: 21072K(21696K)->21072K(21696K)
[1682.615s][info][gc,ergo     ] Pacer for Idle. Initial: 163M, Alloc Tax Rate: 1.0x
[1689.562s][info][gc          ] Trigger: Average GC time (509.53 ms) is above the time for instantaneous allocation rate (2498 MB/s) to deplete free headroom (973M) (spike threshold = 1.76)
[1689.562s][info][gc,ergo     ] Free: 1383M, Max: 4096K regular, 708M humongous, Frag: 49% external, 0% internal; Reserve: 412M, Max: 4096K
[1689.562s][info][gc,start    ] GC(173) Concurrent reset
[1689.562s][info][gc,task     ] GC(173) Using 2 of 4 workers for concurrent reset
[1689.562s][info][gc,ergo     ] GC(173) Pacer for Reset. Non-Taxable: 8192M
[1689.588s][info][gc          ] GC(173) Concurrent reset 25.947ms
[1689.588s][info][gc,start    ] GC(173) Pause Init Mark
[1689.588s][info][gc,task     ] GC(173) Using 4 of 4 workers for init marking
[1689.588s][info][gc,ergo     ] GC(173) Pacer for Mark. Expected Live: 457M, Free: 1356M, Non-Taxable: 135M, Alloc Tax Rate: 0.4x
[1689.588s][info][gc          ] GC(173) Pause Init Mark 0.107ms
[1689.588s][info][gc,start    ] GC(173) Concurrent marking roots
[1689.588s][info][gc,task     ] GC(173) Using 2 of 4 workers for concurrent marking roots
[1689.598s][info][gc          ] GC(173) Concurrent marking roots 10.285ms
[1689.598s][info][gc,start    ] GC(173) Concurrent marking
[1689.598s][info][gc,task     ] GC(173) Using 2 of 4 workers for concurrent marking
[1689.906s][info][gc          ] GC(173) Concurrent marking 307.802ms
[1689.906s][info][gc,start    ] GC(173) Pause Final Mark
[1689.906s][info][gc,task     ] GC(173) Using 4 of 4 workers for final marking
[1689.907s][info][gc,ergo     ] GC(173) Adaptive CSet Selection. Target Free: 1160M, Actual Free: 3356M, Max CSet: 341M, Min Garbage: 0B
[1689.907s][info][gc,ergo     ] GC(173) Collectable Garbage: 5862M (99%), Immediate: 1828M (30%), CSet: 4034M (68%)
[1689.907s][info][gc,ergo     ] GC(173) Pacer for Evacuation. Used CSet: 4184M, Free: 2959M, Non-Taxable: 295M, Alloc Tax Rate: 3.5x
[1689.907s][info][gc          ] GC(173) Pause Final Mark 0.327ms
[1689.907s][info][gc,start    ] GC(173) Concurrent thread roots
[1689.907s][info][gc,task     ] GC(173) Using 2 of 4 workers for Concurrent thread roots
[1689.908s][info][gc          ] GC(173) Concurrent thread roots 0.867ms
[1689.908s][info][gc,start    ] GC(173) Concurrent weak references
[1689.908s][info][gc,task     ] GC(173) Using 2 of 4 workers for concurrent weak references
[1689.908s][info][gc,ref      ] GC(173) Encountered references: Soft: 6557, Weak: 23670, Final: 34, Phantom: 1261
[1689.908s][info][gc,ref      ] GC(173) Discovered  references: Soft: 0, Weak: 13363, Final: 1, Phantom: 1186
[1689.908s][info][gc,ref      ] GC(173) Enqueued    references: Soft: 0, Weak: 3, Final: 0, Phantom: 0
[1689.908s][info][gc          ] GC(173) Concurrent weak references 0.643ms
[1689.908s][info][gc,start    ] GC(173) Concurrent weak roots
[1689.908s][info][gc,task     ] GC(173) Using 2 of 4 workers for concurrent weak root
[1689.909s][info][gc          ] GC(173) Concurrent weak roots 0.924ms
[1689.909s][info][gc,start    ] GC(173) Concurrent cleanup
[1689.909s][info][gc          ] GC(173) Concurrent cleanup 6657M->4829M(8192M) 0.036ms
[1689.909s][info][gc,ergo     ] GC(173) Free: 2950M, Max: 4096K regular, 444M humongous, Frag: 85% external, 0% internal; Reserve: 411M, Max: 4096K
[1689.909s][info][gc,start    ] GC(173) Concurrent strong roots
[1689.909s][info][gc,task     ] GC(173) Using 2 of 4 workers for concurrent strong root
[1689.915s][info][gc          ] GC(173) Concurrent strong roots 6.112ms
[1689.915s][info][gc,start    ] GC(173) Concurrent evacuation
[1689.915s][info][gc,task     ] GC(173) Using 2 of 4 workers for concurrent evacuation
[1689.984s][info][gc          ] GC(173) Concurrent evacuation 68.688ms
[1689.984s][info][gc,start    ] GC(173) Pause Init Update Refs
[1689.984s][info][gc,ergo     ] GC(173) Pacer for Update Refs. Used: 4989M, Free: 2946M, Non-Taxable: 294M, Alloc Tax Rate: 2.1x
[1689.984s][info][gc          ] GC(173) Pause Init Update Refs 0.054ms
[1689.984s][info][gc,start    ] GC(173) Concurrent update references
[1689.984s][info][gc,task     ] GC(173) Using 2 of 4 workers for concurrent reference update
[1690.170s][info][gc          ] GC(173) Concurrent update references 186.194ms
[1690.171s][info][gc,start    ] GC(173) Concurrent update thread roots
[1690.172s][info][gc          ] GC(173) Concurrent update thread roots 1.540ms
[1690.172s][info][gc,start    ] GC(173) Pause Final Update Refs
[1690.172s][info][gc,task     ] GC(173) Using 4 of 4 workers for final reference update
[1690.172s][info][gc          ] GC(173) Pause Final Update Refs 0.132ms
[1690.172s][info][gc,start    ] GC(173) Concurrent cleanup
[1690.172s][info][gc          ] GC(173) Concurrent cleanup 5009M->825M(8192M) 0.058ms
[1690.172s][info][gc,ergo     ] Free: 6954M, Max: 4096K regular, 4680M humongous, Frag: 33% external, 0% internal; Reserve: 412M, Max: 4096K
[1690.172s][info][gc,stats    ] 
[1690.172s][info][gc,stats    ] All times are wall-clock times, except per-root-class counters, that are sum over
[1690.172s][info][gc,stats    ] all workers. Dividing the <total> over the root stage time estimates parallelism.
[1690.172s][info][gc,stats    ] 
[1690.172s][info][gc,stats    ] Concurrent Reset                  26043 us
[1690.172s][info][gc,stats    ] Pause Init Mark (G)                 218 us
[1690.172s][info][gc,stats    ] Pause Init Mark (N)                 118 us
[1690.172s][info][gc,stats    ]   Update Region States               43 us
[1690.173s][info][gc,stats    ] Concurrent Mark Roots             10329 us, parallelism: 1.93x
[1690.173s][info][gc,stats    ]   CMR: <total>                    19946 us
[1690.173s][info][gc,stats    ]   CMR: Thread Roots                1393 us, workers (us): 694, 700, ---, ---, 
[1690.173s][info][gc,stats    ]   CMR: Code Cache Roots           17362 us, workers (us): 9262, 8100, ---, ---, 
[1690.173s][info][gc,stats    ]   CMR: VM Strong Roots               32 us, workers (us):  17,  15, ---, ---, 
[1690.173s][info][gc,stats    ]   CMR: CLDG Roots                  1159 us, workers (us): ---, 1159, ---, ---, 
[1690.173s][info][gc,stats    ] Concurrent Marking               307843 us
[1690.173s][info][gc,stats    ] Pause Final Mark (G)                403 us
[1690.173s][info][gc,stats    ] Pause Final Mark (N)                338 us
[1690.173s][info][gc,stats    ]   Finish Mark                        80 us
[1690.173s][info][gc,stats    ]   Update Region States               46 us
[1690.173s][info][gc,stats    ]   Choose Collection Set             135 us
[1690.173s][info][gc,stats    ]   Rebuild Free Set                   10 us
[1690.173s][info][gc,stats    ] Concurrent Thread Roots             888 us, parallelism: 1.85x
[1690.173s][info][gc,stats    ]   CTR: <total>                     1645 us
[1690.173s][info][gc,stats    ]   CTR: Thread Roots                1645 us, workers (us): 820, 825, ---, ---, 
[1690.173s][info][gc,stats    ] Concurrent Weak References          654 us, parallelism: 0.91x
[1690.173s][info][gc,stats    ]   CWRF: <total>                     595 us
[1690.173s][info][gc,stats    ]   CWRF: Weak References             595 us, workers (us):  66, 528, ---, ---, 
[1690.173s][info][gc,stats    ] Concurrent Weak Roots               946 us
[1690.173s][info][gc,stats    ]   Roots                             879 us, parallelism: 1.77x
[1690.173s][info][gc,stats    ]     CWR: <total>                   1556 us
[1690.173s][info][gc,stats    ]     CWR: VM Weak Roots             1556 us, workers (us): 793, 763, ---, ---, 
[1690.173s][info][gc,stats    ]   Rendezvous                         24 us
[1690.173s][info][gc,stats    ] Concurrent Cleanup                   52 us
[1690.173s][info][gc,stats    ] Concurrent Strong Roots            6148 us, parallelism: 1.95x
[1690.173s][info][gc,stats    ]   CSR: <total>                    11987 us
[1690.173s][info][gc,stats    ]   CSR: Code Cache Roots           11659 us, workers (us): 5708, 5950, ---, ---, 
[1690.173s][info][gc,stats    ]   CSR: VM Strong Roots                7 us, workers (us):   7,   0, ---, ---, 
[1690.173s][info][gc,stats    ]   CSR: CLDG Roots                   320 us, workers (us): 320, ---, ---, ---, 
[1690.173s][info][gc,stats    ] Concurrent Evacuation             68749 us
[1690.173s][info][gc,stats    ] Pause Init Update Refs (G)          100 us
[1690.173s][info][gc,stats    ] Pause Init Update Refs (N)           65 us
[1690.173s][info][gc,stats    ]   Manage GCLABs                      10 us
[1690.173s][info][gc,stats    ] Concurrent Update Refs           186278 us
[1690.173s][info][gc,stats    ] Concurrent Update Thread Roots     1567 us
[1690.173s][info][gc,stats    ] Pause Final Update Refs (G)         184 us
[1690.173s][info][gc,stats    ] Pause Final Update Refs (N)         155 us
[1690.173s][info][gc,stats    ]   Update Region States               67 us
[1690.173s][info][gc,stats    ]   Trash Collection Set               14 us
[1690.173s][info][gc,stats    ]   Rebuild Free Set                   12 us
[1690.173s][info][gc,stats    ] Concurrent Cleanup                   73 us
[1690.173s][info][gc,stats    ] 
[1690.173s][info][gc,stats    ] Allocation pacing accrued:
[1690.173s][info][gc,stats    ]       0 of  7558 ms (  0.0%): <total>
[1690.173s][info][gc,stats    ]       0 of  7558 ms (  0.0%): <average total>
[1690.173s][info][gc,stats    ] 
[1690.173s][info][gc,metaspace] Metaspace: 136375K(137856K)->136375K(137856K) NonClass: 115303K(116160K)->115303K(116160K) Class: 21072K(21696K)->21072K(21696K)
[1690.173s][info][gc,ergo     ] Pacer for Idle. Initial: 163M, Alloc Tax Rate: 1.0x
[1699.842s][info][gc          ] Trigger: Average GC time (675.98 ms) is above the time for average allocation rate (1171 MB/s) to deplete free headroom (585M) (margin of error = 1.90)
[1699.842s][info][gc,ergo     ] Free headroom: 995M (free) - 409M (spike) - 0B (penalties) = 585M
[1699.842s][info][gc,ergo     ] Free: 995M, Max: 4096K regular, 404M humongous, Frag: 59% external, 0% internal; Reserve: 412M, Max: 4096K
[1699.842s][info][gc,start    ] GC(174) Concurrent reset
[1699.842s][info][gc,task     ] GC(174) Using 2 of 4 workers for concurrent reset
[1699.842s][info][gc,ergo     ] GC(174) Pacer for Reset. Non-Taxable: 8192M
[1699.857s][info][gc          ] GC(174) Concurrent reset 15.113ms
[1699.857s][info][gc,start    ] GC(174) Pause Init Mark
[1699.857s][info][gc,task     ] GC(174) Using 4 of 4 workers for init marking
[1699.857s][info][gc,ergo     ] GC(174) Pacer for Mark. Expected Live: 475M, Free: 979M, Non-Taxable: 100306K, Alloc Tax Rate: 0.6x
[1699.857s][info][gc          ] GC(174) Pause Init Mark 0.123ms
[1699.858s][info][gc,start    ] GC(174) Concurrent marking roots
[1699.858s][info][gc,task     ] GC(174) Using 2 of 4 workers for concurrent marking roots
[1699.866s][info][gc          ] GC(174) Concurrent marking roots 8.662ms
[1699.866s][info][gc,start    ] GC(174) Concurrent marking
[1699.866s][info][gc,task     ] GC(174) Using 2 of 4 workers for concurrent marking
[1700.084s][info][gc          ] GC(174) Concurrent marking 218.159ms
[1700.084s][info][gc,start    ] GC(174) Pause Final Mark
[1700.084s][info][gc,task     ] GC(174) Using 4 of 4 workers for final marking
[1700.085s][info][gc,ergo     ] GC(174) Adaptive CSet Selection. Target Free: 1160M, Actual Free: 2192M, Max CSet: 341M, Min Garbage: 0B
[1700.085s][info][gc,ergo     ] GC(174) Collectable Garbage: 6325M (99%), Immediate: 1048M (16%), CSet: 5277M (82%)
[1700.085s][info][gc,ergo     ] GC(174) Pacer for Evacuation. Used CSet: 5344M, Free: 1795M, Non-Taxable: 179M, Alloc Tax Rate: 7.3x
[1700.085s][info][gc          ] GC(174) Pause Final Mark 0.298ms
[1700.085s][info][gc,start    ] GC(174) Concurrent thread roots
[1700.085s][info][gc,task     ] GC(174) Using 2 of 4 workers for Concurrent thread roots
[1700.086s][info][gc          ] GC(174) Concurrent thread roots 0.821ms
[1700.086s][info][gc,start    ] GC(174) Concurrent weak references
[1700.086s][info][gc,task     ] GC(174) Using 2 of 4 workers for concurrent weak references
[1700.086s][info][gc,ref      ] GC(174) Encountered references: Soft: 6557, Weak: 23672, Final: 34, Phantom: 1267
[1700.086s][info][gc,ref      ] GC(174) Discovered  references: Soft: 0, Weak: 12583, Final: 0, Phantom: 943
[1700.086s][info][gc,ref      ] GC(174) Enqueued    references: Soft: 0, Weak: 3, Final: 0, Phantom: 0
[1700.086s][info][gc          ] GC(174) Concurrent weak references 0.561ms
[1700.086s][info][gc,start    ] GC(174) Concurrent weak roots
[1700.086s][info][gc,task     ] GC(174) Using 2 of 4 workers for concurrent weak root
[1700.087s][info][gc          ] GC(174) Concurrent weak roots 0.935ms
[1700.087s][info][gc,start    ] GC(174) Concurrent cleanup
[1700.087s][info][gc          ] GC(174) Concurrent cleanup 7040M->5992M(8192M) 0.032ms
[1700.087s][info][gc,ergo     ] GC(174) Free: 1787M, Max: 4096K regular, 404M humongous, Frag: 78% external, 0% internal; Reserve: 411M, Max: 4096K
[1700.087s][info][gc,start    ] GC(174) Concurrent strong roots
[1700.087s][info][gc,task     ] GC(174) Using 2 of 4 workers for concurrent strong root
[1700.098s][info][gc          ] GC(174) Concurrent strong roots 10.760ms
[1700.098s][info][gc,start    ] GC(174) Concurrent evacuation
[1700.098s][info][gc,task     ] GC(174) Using 2 of 4 workers for concurrent evacuation
[1700.143s][info][gc          ] GC(174) Concurrent evacuation 45.232ms
[1700.143s][info][gc,start    ] GC(174) Pause Init Update Refs
[1700.143s][info][gc,ergo     ] GC(174) Pacer for Update Refs. Used: 6092M, Free: 1759M, Non-Taxable: 175M, Alloc Tax Rate: 4.2x
[1700.143s][info][gc          ] GC(174) Pause Init Update Refs 0.047ms
[1700.143s][info][gc,start    ] GC(174) Concurrent update references
[1700.143s][info][gc,task     ] GC(174) Using 2 of 4 workers for concurrent reference update
[1700.293s][info][gc          ] GC(174) Concurrent update references 149.768ms
[1700.293s][info][gc,start    ] GC(174) Concurrent update thread roots
[1700.295s][info][gc          ] GC(174) Concurrent update thread roots 1.440ms
[1700.295s][info][gc,start    ] GC(174) Pause Final Update Refs
[1700.295s][info][gc,task     ] GC(174) Using 4 of 4 workers for final reference update
[1700.295s][info][gc          ] GC(174) Pause Final Update Refs 0.098ms
[1700.295s][info][gc,start    ] GC(174) Concurrent cleanup
[1700.295s][info][gc          ] GC(174) Concurrent cleanup 6188M->844M(8192M) 0.072ms
[1700.295s][info][gc,ergo     ] Free: 6935M, Max: 4096K regular, 5144M humongous, Frag: 26% external, 0% internal; Reserve: 412M, Max: 4096K
[1700.295s][info][gc,stats    ] 
[1700.295s][info][gc,stats    ] All times are wall-clock times, except per-root-class counters, that are sum over
[1700.295s][info][gc,stats    ] all workers. Dividing the <total> over the root stage time estimates parallelism.
[1700.295s][info][gc,stats    ] 
[1700.295s][info][gc,stats    ] Concurrent Reset                  15174 us
[1700.295s][info][gc,stats    ] Pause Init Mark (G)                 236 us
[1700.295s][info][gc,stats    ] Pause Init Mark (N)                 135 us
[1700.295s][info][gc,stats    ]   Update Region States               58 us
[1700.295s][info][gc,stats    ] Concurrent Mark Roots              8691 us, parallelism: 1.96x
[1700.295s][info][gc,stats    ]   CMR: <total>                    16999 us
[1700.295s][info][gc,stats    ]   CMR: Thread Roots                1644 us, workers (us): 823, 822, ---, ---, 
[1700.295s][info][gc,stats    ]   CMR: Code Cache Roots           14585 us, workers (us): 6923, 7662, ---, ---, 
[1700.295s][info][gc,stats    ]   CMR: VM Strong Roots               14 us, workers (us):  13,   0, ---, ---, 
[1700.295s][info][gc,stats    ]   CMR: CLDG Roots                   756 us, workers (us): 756, ---, ---, ---, 
[1700.295s][info][gc,stats    ] Concurrent Marking               218198 us
[1700.295s][info][gc,stats    ] Pause Final Mark (G)                332 us
[1700.295s][info][gc,stats    ] Pause Final Mark (N)                309 us
[1700.295s][info][gc,stats    ]   Finish Mark                        62 us
[1700.295s][info][gc,stats    ]   Update Region States               16 us
[1700.295s][info][gc,stats    ]   Choose Collection Set             149 us
[1700.295s][info][gc,stats    ]   Rebuild Free Set                    9 us
[1700.295s][info][gc,stats    ] Concurrent Thread Roots             846 us, parallelism: 1.84x
[1700.295s][info][gc,stats    ]   CTR: <total>                     1558 us
[1700.295s][info][gc,stats    ]   CTR: Thread Roots                1558 us, workers (us): 776, 782, ---, ---, 
[1700.295s][info][gc,stats    ] Concurrent Weak References          571 us, parallelism: 1.26x
[1700.295s][info][gc,stats    ]   CWRF: <total>                     722 us
[1700.295s][info][gc,stats    ]   CWRF: Weak References             722 us, workers (us): 496, 226, ---, ---, 
[1700.295s][info][gc,stats    ] Concurrent Weak Roots               950 us
[1700.295s][info][gc,stats    ]   Roots                             887 us, parallelism: 1.76x
[1700.295s][info][gc,stats    ]     CWR: <total>                   1558 us
[1700.295s][info][gc,stats    ]     CWR: VM Weak Roots             1558 us, workers (us): 793, 765, ---, ---, 
[1700.295s][info][gc,stats    ]   Rendezvous                         27 us
[1700.295s][info][gc,stats    ] Concurrent Cleanup                   45 us
[1700.295s][info][gc,stats    ] Concurrent Strong Roots           10810 us, parallelism: 1.97x
[1700.295s][info][gc,stats    ]   CSR: <total>                    21278 us
[1700.295s][info][gc,stats    ]   CSR: Code Cache Roots           20939 us, workers (us): 10302, 10637, ---, ---, 
[1700.295s][info][gc,stats    ]   CSR: VM Strong Roots                9 us, workers (us):   9,   0, ---, ---, 
[1700.295s][info][gc,stats    ]   CSR: CLDG Roots                   330 us, workers (us): 330, ---, ---, ---, 
[1700.295s][info][gc,stats    ] Concurrent Evacuation             45280 us
[1700.295s][info][gc,stats    ] Pause Init Update Refs (G)          177 us
[1700.295s][info][gc,stats    ] Pause Init Update Refs (N)           57 us
[1700.295s][info][gc,stats    ]   Manage GCLABs                       7 us
[1700.295s][info][gc,stats    ] Concurrent Update Refs           149803 us
[1700.296s][info][gc,stats    ] Concurrent Update Thread Roots     1466 us
[1700.296s][info][gc,stats    ] Pause Final Update Refs (G)         225 us
[1700.296s][info][gc,stats    ] Pause Final Update Refs (N)         121 us
[1700.296s][info][gc,stats    ]   Update Region States               38 us
[1700.296s][info][gc,stats    ]   Trash Collection Set               14 us
[1700.296s][info][gc,stats    ]   Rebuild Free Set                   10 us
[1700.296s][info][gc,stats    ] Concurrent Cleanup                   86 us
[1700.296s][info][gc,stats    ] 
[1700.296s][info][gc,stats    ] Allocation pacing accrued:
[1700.296s][info][gc,stats    ]       0 of 10123 ms (  0.0%): <total>
[1700.296s][info][gc,stats    ]       0 of 10123 ms (  0.0%): <average total>
[1700.296s][info][gc,stats    ] 
[1700.296s][info][gc,metaspace] Metaspace: 136375K(137856K)->136375K(137856K) NonClass: 115303K(116160K)->115303K(116160K) Class: 21072K(21696K)->21072K(21696K)
[1700.296s][info][gc,ergo     ] Pacer for Idle. Initial: 163M, Alloc Tax Rate: 1.0x
[1708.854s][info][gc          ] Trigger: Average GC time (623.54 ms) is above the time for average allocation rate (1022 MB/s) to deplete free headroom (568M) (margin of error = 1.90)
[1708.854s][info][gc,ergo     ] Free headroom: 978M (free) - 409M (spike) - 0B (penalties) = 568M
[1708.854s][info][gc,ergo     ] Free: 978M, Max: 4096K regular, 404M humongous, Frag: 58% external, 0% internal; Reserve: 412M, Max: 4096K
[1708.854s][info][gc,start    ] GC(175) Concurrent reset
[1708.854s][info][gc,task     ] GC(175) Using 2 of 4 workers for concurrent reset
[1708.854s][info][gc,ergo     ] GC(175) Pacer for Reset. Non-Taxable: 8192M
[1708.870s][info][gc          ] GC(175) Concurrent reset 16.102ms
[1708.870s][info][gc,start    ] GC(175) Pause Init Mark
[1708.870s][info][gc,task     ] GC(175) Using 4 of 4 workers for init marking
[1708.870s][info][gc,ergo     ] GC(175) Pacer for Mark. Expected Live: 475M, Free: 967M, Non-Taxable: 99042K, Alloc Tax Rate: 0.6x
[1708.870s][info][gc          ] GC(175) Pause Init Mark 0.106ms
[1708.870s][info][gc,start    ] GC(175) Concurrent marking roots
[1708.870s][info][gc,task     ] GC(175) Using 2 of 4 workers for concurrent marking roots
[1708.879s][info][gc          ] GC(175) Concurrent marking roots 8.969ms
[1708.879s][info][gc,start    ] GC(175) Concurrent marking
[1708.879s][info][gc,task     ] GC(175) Using 2 of 4 workers for concurrent marking
[1709.126s][info][gc          ] GC(175) Concurrent marking 246.975ms
[1709.126s][info][gc,start    ] GC(175) Pause Final Mark
[1709.126s][info][gc,task     ] GC(175) Using 4 of 4 workers for final marking
[1709.126s][info][gc,ergo     ] GC(175) Adaptive CSet Selection. Target Free: 1160M, Actual Free: 2504M, Max CSet: 341M, Min Garbage: 0B
[1709.126s][info][gc,ergo     ] GC(175) Collectable Garbage: 6315M (99%), Immediate: 1304M (20%), CSet: 5011M (78%)
[1709.126s][info][gc,ergo     ] GC(175) Pacer for Evacuation. Used CSet: 5096M, Free: 2107M, Non-Taxable: 210M, Alloc Tax Rate: 5.9x
[1709.126s][info][gc          ] GC(175) Pause Final Mark 0.306ms
[1709.126s][info][gc,start    ] GC(175) Concurrent thread roots
[1709.127s][info][gc,task     ] GC(175) Using 2 of 4 workers for Concurrent thread roots
[1709.127s][info][gc          ] GC(175) Concurrent thread roots 0.810ms
[1709.127s][info][gc,start    ] GC(175) Concurrent weak references
[1709.127s][info][gc,task     ] GC(175) Using 2 of 4 workers for concurrent weak references
[1709.128s][info][gc,ref      ] GC(175) Encountered references: Soft: 6557, Weak: 23674, Final: 34, Phantom: 1273
[1709.128s][info][gc,ref      ] GC(175) Discovered  references: Soft: 0, Weak: 2499, Final: 33, Phantom: 882
[1709.128s][info][gc,ref      ] GC(175) Enqueued    references: Soft: 0, Weak: 3, Final: 0, Phantom: 0
[1709.128s][info][gc          ] GC(175) Concurrent weak references 0.311ms
[1709.128s][info][gc,start    ] GC(175) Concurrent weak roots
[1709.128s][info][gc,task     ] GC(175) Using 2 of 4 workers for concurrent weak root
[1709.129s][info][gc          ] GC(175) Concurrent weak roots 0.889ms
[1709.129s][info][gc,start    ] GC(175) Concurrent cleanup
[1709.129s][info][gc          ] GC(175) Concurrent cleanup 6984M->5680M(8192M) 0.032ms
[1709.129s][info][gc,ergo     ] GC(175) Free: 2099M, Max: 4096K regular, 404M humongous, Frag: 81% external, 0% internal; Reserve: 411M, Max: 4096K
[1709.129s][info][gc,start    ] GC(175) Concurrent strong roots
[1709.129s][info][gc,task     ] GC(175) Using 2 of 4 workers for concurrent strong root
[1709.137s][info][gc          ] GC(175) Concurrent strong roots 8.177ms
[1709.137s][info][gc,start    ] GC(175) Concurrent evacuation
[1709.137s][info][gc,task     ] GC(175) Using 2 of 4 workers for concurrent evacuation
[1709.191s][info][gc          ] GC(175) Concurrent evacuation 53.893ms
[1709.191s][info][gc,start    ] GC(175) Pause Init Update Refs
[1709.191s][info][gc,ergo     ] GC(175) Pacer for Update Refs. Used: 5796M, Free: 2075M, Non-Taxable: 207M, Alloc Tax Rate: 3.4x
[1709.191s][info][gc          ] GC(175) Pause Init Update Refs 0.047ms
[1709.191s][info][gc,start    ] GC(175) Concurrent update references
[1709.191s][info][gc,task     ] GC(175) Using 2 of 4 workers for concurrent reference update
[1709.350s][info][gc          ] GC(175) Concurrent update references 159.089ms
[1709.350s][info][gc,start    ] GC(175) Concurrent update thread roots
[1709.351s][info][gc          ] GC(175) Concurrent update thread roots 1.320ms
[1709.351s][info][gc,start    ] GC(175) Pause Final Update Refs
[1709.351s][info][gc,task     ] GC(175) Using 4 of 4 workers for final reference update
[1709.352s][info][gc          ] GC(175) Pause Final Update Refs 0.088ms
[1709.352s][info][gc,start    ] GC(175) Concurrent cleanup
[1709.352s][info][gc          ] GC(175) Concurrent cleanup 5924M->828M(8192M) 0.062ms
[1709.352s][info][gc,ergo     ] Free: 6951M, Max: 4096K regular, 5000M humongous, Frag: 28% external, 0% internal; Reserve: 412M, Max: 4096K
[1709.352s][info][gc,stats    ] 
[1709.352s][info][gc,stats    ] All times are wall-clock times, except per-root-class counters, that are sum over
[1709.352s][info][gc,stats    ] all workers. Dividing the <total> over the root stage time estimates parallelism.
[1709.352s][info][gc,stats    ] 
[1709.352s][info][gc,stats    ] Concurrent Reset                  16165 us
[1709.352s][info][gc,stats    ] Pause Init Mark (G)                 227 us
[1709.352s][info][gc,stats    ] Pause Init Mark (N)                 118 us
[1709.352s][info][gc,stats    ]   Update Region States               39 us
[1709.352s][info][gc,stats    ] Concurrent Mark Roots              9016 us, parallelism: 1.96x
[1709.352s][info][gc,stats    ]   CMR: <total>                    17636 us
[1709.352s][info][gc,stats    ]   CMR: Thread Roots                1419 us, workers (us): 716, 703, ---, ---, 
[1709.352s][info][gc,stats    ]   CMR: Code Cache Roots           15482 us, workers (us): 8096, 7387, ---, ---, 
[1709.352s][info][gc,stats    ]   CMR: VM Strong Roots               15 us, workers (us):   8,   7, ---, ---, 
[1709.352s][info][gc,stats    ]   CMR: CLDG Roots                   720 us, workers (us): ---, 720, ---, ---, 
[1709.352s][info][gc,stats    ] Concurrent Marking               247025 us
[1709.352s][info][gc,stats    ] Pause Final Mark (G)                337 us
[1709.352s][info][gc,stats    ] Pause Final Mark (N)                317 us
[1709.352s][info][gc,stats    ]   Finish Mark                        70 us
[1709.352s][info][gc,stats    ]   Update Region States               16 us
[1709.352s][info][gc,stats    ]   Choose Collection Set             153 us
[1709.352s][info][gc,stats    ]   Rebuild Free Set                   10 us
[1709.352s][info][gc,stats    ] Concurrent Thread Roots             832 us, parallelism: 1.83x
[1709.352s][info][gc,stats    ]   CTR: <total>                     1526 us
[1709.352s][info][gc,stats    ]   CTR: Thread Roots                1526 us, workers (us): 764, 762, ---, ---, 
[1709.352s][info][gc,stats    ] Concurrent Weak References          322 us, parallelism: 0.77x
[1709.352s][info][gc,stats    ]   CWRF: <total>                     248 us
[1709.352s][info][gc,stats    ]   CWRF: Weak References             248 us, workers (us):   5, 243, ---, ---, 
[1709.352s][info][gc,stats    ] Concurrent Weak Roots               902 us
[1709.352s][info][gc,stats    ]   Roots                             838 us, parallelism: 1.80x
[1709.352s][info][gc,stats    ]     CWR: <total>                   1508 us
[1709.352s][info][gc,stats    ]     CWR: VM Weak Roots             1508 us, workers (us): 754, 754, ---, ---, 
[1709.352s][info][gc,stats    ]   Rendezvous                         31 us
[1709.352s][info][gc,stats    ] Concurrent Cleanup                   44 us
[1709.352s][info][gc,stats    ] Concurrent Strong Roots            8272 us, parallelism: 1.94x
[1709.352s][info][gc,stats    ]   CSR: <total>                    16080 us
[1709.352s][info][gc,stats    ]   CSR: Code Cache Roots           15737 us, workers (us): 7652, 8084, ---, ---, 
[1709.352s][info][gc,stats    ]   CSR: VM Strong Roots                8 us, workers (us):   5,   4, ---, ---, 
[1709.352s][info][gc,stats    ]   CSR: CLDG Roots                   335 us, workers (us): 335, ---, ---, ---, 
[1709.352s][info][gc,stats    ] Concurrent Evacuation             53938 us
[1709.352s][info][gc,stats    ] Pause Init Update Refs (G)           88 us
[1709.352s][info][gc,stats    ] Pause Init Update Refs (N)           61 us
[1709.352s][info][gc,stats    ]   Manage GCLABs                       5 us
[1709.352s][info][gc,stats    ] Concurrent Update Refs           159126 us
[1709.352s][info][gc,stats    ] Concurrent Update Thread Roots     1344 us
[1709.352s][info][gc,stats    ] Pause Final Update Refs (G)         138 us
[1709.352s][info][gc,stats    ] Pause Final Update Refs (N)         102 us
[1709.352s][info][gc,stats    ]   Update Region States               25 us
[1709.352s][info][gc,stats    ]   Trash Collection Set               14 us
[1709.352s][info][gc,stats    ]   Rebuild Free Set                   10 us
[1709.352s][info][gc,stats    ] Concurrent Cleanup                   75 us
[1709.352s][info][gc,stats    ] 
[1709.352s][info][gc,stats    ] Allocation pacing accrued:
[1709.352s][info][gc,stats    ]       0 of  9057 ms (  0.0%): <total>
[1709.352s][info][gc,stats    ]       0 of  9057 ms (  0.0%): <average total>
[1709.352s][info][gc,stats    ] 
[1709.352s][info][gc,metaspace] Metaspace: 136375K(137856K)->136375K(137856K) NonClass: 115303K(116160K)->115303K(116160K) Class: 21072K(21696K)->21072K(21696K)
[1709.352s][info][gc,ergo     ] Pacer for Idle. Initial: 163M, Alloc Tax Rate: 1.0x
[1720.125s][info][gc          ] Trigger: Free (815M) is below minimum threshold (819M)
[1720.125s][info][gc,ergo     ] Free: 815M, Max: 4096K regular, 404M humongous, Frag: 50% external, 0% internal; Reserve: 412M, Max: 4096K
[1720.125s][info][gc,start    ] GC(176) Concurrent reset
[1720.125s][info][gc,task     ] GC(176) Using 2 of 4 workers for concurrent reset
[1720.125s][info][gc,ergo     ] GC(176) Pacer for Reset. Non-Taxable: 8192M
[1720.146s][info][gc          ] GC(176) Concurrent reset 20.969ms
[1720.146s][info][gc,start    ] GC(176) Pause Init Mark
[1720.146s][info][gc,task     ] GC(176) Using 4 of 4 workers for init marking
[1720.146s][info][gc,ergo     ] GC(176) Pacer for Mark. Expected Live: 467M, Free: 803M, Non-Taxable: 82257K, Alloc Tax Rate: 0.7x
[1720.146s][info][gc          ] GC(176) Pause Init Mark 0.119ms
[1720.146s][info][gc,start    ] GC(176) Concurrent marking roots
[1720.146s][info][gc,task     ] GC(176) Using 2 of 4 workers for concurrent marking roots
[1720.157s][info][gc          ] GC(176) Concurrent marking roots 10.339ms
[1720.157s][info][gc,start    ] GC(176) Concurrent marking
[1720.157s][info][gc,task     ] GC(176) Using 2 of 4 workers for concurrent marking
[1720.370s][info][gc          ] GC(176) Concurrent marking 213.109ms
[1720.370s][info][gc,start    ] GC(176) Pause Final Mark
[1720.370s][info][gc,task     ] GC(176) Using 4 of 4 workers for final marking
[1720.370s][info][gc,ergo     ] GC(176) Adaptive CSet Selection. Target Free: 1160M, Actual Free: 4624M, Max CSet: 341M, Min Garbage: 0B
[1720.370s][info][gc,ergo     ] GC(176) Collectable Garbage: 6502M (99%), Immediate: 3552M (54%), CSet: 2950M (45%)
[1720.370s][info][gc,ergo     ] GC(176) Pacer for Evacuation. Used CSet: 3016M, Free: 4224M, Non-Taxable: 422M, Alloc Tax Rate: 1.7x
[1720.370s][info][gc          ] GC(176) Pause Final Mark 0.296ms
[1720.370s][info][gc,start    ] GC(176) Concurrent thread roots
[1720.370s][info][gc,task     ] GC(176) Using 2 of 4 workers for Concurrent thread roots
[1720.371s][info][gc          ] GC(176) Concurrent thread roots 0.764ms
[1720.371s][info][gc,start    ] GC(176) Concurrent weak references
[1720.371s][info][gc,task     ] GC(176) Using 2 of 4 workers for concurrent weak references
[1720.371s][info][gc,ref      ] GC(176) Encountered references: Soft: 6557, Weak: 23674, Final: 34, Phantom: 1273
[1720.371s][info][gc,ref      ] GC(176) Discovered  references: Soft: 0, Weak: 13048, Final: 33, Phantom: 942
[1720.371s][info][gc,ref      ] GC(176) Enqueued    references: Soft: 0, Weak: 3, Final: 0, Phantom: 0
[1720.371s][info][gc          ] GC(176) Concurrent weak references 0.561ms
[1720.371s][info][gc,start    ] GC(176) Concurrent weak roots
[1720.371s][info][gc,task     ] GC(176) Using 2 of 4 workers for concurrent weak root
[1720.372s][info][gc          ] GC(176) Concurrent weak roots 0.992ms
[1720.372s][info][gc,start    ] GC(176) Concurrent cleanup
[1720.373s][info][gc          ] GC(176) Concurrent cleanup 7116M->3564M(8192M) 0.050ms
[1720.373s][info][gc,ergo     ] GC(176) Free: 4215M, Max: 4096K regular, 392M humongous, Frag: 91% external, 0% internal; Reserve: 411M, Max: 4096K
[1720.373s][info][gc,start    ] GC(176) Concurrent strong roots
[1720.373s][info][gc,task     ] GC(176) Using 2 of 4 workers for concurrent strong root
[1720.382s][info][gc          ] GC(176) Concurrent strong roots 9.322ms
[1720.382s][info][gc,start    ] GC(176) Concurrent evacuation
[1720.382s][info][gc,task     ] GC(176) Using 2 of 4 workers for concurrent evacuation
[1720.416s][info][gc          ] GC(176) Concurrent evacuation 33.718ms
[1720.416s][info][gc,start    ] GC(176) Pause Init Update Refs
[1720.416s][info][gc,ergo     ] GC(176) Pacer for Update Refs. Used: 3656M, Free: 4195M, Non-Taxable: 419M, Alloc Tax Rate: 1.1x
[1720.416s][info][gc          ] GC(176) Pause Init Update Refs 0.051ms
[1720.416s][info][gc,start    ] GC(176) Concurrent update references
[1720.416s][info][gc,task     ] GC(176) Using 2 of 4 workers for concurrent reference update
[1720.547s][info][gc          ] GC(176) Concurrent update references 131.368ms
[1720.547s][info][gc,start    ] GC(176) Concurrent update thread roots
[1720.549s][info][gc          ] GC(176) Concurrent update thread roots 1.721ms
[1720.549s][info][gc,start    ] GC(176) Pause Final Update Refs
[1720.549s][info][gc,task     ] GC(176) Using 4 of 4 workers for final reference update
[1720.549s][info][gc          ] GC(176) Pause Final Update Refs 0.113ms
[1720.549s][info][gc,start    ] GC(176) Concurrent cleanup
[1720.549s][info][gc          ] GC(176) Concurrent cleanup 3716M->700M(8192M) 0.079ms
[1720.549s][info][gc,ergo     ] Free: 7079M, Max: 4096K regular, 5352M humongous, Frag: 25% external, 0% internal; Reserve: 412M, Max: 4096K
[1720.549s][info][gc,stats    ] 
[1720.549s][info][gc,stats    ] All times are wall-clock times, except per-root-class counters, that are sum over
[1720.549s][info][gc,stats    ] all workers. Dividing the <total> over the root stage time estimates parallelism.
[1720.549s][info][gc,stats    ] 
[1720.550s][info][gc,stats    ] Concurrent Reset                  21062 us
[1720.550s][info][gc,stats    ] Pause Init Mark (G)                 211 us
[1720.550s][info][gc,stats    ] Pause Init Mark (N)                 129 us
[1720.550s][info][gc,stats    ]   Update Region States               53 us
[1720.550s][info][gc,stats    ] Concurrent Mark Roots             10386 us, parallelism: 1.95x
[1720.550s][info][gc,stats    ]   CMR: <total>                    20287 us
[1720.550s][info][gc,stats    ]   CMR: Thread Roots                1393 us, workers (us): 693, 700, ---, ---, 
[1720.550s][info][gc,stats    ]   CMR: Code Cache Roots           18096 us, workers (us): 8667, 9429, ---, ---, 
[1720.550s][info][gc,stats    ]   CMR: VM Strong Roots               13 us, workers (us):  13,   0, ---, ---, 
[1720.550s][info][gc,stats    ]   CMR: CLDG Roots                   785 us, workers (us): 785, ---, ---, ---, 
[1720.550s][info][gc,stats    ] Concurrent Marking               213174 us
[1720.550s][info][gc,stats    ] Pause Final Mark (G)                349 us
[1720.550s][info][gc,stats    ] Pause Final Mark (N)                307 us
[1720.550s][info][gc,stats    ]   Finish Mark                        87 us
[1720.550s][info][gc,stats    ]   Update Region States               27 us
[1720.550s][info][gc,stats    ]   Choose Collection Set             113 us
[1720.550s][info][gc,stats    ]   Rebuild Free Set                   10 us
[1720.550s][info][gc,stats    ] Concurrent Thread Roots             781 us, parallelism: 1.86x
[1720.550s][info][gc,stats    ]   CTR: <total>                     1450 us
[1720.550s][info][gc,stats    ]   CTR: Thread Roots                1450 us, workers (us): 722, 729, ---, ---, 
[1720.550s][info][gc,stats    ] Concurrent Weak References          576 us, parallelism: 1.17x
[1720.550s][info][gc,stats    ]   CWRF: <total>                     672 us
[1720.550s][info][gc,stats    ]   CWRF: Weak References             672 us, workers (us): 477, 196, ---, ---, 
[1720.550s][info][gc,stats    ] Concurrent Weak Roots              1008 us
[1720.550s][info][gc,stats    ]   Roots                             911 us, parallelism: 1.75x
[1720.550s][info][gc,stats    ]     CWR: <total>                   1595 us
[1720.550s][info][gc,stats    ]     CWR: VM Weak Roots             1595 us, workers (us): 796, 799, ---, ---, 
[1720.550s][info][gc,stats    ]   Rendezvous                         60 us
[1720.550s][info][gc,stats    ] Concurrent Cleanup                   63 us
[1720.550s][info][gc,stats    ] Concurrent Strong Roots            9419 us, parallelism: 1.94x
[1720.550s][info][gc,stats    ]   CSR: <total>                    18253 us
[1720.550s][info][gc,stats    ]   CSR: Code Cache Roots           17803 us, workers (us): 9151, 8652, ---, ---, 
[1720.550s][info][gc,stats    ]   CSR: VM Strong Roots               10 us, workers (us):   5,   4, ---, ---, 
[1720.550s][info][gc,stats    ]   CSR: CLDG Roots                   440 us, workers (us): ---, 440, ---, ---, 
[1720.550s][info][gc,stats    ] Concurrent Evacuation             33773 us
[1720.550s][info][gc,stats    ] Pause Init Update Refs (G)           92 us
[1720.550s][info][gc,stats    ] Pause Init Update Refs (N)           63 us
[1720.550s][info][gc,stats    ]   Manage GCLABs                       6 us
[1720.550s][info][gc,stats    ] Concurrent Update Refs           131411 us
[1720.550s][info][gc,stats    ] Concurrent Update Thread Roots     1751 us
[1720.550s][info][gc,stats    ] Pause Final Update Refs (G)         290 us
[1720.550s][info][gc,stats    ] Pause Final Update Refs (N)         140 us
[1720.550s][info][gc,stats    ]   Update Region States               45 us
[1720.550s][info][gc,stats    ]   Trash Collection Set               12 us
[1720.550s][info][gc,stats    ]   Rebuild Free Set                   17 us
[1720.550s][info][gc,stats    ] Concurrent Cleanup                   94 us
[1720.550s][info][gc,stats    ] 
[1720.550s][info][gc,stats    ] Allocation pacing accrued:
[1720.550s][info][gc,stats    ]       0 of 11198 ms (  0.0%): <total>
[1720.550s][info][gc,stats    ]       0 of 11198 ms (  0.0%): <average total>
[1720.550s][info][gc,stats    ] 
[1720.550s][info][gc,metaspace] Metaspace: 136380K(137856K)->136380K(137856K) NonClass: 115308K(116160K)->115308K(116160K) Class: 21072K(21696K)->21072K(21696K)
[1720.550s][info][gc,ergo     ] Pacer for Idle. Initial: 163M, Alloc Tax Rate: 1.0x
[1730.115s][info][gc          ] Trigger: Average GC time (555.01 ms) is above the time for average allocation rate (850 MB/s) to deplete free headroom (469M) (margin of error = 1.90)
[1730.115s][info][gc,ergo     ] Free headroom: 879M (free) - 409M (spike) - 0B (penalties) = 469M
[1730.115s][info][gc,ergo     ] Free: 879M, Max: 4096K regular, 392M humongous, Frag: 55% external, 0% internal; Reserve: 412M, Max: 4096K
[1730.115s][info][gc,start    ] GC(177) Concurrent reset
[1730.115s][info][gc,task     ] GC(177) Using 2 of 4 workers for concurrent reset
[1730.115s][info][gc,ergo     ] GC(177) Pacer for Reset. Non-Taxable: 8192M
[1730.129s][info][gc          ] GC(177) Concurrent reset 13.826ms
[1730.129s][info][gc,start    ] GC(177) Pause Init Mark
[1730.129s][info][gc,task     ] GC(177) Using 4 of 4 workers for init marking
[1730.130s][info][gc,ergo     ] GC(177) Pacer for Mark. Expected Live: 466M, Free: 879M, Non-Taxable: 90061K, Alloc Tax Rate: 0.6x
[1730.130s][info][gc          ] GC(177) Pause Init Mark 0.253ms
[1730.130s][info][gc,start    ] GC(177) Concurrent marking roots
[1730.130s][info][gc,task     ] GC(177) Using 2 of 4 workers for concurrent marking roots
[1730.144s][info][gc          ] GC(177) Concurrent marking roots 14.837ms
[1730.145s][info][gc,start    ] GC(177) Concurrent marking
[1730.145s][info][gc,task     ] GC(177) Using 2 of 4 workers for concurrent marking
[1730.420s][info][gc          ] GC(177) Concurrent marking 275.457ms
[1730.420s][info][gc,start    ] GC(177) Pause Final Mark
[1730.420s][info][gc,task     ] GC(177) Using 4 of 4 workers for final marking
[1730.420s][info][gc,ergo     ] GC(177) Adaptive CSet Selection. Target Free: 1160M, Actual Free: 2212M, Max CSet: 341M, Min Garbage: 0B
[1730.420s][info][gc,ergo     ] GC(177) Collectable Garbage: 6406M (99%), Immediate: 1100M (17%), CSet: 5306M (82%)
[1730.420s][info][gc,ergo     ] GC(177) Pacer for Evacuation. Used CSet: 5392M, Free: 1811M, Non-Taxable: 181M, Alloc Tax Rate: 7.3x
[1730.420s][info][gc          ] GC(177) Pause Final Mark 0.290ms
[1730.420s][info][gc,start    ] GC(177) Concurrent thread roots
[1730.420s][info][gc,task     ] GC(177) Using 2 of 4 workers for Concurrent thread roots
[1730.421s][info][gc          ] GC(177) Concurrent thread roots 0.796ms
[1730.421s][info][gc,start    ] GC(177) Concurrent weak references
[1730.421s][info][gc,task     ] GC(177) Using 2 of 4 workers for concurrent weak references
[1730.422s][info][gc,ref      ] GC(177) Encountered references: Soft: 6557, Weak: 23676, Final: 34, Phantom: 1279
[1730.422s][info][gc,ref      ] GC(177) Discovered  references: Soft: 0, Weak: 11570, Final: 33, Phantom: 944
[1730.422s][info][gc,ref      ] GC(177) Enqueued    references: Soft: 0, Weak: 3, Final: 0, Phantom: 0
[1730.422s][info][gc          ] GC(177) Concurrent weak references 0.562ms
[1730.422s][info][gc,start    ] GC(177) Concurrent weak roots
[1730.422s][info][gc,task     ] GC(177) Using 2 of 4 workers for concurrent weak root
[1730.423s][info][gc          ] GC(177) Concurrent weak roots 0.879ms
[1730.423s][info][gc,start    ] GC(177) Concurrent cleanup
[1730.423s][info][gc          ] GC(177) Concurrent cleanup 7076M->5976M(8192M) 0.030ms
[1730.423s][info][gc,ergo     ] GC(177) Free: 1803M, Max: 4096K regular, 392M humongous, Frag: 79% external, 0% internal; Reserve: 411M, Max: 4096K
[1730.423s][info][gc,start    ] GC(177) Concurrent strong roots
[1730.423s][info][gc,task     ] GC(177) Using 2 of 4 workers for concurrent strong root
[1730.430s][info][gc          ] GC(177) Concurrent strong roots 7.737ms
[1730.431s][info][gc,start    ] GC(177) Concurrent evacuation
[1730.431s][info][gc,task     ] GC(177) Using 2 of 4 workers for concurrent evacuation
[1730.478s][info][gc          ] GC(177) Concurrent evacuation 47.172ms
[1730.478s][info][gc,start    ] GC(177) Pause Init Update Refs
[1730.478s][info][gc,ergo     ] GC(177) Pacer for Update Refs. Used: 6084M, Free: 1783M, Non-Taxable: 178M, Alloc Tax Rate: 4.2x
[1730.478s][info][gc          ] GC(177) Pause Init Update Refs 0.052ms
[1730.478s][info][gc,start    ] GC(177) Concurrent update references
[1730.478s][info][gc,task     ] GC(177) Using 2 of 4 workers for concurrent reference update
[1730.635s][info][gc          ] GC(177) Concurrent update references 157.592ms
[1730.635s][info][gc,start    ] GC(177) Concurrent update thread roots
[1730.637s][info][gc          ] GC(177) Concurrent update thread roots 1.397ms
[1730.637s][info][gc,start    ] GC(177) Pause Final Update Refs
[1730.637s][info][gc,task     ] GC(177) Using 4 of 4 workers for final reference update
[1730.637s][info][gc          ] GC(177) Pause Final Update Refs 0.089ms
[1730.637s][info][gc,start    ] GC(177) Concurrent cleanup
[1730.637s][info][gc          ] GC(177) Concurrent cleanup 6164M->772M(8192M) 0.069ms
[1730.637s][info][gc,ergo     ] Free: 7007M, Max: 4096K regular, 5188M humongous, Frag: 26% external, 0% internal; Reserve: 412M, Max: 4096K
[1730.637s][info][gc,stats    ] 
[1730.637s][info][gc,stats    ] All times are wall-clock times, except per-root-class counters, that are sum over
[1730.637s][info][gc,stats    ] all workers. Dividing the <total> over the root stage time estimates parallelism.
[1730.637s][info][gc,stats    ] 
[1730.637s][info][gc,stats    ] Concurrent Reset                  14086 us
[1730.637s][info][gc,stats    ] Pause Init Mark (G)                 369 us
[1730.637s][info][gc,stats    ] Pause Init Mark (N)                 267 us
[1730.637s][info][gc,stats    ]   Update Region States              113 us
[1730.637s][info][gc,stats    ] Concurrent Mark Roots             14919 us, parallelism: 1.92x
[1730.637s][info][gc,stats    ]   CMR: <total>                    28687 us
[1730.637s][info][gc,stats    ]   CMR: Thread Roots                1509 us, workers (us): 801, 708, ---, ---, 
[1730.637s][info][gc,stats    ]   CMR: Code Cache Roots           25707 us, workers (us): 13530, 12178, ---, ---, 
[1730.637s][info][gc,stats    ]   CMR: VM Strong Roots               35 us, workers (us):  18,  16, ---, ---, 
[1730.637s][info][gc,stats    ]   CMR: CLDG Roots                  1436 us, workers (us): ---, 1436, ---, ---, 
[1730.637s][info][gc,stats    ] Concurrent Marking               275505 us
[1730.637s][info][gc,stats    ] Pause Final Mark (G)                327 us
[1730.637s][info][gc,stats    ] Pause Final Mark (N)                301 us
[1730.637s][info][gc,stats    ]   Finish Mark                        60 us
[1730.637s][info][gc,stats    ]   Update Region States               16 us
[1730.637s][info][gc,stats    ]   Choose Collection Set             147 us
[1730.637s][info][gc,stats    ]   Rebuild Free Set                    9 us
[1730.637s][info][gc,stats    ] Concurrent Thread Roots             810 us, parallelism: 1.87x
[1730.637s][info][gc,stats    ]   CTR: <total>                     1514 us
[1730.637s][info][gc,stats    ]   CTR: Thread Roots                1514 us, workers (us): 755, 758, ---, ---, 
[1730.637s][info][gc,stats    ] Concurrent Weak References          573 us, parallelism: 0.95x
[1730.637s][info][gc,stats    ]   CWRF: <total>                     544 us
[1730.637s][info][gc,stats    ]   CWRF: Weak References             544 us, workers (us): 498,  46, ---, ---, 
[1730.637s][info][gc,stats    ] Concurrent Weak Roots               902 us
[1730.637s][info][gc,stats    ]   Roots                             836 us, parallelism: 1.80x
[1730.637s][info][gc,stats    ]     CWR: <total>                   1504 us
[1730.637s][info][gc,stats    ]     CWR: VM Weak Roots             1504 us, workers (us): 752, 752, ---, ---, 
[1730.637s][info][gc,stats    ]   Rendezvous                         23 us
[1730.638s][info][gc,stats    ] Concurrent Cleanup                   43 us
[1730.638s][info][gc,stats    ] Concurrent Strong Roots            7789 us, parallelism: 1.96x
[1730.638s][info][gc,stats    ]   CSR: <total>                    15267 us
[1730.638s][info][gc,stats    ]   CSR: Code Cache Roots           15019 us, workers (us): 7361, 7658, ---, ---, 
[1730.638s][info][gc,stats    ]   CSR: VM Strong Roots                8 us, workers (us):   4,   4, ---, ---, 
[1730.638s][info][gc,stats    ]   CSR: CLDG Roots                   240 us, workers (us): 240, ---, ---, ---, 
[1730.638s][info][gc,stats    ] Concurrent Evacuation             47244 us
[1730.638s][info][gc,stats    ] Pause Init Update Refs (G)           90 us
[1730.638s][info][gc,stats    ] Pause Init Update Refs (N)           63 us
[1730.638s][info][gc,stats    ]   Manage GCLABs                       8 us
[1730.638s][info][gc,stats    ] Concurrent Update Refs           157636 us
[1730.638s][info][gc,stats    ] Concurrent Update Thread Roots     1424 us
[1730.638s][info][gc,stats    ] Pause Final Update Refs (G)         144 us
[1730.638s][info][gc,stats    ] Pause Final Update Refs (N)         113 us
[1730.638s][info][gc,stats    ]   Update Region States               26 us
[1730.638s][info][gc,stats    ]   Trash Collection Set               15 us
[1730.638s][info][gc,stats    ]   Rebuild Free Set                   10 us
[1730.638s][info][gc,stats    ] Concurrent Cleanup                   82 us
[1730.638s][info][gc,stats    ] 
[1730.638s][info][gc,stats    ] Allocation pacing accrued:
[1730.638s][info][gc,stats    ]       0 of 10088 ms (  0.0%): <total>
[1730.638s][info][gc,stats    ]       0 of 10088 ms (  0.0%): <average total>
[1730.638s][info][gc,stats    ] 
[1730.638s][info][gc,metaspace] Metaspace: 136381K(137856K)->136381K(137856K) NonClass: 115308K(116160K)->115308K(116160K) Class: 21072K(21696K)->21072K(21696K)
[1730.638s][info][gc,ergo     ] Pacer for Idle. Initial: 163M, Alloc Tax Rate: 1.0x
[1738.474s][info][gc          ] Trigger: Average GC time (579.80 ms) is above the time for average allocation rate (881 MB/s) to deplete free headroom (504M) (margin of error = 1.90)
[1738.474s][info][gc,ergo     ] Free headroom: 914M (free) - 409M (spike) - 0B (penalties) = 504M
[1738.474s][info][gc,ergo     ] Free: 914M, Max: 4096K regular, 392M humongous, Frag: 57% external, 0% internal; Reserve: 412M, Max: 4096K
[1738.474s][info][gc,start    ] GC(178) Concurrent reset
[1738.474s][info][gc,task     ] GC(178) Using 2 of 4 workers for concurrent reset
[1738.474s][info][gc,ergo     ] GC(178) Pacer for Reset. Non-Taxable: 8192M
[1738.492s][info][gc          ] GC(178) Concurrent reset 17.793ms
[1738.492s][info][gc,start    ] GC(178) Pause Init Mark
[1738.492s][info][gc,task     ] GC(178) Using 4 of 4 workers for init marking
[1738.492s][info][gc,ergo     ] GC(178) Pacer for Mark. Expected Live: 465M, Free: 903M, Non-Taxable: 92500K, Alloc Tax Rate: 0.6x
[1738.492s][info][gc          ] GC(178) Pause Init Mark 0.112ms
[1738.492s][info][gc,start    ] GC(178) Concurrent marking roots
[1738.492s][info][gc,task     ] GC(178) Using 2 of 4 workers for concurrent marking roots
[1738.502s][info][gc          ] GC(178) Concurrent marking roots 9.432ms
[1738.502s][info][gc,start    ] GC(178) Concurrent marking
[1738.502s][info][gc,task     ] GC(178) Using 2 of 4 workers for concurrent marking
[1738.730s][info][gc          ] GC(178) Concurrent marking 228.393ms
[1738.730s][info][gc,start    ] GC(178) Pause Final Mark
[1738.730s][info][gc,task     ] GC(178) Using 4 of 4 workers for final marking
[1738.730s][info][gc,ergo     ] GC(178) Adaptive CSet Selection. Target Free: 1160M, Actual Free: 2372M, Max CSet: 341M, Min Garbage: 0B
[1738.730s][info][gc,ergo     ] GC(178) Collectable Garbage: 6348M (99%), Immediate: 1292M (20%), CSet: 5056M (79%)
[1738.730s][info][gc,ergo     ] GC(178) Pacer for Evacuation. Used CSet: 5172M, Free: 1971M, Non-Taxable: 197M, Alloc Tax Rate: 6.4x
[1738.730s][info][gc          ] GC(178) Pause Final Mark 0.296ms
[1738.730s][info][gc,start    ] GC(178) Concurrent thread roots
[1738.730s][info][gc,task     ] GC(178) Using 2 of 4 workers for Concurrent thread roots
[1738.731s][info][gc          ] GC(178) Concurrent thread roots 0.750ms
[1738.731s][info][gc,start    ] GC(178) Concurrent weak references
[1738.731s][info][gc,task     ] GC(178) Using 2 of 4 workers for concurrent weak references
[1738.731s][info][gc,ref      ] GC(178) Encountered references: Soft: 6557, Weak: 23677, Final: 34, Phantom: 1285
[1738.731s][info][gc,ref      ] GC(178) Discovered  references: Soft: 0, Weak: 725, Final: 33, Phantom: 1212
[1738.731s][info][gc,ref      ] GC(178) Enqueued    references: Soft: 0, Weak: 2, Final: 0, Phantom: 0
[1738.731s][info][gc          ] GC(178) Concurrent weak references 0.221ms
[1738.731s][info][gc,start    ] GC(178) Concurrent weak roots
[1738.731s][info][gc,task     ] GC(178) Using 2 of 4 workers for concurrent weak root
[1738.732s][info][gc          ] GC(178) Concurrent weak roots 0.912ms
[1738.732s][info][gc,start    ] GC(178) Concurrent cleanup
[1738.732s][info][gc          ] GC(178) Concurrent cleanup 7105M->5813M(8192M) 0.040ms
[1738.732s][info][gc,ergo     ] GC(178) Free: 1967M, Max: 4096K regular, 392M humongous, Frag: 80% external, 0% internal; Reserve: 411M, Max: 4096K
[1738.732s][info][gc,start    ] GC(178) Concurrent strong roots
[1738.732s][info][gc,task     ] GC(178) Using 2 of 4 workers for concurrent strong root
[1738.742s][info][gc          ] GC(178) Concurrent strong roots 9.287ms
[1738.742s][info][gc,start    ] GC(178) Concurrent evacuation
[1738.742s][info][gc,task     ] GC(178) Using 2 of 4 workers for concurrent evacuation
[1738.810s][info][gc          ] GC(178) Concurrent evacuation 68.527ms
[1738.810s][info][gc,start    ] GC(178) Pause Init Update Refs
[1738.810s][info][gc,ergo     ] GC(178) Pacer for Update Refs. Used: 5976M, Free: 1923M, Non-Taxable: 192M, Alloc Tax Rate: 3.8x
[1738.810s][info][gc          ] GC(178) Pause Init Update Refs 0.075ms
[1738.811s][info][gc,start    ] GC(178) Concurrent update references
[1738.811s][info][gc,task     ] GC(178) Using 2 of 4 workers for concurrent reference update
[1738.985s][info][gc          ] GC(178) Concurrent update references 174.670ms
[1738.985s][info][gc,start    ] GC(178) Concurrent update thread roots
[1738.986s][info][gc          ] GC(178) Concurrent update thread roots 1.269ms
[1738.987s][info][gc,start    ] GC(178) Pause Final Update Refs
[1738.987s][info][gc,task     ] GC(178) Using 4 of 4 workers for final reference update
[1738.987s][info][gc          ] GC(178) Pause Final Update Refs 0.107ms
[1738.987s][info][gc,start    ] GC(178) Concurrent cleanup
[1738.987s][info][gc          ] GC(178) Concurrent cleanup 6099M->927M(8192M) 0.062ms
[1738.987s][info][gc,ergo     ] Free: 6852M, Max: 4096K regular, 5088M humongous, Frag: 26% external, 0% internal; Reserve: 412M, Max: 4096K
[1738.987s][info][gc,stats    ] 
[1738.987s][info][gc,stats    ] All times are wall-clock times, except per-root-class counters, that are sum over
[1738.987s][info][gc,stats    ] all workers. Dividing the <total> over the root stage time estimates parallelism.
[1738.987s][info][gc,stats    ] 
[1738.987s][info][gc,stats    ] Concurrent Reset                  17854 us
[1738.987s][info][gc,stats    ] Pause Init Mark (G)                 224 us
[1738.987s][info][gc,stats    ] Pause Init Mark (N)                 125 us
[1738.987s][info][gc,stats    ]   Update Region States               42 us
[1738.987s][info][gc,stats    ] Concurrent Mark Roots              9474 us, parallelism: 1.95x
[1738.987s][info][gc,stats    ]   CMR: <total>                    18478 us
[1738.987s][info][gc,stats    ]   CMR: Thread Roots                1325 us, workers (us): 659, 666, ---, ---, 
[1738.987s][info][gc,stats    ]   CMR: Code Cache Roots           16304 us, workers (us): 7740, 8564, ---, ---, 
[1738.987s][info][gc,stats    ]   CMR: VM Strong Roots               18 us, workers (us):  18,   0, ---, ---, 
[1738.987s][info][gc,stats    ]   CMR: CLDG Roots                   832 us, workers (us): 832, ---, ---, ---, 
[1738.987s][info][gc,stats    ] Concurrent Marking               228445 us
[1738.987s][info][gc,stats    ] Pause Final Mark (G)                336 us
[1738.987s][info][gc,stats    ] Pause Final Mark (N)                307 us
[1738.987s][info][gc,stats    ]   Finish Mark                        63 us
[1738.987s][info][gc,stats    ]   Update Region States               16 us
[1738.987s][info][gc,stats    ]   Choose Collection Set             152 us
[1738.987s][info][gc,stats    ]   Rebuild Free Set                   10 us
[1738.987s][info][gc,stats    ] Concurrent Thread Roots             771 us, parallelism: 1.84x
[1738.987s][info][gc,stats    ]   CTR: <total>                     1421 us
[1738.987s][info][gc,stats    ]   CTR: Thread Roots                1421 us, workers (us): 708, 713, ---, ---, 
[1738.987s][info][gc,stats    ] Concurrent Weak References          232 us, parallelism: 0.97x
[1738.987s][info][gc,stats    ]   CWRF: <total>                     225 us
[1738.987s][info][gc,stats    ]   CWRF: Weak References             225 us, workers (us): 107, 118, ---, ---, 
[1738.987s][info][gc,stats    ] Concurrent Weak Roots               936 us
[1738.987s][info][gc,stats    ]   Roots                             866 us, parallelism: 1.76x
[1738.987s][info][gc,stats    ]     CWR: <total>                   1524 us
[1738.987s][info][gc,stats    ]     CWR: VM Weak Roots             1524 us, workers (us): 762, 762, ---, ---, 
[1738.987s][info][gc,stats    ]   Rendezvous                         25 us
[1738.987s][info][gc,stats    ] Concurrent Cleanup                   56 us
[1738.987s][info][gc,stats    ] Concurrent Strong Roots            9327 us, parallelism: 1.97x
[1738.987s][info][gc,stats    ]   CSR: <total>                    18333 us
[1738.987s][info][gc,stats    ]   CSR: Code Cache Roots           18041 us, workers (us): 9175, 8866, ---, ---, 
[1738.987s][info][gc,stats    ]   CSR: VM Strong Roots                9 us, workers (us):   4,   4, ---, ---, 
[1738.987s][info][gc,stats    ]   CSR: CLDG Roots                   283 us, workers (us): ---, 283, ---, ---, 
[1738.987s][info][gc,stats    ] Concurrent Evacuation             68606 us
[1738.987s][info][gc,stats    ] Pause Init Update Refs (G)          154 us
[1738.987s][info][gc,stats    ] Pause Init Update Refs (N)           91 us
[1738.987s][info][gc,stats    ]   Manage GCLABs                      13 us
[1738.987s][info][gc,stats    ] Concurrent Update Refs           174704 us
[1738.987s][info][gc,stats    ] Concurrent Update Thread Roots     1295 us
[1738.987s][info][gc,stats    ] Pause Final Update Refs (G)         163 us
[1738.987s][info][gc,stats    ] Pause Final Update Refs (N)         132 us
[1738.987s][info][gc,stats    ]   Update Region States               42 us
[1738.987s][info][gc,stats    ]   Trash Collection Set               15 us
[1738.987s][info][gc,stats    ]   Rebuild Free Set                   11 us
[1738.987s][info][gc,stats    ] Concurrent Cleanup                   74 us
[1738.987s][info][gc,stats    ] 
[1738.987s][info][gc,stats    ] Allocation pacing accrued:
[1738.987s][info][gc,stats    ]       0 of  8350 ms (  0.0%): <total>
[1738.987s][info][gc,stats    ]       0 of  8350 ms (  0.0%): <average total>
[1738.987s][info][gc,stats    ] 
[1738.987s][info][gc,metaspace] Metaspace: 136381K(137856K)->136381K(137856K) NonClass: 115308K(116160K)->115308K(116160K) Class: 21072K(21696K)->21072K(21696K)
[1738.987s][info][gc,ergo     ] Pacer for Idle. Initial: 163M, Alloc Tax Rate: 1.0x
[1749.483s][info][gc          ] Trigger: Free (819M) is below minimum threshold (819M)
[1749.483s][info][gc,ergo     ] Free: 819M, Max: 4096K regular, 392M humongous, Frag: 52% external, 0% internal; Reserve: 412M, Max: 4096K
[1749.483s][info][gc,start    ] GC(179) Concurrent reset
[1749.483s][info][gc,task     ] GC(179) Using 2 of 4 workers for concurrent reset
[1749.483s][info][gc,ergo     ] GC(179) Pacer for Reset. Non-Taxable: 8192M
[1749.509s][info][gc          ] GC(179) Concurrent reset 25.876ms
[1749.509s][info][gc,start    ] GC(179) Pause Init Mark
[1749.509s][info][gc,task     ] GC(179) Using 4 of 4 workers for init marking
[1749.509s][info][gc,ergo     ] GC(179) Pacer for Mark. Expected Live: 458M, Free: 795M, Non-Taxable: 81410K, Alloc Tax Rate: 0.7x
[1749.509s][info][gc          ] GC(179) Pause Init Mark 0.140ms
[1749.509s][info][gc,start    ] GC(179) Concurrent marking roots
[1749.509s][info][gc,task     ] GC(179) Using 2 of 4 workers for concurrent marking roots
[1749.519s][info][gc          ] GC(179) Concurrent marking roots 10.098ms
[1749.519s][info][gc,start    ] GC(179) Concurrent marking
[1749.519s][info][gc,task     ] GC(179) Using 2 of 4 workers for concurrent marking
[1749.761s][info][gc          ] GC(179) Concurrent marking 241.249ms
[1749.761s][info][gc,start    ] GC(179) Pause Final Mark
[1749.761s][info][gc,task     ] GC(179) Using 4 of 4 workers for final marking
[1749.761s][info][gc,ergo     ] GC(179) Adaptive CSet Selection. Target Free: 1160M, Actual Free: 2332M, Max CSet: 341M, Min Garbage: 0B
[1749.761s][info][gc,ergo     ] GC(179) Collectable Garbage: 6468M (99%), Immediate: 1292M (19%), CSet: 5176M (79%)
[1749.761s][info][gc,ergo     ] GC(179) Pacer for Evacuation. Used CSet: 5284M, Free: 1931M, Non-Taxable: 193M, Alloc Tax Rate: 6.7x
[1749.761s][info][gc          ] GC(179) Pause Final Mark 0.356ms
[1749.761s][info][gc,start    ] GC(179) Concurrent thread roots
[1749.761s][info][gc,task     ] GC(179) Using 2 of 4 workers for Concurrent thread roots
[1749.762s][info][gc          ] GC(179) Concurrent thread roots 0.839ms
[1749.762s][info][gc,start    ] GC(179) Concurrent weak references
[1749.762s][info][gc,task     ] GC(179) Using 2 of 4 workers for concurrent weak references
[1749.763s][info][gc,ref      ] GC(179) Encountered references: Soft: 6557, Weak: 23680, Final: 34, Phantom: 1288
[1749.763s][info][gc,ref      ] GC(179) Discovered  references: Soft: 0, Weak: 11945, Final: 0, Phantom: 1221
[1749.763s][info][gc,ref      ] GC(179) Enqueued    references: Soft: 0, Weak: 4, Final: 0, Phantom: 0
[1749.763s][info][gc          ] GC(179) Concurrent weak references 0.655ms
[1749.763s][info][gc,start    ] GC(179) Concurrent weak roots
[1749.763s][info][gc,task     ] GC(179) Using 2 of 4 workers for concurrent weak root
[1749.764s][info][gc          ] GC(179) Concurrent weak roots 0.954ms
[1749.764s][info][gc,start    ] GC(179) Concurrent cleanup
[1749.764s][info][gc          ] GC(179) Concurrent cleanup 7148M->5856M(8192M) 0.038ms
[1749.764s][info][gc,ergo     ] GC(179) Free: 1923M, Max: 4096K regular, 384M humongous, Frag: 80% external, 0% internal; Reserve: 411M, Max: 4096K
[1749.764s][info][gc,start    ] GC(179) Concurrent strong roots
[1749.764s][info][gc,task     ] GC(179) Using 2 of 4 workers for concurrent strong root
[1749.772s][info][gc          ] GC(179) Concurrent strong roots 8.415ms
[1749.772s][info][gc,start    ] GC(179) Concurrent evacuation
[1749.772s][info][gc,task     ] GC(179) Using 2 of 4 workers for concurrent evacuation
[1749.833s][info][gc          ] GC(179) Concurrent evacuation 60.419ms
[1749.833s][info][gc,start    ] GC(179) Pause Init Update Refs
[1749.833s][info][gc,ergo     ] GC(179) Pacer for Update Refs. Used: 5992M, Free: 1899M, Non-Taxable: 189M, Alloc Tax Rate: 3.9x
[1749.833s][info][gc          ] GC(179) Pause Init Update Refs 0.052ms
[1749.833s][info][gc,start    ] GC(179) Concurrent update references
[1749.833s][info][gc,task     ] GC(179) Using 2 of 4 workers for concurrent reference update
[1749.990s][info][gc          ] GC(179) Concurrent update references 157.496ms
[1749.990s][info][gc,start    ] GC(179) Concurrent update thread roots
[1749.992s][info][gc          ] GC(179) Concurrent update thread roots 1.403ms
[1749.992s][info][gc,start    ] GC(179) Pause Final Update Refs
[1749.992s][info][gc,task     ] GC(179) Using 4 of 4 workers for final reference update
[1749.992s][info][gc          ] GC(179) Pause Final Update Refs 0.105ms
[1749.992s][info][gc,start    ] GC(179) Concurrent cleanup
[1749.992s][info][gc          ] GC(179) Concurrent cleanup 6068M->784M(8192M) 0.065ms
[1749.992s][info][gc,ergo     ] Free: 6995M, Max: 4096K regular, 5212M humongous, Frag: 26% external, 0% internal; Reserve: 412M, Max: 4096K
[1749.992s][info][gc,stats    ] 
[1749.992s][info][gc,stats    ] All times are wall-clock times, except per-root-class counters, that are sum over
[1749.992s][info][gc,stats    ] all workers. Dividing the <total> over the root stage time estimates parallelism.
[1749.992s][info][gc,stats    ] 
[1749.992s][info][gc,stats    ] Concurrent Reset                  25967 us
[1749.992s][info][gc,stats    ] Pause Init Mark (G)                 245 us
[1749.992s][info][gc,stats    ] Pause Init Mark (N)                 151 us
[1749.992s][info][gc,stats    ]   Update Region States               56 us
[1749.992s][info][gc,stats    ] Concurrent Mark Roots             10137 us, parallelism: 1.90x
[1749.992s][info][gc,stats    ]   CMR: <total>                    19277 us
[1749.992s][info][gc,stats    ]   CMR: Thread Roots                1452 us, workers (us): 733, 718, ---, ---, 
[1749.992s][info][gc,stats    ]   CMR: Code Cache Roots           16290 us, workers (us): 8887, 7403, ---, ---, 
[1749.992s][info][gc,stats    ]   CMR: VM Strong Roots               30 us, workers (us):  16,  14, ---, ---, 
[1749.992s][info][gc,stats    ]   CMR: CLDG Roots                  1505 us, workers (us): ---, 1505, ---, ---, 
[1749.992s][info][gc,stats    ] Concurrent Marking               241304 us
[1749.992s][info][gc,stats    ] Pause Final Mark (G)                424 us
[1749.992s][info][gc,stats    ] Pause Final Mark (N)                367 us
[1749.992s][info][gc,stats    ]   Finish Mark                        88 us
[1749.992s][info][gc,stats    ]   Update Region States               42 us
[1749.992s][info][gc,stats    ]   Choose Collection Set             156 us
[1749.992s][info][gc,stats    ]   Rebuild Free Set                    9 us
[1749.992s][info][gc,stats    ] Concurrent Thread Roots             858 us, parallelism: 1.82x
[1749.992s][info][gc,stats    ]   CTR: <total>                     1565 us
[1749.992s][info][gc,stats    ]   CTR: Thread Roots                1565 us, workers (us): 779, 787, ---, ---, 
[1749.992s][info][gc,stats    ] Concurrent Weak References          666 us, parallelism: 1.01x
[1749.992s][info][gc,stats    ]   CWRF: <total>                     669 us
[1749.992s][info][gc,stats    ]   CWRF: Weak References             669 us, workers (us): 576,  93, ---, ---, 
[1749.992s][info][gc,stats    ] Concurrent Weak Roots               975 us
[1749.992s][info][gc,stats    ]   Roots                             874 us, parallelism: 1.73x
[1749.992s][info][gc,stats    ]     CWR: <total>                   1508 us
[1749.992s][info][gc,stats    ]     CWR: VM Weak Roots             1508 us, workers (us): 755, 754, ---, ---, 
[1749.992s][info][gc,stats    ]   Rendezvous                         58 us
[1749.992s][info][gc,stats    ] Concurrent Cleanup                   51 us
[1749.992s][info][gc,stats    ] Concurrent Strong Roots            8470 us, parallelism: 1.95x
[1749.992s][info][gc,stats    ]   CSR: <total>                    16536 us
[1749.992s][info][gc,stats    ]   CSR: Code Cache Roots           16293 us, workers (us): 8062, 8231, ---, ---, 
[1749.992s][info][gc,stats    ]   CSR: VM Strong Roots                8 us, workers (us):   4,   4, ---, ---, 
[1749.992s][info][gc,stats    ]   CSR: CLDG Roots                   235 us, workers (us): 235, ---, ---, ---, 
[1749.992s][info][gc,stats    ] Concurrent Evacuation             60458 us
[1749.992s][info][gc,stats    ] Pause Init Update Refs (G)          117 us
[1749.992s][info][gc,stats    ] Pause Init Update Refs (N)           63 us
[1749.992s][info][gc,stats    ]   Manage GCLABs                      10 us
[1749.992s][info][gc,stats    ] Concurrent Update Refs           157525 us
[1749.992s][info][gc,stats    ] Concurrent Update Thread Roots     1429 us
[1749.992s][info][gc,stats    ] Pause Final Update Refs (G)         138 us
[1749.992s][info][gc,stats    ] Pause Final Update Refs (N)         118 us
[1749.992s][info][gc,stats    ]   Update Region States               43 us
[1749.992s][info][gc,stats    ]   Trash Collection Set               14 us
[1749.992s][info][gc,stats    ]   Rebuild Free Set                    9 us
[1749.992s][info][gc,stats    ] Concurrent Cleanup                   79 us
[1749.992s][info][gc,stats    ] 
[1749.992s][info][gc,stats    ] Allocation pacing accrued:
[1749.992s][info][gc,stats    ]       0 of 11005 ms (  0.0%): <total>
[1749.993s][info][gc,stats    ]       0 of 11005 ms (  0.0%): <average total>
[1749.993s][info][gc,stats    ] 
[1749.993s][info][gc,metaspace] Metaspace: 136382K(137856K)->136382K(137856K) NonClass: 115310K(116160K)->115310K(116160K) Class: 21072K(21696K)->21072K(21696K)
[1749.993s][info][gc,ergo     ] Pacer for Idle. Initial: 163M, Alloc Tax Rate: 1.0x
[1759.934s][info][gc          ] Trigger: Free (815M) is below minimum threshold (819M)
[1759.935s][info][gc,ergo     ] Free: 815M, Max: 4096K regular, 384M humongous, Frag: 53% external, 0% internal; Reserve: 412M, Max: 4096K
[1759.935s][info][gc,start    ] GC(180) Concurrent reset
[1759.935s][info][gc,task     ] GC(180) Using 2 of 4 workers for concurrent reset
[1759.935s][info][gc,ergo     ] GC(180) Pacer for Reset. Non-Taxable: 8192M
[1759.950s][info][gc          ] GC(180) Concurrent reset 15.897ms
[1759.951s][info][gc,start    ] GC(180) Pause Init Mark
[1759.951s][info][gc,task     ] GC(180) Using 4 of 4 workers for init marking
[1759.951s][info][gc,ergo     ] GC(180) Pacer for Mark. Expected Live: 466M, Free: 811M, Non-Taxable: 83121K, Alloc Tax Rate: 0.7x
[1759.951s][info][gc          ] GC(180) Pause Init Mark 0.119ms
[1759.951s][info][gc,start    ] GC(180) Concurrent marking roots
[1759.951s][info][gc,task     ] GC(180) Using 2 of 4 workers for concurrent marking roots
[1759.959s][info][gc          ] GC(180) Concurrent marking roots 8.426ms
[1759.959s][info][gc,start    ] GC(180) Concurrent marking
[1759.959s][info][gc,task     ] GC(180) Using 2 of 4 workers for concurrent marking
[1760.208s][info][gc          ] GC(180) Concurrent marking 248.589ms
[1760.208s][info][gc,start    ] GC(180) Pause Final Mark
[1760.208s][info][gc,task     ] GC(180) Using 4 of 4 workers for final marking
[1760.208s][info][gc,ergo     ] GC(180) Adaptive CSet Selection. Target Free: 1160M, Actual Free: 1716M, Max CSet: 341M, Min Garbage: 0B
[1760.208s][info][gc,ergo     ] GC(180) Collectable Garbage: 6445M (99%), Immediate: 660M (10%), CSet: 5785M (89%)
[1760.208s][info][gc,ergo     ] GC(180) Pacer for Evacuation. Used CSet: 5896M, Free: 1315M, Non-Taxable: 131M, Alloc Tax Rate: 11.0x
[1760.208s][info][gc          ] GC(180) Pause Final Mark 0.315ms
[1760.208s][info][gc,start    ] GC(180) Concurrent thread roots
[1760.208s][info][gc,task     ] GC(180) Using 2 of 4 workers for Concurrent thread roots
[1760.209s][info][gc          ] GC(180) Concurrent thread roots 0.794ms
[1760.209s][info][gc,start    ] GC(180) Concurrent weak references
[1760.209s][info][gc,task     ] GC(180) Using 2 of 4 workers for concurrent weak references
[1760.209s][info][gc,ref      ] GC(180) Encountered references: Soft: 6557, Weak: 23681, Final: 34, Phantom: 1294
[1760.209s][info][gc,ref      ] GC(180) Discovered  references: Soft: 0, Weak: 2629, Final: 0, Phantom: 954
[1760.209s][info][gc,ref      ] GC(180) Enqueued    references: Soft: 0, Weak: 3, Final: 0, Phantom: 0
[1760.209s][info][gc          ] GC(180) Concurrent weak references 0.350ms
[1760.209s][info][gc,start    ] GC(180) Concurrent weak roots
[1760.209s][info][gc,task     ] GC(180) Using 2 of 4 workers for concurrent weak root
[1760.210s][info][gc          ] GC(180) Concurrent weak roots 0.951ms
[1760.210s][info][gc,start    ] GC(180) Concurrent cleanup
[1760.210s][info][gc          ] GC(180) Concurrent cleanup 7132M->6472M(8192M) 0.026ms
[1760.210s][info][gc,ergo     ] GC(180) Free: 1307M, Max: 4096K regular, 384M humongous, Frag: 71% external, 0% internal; Reserve: 411M, Max: 4096K
[1760.210s][info][gc,start    ] GC(180) Concurrent strong roots
[1760.210s][info][gc,task     ] GC(180) Using 2 of 4 workers for concurrent strong root
[1760.217s][info][gc          ] GC(180) Concurrent strong roots 6.353ms
[1760.217s][info][gc,start    ] GC(180) Concurrent evacuation
[1760.217s][info][gc,task     ] GC(180) Using 2 of 4 workers for concurrent evacuation
[1760.272s][info][gc          ] GC(180) Concurrent evacuation 55.596ms
[1760.272s][info][gc,start    ] GC(180) Pause Init Update Refs
[1760.272s][info][gc,ergo     ] GC(180) Pacer for Update Refs. Used: 6608M, Free: 1287M, Non-Taxable: 128M, Alloc Tax Rate: 6.3x
[1760.272s][info][gc          ] GC(180) Pause Init Update Refs 0.046ms
[1760.272s][info][gc,start    ] GC(180) Concurrent update references
[1760.273s][info][gc,task     ] GC(180) Using 2 of 4 workers for concurrent reference update
[1760.424s][info][gc          ] GC(180) Concurrent update references 151.215ms
[1760.424s][info][gc,start    ] GC(180) Concurrent update thread roots
[1760.425s][info][gc          ] GC(180) Concurrent update thread roots 1.417ms
[1760.425s][info][gc,start    ] GC(180) Pause Final Update Refs
[1760.425s][info][gc,task     ] GC(180) Using 4 of 4 workers for final reference update
[1760.425s][info][gc          ] GC(180) Pause Final Update Refs 0.107ms
[1760.425s][info][gc,start    ] GC(180) Concurrent cleanup
[1760.426s][info][gc          ] GC(180) Concurrent cleanup 6676M->780M(8192M) 0.076ms
[1760.426s][info][gc,ergo     ] Free: 6999M, Max: 4096K regular, 4740M humongous, Frag: 33% external, 0% internal; Reserve: 412M, Max: 4096K
[1760.426s][info][gc,stats    ] 
[1760.426s][info][gc,stats    ] All times are wall-clock times, except per-root-class counters, that are sum over
[1760.426s][info][gc,stats    ] all workers. Dividing the <total> over the root stage time estimates parallelism.
[1760.426s][info][gc,stats    ] 
[1760.426s][info][gc,stats    ] Concurrent Reset                  15963 us
[1760.426s][info][gc,stats    ] Pause Init Mark (G)                 191 us
[1760.426s][info][gc,stats    ] Pause Init Mark (N)                 132 us
[1760.426s][info][gc,stats    ]   Update Region States               40 us
[1760.426s][info][gc,stats    ] Concurrent Mark Roots              8452 us, parallelism: 1.95x
[1760.426s][info][gc,stats    ]   CMR: <total>                    16446 us
[1760.426s][info][gc,stats    ]   CMR: Thread Roots                1448 us, workers (us): 738, 710, ---, ---, 
[1760.426s][info][gc,stats    ]   CMR: Code Cache Roots           14194 us, workers (us): 6688, 7507, ---, ---, 
[1760.426s][info][gc,stats    ]   CMR: VM Strong Roots               15 us, workers (us):   7,   8, ---, ---, 
[1760.426s][info][gc,stats    ]   CMR: CLDG Roots                   789 us, workers (us): 789, ---, ---, ---, 
[1760.426s][info][gc,stats    ] Concurrent Marking               248636 us
[1760.426s][info][gc,stats    ] Pause Final Mark (G)                347 us
[1760.426s][info][gc,stats    ] Pause Final Mark (N)                326 us
[1760.426s][info][gc,stats    ]   Finish Mark                        67 us
[1760.426s][info][gc,stats    ]   Update Region States               15 us
[1760.426s][info][gc,stats    ]   Choose Collection Set             168 us
[1760.426s][info][gc,stats    ]   Rebuild Free Set                    8 us
[1760.426s][info][gc,stats    ] Concurrent Thread Roots             817 us, parallelism: 1.83x
[1760.426s][info][gc,stats    ]   CTR: <total>                     1500 us
[1760.426s][info][gc,stats    ]   CTR: Thread Roots                1500 us, workers (us): 758, 742, ---, ---, 
[1760.426s][info][gc,stats    ] Concurrent Weak References          361 us, parallelism: 0.97x
[1760.426s][info][gc,stats    ]   CWRF: <total>                     349 us
[1760.426s][info][gc,stats    ]   CWRF: Weak References             349 us, workers (us):  78, 271, ---, ---, 
[1760.426s][info][gc,stats    ] Concurrent Weak Roots               971 us
[1760.426s][info][gc,stats    ]   Roots                             907 us, parallelism: 1.72x
[1760.426s][info][gc,stats    ]     CWR: <total>                   1563 us
[1760.426s][info][gc,stats    ]     CWR: VM Weak Roots             1563 us, workers (us): 795, 768, ---, ---, 
[1760.426s][info][gc,stats    ]   Rendezvous                         24 us
[1760.426s][info][gc,stats    ] Concurrent Cleanup                   39 us
[1760.426s][info][gc,stats    ] Concurrent Strong Roots            6411 us, parallelism: 1.94x
[1760.426s][info][gc,stats    ]   CSR: <total>                    12455 us
[1760.426s][info][gc,stats    ]   CSR: Code Cache Roots           12219 us, workers (us): 6036, 6183, ---, ---, 
[1760.426s][info][gc,stats    ]   CSR: VM Strong Roots                8 us, workers (us):   4,   4, ---, ---, 
[1760.426s][info][gc,stats    ]   CSR: CLDG Roots                   228 us, workers (us): 228, ---, ---, ---, 
[1760.426s][info][gc,stats    ] Concurrent Evacuation             55650 us
[1760.426s][info][gc,stats    ] Pause Init Update Refs (G)           76 us
[1760.426s][info][gc,stats    ] Pause Init Update Refs (N)           58 us
[1760.426s][info][gc,stats    ]   Manage GCLABs                       6 us
[1760.426s][info][gc,stats    ] Concurrent Update Refs           151261 us
[1760.426s][info][gc,stats    ] Concurrent Update Thread Roots     1441 us
[1760.426s][info][gc,stats    ] Pause Final Update Refs (G)         291 us
[1760.426s][info][gc,stats    ] Pause Final Update Refs (N)         129 us
[1760.426s][info][gc,stats    ]   Update Region States               50 us
[1760.426s][info][gc,stats    ]   Trash Collection Set               13 us
[1760.426s][info][gc,stats    ]   Rebuild Free Set                    9 us
[1760.426s][info][gc,stats    ] Concurrent Cleanup                   94 us
[1760.426s][info][gc,stats    ] 
[1760.426s][info][gc,stats    ] Allocation pacing accrued:
[1760.426s][info][gc,stats    ]       0 of 10434 ms (  0.0%): <total>
[1760.426s][info][gc,stats    ]       0 of 10434 ms (  0.0%): <average total>
[1760.426s][info][gc,stats    ] 
[1760.426s][info][gc,metaspace] Metaspace: 136385K(137856K)->136385K(137856K) NonClass: 115313K(116160K)->115313K(116160K) Class: 21072K(21696K)->21072K(21696K)
[1760.426s][info][gc,ergo     ] Pacer for Idle. Initial: 163M, Alloc Tax Rate: 1.0x
[1772.264s][info][gc          ] Trigger: Free (815M) is below minimum threshold (819M)
[1772.264s][info][gc,ergo     ] Free: 815M, Max: 4096K regular, 384M humongous, Frag: 52% external, 0% internal; Reserve: 412M, Max: 4096K
[1772.264s][info][gc,start    ] GC(181) Concurrent reset
[1772.264s][info][gc,task     ] GC(181) Using 2 of 4 workers for concurrent reset
[1772.264s][info][gc,ergo     ] GC(181) Pacer for Reset. Non-Taxable: 8192M
[1772.284s][info][gc          ] GC(181) Concurrent reset 19.993ms
[1772.284s][info][gc,start    ] GC(181) Pause Init Mark
[1772.284s][info][gc,task     ] GC(181) Using 4 of 4 workers for init marking
[1772.285s][info][gc,ergo     ] GC(181) Pacer for Mark. Expected Live: 471M, Free: 811M, Non-Taxable: 83061K, Alloc Tax Rate: 0.7x
[1772.285s][info][gc          ] GC(181) Pause Init Mark 0.111ms
[1772.285s][info][gc,start    ] GC(181) Concurrent marking roots
[1772.285s][info][gc,task     ] GC(181) Using 2 of 4 workers for concurrent marking roots
[1772.293s][info][gc          ] GC(181) Concurrent marking roots 8.357ms
[1772.293s][info][gc,start    ] GC(181) Concurrent marking
[1772.293s][info][gc,task     ] GC(181) Using 2 of 4 workers for concurrent marking
[1772.537s][info][gc          ] GC(181) Concurrent marking 244.392ms
[1772.537s][info][gc,start    ] GC(181) Pause Final Mark
[1772.537s][info][gc,task     ] GC(181) Using 4 of 4 workers for final marking
[1772.538s][info][gc,ergo     ] GC(181) Adaptive CSet Selection. Target Free: 1160M, Actual Free: 1780M, Max CSet: 341M, Min Garbage: 0B
[1772.538s][info][gc,ergo     ] GC(181) Collectable Garbage: 6453M (99%), Immediate: 720M (11%), CSet: 5733M (88%)
[1772.538s][info][gc,ergo     ] GC(181) Pacer for Evacuation. Used CSet: 5840M, Free: 1383M, Non-Taxable: 138M, Alloc Tax Rate: 10.3x
[1772.538s][info][gc          ] GC(181) Pause Final Mark 0.350ms
[1772.538s][info][gc,start    ] GC(181) Concurrent thread roots
[1772.538s][info][gc,task     ] GC(181) Using 2 of 4 workers for Concurrent thread roots
[1772.539s][info][gc          ] GC(181) Concurrent thread roots 0.837ms
[1772.539s][info][gc,start    ] GC(181) Concurrent weak references
[1772.539s][info][gc,task     ] GC(181) Using 2 of 4 workers for concurrent weak references
[1772.539s][info][gc,ref      ] GC(181) Encountered references: Soft: 6557, Weak: 23681, Final: 34, Phantom: 1294
[1772.539s][info][gc,ref      ] GC(181) Discovered  references: Soft: 0, Weak: 7587, Final: 0, Phantom: 957
[1772.539s][info][gc,ref      ] GC(181) Enqueued    references: Soft: 0, Weak: 3, Final: 0, Phantom: 0
[1772.539s][info][gc          ] GC(181) Concurrent weak references 0.398ms
[1772.539s][info][gc,start    ] GC(181) Concurrent weak roots
[1772.539s][info][gc,task     ] GC(181) Using 2 of 4 workers for concurrent weak root
[1772.540s][info][gc          ] GC(181) Concurrent weak roots 0.963ms
[1772.540s][info][gc,start    ] GC(181) Concurrent cleanup
[1772.540s][info][gc          ] GC(181) Concurrent cleanup 7125M->6405M(8192M) 0.026ms
[1772.540s][info][gc,ergo     ] GC(181) Free: 1374M, Max: 4096K regular, 384M humongous, Frag: 72% external, 0% internal; Reserve: 411M, Max: 4096K
[1772.540s][info][gc,start    ] GC(181) Concurrent strong roots
[1772.540s][info][gc,task     ] GC(181) Using 2 of 4 workers for concurrent strong root
[1772.548s][info][gc          ] GC(181) Concurrent strong roots 7.482ms
[1772.548s][info][gc,start    ] GC(181) Concurrent evacuation
[1772.548s][info][gc,task     ] GC(181) Using 2 of 4 workers for concurrent evacuation
[1772.600s][info][gc          ] GC(181) Concurrent evacuation 52.324ms
[1772.600s][info][gc,start    ] GC(181) Pause Init Update Refs
[1772.600s][info][gc,ergo     ] GC(181) Pacer for Update Refs. Used: 6537M, Free: 1354M, Non-Taxable: 135M, Alloc Tax Rate: 5.9x
[1772.600s][info][gc          ] GC(181) Pause Init Update Refs 0.045ms
[1772.600s][info][gc,start    ] GC(181) Concurrent update references
[1772.600s][info][gc,task     ] GC(181) Using 2 of 4 workers for concurrent reference update
[1772.743s][info][gc          ] GC(181) Concurrent update references 142.433ms
[1772.743s][info][gc,start    ] GC(181) Concurrent update thread roots
[1772.744s][info][gc          ] GC(181) Concurrent update thread roots 1.494ms
[1772.744s][info][gc,start    ] GC(181) Pause Final Update Refs
[1772.744s][info][gc,task     ] GC(181) Using 4 of 4 workers for final reference update
[1772.744s][info][gc          ] GC(181) Pause Final Update Refs 0.098ms
[1772.744s][info][gc,start    ] GC(181) Concurrent cleanup
[1772.744s][info][gc          ] GC(181) Concurrent cleanup 6593M->753M(8192M) 0.068ms
[1772.744s][info][gc,ergo     ] Free: 7026M, Max: 4096K regular, 5184M humongous, Frag: 26% external, 0% internal; Reserve: 412M, Max: 4096K
[1772.744s][info][gc,stats    ] 
[1772.744s][info][gc,stats    ] All times are wall-clock times, except per-root-class counters, that are sum over
[1772.744s][info][gc,stats    ] all workers. Dividing the <total> over the root stage time estimates parallelism.
[1772.744s][info][gc,stats    ] 
[1772.744s][info][gc,stats    ] Concurrent Reset                  20062 us
[1772.744s][info][gc,stats    ] Pause Init Mark (G)                 180 us
[1772.744s][info][gc,stats    ] Pause Init Mark (N)                 123 us
[1772.744s][info][gc,stats    ]   Update Region States               37 us
[1772.744s][info][gc,stats    ] Concurrent Mark Roots              8385 us, parallelism: 1.95x
[1772.744s][info][gc,stats    ]   CMR: <total>                    16376 us
[1772.744s][info][gc,stats    ]   CMR: Thread Roots                1460 us, workers (us): 708, 752, ---, ---, 
[1772.745s][info][gc,stats    ]   CMR: Code Cache Roots           14181 us, workers (us): 6756, 7426, ---, ---, 
[1772.745s][info][gc,stats    ]   CMR: VM Strong Roots               13 us, workers (us):  13,   0, ---, ---, 
[1772.745s][info][gc,stats    ]   CMR: CLDG Roots                   722 us, workers (us): 722, ---, ---, ---, 
[1772.745s][info][gc,stats    ] Concurrent Marking               244428 us
[1772.745s][info][gc,stats    ] Pause Final Mark (G)                379 us
[1772.745s][info][gc,stats    ] Pause Final Mark (N)                361 us
[1772.745s][info][gc,stats    ]   Finish Mark                        68 us
[1772.745s][info][gc,stats    ]   Update Region States               51 us
[1772.745s][info][gc,stats    ]   Choose Collection Set             166 us
[1772.745s][info][gc,stats    ]   Rebuild Free Set                    9 us
[1772.745s][info][gc,stats    ] Concurrent Thread Roots             852 us, parallelism: 1.83x
[1772.745s][info][gc,stats    ]   CTR: <total>                     1558 us
[1772.745s][info][gc,stats    ]   CTR: Thread Roots                1558 us, workers (us): 785, 772, ---, ---, 
[1772.745s][info][gc,stats    ] Concurrent Weak References          409 us, parallelism: 1.10x
[1772.745s][info][gc,stats    ]   CWRF: <total>                     450 us
[1772.745s][info][gc,stats    ]   CWRF: Weak References             450 us, workers (us): 325, 125, ---, ---, 
[1772.745s][info][gc,stats    ] Concurrent Weak Roots               981 us
[1772.745s][info][gc,stats    ]   Roots                             901 us, parallelism: 1.78x
[1772.745s][info][gc,stats    ]     CWR: <total>                   1601 us
[1772.745s][info][gc,stats    ]     CWR: VM Weak Roots             1601 us, workers (us): 815, 786, ---, ---, 
[1772.745s][info][gc,stats    ]   Rendezvous                         41 us
[1772.745s][info][gc,stats    ] Concurrent Cleanup                   39 us
[1772.745s][info][gc,stats    ] Concurrent Strong Roots            7549 us, parallelism: 1.93x
[1772.745s][info][gc,stats    ]   CSR: <total>                    14606 us
[1772.745s][info][gc,stats    ]   CSR: Code Cache Roots           14354 us, workers (us): 7114, 7240, ---, ---, 
[1772.745s][info][gc,stats    ]   CSR: VM Strong Roots                8 us, workers (us):   7,   0, ---, ---, 
[1772.745s][info][gc,stats    ]   CSR: CLDG Roots                   244 us, workers (us): 244, ---, ---, ---, 
[1772.745s][info][gc,stats    ] Concurrent Evacuation             52374 us
[1772.745s][info][gc,stats    ] Pause Init Update Refs (G)           78 us
[1772.745s][info][gc,stats    ] Pause Init Update Refs (N)           56 us
[1772.745s][info][gc,stats    ]   Manage GCLABs                       6 us
[1772.745s][info][gc,stats    ] Concurrent Update Refs           142468 us
[1772.745s][info][gc,stats    ] Concurrent Update Thread Roots     1516 us
[1772.745s][info][gc,stats    ] Pause Final Update Refs (G)         155 us
[1772.745s][info][gc,stats    ] Pause Final Update Refs (N)         124 us
[1772.745s][info][gc,stats    ]   Update Region States               37 us
[1772.745s][info][gc,stats    ]   Trash Collection Set               13 us
[1772.745s][info][gc,stats    ]   Rebuild Free Set                    9 us
[1772.745s][info][gc,stats    ] Concurrent Cleanup                   82 us
[1772.745s][info][gc,stats    ] 
[1772.745s][info][gc,stats    ] Allocation pacing accrued:
[1772.745s][info][gc,stats    ]       0 of 12319 ms (  0.0%): <total>
[1772.745s][info][gc,stats    ]       0 of 12319 ms (  0.0%): <average total>
[1772.745s][info][gc,stats    ] 
[1772.745s][info][gc,metaspace] Metaspace: 136389K(137856K)->136389K(137856K) NonClass: 115317K(116160K)->115317K(116160K) Class: 21072K(21696K)->21072K(21696K)
[1772.745s][info][gc,ergo     ] Pacer for Idle. Initial: 163M, Alloc Tax Rate: 1.0x
[1782.949s][info][gc          ] Trigger: Free (818M) is below minimum threshold (819M)
[1782.949s][info][gc,ergo     ] Free: 818M, Max: 4096K regular, 384M humongous, Frag: 52% external, 0% internal; Reserve: 412M, Max: 4096K
[1782.949s][info][gc,start    ] GC(182) Concurrent reset
[1782.949s][info][gc,task     ] GC(182) Using 2 of 4 workers for concurrent reset
[1782.949s][info][gc,ergo     ] GC(182) Pacer for Reset. Non-Taxable: 8192M
[1782.966s][info][gc          ] GC(182) Concurrent reset 17.311ms
[1782.966s][info][gc,start    ] GC(182) Pause Init Mark
[1782.966s][info][gc,task     ] GC(182) Using 4 of 4 workers for init marking
[1782.967s][info][gc,ergo     ] GC(182) Pacer for Mark. Expected Live: 480M, Free: 810M, Non-Taxable: 83000K, Alloc Tax Rate: 0.7x
[1782.967s][info][gc          ] GC(182) Pause Init Mark 0.125ms
[1782.967s][info][gc,start    ] GC(182) Concurrent marking roots
[1782.967s][info][gc,task     ] GC(182) Using 2 of 4 workers for concurrent marking roots
[1782.977s][info][gc          ] GC(182) Concurrent marking roots 10.582ms
[1782.977s][info][gc,start    ] GC(182) Concurrent marking
[1782.977s][info][gc,task     ] GC(182) Using 2 of 4 workers for concurrent marking
[1783.227s][info][gc          ] GC(182) Concurrent marking 249.405ms
[1783.227s][info][gc,start    ] GC(182) Pause Final Mark
[1783.227s][info][gc,task     ] GC(182) Using 4 of 4 workers for final marking
[1783.227s][info][gc,ergo     ] GC(182) Adaptive CSet Selection. Target Free: 1160M, Actual Free: 1836M, Max CSet: 341M, Min Garbage: 0B
[1783.227s][info][gc,ergo     ] GC(182) Collectable Garbage: 6461M (99%), Immediate: 776M (11%), CSet: 5685M (87%)
[1783.227s][info][gc,ergo     ] GC(182) Pacer for Evacuation. Used CSet: 5784M, Free: 1439M, Non-Taxable: 143M, Alloc Tax Rate: 9.8x
[1783.227s][info][gc          ] GC(182) Pause Final Mark 0.312ms
[1783.227s][info][gc,start    ] GC(182) Concurrent thread roots
[1783.227s][info][gc,task     ] GC(182) Using 2 of 4 workers for Concurrent thread roots
[1783.228s][info][gc          ] GC(182) Concurrent thread roots 0.815ms
[1783.228s][info][gc,start    ] GC(182) Concurrent weak references
[1783.228s][info][gc,task     ] GC(182) Using 2 of 4 workers for concurrent weak references
[1783.228s][info][gc,ref      ] GC(182) Encountered references: Soft: 6557, Weak: 23683, Final: 34, Phantom: 1300
[1783.228s][info][gc,ref      ] GC(182) Discovered  references: Soft: 0, Weak: 12616, Final: 0, Phantom: 964
[1783.228s][info][gc,ref      ] GC(182) Enqueued    references: Soft: 0, Weak: 3, Final: 0, Phantom: 0
[1783.228s][info][gc          ] GC(182) Concurrent weak references 0.537ms
[1783.228s][info][gc,start    ] GC(182) Concurrent weak roots
[1783.228s][info][gc,task     ] GC(182) Using 2 of 4 workers for concurrent weak root
[1783.229s][info][gc          ] GC(182) Concurrent weak roots 0.889ms
[1783.229s][info][gc,start    ] GC(182) Concurrent cleanup
[1783.229s][info][gc          ] GC(182) Concurrent cleanup 7124M->6348M(8192M) 0.026ms
[1783.229s][info][gc,ergo     ] GC(182) Free: 1431M, Max: 4096K regular, 384M humongous, Frag: 73% external, 0% internal; Reserve: 411M, Max: 4096K
[1783.229s][info][gc,start    ] GC(182) Concurrent strong roots
[1783.229s][info][gc,task     ] GC(182) Using 2 of 4 workers for concurrent strong root
[1783.235s][info][gc          ] GC(182) Concurrent strong roots 6.131ms
[1783.236s][info][gc,start    ] GC(182) Concurrent evacuation
[1783.236s][info][gc,task     ] GC(182) Using 2 of 4 workers for concurrent evacuation
[1783.284s][info][gc          ] GC(182) Concurrent evacuation 48.141ms
[1783.284s][info][gc,start    ] GC(182) Pause Init Update Refs
[1783.284s][info][gc,ergo     ] GC(182) Pacer for Update Refs. Used: 6469M, Free: 1414M, Non-Taxable: 141M, Alloc Tax Rate: 5.6x
[1783.284s][info][gc          ] GC(182) Pause Init Update Refs 0.047ms
[1783.284s][info][gc,start    ] GC(182) Concurrent update references
[1783.284s][info][gc,task     ] GC(182) Using 2 of 4 workers for concurrent reference update
[1783.423s][info][gc          ] GC(182) Concurrent update references 139.345ms
[1783.423s][info][gc,start    ] GC(182) Concurrent update thread roots
[1783.425s][info][gc          ] GC(182) Concurrent update thread roots 1.415ms
[1783.425s][info][gc,start    ] GC(182) Pause Final Update Refs
[1783.425s][info][gc,task     ] GC(182) Using 4 of 4 workers for final reference update
[1783.425s][info][gc          ] GC(182) Pause Final Update Refs 0.095ms
[1783.425s][info][gc,start    ] GC(182) Concurrent cleanup
[1783.425s][info][gc          ] GC(182) Concurrent cleanup 6520M->740M(8192M) 0.070ms
[1783.425s][info][gc,ergo     ] Free: 7039M, Max: 4096K regular, 5208M humongous, Frag: 26% external, 0% internal; Reserve: 412M, Max: 4096K
[1783.425s][info][gc,stats    ] 
[1783.425s][info][gc,stats    ] All times are wall-clock times, except per-root-class counters, that are sum over
[1783.425s][info][gc,stats    ] all workers. Dividing the <total> over the root stage time estimates parallelism.
[1783.425s][info][gc,stats    ] 
[1783.425s][info][gc,stats    ] Concurrent Reset                  17390 us
[1783.425s][info][gc,stats    ] Pause Init Mark (G)                 182 us
[1783.425s][info][gc,stats    ] Pause Init Mark (N)                 135 us
[1783.425s][info][gc,stats    ]   Update Region States               43 us
[1783.425s][info][gc,stats    ] Concurrent Mark Roots             10637 us, parallelism: 1.95x
[1783.425s][info][gc,stats    ]   CMR: <total>                    20716 us
[1783.425s][info][gc,stats    ]   CMR: Thread Roots                1340 us, workers (us): 636, 705, ---, ---, 
[1783.425s][info][gc,stats    ]   CMR: Code Cache Roots           18580 us, workers (us): 8931, 9649, ---, ---, 
[1783.425s][info][gc,stats    ]   CMR: VM Strong Roots               13 us, workers (us):  13,   0, ---, ---, 
[1783.425s][info][gc,stats    ]   CMR: CLDG Roots                   782 us, workers (us): 782, ---, ---, ---, 
[1783.425s][info][gc,stats    ] Concurrent Marking               249451 us
[1783.425s][info][gc,stats    ] Pause Final Mark (G)                343 us
[1783.425s][info][gc,stats    ] Pause Final Mark (N)                325 us
[1783.425s][info][gc,stats    ]   Finish Mark                        62 us
[1783.425s][info][gc,stats    ]   Update Region States               16 us
[1783.425s][info][gc,stats    ]   Choose Collection Set             162 us
[1783.425s][info][gc,stats    ]   Rebuild Free Set                    9 us
[1783.425s][info][gc,stats    ] Concurrent Thread Roots             835 us, parallelism: 1.83x
[1783.425s][info][gc,stats    ]   CTR: <total>                     1527 us
[1783.425s][info][gc,stats    ]   CTR: Thread Roots                1527 us, workers (us): 756, 770, ---, ---, 
[1783.425s][info][gc,stats    ] Concurrent Weak References          548 us, parallelism: 1.17x
[1783.425s][info][gc,stats    ]   CWRF: <total>                     644 us
[1783.425s][info][gc,stats    ]   CWRF: Weak References             644 us, workers (us): 465, 179, ---, ---, 
[1783.425s][info][gc,stats    ] Concurrent Weak Roots               910 us
[1783.425s][info][gc,stats    ]   Roots                             842 us, parallelism: 1.78x
[1783.425s][info][gc,stats    ]     CWR: <total>                   1497 us
[1783.425s][info][gc,stats    ]     CWR: VM Weak Roots             1497 us, workers (us): 748, 749, ---, ---, 
[1783.425s][info][gc,stats    ]   Rendezvous                         24 us
[1783.425s][info][gc,stats    ] Concurrent Cleanup                   39 us
[1783.425s][info][gc,stats    ] Concurrent Strong Roots            6164 us, parallelism: 1.96x
[1783.425s][info][gc,stats    ]   CSR: <total>                    12070 us
[1783.425s][info][gc,stats    ]   CSR: Code Cache Roots           11834 us, workers (us): 6046, 5788, ---, ---, 
[1783.425s][info][gc,stats    ]   CSR: VM Strong Roots                7 us, workers (us):   4,   3, ---, ---, 
[1783.425s][info][gc,stats    ]   CSR: CLDG Roots                   228 us, workers (us): ---, 228, ---, ---, 
[1783.425s][info][gc,stats    ] Concurrent Evacuation             48193 us
[1783.425s][info][gc,stats    ] Pause Init Update Refs (G)           88 us
[1783.425s][info][gc,stats    ] Pause Init Update Refs (N)           59 us
[1783.425s][info][gc,stats    ]   Manage GCLABs                       5 us
[1783.425s][info][gc,stats    ] Concurrent Update Refs           139392 us
[1783.425s][info][gc,stats    ] Concurrent Update Thread Roots     1430 us
[1783.425s][info][gc,stats    ] Pause Final Update Refs (G)         169 us
[1783.425s][info][gc,stats    ] Pause Final Update Refs (N)         122 us
[1783.425s][info][gc,stats    ]   Update Region States               33 us
[1783.425s][info][gc,stats    ]   Trash Collection Set               11 us
[1783.425s][info][gc,stats    ]   Rebuild Free Set                   10 us
[1783.425s][info][gc,stats    ] Concurrent Cleanup                   82 us
[1783.425s][info][gc,stats    ] 
[1783.425s][info][gc,stats    ] Allocation pacing accrued:
[1783.425s][info][gc,stats    ]       0 of 10681 ms (  0.0%): <total>
[1783.425s][info][gc,stats    ]       0 of 10681 ms (  0.0%): <average total>
[1783.425s][info][gc,stats    ] 
[1783.425s][info][gc,metaspace] Metaspace: 136390K(137856K)->136391K(137856K) NonClass: 115318K(116160K)->115319K(116160K) Class: 21072K(21696K)->21072K(21696K)
[1783.425s][info][gc,ergo     ] Pacer for Idle. Initial: 163M, Alloc Tax Rate: 1.0x
[1795.558s][info][gc          ] Trigger: Free (818M) is below minimum threshold (819M)
[1795.558s][info][gc,ergo     ] Free: 818M, Max: 4096K regular, 384M humongous, Frag: 52% external, 0% internal; Reserve: 412M, Max: 4096K
[1795.558s][info][gc,start    ] GC(183) Concurrent reset
[1795.558s][info][gc,task     ] GC(183) Using 2 of 4 workers for concurrent reset
[1795.558s][info][gc,ergo     ] GC(183) Pacer for Reset. Non-Taxable: 8192M
[1795.579s][info][gc          ] GC(183) Concurrent reset 20.935ms
[1795.579s][info][gc,start    ] GC(183) Pause Init Mark
[1795.579s][info][gc,task     ] GC(183) Using 4 of 4 workers for init marking
[1795.579s][info][gc,ergo     ] GC(183) Pacer for Mark. Expected Live: 482M, Free: 807M, Non-Taxable: 82679K, Alloc Tax Rate: 0.7x
[1795.579s][info][gc          ] GC(183) Pause Init Mark 0.180ms
[1795.579s][info][gc,start    ] GC(183) Concurrent marking roots
[1795.579s][info][gc,task     ] GC(183) Using 2 of 4 workers for concurrent marking roots
[1795.587s][info][gc          ] GC(183) Concurrent marking roots 8.344ms
[1795.587s][info][gc,start    ] GC(183) Concurrent marking
[1795.587s][info][gc,task     ] GC(183) Using 2 of 4 workers for concurrent marking
[1795.810s][info][gc          ] GC(183) Concurrent marking 222.813ms
[1795.810s][info][gc,start    ] GC(183) Pause Final Mark
[1795.810s][info][gc,task     ] GC(183) Using 4 of 4 workers for final marking
[1795.810s][info][gc,ergo     ] GC(183) Adaptive CSet Selection. Target Free: 1160M, Actual Free: 1832M, Max CSet: 341M, Min Garbage: 0B
[1795.810s][info][gc,ergo     ] GC(183) Collectable Garbage: 6472M (99%), Immediate: 768M (11%), CSet: 5704M (87%)
[1795.810s][info][gc,ergo     ] GC(183) Pacer for Evacuation. Used CSet: 5796M, Free: 1439M, Non-Taxable: 143M, Alloc Tax Rate: 9.8x
[1795.810s][info][gc          ] GC(183) Pause Final Mark 0.342ms
[1795.811s][info][gc,start    ] GC(183) Concurrent thread roots
[1795.811s][info][gc,task     ] GC(183) Using 2 of 4 workers for Concurrent thread roots
[1795.811s][info][gc          ] GC(183) Concurrent thread roots 0.808ms
[1795.811s][info][gc,start    ] GC(183) Concurrent weak references
[1795.811s][info][gc,task     ] GC(183) Using 2 of 4 workers for concurrent weak references
[1795.812s][info][gc,ref      ] GC(183) Encountered references: Soft: 6557, Weak: 23683, Final: 34, Phantom: 1303
[1795.812s][info][gc,ref      ] GC(183) Discovered  references: Soft: 0, Weak: 11872, Final: 0, Phantom: 1216
[1795.812s][info][gc,ref      ] GC(183) Enqueued    references: Soft: 0, Weak: 2, Final: 0, Phantom: 0
[1795.812s][info][gc          ] GC(183) Concurrent weak references 0.581ms
[1795.812s][info][gc,start    ] GC(183) Concurrent weak roots
[1795.812s][info][gc,task     ] GC(183) Using 2 of 4 workers for concurrent weak root
[1795.813s][info][gc          ] GC(183) Concurrent weak roots 0.888ms
[1795.813s][info][gc,start    ] GC(183) Concurrent cleanup
[1795.813s][info][gc          ] GC(183) Concurrent cleanup 7117M->6349M(8192M) 0.025ms
[1795.813s][info][gc,ergo     ] GC(183) Free: 1431M, Max: 4096K regular, 384M humongous, Frag: 73% external, 0% internal; Reserve: 411M, Max: 4096K
[1795.813s][info][gc,start    ] GC(183) Concurrent strong roots
[1795.813s][info][gc,task     ] GC(183) Using 2 of 4 workers for concurrent strong root
[1795.819s][info][gc          ] GC(183) Concurrent strong roots 5.651ms
[1795.819s][info][gc,start    ] GC(183) Concurrent evacuation
[1795.819s][info][gc,task     ] GC(183) Using 2 of 4 workers for concurrent evacuation
[1795.863s][info][gc          ] GC(183) Concurrent evacuation 44.096ms
[1795.863s][info][gc,start    ] GC(183) Pause Init Update Refs
[1795.863s][info][gc,ergo     ] GC(183) Pacer for Update Refs. Used: 6464M, Free: 1411M, Non-Taxable: 141M, Alloc Tax Rate: 5.6x
[1795.863s][info][gc          ] GC(183) Pause Init Update Refs 0.045ms
[1795.863s][info][gc,start    ] GC(183) Concurrent update references
[1795.863s][info][gc,task     ] GC(183) Using 2 of 4 workers for concurrent reference update
[1796.001s][info][gc          ] GC(183) Concurrent update references 138.126ms
[1796.001s][info][gc,start    ] GC(183) Concurrent update thread roots
[1796.002s][info][gc          ] GC(183) Concurrent update thread roots 1.427ms
[1796.002s][info][gc,start    ] GC(183) Pause Final Update Refs
[1796.002s][info][gc,task     ] GC(183) Using 4 of 4 workers for final reference update
[1796.003s][info][gc          ] GC(183) Pause Final Update Refs 0.118ms
[1796.003s][info][gc,start    ] GC(183) Concurrent cleanup
[1796.003s][info][gc          ] GC(183) Concurrent cleanup 6524M->728M(8192M) 0.077ms
[1796.003s][info][gc,ergo     ] Free: 7051M, Max: 4096K regular, 5216M humongous, Frag: 26% external, 0% internal; Reserve: 412M, Max: 4096K
[1796.003s][info][gc,stats    ] 
[1796.003s][info][gc,stats    ] All times are wall-clock times, except per-root-class counters, that are sum over
[1796.003s][info][gc,stats    ] all workers. Dividing the <total> over the root stage time estimates parallelism.
[1796.003s][info][gc,stats    ] 
[1796.003s][info][gc,stats    ] Concurrent Reset                  21000 us
[1796.003s][info][gc,stats    ] Pause Init Mark (G)                 261 us
[1796.003s][info][gc,stats    ] Pause Init Mark (N)                 194 us
[1796.003s][info][gc,stats    ]   Update Region States               69 us
[1796.003s][info][gc,stats    ] Concurrent Mark Roots              8371 us, parallelism: 1.91x
[1796.003s][info][gc,stats    ]   CMR: <total>                    15987 us
[1796.003s][info][gc,stats    ]   CMR: Thread Roots                1345 us, workers (us): 644, 701, ---, ---, 
[1796.003s][info][gc,stats    ]   CMR: Code Cache Roots           13825 us, workers (us): 6548, 7276, ---, ---, 
[1796.003s][info][gc,stats    ]   CMR: VM Strong Roots               15 us, workers (us):  15,   0, ---, ---, 
[1796.003s][info][gc,stats    ]   CMR: CLDG Roots                   802 us, workers (us): 802, ---, ---, ---, 
[1796.003s][info][gc,stats    ] Concurrent Marking               222858 us
[1796.003s][info][gc,stats    ] Pause Final Mark (G)                371 us
[1796.003s][info][gc,stats    ] Pause Final Mark (N)                353 us
[1796.003s][info][gc,stats    ]   Finish Mark                        67 us
[1796.003s][info][gc,stats    ]   Update Region States               42 us
[1796.003s][info][gc,stats    ]   Choose Collection Set             168 us
[1796.003s][info][gc,stats    ]   Rebuild Free Set                    9 us
[1796.003s][info][gc,stats    ] Concurrent Thread Roots             825 us, parallelism: 1.86x
[1796.003s][info][gc,stats    ]   CTR: <total>                     1534 us
[1796.003s][info][gc,stats    ]   CTR: Thread Roots                1534 us, workers (us): 772, 762, ---, ---, 
[1796.003s][info][gc,stats    ] Concurrent Weak References          592 us, parallelism: 0.87x
[1796.003s][info][gc,stats    ]   CWRF: <total>                     515 us
[1796.003s][info][gc,stats    ]   CWRF: Weak References             515 us, workers (us): 515,   0, ---, ---, 
[1796.003s][info][gc,stats    ] Concurrent Weak Roots               902 us
[1796.003s][info][gc,stats    ]   Roots                             844 us, parallelism: 1.80x
[1796.003s][info][gc,stats    ]     CWR: <total>                   1518 us
[1796.003s][info][gc,stats    ]     CWR: VM Weak Roots             1518 us, workers (us): 760, 758, ---, ---, 
[1796.003s][info][gc,stats    ]   Rendezvous                         24 us
[1796.003s][info][gc,stats    ] Concurrent Cleanup                   37 us
[1796.003s][info][gc,stats    ] Concurrent Strong Roots            5669 us, parallelism: 1.96x
[1796.003s][info][gc,stats    ]   CSR: <total>                    11101 us
[1796.003s][info][gc,stats    ]   CSR: Code Cache Roots           10858 us, workers (us): 5289, 5568, ---, ---, 
[1796.003s][info][gc,stats    ]   CSR: VM Strong Roots                8 us, workers (us):   4,   4, ---, ---, 
[1796.003s][info][gc,stats    ]   CSR: CLDG Roots                   235 us, workers (us): 235, ---, ---, ---, 
[1796.003s][info][gc,stats    ] Concurrent Evacuation             44131 us
[1796.003s][info][gc,stats    ] Pause Init Update Refs (G)          107 us
[1796.003s][info][gc,stats    ] Pause Init Update Refs (N)           57 us
[1796.003s][info][gc,stats    ]   Manage GCLABs                       6 us
[1796.003s][info][gc,stats    ] Concurrent Update Refs           138176 us
[1796.003s][info][gc,stats    ] Concurrent Update Thread Roots     1444 us
[1796.003s][info][gc,stats    ] Pause Final Update Refs (G)         206 us
[1796.003s][info][gc,stats    ] Pause Final Update Refs (N)         135 us
[1796.003s][info][gc,stats    ]   Update Region States               49 us
[1796.003s][info][gc,stats    ]   Trash Collection Set               13 us
[1796.003s][info][gc,stats    ]   Rebuild Free Set                    9 us
[1796.003s][info][gc,stats    ] Concurrent Cleanup                   91 us
[1796.003s][info][gc,stats    ] 
[1796.003s][info][gc,stats    ] Allocation pacing accrued:
[1796.003s][info][gc,stats    ]       0 of 12578 ms (  0.0%): <total>
[1796.003s][info][gc,stats    ]       0 of 12578 ms (  0.0%): <average total>
[1796.003s][info][gc,stats    ] 
[1796.003s][info][gc,metaspace] Metaspace: 136392K(137856K)->136392K(137856K) NonClass: 115319K(116160K)->115319K(116160K) Class: 21072K(21696K)->21072K(21696K)
[1796.003s][info][gc,ergo     ] Pacer for Idle. Initial: 163M, Alloc Tax Rate: 1.0x
[1806.500s][info][gc          ] Trigger: Free (815M) is below minimum threshold (819M)
[1806.500s][info][gc,ergo     ] Free: 815M, Max: 4096K regular, 384M humongous, Frag: 52% external, 0% internal; Reserve: 412M, Max: 4096K
[1806.500s][info][gc,start    ] GC(184) Concurrent reset
[1806.500s][info][gc,task     ] GC(184) Using 2 of 4 workers for concurrent reset
[1806.500s][info][gc,ergo     ] GC(184) Pacer for Reset. Non-Taxable: 8192M
[1806.523s][info][gc          ] GC(184) Concurrent reset 23.034ms
[1806.523s][info][gc,start    ] GC(184) Pause Init Mark
[1806.523s][info][gc,task     ] GC(184) Using 4 of 4 workers for init marking
[1806.523s][info][gc,ergo     ] GC(184) Pacer for Mark. Expected Live: 477M, Free: 807M, Non-Taxable: 82653K, Alloc Tax Rate: 0.7x
[1806.523s][info][gc          ] GC(184) Pause Init Mark 0.140ms
[1806.523s][info][gc,start    ] GC(184) Concurrent marking roots
[1806.523s][info][gc,task     ] GC(184) Using 2 of 4 workers for concurrent marking roots
[1806.535s][info][gc          ] GC(184) Concurrent marking roots 11.981ms
[1806.535s][info][gc,start    ] GC(184) Concurrent marking
[1806.535s][info][gc,task     ] GC(184) Using 2 of 4 workers for concurrent marking
[1806.770s][info][gc          ] GC(184) Concurrent marking 234.809ms
[1806.770s][info][gc,start    ] GC(184) Pause Final Mark
[1806.770s][info][gc,task     ] GC(184) Using 4 of 4 workers for final marking
[1806.770s][info][gc,ergo     ] GC(184) Adaptive CSet Selection. Target Free: 1160M, Actual Free: 2076M, Max CSet: 341M, Min Garbage: 0B
[1806.770s][info][gc,ergo     ] GC(184) Collectable Garbage: 6474M (99%), Immediate: 1016M (15%), CSet: 5458M (83%)
[1806.770s][info][gc,ergo     ] GC(184) Pacer for Evacuation. Used CSet: 5548M, Free: 1683M, Non-Taxable: 168M, Alloc Tax Rate: 8.1x
[1806.770s][info][gc          ] GC(184) Pause Final Mark 0.330ms
[1806.770s][info][gc,start    ] GC(184) Concurrent thread roots
[1806.770s][info][gc,task     ] GC(184) Using 2 of 4 workers for Concurrent thread roots
[1806.771s][info][gc          ] GC(184) Concurrent thread roots 0.817ms
[1806.771s][info][gc,start    ] GC(184) Concurrent weak references
[1806.771s][info][gc,task     ] GC(184) Using 2 of 4 workers for concurrent weak references
[1806.772s][info][gc,ref      ] GC(184) Encountered references: Soft: 6557, Weak: 23690, Final: 34, Phantom: 1312
[1806.772s][info][gc,ref      ] GC(184) Discovered  references: Soft: 0, Weak: 11692, Final: 0, Phantom: 966
[1806.772s][info][gc,ref      ] GC(184) Enqueued    references: Soft: 0, Weak: 6, Final: 0, Phantom: 0
[1806.772s][info][gc          ] GC(184) Concurrent weak references 0.652ms
[1806.772s][info][gc,start    ] GC(184) Concurrent weak roots
[1806.772s][info][gc,task     ] GC(184) Using 2 of 4 workers for concurrent weak root
[1806.773s][info][gc          ] GC(184) Concurrent weak roots 0.964ms
[1806.773s][info][gc,start    ] GC(184) Concurrent cleanup
[1806.773s][info][gc          ] GC(184) Concurrent cleanup 7121M->6105M(8192M) 0.032ms
[1806.773s][info][gc,ergo     ] GC(184) Free: 1675M, Max: 4096K regular, 384M humongous, Frag: 77% external, 0% internal; Reserve: 411M, Max: 4096K
[1806.773s][info][gc,start    ] GC(184) Concurrent strong roots
[1806.773s][info][gc,task     ] GC(184) Using 2 of 4 workers for concurrent strong root
[1806.780s][info][gc          ] GC(184) Concurrent strong roots 6.863ms
[1806.780s][info][gc,start    ] GC(184) Concurrent evacuation
[1806.780s][info][gc,task     ] GC(184) Using 2 of 4 workers for concurrent evacuation
[1806.832s][info][gc          ] GC(184) Concurrent evacuation 51.628ms
[1806.832s][info][gc,start    ] GC(184) Pause Init Update Refs
[1806.832s][info][gc,ergo     ] GC(184) Pacer for Update Refs. Used: 6224M, Free: 1647M, Non-Taxable: 164M, Alloc Tax Rate: 4.6x
[1806.832s][info][gc          ] GC(184) Pause Init Update Refs 0.054ms
[1806.832s][info][gc,start    ] GC(184) Concurrent update references
[1806.832s][info][gc,task     ] GC(184) Using 2 of 4 workers for concurrent reference update
[1806.984s][info][gc          ] GC(184) Concurrent update references 151.999ms
[1806.984s][info][gc,start    ] GC(184) Concurrent update thread roots
[1806.985s][info][gc          ] GC(184) Concurrent update thread roots 1.412ms
[1806.985s][info][gc,start    ] GC(184) Pause Final Update Refs
[1806.985s][info][gc,task     ] GC(184) Using 4 of 4 workers for final reference update
[1806.985s][info][gc          ] GC(184) Pause Final Update Refs 0.097ms
[1806.985s][info][gc,start    ] GC(184) Concurrent cleanup
[1806.985s][info][gc          ] GC(184) Concurrent cleanup 6288M->740M(8192M) 0.064ms
[1806.985s][info][gc,ergo     ] Free: 7039M, Max: 4096K regular, 5368M humongous, Frag: 24% external, 0% internal; Reserve: 412M, Max: 4096K
[1806.985s][info][gc,stats    ] 
[1806.985s][info][gc,stats    ] All times are wall-clock times, except per-root-class counters, that are sum over
[1806.985s][info][gc,stats    ] all workers. Dividing the <total> over the root stage time estimates parallelism.
[1806.985s][info][gc,stats    ] 
[1806.985s][info][gc,stats    ] Concurrent Reset                  23144 us
[1806.986s][info][gc,stats    ] Pause Init Mark (G)                 245 us
[1806.986s][info][gc,stats    ] Pause Init Mark (N)                 152 us
[1806.986s][info][gc,stats    ]   Update Region States               50 us
[1806.986s][info][gc,stats    ] Concurrent Mark Roots             12031 us, parallelism: 1.95x
[1806.986s][info][gc,stats    ]   CMR: <total>                    23427 us
[1806.986s][info][gc,stats    ]   CMR: Thread Roots                1690 us, workers (us): 856, 834, ---, ---, 
[1806.986s][info][gc,stats    ]   CMR: Code Cache Roots           20600 us, workers (us): 9736, 10864, ---, ---, 
[1806.986s][info][gc,stats    ]   CMR: VM Strong Roots               16 us, workers (us):  16,   0, ---, ---, 
[1806.986s][info][gc,stats    ]   CMR: CLDG Roots                  1121 us, workers (us): 1121, ---, ---, ---, 
[1806.986s][info][gc,stats    ] Concurrent Marking               234858 us
[1806.986s][info][gc,stats    ] Pause Final Mark (G)                400 us
[1806.986s][info][gc,stats    ] Pause Final Mark (N)                341 us
[1806.986s][info][gc,stats    ]   Finish Mark                        69 us
[1806.986s][info][gc,stats    ]   Update Region States               34 us
[1806.986s][info][gc,stats    ]   Choose Collection Set             160 us
[1806.986s][info][gc,stats    ]   Rebuild Free Set                    9 us
[1806.986s][info][gc,stats    ] Concurrent Thread Roots             835 us, parallelism: 1.87x
[1806.986s][info][gc,stats    ]   CTR: <total>                     1557 us
[1806.986s][info][gc,stats    ]   CTR: Thread Roots                1557 us, workers (us): 776, 781, ---, ---, 
[1806.986s][info][gc,stats    ] Concurrent Weak References          664 us, parallelism: 0.97x
[1806.986s][info][gc,stats    ]   CWRF: <total>                     642 us
[1806.986s][info][gc,stats    ]   CWRF: Weak References             642 us, workers (us):  92, 550, ---, ---, 
[1806.986s][info][gc,stats    ] Concurrent Weak Roots               982 us
[1806.986s][info][gc,stats    ]   Roots                             917 us, parallelism: 1.72x
[1806.986s][info][gc,stats    ]     CWR: <total>                   1576 us
[1806.986s][info][gc,stats    ]     CWR: VM Weak Roots             1576 us, workers (us): 803, 773, ---, ---, 
[1806.986s][info][gc,stats    ]   Rendezvous                         26 us
[1806.986s][info][gc,stats    ] Concurrent Cleanup                   49 us
[1806.986s][info][gc,stats    ] Concurrent Strong Roots            6933 us, parallelism: 1.93x
[1806.986s][info][gc,stats    ]   CSR: <total>                    13381 us
[1806.986s][info][gc,stats    ]   CSR: Code Cache Roots           13118 us, workers (us): 6386, 6732, ---, ---, 
[1806.986s][info][gc,stats    ]   CSR: VM Strong Roots                8 us, workers (us):   8,   0, ---, ---, 
[1806.986s][info][gc,stats    ]   CSR: CLDG Roots                   256 us, workers (us): 256, ---, ---, ---, 
[1806.986s][info][gc,stats    ] Concurrent Evacuation             51691 us
[1806.986s][info][gc,stats    ] Pause Init Update Refs (G)          139 us
[1806.986s][info][gc,stats    ] Pause Init Update Refs (N)           65 us
[1806.986s][info][gc,stats    ]   Manage GCLABs                       9 us
[1806.986s][info][gc,stats    ] Concurrent Update Refs           152033 us
[1806.986s][info][gc,stats    ] Concurrent Update Thread Roots     1437 us
[1806.986s][info][gc,stats    ] Pause Final Update Refs (G)         140 us
[1806.986s][info][gc,stats    ] Pause Final Update Refs (N)         117 us
[1806.986s][info][gc,stats    ]   Update Region States               37 us
[1806.986s][info][gc,stats    ]   Trash Collection Set               12 us
[1806.986s][info][gc,stats    ]   Rebuild Free Set                   10 us
[1806.986s][info][gc,stats    ] Concurrent Cleanup                   77 us
[1806.986s][info][gc,stats    ] 
[1806.986s][info][gc,stats    ] Allocation pacing accrued:
[1806.986s][info][gc,stats    ]       0 of 10983 ms (  0.0%): <total>
[1806.986s][info][gc,stats    ]       0 of 10983 ms (  0.0%): <average total>
[1806.986s][info][gc,stats    ] 
[1806.986s][info][gc,metaspace] Metaspace: 136394K(137856K)->136394K(137856K) NonClass: 115322K(116160K)->115322K(116160K) Class: 21072K(21696K)->21072K(21696K)
[1806.986s][info][gc,ergo     ] Pacer for Idle. Initial: 163M, Alloc Tax Rate: 1.0x
[1819.189s][info][gc          ] Trigger: Free (815M) is below minimum threshold (819M)
[1819.189s][info][gc,ergo     ] Free: 815M, Max: 4096K regular, 384M humongous, Frag: 52% external, 0% internal; Reserve: 412M, Max: 4096K
[1819.189s][info][gc,start    ] GC(185) Concurrent reset
[1819.190s][info][gc,task     ] GC(185) Using 2 of 4 workers for concurrent reset
[1819.190s][info][gc,ergo     ] GC(185) Pacer for Reset. Non-Taxable: 8192M
[1819.208s][info][gc          ] GC(185) Concurrent reset 18.807ms
[1819.209s][info][gc,start    ] GC(185) Pause Init Mark
[1819.209s][info][gc,task     ] GC(185) Using 4 of 4 workers for init marking
[1819.209s][info][gc,ergo     ] GC(185) Pacer for Mark. Expected Live: 473M, Free: 811M, Non-Taxable: 83101K, Alloc Tax Rate: 0.7x
[1819.209s][info][gc          ] GC(185) Pause Init Mark 0.232ms
[1819.209s][info][gc,start    ] GC(185) Concurrent marking roots
[1819.209s][info][gc,task     ] GC(185) Using 2 of 4 workers for concurrent marking roots
[1819.218s][info][gc          ] GC(185) Concurrent marking roots 8.714ms
[1819.218s][info][gc,start    ] GC(185) Concurrent marking
[1819.218s][info][gc,task     ] GC(185) Using 2 of 4 workers for concurrent marking
[1819.444s][info][gc          ] GC(185) Concurrent marking 226.176ms
[1819.444s][info][gc,start    ] GC(185) Pause Final Mark
[1819.444s][info][gc,task     ] GC(185) Using 4 of 4 workers for final marking
[1819.444s][info][gc,ergo     ] GC(185) Adaptive CSet Selection. Target Free: 1160M, Actual Free: 1900M, Max CSet: 341M, Min Garbage: 0B
[1819.444s][info][gc,ergo     ] GC(185) Collectable Garbage: 6469M (99%), Immediate: 836M (12%), CSet: 5633M (86%)
[1819.444s][info][gc,ergo     ] GC(185) Pacer for Evacuation. Used CSet: 5724M, Free: 1507M, Non-Taxable: 150M, Alloc Tax Rate: 9.3x
[1819.444s][info][gc          ] GC(185) Pause Final Mark 0.392ms
[1819.444s][info][gc,start    ] GC(185) Concurrent thread roots
[1819.444s][info][gc,task     ] GC(185) Using 2 of 4 workers for Concurrent thread roots
[1819.445s][info][gc          ] GC(185) Concurrent thread roots 0.799ms
[1819.445s][info][gc,start    ] GC(185) Concurrent weak references
[1819.445s][info][gc,task     ] GC(185) Using 2 of 4 workers for concurrent weak references
[1819.445s][info][gc,ref      ] GC(185) Encountered references: Soft: 6557, Weak: 23689, Final: 34, Phantom: 1318
[1819.445s][info][gc,ref      ] GC(185) Discovered  references: Soft: 0, Weak: 2751, Final: 0, Phantom: 970
[1819.445s][info][gc,ref      ] GC(185) Enqueued    references: Soft: 0, Weak: 3, Final: 0, Phantom: 0
[1819.445s][info][gc          ] GC(185) Concurrent weak references 0.309ms
[1819.445s][info][gc,start    ] GC(185) Concurrent weak roots
[1819.445s][info][gc,task     ] GC(185) Using 2 of 4 workers for concurrent weak root
[1819.446s][info][gc          ] GC(185) Concurrent weak roots 0.986ms
[1819.446s][info][gc,start    ] GC(185) Concurrent cleanup
[1819.446s][info][gc          ] GC(185) Concurrent cleanup 7116M->6280M(8192M) 0.025ms
[1819.446s][info][gc,ergo     ] GC(185) Free: 1499M, Max: 4096K regular, 384M humongous, Frag: 75% external, 0% internal; Reserve: 411M, Max: 4096K
[1819.446s][info][gc,start    ] GC(185) Concurrent strong roots
[1819.447s][info][gc,task     ] GC(185) Using 2 of 4 workers for concurrent strong root
[1819.454s][info][gc          ] GC(185) Concurrent strong roots 7.541ms
[1819.454s][info][gc,start    ] GC(185) Concurrent evacuation
[1819.454s][info][gc,task     ] GC(185) Using 2 of 4 workers for concurrent evacuation
[1819.499s][info][gc          ] GC(185) Concurrent evacuation 45.244ms
[1819.499s][info][gc,start    ] GC(185) Pause Init Update Refs
[1819.499s][info][gc,ergo     ] GC(185) Pacer for Update Refs. Used: 6392M, Free: 1483M, Non-Taxable: 148M, Alloc Tax Rate: 5.3x
[1819.499s][info][gc          ] GC(185) Pause Init Update Refs 0.043ms
[1819.499s][info][gc,start    ] GC(185) Concurrent update references
[1819.499s][info][gc,task     ] GC(185) Using 2 of 4 workers for concurrent reference update
[1819.640s][info][gc          ] GC(185) Concurrent update references 140.481ms
[1819.640s][info][gc,start    ] GC(185) Concurrent update thread roots
[1819.642s][info][gc          ] GC(185) Concurrent update thread roots 1.589ms
[1819.642s][info][gc,start    ] GC(185) Pause Final Update Refs
[1819.642s][info][gc,task     ] GC(185) Using 4 of 4 workers for final reference update
[1819.642s][info][gc          ] GC(185) Pause Final Update Refs 0.117ms
[1819.642s][info][gc,start    ] GC(185) Concurrent cleanup
[1819.642s][info][gc          ] GC(185) Concurrent cleanup 6460M->736M(8192M) 0.076ms
[1819.642s][info][gc,ergo     ] Free: 7043M, Max: 4096K regular, 5228M humongous, Frag: 26% external, 0% internal; Reserve: 412M, Max: 4096K
[1819.642s][info][gc,stats    ] 
[1819.642s][info][gc,stats    ] All times are wall-clock times, except per-root-class counters, that are sum over
[1819.642s][info][gc,stats    ] all workers. Dividing the <total> over the root stage time estimates parallelism.
[1819.642s][info][gc,stats    ] 
[1819.642s][info][gc,stats    ] Concurrent Reset                  18911 us
[1819.642s][info][gc,stats    ] Pause Init Mark (G)                 422 us
[1819.642s][info][gc,stats    ] Pause Init Mark (N)                 245 us
[1819.642s][info][gc,stats    ]   Update Region States               99 us
[1819.642s][info][gc,stats    ] Concurrent Mark Roots              8752 us, parallelism: 1.90x
[1819.642s][info][gc,stats    ]   CMR: <total>                    16632 us
[1819.642s][info][gc,stats    ]   CMR: Thread Roots                1403 us, workers (us): 747, 656, ---, ---, 
[1819.642s][info][gc,stats    ]   CMR: Code Cache Roots           14234 us, workers (us): 6593, 7640, ---, ---, 
[1819.642s][info][gc,stats    ]   CMR: VM Strong Roots               31 us, workers (us):  16,  15, ---, ---, 
[1819.642s][info][gc,stats    ]   CMR: CLDG Roots                   965 us, workers (us): 965, ---, ---, ---, 
[1819.642s][info][gc,stats    ] Concurrent Marking               226247 us
[1819.642s][info][gc,stats    ] Pause Final Mark (G)                473 us
[1819.642s][info][gc,stats    ] Pause Final Mark (N)                403 us
[1819.642s][info][gc,stats    ]   Finish Mark                       106 us
[1819.642s][info][gc,stats    ]   Update Region States               45 us
[1819.642s][info][gc,stats    ]   Choose Collection Set             172 us
[1819.642s][info][gc,stats    ]   Rebuild Free Set                    9 us
[1819.642s][info][gc,stats    ] Concurrent Thread Roots             820 us, parallelism: 1.79x
[1819.642s][info][gc,stats    ]   CTR: <total>                     1470 us
[1819.642s][info][gc,stats    ]   CTR: Thread Roots                1470 us, workers (us): 744, 726, ---, ---, 
[1819.642s][info][gc,stats    ] Concurrent Weak References          320 us, parallelism: 0.87x
[1819.642s][info][gc,stats    ]   CWRF: <total>                     280 us
[1819.642s][info][gc,stats    ]   CWRF: Weak References             280 us, workers (us):  67, 212, ---, ---, 
[1819.642s][info][gc,stats    ] Concurrent Weak Roots              1000 us
[1819.642s][info][gc,stats    ]   Roots                             942 us, parallelism: 1.73x
[1819.642s][info][gc,stats    ]     CWR: <total>                   1629 us
[1819.642s][info][gc,stats    ]     CWR: VM Weak Roots             1629 us, workers (us): 826, 804, ---, ---, 
[1819.642s][info][gc,stats    ]   Rendezvous                         24 us
[1819.642s][info][gc,stats    ] Concurrent Cleanup                   37 us
[1819.642s][info][gc,stats    ] Concurrent Strong Roots            7577 us, parallelism: 1.95x
[1819.642s][info][gc,stats    ]   CSR: <total>                    14740 us
[1819.642s][info][gc,stats    ]   CSR: Code Cache Roots           14425 us, workers (us): 7336, 7089, ---, ---, 
[1819.642s][info][gc,stats    ]   CSR: VM Strong Roots                8 us, workers (us):   4,   4, ---, ---, 
[1819.642s][info][gc,stats    ]   CSR: CLDG Roots                   306 us, workers (us): ---, 306, ---, ---, 
[1819.642s][info][gc,stats    ] Concurrent Evacuation             45280 us
[1819.642s][info][gc,stats    ] Pause Init Update Refs (G)          106 us
[1819.642s][info][gc,stats    ] Pause Init Update Refs (N)           54 us
[1819.642s][info][gc,stats    ]   Manage GCLABs                       6 us
[1819.642s][info][gc,stats    ] Concurrent Update Refs           140538 us
[1819.642s][info][gc,stats    ] Concurrent Update Thread Roots     1622 us
[1819.642s][info][gc,stats    ] Pause Final Update Refs (G)         178 us
[1819.642s][info][gc,stats    ] Pause Final Update Refs (N)         134 us
[1819.642s][info][gc,stats    ]   Update Region States               49 us
[1819.642s][info][gc,stats    ]   Trash Collection Set               17 us
[1819.642s][info][gc,stats    ]   Rebuild Free Set                   10 us
[1819.642s][info][gc,stats    ] Concurrent Cleanup                   91 us
[1819.642s][info][gc,stats    ] 
[1819.642s][info][gc,stats    ] Allocation pacing accrued:
[1819.642s][info][gc,stats    ]       0 of 12656 ms (  0.0%): <total>
[1819.642s][info][gc,stats    ]       0 of 12656 ms (  0.0%): <average total>
[1819.642s][info][gc,stats    ] 
[1819.643s][info][gc,metaspace] Metaspace: 136400K(137856K)->136400K(137856K) NonClass: 115328K(116160K)->115328K(116160K) Class: 21072K(21696K)->21072K(21696K)
[1819.643s][info][gc,ergo     ] Pacer for Idle. Initial: 163M, Alloc Tax Rate: 1.0x
[1830.644s][info][gc          ] Trigger: Free (815M) is below minimum threshold (819M)
[1830.644s][info][gc,ergo     ] Free: 815M, Max: 4096K regular, 384M humongous, Frag: 52% external, 0% internal; Reserve: 412M, Max: 4096K
[1830.644s][info][gc,start    ] GC(186) Concurrent reset
[1830.644s][info][gc,task     ] GC(186) Using 2 of 4 workers for concurrent reset
[1830.644s][info][gc,ergo     ] GC(186) Pacer for Reset. Non-Taxable: 8192M
[1830.664s][info][gc          ] GC(186) Concurrent reset 19.892ms
[1830.664s][info][gc,start    ] GC(186) Pause Init Mark
[1830.664s][info][gc,task     ] GC(186) Using 4 of 4 workers for init marking
[1830.664s][info][gc,ergo     ] GC(186) Pacer for Mark. Expected Live: 469M, Free: 807M, Non-Taxable: 82678K, Alloc Tax Rate: 0.7x
[1830.664s][info][gc          ] GC(186) Pause Init Mark 0.098ms
[1830.664s][info][gc,start    ] GC(186) Concurrent marking roots
[1830.664s][info][gc,task     ] GC(186) Using 2 of 4 workers for concurrent marking roots
[1830.673s][info][gc          ] GC(186) Concurrent marking roots 9.093ms
[1830.673s][info][gc,start    ] GC(186) Concurrent marking
[1830.673s][info][gc,task     ] GC(186) Using 2 of 4 workers for concurrent marking
[1830.904s][info][gc          ] GC(186) Concurrent marking 230.261ms
[1830.904s][info][gc,start    ] GC(186) Pause Final Mark
[1830.904s][info][gc,task     ] GC(186) Using 4 of 4 workers for final marking
[1830.904s][info][gc,ergo     ] GC(186) Adaptive CSet Selection. Target Free: 1160M, Actual Free: 2012M, Max CSet: 341M, Min Garbage: 0B
[1830.904s][info][gc,ergo     ] GC(186) Collectable Garbage: 6468M (99%), Immediate: 960M (14%), CSet: 5508M (84%)
[1830.904s][info][gc,ergo     ] GC(186) Pacer for Evacuation. Used CSet: 5604M, Free: 1619M, Non-Taxable: 161M, Alloc Tax Rate: 8.5x
[1830.904s][info][gc          ] GC(186) Pause Final Mark 0.345ms
[1830.904s][info][gc,start    ] GC(186) Concurrent thread roots
[1830.904s][info][gc,task     ] GC(186) Using 2 of 4 workers for Concurrent thread roots
[1830.905s][info][gc          ] GC(186) Concurrent thread roots 0.841ms
[1830.905s][info][gc,start    ] GC(186) Concurrent weak references
[1830.905s][info][gc,task     ] GC(186) Using 2 of 4 workers for concurrent weak references
[1830.905s][info][gc,ref      ] GC(186) Encountered references: Soft: 6557, Weak: 23689, Final: 34, Phantom: 1321
[1830.905s][info][gc,ref      ] GC(186) Discovered  references: Soft: 0, Weak: 13167, Final: 33, Phantom: 974
[1830.905s][info][gc,ref      ] GC(186) Enqueued    references: Soft: 0, Weak: 2, Final: 0, Phantom: 0
[1830.905s][info][gc          ] GC(186) Concurrent weak references 0.554ms
[1830.905s][info][gc,start    ] GC(186) Concurrent weak roots
[1830.905s][info][gc,task     ] GC(186) Using 2 of 4 workers for concurrent weak root
[1830.906s][info][gc          ] GC(186) Concurrent weak roots 0.882ms
[1830.906s][info][gc,start    ] GC(186) Concurrent cleanup
[1830.906s][info][gc          ] GC(186) Concurrent cleanup 7128M->6168M(8192M) 0.027ms
[1830.906s][info][gc,ergo     ] GC(186) Free: 1611M, Max: 4096K regular, 380M humongous, Frag: 77% external, 0% internal; Reserve: 411M, Max: 4096K
[1830.906s][info][gc,start    ] GC(186) Concurrent strong roots
[1830.906s][info][gc,task     ] GC(186) Using 2 of 4 workers for concurrent strong root
[1830.913s][info][gc          ] GC(186) Concurrent strong roots 6.902ms
[1830.913s][info][gc,start    ] GC(186) Concurrent evacuation
[1830.913s][info][gc,task     ] GC(186) Using 2 of 4 workers for concurrent evacuation
[1830.962s][info][gc          ] GC(186) Concurrent evacuation 48.704ms
[1830.962s][info][gc,start    ] GC(186) Pause Init Update Refs
[1830.962s][info][gc,ergo     ] GC(186) Pacer for Update Refs. Used: 6300M, Free: 1579M, Non-Taxable: 157M, Alloc Tax Rate: 4.9x
[1830.962s][info][gc          ] GC(186) Pause Init Update Refs 0.046ms
[1830.962s][info][gc,start    ] GC(186) Concurrent update references
[1830.962s][info][gc,task     ] GC(186) Using 2 of 4 workers for concurrent reference update
[1831.124s][info][gc          ] GC(186) Concurrent update references 161.940ms
[1831.124s][info][gc,start    ] GC(186) Concurrent update thread roots
[1831.126s][info][gc          ] GC(186) Concurrent update thread roots 1.401ms
[1831.126s][info][gc,start    ] GC(186) Pause Final Update Refs
[1831.126s][info][gc,task     ] GC(186) Using 4 of 4 workers for final reference update
[1831.126s][info][gc          ] GC(186) Pause Final Update Refs 0.259ms
[1831.126s][info][gc,start    ] GC(186) Concurrent cleanup
[1831.126s][info][gc          ] GC(186) Concurrent cleanup 6364M->764M(8192M) 0.119ms
[1831.126s][info][gc,ergo     ] Free: 7015M, Max: 4096K regular, 5368M humongous, Frag: 24% external, 0% internal; Reserve: 412M, Max: 4096K
[1831.126s][info][gc,stats    ] 
[1831.126s][info][gc,stats    ] All times are wall-clock times, except per-root-class counters, that are sum over
[1831.126s][info][gc,stats    ] all workers. Dividing the <total> over the root stage time estimates parallelism.
[1831.126s][info][gc,stats    ] 
[1831.126s][info][gc,stats    ] Concurrent Reset                  19929 us
[1831.126s][info][gc,stats    ] Pause Init Mark (G)                 133 us
[1831.126s][info][gc,stats    ] Pause Init Mark (N)                 108 us
[1831.126s][info][gc,stats    ]   Update Region States               37 us
[1831.126s][info][gc,stats    ] Concurrent Mark Roots              9139 us, parallelism: 1.95x
[1831.126s][info][gc,stats    ]   CMR: <total>                    17780 us
[1831.126s][info][gc,stats    ]   CMR: Thread Roots                1432 us, workers (us): 752, 680, ---, ---, 
[1831.126s][info][gc,stats    ]   CMR: Code Cache Roots           15292 us, workers (us): 7104, 8188, ---, ---, 
[1831.126s][info][gc,stats    ]   CMR: VM Strong Roots               16 us, workers (us):  14,   2, ---, ---, 
[1831.126s][info][gc,stats    ]   CMR: CLDG Roots                  1040 us, workers (us): 1040, ---, ---, ---, 
[1831.126s][info][gc,stats    ] Concurrent Marking               230304 us
[1831.126s][info][gc,stats    ] Pause Final Mark (G)                383 us
[1831.126s][info][gc,stats    ] Pause Final Mark (N)                356 us
[1831.126s][info][gc,stats    ]   Finish Mark                        72 us
[1831.126s][info][gc,stats    ]   Update Region States               44 us
[1831.126s][info][gc,stats    ]   Choose Collection Set             162 us
[1831.126s][info][gc,stats    ]   Rebuild Free Set                    9 us
[1831.126s][info][gc,stats    ] Concurrent Thread Roots             858 us, parallelism: 1.84x
[1831.126s][info][gc,stats    ]   CTR: <total>                     1576 us
[1831.126s][info][gc,stats    ]   CTR: Thread Roots                1576 us, workers (us): 799, 777, ---, ---, 
[1831.126s][info][gc,stats    ] Concurrent Weak References          564 us, parallelism: 1.18x
[1831.126s][info][gc,stats    ]   CWRF: <total>                     666 us
[1831.126s][info][gc,stats    ]   CWRF: Weak References             666 us, workers (us): 491, 175, ---, ---, 
[1831.126s][info][gc,stats    ] Concurrent Weak Roots               896 us
[1831.126s][info][gc,stats    ]   Roots                             839 us, parallelism: 1.79x
[1831.127s][info][gc,stats    ]     CWR: <total>                   1506 us
[1831.127s][info][gc,stats    ]     CWR: VM Weak Roots             1506 us, workers (us): 753, 753, ---, ---, 
[1831.127s][info][gc,stats    ]   Rendezvous                         23 us
[1831.127s][info][gc,stats    ] Concurrent Cleanup                   39 us
[1831.127s][info][gc,stats    ] Concurrent Strong Roots            6945 us, parallelism: 1.95x
[1831.127s][info][gc,stats    ]   CSR: <total>                    13558 us
[1831.127s][info][gc,stats    ]   CSR: Code Cache Roots           13324 us, workers (us): 6500, 6824, ---, ---, 
[1831.127s][info][gc,stats    ]   CSR: VM Strong Roots                7 us, workers (us):   4,   3, ---, ---, 
[1831.127s][info][gc,stats    ]   CSR: CLDG Roots                   227 us, workers (us): 227, ---, ---, ---, 
[1831.127s][info][gc,stats    ] Concurrent Evacuation             48751 us
[1831.127s][info][gc,stats    ] Pause Init Update Refs (G)           78 us
[1831.127s][info][gc,stats    ] Pause Init Update Refs (N)           57 us
[1831.127s][info][gc,stats    ]   Manage GCLABs                       6 us
[1831.127s][info][gc,stats    ] Concurrent Update Refs           161984 us
[1831.127s][info][gc,stats    ] Concurrent Update Thread Roots     1425 us
[1831.127s][info][gc,stats    ] Pause Final Update Refs (G)         340 us
[1831.127s][info][gc,stats    ] Pause Final Update Refs (N)         291 us
[1831.127s][info][gc,stats    ]   Update Region States              100 us
[1831.127s][info][gc,stats    ]   Trash Collection Set               25 us
[1831.127s][info][gc,stats    ]   Rebuild Free Set                   19 us
[1831.127s][info][gc,stats    ] Concurrent Cleanup                  143 us
[1831.127s][info][gc,stats    ] 
[1831.127s][info][gc,stats    ] Allocation pacing accrued:
[1831.127s][info][gc,stats    ]       0 of 11484 ms (  0.0%): <total>
[1831.127s][info][gc,stats    ]       0 of 11484 ms (  0.0%): <average total>
[1831.127s][info][gc,stats    ] 
[1831.127s][info][gc,metaspace] Metaspace: 136401K(137856K)->136401K(137856K) NonClass: 115328K(116160K)->115329K(116160K) Class: 21072K(21696K)->21072K(21696K)
[1831.127s][info][gc,ergo     ] Pacer for Idle. Initial: 163M, Alloc Tax Rate: 1.0x
[1843.137s][info][gc          ] Trigger: Free (815M) is below minimum threshold (819M)
[1843.137s][info][gc,ergo     ] Free: 815M, Max: 4096K regular, 380M humongous, Frag: 53% external, 0% internal; Reserve: 412M, Max: 4096K
[1843.137s][info][gc,start    ] GC(187) Concurrent reset
[1843.137s][info][gc,task     ] GC(187) Using 2 of 4 workers for concurrent reset
[1843.137s][info][gc,ergo     ] GC(187) Pacer for Reset. Non-Taxable: 8192M
[1843.161s][info][gc          ] GC(187) Concurrent reset 23.263ms
[1843.161s][info][gc,start    ] GC(187) Pause Init Mark
[1843.161s][info][gc,task     ] GC(187) Using 4 of 4 workers for init marking
[1843.161s][info][gc,ergo     ] GC(187) Pacer for Mark. Expected Live: 467M, Free: 803M, Non-Taxable: 82310K, Alloc Tax Rate: 0.7x
[1843.161s][info][gc          ] GC(187) Pause Init Mark 0.100ms
[1843.161s][info][gc,start    ] GC(187) Concurrent marking roots
[1843.161s][info][gc,task     ] GC(187) Using 2 of 4 workers for concurrent marking roots
[1843.169s][info][gc          ] GC(187) Concurrent marking roots 8.491ms
[1843.169s][info][gc,start    ] GC(187) Concurrent marking
[1843.169s][info][gc,task     ] GC(187) Using 2 of 4 workers for concurrent marking
[1843.392s][info][gc          ] GC(187) Concurrent marking 222.318ms
[1843.392s][info][gc,start    ] GC(187) Pause Final Mark
[1843.392s][info][gc,task     ] GC(187) Using 4 of 4 workers for final marking
[1843.392s][info][gc,ergo     ] GC(187) Adaptive CSet Selection. Target Free: 1160M, Actual Free: 2256M, Max CSet: 341M, Min Garbage: 0B
[1843.392s][info][gc,ergo     ] GC(187) Collectable Garbage: 6476M (99%), Immediate: 1184M (18%), CSet: 5292M (81%)
[1843.392s][info][gc,ergo     ] GC(187) Pacer for Evacuation. Used CSet: 5384M, Free: 1859M, Non-Taxable: 185M, Alloc Tax Rate: 7.1x
[1843.392s][info][gc          ] GC(187) Pause Final Mark 0.294ms
[1843.392s][info][gc,start    ] GC(187) Concurrent thread roots
[1843.392s][info][gc,task     ] GC(187) Using 2 of 4 workers for Concurrent thread roots
[1843.393s][info][gc          ] GC(187) Concurrent thread roots 0.813ms
[1843.393s][info][gc,start    ] GC(187) Concurrent weak references
[1843.393s][info][gc,task     ] GC(187) Using 2 of 4 workers for concurrent weak references
[1843.393s][info][gc,ref      ] GC(187) Encountered references: Soft: 6557, Weak: 23694, Final: 34, Phantom: 1327
[1843.393s][info][gc,ref      ] GC(187) Discovered  references: Soft: 0, Weak: 4683, Final: 0, Phantom: 982
[1843.393s][info][gc,ref      ] GC(187) Enqueued    references: Soft: 0, Weak: 5, Final: 0, Phantom: 0
[1843.393s][info][gc          ] GC(187) Concurrent weak references 0.277ms
[1843.393s][info][gc,start    ] GC(187) Concurrent weak roots
[1843.393s][info][gc,task     ] GC(187) Using 2 of 4 workers for concurrent weak root
[1843.394s][info][gc          ] GC(187) Concurrent weak roots 0.872ms
[1843.394s][info][gc,start    ] GC(187) Concurrent cleanup
[1843.394s][info][gc          ] GC(187) Concurrent cleanup 7112M->5928M(8192M) 0.031ms
[1843.394s][info][gc,ergo     ] GC(187) Free: 1851M, Max: 4096K regular, 380M humongous, Frag: 80% external, 0% internal; Reserve: 411M, Max: 4096K
[1843.394s][info][gc,start    ] GC(187) Concurrent strong roots
[1843.394s][info][gc,task     ] GC(187) Using 2 of 4 workers for concurrent strong root
[1843.400s][info][gc          ] GC(187) Concurrent strong roots 5.861ms
[1843.400s][info][gc,start    ] GC(187) Concurrent evacuation
[1843.400s][info][gc,task     ] GC(187) Using 2 of 4 workers for concurrent evacuation
[1843.443s][info][gc          ] GC(187) Concurrent evacuation 43.039ms
[1843.443s][info][gc,start    ] GC(187) Pause Init Update Refs
[1843.443s][info][gc,ergo     ] GC(187) Pacer for Update Refs. Used: 6040M, Free: 1835M, Non-Taxable: 183M, Alloc Tax Rate: 4.0x
[1843.443s][info][gc          ] GC(187) Pause Init Update Refs 0.044ms
[1843.443s][info][gc,start    ] GC(187) Concurrent update references
[1843.443s][info][gc,task     ] GC(187) Using 2 of 4 workers for concurrent reference update
[1843.582s][info][gc          ] GC(187) Concurrent update references 138.970ms
[1843.582s][info][gc,start    ] GC(187) Concurrent update thread roots
[1843.584s][info][gc          ] GC(187) Concurrent update thread roots 1.295ms
[1843.584s][info][gc,start    ] GC(187) Pause Final Update Refs
[1843.584s][info][gc,task     ] GC(187) Using 4 of 4 workers for final reference update
[1843.584s][info][gc          ] GC(187) Pause Final Update Refs 0.109ms
[1843.584s][info][gc,start    ] GC(187) Concurrent cleanup
[1843.584s][info][gc          ] GC(187) Concurrent cleanup 6100M->716M(8192M) 0.073ms
[1843.584s][info][gc,ergo     ] Free: 7063M, Max: 4096K regular, 5220M humongous, Frag: 26% external, 0% internal; Reserve: 412M, Max: 4096K
[1843.584s][info][gc,stats    ] 
[1843.584s][info][gc,stats    ] All times are wall-clock times, except per-root-class counters, that are sum over
[1843.584s][info][gc,stats    ] all workers. Dividing the <total> over the root stage time estimates parallelism.
[1843.584s][info][gc,stats    ] 
[1843.584s][info][gc,stats    ] Concurrent Reset                  23352 us
[1843.584s][info][gc,stats    ] Pause Init Mark (G)                 163 us
[1843.584s][info][gc,stats    ] Pause Init Mark (N)                 112 us
[1843.584s][info][gc,stats    ]   Update Region States               36 us
[1843.584s][info][gc,stats    ] Concurrent Mark Roots              8519 us, parallelism: 1.94x
[1843.584s][info][gc,stats    ]   CMR: <total>                    16554 us
[1843.584s][info][gc,stats    ]   CMR: Thread Roots                1804 us, workers (us): 872, 932, ---, ---, 
[1843.584s][info][gc,stats    ]   CMR: Code Cache Roots           13793 us, workers (us): 6458, 7335, ---, ---, 
[1843.584s][info][gc,stats    ]   CMR: VM Strong Roots               13 us, workers (us):  13,   0, ---, ---, 
[1843.584s][info][gc,stats    ]   CMR: CLDG Roots                   943 us, workers (us): 943, ---, ---, ---, 
[1843.584s][info][gc,stats    ] Concurrent Marking               222368 us
[1843.584s][info][gc,stats    ] Pause Final Mark (G)                340 us
[1843.584s][info][gc,stats    ] Pause Final Mark (N)                304 us
[1843.584s][info][gc,stats    ]   Finish Mark                        64 us
[1843.584s][info][gc,stats    ]   Update Region States               15 us
[1843.584s][info][gc,stats    ]   Choose Collection Set             146 us
[1843.584s][info][gc,stats    ]   Rebuild Free Set                   10 us
[1843.584s][info][gc,stats    ] Concurrent Thread Roots             834 us, parallelism: 1.84x
[1843.584s][info][gc,stats    ]   CTR: <total>                     1534 us
[1843.584s][info][gc,stats    ]   CTR: Thread Roots                1534 us, workers (us): 768, 765, ---, ---, 
[1843.584s][info][gc,stats    ] Concurrent Weak References          287 us, parallelism: 1.24x
[1843.584s][info][gc,stats    ]   CWRF: <total>                     356 us
[1843.584s][info][gc,stats    ]   CWRF: Weak References             356 us, workers (us): 143, 213, ---, ---, 
[1843.584s][info][gc,stats    ] Concurrent Weak Roots               891 us
[1843.584s][info][gc,stats    ]   Roots                             827 us, parallelism: 1.80x
[1843.584s][info][gc,stats    ]     CWR: <total>                   1493 us
[1843.584s][info][gc,stats    ]     CWR: VM Weak Roots             1493 us, workers (us): 746, 747, ---, ---, 
[1843.584s][info][gc,stats    ]   Rendezvous                         24 us
[1843.584s][info][gc,stats    ] Concurrent Cleanup                   43 us
[1843.584s][info][gc,stats    ] Concurrent Strong Roots            5886 us, parallelism: 1.95x
[1843.584s][info][gc,stats    ]   CSR: <total>                    11462 us
[1843.584s][info][gc,stats    ]   CSR: Code Cache Roots           11230 us, workers (us): 5780, 5450, ---, ---, 
[1843.584s][info][gc,stats    ]   CSR: VM Strong Roots                8 us, workers (us):   4,   4, ---, ---, 
[1843.584s][info][gc,stats    ]   CSR: CLDG Roots                   225 us, workers (us): ---, 225, ---, ---, 
[1843.584s][info][gc,stats    ] Concurrent Evacuation             43087 us
[1843.584s][info][gc,stats    ] Pause Init Update Refs (G)          109 us
[1843.584s][info][gc,stats    ] Pause Init Update Refs (N)           57 us
[1843.584s][info][gc,stats    ]   Manage GCLABs                       5 us
[1843.584s][info][gc,stats    ] Concurrent Update Refs           139013 us
[1843.584s][info][gc,stats    ] Concurrent Update Thread Roots     1319 us
[1843.584s][info][gc,stats    ] Pause Final Update Refs (G)         152 us
[1843.584s][info][gc,stats    ] Pause Final Update Refs (N)         124 us
[1843.584s][info][gc,stats    ]   Update Region States               44 us
[1843.584s][info][gc,stats    ]   Trash Collection Set               15 us
[1843.584s][info][gc,stats    ]   Rebuild Free Set                   10 us
[1843.584s][info][gc,stats    ] Concurrent Cleanup                   88 us
[1843.584s][info][gc,stats    ] 
[1843.584s][info][gc,stats    ] Allocation pacing accrued:
[1843.584s][info][gc,stats    ]       0 of 12458 ms (  0.0%): <total>
[1843.584s][info][gc,stats    ]       0 of 12458 ms (  0.0%): <average total>
[1843.584s][info][gc,stats    ] 
[1843.584s][info][gc,metaspace] Metaspace: 136401K(137856K)->136401K(137856K) NonClass: 115329K(116160K)->115329K(116160K) Class: 21072K(21696K)->21072K(21696K)
[1843.584s][info][gc,ergo     ] Pacer for Idle. Initial: 163M, Alloc Tax Rate: 1.0x
[1853.919s][info][gc          ] Trigger: Free (815M) is below minimum threshold (819M)
[1853.919s][info][gc,ergo     ] Free: 815M, Max: 4096K regular, 380M humongous, Frag: 53% external, 0% internal; Reserve: 412M, Max: 4096K
[1853.919s][info][gc,start    ] GC(188) Concurrent reset
[1853.919s][info][gc,task     ] GC(188) Using 2 of 4 workers for concurrent reset
[1853.919s][info][gc,ergo     ] GC(188) Pacer for Reset. Non-Taxable: 8192M
[1853.934s][info][gc          ] GC(188) Concurrent reset 14.554ms
[1853.934s][info][gc,start    ] GC(188) Pause Init Mark
[1853.934s][info][gc,task     ] GC(188) Using 4 of 4 workers for init marking
[1853.934s][info][gc,ergo     ] GC(188) Pacer for Mark. Expected Live: 465M, Free: 811M, Non-Taxable: 83129K, Alloc Tax Rate: 0.7x
[1853.934s][info][gc          ] GC(188) Pause Init Mark 0.111ms
[1853.934s][info][gc,start    ] GC(188) Concurrent marking roots
[1853.934s][info][gc,task     ] GC(188) Using 2 of 4 workers for concurrent marking roots
[1853.943s][info][gc          ] GC(188) Concurrent marking roots 8.697ms
[1853.943s][info][gc,start    ] GC(188) Concurrent marking
[1853.943s][info][gc,task     ] GC(188) Using 2 of 4 workers for concurrent marking
[1854.176s][info][gc          ] GC(188) Concurrent marking 233.436ms
[1854.176s][info][gc,start    ] GC(188) Pause Final Mark
[1854.176s][info][gc,task     ] GC(188) Using 4 of 4 workers for final marking
[1854.176s][info][gc,ergo     ] GC(188) Adaptive CSet Selection. Target Free: 1160M, Actual Free: 2012M, Max CSet: 341M, Min Garbage: 0B
[1854.176s][info][gc,ergo     ] GC(188) Collectable Garbage: 6464M (99%), Immediate: 956M (14%), CSet: 5508M (84%)
[1854.176s][info][gc,ergo     ] GC(188) Pacer for Evacuation. Used CSet: 5604M, Free: 1616M, Non-Taxable: 161M, Alloc Tax Rate: 8.5x
[1854.176s][info][gc          ] GC(188) Pause Final Mark 0.308ms
[1854.177s][info][gc,start    ] GC(188) Concurrent thread roots
[1854.177s][info][gc,task     ] GC(188) Using 2 of 4 workers for Concurrent thread roots
[1854.177s][info][gc          ] GC(188) Concurrent thread roots 0.751ms
[1854.177s][info][gc,start    ] GC(188) Concurrent weak references
[1854.177s][info][gc,task     ] GC(188) Using 2 of 4 workers for concurrent weak references
[1854.178s][info][gc,ref      ] GC(188) Encountered references: Soft: 6557, Weak: 23692, Final: 34, Phantom: 1330
[1854.178s][info][gc,ref      ] GC(188) Discovered  references: Soft: 0, Weak: 11650, Final: 0, Phantom: 978
[1854.178s][info][gc,ref      ] GC(188) Enqueued    references: Soft: 0, Weak: 2, Final: 0, Phantom: 0
[1854.178s][info][gc          ] GC(188) Concurrent weak references 0.643ms
[1854.178s][info][gc,start    ] GC(188) Concurrent weak roots
[1854.178s][info][gc,task     ] GC(188) Using 2 of 4 workers for concurrent weak root
[1854.179s][info][gc          ] GC(188) Concurrent weak roots 0.879ms
[1854.179s][info][gc,start    ] GC(188) Concurrent cleanup
[1854.179s][info][gc          ] GC(188) Concurrent cleanup 7128M->6172M(8192M) 0.029ms
[1854.179s][info][gc,ergo     ] GC(188) Free: 1607M, Max: 4096K regular, 376M humongous, Frag: 77% external, 0% internal; Reserve: 411M, Max: 4096K
[1854.179s][info][gc,start    ] GC(188) Concurrent strong roots
[1854.179s][info][gc,task     ] GC(188) Using 2 of 4 workers for concurrent strong root
[1854.185s][info][gc          ] GC(188) Concurrent strong roots 6.465ms
[1854.185s][info][gc,start    ] GC(188) Concurrent evacuation
[1854.185s][info][gc,task     ] GC(188) Using 2 of 4 workers for concurrent evacuation
[1854.230s][info][gc          ] GC(188) Concurrent evacuation 44.753ms
[1854.230s][info][gc,start    ] GC(188) Pause Init Update Refs
[1854.230s][info][gc,ergo     ] GC(188) Pacer for Update Refs. Used: 6288M, Free: 1591M, Non-Taxable: 159M, Alloc Tax Rate: 4.8x
[1854.230s][info][gc          ] GC(188) Pause Init Update Refs 0.045ms
[1854.230s][info][gc,start    ] GC(188) Concurrent update references
[1854.230s][info][gc,task     ] GC(188) Using 2 of 4 workers for concurrent reference update
[1854.372s][info][gc          ] GC(188) Concurrent update references 141.824ms
[1854.372s][info][gc,start    ] GC(188) Concurrent update thread roots
[1854.374s][info][gc          ] GC(188) Concurrent update thread roots 1.311ms
[1854.374s][info][gc,start    ] GC(188) Pause Final Update Refs
[1854.374s][info][gc,task     ] GC(188) Using 4 of 4 workers for final reference update
[1854.374s][info][gc          ] GC(188) Pause Final Update Refs 0.094ms
[1854.374s][info][gc,start    ] GC(188) Concurrent cleanup
[1854.374s][info][gc          ] GC(188) Concurrent cleanup 6448M->844M(8192M) 0.076ms
[1854.374s][info][gc,ergo     ] Free: 6935M, Max: 4096K regular, 5372M humongous, Frag: 23% external, 0% internal; Reserve: 412M, Max: 4096K
[1854.374s][info][gc,stats    ] 
[1854.374s][info][gc,stats    ] All times are wall-clock times, except per-root-class counters, that are sum over
[1854.374s][info][gc,stats    ] all workers. Dividing the <total> over the root stage time estimates parallelism.
[1854.374s][info][gc,stats    ] 
[1854.374s][info][gc,stats    ] Concurrent Reset                  14613 us
[1854.374s][info][gc,stats    ] Pause Init Mark (G)                 223 us
[1854.374s][info][gc,stats    ] Pause Init Mark (N)                 123 us
[1854.374s][info][gc,stats    ]   Update Region States               38 us
[1854.374s][info][gc,stats    ] Concurrent Mark Roots              8737 us, parallelism: 1.96x
[1854.374s][info][gc,stats    ]   CMR: <total>                    17080 us
[1854.374s][info][gc,stats    ]   CMR: Thread Roots                1409 us, workers (us): 660, 749, ---, ---, 
[1854.374s][info][gc,stats    ]   CMR: Code Cache Roots           14980 us, workers (us): 7872, 7108, ---, ---, 
[1854.374s][info][gc,stats    ]   CMR: VM Strong Roots               15 us, workers (us):   8,   7, ---, ---, 
[1854.374s][info][gc,stats    ]   CMR: CLDG Roots                   677 us, workers (us): ---, 677, ---, ---, 
[1854.374s][info][gc,stats    ] Concurrent Marking               233481 us
[1854.374s][info][gc,stats    ] Pause Final Mark (G)                337 us
[1854.374s][info][gc,stats    ] Pause Final Mark (N)                319 us
[1854.374s][info][gc,stats    ]   Finish Mark                        60 us
[1854.374s][info][gc,stats    ]   Update Region States               16 us
[1854.374s][info][gc,stats    ]   Choose Collection Set             166 us
[1854.374s][info][gc,stats    ]   Rebuild Free Set                    9 us
[1854.374s][info][gc,stats    ] Concurrent Thread Roots             774 us, parallelism: 1.86x
[1854.374s][info][gc,stats    ]   CTR: <total>                     1437 us
[1854.374s][info][gc,stats    ]   CTR: Thread Roots                1437 us, workers (us): 718, 720, ---, ---, 
[1854.374s][info][gc,stats    ] Concurrent Weak References          654 us, parallelism: 0.97x
[1854.374s][info][gc,stats    ]   CWRF: <total>                     636 us
[1854.374s][info][gc,stats    ]   CWRF: Weak References             636 us, workers (us): 570,  66, ---, ---, 
[1854.374s][info][gc,stats    ] Concurrent Weak Roots               900 us
[1854.374s][info][gc,stats    ]   Roots                             835 us, parallelism: 1.80x
[1854.374s][info][gc,stats    ]     CWR: <total>                   1504 us
[1854.374s][info][gc,stats    ]     CWR: VM Weak Roots             1504 us, workers (us): 751, 752, ---, ---, 
[1854.374s][info][gc,stats    ]   Rendezvous                         23 us
[1854.374s][info][gc,stats    ] Concurrent Cleanup                   42 us
[1854.374s][info][gc,stats    ] Concurrent Strong Roots            6501 us, parallelism: 1.96x
[1854.374s][info][gc,stats    ]   CSR: <total>                    12710 us
[1854.374s][info][gc,stats    ]   CSR: Code Cache Roots           12468 us, workers (us): 6381, 6087, ---, ---, 
[1854.374s][info][gc,stats    ]   CSR: VM Strong Roots                8 us, workers (us):   4,   4, ---, ---, 
[1854.374s][info][gc,stats    ]   CSR: CLDG Roots                   234 us, workers (us): ---, 234, ---, ---, 
[1854.374s][info][gc,stats    ] Concurrent Evacuation             44801 us
[1854.374s][info][gc,stats    ] Pause Init Update Refs (G)          119 us
[1854.374s][info][gc,stats    ] Pause Init Update Refs (N)           56 us
[1854.374s][info][gc,stats    ]   Manage GCLABs                       6 us
[1854.374s][info][gc,stats    ] Concurrent Update Refs           141867 us
[1854.374s][info][gc,stats    ] Concurrent Update Thread Roots     1330 us
[1854.374s][info][gc,stats    ] Pause Final Update Refs (G)         145 us
[1854.374s][info][gc,stats    ] Pause Final Update Refs (N)         117 us
[1854.374s][info][gc,stats    ]   Update Region States               32 us
[1854.374s][info][gc,stats    ]   Trash Collection Set               15 us
[1854.374s][info][gc,stats    ]   Rebuild Free Set                   10 us
[1854.374s][info][gc,stats    ] Concurrent Cleanup                   91 us
[1854.374s][info][gc,stats    ] 
[1854.374s][info][gc,stats    ] Allocation pacing accrued:
[1854.374s][info][gc,stats    ]       0 of 10790 ms (  0.0%): <total>
[1854.374s][info][gc,stats    ]       0 of 10790 ms (  0.0%): <average total>
[1854.374s][info][gc,stats    ] 
[1854.374s][info][gc,metaspace] Metaspace: 136401K(137856K)->136402K(137856K) NonClass: 115329K(116160K)->115330K(116160K) Class: 21072K(21696K)->21072K(21696K)
[1854.374s][info][gc,ergo     ] Pacer for Idle. Initial: 163M, Alloc Tax Rate: 1.0x
[1866.532s][info][gc          ] Trigger: Free (815M) is below minimum threshold (819M)
[1866.532s][info][gc,ergo     ] Free: 815M, Max: 4096K regular, 376M humongous, Frag: 53% external, 0% internal; Reserve: 412M, Max: 4096K
[1866.532s][info][gc,start    ] GC(189) Concurrent reset
[1866.532s][info][gc,task     ] GC(189) Using 2 of 4 workers for concurrent reset
[1866.532s][info][gc,ergo     ] GC(189) Pacer for Reset. Non-Taxable: 8192M
[1866.551s][info][gc          ] GC(189) Concurrent reset 19.259ms
[1866.551s][info][gc,start    ] GC(189) Pause Init Mark
[1866.551s][info][gc,task     ] GC(189) Using 4 of 4 workers for init marking
[1866.551s][info][gc,ergo     ] GC(189) Pacer for Mark. Expected Live: 466M, Free: 807M, Non-Taxable: 82726K, Alloc Tax Rate: 0.7x
[1866.551s][info][gc          ] GC(189) Pause Init Mark 0.108ms
[1866.552s][info][gc,start    ] GC(189) Concurrent marking roots
[1866.552s][info][gc,task     ] GC(189) Using 2 of 4 workers for concurrent marking roots
[1866.562s][info][gc          ] GC(189) Concurrent marking roots 10.888ms
[1866.562s][info][gc,start    ] GC(189) Concurrent marking
[1866.562s][info][gc,task     ] GC(189) Using 2 of 4 workers for concurrent marking
[1866.790s][info][gc          ] GC(189) Concurrent marking 227.470ms
[1866.790s][info][gc,start    ] GC(189) Pause Final Mark
[1866.790s][info][gc,task     ] GC(189) Using 4 of 4 workers for final marking
[1866.790s][info][gc,ergo     ] GC(189) Adaptive CSet Selection. Target Free: 1160M, Actual Free: 1864M, Max CSet: 341M, Min Garbage: 0B
[1866.790s][info][gc,ergo     ] GC(189) Collectable Garbage: 6461M (99%), Immediate: 808M (12%), CSet: 5653M (87%)
[1866.790s][info][gc,ergo     ] GC(189) Pacer for Evacuation. Used CSet: 5756M, Free: 1467M, Non-Taxable: 146M, Alloc Tax Rate: 9.6x
[1866.790s][info][gc          ] GC(189) Pause Final Mark 0.416ms
[1866.790s][info][gc,start    ] GC(189) Concurrent thread roots
[1866.790s][info][gc,task     ] GC(189) Using 2 of 4 workers for Concurrent thread roots
[1866.791s][info][gc          ] GC(189) Concurrent thread roots 0.785ms
[1866.791s][info][gc,start    ] GC(189) Concurrent weak references
[1866.791s][info][gc,task     ] GC(189) Using 2 of 4 workers for concurrent weak references
[1866.792s][info][gc,ref      ] GC(189) Encountered references: Soft: 6557, Weak: 23699, Final: 34, Phantom: 1339
[1866.792s][info][gc,ref      ] GC(189) Discovered  references: Soft: 0, Weak: 13407, Final: 1, Phantom: 986
[1866.792s][info][gc,ref      ] GC(189) Enqueued    references: Soft: 0, Weak: 6, Final: 0, Phantom: 0
[1866.792s][info][gc          ] GC(189) Concurrent weak references 0.790ms
[1866.792s][info][gc,start    ] GC(189) Concurrent weak roots
[1866.792s][info][gc,task     ] GC(189) Using 2 of 4 workers for concurrent weak root
[1866.793s][info][gc          ] GC(189) Concurrent weak roots 0.952ms
[1866.793s][info][gc,start    ] GC(189) Concurrent cleanup
[1866.793s][info][gc          ] GC(189) Concurrent cleanup 7129M->6321M(8192M) 0.045ms
[1866.793s][info][gc,ergo     ] GC(189) Free: 1459M, Max: 4096K regular, 376M humongous, Frag: 74% external, 0% internal; Reserve: 410M, Max: 4096K
[1866.793s][info][gc,start    ] GC(189) Concurrent strong roots
[1866.793s][info][gc,task     ] GC(189) Using 2 of 4 workers for concurrent strong root
[1866.799s][info][gc          ] GC(189) Concurrent strong roots 6.029ms
[1866.799s][info][gc,start    ] GC(189) Concurrent evacuation
[1866.799s][info][gc,task     ] GC(189) Using 2 of 4 workers for concurrent evacuation
[1866.854s][info][gc          ] GC(189) Concurrent evacuation 55.158ms
[1866.854s][info][gc,start    ] GC(189) Pause Init Update Refs
[1866.854s][info][gc,ergo     ] GC(189) Pacer for Update Refs. Used: 6468M, Free: 1419M, Non-Taxable: 141M, Alloc Tax Rate: 5.6x
[1866.854s][info][gc          ] GC(189) Pause Init Update Refs 0.044ms
[1866.854s][info][gc,start    ] GC(189) Concurrent update references
[1866.854s][info][gc,task     ] GC(189) Using 2 of 4 workers for concurrent reference update
[1866.998s][info][gc          ] GC(189) Concurrent update references 143.518ms
[1866.998s][info][gc,start    ] GC(189) Concurrent update thread roots
[1867.000s][info][gc          ] GC(189) Concurrent update thread roots 1.463ms
[1867.000s][info][gc,start    ] GC(189) Pause Final Update Refs
[1867.000s][info][gc,task     ] GC(189) Using 4 of 4 workers for final reference update
[1867.000s][info][gc          ] GC(189) Pause Final Update Refs 0.169ms
[1867.000s][info][gc,start    ] GC(189) Concurrent cleanup
[1867.000s][info][gc          ] GC(189) Concurrent cleanup 6536M->780M(8192M) 0.081ms
[1867.000s][info][gc,ergo     ] Free: 6999M, Max: 4096K regular, 5212M humongous, Frag: 26% external, 0% internal; Reserve: 412M, Max: 4096K
[1867.000s][info][gc,stats    ] 
[1867.000s][info][gc,stats    ] All times are wall-clock times, except per-root-class counters, that are sum over
[1867.000s][info][gc,stats    ] all workers. Dividing the <total> over the root stage time estimates parallelism.
[1867.000s][info][gc,stats    ] 
[1867.000s][info][gc,stats    ] Concurrent Reset                  19351 us
[1867.000s][info][gc,stats    ] Pause Init Mark (G)                 178 us
[1867.000s][info][gc,stats    ] Pause Init Mark (N)                 119 us
[1867.000s][info][gc,stats    ]   Update Region States               39 us
[1867.000s][info][gc,stats    ] Concurrent Mark Roots             10957 us, parallelism: 1.94x
[1867.000s][info][gc,stats    ]   CMR: <total>                    21234 us
[1867.000s][info][gc,stats    ]   CMR: Thread Roots                1450 us, workers (us): 788, 662, ---, ---, 
[1867.000s][info][gc,stats    ]   CMR: Code Cache Roots           18535 us, workers (us): 9808, 8726, ---, ---, 
[1867.000s][info][gc,stats    ]   CMR: VM Strong Roots               29 us, workers (us):  15,  14, ---, ---, 
[1867.000s][info][gc,stats    ]   CMR: CLDG Roots                  1221 us, workers (us): ---, 1221, ---, ---, 
[1867.000s][info][gc,stats    ] Concurrent Marking               227511 us
[1867.000s][info][gc,stats    ] Pause Final Mark (G)                487 us
[1867.000s][info][gc,stats    ] Pause Final Mark (N)                428 us
[1867.000s][info][gc,stats    ]   Finish Mark                        65 us
[1867.000s][info][gc,stats    ]   Update Region States              120 us
[1867.000s][info][gc,stats    ]   Choose Collection Set             166 us
[1867.000s][info][gc,stats    ]   Rebuild Free Set                    9 us
[1867.000s][info][gc,stats    ] Concurrent Thread Roots             804 us, parallelism: 1.83x
[1867.000s][info][gc,stats    ]   CTR: <total>                     1476 us
[1867.000s][info][gc,stats    ]   CTR: Thread Roots                1476 us, workers (us): 739, 736, ---, ---, 
[1867.000s][info][gc,stats    ] Concurrent Weak References          801 us, parallelism: 0.93x
[1867.000s][info][gc,stats    ]   CWRF: <total>                     742 us
[1867.000s][info][gc,stats    ]   CWRF: Weak References             742 us, workers (us):  49, 693, ---, ---, 
[1867.000s][info][gc,stats    ] Concurrent Weak Roots               978 us
[1867.000s][info][gc,stats    ]   Roots                             875 us, parallelism: 1.80x
[1867.000s][info][gc,stats    ]     CWR: <total>                   1577 us
[1867.000s][info][gc,stats    ]     CWR: VM Weak Roots             1577 us, workers (us): 789, 788, ---, ---, 
[1867.000s][info][gc,stats    ]   Rendezvous                         56 us
[1867.000s][info][gc,stats    ] Concurrent Cleanup                   58 us
[1867.000s][info][gc,stats    ] Concurrent Strong Roots            6059 us, parallelism: 1.94x
[1867.000s][info][gc,stats    ]   CSR: <total>                    11736 us
[1867.000s][info][gc,stats    ]   CSR: Code Cache Roots           11439 us, workers (us): 5635, 5804, ---, ---, 
[1867.000s][info][gc,stats    ]   CSR: VM Strong Roots                9 us, workers (us):   9,   0, ---, ---, 
[1867.000s][info][gc,stats    ]   CSR: CLDG Roots                   287 us, workers (us): 287, ---, ---, ---, 
[1867.000s][info][gc,stats    ] Concurrent Evacuation             55201 us
[1867.000s][info][gc,stats    ] Pause Init Update Refs (G)           98 us
[1867.000s][info][gc,stats    ] Pause Init Update Refs (N)           54 us
[1867.000s][info][gc,stats    ]   Manage GCLABs                       6 us
[1867.000s][info][gc,stats    ] Concurrent Update Refs           143563 us
[1867.000s][info][gc,stats    ] Concurrent Update Thread Roots     1493 us
[1867.000s][info][gc,stats    ] Pause Final Update Refs (G)         262 us
[1867.000s][info][gc,stats    ] Pause Final Update Refs (N)         187 us
[1867.000s][info][gc,stats    ]   Update Region States               68 us
[1867.000s][info][gc,stats    ]   Trash Collection Set               22 us
[1867.000s][info][gc,stats    ]   Rebuild Free Set                   14 us
[1867.000s][info][gc,stats    ] Concurrent Cleanup                   95 us
[1867.000s][info][gc,stats    ] 
[1867.001s][info][gc,stats    ] Allocation pacing accrued:
[1867.001s][info][gc,stats    ]       0 of 12626 ms (  0.0%): <total>
[1867.001s][info][gc,stats    ]       0 of 12626 ms (  0.0%): <average total>
[1867.001s][info][gc,stats    ] 
[1867.001s][info][gc,metaspace] Metaspace: 136402K(137856K)->136402K(137856K) NonClass: 115330K(116160K)->115330K(116160K) Class: 21072K(21696K)->21072K(21696K)
[1867.001s][info][gc,ergo     ] Pacer for Idle. Initial: 163M, Alloc Tax Rate: 1.0x
[1877.152s][info][gc          ] Trigger: Free (815M) is below minimum threshold (819M)
[1877.153s][info][gc,ergo     ] Free: 815M, Max: 4096K regular, 376M humongous, Frag: 53% external, 0% internal; Reserve: 412M, Max: 4096K
[1877.153s][info][gc,start    ] GC(190) Concurrent reset
[1877.153s][info][gc,task     ] GC(190) Using 2 of 4 workers for concurrent reset
[1877.153s][info][gc,ergo     ] GC(190) Pacer for Reset. Non-Taxable: 8192M
[1877.168s][info][gc          ] GC(190) Concurrent reset 15.249ms
[1877.168s][info][gc,start    ] GC(190) Pause Init Mark
[1877.168s][info][gc,task     ] GC(190) Using 4 of 4 workers for init marking
[1877.168s][info][gc,ergo     ] GC(190) Pacer for Mark. Expected Live: 469M, Free: 815M, Non-Taxable: 83542K, Alloc Tax Rate: 0.7x
[1877.168s][info][gc          ] GC(190) Pause Init Mark 0.109ms
[1877.168s][info][gc,start    ] GC(190) Concurrent marking roots
[1877.168s][info][gc,task     ] GC(190) Using 2 of 4 workers for concurrent marking roots
[1877.176s][info][gc          ] GC(190) Concurrent marking roots 8.270ms
[1877.176s][info][gc,start    ] GC(190) Concurrent marking
[1877.176s][info][gc,task     ] GC(190) Using 2 of 4 workers for concurrent marking
[1877.404s][info][gc          ] GC(190) Concurrent marking 227.359ms
[1877.404s][info][gc,start    ] GC(190) Pause Final Mark
[1877.404s][info][gc,task     ] GC(190) Using 4 of 4 workers for final marking
[1877.404s][info][gc,ergo     ] GC(190) Adaptive CSet Selection. Target Free: 1160M, Actual Free: 2008M, Max CSet: 341M, Min Garbage: 0B
[1877.404s][info][gc,ergo     ] GC(190) Collectable Garbage: 6456M (99%), Immediate: 924M (14%), CSet: 5532M (85%)
[1877.404s][info][gc,ergo     ] GC(190) Pacer for Evacuation. Used CSet: 5632M, Free: 1611M, Non-Taxable: 161M, Alloc Tax Rate: 8.5x
[1877.404s][info][gc          ] GC(190) Pause Final Mark 0.340ms
[1877.404s][info][gc,start    ] GC(190) Concurrent thread roots
[1877.404s][info][gc,task     ] GC(190) Using 2 of 4 workers for Concurrent thread roots
[1877.405s][info][gc          ] GC(190) Concurrent thread roots 0.729ms
[1877.405s][info][gc,start    ] GC(190) Concurrent weak references
[1877.405s][info][gc,task     ] GC(190) Using 2 of 4 workers for concurrent weak references
[1877.405s][info][gc,ref      ] GC(190) Encountered references: Soft: 6557, Weak: 23694, Final: 34, Phantom: 1339
[1877.405s][info][gc,ref      ] GC(190) Discovered  references: Soft: 0, Weak: 2279, Final: 33, Phantom: 987
[1877.405s][info][gc,ref      ] GC(190) Enqueued    references: Soft: 0, Weak: 1, Final: 0, Phantom: 0
[1877.405s][info][gc          ] GC(190) Concurrent weak references 0.301ms
[1877.405s][info][gc,start    ] GC(190) Concurrent weak roots
[1877.405s][info][gc,task     ] GC(190) Using 2 of 4 workers for concurrent weak root
[1877.406s][info][gc          ] GC(190) Concurrent weak roots 0.952ms
[1877.406s][info][gc,start    ] GC(190) Concurrent cleanup
[1877.406s][info][gc          ] GC(190) Concurrent cleanup 7100M->6176M(8192M) 0.029ms
[1877.406s][info][gc,ergo     ] GC(190) Free: 1603M, Max: 4096K regular, 376M humongous, Frag: 77% external, 0% internal; Reserve: 411M, Max: 4096K
[1877.406s][info][gc,start    ] GC(190) Concurrent strong roots
[1877.406s][info][gc,task     ] GC(190) Using 2 of 4 workers for concurrent strong root
[1877.412s][info][gc          ] GC(190) Concurrent strong roots 6.156ms
[1877.412s][info][gc,start    ] GC(190) Concurrent evacuation
[1877.412s][info][gc,task     ] GC(190) Using 2 of 4 workers for concurrent evacuation
[1877.460s][info][gc          ] GC(190) Concurrent evacuation 47.567ms
[1877.460s][info][gc,start    ] GC(190) Pause Init Update Refs
[1877.460s][info][gc,ergo     ] GC(190) Pacer for Update Refs. Used: 6296M, Free: 1587M, Non-Taxable: 158M, Alloc Tax Rate: 4.8x
[1877.460s][info][gc          ] GC(190) Pause Init Update Refs 0.045ms
[1877.460s][info][gc,start    ] GC(190) Concurrent update references
[1877.460s][info][gc,task     ] GC(190) Using 2 of 4 workers for concurrent reference update
[1877.601s][info][gc          ] GC(190) Concurrent update references 141.007ms
[1877.601s][info][gc,start    ] GC(190) Concurrent update thread roots
[1877.603s][info][gc          ] GC(190) Concurrent update thread roots 1.386ms
[1877.603s][info][gc,start    ] GC(190) Pause Final Update Refs
[1877.603s][info][gc,task     ] GC(190) Using 4 of 4 workers for final reference update
[1877.603s][info][gc          ] GC(190) Pause Final Update Refs 0.102ms
[1877.603s][info][gc,start    ] GC(190) Concurrent cleanup
[1877.603s][info][gc          ] GC(190) Concurrent cleanup 6392M->760M(8192M) 0.065ms
[1877.603s][info][gc,ergo     ] Free: 7019M, Max: 4096K regular, 5200M humongous, Frag: 26% external, 0% internal; Reserve: 412M, Max: 4096K
[1877.603s][info][gc,stats    ] 
[1877.603s][info][gc,stats    ] All times are wall-clock times, except per-root-class counters, that are sum over
[1877.603s][info][gc,stats    ] all workers. Dividing the <total> over the root stage time estimates parallelism.
[1877.603s][info][gc,stats    ] 
[1877.603s][info][gc,stats    ] Concurrent Reset                  15327 us
[1877.603s][info][gc,stats    ] Pause Init Mark (G)                 159 us
[1877.603s][info][gc,stats    ] Pause Init Mark (N)                 122 us
[1877.603s][info][gc,stats    ]   Update Region States               37 us
[1877.603s][info][gc,stats    ] Concurrent Mark Roots              8294 us, parallelism: 1.96x
[1877.603s][info][gc,stats    ]   CMR: <total>                    16229 us
[1877.603s][info][gc,stats    ]   CMR: Thread Roots                1471 us, workers (us): 667, 804, ---, ---, 
[1877.603s][info][gc,stats    ]   CMR: Code Cache Roots           14062 us, workers (us): 6768, 7294, ---, ---, 
[1877.603s][info][gc,stats    ]   CMR: VM Strong Roots               13 us, workers (us):  13,   0, ---, ---, 
[1877.603s][info][gc,stats    ]   CMR: CLDG Roots                   683 us, workers (us): 683, ---, ---, ---, 
[1877.603s][info][gc,stats    ] Concurrent Marking               227405 us
[1877.603s][info][gc,stats    ] Pause Final Mark (G)                384 us
[1877.603s][info][gc,stats    ] Pause Final Mark (N)                364 us
[1877.603s][info][gc,stats    ]   Finish Mark                        69 us
[1877.603s][info][gc,stats    ]   Update Region States               42 us
[1877.603s][info][gc,stats    ]   Choose Collection Set             161 us
[1877.603s][info][gc,stats    ]   Rebuild Free Set                    9 us
[1877.603s][info][gc,stats    ] Concurrent Thread Roots             750 us, parallelism: 1.78x
[1877.603s][info][gc,stats    ]   CTR: <total>                     1337 us
[1877.603s][info][gc,stats    ]   CTR: Thread Roots                1337 us, workers (us): 665, 672, ---, ---, 
[1877.603s][info][gc,stats    ] Concurrent Weak References          312 us, parallelism: 0.65x
[1877.603s][info][gc,stats    ]   CWRF: <total>                     203 us
[1877.603s][info][gc,stats    ]   CWRF: Weak References             203 us, workers (us): 193,  10, ---, ---, 
[1877.603s][info][gc,stats    ] Concurrent Weak Roots               972 us
[1877.603s][info][gc,stats    ]   Roots                             890 us, parallelism: 1.71x
[1877.603s][info][gc,stats    ]     CWR: <total>                   1524 us
[1877.603s][info][gc,stats    ]     CWR: VM Weak Roots             1524 us, workers (us): 776, 748, ---, ---, 
[1877.603s][info][gc,stats    ]   Rendezvous                         35 us
[1877.603s][info][gc,stats    ] Concurrent Cleanup                   42 us
[1877.603s][info][gc,stats    ] Concurrent Strong Roots            6185 us, parallelism: 1.95x
[1877.603s][info][gc,stats    ]   CSR: <total>                    12090 us
[1877.603s][info][gc,stats    ]   CSR: Code Cache Roots           11821 us, workers (us): 5832, 5989, ---, ---, 
[1877.603s][info][gc,stats    ]   CSR: VM Strong Roots                9 us, workers (us):   5,   4, ---, ---, 
[1877.603s][info][gc,stats    ]   CSR: CLDG Roots                   260 us, workers (us): 260, ---, ---, ---, 
[1877.603s][info][gc,stats    ] Concurrent Evacuation             47613 us
[1877.603s][info][gc,stats    ] Pause Init Update Refs (G)          108 us
[1877.603s][info][gc,stats    ] Pause Init Update Refs (N)           56 us
[1877.603s][info][gc,stats    ]   Manage GCLABs                       6 us
[1877.603s][info][gc,stats    ] Concurrent Update Refs           141043 us
[1877.603s][info][gc,stats    ] Concurrent Update Thread Roots     1401 us
[1877.603s][info][gc,stats    ] Pause Final Update Refs (G)         144 us
[1877.603s][info][gc,stats    ] Pause Final Update Refs (N)         117 us
[1877.603s][info][gc,stats    ]   Update Region States               38 us
[1877.603s][info][gc,stats    ]   Trash Collection Set               16 us
[1877.603s][info][gc,stats    ]   Rebuild Free Set                   10 us
[1877.603s][info][gc,stats    ] Concurrent Cleanup                   78 us
[1877.603s][info][gc,stats    ] 
[1877.603s][info][gc,stats    ] Allocation pacing accrued:
[1877.603s][info][gc,stats    ]       0 of 10603 ms (  0.0%): <total>
[1877.603s][info][gc,stats    ]       0 of 10603 ms (  0.0%): <average total>
[1877.603s][info][gc,stats    ] 
[1877.603s][info][gc,metaspace] Metaspace: 136402K(137856K)->136402K(137856K) NonClass: 115330K(116160K)->115330K(116160K) Class: 21072K(21696K)->21072K(21696K)
[1877.603s][info][gc,ergo     ] Pacer for Idle. Initial: 163M, Alloc Tax Rate: 1.0x
[1889.826s][info][gc          ] Trigger: Free (815M) is below minimum threshold (819M)
[1889.826s][info][gc,ergo     ] Free: 815M, Max: 4096K regular, 376M humongous, Frag: 53% external, 0% internal; Reserve: 412M, Max: 4096K
[1889.826s][info][gc,start    ] GC(191) Concurrent reset
[1889.826s][info][gc,task     ] GC(191) Using 2 of 4 workers for concurrent reset
[1889.826s][info][gc,ergo     ] GC(191) Pacer for Reset. Non-Taxable: 8192M
[1889.844s][info][gc          ] GC(191) Concurrent reset 17.722ms
[1889.844s][info][gc,start    ] GC(191) Pause Init Mark
[1889.844s][info][gc,task     ] GC(191) Using 4 of 4 workers for init marking
[1889.844s][info][gc,ergo     ] GC(191) Pacer for Mark. Expected Live: 470M, Free: 807M, Non-Taxable: 82702K, Alloc Tax Rate: 0.7x
[1889.844s][info][gc          ] GC(191) Pause Init Mark 0.099ms
[1889.844s][info][gc,start    ] GC(191) Concurrent marking roots
[1889.844s][info][gc,task     ] GC(191) Using 2 of 4 workers for concurrent marking roots
[1889.853s][info][gc          ] GC(191) Concurrent marking roots 8.956ms
[1889.853s][info][gc,start    ] GC(191) Concurrent marking
[1889.853s][info][gc,task     ] GC(191) Using 2 of 4 workers for concurrent marking
[1890.074s][info][gc          ] GC(191) Concurrent marking 221.186ms
[1890.074s][info][gc,start    ] GC(191) Pause Final Mark
[1890.074s][info][gc,task     ] GC(191) Using 4 of 4 workers for final marking
[1890.075s][info][gc,ergo     ] GC(191) Adaptive CSet Selection. Target Free: 1160M, Actual Free: 1904M, Max CSet: 341M, Min Garbage: 0B
[1890.075s][info][gc,ergo     ] GC(191) Collectable Garbage: 6472M (99%), Immediate: 828M (12%), CSet: 5644M (86%)
[1890.075s][info][gc,ergo     ] GC(191) Pacer for Evacuation. Used CSet: 5736M, Free: 1507M, Non-Taxable: 150M, Alloc Tax Rate: 9.3x
[1890.075s][info][gc          ] GC(191) Pause Final Mark 0.425ms
[1890.075s][info][gc,start    ] GC(191) Concurrent thread roots
[1890.075s][info][gc,task     ] GC(191) Using 2 of 4 workers for Concurrent thread roots
[1890.076s][info][gc          ] GC(191) Concurrent thread roots 0.830ms
[1890.076s][info][gc,start    ] GC(191) Concurrent weak references
[1890.076s][info][gc,task     ] GC(191) Using 2 of 4 workers for concurrent weak references
[1890.076s][info][gc,ref      ] GC(191) Encountered references: Soft: 6557, Weak: 23698, Final: 34, Phantom: 1345
[1890.076s][info][gc,ref      ] GC(191) Discovered  references: Soft: 0, Weak: 5979, Final: 33, Phantom: 993
[1890.076s][info][gc,ref      ] GC(191) Enqueued    references: Soft: 0, Weak: 3, Final: 0, Phantom: 0
[1890.076s][info][gc          ] GC(191) Concurrent weak references 0.331ms
[1890.076s][info][gc,start    ] GC(191) Concurrent weak roots
[1890.076s][info][gc,task     ] GC(191) Using 2 of 4 workers for concurrent weak root
[1890.077s][info][gc          ] GC(191) Concurrent weak roots 0.971ms
[1890.077s][info][gc,start    ] GC(191) Concurrent cleanup
[1890.077s][info][gc          ] GC(191) Concurrent cleanup 7108M->6280M(8192M) 0.025ms
[1890.077s][info][gc,ergo     ] GC(191) Free: 1499M, Max: 4096K regular, 376M humongous, Frag: 75% external, 0% internal; Reserve: 411M, Max: 4096K
[1890.077s][info][gc,start    ] GC(191) Concurrent strong roots
[1890.077s][info][gc,task     ] GC(191) Using 2 of 4 workers for concurrent strong root
[1890.083s][info][gc          ] GC(191) Concurrent strong roots 6.231ms
[1890.083s][info][gc,start    ] GC(191) Concurrent evacuation
[1890.083s][info][gc,task     ] GC(191) Using 2 of 4 workers for concurrent evacuation
[1890.134s][info][gc          ] GC(191) Concurrent evacuation 51.104ms
[1890.135s][info][gc,start    ] GC(191) Pause Init Update Refs
[1890.135s][info][gc,ergo     ] GC(191) Pacer for Update Refs. Used: 6404M, Free: 1471M, Non-Taxable: 147M, Alloc Tax Rate: 5.3x
[1890.135s][info][gc          ] GC(191) Pause Init Update Refs 0.044ms
[1890.135s][info][gc,start    ] GC(191) Concurrent update references
[1890.135s][info][gc,task     ] GC(191) Using 2 of 4 workers for concurrent reference update
[1890.272s][info][gc          ] GC(191) Concurrent update references 137.486ms
[1890.272s][info][gc,start    ] GC(191) Concurrent update thread roots
[1890.274s][info][gc          ] GC(191) Concurrent update thread roots 1.398ms
[1890.274s][info][gc,start    ] GC(191) Pause Final Update Refs
[1890.274s][info][gc,task     ] GC(191) Using 4 of 4 workers for final reference update
[1890.274s][info][gc          ] GC(191) Pause Final Update Refs 0.090ms
[1890.274s][info][gc,start    ] GC(191) Concurrent cleanup
[1890.274s][info][gc          ] GC(191) Concurrent cleanup 6476M->740M(8192M) 0.076ms
[1890.274s][info][gc,ergo     ] Free: 7039M, Max: 4096K regular, 5244M humongous, Frag: 26% external, 0% internal; Reserve: 412M, Max: 4096K
[1890.274s][info][gc,stats    ] 
[1890.274s][info][gc,stats    ] All times are wall-clock times, except per-root-class counters, that are sum over
[1890.274s][info][gc,stats    ] all workers. Dividing the <total> over the root stage time estimates parallelism.
[1890.274s][info][gc,stats    ] 
[1890.274s][info][gc,stats    ] Concurrent Reset                  17833 us
[1890.274s][info][gc,stats    ] Pause Init Mark (G)                 311 us
[1890.274s][info][gc,stats    ] Pause Init Mark (N)                 110 us
[1890.274s][info][gc,stats    ]   Update Region States               38 us
[1890.274s][info][gc,stats    ] Concurrent Mark Roots              8994 us, parallelism: 1.95x
[1890.274s][info][gc,stats    ]   CMR: <total>                    17497 us
[1890.274s][info][gc,stats    ]   CMR: Thread Roots                1375 us, workers (us): 640, 735, ---, ---, 
[1890.274s][info][gc,stats    ]   CMR: Code Cache Roots           15305 us, workers (us): 7304, 8000, ---, ---, 
[1890.274s][info][gc,stats    ]   CMR: VM Strong Roots               14 us, workers (us):  14,   0, ---, ---, 
[1890.274s][info][gc,stats    ]   CMR: CLDG Roots                   803 us, workers (us): 803, ---, ---, ---, 
[1890.274s][info][gc,stats    ] Concurrent Marking               221227 us
[1890.274s][info][gc,stats    ] Pause Final Mark (G)                530 us
[1890.274s][info][gc,stats    ] Pause Final Mark (N)                438 us
[1890.274s][info][gc,stats    ]   Finish Mark                       106 us
[1890.274s][info][gc,stats    ]   Update Region States               81 us
[1890.274s][info][gc,stats    ]   Choose Collection Set             167 us
[1890.274s][info][gc,stats    ]   Rebuild Free Set                    9 us
[1890.274s][info][gc,stats    ] Concurrent Thread Roots             850 us, parallelism: 1.81x
[1890.274s][info][gc,stats    ]   CTR: <total>                     1541 us
[1890.274s][info][gc,stats    ]   CTR: Thread Roots                1541 us, workers (us): 783, 757, ---, ---, 
[1890.274s][info][gc,stats    ] Concurrent Weak References          342 us, parallelism: 1.17x
[1890.274s][info][gc,stats    ]   CWRF: <total>                     401 us
[1890.274s][info][gc,stats    ]   CWRF: Weak References             401 us, workers (us): 185, 216, ---, ---, 
[1890.274s][info][gc,stats    ] Concurrent Weak Roots               987 us
[1890.274s][info][gc,stats    ]   Roots                             922 us, parallelism: 1.74x
[1890.274s][info][gc,stats    ]     CWR: <total>                   1604 us
[1890.274s][info][gc,stats    ]     CWR: VM Weak Roots             1604 us, workers (us): 803, 801, ---, ---, 
[1890.274s][info][gc,stats    ]   Rendezvous                         27 us
[1890.274s][info][gc,stats    ] Concurrent Cleanup                   37 us
[1890.274s][info][gc,stats    ] Concurrent Strong Roots            6262 us, parallelism: 1.95x
[1890.274s][info][gc,stats    ]   CSR: <total>                    12204 us
[1890.274s][info][gc,stats    ]   CSR: Code Cache Roots           11970 us, workers (us): 5923, 6047, ---, ---, 
[1890.274s][info][gc,stats    ]   CSR: VM Strong Roots                7 us, workers (us):   7,   0, ---, ---, 
[1890.274s][info][gc,stats    ]   CSR: CLDG Roots                   227 us, workers (us): 227, ---, ---, ---, 
[1890.274s][info][gc,stats    ] Concurrent Evacuation             51140 us
[1890.274s][info][gc,stats    ] Pause Init Update Refs (G)          140 us
[1890.274s][info][gc,stats    ] Pause Init Update Refs (N)           56 us
[1890.274s][info][gc,stats    ]   Manage GCLABs                       7 us
[1890.274s][info][gc,stats    ] Concurrent Update Refs           137533 us
[1890.274s][info][gc,stats    ] Concurrent Update Thread Roots     1424 us
[1890.274s][info][gc,stats    ] Pause Final Update Refs (G)         135 us
[1890.274s][info][gc,stats    ] Pause Final Update Refs (N)         114 us
[1890.274s][info][gc,stats    ]   Update Region States               27 us
[1890.274s][info][gc,stats    ]   Trash Collection Set               15 us
[1890.274s][info][gc,stats    ]   Rebuild Free Set                    9 us
[1890.274s][info][gc,stats    ] Concurrent Cleanup                   91 us
[1890.274s][info][gc,stats    ] 
[1890.274s][info][gc,stats    ] Allocation pacing accrued:
[1890.274s][info][gc,stats    ]       0 of 12671 ms (  0.0%): <total>
[1890.274s][info][gc,stats    ]       0 of 12671 ms (  0.0%): <average total>
[1890.274s][info][gc,stats    ] 
[1890.274s][info][gc,metaspace] Metaspace: 136403K(137856K)->136403K(137856K) NonClass: 115331K(116160K)->115331K(116160K) Class: 21072K(21696K)->21072K(21696K)
[1890.274s][info][gc,ergo     ] Pacer for Idle. Initial: 163M, Alloc Tax Rate: 1.0x
[1902.007s][info][gc          ] Trigger: Free (815M) is below minimum threshold (819M)
[1902.007s][info][gc,ergo     ] Free: 815M, Max: 4096K regular, 376M humongous, Frag: 53% external, 0% internal; Reserve: 412M, Max: 4096K
[1902.007s][info][gc,start    ] GC(192) Concurrent reset
[1902.007s][info][gc,task     ] GC(192) Using 2 of 4 workers for concurrent reset
[1902.007s][info][gc,ergo     ] GC(192) Pacer for Reset. Non-Taxable: 8192M
[1902.023s][info][gc          ] GC(192) Concurrent reset 15.955ms
[1902.023s][info][gc,start    ] GC(192) Pause Init Mark
[1902.023s][info][gc,task     ] GC(192) Using 4 of 4 workers for init marking
[1902.024s][info][gc,ergo     ] GC(192) Pacer for Mark. Expected Live: 469M, Free: 815M, Non-Taxable: 83520K, Alloc Tax Rate: 0.7x
[1902.024s][info][gc          ] GC(192) Pause Init Mark 0.117ms
[1902.024s][info][gc,start    ] GC(192) Concurrent marking roots
[1902.024s][info][gc,task     ] GC(192) Using 2 of 4 workers for concurrent marking roots
[1902.032s][info][gc          ] GC(192) Concurrent marking roots 8.285ms
[1902.032s][info][gc,start    ] GC(192) Concurrent marking
[1902.032s][info][gc,task     ] GC(192) Using 2 of 4 workers for concurrent marking
[1902.262s][info][gc          ] GC(192) Concurrent marking 229.993ms
[1902.262s][info][gc,start    ] GC(192) Pause Final Mark
[1902.262s][info][gc,task     ] GC(192) Using 4 of 4 workers for final marking
[1902.262s][info][gc,ergo     ] GC(192) Adaptive CSet Selection. Target Free: 1160M, Actual Free: 2128M, Max CSet: 341M, Min Garbage: 0B
[1902.262s][info][gc,ergo     ] GC(192) Collectable Garbage: 6471M (99%), Immediate: 1048M (16%), CSet: 5423M (83%)
[1902.262s][info][gc,ergo     ] GC(192) Pacer for Evacuation. Used CSet: 5508M, Free: 1735M, Non-Taxable: 173M, Alloc Tax Rate: 7.8x
[1902.262s][info][gc          ] GC(192) Pause Final Mark 0.318ms
[1902.262s][info][gc,start    ] GC(192) Concurrent thread roots
[1902.262s][info][gc,task     ] GC(192) Using 2 of 4 workers for Concurrent thread roots
[1902.263s][info][gc          ] GC(192) Concurrent thread roots 0.774ms
[1902.263s][info][gc,start    ] GC(192) Concurrent weak references
[1902.263s][info][gc,task     ] GC(192) Using 2 of 4 workers for concurrent weak references
[1902.264s][info][gc,ref      ] GC(192) Encountered references: Soft: 6557, Weak: 23700, Final: 34, Phantom: 1348
[1902.264s][info][gc,ref      ] GC(192) Discovered  references: Soft: 0, Weak: 11761, Final: 0, Phantom: 993
[1902.264s][info][gc,ref      ] GC(192) Enqueued    references: Soft: 0, Weak: 4, Final: 0, Phantom: 0
[1902.264s][info][gc          ] GC(192) Concurrent weak references 0.593ms
[1902.264s][info][gc,start    ] GC(192) Concurrent weak roots
[1902.264s][info][gc,task     ] GC(192) Using 2 of 4 workers for concurrent weak root
[1902.265s][info][gc          ] GC(192) Concurrent weak roots 0.977ms
[1902.265s][info][gc,start    ] GC(192) Concurrent cleanup
[1902.265s][info][gc          ] GC(192) Concurrent cleanup 7100M->6052M(8192M) 0.030ms
[1902.265s][info][gc,ergo     ] GC(192) Free: 1727M, Max: 4096K regular, 376M humongous, Frag: 78% external, 0% internal; Reserve: 411M, Max: 4096K
[1902.265s][info][gc,start    ] GC(192) Concurrent strong roots
[1902.265s][info][gc,task     ] GC(192) Using 2 of 4 workers for concurrent strong root
[1902.271s][info][gc          ] GC(192) Concurrent strong roots 6.457ms
[1902.271s][info][gc,start    ] GC(192) Concurrent evacuation
[1902.271s][info][gc,task     ] GC(192) Using 2 of 4 workers for concurrent evacuation
[1902.312s][info][gc          ] GC(192) Concurrent evacuation 41.085ms
[1902.312s][info][gc,start    ] GC(192) Pause Init Update Refs
[1902.313s][info][gc,ergo     ] GC(192) Pacer for Update Refs. Used: 6156M, Free: 1715M, Non-Taxable: 171M, Alloc Tax Rate: 4.4x
[1902.313s][info][gc          ] GC(192) Pause Init Update Refs 0.044ms
[1902.313s][info][gc,start    ] GC(192) Concurrent update references
[1902.313s][info][gc,task     ] GC(192) Using 2 of 4 workers for concurrent reference update
[1902.446s][info][gc          ] GC(192) Concurrent update references 133.334ms
[1902.446s][info][gc,start    ] GC(192) Concurrent update thread roots
[1902.447s][info][gc          ] GC(192) Concurrent update thread roots 1.444ms
[1902.447s][info][gc,start    ] GC(192) Pause Final Update Refs
[1902.447s][info][gc,task     ] GC(192) Using 4 of 4 workers for final reference update
[1902.448s][info][gc          ] GC(192) Pause Final Update Refs 0.116ms
[1902.448s][info][gc,start    ] GC(192) Concurrent cleanup
[1902.448s][info][gc          ] GC(192) Concurrent cleanup 6188M->680M(8192M) 0.076ms
[1902.448s][info][gc,ergo     ] Free: 7099M, Max: 4096K regular, 5232M humongous, Frag: 27% external, 0% internal; Reserve: 412M, Max: 4096K
[1902.448s][info][gc,stats    ] 
[1902.448s][info][gc,stats    ] All times are wall-clock times, except per-root-class counters, that are sum over
[1902.448s][info][gc,stats    ] all workers. Dividing the <total> over the root stage time estimates parallelism.
[1902.448s][info][gc,stats    ] 
[1902.448s][info][gc,stats    ] Concurrent Reset                  16018 us
[1902.448s][info][gc,stats    ] Pause Init Mark (G)                 178 us
[1902.448s][info][gc,stats    ] Pause Init Mark (N)                 127 us
[1902.448s][info][gc,stats    ]   Update Region States               56 us
[1902.448s][info][gc,stats    ] Concurrent Mark Roots              8308 us, parallelism: 1.95x
[1902.448s][info][gc,stats    ]   CMR: <total>                    16231 us
[1902.448s][info][gc,stats    ]   CMR: Thread Roots                1494 us, workers (us): 822, 672, ---, ---, 
[1902.448s][info][gc,stats    ]   CMR: Code Cache Roots           14044 us, workers (us): 6613, 7431, ---, ---, 
[1902.448s][info][gc,stats    ]   CMR: VM Strong Roots               14 us, workers (us):  14,   0, ---, ---, 
[1902.448s][info][gc,stats    ]   CMR: CLDG Roots                   679 us, workers (us): 679, ---, ---, ---, 
[1902.448s][info][gc,stats    ] Concurrent Marking               230041 us
[1902.448s][info][gc,stats    ] Pause Final Mark (G)                385 us
[1902.448s][info][gc,stats    ] Pause Final Mark (N)                329 us
[1902.448s][info][gc,stats    ]   Finish Mark                        77 us
[1902.448s][info][gc,stats    ]   Update Region States               16 us
[1902.448s][info][gc,stats    ]   Choose Collection Set             160 us
[1902.448s][info][gc,stats    ]   Rebuild Free Set                    9 us
[1902.448s][info][gc,stats    ] Concurrent Thread Roots             796 us, parallelism: 1.83x
[1902.448s][info][gc,stats    ]   CTR: <total>                     1456 us
[1902.448s][info][gc,stats    ]   CTR: Thread Roots                1456 us, workers (us): 725, 732, ---, ---, 
[1902.448s][info][gc,stats    ] Concurrent Weak References          604 us, parallelism: 0.94x
[1902.448s][info][gc,stats    ]   CWRF: <total>                     566 us
[1902.448s][info][gc,stats    ]   CWRF: Weak References             566 us, workers (us):  50, 516, ---, ---, 
[1902.448s][info][gc,stats    ] Concurrent Weak Roots               996 us
[1902.448s][info][gc,stats    ]   Roots                             911 us, parallelism: 1.74x
[1902.448s][info][gc,stats    ]     CWR: <total>                   1583 us
[1902.448s][info][gc,stats    ]     CWR: VM Weak Roots             1583 us, workers (us): 808, 774, ---, ---, 
[1902.448s][info][gc,stats    ]   Rendezvous                         44 us
[1902.448s][info][gc,stats    ] Concurrent Cleanup                   43 us
[1902.448s][info][gc,stats    ] Concurrent Strong Roots            6500 us, parallelism: 1.95x
[1902.448s][info][gc,stats    ]   CSR: <total>                    12667 us
[1902.448s][info][gc,stats    ]   CSR: Code Cache Roots           12412 us, workers (us): 6357, 6055, ---, ---, 
[1902.448s][info][gc,stats    ]   CSR: VM Strong Roots                9 us, workers (us):   5,   4, ---, ---, 
[1902.448s][info][gc,stats    ]   CSR: CLDG Roots                   246 us, workers (us): ---, 246, ---, ---, 
[1902.448s][info][gc,stats    ] Concurrent Evacuation             41131 us
[1902.448s][info][gc,stats    ] Pause Init Update Refs (G)          114 us
[1902.448s][info][gc,stats    ] Pause Init Update Refs (N)           55 us
[1902.448s][info][gc,stats    ]   Manage GCLABs                       5 us
[1902.448s][info][gc,stats    ] Concurrent Update Refs           133375 us
[1902.448s][info][gc,stats    ] Concurrent Update Thread Roots     1467 us
[1902.448s][info][gc,stats    ] Pause Final Update Refs (G)         186 us
[1902.448s][info][gc,stats    ] Pause Final Update Refs (N)         130 us
[1902.448s][info][gc,stats    ]   Update Region States               51 us
[1902.448s][info][gc,stats    ]   Trash Collection Set               15 us
[1902.448s][info][gc,stats    ]   Rebuild Free Set                   10 us
[1902.448s][info][gc,stats    ] Concurrent Cleanup                   90 us
[1902.448s][info][gc,stats    ] 
[1902.448s][info][gc,stats    ] Allocation pacing accrued:
[1902.448s][info][gc,stats    ]       0 of 12174 ms (  0.0%): <total>
[1902.448s][info][gc,stats    ]       0 of 12174 ms (  0.0%): <average total>
[1902.448s][info][gc,stats    ] 
[1902.448s][info][gc,metaspace] Metaspace: 136404K(137856K)->136404K(137856K) NonClass: 115331K(116160K)->115331K(116160K) Class: 21072K(21696K)->21072K(21696K)
[1902.448s][info][gc,ergo     ] Pacer for Idle. Initial: 163M, Alloc Tax Rate: 1.0x
[1912.767s][info][gc          ] Trigger: Free (815M) is below minimum threshold (819M)
[1912.767s][info][gc,ergo     ] Free: 815M, Max: 4096K regular, 376M humongous, Frag: 53% external, 0% internal; Reserve: 412M, Max: 4096K
[1912.767s][info][gc,start    ] GC(193) Concurrent reset
[1912.767s][info][gc,task     ] GC(193) Using 2 of 4 workers for concurrent reset
[1912.767s][info][gc,ergo     ] GC(193) Pacer for Reset. Non-Taxable: 8192M
[1912.788s][info][gc          ] GC(193) Concurrent reset 21.435ms
[1912.788s][info][gc,start    ] GC(193) Pause Init Mark
[1912.788s][info][gc,task     ] GC(193) Using 4 of 4 workers for init marking
[1912.789s][info][gc,ergo     ] GC(193) Pacer for Mark. Expected Live: 468M, Free: 810M, Non-Taxable: 83014K, Alloc Tax Rate: 0.7x
[1912.789s][info][gc          ] GC(193) Pause Init Mark 0.106ms
[1912.789s][info][gc,start    ] GC(193) Concurrent marking roots
[1912.789s][info][gc,task     ] GC(193) Using 2 of 4 workers for concurrent marking roots
[1912.799s][info][gc          ] GC(193) Concurrent marking roots 10.686ms
[1912.799s][info][gc,start    ] GC(193) Concurrent marking
[1912.799s][info][gc,task     ] GC(193) Using 2 of 4 workers for concurrent marking
[1913.019s][info][gc          ] GC(193) Concurrent marking 219.931ms
[1913.019s][info][gc,start    ] GC(193) Pause Final Mark
[1913.019s][info][gc,task     ] GC(193) Using 4 of 4 workers for final marking
[1913.019s][info][gc,ergo     ] GC(193) Adaptive CSet Selection. Target Free: 1160M, Actual Free: 2184M, Max CSet: 341M, Min Garbage: 0B
[1913.020s][info][gc,ergo     ] GC(193) Collectable Garbage: 6475M (99%), Immediate: 1116M (17%), CSet: 5359M (82%)
[1913.020s][info][gc,ergo     ] GC(193) Pacer for Evacuation. Used CSet: 5444M, Free: 1787M, Non-Taxable: 178M, Alloc Tax Rate: 7.4x
[1913.020s][info][gc          ] GC(193) Pause Final Mark 0.304ms
[1913.020s][info][gc,start    ] GC(193) Concurrent thread roots
[1913.020s][info][gc,task     ] GC(193) Using 2 of 4 workers for Concurrent thread roots
[1913.020s][info][gc          ] GC(193) Concurrent thread roots 0.796ms
[1913.020s][info][gc,start    ] GC(193) Concurrent weak references
[1913.021s][info][gc,task     ] GC(193) Using 2 of 4 workers for concurrent weak references
[1913.021s][info][gc,ref      ] GC(193) Encountered references: Soft: 6557, Weak: 23703, Final: 34, Phantom: 1357
[1913.021s][info][gc,ref      ] GC(193) Discovered  references: Soft: 0, Weak: 11135, Final: 0, Phantom: 999
[1913.021s][info][gc,ref      ] GC(193) Enqueued    references: Soft: 0, Weak: 4, Final: 0, Phantom: 0
[1913.021s][info][gc          ] GC(193) Concurrent weak references 0.479ms
[1913.021s][info][gc,start    ] GC(193) Concurrent weak roots
[1913.021s][info][gc,task     ] GC(193) Using 2 of 4 workers for concurrent weak root
[1913.022s][info][gc          ] GC(193) Concurrent weak roots 0.882ms
[1913.022s][info][gc,start    ] GC(193) Concurrent cleanup
[1913.022s][info][gc          ] GC(193) Concurrent cleanup 7116M->6000M(8192M) 0.028ms
[1913.022s][info][gc,ergo     ] GC(193) Free: 1779M, Max: 4096K regular, 376M humongous, Frag: 79% external, 0% internal; Reserve: 411M, Max: 4096K
[1913.022s][info][gc,start    ] GC(193) Concurrent strong roots
[1913.022s][info][gc,task     ] GC(193) Using 2 of 4 workers for concurrent strong root
[1913.028s][info][gc          ] GC(193) Concurrent strong roots 6.496ms
[1913.028s][info][gc,start    ] GC(193) Concurrent evacuation
[1913.028s][info][gc,task     ] GC(193) Using 2 of 4 workers for concurrent evacuation
[1913.073s][info][gc          ] GC(193) Concurrent evacuation 44.564ms
[1913.073s][info][gc,start    ] GC(193) Pause Init Update Refs
[1913.073s][info][gc,ergo     ] GC(193) Pacer for Update Refs. Used: 6116M, Free: 1751M, Non-Taxable: 175M, Alloc Tax Rate: 4.3x
[1913.073s][info][gc          ] GC(193) Pause Init Update Refs 0.046ms
[1913.073s][info][gc,start    ] GC(193) Concurrent update references
[1913.073s][info][gc,task     ] GC(193) Using 2 of 4 workers for concurrent reference update
[1913.228s][info][gc          ] GC(193) Concurrent update references 154.801ms
[1913.228s][info][gc,start    ] GC(193) Concurrent update thread roots
[1913.229s][info][gc          ] GC(193) Concurrent update thread roots 1.442ms
[1913.230s][info][gc,start    ] GC(193) Pause Final Update Refs
[1913.230s][info][gc,task     ] GC(193) Using 4 of 4 workers for final reference update
[1913.230s][info][gc          ] GC(193) Pause Final Update Refs 0.091ms
[1913.230s][info][gc,start    ] GC(193) Concurrent cleanup
[1913.230s][info][gc          ] GC(193) Concurrent cleanup 6200M->756M(8192M) 0.075ms
[1913.230s][info][gc,ergo     ] Free: 7023M, Max: 4096K regular, 5252M humongous, Frag: 26% external, 0% internal; Reserve: 412M, Max: 4096K
[1913.230s][info][gc,stats    ] 
[1913.230s][info][gc,stats    ] All times are wall-clock times, except per-root-class counters, that are sum over
[1913.230s][info][gc,stats    ] all workers. Dividing the <total> over the root stage time estimates parallelism.
[1913.230s][info][gc,stats    ] 
[1913.230s][info][gc,stats    ] Concurrent Reset                  21491 us
[1913.230s][info][gc,stats    ] Pause Init Mark (G)                 242 us
[1913.230s][info][gc,stats    ] Pause Init Mark (N)                 119 us
[1913.230s][info][gc,stats    ]   Update Region States               37 us
[1913.230s][info][gc,stats    ] Concurrent Mark Roots             10750 us, parallelism: 1.95x
[1913.230s][info][gc,stats    ]   CMR: <total>                    20966 us
[1913.230s][info][gc,stats    ]   CMR: Thread Roots                1517 us, workers (us): 813, 704, ---, ---, 
[1913.230s][info][gc,stats    ]   CMR: Code Cache Roots           18593 us, workers (us): 9662, 8932, ---, ---, 
[1913.230s][info][gc,stats    ]   CMR: VM Strong Roots               20 us, workers (us):  10,  10, ---, ---, 
[1913.230s][info][gc,stats    ]   CMR: CLDG Roots                   836 us, workers (us): ---, 836, ---, ---, 
[1913.230s][info][gc,stats    ] Concurrent Marking               219981 us
[1913.230s][info][gc,stats    ] Pause Final Mark (G)                348 us
[1913.230s][info][gc,stats    ] Pause Final Mark (N)                315 us
[1913.230s][info][gc,stats    ]   Finish Mark                        64 us
[1913.230s][info][gc,stats    ]   Update Region States               14 us
[1913.230s][info][gc,stats    ]   Choose Collection Set             160 us
[1913.230s][info][gc,stats    ]   Rebuild Free Set                   10 us
[1913.230s][info][gc,stats    ] Concurrent Thread Roots             817 us, parallelism: 1.84x
[1913.230s][info][gc,stats    ]   CTR: <total>                     1500 us
[1913.230s][info][gc,stats    ]   CTR: Thread Roots                1500 us, workers (us): 749, 752, ---, ---, 
[1913.230s][info][gc,stats    ] Concurrent Weak References          492 us, parallelism: 1.16x
[1913.230s][info][gc,stats    ]   CWRF: <total>                     571 us
[1913.230s][info][gc,stats    ]   CWRF: Weak References             571 us, workers (us): 159, 411, ---, ---, 
[1913.230s][info][gc,stats    ] Concurrent Weak Roots               897 us
[1913.230s][info][gc,stats    ]   Roots                             839 us, parallelism: 1.80x
[1913.230s][info][gc,stats    ]     CWR: <total>                   1510 us
[1913.230s][info][gc,stats    ]     CWR: VM Weak Roots             1510 us, workers (us): 754, 755, ---, ---, 
[1913.230s][info][gc,stats    ]   Rendezvous                         22 us
[1913.230s][info][gc,stats    ] Concurrent Cleanup                   40 us
[1913.230s][info][gc,stats    ] Concurrent Strong Roots            6538 us, parallelism: 1.95x
[1913.230s][info][gc,stats    ]   CSR: <total>                    12742 us
[1913.230s][info][gc,stats    ]   CSR: Code Cache Roots           12501 us, workers (us): 6327, 6173, ---, ---, 
[1913.230s][info][gc,stats    ]   CSR: VM Strong Roots                8 us, workers (us):   4,   3, ---, ---, 
[1913.230s][info][gc,stats    ]   CSR: CLDG Roots                   234 us, workers (us): ---, 234, ---, ---, 
[1913.230s][info][gc,stats    ] Concurrent Evacuation             44614 us
[1913.230s][info][gc,stats    ] Pause Init Update Refs (G)           79 us
[1913.230s][info][gc,stats    ] Pause Init Update Refs (N)           57 us
[1913.230s][info][gc,stats    ]   Manage GCLABs                       6 us
[1913.230s][info][gc,stats    ] Concurrent Update Refs           154846 us
[1913.230s][info][gc,stats    ] Concurrent Update Thread Roots     1462 us
[1913.230s][info][gc,stats    ] Pause Final Update Refs (G)         171 us
[1913.230s][info][gc,stats    ] Pause Final Update Refs (N)         106 us
[1913.230s][info][gc,stats    ]   Update Region States               26 us
[1913.230s][info][gc,stats    ]   Trash Collection Set               16 us
[1913.230s][info][gc,stats    ]   Rebuild Free Set                   10 us
[1913.230s][info][gc,stats    ] Concurrent Cleanup                   89 us
[1913.230s][info][gc,stats    ] 
[1913.230s][info][gc,stats    ] Allocation pacing accrued:
[1913.230s][info][gc,stats    ]       0 of 10782 ms (  0.0%): <total>
[1913.230s][info][gc,stats    ]       0 of 10782 ms (  0.0%): <average total>
[1913.230s][info][gc,stats    ] 
[1913.230s][info][gc,metaspace] Metaspace: 136404K(137856K)->136404K(137856K) NonClass: 115331K(116160K)->115331K(116160K) Class: 21072K(21696K)->21072K(21696K)
[1913.230s][info][gc,ergo     ] Pacer for Idle. Initial: 163M, Alloc Tax Rate: 1.0x
[1923.574s][info][gc          ] Trigger: Free (818M) is below minimum threshold (819M)
[1923.574s][info][gc,ergo     ] Free: 818M, Max: 4096K regular, 376M humongous, Frag: 53% external, 0% internal; Reserve: 412M, Max: 4096K
[1923.574s][info][gc,start    ] GC(194) Concurrent reset
[1923.574s][info][gc,task     ] GC(194) Using 2 of 4 workers for concurrent reset
[1923.574s][info][gc,ergo     ] GC(194) Pacer for Reset. Non-Taxable: 8192M
[1923.596s][info][gc          ] GC(194) Concurrent reset 22.256ms
[1923.596s][info][gc,start    ] GC(194) Pause Init Mark
[1923.596s][info][gc,task     ] GC(194) Using 4 of 4 workers for init marking
[1923.596s][info][gc,ergo     ] GC(194) Pacer for Mark. Expected Live: 466M, Free: 799M, Non-Taxable: 81908K, Alloc Tax Rate: 0.7x
[1923.596s][info][gc          ] GC(194) Pause Init Mark 0.124ms
[1923.596s][info][gc,start    ] GC(194) Concurrent marking roots
[1923.596s][info][gc,task     ] GC(194) Using 2 of 4 workers for concurrent marking roots
[1923.605s][info][gc          ] GC(194) Concurrent marking roots 8.890ms
[1923.605s][info][gc,start    ] GC(194) Concurrent marking
[1923.605s][info][gc,task     ] GC(194) Using 2 of 4 workers for concurrent marking
[1923.861s][info][gc          ] GC(194) Concurrent marking 255.788ms
[1923.861s][info][gc,start    ] GC(194) Pause Final Mark
[1923.861s][info][gc,task     ] GC(194) Using 4 of 4 workers for final marking
[1923.861s][info][gc,ergo     ] GC(194) Adaptive CSet Selection. Target Free: 1160M, Actual Free: 2068M, Max CSet: 341M, Min Garbage: 0B
[1923.861s][info][gc,ergo     ] GC(194) Collectable Garbage: 6481M (99%), Immediate: 1016M (15%), CSet: 5465M (83%)
[1923.862s][info][gc,ergo     ] GC(194) Pacer for Evacuation. Used CSet: 5556M, Free: 1671M, Non-Taxable: 167M, Alloc Tax Rate: 8.1x
[1923.862s][info][gc          ] GC(194) Pause Final Mark 0.328ms
[1923.862s][info][gc,start    ] GC(194) Concurrent thread roots
[1923.862s][info][gc,task     ] GC(194) Using 2 of 4 workers for Concurrent thread roots
[1923.862s][info][gc          ] GC(194) Concurrent thread roots 0.814ms
[1923.862s][info][gc,start    ] GC(194) Concurrent weak references
[1923.862s][info][gc,task     ] GC(194) Using 2 of 4 workers for concurrent weak references
[1923.862s][info][gc,ref      ] GC(194) Encountered references: Soft: 6557, Weak: 23706, Final: 34, Phantom: 1363
[1923.862s][info][gc,ref      ] GC(194) Discovered  references: Soft: 0, Weak: 1934, Final: 1, Phantom: 1005
[1923.862s][info][gc,ref      ] GC(194) Enqueued    references: Soft: 0, Weak: 5, Final: 0, Phantom: 0
[1923.863s][info][gc          ] GC(194) Concurrent weak references 0.139ms
[1923.863s][info][gc,start    ] GC(194) Concurrent weak roots
[1923.863s][info][gc,task     ] GC(194) Using 2 of 4 workers for concurrent weak root
[1923.863s][info][gc          ] GC(194) Concurrent weak roots 0.885ms
[1923.863s][info][gc,start    ] GC(194) Concurrent cleanup
[1923.863s][info][gc          ] GC(194) Concurrent cleanup 7132M->6116M(8192M) 0.028ms
[1923.863s][info][gc,ergo     ] GC(194) Free: 1663M, Max: 4096K regular, 368M humongous, Frag: 78% external, 0% internal; Reserve: 411M, Max: 4096K
[1923.863s][info][gc,start    ] GC(194) Concurrent strong roots
[1923.863s][info][gc,task     ] GC(194) Using 2 of 4 workers for concurrent strong root
[1923.870s][info][gc          ] GC(194) Concurrent strong roots 6.914ms
[1923.870s][info][gc,start    ] GC(194) Concurrent evacuation
[1923.870s][info][gc,task     ] GC(194) Using 2 of 4 workers for concurrent evacuation
[1923.918s][info][gc          ] GC(194) Concurrent evacuation 47.342ms
[1923.918s][info][gc,start    ] GC(194) Pause Init Update Refs
[1923.918s][info][gc,ergo     ] GC(194) Pacer for Update Refs. Used: 6228M, Free: 1647M, Non-Taxable: 164M, Alloc Tax Rate: 4.6x
[1923.918s][info][gc          ] GC(194) Pause Init Update Refs 0.053ms
[1923.918s][info][gc,start    ] GC(194) Concurrent update references
[1923.918s][info][gc,task     ] GC(194) Using 2 of 4 workers for concurrent reference update
[1924.062s][info][gc          ] GC(194) Concurrent update references 143.812ms
[1924.062s][info][gc,start    ] GC(194) Concurrent update thread roots
[1924.063s][info][gc          ] GC(194) Concurrent update thread roots 1.440ms
[1924.063s][info][gc,start    ] GC(194) Pause Final Update Refs
[1924.063s][info][gc,task     ] GC(194) Using 4 of 4 workers for final reference update
[1924.063s][info][gc          ] GC(194) Pause Final Update Refs 0.089ms
[1924.063s][info][gc,start    ] GC(194) Concurrent cleanup
[1924.064s][info][gc          ] GC(194) Concurrent cleanup 6313M->757M(8192M) 0.079ms
[1924.064s][info][gc,ergo     ] Free: 7022M, Max: 4096K regular, 5244M humongous, Frag: 26% external, 0% internal; Reserve: 412M, Max: 4096K
[1924.064s][info][gc,stats    ] 
[1924.064s][info][gc,stats    ] All times are wall-clock times, except per-root-class counters, that are sum over
[1924.064s][info][gc,stats    ] all workers. Dividing the <total> over the root stage time estimates parallelism.
[1924.064s][info][gc,stats    ] 
[1924.064s][info][gc,stats    ] Concurrent Reset                  22404 us
[1924.064s][info][gc,stats    ] Pause Init Mark (G)                 195 us
[1924.064s][info][gc,stats    ] Pause Init Mark (N)                 135 us
[1924.064s][info][gc,stats    ]   Update Region States               40 us
[1924.064s][info][gc,stats    ] Concurrent Mark Roots              8918 us, parallelism: 1.95x
[1924.064s][info][gc,stats    ]   CMR: <total>                    17366 us
[1924.064s][info][gc,stats    ]   CMR: Thread Roots                1368 us, workers (us): 644, 724, ---, ---, 
[1924.064s][info][gc,stats    ]   CMR: Code Cache Roots           15210 us, workers (us): 7266, 7944, ---, ---, 
[1924.064s][info][gc,stats    ]   CMR: VM Strong Roots               14 us, workers (us):  14,   0, ---, ---, 
[1924.064s][info][gc,stats    ]   CMR: CLDG Roots                   774 us, workers (us): 774, ---, ---, ---, 
[1924.064s][info][gc,stats    ] Concurrent Marking               255837 us
[1924.064s][info][gc,stats    ] Pause Final Mark (G)                387 us
[1924.064s][info][gc,stats    ] Pause Final Mark (N)                338 us
[1924.064s][info][gc,stats    ]   Finish Mark                        68 us
[1924.064s][info][gc,stats    ]   Update Region States               36 us
[1924.064s][info][gc,stats    ]   Choose Collection Set             159 us
[1924.064s][info][gc,stats    ]   Rebuild Free Set                    9 us
[1924.064s][info][gc,stats    ] Concurrent Thread Roots             833 us, parallelism: 1.85x
[1924.064s][info][gc,stats    ]   CTR: <total>                     1545 us
[1924.064s][info][gc,stats    ]   CTR: Thread Roots                1545 us, workers (us): 775, 770, ---, ---, 
[1924.064s][info][gc,stats    ] Concurrent Weak References          149 us, parallelism: 0.99x
[1924.064s][info][gc,stats    ]   CWRF: <total>                     147 us
[1924.064s][info][gc,stats    ]   CWRF: Weak References             147 us, workers (us):  77,  70, ---, ---, 
[1924.064s][info][gc,stats    ] Concurrent Weak Roots               901 us
[1924.064s][info][gc,stats    ]   Roots                             839 us, parallelism: 1.79x
[1924.064s][info][gc,stats    ]     CWR: <total>                   1499 us
[1924.064s][info][gc,stats    ]     CWR: VM Weak Roots             1499 us, workers (us): 748, 750, ---, ---, 
[1924.064s][info][gc,stats    ]   Rendezvous                         26 us
[1924.064s][info][gc,stats    ] Concurrent Cleanup                   39 us
[1924.064s][info][gc,stats    ] Concurrent Strong Roots            6965 us, parallelism: 1.95x
[1924.064s][info][gc,stats    ]   CSR: <total>                    13582 us
[1924.064s][info][gc,stats    ]   CSR: Code Cache Roots           13317 us, workers (us): 6811, 6505, ---, ---, 
[1924.064s][info][gc,stats    ]   CSR: VM Strong Roots                8 us, workers (us):   4,   3, ---, ---, 
[1924.064s][info][gc,stats    ]   CSR: CLDG Roots                   258 us, workers (us): ---, 258, ---, ---, 
[1924.064s][info][gc,stats    ] Concurrent Evacuation             47420 us
[1924.064s][info][gc,stats    ] Pause Init Update Refs (G)          100 us
[1924.064s][info][gc,stats    ] Pause Init Update Refs (N)           64 us
[1924.064s][info][gc,stats    ]   Manage GCLABs                       8 us
[1924.064s][info][gc,stats    ] Concurrent Update Refs           143854 us
[1924.064s][info][gc,stats    ] Concurrent Update Thread Roots     1465 us
[1924.064s][info][gc,stats    ] Pause Final Update Refs (G)         148 us
[1924.064s][info][gc,stats    ] Pause Final Update Refs (N)         115 us
[1924.064s][info][gc,stats    ]   Update Region States               27 us
[1924.064s][info][gc,stats    ]   Trash Collection Set               16 us
[1924.064s][info][gc,stats    ]   Rebuild Free Set                   10 us
[1924.064s][info][gc,stats    ] Concurrent Cleanup                   98 us
[1924.064s][info][gc,stats    ] 
[1924.064s][info][gc,stats    ] Allocation pacing accrued:
[1924.064s][info][gc,stats    ]       0 of 10834 ms (  0.0%): <total>
[1924.064s][info][gc,stats    ]       0 of 10834 ms (  0.0%): <average total>
[1924.064s][info][gc,stats    ] 
[1924.064s][info][gc,metaspace] Metaspace: 136404K(137856K)->136404K(137856K) NonClass: 115331K(116160K)->115331K(116160K) Class: 21072K(21696K)->21072K(21696K)
[1924.064s][info][gc,ergo     ] Pacer for Idle. Initial: 163M, Alloc Tax Rate: 1.0x
[1934.565s][info][gc          ] Trigger: Free (819M) is below minimum threshold (819M)
[1934.565s][info][gc,ergo     ] Free: 819M, Max: 4096K regular, 368M humongous, Frag: 54% external, 0% internal; Reserve: 412M, Max: 4096K
[1934.565s][info][gc,start    ] GC(195) Concurrent reset
[1934.565s][info][gc,task     ] GC(195) Using 2 of 4 workers for concurrent reset
[1934.565s][info][gc,ergo     ] GC(195) Pacer for Reset. Non-Taxable: 8192M
[1934.584s][info][gc          ] GC(195) Concurrent reset 18.856ms
[1934.584s][info][gc,start    ] GC(195) Pause Init Mark
[1934.584s][info][gc,task     ] GC(195) Using 4 of 4 workers for init marking
[1934.584s][info][gc,ergo     ] GC(195) Pacer for Mark. Expected Live: 463M, Free: 810M, Non-Taxable: 83012K, Alloc Tax Rate: 0.7x
[1934.584s][info][gc          ] GC(195) Pause Init Mark 0.124ms
[1934.584s][info][gc,start    ] GC(195) Concurrent marking roots
[1934.584s][info][gc,task     ] GC(195) Using 2 of 4 workers for concurrent marking roots
[1934.594s][info][gc          ] GC(195) Concurrent marking roots 9.646ms
[1934.594s][info][gc,start    ] GC(195) Concurrent marking
[1934.594s][info][gc,task     ] GC(195) Using 2 of 4 workers for concurrent marking
[1934.841s][info][gc          ] GC(195) Concurrent marking 246.854ms
[1934.841s][info][gc,start    ] GC(195) Pause Final Mark
[1934.841s][info][gc,task     ] GC(195) Using 4 of 4 workers for final marking
[1934.841s][info][gc,ergo     ] GC(195) Adaptive CSet Selection. Target Free: 1160M, Actual Free: 2084M, Max CSet: 341M, Min Garbage: 0B
[1934.841s][info][gc,ergo     ] GC(195) Collectable Garbage: 6449M (99%), Immediate: 1092M (16%), CSet: 5357M (82%)
[1934.841s][info][gc,ergo     ] GC(195) Pacer for Evacuation. Used CSet: 5464M, Free: 1684M, Non-Taxable: 168M, Alloc Tax Rate: 7.9x
[1934.841s][info][gc          ] GC(195) Pause Final Mark 0.345ms
[1934.841s][info][gc,start    ] GC(195) Concurrent thread roots
[1934.841s][info][gc,task     ] GC(195) Using 2 of 4 workers for Concurrent thread roots
[1934.842s][info][gc          ] GC(195) Concurrent thread roots 0.887ms
[1934.842s][info][gc,start    ] GC(195) Concurrent weak references
[1934.842s][info][gc,task     ] GC(195) Using 2 of 4 workers for concurrent weak references
[1934.843s][info][gc,ref      ] GC(195) Encountered references: Soft: 6557, Weak: 23702, Final: 34, Phantom: 1363
[1934.843s][info][gc,ref      ] GC(195) Discovered  references: Soft: 0, Weak: 2644, Final: 0, Phantom: 1100
[1934.843s][info][gc,ref      ] GC(195) Enqueued    references: Soft: 0, Weak: 1, Final: 0, Phantom: 0
[1934.843s][info][gc          ] GC(195) Concurrent weak references 0.280ms
[1934.843s][info][gc,start    ] GC(195) Concurrent weak roots
[1934.843s][info][gc,task     ] GC(195) Using 2 of 4 workers for concurrent weak root
[1934.844s][info][gc          ] GC(195) Concurrent weak roots 0.937ms
[1934.844s][info][gc,start    ] GC(195) Concurrent cleanup
[1934.844s][info][gc          ] GC(195) Concurrent cleanup 7196M->6104M(8192M) 0.030ms
[1934.844s][info][gc,ergo     ] GC(195) Free: 1676M, Max: 4096K regular, 316M humongous, Frag: 82% external, 0% internal; Reserve: 411M, Max: 4096K
[1934.844s][info][gc,start    ] GC(195) Concurrent strong roots
[1934.844s][info][gc,task     ] GC(195) Using 2 of 4 workers for concurrent strong root
[1934.850s][info][gc          ] GC(195) Concurrent strong roots 6.115ms
[1934.850s][info][gc,start    ] GC(195) Concurrent evacuation
[1934.850s][info][gc,task     ] GC(195) Using 2 of 4 workers for concurrent evacuation
[1934.904s][info][gc          ] GC(195) Concurrent evacuation 54.485ms
[1934.904s][info][gc,start    ] GC(195) Pause Init Update Refs
[1934.904s][info][gc,ergo     ] GC(195) Pacer for Update Refs. Used: 6231M, Free: 1660M, Non-Taxable: 166M, Alloc Tax Rate: 4.6x
[1934.904s][info][gc          ] GC(195) Pause Init Update Refs 0.045ms
[1934.904s][info][gc,start    ] GC(195) Concurrent update references
[1934.904s][info][gc,task     ] GC(195) Using 2 of 4 workers for concurrent reference update
[1935.057s][info][gc          ] GC(195) Concurrent update references 152.471ms
[1935.057s][info][gc,start    ] GC(195) Concurrent update thread roots
[1935.058s][info][gc          ] GC(195) Concurrent update thread roots 1.461ms
[1935.058s][info][gc,start    ] GC(195) Pause Final Update Refs
[1935.058s][info][gc,task     ] GC(195) Using 4 of 4 workers for final reference update
[1935.059s][info][gc          ] GC(195) Pause Final Update Refs 0.092ms
[1935.059s][info][gc,start    ] GC(195) Concurrent cleanup
[1935.059s][info][gc          ] GC(195) Concurrent cleanup 6327M->863M(8192M) 0.073ms
[1935.059s][info][gc,ergo     ] Free: 6916M, Max: 4096K regular, 3732M humongous, Frag: 46% external, 0% internal; Reserve: 412M, Max: 4096K
[1935.059s][info][gc,stats    ] 
[1935.059s][info][gc,stats    ] All times are wall-clock times, except per-root-class counters, that are sum over
[1935.059s][info][gc,stats    ] all workers. Dividing the <total> over the root stage time estimates parallelism.
[1935.059s][info][gc,stats    ] 
[1935.059s][info][gc,stats    ] Concurrent Reset                  18928 us
[1935.059s][info][gc,stats    ] Pause Init Mark (G)                 218 us
[1935.059s][info][gc,stats    ] Pause Init Mark (N)                 136 us
[1935.059s][info][gc,stats    ]   Update Region States               51 us
[1935.059s][info][gc,stats    ] Concurrent Mark Roots              9685 us, parallelism: 1.92x
[1935.059s][info][gc,stats    ]   CMR: <total>                    18624 us
[1935.059s][info][gc,stats    ]   CMR: Thread Roots                1425 us, workers (us): 686, 739, ---, ---, 
[1935.059s][info][gc,stats    ]   CMR: Code Cache Roots           16229 us, workers (us): 7675, 8554, ---, ---, 
[1935.059s][info][gc,stats    ]   CMR: VM Strong Roots               18 us, workers (us):  18,   0, ---, ---, 
[1935.059s][info][gc,stats    ]   CMR: CLDG Roots                   951 us, workers (us): 951, ---, ---, ---, 
[1935.059s][info][gc,stats    ] Concurrent Marking               246885 us
[1935.059s][info][gc,stats    ] Pause Final Mark (G)                415 us
[1935.059s][info][gc,stats    ] Pause Final Mark (N)                356 us
[1935.059s][info][gc,stats    ]   Finish Mark                        67 us
[1935.059s][info][gc,stats    ]   Update Region States               53 us
[1935.059s][info][gc,stats    ]   Choose Collection Set             160 us
[1935.059s][info][gc,stats    ]   Rebuild Free Set                    9 us
[1935.059s][info][gc,stats    ] Concurrent Thread Roots             909 us, parallelism: 1.77x
[1935.059s][info][gc,stats    ]   CTR: <total>                     1607 us
[1935.059s][info][gc,stats    ]   CTR: Thread Roots                1607 us, workers (us): 800, 807, ---, ---, 
[1935.059s][info][gc,stats    ] Concurrent Weak References          291 us, parallelism: 0.85x
[1935.059s][info][gc,stats    ]   CWRF: <total>                     246 us
[1935.059s][info][gc,stats    ]   CWRF: Weak References             246 us, workers (us):  70, 176, ---, ---, 
[1935.059s][info][gc,stats    ] Concurrent Weak Roots               958 us
[1935.059s][info][gc,stats    ]   Roots                             858 us, parallelism: 1.74x
[1935.059s][info][gc,stats    ]     CWR: <total>                   1491 us
[1935.059s][info][gc,stats    ]     CWR: VM Weak Roots             1491 us, workers (us): 745, 745, ---, ---, 
[1935.059s][info][gc,stats    ]   Rendezvous                         57 us
[1935.059s][info][gc,stats    ] Concurrent Cleanup                   43 us
[1935.059s][info][gc,stats    ] Concurrent Strong Roots            6160 us, parallelism: 1.96x
[1935.059s][info][gc,stats    ]   CSR: <total>                    12103 us
[1935.059s][info][gc,stats    ]   CSR: Code Cache Roots           11863 us, workers (us): 6049, 5814, ---, ---, 
[1935.059s][info][gc,stats    ]   CSR: VM Strong Roots                7 us, workers (us):   4,   3, ---, ---, 
[1935.059s][info][gc,stats    ]   CSR: CLDG Roots                   232 us, workers (us): ---, 232, ---, ---, 
[1935.059s][info][gc,stats    ] Concurrent Evacuation             54523 us
[1935.059s][info][gc,stats    ] Pause Init Update Refs (G)          106 us
[1935.059s][info][gc,stats    ] Pause Init Update Refs (N)           60 us
[1935.059s][info][gc,stats    ]   Manage GCLABs                       5 us
[1935.059s][info][gc,stats    ] Concurrent Update Refs           152517 us
[1935.059s][info][gc,stats    ] Concurrent Update Thread Roots     1487 us
[1935.059s][info][gc,stats    ] Pause Final Update Refs (G)         166 us
[1935.059s][info][gc,stats    ] Pause Final Update Refs (N)         117 us
[1935.059s][info][gc,stats    ]   Update Region States               30 us
[1935.059s][info][gc,stats    ]   Trash Collection Set               15 us
[1935.059s][info][gc,stats    ]   Rebuild Free Set                   10 us
[1935.059s][info][gc,stats    ] Concurrent Cleanup                   88 us
[1935.059s][info][gc,stats    ] 
[1935.059s][info][gc,stats    ] Allocation pacing accrued:
[1935.059s][info][gc,stats    ]       0 of 10995 ms (  0.0%): <total>
[1935.059s][info][gc,stats    ]       0 of 10995 ms (  0.0%): <average total>
[1935.059s][info][gc,stats    ] 
[1935.059s][info][gc,metaspace] Metaspace: 136404K(137856K)->136404K(137856K) NonClass: 115331K(116160K)->115331K(116160K) Class: 21072K(21696K)->21072K(21696K)
[1935.059s][info][gc,ergo     ] Pacer for Idle. Initial: 163M, Alloc Tax Rate: 1.0x
[1944.615s][info][gc          ] Trigger: Free (816M) is below minimum threshold (819M)
[1944.615s][info][gc,ergo     ] Free: 816M, Max: 4096K regular, 316M humongous, Frag: 61% external, 0% internal; Reserve: 412M, Max: 4096K
[1944.615s][info][gc,start    ] GC(196) Concurrent reset
[1944.615s][info][gc,task     ] GC(196) Using 2 of 4 workers for concurrent reset
[1944.615s][info][gc,ergo     ] GC(196) Pacer for Reset. Non-Taxable: 8192M
[1944.637s][info][gc          ] GC(196) Concurrent reset 21.799ms
[1944.637s][info][gc,start    ] GC(196) Pause Init Mark
[1944.637s][info][gc,task     ] GC(196) Using 4 of 4 workers for init marking
[1944.637s][info][gc,ergo     ] GC(196) Pacer for Mark. Expected Live: 466M, Free: 804M, Non-Taxable: 82334K, Alloc Tax Rate: 0.7x
[1944.637s][info][gc          ] GC(196) Pause Init Mark 0.114ms
[1944.637s][info][gc,start    ] GC(196) Concurrent marking roots
[1944.638s][info][gc,task     ] GC(196) Using 2 of 4 workers for concurrent marking roots
[1944.648s][info][gc          ] GC(196) Concurrent marking roots 10.112ms
[1944.648s][info][gc,start    ] GC(196) Concurrent marking
[1944.648s][info][gc,task     ] GC(196) Using 2 of 4 workers for concurrent marking
[1944.874s][info][gc          ] GC(196) Concurrent marking 226.521ms
[1944.874s][info][gc,start    ] GC(196) Pause Final Mark
[1944.874s][info][gc,task     ] GC(196) Using 4 of 4 workers for final marking
[1944.874s][info][gc,ergo     ] GC(196) Adaptive CSet Selection. Target Free: 1160M, Actual Free: 2496M, Max CSet: 341M, Min Garbage: 0B
[1944.874s][info][gc,ergo     ] GC(196) Collectable Garbage: 6473M (99%), Immediate: 1428M (21%), CSet: 5045M (77%)
[1944.875s][info][gc,ergo     ] GC(196) Pacer for Evacuation. Used CSet: 5140M, Free: 2096M, Non-Taxable: 209M, Alloc Tax Rate: 6.0x
[1944.875s][info][gc          ] GC(196) Pause Final Mark 0.302ms
[1944.875s][info][gc,start    ] GC(196) Concurrent thread roots
[1944.875s][info][gc,task     ] GC(196) Using 2 of 4 workers for Concurrent thread roots
[1944.875s][info][gc          ] GC(196) Concurrent thread roots 0.869ms
[1944.875s][info][gc,start    ] GC(196) Concurrent weak references
[1944.875s][info][gc,task     ] GC(196) Using 2 of 4 workers for concurrent weak references
[1944.876s][info][gc,ref      ] GC(196) Encountered references: Soft: 6557, Weak: 23708, Final: 34, Phantom: 1375
[1944.876s][info][gc,ref      ] GC(196) Discovered  references: Soft: 0, Weak: 1832, Final: 1, Phantom: 1245
[1944.876s][info][gc,ref      ] GC(196) Enqueued    references: Soft: 0, Weak: 3, Final: 0, Phantom: 0
[1944.876s][info][gc          ] GC(196) Concurrent weak references 0.151ms
[1944.876s][info][gc,start    ] GC(196) Concurrent weak roots
[1944.876s][info][gc,task     ] GC(196) Using 2 of 4 workers for concurrent weak root
[1944.876s][info][gc          ] GC(196) Concurrent weak roots 0.909ms
[1944.877s][info][gc,start    ] GC(196) Concurrent cleanup
[1944.877s][info][gc          ] GC(196) Concurrent cleanup 7120M->5692M(8192M) 0.033ms
[1944.877s][info][gc,ergo     ] GC(196) Free: 2087M, Max: 4096K regular, 316M humongous, Frag: 85% external, 0% internal; Reserve: 411M, Max: 4096K
[1944.877s][info][gc,start    ] GC(196) Concurrent strong roots
[1944.877s][info][gc,task     ] GC(196) Using 2 of 4 workers for concurrent strong root
[1944.882s][info][gc          ] GC(196) Concurrent strong roots 5.872ms
[1944.882s][info][gc,start    ] GC(196) Concurrent evacuation
[1944.883s][info][gc,task     ] GC(196) Using 2 of 4 workers for concurrent evacuation
[1944.936s][info][gc          ] GC(196) Concurrent evacuation 53.267ms
[1944.936s][info][gc,start    ] GC(196) Pause Init Update Refs
[1944.936s][info][gc,ergo     ] GC(196) Pacer for Update Refs. Used: 5824M, Free: 2055M, Non-Taxable: 205M, Alloc Tax Rate: 3.5x
[1944.936s][info][gc          ] GC(196) Pause Init Update Refs 0.054ms
[1944.936s][info][gc,start    ] GC(196) Concurrent update references
[1944.936s][info][gc,task     ] GC(196) Using 2 of 4 workers for concurrent reference update
[1945.075s][info][gc          ] GC(196) Concurrent update references 139.575ms
[1945.076s][info][gc,start    ] GC(196) Concurrent update thread roots
[1945.077s][info][gc          ] GC(196) Concurrent update thread roots 1.390ms
[1945.077s][info][gc,start    ] GC(196) Pause Final Update Refs
[1945.077s][info][gc,task     ] GC(196) Using 4 of 4 workers for final reference update
[1945.077s][info][gc          ] GC(196) Pause Final Update Refs 0.103ms
[1945.077s][info][gc,start    ] GC(196) Concurrent cleanup
[1945.077s][info][gc          ] GC(196) Concurrent cleanup 5872M->732M(8192M) 0.063ms
[1945.077s][info][gc,ergo     ] Free: 7047M, Max: 4096K regular, 5136M humongous, Frag: 27% external, 0% internal; Reserve: 412M, Max: 4096K
[1945.077s][info][gc,stats    ] 
[1945.077s][info][gc,stats    ] All times are wall-clock times, except per-root-class counters, that are sum over
[1945.077s][info][gc,stats    ] all workers. Dividing the <total> over the root stage time estimates parallelism.
[1945.077s][info][gc,stats    ] 
[1945.077s][info][gc,stats    ] Concurrent Reset                  21859 us
[1945.077s][info][gc,stats    ] Pause Init Mark (G)                 249 us
[1945.077s][info][gc,stats    ] Pause Init Mark (N)                 126 us
[1945.077s][info][gc,stats    ]   Update Region States               42 us
[1945.077s][info][gc,stats    ] Concurrent Mark Roots             10145 us, parallelism: 1.93x
[1945.077s][info][gc,stats    ]   CMR: <total>                    19609 us
[1945.077s][info][gc,stats    ]   CMR: Thread Roots                1547 us, workers (us): 769, 778, ---, ---, 
[1945.077s][info][gc,stats    ]   CMR: Code Cache Roots           17143 us, workers (us): 8124, 9018, ---, ---, 
[1945.077s][info][gc,stats    ]   CMR: VM Strong Roots               25 us, workers (us):  13,  12, ---, ---, 
[1945.077s][info][gc,stats    ]   CMR: CLDG Roots                   894 us, workers (us): 894, ---, ---, ---, 
[1945.077s][info][gc,stats    ] Concurrent Marking               226569 us
[1945.077s][info][gc,stats    ] Pause Final Mark (G)                331 us
[1945.077s][info][gc,stats    ] Pause Final Mark (N)                313 us
[1945.077s][info][gc,stats    ]   Finish Mark                        65 us
[1945.077s][info][gc,stats    ]   Update Region States               17 us
[1945.077s][info][gc,stats    ]   Choose Collection Set             152 us
[1945.077s][info][gc,stats    ]   Rebuild Free Set                   10 us
[1945.077s][info][gc,stats    ] Concurrent Thread Roots             882 us, parallelism: 1.84x
[1945.077s][info][gc,stats    ]   CTR: <total>                     1620 us
[1945.077s][info][gc,stats    ]   CTR: Thread Roots                1620 us, workers (us): 820, 801, ---, ---, 
[1945.077s][info][gc,stats    ] Concurrent Weak References          161 us, parallelism: 0.83x
[1945.077s][info][gc,stats    ]   CWRF: <total>                     134 us
[1945.077s][info][gc,stats    ]   CWRF: Weak References             134 us, workers (us):  79,  55, ---, ---, 
[1945.077s][info][gc,stats    ] Concurrent Weak Roots               932 us
[1945.077s][info][gc,stats    ]   Roots                             834 us, parallelism: 1.79x
[1945.077s][info][gc,stats    ]     CWR: <total>                   1498 us
[1945.077s][info][gc,stats    ]     CWR: VM Weak Roots             1498 us, workers (us): 750, 747, ---, ---, 
[1945.078s][info][gc,stats    ]   Rendezvous                         54 us
[1945.078s][info][gc,stats    ] Concurrent Cleanup                   46 us
[1945.078s][info][gc,stats    ] Concurrent Strong Roots            5898 us, parallelism: 1.95x
[1945.078s][info][gc,stats    ]   CSR: <total>                    11489 us
[1945.078s][info][gc,stats    ]   CSR: Code Cache Roots           11244 us, workers (us): 5477, 5767, ---, ---, 
[1945.078s][info][gc,stats    ]   CSR: VM Strong Roots                8 us, workers (us):   8,   0, ---, ---, 
[1945.078s][info][gc,stats    ]   CSR: CLDG Roots                   238 us, workers (us): 238, ---, ---, ---, 
[1945.078s][info][gc,stats    ] Concurrent Evacuation             53320 us
[1945.078s][info][gc,stats    ] Pause Init Update Refs (G)           89 us
[1945.078s][info][gc,stats    ] Pause Init Update Refs (N)           65 us
[1945.078s][info][gc,stats    ]   Manage GCLABs                      10 us
[1945.078s][info][gc,stats    ] Concurrent Update Refs           139619 us
[1945.078s][info][gc,stats    ] Concurrent Update Thread Roots     1414 us
[1945.078s][info][gc,stats    ] Pause Final Update Refs (G)         135 us
[1945.078s][info][gc,stats    ] Pause Final Update Refs (N)         118 us
[1945.078s][info][gc,stats    ]   Update Region States               37 us
[1945.078s][info][gc,stats    ]   Trash Collection Set               15 us
[1945.078s][info][gc,stats    ]   Rebuild Free Set                   10 us
[1945.078s][info][gc,stats    ] Concurrent Cleanup                   77 us
[1945.078s][info][gc,stats    ] 
[1945.078s][info][gc,stats    ] Allocation pacing accrued:
[1945.078s][info][gc,stats    ]       0 of 10019 ms (  0.0%): <total>
[1945.078s][info][gc,stats    ]       0 of 10019 ms (  0.0%): <average total>
[1945.078s][info][gc,stats    ] 
[1945.078s][info][gc,metaspace] Metaspace: 136407K(137856K)->136407K(137856K) NonClass: 115335K(116160K)->115335K(116160K) Class: 21072K(21696K)->21072K(21696K)
[1945.078s][info][gc,ergo     ] Pacer for Idle. Initial: 163M, Alloc Tax Rate: 1.0x
[1956.854s][info][gc          ] Trigger: Average GC time (503.07 ms) is above the time for average allocation rate (1583 MB/s) to deplete free headroom (773M) (margin of error = 1.92)
[1956.854s][info][gc,ergo     ] Free headroom: 1183M (free) - 409M (spike) - 0B (penalties) = 773M
[1956.854s][info][gc,ergo     ] Free: 1183M, Max: 4096K regular, 492M humongous, Frag: 58% external, 0% internal; Reserve: 412M, Max: 4096K
[1956.854s][info][gc,start    ] GC(197) Concurrent reset
[1956.854s][info][gc,task     ] GC(197) Using 2 of 4 workers for concurrent reset
[1956.854s][info][gc,ergo     ] GC(197) Pacer for Reset. Non-Taxable: 8192M
[1956.877s][info][gc          ] GC(197) Concurrent reset 23.478ms
[1956.877s][info][gc,start    ] GC(197) Pause Init Mark
[1956.877s][info][gc,task     ] GC(197) Using 4 of 4 workers for init marking
[1956.878s][info][gc,ergo     ] GC(197) Pacer for Mark. Expected Live: 466M, Free: 1159M, Non-Taxable: 115M, Alloc Tax Rate: 0.5x
[1956.878s][info][gc          ] GC(197) Pause Init Mark 0.124ms
[1956.878s][info][gc,start    ] GC(197) Concurrent marking roots
[1956.878s][info][gc,task     ] GC(197) Using 2 of 4 workers for concurrent marking roots
[1956.891s][info][gc          ] GC(197) Concurrent marking roots 12.922ms
[1956.891s][info][gc,start    ] GC(197) Concurrent marking
[1956.891s][info][gc,task     ] GC(197) Using 2 of 4 workers for concurrent marking
[1957.131s][info][gc          ] GC(197) Concurrent marking 240.825ms
[1957.131s][info][gc,start    ] GC(197) Pause Final Mark
[1957.131s][info][gc,task     ] GC(197) Using 4 of 4 workers for final marking
[1957.132s][info][gc,ergo     ] GC(197) Adaptive CSet Selection. Target Free: 1160M, Actual Free: 2212M, Max CSet: 341M, Min Garbage: 0B
[1957.132s][info][gc,ergo     ] GC(197) Collectable Garbage: 6086M (99%), Immediate: 864M (14%), CSet: 5222M (85%)
[1957.132s][info][gc,ergo     ] GC(197) Pacer for Evacuation. Used CSet: 5344M, Free: 1815M, Non-Taxable: 181M, Alloc Tax Rate: 7.2x
[1957.132s][info][gc          ] GC(197) Pause Final Mark 0.329ms
[1957.132s][info][gc,start    ] GC(197) Concurrent thread roots
[1957.132s][info][gc,task     ] GC(197) Using 2 of 4 workers for Concurrent thread roots
[1957.133s][info][gc          ] GC(197) Concurrent thread roots 0.867ms
[1957.133s][info][gc,start    ] GC(197) Concurrent weak references
[1957.133s][info][gc,task     ] GC(197) Using 2 of 4 workers for concurrent weak references
[1957.133s][info][gc,ref      ] GC(197) Encountered references: Soft: 6557, Weak: 23712, Final: 34, Phantom: 1381
[1957.133s][info][gc,ref      ] GC(197) Discovered  references: Soft: 0, Weak: 11814, Final: 1, Phantom: 1068
[1957.133s][info][gc,ref      ] GC(197) Enqueued    references: Soft: 0, Weak: 5, Final: 0, Phantom: 0
[1957.133s][info][gc          ] GC(197) Concurrent weak references 0.514ms
[1957.133s][info][gc,start    ] GC(197) Concurrent weak roots
[1957.133s][info][gc,task     ] GC(197) Using 2 of 4 workers for concurrent weak root
[1957.134s][info][gc          ] GC(197) Concurrent weak roots 1.007ms
[1957.134s][info][gc,start    ] GC(197) Concurrent cleanup
[1957.134s][info][gc          ] GC(197) Concurrent cleanup 6838M->5974M(8192M) 0.031ms
[1957.134s][info][gc,ergo     ] GC(197) Free: 1806M, Max: 4096K regular, 492M humongous, Frag: 73% external, 0% internal; Reserve: 411M, Max: 4096K
[1957.134s][info][gc,start    ] GC(197) Concurrent strong roots
[1957.134s][info][gc,task     ] GC(197) Using 2 of 4 workers for concurrent strong root
[1957.142s][info][gc          ] GC(197) Concurrent strong roots 7.790ms
[1957.142s][info][gc,start    ] GC(197) Concurrent evacuation
[1957.142s][info][gc,task     ] GC(197) Using 2 of 4 workers for concurrent evacuation
[1957.210s][info][gc          ] GC(197) Concurrent evacuation 67.581ms
[1957.210s][info][gc,start    ] GC(197) Pause Init Update Refs
[1957.210s][info][gc,ergo     ] GC(197) Pacer for Update Refs. Used: 6149M, Free: 1758M, Non-Taxable: 175M, Alloc Tax Rate: 4.3x
[1957.210s][info][gc          ] GC(197) Pause Init Update Refs 0.049ms
[1957.210s][info][gc,start    ] GC(197) Concurrent update references
[1957.210s][info][gc,task     ] GC(197) Using 2 of 4 workers for concurrent reference update
[1957.370s][info][gc          ] GC(197) Concurrent update references 159.987ms
[1957.370s][info][gc,start    ] GC(197) Concurrent update thread roots
[1957.371s][info][gc          ] GC(197) Concurrent update thread roots 1.403ms
[1957.371s][info][gc,start    ] GC(197) Pause Final Update Refs
[1957.371s][info][gc,task     ] GC(197) Using 4 of 4 workers for final reference update
[1957.371s][info][gc          ] GC(197) Pause Final Update Refs 0.090ms
[1957.372s][info][gc,start    ] GC(197) Concurrent cleanup
[1957.372s][info][gc          ] GC(197) Concurrent cleanup 6245M->901M(8192M) 0.073ms
[1957.372s][info][gc,ergo     ] Free: 6878M, Max: 4096K regular, 4076M humongous, Frag: 41% external, 0% internal; Reserve: 412M, Max: 4096K
[1957.372s][info][gc,stats    ] 
[1957.372s][info][gc,stats    ] All times are wall-clock times, except per-root-class counters, that are sum over
[1957.372s][info][gc,stats    ] all workers. Dividing the <total> over the root stage time estimates parallelism.
[1957.372s][info][gc,stats    ] 
[1957.372s][info][gc,stats    ] Concurrent Reset                  23588 us
[1957.372s][info][gc,stats    ] Pause Init Mark (G)                 187 us
[1957.372s][info][gc,stats    ] Pause Init Mark (N)                 143 us
[1957.372s][info][gc,stats    ]   Update Region States               49 us
[1957.372s][info][gc,stats    ] Concurrent Mark Roots             12977 us, parallelism: 1.95x
[1957.372s][info][gc,stats    ]   CMR: <total>                    25317 us
[1957.372s][info][gc,stats    ]   CMR: Thread Roots                1522 us, workers (us): 824, 698, ---, ---, 
[1957.372s][info][gc,stats    ]   CMR: Code Cache Roots           22685 us, workers (us): 10740, 11945, ---, ---, 
[1957.372s][info][gc,stats    ]   CMR: VM Strong Roots               16 us, workers (us):  15,   0, ---, ---, 
[1957.372s][info][gc,stats    ]   CMR: CLDG Roots                  1094 us, workers (us): 1094, ---, ---, ---, 
[1957.372s][info][gc,stats    ] Concurrent Marking               240859 us
[1957.372s][info][gc,stats    ] Pause Final Mark (G)                396 us
[1957.372s][info][gc,stats    ] Pause Final Mark (N)                340 us
[1957.372s][info][gc,stats    ]   Finish Mark                        68 us
[1957.372s][info][gc,stats    ]   Update Region States               43 us
[1957.372s][info][gc,stats    ]   Choose Collection Set             156 us
[1957.372s][info][gc,stats    ]   Rebuild Free Set                    9 us
[1957.372s][info][gc,stats    ] Concurrent Thread Roots             890 us, parallelism: 1.84x
[1957.372s][info][gc,stats    ]   CTR: <total>                     1639 us
[1957.372s][info][gc,stats    ]   CTR: Thread Roots                1639 us, workers (us): 814, 824, ---, ---, 
[1957.372s][info][gc,stats    ] Concurrent Weak References          525 us, parallelism: 0.98x
[1957.372s][info][gc,stats    ]   CWRF: <total>                     517 us
[1957.372s][info][gc,stats    ]   CWRF: Weak References             517 us, workers (us): 440,  76, ---, ---, 
[1957.372s][info][gc,stats    ] Concurrent Weak Roots              1023 us
[1957.372s][info][gc,stats    ]   Roots                             962 us, parallelism: 1.78x
[1957.372s][info][gc,stats    ]     CWR: <total>                   1710 us
[1957.372s][info][gc,stats    ]     CWR: VM Weak Roots             1710 us, workers (us): 870, 840, ---, ---, 
[1957.372s][info][gc,stats    ]   Rendezvous                         23 us
[1957.372s][info][gc,stats    ] Concurrent Cleanup                   43 us
[1957.372s][info][gc,stats    ] Concurrent Strong Roots            7830 us, parallelism: 1.94x
[1957.372s][info][gc,stats    ]   CSR: <total>                    15195 us
[1957.372s][info][gc,stats    ]   CSR: Code Cache Roots           14736 us, workers (us): 7191, 7545, ---, ---, 
[1957.372s][info][gc,stats    ]   CSR: VM Strong Roots                9 us, workers (us):   9,   0, ---, ---, 
[1957.372s][info][gc,stats    ]   CSR: CLDG Roots                   450 us, workers (us): 450, ---, ---, ---, 
[1957.372s][info][gc,stats    ] Concurrent Evacuation             67632 us
[1957.372s][info][gc,stats    ] Pause Init Update Refs (G)           77 us
[1957.372s][info][gc,stats    ] Pause Init Update Refs (N)           60 us
[1957.372s][info][gc,stats    ]   Manage GCLABs                       7 us
[1957.372s][info][gc,stats    ] Concurrent Update Refs           160032 us
[1957.372s][info][gc,stats    ] Concurrent Update Thread Roots     1419 us
[1957.372s][info][gc,stats    ] Pause Final Update Refs (G)         165 us
[1957.372s][info][gc,stats    ] Pause Final Update Refs (N)         115 us
[1957.372s][info][gc,stats    ]   Update Region States               27 us
[1957.372s][info][gc,stats    ]   Trash Collection Set               15 us
[1957.372s][info][gc,stats    ]   Rebuild Free Set                   10 us
[1957.372s][info][gc,stats    ] Concurrent Cleanup                   87 us
[1957.372s][info][gc,stats    ] 
[1957.372s][info][gc,stats    ] Allocation pacing accrued:
[1957.372s][info][gc,stats    ]       0 of 12294 ms (  0.0%): <total>
[1957.372s][info][gc,stats    ]       0 of 12294 ms (  0.0%): <average total>
[1957.372s][info][gc,stats    ] 
[1957.372s][info][gc,metaspace] Metaspace: 136408K(137856K)->136408K(137856K) NonClass: 115335K(116160K)->115335K(116160K) Class: 21072K(21696K)->21072K(21696K)
[1957.372s][info][gc,ergo     ] Pacer for Idle. Initial: 163M, Alloc Tax Rate: 1.0x
[1966.321s][info][gc          ] Trigger: Free (815M) is below minimum threshold (819M)
[1966.321s][info][gc,ergo     ] Free: 815M, Max: 4096K regular, 492M humongous, Frag: 39% external, 0% internal; Reserve: 412M, Max: 4096K
[1966.321s][info][gc,start    ] GC(198) Concurrent reset
[1966.321s][info][gc,task     ] GC(198) Using 2 of 4 workers for concurrent reset
[1966.321s][info][gc,ergo     ] GC(198) Pacer for Reset. Non-Taxable: 8192M
[1966.340s][info][gc          ] GC(198) Concurrent reset 19.340ms
[1966.340s][info][gc,start    ] GC(198) Pause Init Mark
[1966.340s][info][gc,task     ] GC(198) Using 4 of 4 workers for init marking
[1966.340s][info][gc,ergo     ] GC(198) Pacer for Mark. Expected Live: 475M, Free: 807M, Non-Taxable: 82723K, Alloc Tax Rate: 0.7x
[1966.340s][info][gc          ] GC(198) Pause Init Mark 0.147ms
[1966.341s][info][gc,start    ] GC(198) Concurrent marking roots
[1966.341s][info][gc,task     ] GC(198) Using 2 of 4 workers for concurrent marking roots
[1966.349s][info][gc          ] GC(198) Concurrent marking roots 8.876ms
[1966.349s][info][gc,start    ] GC(198) Concurrent marking
[1966.349s][info][gc,task     ] GC(198) Using 2 of 4 workers for concurrent marking
[1966.578s][info][gc          ] GC(198) Concurrent marking 228.125ms
[1966.578s][info][gc,start    ] GC(198) Pause Final Mark
[1966.578s][info][gc,task     ] GC(198) Using 4 of 4 workers for final marking
[1966.578s][info][gc,ergo     ] GC(198) Adaptive CSet Selection. Target Free: 1160M, Actual Free: 2764M, Max CSet: 341M, Min Garbage: 0B
[1966.578s][info][gc,ergo     ] GC(198) Collectable Garbage: 6473M (99%), Immediate: 1692M (25%), CSet: 4781M (73%)
[1966.578s][info][gc,ergo     ] GC(198) Pacer for Evacuation. Used CSet: 4872M, Free: 2364M, Non-Taxable: 236M, Alloc Tax Rate: 5.0x
[1966.578s][info][gc          ] GC(198) Pause Final Mark 0.325ms
[1966.578s][info][gc,start    ] GC(198) Concurrent thread roots
[1966.578s][info][gc,task     ] GC(198) Using 2 of 4 workers for Concurrent thread roots
[1966.579s][info][gc          ] GC(198) Concurrent thread roots 0.754ms
[1966.579s][info][gc,start    ] GC(198) Concurrent weak references
[1966.579s][info][gc,task     ] GC(198) Using 2 of 4 workers for concurrent weak references
[1966.579s][info][gc,ref      ] GC(198) Encountered references: Soft: 6557, Weak: 23711, Final: 34, Phantom: 1387
[1966.579s][info][gc,ref      ] GC(198) Discovered  references: Soft: 0, Weak: 13249, Final: 0, Phantom: 1016
[1966.579s][info][gc,ref      ] GC(198) Enqueued    references: Soft: 0, Weak: 2, Final: 0, Phantom: 0
[1966.579s][info][gc          ] GC(198) Concurrent weak references 0.697ms
[1966.579s][info][gc,start    ] GC(198) Concurrent weak roots
[1966.579s][info][gc,task     ] GC(198) Using 2 of 4 workers for concurrent weak root
[1966.580s][info][gc          ] GC(198) Concurrent weak roots 0.932ms
[1966.580s][info][gc,start    ] GC(198) Concurrent cleanup
[1966.580s][info][gc          ] GC(198) Concurrent cleanup 7112M->5420M(8192M) 0.034ms
[1966.580s][info][gc,ergo     ] GC(198) Free: 2359M, Max: 4096K regular, 428M humongous, Frag: 82% external, 0% internal; Reserve: 411M, Max: 4096K
[1966.580s][info][gc,start    ] GC(198) Concurrent strong roots
[1966.580s][info][gc,task     ] GC(198) Using 2 of 4 workers for concurrent strong root
[1966.588s][info][gc          ] GC(198) Concurrent strong roots 7.983ms
[1966.589s][info][gc,start    ] GC(198) Concurrent evacuation
[1966.589s][info][gc,task     ] GC(198) Using 2 of 4 workers for concurrent evacuation
[1966.631s][info][gc          ] GC(198) Concurrent evacuation 42.296ms
[1966.631s][info][gc,start    ] GC(198) Pause Init Update Refs
[1966.631s][info][gc,ergo     ] GC(198) Pacer for Update Refs. Used: 5540M, Free: 2335M, Non-Taxable: 233M, Alloc Tax Rate: 2.9x
[1966.631s][info][gc          ] GC(198) Pause Init Update Refs 0.047ms
[1966.631s][info][gc,start    ] GC(198) Concurrent update references
[1966.631s][info][gc,task     ] GC(198) Using 2 of 4 workers for concurrent reference update
[1966.773s][info][gc          ] GC(198) Concurrent update references 141.954ms
[1966.773s][info][gc,start    ] GC(198) Concurrent update thread roots
[1966.774s][info][gc          ] GC(198) Concurrent update thread roots 1.394ms
[1966.774s][info][gc,start    ] GC(198) Pause Final Update Refs
[1966.774s][info][gc,task     ] GC(198) Using 4 of 4 workers for final reference update
[1966.774s][info][gc          ] GC(198) Pause Final Update Refs 0.094ms
[1966.775s][info][gc,start    ] GC(198) Concurrent cleanup
[1966.775s][info][gc          ] GC(198) Concurrent cleanup 5624M->752M(8192M) 0.070ms
[1966.775s][info][gc,ergo     ] Free: 7027M, Max: 4096K regular, 5344M humongous, Frag: 24% external, 0% internal; Reserve: 412M, Max: 4096K
[1966.775s][info][gc,stats    ] 
[1966.775s][info][gc,stats    ] All times are wall-clock times, except per-root-class counters, that are sum over
[1966.775s][info][gc,stats    ] all workers. Dividing the <total> over the root stage time estimates parallelism.
[1966.775s][info][gc,stats    ] 
[1966.775s][info][gc,stats    ] Concurrent Reset                  19409 us
[1966.775s][info][gc,stats    ] Pause Init Mark (G)                 267 us
[1966.775s][info][gc,stats    ] Pause Init Mark (N)                 158 us
[1966.775s][info][gc,stats    ]   Update Region States               76 us
[1966.775s][info][gc,stats    ] Concurrent Mark Roots              8927 us, parallelism: 1.95x
[1966.775s][info][gc,stats    ]   CMR: <total>                    17388 us
[1966.775s][info][gc,stats    ]   CMR: Thread Roots                1491 us, workers (us): 762, 729, ---, ---, 
[1966.775s][info][gc,stats    ]   CMR: Code Cache Roots           15147 us, workers (us): 7196, 7950, ---, ---, 
[1966.775s][info][gc,stats    ]   CMR: VM Strong Roots               14 us, workers (us):  14,   0, ---, ---, 
[1966.775s][info][gc,stats    ]   CMR: CLDG Roots                   736 us, workers (us): 736, ---, ---, ---, 
[1966.775s][info][gc,stats    ] Concurrent Marking               228168 us
[1966.775s][info][gc,stats    ] Pause Final Mark (G)                354 us
[1966.775s][info][gc,stats    ] Pause Final Mark (N)                336 us
[1966.775s][info][gc,stats    ]   Finish Mark                        70 us
[1966.775s][info][gc,stats    ]   Update Region States               42 us
[1966.775s][info][gc,stats    ]   Choose Collection Set             148 us
[1966.775s][info][gc,stats    ]   Rebuild Free Set                   10 us
[1966.775s][info][gc,stats    ] Concurrent Thread Roots             776 us, parallelism: 1.82x
[1966.775s][info][gc,stats    ]   CTR: <total>                     1411 us
[1966.775s][info][gc,stats    ]   CTR: Thread Roots                1411 us, workers (us): 710, 700, ---, ---, 
[1966.775s][info][gc,stats    ] Concurrent Weak References          708 us, parallelism: 0.97x
[1966.775s][info][gc,stats    ]   CWRF: <total>                     683 us
[1966.775s][info][gc,stats    ]   CWRF: Weak References             683 us, workers (us):  51, 632, ---, ---, 
[1966.775s][info][gc,stats    ] Concurrent Weak Roots               951 us
[1966.775s][info][gc,stats    ]   Roots                             843 us, parallelism: 1.80x
[1966.775s][info][gc,stats    ]     CWR: <total>                   1515 us
[1966.775s][info][gc,stats    ]     CWR: VM Weak Roots             1515 us, workers (us): 757, 757, ---, ---, 
[1966.775s][info][gc,stats    ]   Rendezvous                         67 us
[1966.775s][info][gc,stats    ] Concurrent Cleanup                   46 us
[1966.775s][info][gc,stats    ] Concurrent Strong Roots            8022 us, parallelism: 1.96x
[1966.775s][info][gc,stats    ]   CSR: <total>                    15702 us
[1966.775s][info][gc,stats    ]   CSR: Code Cache Roots           15356 us, workers (us): 7887, 7470, ---, ---, 
[1966.775s][info][gc,stats    ]   CSR: VM Strong Roots               12 us, workers (us):   6,   6, ---, ---, 
[1966.775s][info][gc,stats    ]   CSR: CLDG Roots                   333 us, workers (us): ---, 333, ---, ---, 
[1966.775s][info][gc,stats    ] Concurrent Evacuation             42347 us
[1966.775s][info][gc,stats    ] Pause Init Update Refs (G)           76 us
[1966.775s][info][gc,stats    ] Pause Init Update Refs (N)           58 us
[1966.775s][info][gc,stats    ]   Manage GCLABs                       6 us
[1966.775s][info][gc,stats    ] Concurrent Update Refs           141996 us
[1966.775s][info][gc,stats    ] Concurrent Update Thread Roots     1417 us
[1966.775s][info][gc,stats    ] Pause Final Update Refs (G)         179 us
[1966.775s][info][gc,stats    ] Pause Final Update Refs (N)         120 us
[1966.775s][info][gc,stats    ]   Update Region States               34 us
[1966.775s][info][gc,stats    ]   Trash Collection Set               11 us
[1966.775s][info][gc,stats    ]   Rebuild Free Set                   11 us
[1966.775s][info][gc,stats    ] Concurrent Cleanup                   83 us
[1966.775s][info][gc,stats    ] 
[1966.775s][info][gc,stats    ] Allocation pacing accrued:
[1966.775s][info][gc,stats    ]       0 of  9403 ms (  0.0%): <total>
[1966.775s][info][gc,stats    ]       0 of  9403 ms (  0.0%): <average total>
[1966.775s][info][gc,stats    ] 
[1966.775s][info][gc,metaspace] Metaspace: 136408K(137856K)->136408K(137856K) NonClass: 115335K(116160K)->115335K(116160K) Class: 21072K(21696K)->21072K(21696K)
[1966.775s][info][gc,ergo     ] Pacer for Idle. Initial: 163M, Alloc Tax Rate: 1.0x
[1976.234s][info][gc          ] Trigger: Average GC time (527.43 ms) is above the time for instantaneous allocation rate (2299 MB/s) to deplete free headroom (1046M) (spike threshold = 1.76)
[1976.234s][info][gc,ergo     ] Free: 1455M, Max: 4096K regular, 756M humongous, Frag: 48% external, 0% internal; Reserve: 412M, Max: 4096K
[1976.234s][info][gc,start    ] GC(199) Concurrent reset
[1976.234s][info][gc,task     ] GC(199) Using 2 of 4 workers for concurrent reset
[1976.234s][info][gc,ergo     ] GC(199) Pacer for Reset. Non-Taxable: 8192M
[1976.267s][info][gc          ] GC(199) Concurrent reset 32.532ms
[1976.267s][info][gc,start    ] GC(199) Pause Init Mark
[1976.267s][info][gc,task     ] GC(199) Using 4 of 4 workers for init marking
[1976.267s][info][gc,ergo     ] GC(199) Pacer for Mark. Expected Live: 476M, Free: 1423M, Non-Taxable: 142M, Alloc Tax Rate: 0.4x
[1976.267s][info][gc          ] GC(199) Pause Init Mark 0.262ms
[1976.267s][info][gc,start    ] GC(199) Concurrent marking roots
[1976.267s][info][gc,task     ] GC(199) Using 2 of 4 workers for concurrent marking roots
[1976.284s][info][gc          ] GC(199) Concurrent marking roots 16.552ms
[1976.284s][info][gc,start    ] GC(199) Concurrent marking
[1976.284s][info][gc,task     ] GC(199) Using 2 of 4 workers for concurrent marking
[1976.605s][info][gc          ] GC(199) Concurrent marking 321.445ms
[1976.605s][info][gc,start    ] GC(199) Pause Final Mark
[1976.605s][info][gc,task     ] GC(199) Using 4 of 4 workers for final marking
[1976.605s][info][gc,ergo     ] GC(199) Adaptive CSet Selection. Target Free: 1160M, Actual Free: 2268M, Max CSet: 341M, Min Garbage: 0B
[1976.605s][info][gc,ergo     ] GC(199) Collectable Garbage: 5787M (99%), Immediate: 756M (12%), CSet: 5031M (86%)
[1976.605s][info][gc,ergo     ] GC(199) Pacer for Evacuation. Used CSet: 5192M, Free: 1871M, Non-Taxable: 187M, Alloc Tax Rate: 6.8x
[1976.605s][info][gc          ] GC(199) Pause Final Mark 0.293ms
[1976.606s][info][gc,start    ] GC(199) Concurrent thread roots
[1976.606s][info][gc,task     ] GC(199) Using 2 of 4 workers for Concurrent thread roots
[1976.606s][info][gc          ] GC(199) Concurrent thread roots 0.807ms
[1976.606s][info][gc,start    ] GC(199) Concurrent weak references
[1976.606s][info][gc,task     ] GC(199) Using 2 of 4 workers for concurrent weak references
[1976.607s][info][gc,ref      ] GC(199) Encountered references: Soft: 6557, Weak: 23712, Final: 34, Phantom: 1390
[1976.607s][info][gc,ref      ] GC(199) Discovered  references: Soft: 0, Weak: 2348, Final: 0, Phantom: 1026
[1976.607s][info][gc,ref      ] GC(199) Enqueued    references: Soft: 0, Weak: 2, Final: 0, Phantom: 0
[1976.607s][info][gc          ] GC(199) Concurrent weak references 0.294ms
[1976.607s][info][gc,start    ] GC(199) Concurrent weak roots
[1976.607s][info][gc,task     ] GC(199) Using 2 of 4 workers for concurrent weak root
[1976.608s][info][gc          ] GC(199) Concurrent weak roots 0.879ms
[1976.608s][info][gc,start    ] GC(199) Concurrent cleanup
[1976.608s][info][gc          ] GC(199) Concurrent cleanup 6672M->5916M(8192M) 0.028ms
[1976.608s][info][gc,ergo     ] GC(199) Free: 1863M, Max: 4096K regular, 428M humongous, Frag: 77% external, 0% internal; Reserve: 411M, Max: 4096K
[1976.608s][info][gc,start    ] GC(199) Concurrent strong roots
[1976.608s][info][gc,task     ] GC(199) Using 2 of 4 workers for concurrent strong root
[1976.614s][info][gc          ] GC(199) Concurrent strong roots 6.274ms
[1976.614s][info][gc,start    ] GC(199) Concurrent evacuation
[1976.614s][info][gc,task     ] GC(199) Using 2 of 4 workers for concurrent evacuation
[1976.700s][info][gc          ] GC(199) Concurrent evacuation 86.371ms
[1976.700s][info][gc,start    ] GC(199) Pause Init Update Refs
[1976.700s][info][gc,ergo     ] GC(199) Pacer for Update Refs. Used: 6104M, Free: 1839M, Non-Taxable: 183M, Alloc Tax Rate: 4.1x
[1976.700s][info][gc          ] GC(199) Pause Init Update Refs 0.047ms
[1976.700s][info][gc,start    ] GC(199) Concurrent update references
[1976.700s][info][gc,task     ] GC(199) Using 2 of 4 workers for concurrent reference update
[1976.895s][info][gc          ] GC(199) Concurrent update references 194.328ms
[1976.895s][info][gc,start    ] GC(199) Concurrent update thread roots
[1976.896s][info][gc          ] GC(199) Concurrent update thread roots 1.512ms
[1976.896s][info][gc,start    ] GC(199) Pause Final Update Refs
[1976.896s][info][gc,task     ] GC(199) Using 4 of 4 workers for final reference update
[1976.897s][info][gc          ] GC(199) Pause Final Update Refs 0.123ms
[1976.897s][info][gc,start    ] GC(199) Concurrent cleanup
[1976.897s][info][gc          ] GC(199) Concurrent cleanup 6180M->988M(8192M) 0.091ms
[1976.897s][info][gc,ergo     ] Free: 6791M, Max: 4096K regular, 4620M humongous, Frag: 32% external, 0% internal; Reserve: 412M, Max: 4096K
[1976.897s][info][gc,stats    ] 
[1976.897s][info][gc,stats    ] All times are wall-clock times, except per-root-class counters, that are sum over
[1976.897s][info][gc,stats    ] all workers. Dividing the <total> over the root stage time estimates parallelism.
[1976.897s][info][gc,stats    ] 
[1976.897s][info][gc,stats    ] Concurrent Reset                  32715 us
[1976.897s][info][gc,stats    ] Pause Init Mark (G)                 419 us
[1976.897s][info][gc,stats    ] Pause Init Mark (N)                 280 us
[1976.897s][info][gc,stats    ]   Update Region States              129 us
[1976.897s][info][gc,stats    ] Concurrent Mark Roots             16619 us, parallelism: 1.95x
[1976.897s][info][gc,stats    ]   CMR: <total>                    32326 us
[1976.897s][info][gc,stats    ]   CMR: Thread Roots                1940 us, workers (us): 798, 1141, ---, ---, 
[1976.897s][info][gc,stats    ]   CMR: Code Cache Roots           28987 us, workers (us): 13980, 15008, ---, ---, 
[1976.897s][info][gc,stats    ]   CMR: VM Strong Roots               28 us, workers (us):  24,   4, ---, ---, 
[1976.897s][info][gc,stats    ]   CMR: CLDG Roots                  1371 us, workers (us): 1371, ---, ---, ---, 
[1976.897s][info][gc,stats    ] Concurrent Marking               321482 us
[1976.897s][info][gc,stats    ] Pause Final Mark (G)                331 us
[1976.897s][info][gc,stats    ] Pause Final Mark (N)                304 us
[1976.897s][info][gc,stats    ]   Finish Mark                        65 us
[1976.897s][info][gc,stats    ]   Update Region States               18 us
[1976.897s][info][gc,stats    ]   Choose Collection Set             145 us
[1976.897s][info][gc,stats    ]   Rebuild Free Set                    9 us
[1976.897s][info][gc,stats    ] Concurrent Thread Roots             830 us, parallelism: 1.83x
[1976.897s][info][gc,stats    ]   CTR: <total>                     1518 us
[1976.897s][info][gc,stats    ]   CTR: Thread Roots                1518 us, workers (us): 759, 758, ---, ---, 
[1976.897s][info][gc,stats    ] Concurrent Weak References          305 us, parallelism: 0.77x
[1976.897s][info][gc,stats    ]   CWRF: <total>                     234 us
[1976.897s][info][gc,stats    ]   CWRF: Weak References             234 us, workers (us):   3, 231, ---, ---, 
[1976.897s][info][gc,stats    ] Concurrent Weak Roots               892 us
[1976.897s][info][gc,stats    ]   Roots                             836 us, parallelism: 1.80x
[1976.897s][info][gc,stats    ]     CWR: <total>                   1507 us
[1976.897s][info][gc,stats    ]     CWR: VM Weak Roots             1507 us, workers (us): 752, 754, ---, ---, 
[1976.897s][info][gc,stats    ]   Rendezvous                         23 us
[1976.897s][info][gc,stats    ] Concurrent Cleanup                   40 us
[1976.897s][info][gc,stats    ] Concurrent Strong Roots            6305 us, parallelism: 1.94x
[1976.897s][info][gc,stats    ]   CSR: <total>                    12262 us
[1976.897s][info][gc,stats    ]   CSR: Code Cache Roots           12029 us, workers (us): 5875, 6154, ---, ---, 
[1976.897s][info][gc,stats    ]   CSR: VM Strong Roots                8 us, workers (us):   4,   4, ---, ---, 
[1976.897s][info][gc,stats    ]   CSR: CLDG Roots                   225 us, workers (us): 225, ---, ---, ---, 
[1976.897s][info][gc,stats    ] Concurrent Evacuation             86413 us
[1976.897s][info][gc,stats    ] Pause Init Update Refs (G)           83 us
[1976.897s][info][gc,stats    ] Pause Init Update Refs (N)           58 us
[1976.897s][info][gc,stats    ]   Manage GCLABs                       6 us
[1976.897s][info][gc,stats    ] Concurrent Update Refs           194370 us
[1976.897s][info][gc,stats    ] Concurrent Update Thread Roots     1557 us
[1976.897s][info][gc,stats    ] Pause Final Update Refs (G)         314 us
[1976.897s][info][gc,stats    ] Pause Final Update Refs (N)         148 us
[1976.897s][info][gc,stats    ]   Update Region States               56 us
[1976.897s][info][gc,stats    ]   Trash Collection Set               10 us
[1976.897s][info][gc,stats    ]   Rebuild Free Set                   10 us
[1976.897s][info][gc,stats    ] Concurrent Cleanup                  105 us
[1976.897s][info][gc,stats    ] 
[1976.897s][info][gc,stats    ] Allocation pacing accrued:
[1976.897s][info][gc,stats    ]       0 of 10122 ms (  0.0%): <total>
[1976.897s][info][gc,stats    ]       0 of 10122 ms (  0.0%): <average total>
[1976.897s][info][gc,stats    ] 
[1976.897s][info][gc,metaspace] Metaspace: 136408K(137856K)->136408K(137856K) NonClass: 115336K(116160K)->115336K(116160K) Class: 21072K(21696K)->21072K(21696K)
[1976.897s][info][gc,ergo     ] Pacer for Idle. Initial: 163M, Alloc Tax Rate: 1.0x
[1985.950s][info][gc          ] Trigger: Average GC time (755.06 ms) is above the time for average allocation rate (614 MB/s) to deplete free headroom (462M) (margin of error = 1.94)
[1985.950s][info][gc,ergo     ] Free headroom: 871M (free) - 409M (spike) - 0B (penalties) = 462M
[1985.950s][info][gc,ergo     ] Free: 871M, Max: 4096K regular, 428M humongous, Frag: 50% external, 0% internal; Reserve: 412M, Max: 4096K
[1985.950s][info][gc,start    ] GC(200) Concurrent reset
[1985.950s][info][gc,task     ] GC(200) Using 2 of 4 workers for concurrent reset
[1985.950s][info][gc,ergo     ] GC(200) Pacer for Reset. Non-Taxable: 8192M
[1985.972s][info][gc          ] GC(200) Concurrent reset 21.321ms
[1985.972s][info][gc,start    ] GC(200) Pause Init Mark
[1985.972s][info][gc,task     ] GC(200) Using 4 of 4 workers for init marking
[1985.972s][info][gc,ergo     ] GC(200) Pacer for Mark. Expected Live: 490M, Free: 859M, Non-Taxable: 88044K, Alloc Tax Rate: 0.7x
[1985.972s][info][gc          ] GC(200) Pause Init Mark 0.123ms
[1985.972s][info][gc,start    ] GC(200) Concurrent marking roots
[1985.972s][info][gc,task     ] GC(200) Using 2 of 4 workers for concurrent marking roots
[1985.981s][info][gc          ] GC(200) Concurrent marking roots 9.468ms
[1985.981s][info][gc,start    ] GC(200) Concurrent marking
[1985.981s][info][gc,task     ] GC(200) Using 2 of 4 workers for concurrent marking
[1986.200s][info][gc          ] GC(200) Concurrent marking 218.911ms
[1986.200s][info][gc,start    ] GC(200) Pause Final Mark
[1986.200s][info][gc,task     ] GC(200) Using 4 of 4 workers for final marking
[1986.201s][info][gc,ergo     ] GC(200) Adaptive CSet Selection. Target Free: 1160M, Actual Free: 2748M, Max CSet: 341M, Min Garbage: 0B
[1986.201s][info][gc,ergo     ] GC(200) Collectable Garbage: 6426M (99%), Immediate: 1608M (24%), CSet: 4818M (74%)
[1986.201s][info][gc,ergo     ] GC(200) Pacer for Evacuation. Used CSet: 4904M, Free: 2351M, Non-Taxable: 235M, Alloc Tax Rate: 5.1x
[1986.201s][info][gc          ] GC(200) Pause Final Mark 0.293ms
[1986.201s][info][gc,start    ] GC(200) Concurrent thread roots
[1986.201s][info][gc,task     ] GC(200) Using 2 of 4 workers for Concurrent thread roots
[1986.201s][info][gc          ] GC(200) Concurrent thread roots 0.785ms
[1986.202s][info][gc,start    ] GC(200) Concurrent weak references
[1986.202s][info][gc,task     ] GC(200) Using 2 of 4 workers for concurrent weak references
[1986.202s][info][gc,ref      ] GC(200) Encountered references: Soft: 6557, Weak: 23717, Final: 34, Phantom: 1396
[1986.202s][info][gc,ref      ] GC(200) Discovered  references: Soft: 0, Weak: 2311, Final: 1, Phantom: 1311
[1986.202s][info][gc,ref      ] GC(200) Enqueued    references: Soft: 0, Weak: 5, Final: 0, Phantom: 0
[1986.202s][info][gc          ] GC(200) Concurrent weak references 0.185ms
[1986.202s][info][gc,start    ] GC(200) Concurrent weak roots
[1986.202s][info][gc,task     ] GC(200) Using 2 of 4 workers for concurrent weak root
[1986.203s][info][gc          ] GC(200) Concurrent weak roots 0.877ms
[1986.203s][info][gc,start    ] GC(200) Concurrent cleanup
[1986.203s][info][gc          ] GC(200) Concurrent cleanup 7044M->5436M(8192M) 0.032ms
[1986.203s][info][gc,ergo     ] GC(200) Free: 2343M, Max: 4096K regular, 428M humongous, Frag: 82% external, 0% internal; Reserve: 411M, Max: 4096K
[1986.203s][info][gc,start    ] GC(200) Concurrent strong roots
[1986.203s][info][gc,task     ] GC(200) Using 2 of 4 workers for concurrent strong root
[1986.209s][info][gc          ] GC(200) Concurrent strong roots 6.099ms
[1986.209s][info][gc,start    ] GC(200) Concurrent evacuation
[1986.209s][info][gc,task     ] GC(200) Using 2 of 4 workers for concurrent evacuation
[1986.249s][info][gc          ] GC(200) Concurrent evacuation 40.636ms
[1986.249s][info][gc,start    ] GC(200) Pause Init Update Refs
[1986.250s][info][gc,ergo     ] GC(200) Pacer for Update Refs. Used: 5536M, Free: 2331M, Non-Taxable: 233M, Alloc Tax Rate: 2.9x
[1986.250s][info][gc          ] GC(200) Pause Init Update Refs 0.044ms
[1986.250s][info][gc,start    ] GC(200) Concurrent update references
[1986.250s][info][gc,task     ] GC(200) Using 2 of 4 workers for concurrent reference update
[1986.390s][info][gc          ] GC(200) Concurrent update references 140.632ms
[1986.390s][info][gc,start    ] GC(200) Concurrent update thread roots
[1986.392s][info][gc          ] GC(200) Concurrent update thread roots 1.473ms
[1986.392s][info][gc,start    ] GC(200) Pause Final Update Refs
[1986.392s][info][gc,task     ] GC(200) Using 4 of 4 workers for final reference update
[1986.392s][info][gc          ] GC(200) Pause Final Update Refs 0.124ms
[1986.392s][info][gc,start    ] GC(200) Concurrent cleanup
[1986.392s][info][gc          ] GC(200) Concurrent cleanup 5628M->724M(8192M) 0.072ms
[1986.392s][info][gc,ergo     ] Free: 7055M, Max: 4096K regular, 5256M humongous, Frag: 26% external, 0% internal; Reserve: 412M, Max: 4096K
[1986.392s][info][gc,stats    ] 
[1986.392s][info][gc,stats    ] All times are wall-clock times, except per-root-class counters, that are sum over
[1986.392s][info][gc,stats    ] all workers. Dividing the <total> over the root stage time estimates parallelism.
[1986.392s][info][gc,stats    ] 
[1986.392s][info][gc,stats    ] Concurrent Reset                  21390 us
[1986.392s][info][gc,stats    ] Pause Init Mark (G)                 223 us
[1986.392s][info][gc,stats    ] Pause Init Mark (N)                 135 us
[1986.392s][info][gc,stats    ]   Update Region States               43 us
[1986.392s][info][gc,stats    ] Concurrent Mark Roots              9502 us, parallelism: 1.94x
[1986.392s][info][gc,stats    ]   CMR: <total>                    18481 us
[1986.392s][info][gc,stats    ]   CMR: Thread Roots                1361 us, workers (us): 717, 644, ---, ---, 
[1986.392s][info][gc,stats    ]   CMR: Code Cache Roots           15854 us, workers (us): 7278, 8576, ---, ---, 
[1986.392s][info][gc,stats    ]   CMR: VM Strong Roots               28 us, workers (us):  28,   0, ---, ---, 
[1986.392s][info][gc,stats    ]   CMR: CLDG Roots                  1239 us, workers (us): 1239, ---, ---, ---, 
[1986.392s][info][gc,stats    ] Concurrent Marking               218958 us
[1986.392s][info][gc,stats    ] Pause Final Mark (G)                321 us
[1986.392s][info][gc,stats    ] Pause Final Mark (N)                304 us
[1986.392s][info][gc,stats    ]   Finish Mark                        62 us
[1986.392s][info][gc,stats    ]   Update Region States               17 us
[1986.392s][info][gc,stats    ]   Choose Collection Set             147 us
[1986.392s][info][gc,stats    ]   Rebuild Free Set                   10 us
[1986.392s][info][gc,stats    ] Concurrent Thread Roots             805 us, parallelism: 1.83x
[1986.392s][info][gc,stats    ]   CTR: <total>                     1470 us
[1986.392s][info][gc,stats    ]   CTR: Thread Roots                1470 us, workers (us): 740, 730, ---, ---, 
[1986.392s][info][gc,stats    ] Concurrent Weak References          195 us, parallelism: 1.12x
[1986.392s][info][gc,stats    ]   CWRF: <total>                     219 us
[1986.392s][info][gc,stats    ]   CWRF: Weak References             219 us, workers (us): 122,  98, ---, ---, 
[1986.392s][info][gc,stats    ] Concurrent Weak Roots               891 us
[1986.392s][info][gc,stats    ]   Roots                             832 us, parallelism: 1.80x
[1986.392s][info][gc,stats    ]     CWR: <total>                   1501 us
[1986.392s][info][gc,stats    ]     CWR: VM Weak Roots             1501 us, workers (us): 751, 750, ---, ---, 
[1986.392s][info][gc,stats    ]   Rendezvous                         25 us
[1986.392s][info][gc,stats    ] Concurrent Cleanup                   44 us
[1986.392s][info][gc,stats    ] Concurrent Strong Roots            6130 us, parallelism: 1.96x
[1986.392s][info][gc,stats    ]   CSR: <total>                    11993 us
[1986.392s][info][gc,stats    ]   CSR: Code Cache Roots           11756 us, workers (us): 5961, 5795, ---, ---, 
[1986.392s][info][gc,stats    ]   CSR: VM Strong Roots                8 us, workers (us):   4,   4, ---, ---, 
[1986.392s][info][gc,stats    ]   CSR: CLDG Roots                   229 us, workers (us): ---, 229, ---, ---, 
[1986.392s][info][gc,stats    ] Concurrent Evacuation             40677 us
[1986.392s][info][gc,stats    ] Pause Init Update Refs (G)           85 us
[1986.392s][info][gc,stats    ] Pause Init Update Refs (N)           55 us
[1986.392s][info][gc,stats    ]   Manage GCLABs                       5 us
[1986.393s][info][gc,stats    ] Concurrent Update Refs           140677 us
[1986.393s][info][gc,stats    ] Concurrent Update Thread Roots     1495 us
[1986.393s][info][gc,stats    ] Pause Final Update Refs (G)         197 us
[1986.393s][info][gc,stats    ] Pause Final Update Refs (N)         143 us
[1986.393s][info][gc,stats    ]   Update Region States               47 us
[1986.393s][info][gc,stats    ]   Trash Collection Set               15 us
[1986.393s][info][gc,stats    ]   Rebuild Free Set                   11 us
[1986.393s][info][gc,stats    ] Concurrent Cleanup                   86 us
[1986.393s][info][gc,stats    ] 
[1986.393s][info][gc,stats    ] Allocation pacing accrued:
[1986.393s][info][gc,stats    ]       0 of  9495 ms (  0.0%): <total>
[1986.393s][info][gc,stats    ]       0 of  9495 ms (  0.0%): <average total>
[1986.393s][info][gc,stats    ] 
[1986.393s][info][gc,metaspace] Metaspace: 136411K(137856K)->136411K(137856K) NonClass: 115339K(116160K)->115339K(116160K) Class: 21072K(21696K)->21072K(21696K)
[1986.393s][info][gc,ergo     ] Pacer for Idle. Initial: 163M, Alloc Tax Rate: 1.0x
[1995.857s][info][gc          ] Trigger: Average GC time (684.79 ms) is above the time for average allocation rate (1853 MB/s) to deplete free headroom (1181M) (margin of error = 1.93)
[1995.857s][info][gc,ergo     ] Free headroom: 1590M (free) - 409M (spike) - 0B (penalties) = 1181M
[1995.857s][info][gc,ergo     ] Free: 1590M, Max: 4096K regular, 776M humongous, Frag: 51% external, 0% internal; Reserve: 412M, Max: 4096K
[1995.857s][info][gc,start    ] GC(201) Concurrent reset
[1995.857s][info][gc,task     ] GC(201) Using 2 of 4 workers for concurrent reset
[1995.857s][info][gc,ergo     ] GC(201) Pacer for Reset. Non-Taxable: 8192M
[1995.887s][info][gc          ] GC(201) Concurrent reset 29.665ms
[1995.887s][info][gc,start    ] GC(201) Pause Init Mark
[1995.887s][info][gc,task     ] GC(201) Using 4 of 4 workers for init marking
[1995.887s][info][gc,ergo     ] GC(201) Pacer for Mark. Expected Live: 485M, Free: 1565M, Non-Taxable: 156M, Alloc Tax Rate: 0.4x
[1995.887s][info][gc          ] GC(201) Pause Init Mark 0.141ms
[1995.887s][info][gc,start    ] GC(201) Concurrent marking roots
[1995.887s][info][gc,task     ] GC(201) Using 2 of 4 workers for concurrent marking roots
[1995.902s][info][gc          ] GC(201) Concurrent marking roots 14.707ms
[1995.902s][info][gc,start    ] GC(201) Concurrent marking
[1995.902s][info][gc,task     ] GC(201) Using 2 of 4 workers for concurrent marking
[1996.252s][info][gc          ] GC(201) Concurrent marking 350.349ms
[1996.252s][info][gc,start    ] GC(201) Pause Final Mark
[1996.252s][info][gc,task     ] GC(201) Using 4 of 4 workers for final marking
[1996.252s][info][gc,ergo     ] GC(201) Adaptive CSet Selection. Target Free: 1160M, Actual Free: 2380M, Max CSet: 341M, Min Garbage: 0B
[1996.252s][info][gc,ergo     ] GC(201) Collectable Garbage: 5633M (99%), Immediate: 804M (14%), CSet: 4829M (85%)
[1996.252s][info][gc,ergo     ] GC(201) Pacer for Evacuation. Used CSet: 4987M, Free: 1983M, Non-Taxable: 198M, Alloc Tax Rate: 6.1x
[1996.252s][info][gc          ] GC(201) Pause Final Mark 0.332ms
[1996.253s][info][gc,start    ] GC(201) Concurrent thread roots
[1996.253s][info][gc,task     ] GC(201) Using 2 of 4 workers for Concurrent thread roots
[1996.253s][info][gc          ] GC(201) Concurrent thread roots 0.805ms
[1996.253s][info][gc,start    ] GC(201) Concurrent weak references
[1996.253s][info][gc,task     ] GC(201) Using 2 of 4 workers for concurrent weak references
[1996.254s][info][gc,ref      ] GC(201) Encountered references: Soft: 6557, Weak: 23715, Final: 34, Phantom: 1399
[1996.254s][info][gc,ref      ] GC(201) Discovered  references: Soft: 0, Weak: 11661, Final: 0, Phantom: 1193
[1996.254s][info][gc,ref      ] GC(201) Enqueued    references: Soft: 0, Weak: 2, Final: 0, Phantom: 0
[1996.254s][info][gc          ] GC(201) Concurrent weak references 0.581ms
[1996.254s][info][gc,start    ] GC(201) Concurrent weak roots
[1996.254s][info][gc,task     ] GC(201) Using 2 of 4 workers for concurrent weak root
[1996.255s][info][gc          ] GC(201) Concurrent weak roots 0.893ms
[1996.255s][info][gc,start    ] GC(201) Concurrent cleanup
[1996.255s][info][gc          ] GC(201) Concurrent cleanup 6608M->5804M(8192M) 0.031ms
[1996.255s][info][gc,ergo     ] GC(201) Free: 1975M, Max: 4096K regular, 428M humongous, Frag: 79% external, 0% internal; Reserve: 411M, Max: 4096K
[1996.255s][info][gc,start    ] GC(201) Concurrent strong roots
[1996.255s][info][gc,task     ] GC(201) Using 2 of 4 workers for concurrent strong root
[1996.261s][info][gc          ] GC(201) Concurrent strong roots 6.265ms
[1996.261s][info][gc,start    ] GC(201) Concurrent evacuation
[1996.261s][info][gc,task     ] GC(201) Using 2 of 4 workers for concurrent evacuation
[1996.338s][info][gc          ] GC(201) Concurrent evacuation 77.087ms
[1996.338s][info][gc,start    ] GC(201) Pause Init Update Refs
[1996.338s][info][gc,ergo     ] GC(201) Pacer for Update Refs. Used: 5999M, Free: 1943M, Non-Taxable: 194M, Alloc Tax Rate: 3.8x
[1996.338s][info][gc          ] GC(201) Pause Init Update Refs 0.047ms
[1996.338s][info][gc,start    ] GC(201) Concurrent update references
[1996.338s][info][gc,task     ] GC(201) Using 2 of 4 workers for concurrent reference update
[1996.548s][info][gc          ] GC(201) Concurrent update references 209.394ms
[1996.548s][info][gc,start    ] GC(201) Concurrent update thread roots
[1996.549s][info][gc          ] GC(201) Concurrent update thread roots 1.426ms
[1996.549s][info][gc,start    ] GC(201) Pause Final Update Refs
[1996.549s][info][gc,task     ] GC(201) Using 4 of 4 workers for final reference update
[1996.550s][info][gc          ] GC(201) Pause Final Update Refs 0.107ms
[1996.550s][info][gc,start    ] GC(201) Concurrent cleanup
[1996.550s][info][gc          ] GC(201) Concurrent cleanup 6075M->1088M(8192M) 0.073ms
[1996.550s][info][gc,ergo     ] Free: 6691M, Max: 4096K regular, 4200M humongous, Frag: 38% external, 0% internal; Reserve: 412M, Max: 4096K
[1996.550s][info][gc,stats    ] 
[1996.550s][info][gc,stats    ] All times are wall-clock times, except per-root-class counters, that are sum over
[1996.550s][info][gc,stats    ] all workers. Dividing the <total> over the root stage time estimates parallelism.
[1996.550s][info][gc,stats    ] 
[1996.550s][info][gc,stats    ] Concurrent Reset                  29774 us
[1996.550s][info][gc,stats    ] Pause Init Mark (G)                 296 us
[1996.550s][info][gc,stats    ] Pause Init Mark (N)                 153 us
[1996.550s][info][gc,stats    ]   Update Region States               47 us
[1996.550s][info][gc,stats    ] Concurrent Mark Roots             14756 us, parallelism: 1.96x
[1996.550s][info][gc,stats    ]   CMR: <total>                    28968 us
[1996.550s][info][gc,stats    ]   CMR: Thread Roots                1434 us, workers (us): 754, 680, ---, ---, 
[1996.550s][info][gc,stats    ]   CMR: Code Cache Roots           26565 us, workers (us): 12772, 13793, ---, ---, 
[1996.550s][info][gc,stats    ]   CMR: VM Strong Roots               17 us, workers (us):  16,   0, ---, ---, 
[1996.550s][info][gc,stats    ]   CMR: CLDG Roots                   952 us, workers (us): 952, ---, ---, ---, 
[1996.550s][info][gc,stats    ] Concurrent Marking               350400 us
[1996.550s][info][gc,stats    ] Pause Final Mark (G)                459 us
[1996.550s][info][gc,stats    ] Pause Final Mark (N)                343 us
[1996.550s][info][gc,stats    ]   Finish Mark                        70 us
[1996.550s][info][gc,stats    ]   Update Region States               45 us
[1996.550s][info][gc,stats    ]   Choose Collection Set             150 us
[1996.550s][info][gc,stats    ]   Rebuild Free Set                    9 us
[1996.550s][info][gc,stats    ] Concurrent Thread Roots             830 us, parallelism: 1.84x
[1996.550s][info][gc,stats    ]   CTR: <total>                     1525 us
[1996.550s][info][gc,stats    ]   CTR: Thread Roots                1525 us, workers (us): 763, 762, ---, ---, 
[1996.550s][info][gc,stats    ] Concurrent Weak References          592 us, parallelism: 0.97x
[1996.550s][info][gc,stats    ]   CWRF: <total>                     576 us
[1996.550s][info][gc,stats    ]   CWRF: Weak References             576 us, workers (us):  73, 504, ---, ---, 
[1996.550s][info][gc,stats    ] Concurrent Weak Roots               919 us
[1996.550s][info][gc,stats    ]   Roots                             846 us, parallelism: 1.79x
[1996.550s][info][gc,stats    ]     CWR: <total>                   1516 us
[1996.550s][info][gc,stats    ]     CWR: VM Weak Roots             1516 us, workers (us): 758, 758, ---, ---, 
[1996.550s][info][gc,stats    ]   Rendezvous                         26 us
[1996.550s][info][gc,stats    ] Concurrent Cleanup                   44 us
[1996.550s][info][gc,stats    ] Concurrent Strong Roots            6290 us, parallelism: 1.96x
[1996.550s][info][gc,stats    ]   CSR: <total>                    12309 us
[1996.550s][info][gc,stats    ]   CSR: Code Cache Roots           11972 us, workers (us): 5798, 6174, ---, ---, 
[1996.550s][info][gc,stats    ]   CSR: VM Strong Roots                8 us, workers (us):   4,   4, ---, ---, 
[1996.550s][info][gc,stats    ]   CSR: CLDG Roots                   329 us, workers (us): 329, ---, ---, ---, 
[1996.550s][info][gc,stats    ] Concurrent Evacuation             77139 us
[1996.550s][info][gc,stats    ] Pause Init Update Refs (G)          112 us
[1996.550s][info][gc,stats    ] Pause Init Update Refs (N)           58 us
[1996.550s][info][gc,stats    ]   Manage GCLABs                       6 us
[1996.550s][info][gc,stats    ] Concurrent Update Refs           209433 us
[1996.550s][info][gc,stats    ] Concurrent Update Thread Roots     1454 us
[1996.550s][info][gc,stats    ] Pause Final Update Refs (G)         175 us
[1996.550s][info][gc,stats    ] Pause Final Update Refs (N)         131 us
[1996.550s][info][gc,stats    ]   Update Region States               45 us
[1996.550s][info][gc,stats    ]   Trash Collection Set               13 us
[1996.550s][info][gc,stats    ]   Rebuild Free Set                   10 us
[1996.550s][info][gc,stats    ] Concurrent Cleanup                   88 us
[1996.550s][info][gc,stats    ] 
[1996.550s][info][gc,stats    ] Allocation pacing accrued:
[1996.550s][info][gc,stats    ]       0 of 10158 ms (  0.0%): <total>
[1996.550s][info][gc,stats    ]       0 of 10158 ms (  0.0%): <average total>
[1996.550s][info][gc,stats    ] 
[1996.550s][info][gc,metaspace] Metaspace: 136412K(137856K)->136412K(137856K) NonClass: 115339K(116160K)->115339K(116160K) Class: 21072K(21696K)->21072K(21696K)
[1996.550s][info][gc,ergo     ] Pacer for Idle. Initial: 163M, Alloc Tax Rate: 1.0x
[2005.305s][info][gc          ] Trigger: Average GC time (822.67 ms) is above the time for average allocation rate (612 MB/s) to deplete free headroom (422M) (margin of error = 1.95)
[2005.306s][info][gc,ergo     ] Free headroom: 831M (free) - 409M (spike) - 0B (penalties) = 422M
[2005.306s][info][gc,ergo     ] Free: 831M, Max: 4096K regular, 428M humongous, Frag: 48% external, 0% internal; Reserve: 412M, Max: 4096K
[2005.306s][info][gc,start    ] GC(202) Concurrent reset
[2005.306s][info][gc,task     ] GC(202) Using 2 of 4 workers for concurrent reset
[2005.306s][info][gc,ergo     ] GC(202) Pacer for Reset. Non-Taxable: 8192M
[2005.330s][info][gc          ] GC(202) Concurrent reset 24.576ms
[2005.330s][info][gc,start    ] GC(202) Pause Init Mark
[2005.330s][info][gc,task     ] GC(202) Using 4 of 4 workers for init marking
[2005.330s][info][gc,ergo     ] GC(202) Pacer for Mark. Expected Live: 500M, Free: 819M, Non-Taxable: 83947K, Alloc Tax Rate: 0.7x
[2005.331s][info][gc          ] GC(202) Pause Init Mark 0.155ms
[2005.331s][info][gc,start    ] GC(202) Concurrent marking roots
[2005.331s][info][gc,task     ] GC(202) Using 2 of 4 workers for concurrent marking roots
[2005.342s][info][gc          ] GC(202) Concurrent marking roots 11.290ms
[2005.342s][info][gc,start    ] GC(202) Concurrent marking
[2005.342s][info][gc,task     ] GC(202) Using 2 of 4 workers for concurrent marking
[2005.623s][info][gc          ] GC(202) Concurrent marking 281.108ms
[2005.623s][info][gc,start    ] GC(202) Pause Final Mark
[2005.623s][info][gc,task     ] GC(202) Using 4 of 4 workers for final marking
[2005.623s][info][gc,ergo     ] GC(202) Adaptive CSet Selection. Target Free: 1160M, Actual Free: 1940M, Max CSet: 341M, Min Garbage: 0B
[2005.623s][info][gc,ergo     ] GC(202) Collectable Garbage: 6446M (99%), Immediate: 904M (13%), CSet: 5542M (85%)
[2005.623s][info][gc,ergo     ] GC(202) Pacer for Evacuation. Used CSet: 5644M, Free: 1543M, Non-Taxable: 154M, Alloc Tax Rate: 8.9x
[2005.623s][info][gc          ] GC(202) Pause Final Mark 0.351ms
[2005.623s][info][gc,start    ] GC(202) Concurrent thread roots
[2005.623s][info][gc,task     ] GC(202) Using 2 of 4 workers for Concurrent thread roots
[2005.624s][info][gc          ] GC(202) Concurrent thread roots 0.836ms
[2005.624s][info][gc,start    ] GC(202) Concurrent weak references
[2005.624s][info][gc,task     ] GC(202) Using 2 of 4 workers for concurrent weak references
[2005.625s][info][gc,ref      ] GC(202) Encountered references: Soft: 6557, Weak: 23718, Final: 34, Phantom: 1405
[2005.625s][info][gc,ref      ] GC(202) Discovered  references: Soft: 0, Weak: 11800, Final: 33, Phantom: 1032
[2005.625s][info][gc,ref      ] GC(202) Enqueued    references: Soft: 0, Weak: 3, Final: 0, Phantom: 0
[2005.625s][info][gc          ] GC(202) Concurrent weak references 0.732ms
[2005.625s][info][gc,start    ] GC(202) Concurrent weak roots
[2005.625s][info][gc,task     ] GC(202) Using 2 of 4 workers for concurrent weak root
[2005.626s][info][gc          ] GC(202) Concurrent weak roots 0.994ms
[2005.626s][info][gc,start    ] GC(202) Concurrent cleanup
[2005.626s][info][gc          ] GC(202) Concurrent cleanup 7148M->6244M(8192M) 0.038ms
[2005.626s][info][gc,ergo     ] GC(202) Free: 1535M, Max: 4096K regular, 424M humongous, Frag: 73% external, 0% internal; Reserve: 411M, Max: 4096K
[2005.626s][info][gc,start    ] GC(202) Concurrent strong roots
[2005.626s][info][gc,task     ] GC(202) Using 2 of 4 workers for concurrent strong root
[2005.634s][info][gc          ] GC(202) Concurrent strong roots 7.592ms
[2005.634s][info][gc,start    ] GC(202) Concurrent evacuation
[2005.634s][info][gc,task     ] GC(202) Using 2 of 4 workers for concurrent evacuation
[2005.701s][info][gc          ] GC(202) Concurrent evacuation 66.763ms
[2005.701s][info][gc,start    ] GC(202) Pause Init Update Refs
[2005.701s][info][gc,ergo     ] GC(202) Pacer for Update Refs. Used: 6372M, Free: 1511M, Non-Taxable: 151M, Alloc Tax Rate: 5.2x
[2005.701s][info][gc          ] GC(202) Pause Init Update Refs 0.055ms
[2005.701s][info][gc,start    ] GC(202) Concurrent update references
[2005.701s][info][gc,task     ] GC(202) Using 2 of 4 workers for concurrent reference update
[2005.869s][info][gc          ] GC(202) Concurrent update references 168.527ms
[2005.869s][info][gc,start    ] GC(202) Concurrent update thread roots
[2005.871s][info][gc          ] GC(202) Concurrent update thread roots 1.386ms
[2005.871s][info][gc,start    ] GC(202) Pause Final Update Refs
[2005.871s][info][gc,task     ] GC(202) Using 4 of 4 workers for final reference update
[2005.871s][info][gc          ] GC(202) Pause Final Update Refs 0.118ms
[2005.871s][info][gc,start    ] GC(202) Concurrent cleanup
[2005.871s][info][gc          ] GC(202) Concurrent cleanup 6428M->784M(8192M) 0.077ms
[2005.871s][info][gc,ergo     ] Free: 6995M, Max: 4096K regular, 4300M humongous, Frag: 39% external, 0% internal; Reserve: 412M, Max: 4096K
[2005.871s][info][gc,stats    ] 
[2005.871s][info][gc,stats    ] All times are wall-clock times, except per-root-class counters, that are sum over
[2005.871s][info][gc,stats    ] all workers. Dividing the <total> over the root stage time estimates parallelism.
[2005.871s][info][gc,stats    ] 
[2005.871s][info][gc,stats    ] Concurrent Reset                  24671 us
[2005.871s][info][gc,stats    ] Pause Init Mark (G)                 307 us
[2005.871s][info][gc,stats    ] Pause Init Mark (N)                 168 us
[2005.871s][info][gc,stats    ]   Update Region States               65 us
[2005.871s][info][gc,stats    ] Concurrent Mark Roots             11344 us, parallelism: 1.93x
[2005.871s][info][gc,stats    ]   CMR: <total>                    21899 us
[2005.871s][info][gc,stats    ]   CMR: Thread Roots                1728 us, workers (us): 884, 844, ---, ---, 
[2005.871s][info][gc,stats    ]   CMR: Code Cache Roots           18982 us, workers (us): 8889, 10093, ---, ---, 
[2005.871s][info][gc,stats    ]   CMR: VM Strong Roots               22 us, workers (us):  21,   0, ---, ---, 
[2005.871s][info][gc,stats    ]   CMR: CLDG Roots                  1167 us, workers (us): 1167, ---, ---, ---, 
[2005.871s][info][gc,stats    ] Concurrent Marking               281163 us
[2005.871s][info][gc,stats    ] Pause Final Mark (G)                385 us
[2005.871s][info][gc,stats    ] Pause Final Mark (N)                363 us
[2005.871s][info][gc,stats    ]   Finish Mark                        84 us
[2005.871s][info][gc,stats    ]   Update Region States               42 us
[2005.871s][info][gc,stats    ]   Choose Collection Set             154 us
[2005.871s][info][gc,stats    ]   Rebuild Free Set                    9 us
[2005.871s][info][gc,stats    ] Concurrent Thread Roots             862 us, parallelism: 1.82x
[2005.871s][info][gc,stats    ]   CTR: <total>                     1567 us
[2005.871s][info][gc,stats    ]   CTR: Thread Roots                1567 us, workers (us): 785, 782, ---, ---, 
[2005.871s][info][gc,stats    ] Concurrent Weak References          743 us, parallelism: 1.01x
[2005.871s][info][gc,stats    ]   CWRF: <total>                     752 us
[2005.871s][info][gc,stats    ]   CWRF: Weak References             752 us, workers (us): 657,  95, ---, ---, 
[2005.871s][info][gc,stats    ] Concurrent Weak Roots              1010 us
[2005.871s][info][gc,stats    ]   Roots                             944 us, parallelism: 1.73x
[2005.871s][info][gc,stats    ]     CWR: <total>                   1636 us
[2005.871s][info][gc,stats    ]     CWR: VM Weak Roots             1636 us, workers (us): 818, 819, ---, ---, 
[2005.871s][info][gc,stats    ]   Rendezvous                         29 us
[2005.871s][info][gc,stats    ] Concurrent Cleanup                   51 us
[2005.871s][info][gc,stats    ] Concurrent Strong Roots            7636 us, parallelism: 1.95x
[2005.871s][info][gc,stats    ]   CSR: <total>                    14897 us
[2005.871s][info][gc,stats    ]   CSR: Code Cache Roots           14640 us, workers (us): 7488, 7152, ---, ---, 
[2005.871s][info][gc,stats    ]   CSR: VM Strong Roots               12 us, workers (us):   7,   6, ---, ---, 
[2005.871s][info][gc,stats    ]   CSR: CLDG Roots                   245 us, workers (us): ---, 245, ---, ---, 
[2005.871s][info][gc,stats    ] Concurrent Evacuation             66810 us
[2005.871s][info][gc,stats    ] Pause Init Update Refs (G)          119 us
[2005.871s][info][gc,stats    ] Pause Init Update Refs (N)           66 us
[2005.871s][info][gc,stats    ]   Manage GCLABs                      11 us
[2005.871s][info][gc,stats    ] Concurrent Update Refs           168568 us
[2005.871s][info][gc,stats    ] Concurrent Update Thread Roots     1413 us
[2005.871s][info][gc,stats    ] Pause Final Update Refs (G)         157 us
[2005.871s][info][gc,stats    ] Pause Final Update Refs (N)         133 us
[2005.871s][info][gc,stats    ]   Update Region States               51 us
[2005.871s][info][gc,stats    ]   Trash Collection Set               17 us
[2005.871s][info][gc,stats    ]   Rebuild Free Set                   11 us
[2005.871s][info][gc,stats    ] Concurrent Cleanup                   92 us
[2005.871s][info][gc,stats    ] 
[2005.871s][info][gc,stats    ] Allocation pacing accrued:
[2005.872s][info][gc,stats    ]       0 of  9321 ms (  0.0%): <total>
[2005.872s][info][gc,stats    ]       0 of  9321 ms (  0.0%): <average total>
[2005.872s][info][gc,stats    ] 
[2005.872s][info][gc,metaspace] Metaspace: 136412K(137856K)->136412K(137856K) NonClass: 115339K(116160K)->115339K(116160K) Class: 21072K(21696K)->21072K(21696K)
[2005.872s][info][gc,ergo     ] Pacer for Idle. Initial: 163M, Alloc Tax Rate: 1.0x
[2015.512s][info][gc          ] Trigger: Average GC time (743.71 ms) is above the time for average allocation rate (784 MB/s) to deplete free headroom (582M) (margin of error = 1.95)
[2015.512s][info][gc,ergo     ] Free headroom: 991M (free) - 409M (spike) - 0B (penalties) = 582M
[2015.512s][info][gc,ergo     ] Free: 991M, Max: 4096K regular, 424M humongous, Frag: 57% external, 0% internal; Reserve: 412M, Max: 4096K
[2015.512s][info][gc,start    ] GC(203) Concurrent reset
[2015.512s][info][gc,task     ] GC(203) Using 2 of 4 workers for concurrent reset
[2015.512s][info][gc,ergo     ] GC(203) Pacer for Reset. Non-Taxable: 8192M
[2015.533s][info][gc          ] GC(203) Concurrent reset 21.340ms
[2015.534s][info][gc,start    ] GC(203) Pause Init Mark
[2015.534s][info][gc,task     ] GC(203) Using 4 of 4 workers for init marking
[2015.534s][info][gc,ergo     ] GC(203) Pacer for Mark. Expected Live: 495M, Free: 971M, Non-Taxable: 99520K, Alloc Tax Rate: 0.6x
[2015.534s][info][gc          ] GC(203) Pause Init Mark 0.103ms
[2015.534s][info][gc,start    ] GC(203) Concurrent marking roots
[2015.534s][info][gc,task     ] GC(203) Using 2 of 4 workers for concurrent marking roots
[2015.544s][info][gc          ] GC(203) Concurrent marking roots 10.174ms
[2015.544s][info][gc,start    ] GC(203) Concurrent marking
[2015.544s][info][gc,task     ] GC(203) Using 2 of 4 workers for concurrent marking
[2015.806s][info][gc          ] GC(203) Concurrent marking 262.373ms
[2015.806s][info][gc,start    ] GC(203) Pause Final Mark
[2015.806s][info][gc,task     ] GC(203) Using 4 of 4 workers for final marking
[2015.807s][info][gc,ergo     ] GC(203) Adaptive CSet Selection. Target Free: 1160M, Actual Free: 1328M, Max CSet: 341M, Min Garbage: 0B
[2015.807s][info][gc,ergo     ] GC(203) Collectable Garbage: 6276M (99%), Immediate: 540M (8%), CSet: 5736M (90%)
[2015.807s][info][gc,ergo     ] GC(203) Pacer for Evacuation. Used CSet: 5852M, Free: 928M, Non-Taxable: 95032K, Alloc Tax Rate: 15.4x
[2015.807s][info][gc          ] GC(203) Pause Final Mark 0.354ms
[2015.807s][info][gc,start    ] GC(203) Concurrent thread roots
[2015.807s][info][gc,task     ] GC(203) Using 2 of 4 workers for Concurrent thread roots
[2015.808s][info][gc          ] GC(203) Concurrent thread roots 0.750ms
[2015.808s][info][gc,start    ] GC(203) Concurrent weak references
[2015.808s][info][gc,task     ] GC(203) Using 2 of 4 workers for concurrent weak references
[2015.808s][info][gc,ref      ] GC(203) Encountered references: Soft: 6557, Weak: 23722, Final: 34, Phantom: 1411
[2015.808s][info][gc,ref      ] GC(203) Discovered  references: Soft: 0, Weak: 2005, Final: 1, Phantom: 1055
[2015.808s][info][gc,ref      ] GC(203) Enqueued    references: Soft: 0, Weak: 5, Final: 0, Phantom: 0
[2015.808s][info][gc          ] GC(203) Concurrent weak references 0.163ms
[2015.808s][info][gc,start    ] GC(203) Concurrent weak roots
[2015.808s][info][gc,task     ] GC(203) Using 2 of 4 workers for concurrent weak root
[2015.809s][info][gc          ] GC(203) Concurrent weak roots 0.968ms
[2015.809s][info][gc,start    ] GC(203) Concurrent cleanup
[2015.809s][info][gc          ] GC(203) Concurrent cleanup 7400M->6860M(8192M) 0.032ms
[2015.809s][info][gc,ergo     ] GC(203) Free: 919M, Max: 4096K regular, 248M humongous, Frag: 73% external, 0% internal; Reserve: 411M, Max: 4096K
[2015.809s][info][gc,start    ] GC(203) Concurrent strong roots
[2015.809s][info][gc,task     ] GC(203) Using 2 of 4 workers for concurrent strong root
[2015.816s][info][gc          ] GC(203) Concurrent strong roots 7.049ms
[2015.816s][info][gc,start    ] GC(203) Concurrent evacuation
[2015.816s][info][gc,task     ] GC(203) Using 2 of 4 workers for concurrent evacuation
[2015.923s][info][gc          ] GC(203) Concurrent evacuation 107.523ms
[2015.924s][info][gc,start    ] GC(203) Pause Init Update Refs
[2015.924s][info][gc,ergo     ] GC(203) Pacer for Update Refs. Used: 7088M, Free: 811M, Non-Taxable: 83069K, Alloc Tax Rate: 10.7x
[2015.924s][info][gc          ] GC(203) Pause Init Update Refs 0.072ms
[2015.924s][info][gc,start    ] GC(203) Concurrent update references
[2015.924s][info][gc,task     ] GC(203) Using 2 of 4 workers for concurrent reference update
[2016.173s][info][gc          ] GC(203) Concurrent update references 249.718ms
[2016.173s][info][gc,start    ] GC(203) Concurrent update thread roots
[2016.175s][info][gc          ] GC(203) Concurrent update thread roots 1.452ms
[2016.175s][info][gc,start    ] GC(203) Pause Final Update Refs
[2016.175s][info][gc,task     ] GC(203) Using 4 of 4 workers for final reference update
[2016.175s][info][gc          ] GC(203) Pause Final Update Refs 0.103ms
[2016.175s][info][gc,start    ] GC(203) Concurrent cleanup
[2016.175s][info][gc          ] GC(203) Concurrent cleanup 7276M->1424M(8192M) 0.070ms
[2016.175s][info][gc,ergo     ] Free: 6355M, Max: 4096K regular, 1324M humongous, Frag: 80% external, 0% internal; Reserve: 412M, Max: 4096K
[2016.175s][info][gc,stats    ] 
[2016.175s][info][gc,stats    ] All times are wall-clock times, except per-root-class counters, that are sum over
[2016.175s][info][gc,stats    ] all workers. Dividing the <total> over the root stage time estimates parallelism.
[2016.175s][info][gc,stats    ] 
[2016.175s][info][gc,stats    ] Concurrent Reset                  21434 us
[2016.175s][info][gc,stats    ] Pause Init Mark (G)                 270 us
[2016.175s][info][gc,stats    ] Pause Init Mark (N)                 113 us
[2016.175s][info][gc,stats    ]   Update Region States               45 us
[2016.175s][info][gc,stats    ] Concurrent Mark Roots             10217 us, parallelism: 1.95x
[2016.175s][info][gc,stats    ]   CMR: <total>                    19900 us
[2016.175s][info][gc,stats    ]   CMR: Thread Roots                1536 us, workers (us): 763, 773, ---, ---, 
[2016.175s][info][gc,stats    ]   CMR: Code Cache Roots           17425 us, workers (us): 8261, 9164, ---, ---, 
[2016.175s][info][gc,stats    ]   CMR: VM Strong Roots               14 us, workers (us):  14,   0, ---, ---, 
[2016.175s][info][gc,stats    ]   CMR: CLDG Roots                   925 us, workers (us): 925, ---, ---, ---, 
[2016.175s][info][gc,stats    ] Concurrent Marking               262406 us
[2016.175s][info][gc,stats    ] Pause Final Mark (G)                393 us
[2016.175s][info][gc,stats    ] Pause Final Mark (N)                364 us
[2016.175s][info][gc,stats    ]   Finish Mark                        77 us
[2016.175s][info][gc,stats    ]   Update Region States               42 us
[2016.175s][info][gc,stats    ]   Choose Collection Set             170 us
[2016.175s][info][gc,stats    ]   Rebuild Free Set                    8 us
[2016.175s][info][gc,stats    ] Concurrent Thread Roots             764 us, parallelism: 1.86x
[2016.175s][info][gc,stats    ]   CTR: <total>                     1424 us
[2016.175s][info][gc,stats    ]   CTR: Thread Roots                1424 us, workers (us): 716, 709, ---, ---, 
[2016.175s][info][gc,stats    ] Concurrent Weak References          173 us, parallelism: 1.02x
[2016.175s][info][gc,stats    ]   CWRF: <total>                     176 us
[2016.175s][info][gc,stats    ]   CWRF: Weak References             176 us, workers (us): 103,  73, ---, ---, 
[2016.175s][info][gc,stats    ] Concurrent Weak Roots               993 us
[2016.175s][info][gc,stats    ]   Roots                             919 us, parallelism: 1.74x
[2016.175s][info][gc,stats    ]     CWR: <total>                   1601 us
[2016.175s][info][gc,stats    ]     CWR: VM Weak Roots             1601 us, workers (us): 800, 800, ---, ---, 
[2016.175s][info][gc,stats    ]   Rendezvous                         28 us
[2016.175s][info][gc,stats    ] Concurrent Cleanup                   45 us
[2016.175s][info][gc,stats    ] Concurrent Strong Roots            7077 us, parallelism: 1.95x
[2016.175s][info][gc,stats    ]   CSR: <total>                    13812 us
[2016.175s][info][gc,stats    ]   CSR: Code Cache Roots           13481 us, workers (us): 6558, 6922, ---, ---, 
[2016.176s][info][gc,stats    ]   CSR: VM Strong Roots               12 us, workers (us):   6,   6, ---, ---, 
[2016.176s][info][gc,stats    ]   CSR: CLDG Roots                   319 us, workers (us): 319, ---, ---, ---, 
[2016.176s][info][gc,stats    ] Concurrent Evacuation            107599 us
[2016.176s][info][gc,stats    ] Pause Init Update Refs (G)          168 us
[2016.176s][info][gc,stats    ] Pause Init Update Refs (N)           84 us
[2016.176s][info][gc,stats    ]   Manage GCLABs                      10 us
[2016.176s][info][gc,stats    ] Concurrent Update Refs           249771 us
[2016.176s][info][gc,stats    ] Concurrent Update Thread Roots     1480 us
[2016.176s][info][gc,stats    ] Pause Final Update Refs (G)         147 us
[2016.176s][info][gc,stats    ] Pause Final Update Refs (N)         117 us
[2016.176s][info][gc,stats    ]   Update Region States               38 us
[2016.176s][info][gc,stats    ]   Trash Collection Set               16 us
[2016.176s][info][gc,stats    ]   Rebuild Free Set                    9 us
[2016.176s][info][gc,stats    ] Concurrent Cleanup                   84 us
[2016.176s][info][gc,stats    ] 
[2016.176s][info][gc,stats    ] Allocation pacing accrued:
[2016.176s][info][gc,stats    ]       0 of 10304 ms (  0.0%): <total>
[2016.176s][info][gc,stats    ]       0 of 10304 ms (  0.0%): <average total>
[2016.176s][info][gc,stats    ] 
[2016.176s][info][gc,metaspace] Metaspace: 136412K(137856K)->136413K(137856K) NonClass: 115339K(116160K)->115341K(116160K) Class: 21072K(21696K)->21072K(21696K)
[2016.176s][info][gc,ergo     ] Pacer for Idle. Initial: 163M, Alloc Tax Rate: 1.0x
[2025.407s][info][gc          ] Trigger: Average GC time (763.26 ms) is above the time for average allocation rate (701 MB/s) to deplete free headroom (533M) (margin of error = 1.98)
[2025.407s][info][gc,ergo     ] Free headroom: 943M (free) - 409M (spike) - 0B (penalties) = 533M
[2025.407s][info][gc,ergo     ] Free: 943M, Max: 4096K regular, 388M humongous, Frag: 59% external, 0% internal; Reserve: 412M, Max: 4096K
[2025.407s][info][gc,start    ] GC(204) Concurrent reset
[2025.407s][info][gc,task     ] GC(204) Using 2 of 4 workers for concurrent reset
[2025.407s][info][gc,ergo     ] GC(204) Pacer for Reset. Non-Taxable: 8192M
[2025.439s][info][gc          ] GC(204) Concurrent reset 32.457ms
[2025.439s][info][gc,start    ] GC(204) Pause Init Mark
[2025.439s][info][gc,task     ] GC(204) Using 4 of 4 workers for init marking
[2025.439s][info][gc,ergo     ] GC(204) Pacer for Mark. Expected Live: 502M, Free: 939M, Non-Taxable: 96175K, Alloc Tax Rate: 0.7x
[2025.439s][info][gc          ] GC(204) Pause Init Mark 0.165ms
[2025.439s][info][gc,start    ] GC(204) Concurrent marking roots
[2025.439s][info][gc,task     ] GC(204) Using 2 of 4 workers for concurrent marking roots
[2025.450s][info][gc          ] GC(204) Concurrent marking roots 10.260ms
[2025.450s][info][gc,start    ] GC(204) Concurrent marking
[2025.450s][info][gc,task     ] GC(204) Using 2 of 4 workers for concurrent marking
[2025.700s][info][gc          ] GC(204) Concurrent marking 250.252ms
[2025.700s][info][gc,start    ] GC(204) Pause Final Mark
[2025.700s][info][gc,task     ] GC(204) Using 4 of 4 workers for final marking
[2025.700s][info][gc,ergo     ] GC(204) Adaptive CSet Selection. Target Free: 1160M, Actual Free: 2132M, Max CSet: 341M, Min Garbage: 0B
[2025.700s][info][gc,ergo     ] GC(204) Collectable Garbage: 6316M (99%), Immediate: 940M (14%), CSet: 5376M (84%)
[2025.700s][info][gc,ergo     ] GC(204) Pacer for Evacuation. Used CSet: 5488M, Free: 1735M, Non-Taxable: 173M, Alloc Tax Rate: 7.7x
[2025.700s][info][gc          ] GC(204) Pause Final Mark 0.310ms
[2025.700s][info][gc,start    ] GC(204) Concurrent thread roots
[2025.700s][info][gc,task     ] GC(204) Using 2 of 4 workers for Concurrent thread roots
[2025.701s][info][gc          ] GC(204) Concurrent thread roots 0.806ms
[2025.701s][info][gc,start    ] GC(204) Concurrent weak references
[2025.701s][info][gc,task     ] GC(204) Using 2 of 4 workers for concurrent weak references
[2025.701s][info][gc,ref      ] GC(204) Encountered references: Soft: 6557, Weak: 23720, Final: 34, Phantom: 1414
[2025.701s][info][gc,ref      ] GC(204) Discovered  references: Soft: 0, Weak: 873, Final: 33, Phantom: 1092
[2025.701s][info][gc,ref      ] GC(204) Enqueued    references: Soft: 0, Weak: 2, Final: 0, Phantom: 0
[2025.701s][info][gc          ] GC(204) Concurrent weak references 0.209ms
[2025.701s][info][gc,start    ] GC(204) Concurrent weak roots
[2025.701s][info][gc,task     ] GC(204) Using 2 of 4 workers for concurrent weak root
[2025.702s][info][gc          ] GC(204) Concurrent weak roots 0.920ms
[2025.702s][info][gc,start    ] GC(204) Concurrent cleanup
[2025.702s][info][gc          ] GC(204) Concurrent cleanup 6993M->6053M(8192M) 0.030ms
[2025.702s][info][gc,ergo     ] GC(204) Free: 1726M, Max: 4096K regular, 236M humongous, Frag: 87% external, 0% internal; Reserve: 411M, Max: 4096K
[2025.702s][info][gc,start    ] GC(204) Concurrent strong roots
[2025.702s][info][gc,task     ] GC(204) Using 2 of 4 workers for concurrent strong root
[2025.710s][info][gc          ] GC(204) Concurrent strong roots 7.703ms
[2025.710s][info][gc,start    ] GC(204) Concurrent evacuation
[2025.710s][info][gc,task     ] GC(204) Using 2 of 4 workers for concurrent evacuation
[2025.776s][info][gc          ] GC(204) Concurrent evacuation 65.444ms
[2025.776s][info][gc,start    ] GC(204) Pause Init Update Refs
[2025.776s][info][gc,ergo     ] GC(204) Pacer for Update Refs. Used: 6185M, Free: 1710M, Non-Taxable: 171M, Alloc Tax Rate: 4.4x
[2025.776s][info][gc          ] GC(204) Pause Init Update Refs 0.058ms
[2025.776s][info][gc,start    ] GC(204) Concurrent update references
[2025.776s][info][gc,task     ] GC(204) Using 2 of 4 workers for concurrent reference update
[2025.935s][info][gc          ] GC(204) Concurrent update references 159.373ms
[2025.935s][info][gc,start    ] GC(204) Concurrent update thread roots
[2025.937s][info][gc          ] GC(204) Concurrent update thread roots 1.403ms
[2025.937s][info][gc,start    ] GC(204) Pause Final Update Refs
[2025.937s][info][gc,task     ] GC(204) Using 4 of 4 workers for final reference update
[2025.937s][info][gc          ] GC(204) Pause Final Update Refs 0.096ms
[2025.937s][info][gc,start    ] GC(204) Concurrent cleanup
[2025.937s][info][gc          ] GC(204) Concurrent cleanup 6305M->817M(8192M) 0.064ms
[2025.937s][info][gc,ergo     ] Free: 6962M, Max: 4096K regular, 4300M humongous, Frag: 39% external, 0% internal; Reserve: 412M, Max: 4096K
[2025.937s][info][gc,stats    ] 
[2025.937s][info][gc,stats    ] All times are wall-clock times, except per-root-class counters, that are sum over
[2025.937s][info][gc,stats    ] all workers. Dividing the <total> over the root stage time estimates parallelism.
[2025.937s][info][gc,stats    ] 
[2025.937s][info][gc,stats    ] Concurrent Reset                  32522 us
[2025.937s][info][gc,stats    ] Pause Init Mark (G)                 270 us
[2025.937s][info][gc,stats    ] Pause Init Mark (N)                 177 us
[2025.937s][info][gc,stats    ]   Update Region States               69 us
[2025.937s][info][gc,stats    ] Concurrent Mark Roots             10306 us, parallelism: 1.92x
[2025.937s][info][gc,stats    ]   CMR: <total>                    19794 us
[2025.937s][info][gc,stats    ]   CMR: Thread Roots                1697 us, workers (us): 837, 860, ---, ---, 
[2025.937s][info][gc,stats    ]   CMR: Code Cache Roots           16907 us, workers (us): 7891, 9016, ---, ---, 
[2025.937s][info][gc,stats    ]   CMR: VM Strong Roots               20 us, workers (us):  20,   0, ---, ---, 
[2025.937s][info][gc,stats    ]   CMR: CLDG Roots                  1170 us, workers (us): 1170, ---, ---, ---, 
[2025.937s][info][gc,stats    ] Concurrent Marking               250292 us
[2025.937s][info][gc,stats    ] Pause Final Mark (G)                389 us
[2025.937s][info][gc,stats    ] Pause Final Mark (N)                321 us
[2025.937s][info][gc,stats    ]   Finish Mark                        70 us
[2025.937s][info][gc,stats    ]   Update Region States               17 us
[2025.937s][info][gc,stats    ]   Choose Collection Set             158 us
[2025.937s][info][gc,stats    ]   Rebuild Free Set                    9 us
[2025.937s][info][gc,stats    ] Concurrent Thread Roots             831 us, parallelism: 1.78x
[2025.937s][info][gc,stats    ]   CTR: <total>                     1484 us
[2025.937s][info][gc,stats    ]   CTR: Thread Roots                1484 us, workers (us): 741, 743, ---, ---, 
[2025.937s][info][gc,stats    ] Concurrent Weak References          220 us, parallelism: 0.68x
[2025.937s][info][gc,stats    ]   CWRF: <total>                     150 us
[2025.937s][info][gc,stats    ]   CWRF: Weak References             150 us, workers (us): 143,   7, ---, ---, 
[2025.937s][info][gc,stats    ] Concurrent Weak Roots               934 us
[2025.937s][info][gc,stats    ]   Roots                             876 us, parallelism: 1.80x
[2025.937s][info][gc,stats    ]     CWR: <total>                   1577 us
[2025.937s][info][gc,stats    ]     CWR: VM Weak Roots             1577 us, workers (us): 788, 788, ---, ---, 
[2025.937s][info][gc,stats    ]   Rendezvous                         24 us
[2025.937s][info][gc,stats    ] Concurrent Cleanup                   42 us
[2025.937s][info][gc,stats    ] Concurrent Strong Roots            7743 us, parallelism: 1.96x
[2025.937s][info][gc,stats    ]   CSR: <total>                    15196 us
[2025.937s][info][gc,stats    ]   CSR: Code Cache Roots           14925 us, workers (us): 7566, 7359, ---, ---, 
[2025.937s][info][gc,stats    ]   CSR: VM Strong Roots                8 us, workers (us):   4,   4, ---, ---, 
[2025.937s][info][gc,stats    ]   CSR: CLDG Roots                   262 us, workers (us): ---, 262, ---, ---, 
[2025.937s][info][gc,stats    ] Concurrent Evacuation             65501 us
[2025.937s][info][gc,stats    ] Pause Init Update Refs (G)           96 us
[2025.937s][info][gc,stats    ] Pause Init Update Refs (N)           69 us
[2025.937s][info][gc,stats    ]   Manage GCLABs                      15 us
[2025.937s][info][gc,stats    ] Concurrent Update Refs           159420 us
[2025.937s][info][gc,stats    ] Concurrent Update Thread Roots     1420 us
[2025.937s][info][gc,stats    ] Pause Final Update Refs (G)         150 us
[2025.937s][info][gc,stats    ] Pause Final Update Refs (N)         111 us
[2025.937s][info][gc,stats    ]   Update Region States               30 us
[2025.937s][info][gc,stats    ]   Trash Collection Set               16 us
[2025.937s][info][gc,stats    ]   Rebuild Free Set                   10 us
[2025.937s][info][gc,stats    ] Concurrent Cleanup                   77 us
[2025.937s][info][gc,stats    ] 
[2025.937s][info][gc,stats    ] Allocation pacing accrued:
[2025.937s][info][gc,stats    ]       0 of  9762 ms (  0.0%): <total>
[2025.937s][info][gc,stats    ]       0 of  9762 ms (  0.0%): <average total>
[2025.937s][info][gc,stats    ] 
[2025.937s][info][gc,metaspace] Metaspace: 136416K(137856K)->136416K(137856K) NonClass: 115344K(116160K)->115344K(116160K) Class: 21072K(21696K)->21072K(21696K)
[2025.937s][info][gc,ergo     ] Pacer for Idle. Initial: 163M, Alloc Tax Rate: 1.0x
[2035.199s][info][gc          ] Trigger: Average GC time (711.46 ms) is above the time for instantaneous allocation rate (1109 MB/s) to deplete free headroom (745M) (spike threshold = 1.74)
[2035.199s][info][gc,ergo     ] Free: 1155M, Max: 4096K regular, 784M humongous, Frag: 31% external, 0% internal; Reserve: 412M, Max: 4096K
[2035.199s][info][gc,start    ] GC(205) Concurrent reset
[2035.199s][info][gc,task     ] GC(205) Using 2 of 4 workers for concurrent reset
[2035.199s][info][gc,ergo     ] GC(205) Pacer for Reset. Non-Taxable: 8192M
[2035.220s][info][gc          ] GC(205) Concurrent reset 20.988ms
[2035.220s][info][gc,start    ] GC(205) Pause Init Mark
[2035.220s][info][gc,task     ] GC(205) Using 4 of 4 workers for init marking
[2035.221s][info][gc,ergo     ] GC(205) Pacer for Mark. Expected Live: 492M, Free: 1135M, Non-Taxable: 113M, Alloc Tax Rate: 0.5x
[2035.221s][info][gc          ] GC(205) Pause Init Mark 0.146ms
[2035.221s][info][gc,start    ] GC(205) Concurrent marking roots
[2035.221s][info][gc,task     ] GC(205) Using 2 of 4 workers for concurrent marking roots
[2035.229s][info][gc          ] GC(205) Concurrent marking roots 8.165ms
[2035.229s][info][gc,start    ] GC(205) Concurrent marking
[2035.229s][info][gc,task     ] GC(205) Using 2 of 4 workers for concurrent marking
[2035.470s][info][gc          ] GC(205) Concurrent marking 241.413ms
[2035.470s][info][gc,start    ] GC(205) Pause Final Mark
[2035.470s][info][gc,task     ] GC(205) Using 4 of 4 workers for final marking
[2035.470s][info][gc,ergo     ] GC(205) Adaptive CSet Selection. Target Free: 1160M, Actual Free: 1996M, Max CSet: 341M, Min Garbage: 0B
[2035.471s][info][gc,ergo     ] GC(205) Collectable Garbage: 6111M (99%), Immediate: 596M (9%), CSet: 5515M (89%)
[2035.471s][info][gc,ergo     ] GC(205) Pacer for Evacuation. Used CSet: 5636M, Free: 1599M, Non-Taxable: 159M, Alloc Tax Rate: 8.6x
[2035.471s][info][gc          ] GC(205) Pause Final Mark 0.305ms
[2035.471s][info][gc,start    ] GC(205) Concurrent thread roots
[2035.471s][info][gc,task     ] GC(205) Using 2 of 4 workers for Concurrent thread roots
[2035.471s][info][gc          ] GC(205) Concurrent thread roots 0.753ms
[2035.471s][info][gc,start    ] GC(205) Concurrent weak references
[2035.471s][info][gc,task     ] GC(205) Using 2 of 4 workers for concurrent weak references
[2035.472s][info][gc,ref      ] GC(205) Encountered references: Soft: 6557, Weak: 23721, Final: 34, Phantom: 1417
[2035.472s][info][gc,ref      ] GC(205) Discovered  references: Soft: 0, Weak: 11977, Final: 0, Phantom: 1354
[2035.472s][info][gc,ref      ] GC(205) Enqueued    references: Soft: 0, Weak: 2, Final: 0, Phantom: 0
[2035.472s][info][gc          ] GC(205) Concurrent weak references 0.578ms
[2035.472s][info][gc,start    ] GC(205) Concurrent weak roots
[2035.472s][info][gc,task     ] GC(205) Using 2 of 4 workers for concurrent weak root
[2035.473s][info][gc          ] GC(205) Concurrent weak roots 0.905ms
[2035.473s][info][gc,start    ] GC(205) Concurrent cleanup
[2035.473s][info][gc          ] GC(205) Concurrent cleanup 6786M->6190M(8192M) 0.025ms
[2035.473s][info][gc,ergo     ] GC(205) Free: 1589M, Max: 4096K regular, 624M humongous, Frag: 61% external, 0% internal; Reserve: 411M, Max: 4096K
[2035.473s][info][gc,start    ] GC(205) Concurrent strong roots
[2035.473s][info][gc,task     ] GC(205) Using 2 of 4 workers for concurrent strong root
[2035.479s][info][gc          ] GC(205) Concurrent strong roots 6.294ms
[2035.479s][info][gc,start    ] GC(205) Concurrent evacuation
[2035.479s][info][gc,task     ] GC(205) Using 2 of 4 workers for concurrent evacuation
[2035.538s][info][gc          ] GC(205) Concurrent evacuation 58.411ms
[2035.538s][info][gc,start    ] GC(205) Pause Init Update Refs
[2035.538s][info][gc,ergo     ] GC(205) Pacer for Update Refs. Used: 6342M, Free: 1565M, Non-Taxable: 156M, Alloc Tax Rate: 5.0x
[2035.538s][info][gc          ] GC(205) Pause Init Update Refs 0.046ms
[2035.538s][info][gc,start    ] GC(205) Concurrent update references
[2035.538s][info][gc,task     ] GC(205) Using 2 of 4 workers for concurrent reference update
[2035.691s][info][gc          ] GC(205) Concurrent update references 152.818ms
[2035.691s][info][gc,start    ] GC(205) Concurrent update thread roots
[2035.692s][info][gc          ] GC(205) Concurrent update thread roots 1.395ms
[2035.692s][info][gc,start    ] GC(205) Pause Final Update Refs
[2035.692s][info][gc,task     ] GC(205) Using 4 of 4 workers for final reference update
[2035.692s][info][gc          ] GC(205) Pause Final Update Refs 0.094ms
[2035.692s][info][gc,start    ] GC(205) Concurrent cleanup
[2035.692s][info][gc          ] GC(205) Concurrent cleanup 6394M->758M(8192M) 0.065ms
[2035.692s][info][gc,ergo     ] Free: 7021M, Max: 4096K regular, 4300M humongous, Frag: 39% external, 0% internal; Reserve: 412M, Max: 4096K
[2035.692s][info][gc,stats    ] 
[2035.692s][info][gc,stats    ] All times are wall-clock times, except per-root-class counters, that are sum over
[2035.692s][info][gc,stats    ] all workers. Dividing the <total> over the root stage time estimates parallelism.
[2035.692s][info][gc,stats    ] 
[2035.692s][info][gc,stats    ] Concurrent Reset                  21035 us
[2035.692s][info][gc,stats    ] Pause Init Mark (G)                 234 us
[2035.692s][info][gc,stats    ] Pause Init Mark (N)                 158 us
[2035.692s][info][gc,stats    ]   Update Region States               37 us
[2035.692s][info][gc,stats    ] Concurrent Mark Roots              8195 us, parallelism: 1.94x
[2035.692s][info][gc,stats    ]   CMR: <total>                    15905 us
[2035.693s][info][gc,stats    ]   CMR: Thread Roots                1448 us, workers (us): 716, 732, ---, ---, 
[2035.693s][info][gc,stats    ]   CMR: Code Cache Roots           13768 us, workers (us): 6565, 7204, ---, ---, 
[2035.693s][info][gc,stats    ]   CMR: VM Strong Roots               12 us, workers (us):  12,   0, ---, ---, 
[2035.693s][info][gc,stats    ]   CMR: CLDG Roots                   677 us, workers (us): 677, ---, ---, ---, 
[2035.693s][info][gc,stats    ] Concurrent Marking               241460 us
[2035.693s][info][gc,stats    ] Pause Final Mark (G)                333 us
[2035.693s][info][gc,stats    ] Pause Final Mark (N)                316 us
[2035.693s][info][gc,stats    ]   Finish Mark                        63 us
[2035.693s][info][gc,stats    ]   Update Region States               14 us
[2035.693s][info][gc,stats    ]   Choose Collection Set             161 us
[2035.693s][info][gc,stats    ]   Rebuild Free Set                    8 us
[2035.693s][info][gc,stats    ] Concurrent Thread Roots             770 us, parallelism: 1.86x
[2035.693s][info][gc,stats    ]   CTR: <total>                     1434 us
[2035.693s][info][gc,stats    ]   CTR: Thread Roots                1434 us, workers (us): 715, 719, ---, ---, 
[2035.693s][info][gc,stats    ] Concurrent Weak References          589 us, parallelism: 1.04x
[2035.693s][info][gc,stats    ]   CWRF: <total>                     613 us
[2035.693s][info][gc,stats    ]   CWRF: Weak References             613 us, workers (us): 103, 511, ---, ---, 
[2035.693s][info][gc,stats    ] Concurrent Weak Roots               922 us
[2035.693s][info][gc,stats    ]   Roots                             855 us, parallelism: 1.79x
[2035.693s][info][gc,stats    ]     CWR: <total>                   1531 us
[2035.693s][info][gc,stats    ]     CWR: VM Weak Roots             1531 us, workers (us): 765, 765, ---, ---, 
[2035.693s][info][gc,stats    ]   Rendezvous                         29 us
[2035.693s][info][gc,stats    ] Concurrent Cleanup                   38 us
[2035.693s][info][gc,stats    ] Concurrent Strong Roots            6324 us, parallelism: 1.95x
[2035.693s][info][gc,stats    ]   CSR: <total>                    12347 us
[2035.693s][info][gc,stats    ]   CSR: Code Cache Roots           12111 us, workers (us): 6139, 5972, ---, ---, 
[2035.693s][info][gc,stats    ]   CSR: VM Strong Roots                8 us, workers (us):   4,   3, ---, ---, 
[2035.693s][info][gc,stats    ]   CSR: CLDG Roots                   228 us, workers (us): ---, 228, ---, ---, 
[2035.693s][info][gc,stats    ] Concurrent Evacuation             58461 us
[2035.693s][info][gc,stats    ] Pause Init Update Refs (G)          112 us
[2035.693s][info][gc,stats    ] Pause Init Update Refs (N)           56 us
[2035.693s][info][gc,stats    ]   Manage GCLABs                       6 us
[2035.693s][info][gc,stats    ] Concurrent Update Refs           152863 us
[2035.693s][info][gc,stats    ] Concurrent Update Thread Roots     1410 us
[2035.693s][info][gc,stats    ] Pause Final Update Refs (G)         135 us
[2035.693s][info][gc,stats    ] Pause Final Update Refs (N)         108 us
[2035.693s][info][gc,stats    ]   Update Region States               30 us
[2035.693s][info][gc,stats    ]   Trash Collection Set               14 us
[2035.693s][info][gc,stats    ]   Rebuild Free Set                    9 us
[2035.693s][info][gc,stats    ] Concurrent Cleanup                   81 us
[2035.693s][info][gc,stats    ] 
[2035.693s][info][gc,stats    ] Allocation pacing accrued:
[2035.693s][info][gc,stats    ]       0 of  9756 ms (  0.0%): <total>
[2035.693s][info][gc,stats    ]       0 of  9756 ms (  0.0%): <average total>
[2035.693s][info][gc,stats    ] 
[2035.693s][info][gc,metaspace] Metaspace: 136416K(137856K)->136416K(137856K) NonClass: 115344K(116160K)->115344K(116160K) Class: 21072K(21696K)->21072K(21696K)
[2035.693s][info][gc,ergo     ] Pacer for Idle. Initial: 163M, Alloc Tax Rate: 1.0x
[2044.973s][info][gc          ] Trigger: Free (815M) is below minimum threshold (819M)
[2044.973s][info][gc,ergo     ] Free: 815M, Max: 4096K regular, 456M humongous, Frag: 43% external, 0% internal; Reserve: 412M, Max: 4096K
[2044.973s][info][gc,start    ] GC(206) Concurrent reset
[2044.973s][info][gc,task     ] GC(206) Using 2 of 4 workers for concurrent reset
[2044.973s][info][gc,ergo     ] GC(206) Pacer for Reset. Non-Taxable: 8192M
[2044.995s][info][gc          ] GC(206) Concurrent reset 22.256ms
[2044.995s][info][gc,start    ] GC(206) Pause Init Mark
[2044.995s][info][gc,task     ] GC(206) Using 4 of 4 workers for init marking
[2044.996s][info][gc,ergo     ] GC(206) Pacer for Mark. Expected Live: 500M, Free: 795M, Non-Taxable: 81431K, Alloc Tax Rate: 0.8x
[2044.996s][info][gc          ] GC(206) Pause Init Mark 0.118ms
[2044.996s][info][gc,start    ] GC(206) Concurrent marking roots
[2044.996s][info][gc,task     ] GC(206) Using 2 of 4 workers for concurrent marking roots
[2045.008s][info][gc          ] GC(206) Concurrent marking roots 11.930ms
[2045.008s][info][gc,start    ] GC(206) Concurrent marking
[2045.008s][info][gc,task     ] GC(206) Using 2 of 4 workers for concurrent marking
[2045.258s][info][gc          ] GC(206) Concurrent marking 250.375ms
[2045.258s][info][gc,start    ] GC(206) Pause Final Mark
[2045.258s][info][gc,task     ] GC(206) Using 4 of 4 workers for final marking
[2045.258s][info][gc,ergo     ] GC(206) Adaptive CSet Selection. Target Free: 1160M, Actual Free: 2716M, Max CSet: 341M, Min Garbage: 0B
[2045.258s][info][gc,ergo     ] GC(206) Collectable Garbage: 6474M (99%), Immediate: 1676M (25%), CSet: 4798M (73%)
[2045.258s][info][gc,ergo     ] GC(206) Pacer for Evacuation. Used CSet: 4896M, Free: 2319M, Non-Taxable: 231M, Alloc Tax Rate: 5.2x
[2045.258s][info][gc          ] GC(206) Pause Final Mark 0.315ms
[2045.258s][info][gc,start    ] GC(206) Concurrent thread roots
[2045.258s][info][gc,task     ] GC(206) Using 2 of 4 workers for Concurrent thread roots
[2045.259s][info][gc          ] GC(206) Concurrent thread roots 0.804ms
[2045.259s][info][gc,start    ] GC(206) Concurrent weak references
[2045.259s][info][gc,task     ] GC(206) Using 2 of 4 workers for concurrent weak references
[2045.260s][info][gc,ref      ] GC(206) Encountered references: Soft: 6557, Weak: 23724, Final: 34, Phantom: 1420
[2045.260s][info][gc,ref      ] GC(206) Discovered  references: Soft: 0, Weak: 13081, Final: 33, Phantom: 1104
[2045.260s][info][gc,ref      ] GC(206) Enqueued    references: Soft: 0, Weak: 4, Final: 0, Phantom: 0
[2045.260s][info][gc          ] GC(206) Concurrent weak references 0.510ms
[2045.260s][info][gc,start    ] GC(206) Concurrent weak roots
[2045.260s][info][gc,task     ] GC(206) Using 2 of 4 workers for concurrent weak root
[2045.261s][info][gc          ] GC(206) Concurrent weak roots 1.046ms
[2045.261s][info][gc,start    ] GC(206) Concurrent cleanup
[2045.261s][info][gc          ] GC(206) Concurrent cleanup 7145M->5469M(8192M) 0.037ms
[2045.261s][info][gc,ergo     ] GC(206) Free: 2310M, Max: 4096K regular, 276M humongous, Frag: 88% external, 0% internal; Reserve: 411M, Max: 4096K
[2045.261s][info][gc,start    ] GC(206) Concurrent strong roots
[2045.261s][info][gc,task     ] GC(206) Using 2 of 4 workers for concurrent strong root
[2045.268s][info][gc          ] GC(206) Concurrent strong roots 6.767ms
[2045.268s][info][gc,start    ] GC(206) Concurrent evacuation
[2045.268s][info][gc,task     ] GC(206) Using 2 of 4 workers for concurrent evacuation
[2045.319s][info][gc          ] GC(206) Concurrent evacuation 51.074ms
[2045.319s][info][gc,start    ] GC(206) Pause Init Update Refs
[2045.319s][info][gc,ergo     ] GC(206) Pacer for Update Refs. Used: 5605M, Free: 2278M, Non-Taxable: 227M, Alloc Tax Rate: 3.0x
[2045.319s][info][gc          ] GC(206) Pause Init Update Refs 0.051ms
[2045.319s][info][gc,start    ] GC(206) Concurrent update references
[2045.319s][info][gc,task     ] GC(206) Using 2 of 4 workers for concurrent reference update
[2045.473s][info][gc          ] GC(206) Concurrent update references 153.901ms
[2045.473s][info][gc,start    ] GC(206) Concurrent update thread roots
[2045.474s][info][gc          ] GC(206) Concurrent update thread roots 1.570ms
[2045.474s][info][gc,start    ] GC(206) Pause Final Update Refs
[2045.474s][info][gc,task     ] GC(206) Using 4 of 4 workers for final reference update
[2045.475s][info][gc          ] GC(206) Pause Final Update Refs 0.122ms
[2045.475s][info][gc,start    ] GC(206) Concurrent cleanup
[2045.475s][info][gc          ] GC(206) Concurrent cleanup 5677M->781M(8192M) 0.074ms
[2045.475s][info][gc,ergo     ] Free: 6998M, Max: 4096K regular, 4300M humongous, Frag: 39% external, 0% internal; Reserve: 412M, Max: 4096K
[2045.475s][info][gc,stats    ] 
[2045.475s][info][gc,stats    ] All times are wall-clock times, except per-root-class counters, that are sum over
[2045.475s][info][gc,stats    ] all workers. Dividing the <total> over the root stage time estimates parallelism.
[2045.475s][info][gc,stats    ] 
[2045.475s][info][gc,stats    ] Concurrent Reset                  22329 us
[2045.475s][info][gc,stats    ] Pause Init Mark (G)                 260 us
[2045.475s][info][gc,stats    ] Pause Init Mark (N)                 130 us
[2045.475s][info][gc,stats    ]   Update Region States               45 us
[2045.475s][info][gc,stats    ] Concurrent Mark Roots             11983 us, parallelism: 1.95x
[2045.475s][info][gc,stats    ]   CMR: <total>                    23370 us
[2045.475s][info][gc,stats    ]   CMR: Thread Roots                1518 us, workers (us): 733, 785, ---, ---, 
[2045.475s][info][gc,stats    ]   CMR: Code Cache Roots           21054 us, workers (us): 10161, 10893, ---, ---, 
[2045.475s][info][gc,stats    ]   CMR: VM Strong Roots               15 us, workers (us):  15,   0, ---, ---, 
[2045.475s][info][gc,stats    ]   CMR: CLDG Roots                   783 us, workers (us): 783, ---, ---, ---, 
[2045.475s][info][gc,stats    ] Concurrent Marking               250424 us
[2045.475s][info][gc,stats    ] Pause Final Mark (G)                341 us
[2045.475s][info][gc,stats    ] Pause Final Mark (N)                326 us
[2045.475s][info][gc,stats    ]   Finish Mark                        71 us
[2045.475s][info][gc,stats    ]   Update Region States               44 us
[2045.475s][info][gc,stats    ]   Choose Collection Set             135 us
[2045.475s][info][gc,stats    ]   Rebuild Free Set                    9 us
[2045.475s][info][gc,stats    ] Concurrent Thread Roots             820 us, parallelism: 1.87x
[2045.475s][info][gc,stats    ]   CTR: <total>                     1532 us
[2045.475s][info][gc,stats    ]   CTR: Thread Roots                1532 us, workers (us): 767, 765, ---, ---, 
[2045.475s][info][gc,stats    ] Concurrent Weak References          521 us, parallelism: 0.90x
[2045.475s][info][gc,stats    ]   CWRF: <total>                     471 us
[2045.475s][info][gc,stats    ]   CWRF: Weak References             471 us, workers (us): 433,  38, ---, ---, 
[2045.475s][info][gc,stats    ] Concurrent Weak Roots              1071 us
[2045.475s][info][gc,stats    ]   Roots                            1000 us, parallelism: 1.83x
[2045.475s][info][gc,stats    ]     CWR: <total>                   1829 us
[2045.475s][info][gc,stats    ]     CWR: VM Weak Roots             1829 us, workers (us): 915, 914, ---, ---, 
[2045.475s][info][gc,stats    ]   Rendezvous                         25 us
[2045.475s][info][gc,stats    ] Concurrent Cleanup                   51 us
[2045.475s][info][gc,stats    ] Concurrent Strong Roots            6801 us, parallelism: 1.94x
[2045.475s][info][gc,stats    ]   CSR: <total>                    13172 us
[2045.475s][info][gc,stats    ]   CSR: Code Cache Roots           12884 us, workers (us): 6285, 6599, ---, ---, 
[2045.475s][info][gc,stats    ]   CSR: VM Strong Roots               11 us, workers (us):  11,   0, ---, ---, 
[2045.475s][info][gc,stats    ]   CSR: CLDG Roots                   277 us, workers (us): 277, ---, ---, ---, 
[2045.475s][info][gc,stats    ] Concurrent Evacuation             51119 us
[2045.475s][info][gc,stats    ] Pause Init Update Refs (G)          111 us
[2045.475s][info][gc,stats    ] Pause Init Update Refs (N)           62 us
[2045.475s][info][gc,stats    ]   Manage GCLABs                      10 us
[2045.475s][info][gc,stats    ] Concurrent Update Refs           153938 us
[2045.475s][info][gc,stats    ] Concurrent Update Thread Roots     1601 us
[2045.475s][info][gc,stats    ] Pause Final Update Refs (G)         180 us
[2045.475s][info][gc,stats    ] Pause Final Update Refs (N)         148 us
[2045.475s][info][gc,stats    ]   Update Region States               30 us
[2045.475s][info][gc,stats    ]   Trash Collection Set               36 us
[2045.475s][info][gc,stats    ]   Rebuild Free Set                   16 us
[2045.475s][info][gc,stats    ] Concurrent Cleanup                   90 us
[2045.475s][info][gc,stats    ] 
[2045.475s][info][gc,stats    ] Allocation pacing accrued:
[2045.475s][info][gc,stats    ]       0 of  9782 ms (  0.0%): <total>
[2045.475s][info][gc,stats    ]       0 of  9782 ms (  0.0%): <average total>
[2045.475s][info][gc,stats    ] 
[2045.475s][info][gc,metaspace] Metaspace: 136416K(137856K)->136416K(137856K) NonClass: 115344K(116160K)->115344K(116160K) Class: 21072K(21696K)->21072K(21696K)
[2045.475s][info][gc,ergo     ] Pacer for Idle. Initial: 163M, Alloc Tax Rate: 1.0x
[2054.941s][info][gc          ] Trigger: Average GC time (613.21 ms) is above the time for instantaneous allocation rate (1207 MB/s) to deplete free headroom (576M) (spike threshold = 1.74)
[2054.941s][info][gc,ergo     ] Free: 986M, Max: 4096K regular, 328M humongous, Frag: 67% external, 0% internal; Reserve: 412M, Max: 4096K
[2054.941s][info][gc,start    ] GC(207) Concurrent reset
[2054.941s][info][gc,task     ] GC(207) Using 2 of 4 workers for concurrent reset
[2054.941s][info][gc,ergo     ] GC(207) Pacer for Reset. Non-Taxable: 8192M
[2054.956s][info][gc          ] GC(207) Concurrent reset 14.375ms
[2054.956s][info][gc,start    ] GC(207) Pause Init Mark
[2054.956s][info][gc,task     ] GC(207) Using 4 of 4 workers for init marking
[2054.956s][info][gc,ergo     ] GC(207) Pacer for Mark. Expected Live: 487M, Free: 978M, Non-Taxable: 100205K, Alloc Tax Rate: 0.6x
[2054.956s][info][gc          ] GC(207) Pause Init Mark 0.120ms
[2054.956s][info][gc,start    ] GC(207) Concurrent marking roots
[2054.956s][info][gc,task     ] GC(207) Using 2 of 4 workers for concurrent marking roots
[2054.965s][info][gc          ] GC(207) Concurrent marking roots 8.709ms
[2054.965s][info][gc,start    ] GC(207) Concurrent marking
[2054.965s][info][gc,task     ] GC(207) Using 2 of 4 workers for concurrent marking
[2055.210s][info][gc          ] GC(207) Concurrent marking 245.231ms
[2055.210s][info][gc,start    ] GC(207) Pause Final Mark
[2055.210s][info][gc,task     ] GC(207) Using 4 of 4 workers for final marking
[2055.210s][info][gc,ergo     ] GC(207) Adaptive CSet Selection. Target Free: 1160M, Actual Free: 1936M, Max CSet: 341M, Min Garbage: 0B
[2055.210s][info][gc,ergo     ] GC(207) Collectable Garbage: 6267M (99%), Immediate: 676M (10%), CSet: 5591M (88%)
[2055.210s][info][gc,ergo     ] GC(207) Pacer for Evacuation. Used CSet: 5712M, Free: 1542M, Non-Taxable: 154M, Alloc Tax Rate: 9.1x
[2055.210s][info][gc          ] GC(207) Pause Final Mark 0.312ms
[2055.210s][info][gc,start    ] GC(207) Concurrent thread roots
[2055.210s][info][gc,task     ] GC(207) Using 2 of 4 workers for Concurrent thread roots
[2055.211s][info][gc          ] GC(207) Concurrent thread roots 0.797ms
[2055.211s][info][gc,start    ] GC(207) Concurrent weak references
[2055.211s][info][gc,task     ] GC(207) Using 2 of 4 workers for concurrent weak references
[2055.211s][info][gc,ref      ] GC(207) Encountered references: Soft: 6557, Weak: 23723, Final: 34, Phantom: 1423
[2055.211s][info][gc,ref      ] GC(207) Discovered  references: Soft: 0, Weak: 705, Final: 33, Phantom: 1042
[2055.211s][info][gc,ref      ] GC(207) Enqueued    references: Soft: 0, Weak: 2, Final: 0, Phantom: 0
[2055.211s][info][gc          ] GC(207) Concurrent weak references 0.170ms
[2055.211s][info][gc,start    ] GC(207) Concurrent weak roots
[2055.211s][info][gc,task     ] GC(207) Using 2 of 4 workers for concurrent weak root
[2055.213s][info][gc          ] GC(207) Concurrent weak roots 1.084ms
[2055.213s][info][gc,start    ] GC(207) Concurrent cleanup
[2055.213s][info][gc          ] GC(207) Concurrent cleanup 6921M->6245M(8192M) 0.030ms
[2055.213s][info][gc,ergo     ] GC(207) Free: 1534M, Max: 4096K regular, 276M humongous, Frag: 82% external, 0% internal; Reserve: 411M, Max: 4096K
[2055.213s][info][gc,start    ] GC(207) Concurrent strong roots
[2055.213s][info][gc,task     ] GC(207) Using 2 of 4 workers for concurrent strong root
[2055.219s][info][gc          ] GC(207) Concurrent strong roots 6.500ms
[2055.219s][info][gc,start    ] GC(207) Concurrent evacuation
[2055.219s][info][gc,task     ] GC(207) Using 2 of 4 workers for concurrent evacuation
[2055.278s][info][gc          ] GC(207) Concurrent evacuation 58.827ms
[2055.278s][info][gc,start    ] GC(207) Pause Init Update Refs
[2055.278s][info][gc,ergo     ] GC(207) Pacer for Update Refs. Used: 6385M, Free: 1518M, Non-Taxable: 151M, Alloc Tax Rate: 5.1x
[2055.278s][info][gc          ] GC(207) Pause Init Update Refs 0.045ms
[2055.278s][info][gc,start    ] GC(207) Concurrent update references
[2055.278s][info][gc,task     ] GC(207) Using 2 of 4 workers for concurrent reference update
[2055.433s][info][gc          ] GC(207) Concurrent update references 154.613ms
[2055.433s][info][gc,start    ] GC(207) Concurrent update thread roots
[2055.434s][info][gc          ] GC(207) Concurrent update thread roots 1.404ms
[2055.434s][info][gc,start    ] GC(207) Pause Final Update Refs
[2055.434s][info][gc,task     ] GC(207) Using 4 of 4 workers for final reference update
[2055.434s][info][gc          ] GC(207) Pause Final Update Refs 0.084ms
[2055.434s][info][gc,start    ] GC(207) Concurrent cleanup
[2055.434s][info][gc          ] GC(207) Concurrent cleanup 6513M->801M(8192M) 0.075ms
[2055.434s][info][gc,ergo     ] Free: 6978M, Max: 4096K regular, 4300M humongous, Frag: 39% external, 0% internal; Reserve: 412M, Max: 4096K
[2055.434s][info][gc,stats    ] 
[2055.434s][info][gc,stats    ] All times are wall-clock times, except per-root-class counters, that are sum over
[2055.434s][info][gc,stats    ] all workers. Dividing the <total> over the root stage time estimates parallelism.
[2055.434s][info][gc,stats    ] 
[2055.435s][info][gc,stats    ] Concurrent Reset                  14483 us
[2055.435s][info][gc,stats    ] Pause Init Mark (G)                 166 us
[2055.435s][info][gc,stats    ] Pause Init Mark (N)                 132 us
[2055.435s][info][gc,stats    ]   Update Region States               49 us
[2055.435s][info][gc,stats    ] Concurrent Mark Roots              8738 us, parallelism: 1.95x
[2055.435s][info][gc,stats    ]   CMR: <total>                    17075 us
[2055.435s][info][gc,stats    ]   CMR: Thread Roots                1468 us, workers (us): 770, 698, ---, ---, 
[2055.435s][info][gc,stats    ]   CMR: Code Cache Roots           14873 us, workers (us): 7046, 7828, ---, ---, 
[2055.435s][info][gc,stats    ]   CMR: VM Strong Roots               14 us, workers (us):  14,   0, ---, ---, 
[2055.435s][info][gc,stats    ]   CMR: CLDG Roots                   720 us, workers (us): 720, ---, ---, ---, 
[2055.435s][info][gc,stats    ] Concurrent Marking               245278 us
[2055.435s][info][gc,stats    ] Pause Final Mark (G)                343 us
[2055.435s][info][gc,stats    ] Pause Final Mark (N)                327 us
[2055.435s][info][gc,stats    ]   Finish Mark                        61 us
[2055.435s][info][gc,stats    ]   Update Region States               16 us
[2055.435s][info][gc,stats    ]   Choose Collection Set             160 us
[2055.435s][info][gc,stats    ]   Rebuild Free Set                    9 us
[2055.435s][info][gc,stats    ] Concurrent Thread Roots             810 us, parallelism: 1.88x
[2055.435s][info][gc,stats    ]   CTR: <total>                     1523 us
[2055.435s][info][gc,stats    ]   CTR: Thread Roots                1523 us, workers (us): 762, 761, ---, ---, 
[2055.435s][info][gc,stats    ] Concurrent Weak References          181 us, parallelism: 0.69x
[2055.435s][info][gc,stats    ]   CWRF: <total>                     125 us
[2055.435s][info][gc,stats    ]   CWRF: Weak References             125 us, workers (us):  89,  36, ---, ---, 
[2055.435s][info][gc,stats    ] Concurrent Weak Roots              1104 us
[2055.435s][info][gc,stats    ]   Roots                            1006 us, parallelism: 1.62x
[2055.435s][info][gc,stats    ]     CWR: <total>                   1627 us
[2055.435s][info][gc,stats    ]     CWR: VM Weak Roots             1627 us, workers (us): 814, 813, ---, ---, 
[2055.435s][info][gc,stats    ]   Rendezvous                         56 us
[2055.435s][info][gc,stats    ] Concurrent Cleanup                   42 us
[2055.435s][info][gc,stats    ] Concurrent Strong Roots            6537 us, parallelism: 1.95x
[2055.435s][info][gc,stats    ]   CSR: <total>                    12720 us
[2055.435s][info][gc,stats    ]   CSR: Code Cache Roots           12416 us, workers (us): 6091, 6324, ---, ---, 
[2055.435s][info][gc,stats    ]   CSR: VM Strong Roots                8 us, workers (us):   8,   0, ---, ---, 
[2055.435s][info][gc,stats    ]   CSR: CLDG Roots                   296 us, workers (us): 296, ---, ---, ---, 
[2055.435s][info][gc,stats    ] Concurrent Evacuation             58878 us
[2055.435s][info][gc,stats    ] Pause Init Update Refs (G)          107 us
[2055.435s][info][gc,stats    ] Pause Init Update Refs (N)           56 us
[2055.435s][info][gc,stats    ]   Manage GCLABs                       5 us
[2055.435s][info][gc,stats    ] Concurrent Update Refs           154659 us
[2055.435s][info][gc,stats    ] Concurrent Update Thread Roots     1428 us
[2055.435s][info][gc,stats    ] Pause Final Update Refs (G)         132 us
[2055.435s][info][gc,stats    ] Pause Final Update Refs (N)         111 us
[2055.435s][info][gc,stats    ]   Update Region States               27 us
[2055.435s][info][gc,stats    ]   Trash Collection Set               10 us
[2055.435s][info][gc,stats    ]   Rebuild Free Set                   10 us
[2055.435s][info][gc,stats    ] Concurrent Cleanup                   91 us
[2055.435s][info][gc,stats    ] 
[2055.435s][info][gc,stats    ] Allocation pacing accrued:
[2055.435s][info][gc,stats    ]       0 of  9960 ms (  0.0%): <total>
[2055.435s][info][gc,stats    ]       0 of  9960 ms (  0.0%): <average total>
[2055.435s][info][gc,stats    ] 
[2055.435s][info][gc,metaspace] Metaspace: 136416K(137856K)->136416K(137856K) NonClass: 115344K(116160K)->115344K(116160K) Class: 21072K(21696K)->21072K(21696K)
[2055.435s][info][gc,ergo     ] Pacer for Idle. Initial: 163M, Alloc Tax Rate: 1.0x
[2063.984s][info][gc          ] Trigger: Free (818M) is below minimum threshold (819M)
[2063.985s][info][gc,ergo     ] Free: 818M, Max: 4096K regular, 276M humongous, Frag: 66% external, 0% internal; Reserve: 412M, Max: 4096K
[2063.985s][info][gc,start    ] GC(208) Concurrent reset
[2063.985s][info][gc,task     ] GC(208) Using 2 of 4 workers for concurrent reset
[2063.985s][info][gc,ergo     ] GC(208) Pacer for Reset. Non-Taxable: 8192M
[2064.004s][info][gc          ] GC(208) Concurrent reset 19.310ms
[2064.004s][info][gc,start    ] GC(208) Pause Init Mark
[2064.004s][info][gc,task     ] GC(208) Using 4 of 4 workers for init marking
[2064.004s][info][gc,ergo     ] GC(208) Pacer for Mark. Expected Live: 490M, Free: 814M, Non-Taxable: 83411K, Alloc Tax Rate: 0.7x
[2064.004s][info][gc          ] GC(208) Pause Init Mark 0.120ms
[2064.004s][info][gc,start    ] GC(208) Concurrent marking roots
[2064.004s][info][gc,task     ] GC(208) Using 2 of 4 workers for concurrent marking roots
[2064.013s][info][gc          ] GC(208) Concurrent marking roots 9.293ms
[2064.014s][info][gc,start    ] GC(208) Concurrent marking
[2064.014s][info][gc,task     ] GC(208) Using 2 of 4 workers for concurrent marking
[2064.281s][info][gc          ] GC(208) Concurrent marking 267.562ms
[2064.281s][info][gc,start    ] GC(208) Pause Final Mark
[2064.281s][info][gc,task     ] GC(208) Using 4 of 4 workers for final marking
[2064.281s][info][gc,ergo     ] GC(208) Adaptive CSet Selection. Target Free: 1160M, Actual Free: 3184M, Max CSet: 341M, Min Garbage: 0B
[2064.281s][info][gc,ergo     ] GC(208) Collectable Garbage: 6459M (99%), Immediate: 2120M (32%), CSet: 4339M (66%)
[2064.281s][info][gc,ergo     ] GC(208) Pacer for Evacuation. Used CSet: 4432M, Free: 2790M, Non-Taxable: 279M, Alloc Tax Rate: 3.9x
[2064.281s][info][gc          ] GC(208) Pause Final Mark 0.287ms
[2064.281s][info][gc,start    ] GC(208) Concurrent thread roots
[2064.281s][info][gc,task     ] GC(208) Using 2 of 4 workers for Concurrent thread roots
[2064.282s][info][gc          ] GC(208) Concurrent thread roots 0.749ms
[2064.282s][info][gc,start    ] GC(208) Concurrent weak references
[2064.282s][info][gc,task     ] GC(208) Using 2 of 4 workers for concurrent weak references
[2064.282s][info][gc,ref      ] GC(208) Encountered references: Soft: 6557, Weak: 23724, Final: 34, Phantom: 1426
[2064.282s][info][gc,ref      ] GC(208) Discovered  references: Soft: 0, Weak: 5046, Final: 0, Phantom: 1045
[2064.282s][info][gc,ref      ] GC(208) Enqueued    references: Soft: 0, Weak: 2, Final: 0, Phantom: 0
[2064.282s][info][gc          ] GC(208) Concurrent weak references 0.238ms
[2064.282s][info][gc,start    ] GC(208) Concurrent weak roots
[2064.282s][info][gc,task     ] GC(208) Using 2 of 4 workers for concurrent weak root
[2064.283s][info][gc          ] GC(208) Concurrent weak roots 0.915ms
[2064.283s][info][gc,start    ] GC(208) Concurrent cleanup
[2064.283s][info][gc          ] GC(208) Concurrent cleanup 7121M->5001M(8192M) 0.042ms
[2064.283s][info][gc,ergo     ] GC(208) Free: 2778M, Max: 4096K regular, 276M humongous, Frag: 90% external, 0% internal; Reserve: 411M, Max: 4096K
[2064.283s][info][gc,start    ] GC(208) Concurrent strong roots
[2064.283s][info][gc,task     ] GC(208) Using 2 of 4 workers for concurrent strong root
[2064.292s][info][gc          ] GC(208) Concurrent strong roots 8.316ms
[2064.292s][info][gc,start    ] GC(208) Concurrent evacuation
[2064.292s][info][gc,task     ] GC(208) Using 2 of 4 workers for concurrent evacuation
[2064.339s][info][gc          ] GC(208) Concurrent evacuation 47.278ms
[2064.339s][info][gc,start    ] GC(208) Pause Init Update Refs
[2064.339s][info][gc,ergo     ] GC(208) Pacer for Update Refs. Used: 5125M, Free: 2750M, Non-Taxable: 275M, Alloc Tax Rate: 2.3x
[2064.339s][info][gc          ] GC(208) Pause Init Update Refs 0.044ms
[2064.339s][info][gc,start    ] GC(208) Concurrent update references
[2064.339s][info][gc,task     ] GC(208) Using 2 of 4 workers for concurrent reference update
[2064.493s][info][gc          ] GC(208) Concurrent update references 153.506ms
[2064.493s][info][gc,start    ] GC(208) Concurrent update thread roots
[2064.494s][info][gc          ] GC(208) Concurrent update thread roots 1.398ms
[2064.494s][info][gc,start    ] GC(208) Pause Final Update Refs
[2064.494s][info][gc,task     ] GC(208) Using 4 of 4 workers for final reference update
[2064.494s][info][gc          ] GC(208) Pause Final Update Refs 0.106ms
[2064.494s][info][gc,start    ] GC(208) Concurrent cleanup
[2064.494s][info][gc          ] GC(208) Concurrent cleanup 5217M->785M(8192M) 0.057ms
[2064.495s][info][gc,ergo     ] Free: 6994M, Max: 4096K regular, 4300M humongous, Frag: 39% external, 0% internal; Reserve: 412M, Max: 4096K
[2064.495s][info][gc,stats    ] 
[2064.495s][info][gc,stats    ] All times are wall-clock times, except per-root-class counters, that are sum over
[2064.495s][info][gc,stats    ] all workers. Dividing the <total> over the root stage time estimates parallelism.
[2064.495s][info][gc,stats    ] 
[2064.495s][info][gc,stats    ] Concurrent Reset                  19367 us
[2064.495s][info][gc,stats    ] Pause Init Mark (G)                 245 us
[2064.495s][info][gc,stats    ] Pause Init Mark (N)                 133 us
[2064.495s][info][gc,stats    ]   Update Region States               48 us
[2064.495s][info][gc,stats    ] Concurrent Mark Roots              9340 us, parallelism: 1.95x
[2064.495s][info][gc,stats    ]   CMR: <total>                    18227 us
[2064.495s][info][gc,stats    ]   CMR: Thread Roots                1542 us, workers (us): 774, 768, ---, ---, 
[2064.495s][info][gc,stats    ]   CMR: Code Cache Roots           15821 us, workers (us): 7489, 8333, ---, ---, 
[2064.495s][info][gc,stats    ]   CMR: VM Strong Roots               14 us, workers (us):  14,   0, ---, ---, 
[2064.495s][info][gc,stats    ]   CMR: CLDG Roots                   849 us, workers (us): 849, ---, ---, ---, 
[2064.495s][info][gc,stats    ] Concurrent Marking               267610 us
[2064.495s][info][gc,stats    ] Pause Final Mark (G)                327 us
[2064.495s][info][gc,stats    ] Pause Final Mark (N)                299 us
[2064.495s][info][gc,stats    ]   Finish Mark                        65 us
[2064.495s][info][gc,stats    ]   Update Region States               17 us
[2064.495s][info][gc,stats    ]   Choose Collection Set             141 us
[2064.495s][info][gc,stats    ]   Rebuild Free Set                    9 us
[2064.495s][info][gc,stats    ] Concurrent Thread Roots             770 us, parallelism: 1.82x
[2064.495s][info][gc,stats    ]   CTR: <total>                     1402 us
[2064.495s][info][gc,stats    ]   CTR: Thread Roots                1402 us, workers (us): 699, 703, ---, ---, 
[2064.495s][info][gc,stats    ] Concurrent Weak References          248 us, parallelism: 1.29x
[2064.495s][info][gc,stats    ]   CWRF: <total>                     320 us
[2064.495s][info][gc,stats    ]   CWRF: Weak References             320 us, workers (us): 175, 145, ---, ---, 
[2064.495s][info][gc,stats    ] Concurrent Weak Roots               929 us
[2064.495s][info][gc,stats    ]   Roots                             866 us, parallelism: 1.80x
[2064.495s][info][gc,stats    ]     CWR: <total>                   1558 us
[2064.495s][info][gc,stats    ]     CWR: VM Weak Roots             1558 us, workers (us): 779, 779, ---, ---, 
[2064.495s][info][gc,stats    ]   Rendezvous                         28 us
[2064.495s][info][gc,stats    ] Concurrent Cleanup                   55 us
[2064.495s][info][gc,stats    ] Concurrent Strong Roots            8356 us, parallelism: 1.96x
[2064.495s][info][gc,stats    ]   CSR: <total>                    16394 us
[2064.495s][info][gc,stats    ]   CSR: Code Cache Roots           16006 us, workers (us): 8214, 7792, ---, ---, 
[2064.495s][info][gc,stats    ]   CSR: VM Strong Roots               10 us, workers (us):   6,   4, ---, ---, 
[2064.495s][info][gc,stats    ]   CSR: CLDG Roots                   378 us, workers (us): ---, 378, ---, ---, 
[2064.495s][info][gc,stats    ] Concurrent Evacuation             47324 us
[2064.495s][info][gc,stats    ] Pause Init Update Refs (G)          109 us
[2064.495s][info][gc,stats    ] Pause Init Update Refs (N)           55 us
[2064.495s][info][gc,stats    ]   Manage GCLABs                       5 us
[2064.495s][info][gc,stats    ] Concurrent Update Refs           153556 us
[2064.495s][info][gc,stats    ] Concurrent Update Thread Roots     1422 us
[2064.495s][info][gc,stats    ] Pause Final Update Refs (G)         167 us
[2064.495s][info][gc,stats    ] Pause Final Update Refs (N)         135 us
[2064.495s][info][gc,stats    ]   Update Region States               39 us
[2064.495s][info][gc,stats    ]   Trash Collection Set               15 us
[2064.495s][info][gc,stats    ]   Rebuild Free Set                   11 us
[2064.495s][info][gc,stats    ] Concurrent Cleanup                   70 us
[2064.495s][info][gc,stats    ] 
[2064.495s][info][gc,stats    ] Allocation pacing accrued:
[2064.495s][info][gc,stats    ]       0 of  9060 ms (  0.0%): <total>
[2064.495s][info][gc,stats    ]       0 of  9060 ms (  0.0%): <average total>
[2064.495s][info][gc,stats    ] 
[2064.495s][info][gc,metaspace] Metaspace: 136418K(137856K)->136418K(137856K) NonClass: 115345K(116160K)->115345K(116160K) Class: 21072K(21696K)->21072K(21696K)
[2064.495s][info][gc,ergo     ] Pacer for Idle. Initial: 163M, Alloc Tax Rate: 1.0x
[2074.517s][info][gc          ] Trigger: Average GC time (558.61 ms) is above the time for average allocation rate (787 MB/s) to deplete free headroom (433M) (margin of error = 1.98)
[2074.517s][info][gc,ergo     ] Free headroom: 842M (free) - 409M (spike) - 0B (penalties) = 433M
[2074.517s][info][gc,ergo     ] Free: 842M, Max: 4096K regular, 276M humongous, Frag: 67% external, 1% internal; Reserve: 412M, Max: 4096K
[2074.517s][info][gc,start    ] GC(209) Concurrent reset
[2074.517s][info][gc,task     ] GC(209) Using 2 of 4 workers for concurrent reset
[2074.517s][info][gc,ergo     ] GC(209) Pacer for Reset. Non-Taxable: 8192M
[2074.535s][info][gc          ] GC(209) Concurrent reset 17.867ms
[2074.535s][info][gc,start    ] GC(209) Pause Init Mark
[2074.535s][info][gc,task     ] GC(209) Using 4 of 4 workers for init marking
[2074.536s][info][gc,ergo     ] GC(209) Pacer for Mark. Expected Live: 485M, Free: 830M, Non-Taxable: 85087K, Alloc Tax Rate: 0.7x
[2074.536s][info][gc          ] GC(209) Pause Init Mark 0.335ms
[2074.536s][info][gc,start    ] GC(209) Concurrent marking roots
[2074.536s][info][gc,task     ] GC(209) Using 2 of 4 workers for concurrent marking roots
[2074.546s][info][gc          ] GC(209) Concurrent marking roots 9.789ms
[2074.546s][info][gc,start    ] GC(209) Concurrent marking
[2074.546s][info][gc,task     ] GC(209) Using 2 of 4 workers for concurrent marking
[2074.783s][info][gc          ] GC(209) Concurrent marking 236.886ms
[2074.783s][info][gc,start    ] GC(209) Pause Final Mark
[2074.783s][info][gc,task     ] GC(209) Using 4 of 4 workers for final marking
[2074.783s][info][gc,ergo     ] GC(209) Adaptive CSet Selection. Target Free: 1160M, Actual Free: 2008M, Max CSet: 341M, Min Garbage: 0B
[2074.783s][info][gc,ergo     ] GC(209) Collectable Garbage: 6428M (99%), Immediate: 904M (13%), CSet: 5524M (85%)
[2074.783s][info][gc,ergo     ] GC(209) Pacer for Evacuation. Used CSet: 5627M, Free: 1614M, Non-Taxable: 161M, Alloc Tax Rate: 8.5x
[2074.783s][info][gc          ] GC(209) Pause Final Mark 0.349ms
[2074.783s][info][gc,start    ] GC(209) Concurrent thread roots
[2074.783s][info][gc,task     ] GC(209) Using 2 of 4 workers for Concurrent thread roots
[2074.784s][info][gc          ] GC(209) Concurrent thread roots 0.884ms
[2074.784s][info][gc,start    ] GC(209) Concurrent weak references
[2074.784s][info][gc,task     ] GC(209) Using 2 of 4 workers for concurrent weak references
[2074.784s][info][gc,ref      ] GC(209) Encountered references: Soft: 6557, Weak: 23727, Final: 34, Phantom: 1429
[2074.784s][info][gc,ref      ] GC(209) Discovered  references: Soft: 0, Weak: 12382, Final: 0, Phantom: 1047
[2074.785s][info][gc,ref      ] GC(209) Enqueued    references: Soft: 0, Weak: 4, Final: 0, Phantom: 0
[2074.785s][info][gc          ] GC(209) Concurrent weak references 0.624ms
[2074.785s][info][gc,start    ] GC(209) Concurrent weak roots
[2074.785s][info][gc,task     ] GC(209) Using 2 of 4 workers for concurrent weak root
[2074.785s][info][gc          ] GC(209) Concurrent weak roots 0.881ms
[2074.785s][info][gc,start    ] GC(209) Concurrent cleanup
[2074.785s][info][gc          ] GC(209) Concurrent cleanup 7077M->6173M(8192M) 0.026ms
[2074.785s][info][gc,ergo     ] GC(209) Free: 1606M, Max: 4096K regular, 276M humongous, Frag: 83% external, 0% internal; Reserve: 411M, Max: 4096K
[2074.785s][info][gc,start    ] GC(209) Concurrent strong roots
[2074.786s][info][gc,task     ] GC(209) Using 2 of 4 workers for concurrent strong root
[2074.791s][info][gc          ] GC(209) Concurrent strong roots 5.776ms
[2074.791s][info][gc,start    ] GC(209) Concurrent evacuation
[2074.791s][info][gc,task     ] GC(209) Using 2 of 4 workers for concurrent evacuation
[2074.843s][info][gc          ] GC(209) Concurrent evacuation 51.923ms
[2074.843s][info][gc,start    ] GC(209) Pause Init Update Refs
[2074.843s][info][gc,ergo     ] GC(209) Pacer for Update Refs. Used: 6297M, Free: 1590M, Non-Taxable: 159M, Alloc Tax Rate: 4.8x
[2074.843s][info][gc          ] GC(209) Pause Init Update Refs 0.051ms
[2074.843s][info][gc,start    ] GC(209) Concurrent update references
[2074.843s][info][gc,task     ] GC(209) Using 2 of 4 workers for concurrent reference update
[2074.987s][info][gc          ] GC(209) Concurrent update references 143.797ms
[2074.987s][info][gc,start    ] GC(209) Concurrent update thread roots
[2074.989s][info][gc          ] GC(209) Concurrent update thread roots 1.535ms
[2074.989s][info][gc,start    ] GC(209) Pause Final Update Refs
[2074.989s][info][gc,task     ] GC(209) Using 4 of 4 workers for final reference update
[2074.989s][info][gc          ] GC(209) Pause Final Update Refs 0.107ms
[2074.989s][info][gc,start    ] GC(209) Concurrent cleanup
[2074.989s][info][gc          ] GC(209) Concurrent cleanup 6365M->737M(8192M) 0.066ms
[2074.989s][info][gc,ergo     ] Free: 7042M, Max: 4096K regular, 4300M humongous, Frag: 39% external, 0% internal; Reserve: 412M, Max: 4096K
[2074.989s][info][gc,stats    ] 
[2074.989s][info][gc,stats    ] All times are wall-clock times, except per-root-class counters, that are sum over
[2074.989s][info][gc,stats    ] all workers. Dividing the <total> over the root stage time estimates parallelism.
[2074.989s][info][gc,stats    ] 
[2074.989s][info][gc,stats    ] Concurrent Reset                  18034 us
[2074.989s][info][gc,stats    ] Pause Init Mark (G)                 491 us
[2074.989s][info][gc,stats    ] Pause Init Mark (N)                 349 us
[2074.989s][info][gc,stats    ]   Update Region States              170 us
[2074.989s][info][gc,stats    ] Concurrent Mark Roots              9829 us, parallelism: 1.88x
[2074.989s][info][gc,stats    ]   CMR: <total>                    18487 us
[2074.989s][info][gc,stats    ]   CMR: Thread Roots                1392 us, workers (us): 717, 675, ---, ---, 
[2074.989s][info][gc,stats    ]   CMR: Code Cache Roots           15525 us, workers (us): 6969, 8556, ---, ---, 
[2074.989s][info][gc,stats    ]   CMR: VM Strong Roots               24 us, workers (us):  24,   0, ---, ---, 
[2074.989s][info][gc,stats    ]   CMR: CLDG Roots                  1546 us, workers (us): 1546, ---, ---, ---, 
[2074.989s][info][gc,stats    ] Concurrent Marking               236932 us
[2074.989s][info][gc,stats    ] Pause Final Mark (G)                414 us
[2074.989s][info][gc,stats    ] Pause Final Mark (N)                360 us
[2074.989s][info][gc,stats    ]   Finish Mark                        76 us
[2074.989s][info][gc,stats    ]   Update Region States               46 us
[2074.989s][info][gc,stats    ]   Choose Collection Set             162 us
[2074.989s][info][gc,stats    ]   Rebuild Free Set                    9 us
[2074.989s][info][gc,stats    ] Concurrent Thread Roots             903 us, parallelism: 1.83x
[2074.989s][info][gc,stats    ]   CTR: <total>                     1651 us
[2074.989s][info][gc,stats    ]   CTR: Thread Roots                1651 us, workers (us): 842, 809, ---, ---, 
[2074.989s][info][gc,stats    ] Concurrent Weak References          635 us, parallelism: 1.00x
[2074.989s][info][gc,stats    ]   CWRF: <total>                     636 us
[2074.989s][info][gc,stats    ]   CWRF: Weak References             636 us, workers (us):  89, 547, ---, ---, 
[2074.989s][info][gc,stats    ] Concurrent Weak Roots               898 us
[2074.989s][info][gc,stats    ]   Roots                             834 us, parallelism: 1.80x
[2074.989s][info][gc,stats    ]     CWR: <total>                   1497 us
[2074.989s][info][gc,stats    ]     CWR: VM Weak Roots             1497 us, workers (us): 750, 747, ---, ---, 
[2074.989s][info][gc,stats    ]   Rendezvous                         22 us
[2074.989s][info][gc,stats    ] Concurrent Cleanup                   38 us
[2074.989s][info][gc,stats    ] Concurrent Strong Roots            5797 us, parallelism: 1.96x
[2074.989s][info][gc,stats    ]   CSR: <total>                    11361 us
[2074.989s][info][gc,stats    ]   CSR: Code Cache Roots           11121 us, workers (us): 5423, 5697, ---, ---, 
[2074.990s][info][gc,stats    ]   CSR: VM Strong Roots                8 us, workers (us):   4,   4, ---, ---, 
[2074.990s][info][gc,stats    ]   CSR: CLDG Roots                   232 us, workers (us): 232, ---, ---, ---, 
[2074.990s][info][gc,stats    ] Concurrent Evacuation             51991 us
[2074.990s][info][gc,stats    ] Pause Init Update Refs (G)          145 us
[2074.990s][info][gc,stats    ] Pause Init Update Refs (N)           62 us
[2074.990s][info][gc,stats    ]   Manage GCLABs                       9 us
[2074.990s][info][gc,stats    ] Concurrent Update Refs           143870 us
[2074.990s][info][gc,stats    ] Concurrent Update Thread Roots     1552 us
[2074.990s][info][gc,stats    ] Pause Final Update Refs (G)         151 us
[2074.990s][info][gc,stats    ] Pause Final Update Refs (N)         122 us
[2074.990s][info][gc,stats    ]   Update Region States               43 us
[2074.990s][info][gc,stats    ]   Trash Collection Set               15 us
[2074.990s][info][gc,stats    ]   Rebuild Free Set                   10 us
[2074.990s][info][gc,stats    ] Concurrent Cleanup                   79 us
[2074.990s][info][gc,stats    ] 
[2074.990s][info][gc,stats    ] Allocation pacing accrued:
[2074.990s][info][gc,stats    ]       0 of 10495 ms (  0.0%): <total>
[2074.990s][info][gc,stats    ]       0 of 10495 ms (  0.0%): <average total>
[2074.990s][info][gc,stats    ] 
[2074.990s][info][gc,metaspace] Metaspace: 136418K(137856K)->136418K(137856K) NonClass: 115346K(116160K)->115346K(116160K) Class: 21072K(21696K)->21072K(21696K)
[2074.990s][info][gc,ergo     ] Pacer for Idle. Initial: 163M, Alloc Tax Rate: 1.0x
[2083.769s][info][gc          ] Trigger: Free (818M) is below minimum threshold (819M)
[2083.769s][info][gc,ergo     ] Free: 818M, Max: 4096K regular, 276M humongous, Frag: 66% external, 0% internal; Reserve: 412M, Max: 4096K
[2083.769s][info][gc,start    ] GC(210) Concurrent reset
[2083.769s][info][gc,task     ] GC(210) Using 2 of 4 workers for concurrent reset
[2083.769s][info][gc,ergo     ] GC(210) Pacer for Reset. Non-Taxable: 8192M
[2083.796s][info][gc          ] GC(210) Concurrent reset 26.987ms
[2083.796s][info][gc,start    ] GC(210) Pause Init Mark
[2083.796s][info][gc,task     ] GC(210) Using 4 of 4 workers for init marking
[2083.796s][info][gc,ergo     ] GC(210) Pacer for Mark. Expected Live: 484M, Free: 814M, Non-Taxable: 83412K, Alloc Tax Rate: 0.7x
[2083.796s][info][gc          ] GC(210) Pause Init Mark 0.149ms
[2083.796s][info][gc,start    ] GC(210) Concurrent marking roots
[2083.796s][info][gc,task     ] GC(210) Using 2 of 4 workers for concurrent marking roots
[2083.807s][info][gc          ] GC(210) Concurrent marking roots 10.830ms
[2083.807s][info][gc,start    ] GC(210) Concurrent marking
[2083.807s][info][gc,task     ] GC(210) Using 2 of 4 workers for concurrent marking
[2084.061s][info][gc          ] GC(210) Concurrent marking 254.275ms
[2084.061s][info][gc,start    ] GC(210) Pause Final Mark
[2084.061s][info][gc,task     ] GC(210) Using 4 of 4 workers for final marking
[2084.061s][info][gc,ergo     ] GC(210) Adaptive CSet Selection. Target Free: 1160M, Actual Free: 3624M, Max CSet: 341M, Min Garbage: 0B
[2084.062s][info][gc,ergo     ] GC(210) Collectable Garbage: 6460M (99%), Immediate: 2572M (39%), CSet: 3888M (59%)
[2084.062s][info][gc,ergo     ] GC(210) Pacer for Evacuation. Used CSet: 3976M, Free: 3230M, Non-Taxable: 323M, Alloc Tax Rate: 3.0x
[2084.062s][info][gc          ] GC(210) Pause Final Mark 0.352ms
[2084.062s][info][gc,start    ] GC(210) Concurrent thread roots
[2084.062s][info][gc,task     ] GC(210) Using 2 of 4 workers for Concurrent thread roots
[2084.063s][info][gc          ] GC(210) Concurrent thread roots 0.971ms
[2084.063s][info][gc,start    ] GC(210) Concurrent weak references
[2084.063s][info][gc,task     ] GC(210) Using 2 of 4 workers for concurrent weak references
[2084.063s][info][gc,ref      ] GC(210) Encountered references: Soft: 6557, Weak: 23728, Final: 34, Phantom: 1435
[2084.063s][info][gc,ref      ] GC(210) Discovered  references: Soft: 0, Weak: 11633, Final: 0, Phantom: 1048
[2084.063s][info][gc,ref      ] GC(210) Enqueued    references: Soft: 0, Weak: 3, Final: 0, Phantom: 0
[2084.063s][info][gc          ] GC(210) Concurrent weak references 0.608ms
[2084.063s][info][gc,start    ] GC(210) Concurrent weak roots
[2084.063s][info][gc,task     ] GC(210) Using 2 of 4 workers for concurrent weak root
[2084.064s][info][gc          ] GC(210) Concurrent weak roots 1.114ms
[2084.064s][info][gc,start    ] GC(210) Concurrent cleanup
[2084.064s][info][gc          ] GC(210) Concurrent cleanup 7130M->4558M(8192M) 0.044ms
[2084.064s][info][gc,ergo     ] GC(210) Free: 3221M, Max: 4096K regular, 276M humongous, Frag: 92% external, 0% internal; Reserve: 411M, Max: 4096K
[2084.064s][info][gc,start    ] GC(210) Concurrent strong roots
[2084.064s][info][gc,task     ] GC(210) Using 2 of 4 workers for concurrent strong root
[2084.072s][info][gc          ] GC(210) Concurrent strong roots 7.330ms
[2084.072s][info][gc,start    ] GC(210) Concurrent evacuation
[2084.072s][info][gc,task     ] GC(210) Using 2 of 4 workers for concurrent evacuation
[2084.130s][info][gc          ] GC(210) Concurrent evacuation 57.682ms
[2084.130s][info][gc,start    ] GC(210) Pause Init Update Refs
[2084.130s][info][gc,ergo     ] GC(210) Pacer for Update Refs. Used: 4694M, Free: 3177M, Non-Taxable: 317M, Alloc Tax Rate: 1.8x
[2084.130s][info][gc          ] GC(210) Pause Init Update Refs 0.044ms
[2084.130s][info][gc,start    ] GC(210) Concurrent update references
[2084.130s][info][gc,task     ] GC(210) Using 2 of 4 workers for concurrent reference update
[2084.287s][info][gc          ] GC(210) Concurrent update references 157.386ms
[2084.287s][info][gc,start    ] GC(210) Concurrent update thread roots
[2084.289s][info][gc          ] GC(210) Concurrent update thread roots 1.409ms
[2084.289s][info][gc,start    ] GC(210) Pause Final Update Refs
[2084.289s][info][gc,task     ] GC(210) Using 4 of 4 workers for final reference update
[2084.289s][info][gc          ] GC(210) Pause Final Update Refs 0.138ms
[2084.289s][info][gc,start    ] GC(210) Concurrent cleanup
[2084.289s][info][gc          ] GC(210) Concurrent cleanup 4758M->782M(8192M) 0.061ms
[2084.289s][info][gc,ergo     ] Free: 6997M, Max: 4096K regular, 4300M humongous, Frag: 39% external, 0% internal; Reserve: 412M, Max: 4096K
[2084.289s][info][gc,stats    ] 
[2084.289s][info][gc,stats    ] All times are wall-clock times, except per-root-class counters, that are sum over
[2084.289s][info][gc,stats    ] all workers. Dividing the <total> over the root stage time estimates parallelism.
[2084.289s][info][gc,stats    ] 
[2084.289s][info][gc,stats    ] Concurrent Reset                  27109 us
[2084.289s][info][gc,stats    ] Pause Init Mark (G)                 299 us
[2084.289s][info][gc,stats    ] Pause Init Mark (N)                 162 us
[2084.289s][info][gc,stats    ]   Update Region States               61 us
[2084.289s][info][gc,stats    ] Concurrent Mark Roots             10876 us, parallelism: 1.95x
[2084.289s][info][gc,stats    ]   CMR: <total>                    21163 us
[2084.289s][info][gc,stats    ]   CMR: Thread Roots                1545 us, workers (us): 780, 765, ---, ---, 
[2084.289s][info][gc,stats    ]   CMR: Code Cache Roots           18664 us, workers (us): 8867, 9797, ---, ---, 
[2084.289s][info][gc,stats    ]   CMR: VM Strong Roots               13 us, workers (us):  13,   0, ---, ---, 
[2084.289s][info][gc,stats    ]   CMR: CLDG Roots                   940 us, workers (us): 940, ---, ---, ---, 
[2084.289s][info][gc,stats    ] Concurrent Marking               254313 us
[2084.289s][info][gc,stats    ] Pause Final Mark (G)                457 us
[2084.289s][info][gc,stats    ] Pause Final Mark (N)                363 us
[2084.289s][info][gc,stats    ]   Finish Mark                        81 us
[2084.289s][info][gc,stats    ]   Update Region States               65 us
[2084.289s][info][gc,stats    ]   Choose Collection Set             137 us
[2084.289s][info][gc,stats    ]   Rebuild Free Set                   11 us
[2084.289s][info][gc,stats    ] Concurrent Thread Roots             993 us, parallelism: 1.83x
[2084.289s][info][gc,stats    ]   CTR: <total>                     1821 us
[2084.289s][info][gc,stats    ]   CTR: Thread Roots                1821 us, workers (us): 930, 892, ---, ---, 
[2084.289s][info][gc,stats    ] Concurrent Weak References          618 us, parallelism: 0.92x
[2084.289s][info][gc,stats    ]   CWRF: <total>                     567 us
[2084.289s][info][gc,stats    ]   CWRF: Weak References             567 us, workers (us):  53, 514, ---, ---, 
[2084.289s][info][gc,stats    ] Concurrent Weak Roots              1137 us
[2084.289s][info][gc,stats    ]   Roots                             962 us, parallelism: 1.78x
[2084.289s][info][gc,stats    ]     CWR: <total>                   1707 us
[2084.289s][info][gc,stats    ]     CWR: VM Weak Roots             1707 us, workers (us): 868, 839, ---, ---, 
[2084.289s][info][gc,stats    ]   Rendezvous                        131 us
[2084.289s][info][gc,stats    ] Concurrent Cleanup                   57 us
[2084.289s][info][gc,stats    ] Concurrent Strong Roots            7377 us, parallelism: 1.96x
[2084.289s][info][gc,stats    ]   CSR: <total>                    14429 us
[2084.289s][info][gc,stats    ]   CSR: Code Cache Roots           13891 us, workers (us): 6677, 7214, ---, ---, 
[2084.289s][info][gc,stats    ]   CSR: VM Strong Roots                9 us, workers (us):   9,   0, ---, ---, 
[2084.289s][info][gc,stats    ]   CSR: CLDG Roots                   528 us, workers (us): 528, ---, ---, ---, 
[2084.289s][info][gc,stats    ] Concurrent Evacuation             57729 us
[2084.289s][info][gc,stats    ] Pause Init Update Refs (G)          108 us
[2084.289s][info][gc,stats    ] Pause Init Update Refs (N)           55 us
[2084.289s][info][gc,stats    ]   Manage GCLABs                       6 us
[2084.289s][info][gc,stats    ] Concurrent Update Refs           157422 us
[2084.289s][info][gc,stats    ] Concurrent Update Thread Roots     1433 us
[2084.289s][info][gc,stats    ] Pause Final Update Refs (G)         212 us
[2084.289s][info][gc,stats    ] Pause Final Update Refs (N)         160 us
[2084.289s][info][gc,stats    ]   Update Region States               72 us
[2084.289s][info][gc,stats    ]   Trash Collection Set               16 us
[2084.289s][info][gc,stats    ]   Rebuild Free Set                   12 us
[2084.289s][info][gc,stats    ] Concurrent Cleanup                   76 us
[2084.289s][info][gc,stats    ] 
[2084.289s][info][gc,stats    ] Allocation pacing accrued:
[2084.289s][info][gc,stats    ]       0 of  9300 ms (  0.0%): <total>
[2084.289s][info][gc,stats    ]       0 of  9300 ms (  0.0%): <average total>
[2084.289s][info][gc,stats    ] 
[2084.289s][info][gc,metaspace] Metaspace: 136418K(137856K)->136418K(137856K) NonClass: 115346K(116160K)->115346K(116160K) Class: 21072K(21696K)->21072K(21696K)
[2084.289s][info][gc,ergo     ] Pacer for Idle. Initial: 163M, Alloc Tax Rate: 1.0x
[2094.299s][info][gc          ] Trigger: Free (817M) is below minimum threshold (819M)
[2094.300s][info][gc,ergo     ] Free: 817M, Max: 4096K regular, 276M humongous, Frag: 66% external, 0% internal; Reserve: 412M, Max: 4096K
[2094.300s][info][gc,start    ] GC(211) Concurrent reset
[2094.300s][info][gc,task     ] GC(211) Using 2 of 4 workers for concurrent reset
[2094.300s][info][gc,ergo     ] GC(211) Pacer for Reset. Non-Taxable: 8192M
[2094.312s][info][gc          ] GC(211) Concurrent reset 12.328ms
[2094.312s][info][gc,start    ] GC(211) Pause Init Mark
[2094.312s][info][gc,task     ] GC(211) Using 4 of 4 workers for init marking
